OpenROAD 26Q2-1164-g08f67ee5ec 
Features included (+) or not (-): +GPU +GUI +Python
This program is licensed under the BSD-3 license. See the LICENSE file for details.
Components of this program may be licensed under more restrictive licenses which must be honored.
[INFO ORD-0030] Using 4 thread(s).
mkdir -p ./objects/nangate45/s5378/phase0c_f3e7b516a_s13_k4_B0_29d7aedf_7f655d61
/root/pact-deps/OpenROAD-flow-scripts/flow/scripts/flow.sh 4_1_cts cts
Running cts.tcl, stage 4_1_cts
read_liberty /root/pact-deps/OpenROAD-flow-scripts/flow/platforms/nangate45/lib/NangateOpenCellLibrary_typical.lib
read_db ./results/nangate45/s5378/phase0c_f3e7b516a_s13_k4_B0_29d7aedf_7f655d61/3_place.odb
read_sdc ./results/nangate45/s5378/phase0c_f3e7b516a_s13_k4_B0_29d7aedf_7f655d61/3_place.sdc
source /root/pact-deps/OpenROAD-flow-scripts/flow/platforms/nangate45/setRC.tcl
clock_tree_synthesis -sink_clustering_enable -repair_clock_nets
[INFO CTS-0050] Root buffer is CLKBUF_X3.
[INFO CTS-0051] Sink buffer is CLKBUF_X3.
[INFO CTS-0052] The following clock buffers will be used for CTS:
                    CLKBUF_X3
[INFO CTS-0049] Characterization buffer is CLKBUF_X3.
[INFO CTS-0007] Net "CK" found for clock "clk".
[INFO CTS-0010]  Clock net "CK" has 179 sinks.
[INFO CTS-0008] TritonCTS found 1 clock nets.
[INFO CTS-0097] Characterization used 1 buffer(s) types.
[INFO CTS-0201] 0 blockages from hard placement blockages and placed macros will be used.
[INFO CTS-0027] Generating H-Tree topology for net CK.
[INFO CTS-0028]  Total number of sinks: 179.
[INFO CTS-0090]  Sinks will be clustered based on buffer max cap.
[INFO CTS-0030]  Number of static layers: 0.
[INFO CTS-0020]  Wire segment unit: 14000  dbu (7 um).
[INFO CTS-0023]  Original sink region: [(6905, 20600), (164985, 158600)].
[INFO CTS-0024]  Normalized sink region: [(0.493214, 1.47143), (11.7846, 11.3286)].
[INFO CTS-0025]     Width:  11.2914.
[INFO CTS-0026]     Height: 9.8571.
 Level 1
    Direction: Horizontal
    Sinks per sub-region: 90
    Sub-region size: 5.6457 X 9.8571
[INFO CTS-0034]     Segment length (rounded): 2.
 Level 2
    Direction: Vertical
    Sinks per sub-region: 45
    Sub-region size: 5.6457 X 4.9286
[INFO CTS-0034]     Segment length (rounded): 2.
 Level 3
    Direction: Horizontal
    Sinks per sub-region: 23
    Sub-region size: 2.8229 X 4.9286
[INFO CTS-0034]     Segment length (rounded): 1.
 Level 4
    Direction: Vertical
    Sinks per sub-region: 12
    Sub-region size: 2.8229 X 2.4643
[INFO CTS-0034]     Segment length (rounded): 1.
[INFO CTS-0032]  Stop criterion found. Max number of sinks is 15.
[INFO CTS-0035]  Number of sinks covered: 179.
[INFO CTS-0018]     Created 17 clock buffers.
[INFO CTS-0012]     Minimum number of buffers in the clock path: 2.
[INFO CTS-0013]     Maximum number of buffers in the clock path: 2.
[INFO CTS-0015]     Created 17 clock nets.
[INFO CTS-0016]     Fanout distribution for the current clock = 6:1, 7:2, 9:4, 10:1, 11:1, 12:3, 13:1, 15:1, 16:1, 22:1..
[INFO CTS-0017]     Max level of the clock tree: 4.
[INFO CTS-0098] Clock net "CK"
[INFO CTS-0099]  Sinks 194
[INFO CTS-0100]  Leaf buffers 0
[INFO CTS-0101]  Average sink wire length 117.22 um
[INFO CTS-0102]  Path depth 2 - 2
[INFO CTS-0207]  Dummy loads inserted 15
estimate_parasitics -placement
detailed_placement
[INFO DPL-0006] Core area: 6921.05 um^2, Instances area: 2568.50 um^2, Utilization: 37.1%
[INFO DPL-0005] Diamond search max displacement: +/- 500 sites horizontally, +/- 100 rows vertically.
[INFO DPL-1101] Legalizing using diamond search.
Movements Summary
---------------------------------------
Total cells:                    1927
Diamond Move Success:           1927 (100.00%)
Diamond Move Failure:              0
Rip-up and replace Success:        0 (  0.00% of diamond failures)
Rip-up and replace Failure:        0
Total Placement Failures:          0
---------------------------------------
Placement Analysis
---------------------------------
total displacement         81.8 u
average displacement        0.0 u
max displacement            2.9 u
original HPWL           23573.9 u
legalized HPWL          23617.6 u
delta HPWL                    0 %

estimate_parasitics -placement
repair_timing -setup_margin 0 -hold_margin 0 -repair_tns 100 -verbose
[INFO RSZ-0100] Repair move sequence: UnbufferMove SizeUpMove SwapPinsMove BufferMove CloneMove SplitLoadMove 
[INFO RSZ-0098] No setup violations found
[INFO RSZ-0046] Found 90 endpoints with hold violations.
Iteration | Resized | Buffers | Cloned Gates |   Area   |   WNS   |   TNS   | Endpoint
--------------------------------------------------------------------------------------
        0 |       0 |       0 |            0 |    +0.0% |  -0.087 |  -2.388 | U_n673gat/SI
       10 |       0 |      14 |            0 |    +0.4% |  -0.067 |  -1.768 | U_n341gat/D
       20 |       0 |      25 |            0 |    +0.8% |  -0.058 |  -0.964 | U_n491gat/D
       30 |       0 |      31 |            0 |    +1.0% |  -0.035 |  -0.612 | U_n673gat/SI
       40 |       0 |      35 |            0 |    +1.1% |  -0.035 |  -0.412 | U_n673gat/SI
       50 |       0 |      38 |            0 |    +1.2% |  -0.035 |  -0.313 | U_n673gat/SI
       60 |       0 |      39 |            0 |    +1.2% |  -0.035 |  -0.035 | U_n673gat/SI
       70 |       0 |      39 |            0 |    +1.2% |  -0.035 |  -0.035 | U_n673gat/SI
       80 |       0 |      39 |            0 |    +1.2% |  -0.035 |  -0.035 | U_n673gat/SI
       90 |       0 |      39 |            0 |    +1.2% |  -0.035 |  -0.035 | U_n673gat/SI
    final |       0 |      41 |            0 |    +1.3% |   0.001 |   0.000 | U_n667gat/D
--------------------------------------------------------------------------------------
[INFO RSZ-0032] Inserted 41 hold buffers.
detailed_placement
[INFO DPL-0006] Core area: 6921.05 um^2, Instances area: 2601.21 um^2, Utilization: 37.6%
[INFO DPL-0005] Diamond search max displacement: +/- 500 sites horizontally, +/- 100 rows vertically.
[INFO DPL-1101] Legalizing using diamond search.
Movements Summary
---------------------------------------
Total cells:                    1968
Diamond Move Success:           1968 (100.00%)
Diamond Move Failure:              0
Rip-up and replace Success:        0 (  0.00% of diamond failures)
Rip-up and replace Failure:        0
Total Placement Failures:          0
---------------------------------------
Placement Analysis
---------------------------------
total displacement         40.9 u
average displacement        0.0 u
max displacement            2.8 u
original HPWL           23882.1 u
legalized HPWL          23899.3 u
delta HPWL                    0 %

estimate_parasitics -placement
Report metrics stage 4, cts final...

==========================================================================
cts final report_design_area
--------------------------------------------------------------------------
Design area 2601 um^2 38% utilization.
write_db ./results/nangate45/s5378/phase0c_f3e7b516a_s13_k4_B0_29d7aedf_7f655d61/4_1_cts.odb
write_sdc -no_timestamp ./results/nangate45/s5378/phase0c_f3e7b516a_s13_k4_B0_29d7aedf_7f655d61/4_cts.sdc
Log                       Ext     Elapsed/s Peak Memory/MB sha1sum result [0:20)
4_1_cts                   .odb            3            148 3e287a3d016046e19aa3
cp ./results/nangate45/s5378/phase0c_f3e7b516a_s13_k4_B0_29d7aedf_7f655d61/4_1_cts.odb ./results/nangate45/s5378/phase0c_f3e7b516a_s13_k4_B0_29d7aedf_7f655d61/4_cts.odb
/root/pact-deps/OpenROAD-flow-scripts/flow/scripts/flow.sh 5_1_grt global_route
Running global_route.tcl, stage 5_1_grt
read_liberty /root/pact-deps/OpenROAD-flow-scripts/flow/platforms/nangate45/lib/NangateOpenCellLibrary_typical.lib
read_db ./results/nangate45/s5378/phase0c_f3e7b516a_s13_k4_B0_29d7aedf_7f655d61/4_cts.odb
read_sdc ./results/nangate45/s5378/phase0c_f3e7b516a_s13_k4_B0_29d7aedf_7f655d61/4_cts.sdc
source /root/pact-deps/OpenROAD-flow-scripts/flow/platforms/nangate45/setRC.tcl
pin_access
[INFO DRT-0149] Reading tech and libs.

Units:                2000
Number of layers:     21
Number of macros:     135
Number of vias:       33
Number of viarulegen: 19

[INFO DRT-0150] Reading design.

Design:                   s5378
Die area:                 ( 0 0 ) ( 171970 171970 )
Number of track patterns: 20
Number of DEF vias:       0
Number of components:     2086
Number of terminals:      96
Number of snets:          2
Number of nets:           1994

[INFO DRT-0167] List of default vias:
  Layer via2
    default via: via2_5
  Layer via3
    default via: via3_2
  Layer via4
    default via: via4_0
  Layer via5
    default via: via5_0
  Layer via6
    default via: via6_0
  Layer via7
    default via: via7_0
  Layer via8
    default via: via8_0
  Layer via9
    default via: via9_0
[INFO DRT-0162] Library cell analysis.
[INFO DRT-0163] Instance analysis.
[INFO DRT-0164] Number of unique instances = 32.
[INFO DRT-0168] Init region query.
[INFO DRT-0024]   Complete active.
[INFO DRT-0024]   Complete Fr_VIA.
[INFO DRT-0024]   Complete metal1.
[INFO DRT-0024]   Complete via1.
[INFO DRT-0024]   Complete metal2.
[INFO DRT-0024]   Complete via2.
[INFO DRT-0024]   Complete metal3.
[INFO DRT-0024]   Complete via3.
[INFO DRT-0024]   Complete metal4.
[INFO DRT-0024]   Complete via4.
[INFO DRT-0024]   Complete metal5.
[INFO DRT-0024]   Complete via5.
[INFO DRT-0024]   Complete metal6.
[INFO DRT-0024]   Complete via6.
[INFO DRT-0024]   Complete metal7.
[INFO DRT-0024]   Complete via7.
[INFO DRT-0024]   Complete metal8.
[INFO DRT-0024]   Complete via8.
[INFO DRT-0024]   Complete metal9.
[INFO DRT-0024]   Complete via9.
[INFO DRT-0024]   Complete metal10.
[INFO DRT-0033] active shape region query size = 0.
[INFO DRT-0033] FR_VIA shape region query size = 0.
[INFO DRT-0033] metal1 shape region query size = 29378.
[INFO DRT-0033] via1 shape region query size = 270.
[INFO DRT-0033] metal2 shape region query size = 180.
[INFO DRT-0033] via2 shape region query size = 270.
[INFO DRT-0033] metal3 shape region query size = 180.
[INFO DRT-0033] via3 shape region query size = 270.
[INFO DRT-0033] metal4 shape region query size = 102.
[INFO DRT-0033] via4 shape region query size = 90.
[INFO DRT-0033] metal5 shape region query size = 69.
[INFO DRT-0033] via5 shape region query size = 90.
[INFO DRT-0033] metal6 shape region query size = 61.
[INFO DRT-0033] via6 shape region query size = 36.
[INFO DRT-0033] metal7 shape region query size = 21.
[INFO DRT-0033] via7 shape region query size = 0.
[INFO DRT-0033] metal8 shape region query size = 0.
[INFO DRT-0033] via8 shape region query size = 0.
[INFO DRT-0033] metal9 shape region query size = 0.
[INFO DRT-0033] via9 shape region query size = 0.
[INFO DRT-0033] metal10 shape region query size = 0.
[INFO DRT-0165] Start pin access.
[INFO DRT-0078]   Complete 152 pins.
[INFO DRT-0081]   Complete 32 unique inst patterns.
[INFO DRT-0084]   Complete 1142 groups.
#scanned instances     = 2086
#unique  instances     = 32
#stdCellGenAp          = 621
#stdCellValidPlanarAp  = 0
#stdCellValidViaAp     = 496
#stdCellPinNoAp        = 0
#stdCellPinCnt         = 5891
#instTermValidViaApCnt = 0
#macroGenAp            = 0
#macroValidPlanarAp    = 0
#macroValidViaAp       = 0
#macroNoAp             = 0
[INFO DRT-0166] Complete pin access.
[INFO DRT-0267] cpu time = 00:00:13, elapsed time = 00:00:03, memory = 116.56 (MB), peak = 116.11 (MB)
set_global_routing_random -seed 13
global_route -congestion_report_file ./reports/nangate45/s5378/phase0c_f3e7b516a_s13_k4_B0_29d7aedf_7f655d61/congestion.rpt -congestion_iterations 30 -congestion_report_iter_step 5 -verbose
[INFO GRT-0020] Min routing layer: metal2
[INFO GRT-0021] Max routing layer: metal10
[INFO GRT-0022] Global adjustment: 0%
[INFO GRT-0023] Grid origin: (0, 0)
[INFO GRT-0088] Layer metal1  Track-Pitch = 0.1400  line-2-Via Pitch: 0.1350
[INFO GRT-0088] Layer metal2  Track-Pitch = 0.1900  line-2-Via Pitch: 0.1400
[INFO GRT-0088] Layer metal3  Track-Pitch = 0.1400  line-2-Via Pitch: 0.1400
[INFO GRT-0088] Layer metal4  Track-Pitch = 0.2800  line-2-Via Pitch: 0.2800
[INFO GRT-0088] Layer metal5  Track-Pitch = 0.2800  line-2-Via Pitch: 0.2800
[INFO GRT-0088] Layer metal6  Track-Pitch = 0.2800  line-2-Via Pitch: 0.2800
[INFO GRT-0088] Layer metal7  Track-Pitch = 0.8000  line-2-Via Pitch: 0.8000
[INFO GRT-0088] Layer metal8  Track-Pitch = 0.8000  line-2-Via Pitch: 0.8000
[INFO GRT-0088] Layer metal9  Track-Pitch = 1.6000  line-2-Via Pitch: 1.6000
[INFO GRT-0088] Layer metal10 Track-Pitch = 1.6000  line-2-Via Pitch: 1.6000
[INFO GRT-0003] Macros: 0
[INFO GRT-0004] Blockages: 0
[INFO GRT-0019] Found 18 clock nets.
[INFO GRT-0001] Minimum degree: 2
[INFO GRT-0002] Maximum degree: 59

[INFO GRT-0053] Routing resources analysis:
          Routing      Original      Derated      Resource
Layer     Direction    Resources     Resources    Reduction (%)
---------------------------------------------------------------
metal1     Horizontal          0             0          0.00%
metal2     Vertical        12818          6032          52.94%
metal3     Horizontal      17709          8695          50.90%
metal4     Vertical         8700          6148          29.33%
metal5     Horizontal       8855          6255          29.36%
metal6     Vertical         8880          6276          29.32%
metal7     Horizontal       2726          1972          27.66%
metal8     Vertical         3103          2233          28.04%
metal9     Horizontal       1537           870          43.40%
metal10    Vertical         1537           870          43.40%
---------------------------------------------------------------

[INFO GRT-0197] Via related to pin nodes: 11469
[INFO GRT-0198] Via related Steiner nodes: 217
[INFO GRT-0199] Via filling finished.
[INFO GRT-0111] Final number of vias: 14943
[INFO GRT-0112] Final usage 3D: 54059

[INFO GRT-0096] Final congestion report:
Layer         Resource        Demand        Usage (%)    Max H / Max V / Total Overflow
---------------------------------------------------------------------------------------
metal1               0             0            0.00%             0 /  0 /  0
metal2            6032          3313           54.92%             0 /  0 /  0
metal3            8695          3796           43.66%             0 /  0 /  0
metal4            6148          1311           21.32%             0 /  0 /  0
metal5            6255           562            8.98%             0 /  0 /  0
metal6            6276           248            3.95%             0 /  0 /  0
metal7            1972             0            0.00%             0 /  0 /  0
metal8            2233             0            0.00%             0 /  0 /  0
metal9             870             0            0.00%             0 /  0 /  0
metal10            870             0            0.00%             0 /  0 /  0
---------------------------------------------------------------------------------------
Total            39351          9230           23.46%             0 /  0 /  0

[INFO GRT-0018] Total wirelength: 40532 um
[INFO GRT-0014] Routed nets: 1994
[INFO GRT-0303] Global routing runtime = 00:00:00
estimate_parasitics -global_routing
Perform buffer insertion and gate resizing...
repair_design -verbose
Iteration |   Area    | Resized | Buffers | Nets repaired | Remaining
---------------------------------------------------------------------
        0 |     +0.0% |       0 |       0 |             0 |      2188
       10 |     +0.0% |       0 |       0 |             0 |      2178
       20 |     +0.0% |       0 |       0 |             0 |      2168
       30 |     +0.0% |       0 |       0 |             0 |      2158
       40 |     +0.0% |       0 |       0 |             0 |      2148
       50 |     +0.0% |       0 |       0 |             0 |      2138
       60 |     +0.0% |       0 |       0 |             0 |      2128
       70 |     +0.0% |       0 |       0 |             0 |      2118
       80 |     +0.0% |       0 |       0 |             0 |      2108
       90 |     +0.0% |       0 |       0 |             0 |      2098
      100 |     +0.0% |       0 |       0 |             0 |      2088
      110 |     +0.0% |       0 |       0 |             0 |      2078
      120 |     +0.0% |       0 |       0 |             0 |      2068
      130 |     +0.0% |       0 |       0 |             0 |      2058
      140 |     +0.0% |       0 |       0 |             0 |      2048
      150 |     +0.0% |       0 |       0 |             0 |      2038
      160 |     +0.0% |       0 |       0 |             0 |      2028
      170 |     +0.0% |       0 |       0 |             0 |      2018
      180 |     +0.0% |       0 |       0 |             0 |      2008
      190 |     +0.0% |       0 |       0 |             0 |      1998
      200 |     +0.0% |       0 |       0 |             0 |      1988
      210 |     +0.0% |       0 |       0 |             0 |      1978
      220 |     +0.0% |       0 |       0 |             0 |      1968
      230 |     +0.0% |       0 |       0 |             0 |      1958
      240 |     +0.0% |       0 |       0 |             0 |      1948
      250 |     +0.0% |       0 |       0 |             0 |      1938
      260 |     +0.0% |       0 |       0 |             0 |      1928
      270 |     +0.0% |       0 |       0 |             0 |      1918
      280 |     +0.0% |       0 |       0 |             0 |      1908
      290 |     +0.0% |       0 |       0 |             0 |      1898
      300 |     +0.0% |       0 |       0 |             0 |      1888
      310 |     +0.0% |       0 |       0 |             0 |      1878
      320 |     +0.0% |       0 |       0 |             0 |      1868
      330 |     +0.0% |       0 |       0 |             0 |      1858
      340 |     +0.0% |       0 |       0 |             0 |      1848
      350 |     +0.0% |       0 |       0 |             0 |      1838
      360 |     +0.0% |       0 |       0 |             0 |      1828
      370 |     +0.0% |       0 |       0 |             0 |      1818
      380 |     +0.0% |       0 |       0 |             0 |      1808
      390 |     +0.0% |       0 |       0 |             0 |      1798
      400 |     +0.0% |       0 |       0 |             0 |      1788
      410 |     +0.0% |       0 |       0 |             0 |      1778
      420 |     +0.0% |       0 |       0 |             0 |      1768
      430 |     +0.0% |       0 |       0 |             0 |      1758
      440 |     +0.0% |       0 |       0 |             0 |      1748
      450 |     +0.0% |       0 |       0 |             0 |      1738
      460 |     +0.0% |       0 |       0 |             0 |      1728
      470 |     +0.0% |       0 |       0 |             0 |      1718
      480 |     +0.0% |       0 |       0 |             0 |      1708
      490 |     +0.0% |       0 |       0 |             0 |      1698
      500 |     +0.0% |       0 |       0 |             0 |      1688
      510 |     +0.0% |       0 |       0 |             0 |      1678
      520 |     +0.0% |       0 |       0 |             0 |      1668
      530 |     +0.0% |       0 |       0 |             0 |      1658
      540 |     +0.0% |       0 |       0 |             0 |      1648
      550 |     +0.0% |       0 |       0 |             0 |      1638
      560 |     +0.0% |       0 |       0 |             0 |      1628
      570 |     +0.0% |       0 |       0 |             0 |      1618
      580 |     +0.0% |       0 |       0 |             0 |      1608
      590 |     +0.0% |       0 |       0 |             0 |      1598
      600 |     +0.0% |       0 |       0 |             0 |      1588
      610 |     +0.0% |       0 |       0 |             0 |      1578
      620 |     +0.0% |       0 |       0 |             0 |      1568
      630 |     +0.0% |       0 |       0 |             0 |      1558
      640 |     +0.0% |       0 |       0 |             0 |      1548
      650 |     +0.0% |       0 |       0 |             0 |      1538
      660 |     +0.0% |       0 |       0 |             0 |      1528
      670 |     +0.0% |       0 |       0 |             0 |      1518
      680 |     +0.0% |       0 |       0 |             0 |      1508
      690 |     +0.0% |       0 |       0 |             0 |      1498
      700 |     +0.0% |       0 |       0 |             0 |      1488
      710 |     +0.0% |       0 |       0 |             0 |      1478
      720 |     +0.0% |       0 |       0 |             0 |      1468
      730 |     +0.0% |       0 |       0 |             0 |      1458
      740 |     +0.0% |       0 |       0 |             0 |      1448
      750 |     +0.0% |       0 |       0 |             0 |      1438
      760 |     +0.0% |       0 |       0 |             0 |      1428
      770 |     +0.0% |       0 |       0 |             0 |      1418
      780 |     +0.0% |       0 |       0 |             0 |      1408
      790 |     +0.0% |       0 |       0 |             0 |      1398
      800 |     +0.0% |       0 |       0 |             0 |      1388
      810 |     +0.0% |       0 |       0 |             0 |      1378
      820 |     +0.0% |       0 |       0 |             0 |      1368
      830 |     +0.0% |       0 |       0 |             0 |      1358
      840 |     +0.0% |       0 |       0 |             0 |      1348
      850 |     +0.0% |       0 |       0 |             0 |      1338
      860 |     +0.0% |       0 |       0 |             0 |      1328
      870 |     +0.0% |       0 |       0 |             0 |      1318
      880 |     +0.0% |       0 |       0 |             0 |      1308
      890 |     +0.0% |       0 |       0 |             0 |      1298
      900 |     +0.0% |       0 |       0 |             0 |      1288
      910 |     +0.0% |       0 |       0 |             0 |      1278
      920 |     +0.0% |       0 |       0 |             0 |      1268
      930 |     +0.0% |       0 |       0 |             0 |      1258
      940 |     +0.0% |       0 |       0 |             0 |      1248
      950 |     +0.0% |       0 |       0 |             0 |      1238
      960 |     +0.0% |       0 |       0 |             0 |      1228
      970 |     +0.0% |       0 |       0 |             0 |      1218
      980 |     +0.0% |       0 |       0 |             0 |      1208
      990 |     +0.0% |       0 |       0 |             0 |      1198
     1000 |     +0.0% |       0 |       0 |             0 |      1188
     1010 |     +0.0% |       0 |       0 |             0 |      1178
     1020 |     +0.0% |       0 |       0 |             0 |      1168
     1030 |     +0.0% |       0 |       0 |             0 |      1158
     1040 |     +0.0% |       0 |       0 |             0 |      1148
     1050 |     +0.0% |       0 |       0 |             0 |      1138
     1060 |     +0.0% |       0 |       0 |             0 |      1128
     1070 |     +0.0% |       0 |       0 |             0 |      1118
     1080 |     +0.0% |       0 |       0 |             0 |      1108
     1090 |     +0.0% |       0 |       0 |             0 |      1098
     1100 |     +0.0% |       0 |       0 |             0 |      1088
     1110 |     +0.0% |       0 |       0 |             0 |      1078
     1120 |     +0.0% |       0 |       0 |             0 |      1068
     1130 |     +0.0% |       0 |       0 |             0 |      1058
     1140 |     +0.0% |       0 |       0 |             0 |      1048
     1150 |     +0.0% |       0 |       0 |             0 |      1038
     1160 |     +0.0% |       0 |       0 |             0 |      1028
     1170 |     +0.0% |       0 |       0 |             0 |      1018
     1180 |     +0.0% |       0 |       0 |             0 |      1008
     1190 |     +0.0% |       0 |       0 |             0 |       998
     1200 |     +0.0% |       0 |       0 |             0 |       988
     1210 |     +0.0% |       0 |       0 |             0 |       978
     1220 |     +0.0% |       0 |       0 |             0 |       968
     1230 |     +0.0% |       0 |       0 |             0 |       958
     1240 |     +0.0% |       0 |       0 |             0 |       948
     1250 |     +0.0% |       0 |       0 |             0 |       938
     1260 |     +0.0% |       0 |       0 |             0 |       928
     1270 |     +0.0% |       0 |       0 |             0 |       918
     1280 |     +0.0% |       0 |       0 |             0 |       908
     1290 |     +0.0% |       0 |       0 |             0 |       898
     1300 |     +0.0% |       0 |       0 |             0 |       888
     1310 |     +0.0% |       0 |       0 |             0 |       878
     1320 |     +0.0% |       0 |       0 |             0 |       868
     1330 |     +0.0% |       0 |       0 |             0 |       858
     1340 |     +0.0% |       0 |       0 |             0 |       848
     1350 |     +0.0% |       0 |       0 |             0 |       838
     1360 |     +0.0% |       0 |       0 |             0 |       828
     1370 |     +0.0% |       0 |       0 |             0 |       818
     1380 |     +0.0% |       0 |       0 |             0 |       808
     1390 |     +0.0% |       0 |       0 |             0 |       798
     1400 |     +0.0% |       0 |       0 |             0 |       788
     1410 |     +0.0% |       0 |       0 |             0 |       778
     1420 |     +0.0% |       0 |       0 |             0 |       768
     1430 |     +0.0% |       0 |       0 |             0 |       758
     1440 |     +0.0% |       0 |       0 |             0 |       748
     1450 |     +0.0% |       0 |       0 |             0 |       738
     1460 |     +0.0% |       0 |       0 |             0 |       728
     1470 |     +0.0% |       0 |       0 |             0 |       718
     1480 |     +0.0% |       0 |       0 |             0 |       708
     1490 |     +0.0% |       0 |       0 |             0 |       698
     1500 |     +0.0% |       0 |       0 |             0 |       688
     1510 |     +0.0% |       0 |       0 |             0 |       678
     1520 |     +0.0% |       0 |       0 |             0 |       668
     1530 |     +0.0% |       0 |       0 |             0 |       658
     1540 |     +0.0% |       0 |       0 |             0 |       648
     1550 |     +0.0% |       0 |       0 |             0 |       638
     1560 |     +0.0% |       0 |       0 |             0 |       628
     1570 |     +0.0% |       0 |       0 |             0 |       618
     1580 |     +0.0% |       0 |       0 |             0 |       608
     1590 |     +0.0% |       0 |       0 |             0 |       598
     1600 |     +0.0% |       0 |       0 |             0 |       588
     1610 |     +0.0% |       0 |       0 |             0 |       578
     1620 |     +0.0% |       0 |       0 |             0 |       568
     1630 |     +0.0% |       0 |       0 |             0 |       558
     1640 |     +0.0% |       0 |       0 |             0 |       548
     1650 |     +0.0% |       0 |       0 |             0 |       538
     1660 |     +0.0% |       0 |       0 |             0 |       528
     1670 |     +0.0% |       0 |       0 |             0 |       518
     1680 |     +0.0% |       0 |       0 |             0 |       508
     1690 |     +0.0% |       0 |       0 |             0 |       498
     1700 |     +0.0% |       0 |       0 |             0 |       488
     1710 |     +0.0% |       0 |       0 |             0 |       478
     1720 |     +0.0% |       0 |       0 |             0 |       468
     1730 |     +0.0% |       0 |       0 |             0 |       458
     1740 |     +0.0% |       0 |       0 |             0 |       448
     1750 |     +0.0% |       0 |       0 |             0 |       438
     1760 |     +0.0% |       0 |       0 |             0 |       428
     1770 |     +0.0% |       0 |       0 |             0 |       418
     1780 |     +0.0% |       0 |       0 |             0 |       408
     1790 |     +0.0% |       0 |       0 |             0 |       398
     1800 |     +0.0% |       0 |       0 |             0 |       388
     1810 |     +0.0% |       0 |       0 |             0 |       378
     1820 |     +0.0% |       0 |       0 |             0 |       368
     1830 |     +0.0% |       0 |       0 |             0 |       358
     1840 |     +0.0% |       0 |       0 |             0 |       348
     1850 |     +0.0% |       0 |       0 |             0 |       338
     1860 |     +0.0% |       0 |       0 |             0 |       328
     1870 |     +0.0% |       0 |       0 |             0 |       318
     1880 |     +0.0% |       0 |       0 |             0 |       308
     1890 |     +0.0% |       0 |       0 |             0 |       298
     1900 |     +0.0% |       0 |       0 |             0 |       288
     1910 |     +0.0% |       0 |       0 |             0 |       278
     1920 |     +0.0% |       0 |       0 |             0 |       268
     1930 |     +0.0% |       0 |       0 |             0 |       258
     1940 |     +0.0% |       0 |       0 |             0 |       248
     1950 |     +0.0% |       0 |       0 |             0 |       238
     1960 |     +0.0% |       0 |       0 |             0 |       228
     1970 |     +0.0% |       0 |       0 |             0 |       218
     1980 |     +0.0% |       0 |       0 |             0 |       208
     1990 |     +0.0% |       0 |       0 |             0 |       198
     2000 |     +0.0% |       0 |       0 |             0 |       188
     2010 |     +0.0% |       0 |       0 |             0 |       178
     2020 |     +0.0% |       0 |       0 |             0 |       168
     2030 |     +0.0% |       0 |       0 |             0 |       158
     2040 |     +0.0% |       0 |       0 |             0 |       148
     2050 |     +0.0% |       0 |       0 |             0 |       138
     2060 |     +0.0% |       0 |       0 |             0 |       128
     2070 |     +0.0% |       0 |       0 |             0 |       118
     2080 |     +0.0% |       0 |       0 |             0 |       108
     2090 |     +0.0% |       0 |       0 |             0 |        98
     2100 |     +0.0% |       0 |       0 |             0 |        88
     2110 |     +0.0% |       0 |       0 |             0 |        78
     2120 |     +0.0% |       0 |       0 |             0 |        68
     2130 |     +0.0% |       0 |       0 |             0 |        58
     2140 |     +0.0% |       0 |       0 |             0 |        48
     2150 |     +0.0% |       0 |       0 |             0 |        38
     2160 |     +0.0% |       0 |       0 |             0 |        28
     2170 |     +0.0% |       0 |       0 |             0 |        18
     2180 |     +0.0% |       0 |       0 |             0 |         8
    final |     +0.0% |       0 |       0 |             0 |         0
---------------------------------------------------------------------
global_route -start_incremental
detailed_placement
[INFO DPL-0006] Core area: 6921.05 um^2, Instances area: 2601.21 um^2, Utilization: 37.6%
[INFO DPL-0005] Diamond search max displacement: +/- 500 sites horizontally, +/- 100 rows vertically.
[INFO DPL-1101] Legalizing using diamond search.
Movements Summary
---------------------------------------
Total cells:                    1968
Diamond Move Success:           1968 (100.00%)
Diamond Move Failure:              0
Rip-up and replace Success:        0 (  0.00% of diamond failures)
Rip-up and replace Failure:        0
Total Placement Failures:          0
---------------------------------------
Placement Analysis
---------------------------------
total displacement          0.0 u
average displacement        0.0 u
max displacement            0.0 u
original HPWL           23899.3 u
legalized HPWL          23899.3 u
delta HPWL                    0 %

global_route -end_incremental -congestion_report_file ./reports/nangate45/s5378/phase0c_f3e7b516a_s13_k4_B0_29d7aedf_7f655d61/congestion_post_repair_design.rpt
Repair setup and hold violations...
estimate_parasitics -global_routing
repair_timing -setup_margin 0 -hold_margin 0 -repair_tns 100 -verbose
[INFO RSZ-0100] Repair move sequence: UnbufferMove SizeUpMove SwapPinsMove BufferMove CloneMove SplitLoadMove 
[INFO RSZ-0098] No setup violations found
[INFO RSZ-0046] Found 1 endpoints with hold violations.
Iteration | Resized | Buffers | Cloned Gates |   Area   |   WNS   |   TNS   | Endpoint
--------------------------------------------------------------------------------------
        0 |       0 |       0 |            0 |    +0.0% |  -0.000 |  -0.000 | U_n667gat/D
    final |       0 |       1 |            0 |    +0.0% |   0.003 |   0.000 | U_n861gat/D
--------------------------------------------------------------------------------------
[INFO RSZ-0032] Inserted 1 hold buffers.
global_route -start_incremental
detailed_placement
[INFO DPL-0006] Core area: 6921.05 um^2, Instances area: 2602.01 um^2, Utilization: 37.6%
[INFO DPL-0005] Diamond search max displacement: +/- 500 sites horizontally, +/- 100 rows vertically.
[INFO DPL-1101] Legalizing using diamond search.
Movements Summary
---------------------------------------
Total cells:                    1969
Diamond Move Success:           1969 (100.00%)
Diamond Move Failure:              0
Rip-up and replace Success:        0 (  0.00% of diamond failures)
Rip-up and replace Failure:        0
Total Placement Failures:          0
---------------------------------------
Placement Analysis
---------------------------------
total displacement          3.6 u
average displacement        0.0 u
max displacement            3.0 u
original HPWL           23899.7 u
legalized HPWL          23905.3 u
delta HPWL                    0 %

check_placement -verbose
global_route -end_incremental -congestion_report_file ./reports/nangate45/s5378/phase0c_f3e7b516a_s13_k4_B0_29d7aedf_7f655d61/congestion_post_repair_timing.rpt
estimate_parasitics -global_routing
global_route -start_incremental
global_route -end_incremental -congestion_report_file ./reports/nangate45/s5378/phase0c_f3e7b516a_s13_k4_B0_29d7aedf_7f655d61/congestion_post_recover_power.rpt
Repair antennas...
[WARNING GRT-0246] No diode with LEF class CORE ANTENNACELL found.
[INFO ANT-0002] Found 0 net violations.
[INFO ANT-0001] Found 0 pin violations.
Estimate parasitics...
estimate_parasitics -global_routing
Report metrics stage 5, global route...

==========================================================================
global route report_design_area
--------------------------------------------------------------------------
Design area 2602 um^2 38% utilization.
[INFO FLW-0007] clock clk period 10.000000
[INFO FLW-0008] Clock clk period 0.899
[INFO FLW-0009] Clock clk slack 9.053
write_sdc -no_timestamp ./results/nangate45/s5378/phase0c_f3e7b516a_s13_k4_B0_29d7aedf_7f655d61/updated_clks.sdc
[INFO FLW-0011] Path endpoint path count 784
write_db ./results/nangate45/s5378/phase0c_f3e7b516a_s13_k4_B0_29d7aedf_7f655d61/5_1_grt.odb
write_sdc -no_timestamp ./results/nangate45/s5378/phase0c_f3e7b516a_s13_k4_B0_29d7aedf_7f655d61/5_1_grt.sdc
Log                       Ext     Elapsed/s Peak Memory/MB sha1sum result [0:20)
5_1_grt                   .odb            7            303 d1e97f3ca448621e3668
5_1_grt                   .sdc                             dc3b136b356fec3f3ef5
/root/pact-deps/OpenROAD-flow-scripts/flow/scripts/flow.sh 5_2_route detail_route
Running detail_route.tcl, stage 5_2_route
read_liberty /root/pact-deps/OpenROAD-flow-scripts/flow/platforms/nangate45/lib/NangateOpenCellLibrary_typical.lib
read_db ./results/nangate45/s5378/phase0c_f3e7b516a_s13_k4_B0_29d7aedf_7f655d61/5_1_grt.odb
read_sdc ./results/nangate45/s5378/phase0c_f3e7b516a_s13_k4_B0_29d7aedf_7f655d61/5_1_grt.sdc
source /root/pact-deps/OpenROAD-flow-scripts/flow/platforms/nangate45/setRC.tcl
detailed_route -output_drc ./reports/nangate45/s5378/phase0c_f3e7b516a_s13_k4_B0_29d7aedf_7f655d61/5_route_drc.rpt -output_maze ./results/nangate45/s5378/phase0c_f3e7b516a_s13_k4_B0_29d7aedf_7f655d61/maze.log -droute_end_iter 64 -verbose 1 -drc_report_iter_step 5
[INFO DRT-0149] Reading tech and libs.

Units:                2000
Number of layers:     21
Number of macros:     135
Number of vias:       33
Number of viarulegen: 19

[INFO DRT-0150] Reading design.

Design:                   s5378
Die area:                 ( 0 0 ) ( 171970 171970 )
Number of track patterns: 20
Number of DEF vias:       0
Number of components:     2087
Number of terminals:      96
Number of snets:          2
Number of nets:           1995

[INFO DRT-0167] List of default vias:
  Layer via2
    default via: via2_5
  Layer via3
    default via: via3_2
  Layer via4
    default via: via4_0
  Layer via5
    default via: via5_0
  Layer via6
    default via: via6_0
  Layer via7
    default via: via7_0
  Layer via8
    default via: via8_0
  Layer via9
    default via: via9_0
[INFO DRT-0162] Library cell analysis.
[INFO DRT-0163] Instance analysis.
[INFO DRT-0164] Number of unique instances = 32.
[INFO DRT-0168] Init region query.
[INFO DRT-0024]   Complete active.
[INFO DRT-0024]   Complete Fr_VIA.
[INFO DRT-0024]   Complete metal1.
[INFO DRT-0024]   Complete via1.
[INFO DRT-0024]   Complete metal2.
[INFO DRT-0024]   Complete via2.
[INFO DRT-0024]   Complete metal3.
[INFO DRT-0024]   Complete via3.
[INFO DRT-0024]   Complete metal4.
[INFO DRT-0024]   Complete via4.
[INFO DRT-0024]   Complete metal5.
[INFO DRT-0024]   Complete via5.
[INFO DRT-0024]   Complete metal6.
[INFO DRT-0024]   Complete via6.
[INFO DRT-0024]   Complete metal7.
[INFO DRT-0024]   Complete via7.
[INFO DRT-0024]   Complete metal8.
[INFO DRT-0024]   Complete via8.
[INFO DRT-0024]   Complete metal9.
[INFO DRT-0024]   Complete via9.
[INFO DRT-0024]   Complete metal10.
[INFO DRT-0033] active shape region query size = 0.
[INFO DRT-0033] FR_VIA shape region query size = 0.
[INFO DRT-0033] metal1 shape region query size = 29389.
[INFO DRT-0033] via1 shape region query size = 270.
[INFO DRT-0033] metal2 shape region query size = 180.
[INFO DRT-0033] via2 shape region query size = 270.
[INFO DRT-0033] metal3 shape region query size = 180.
[INFO DRT-0033] via3 shape region query size = 270.
[INFO DRT-0033] metal4 shape region query size = 102.
[INFO DRT-0033] via4 shape region query size = 90.
[INFO DRT-0033] metal5 shape region query size = 69.
[INFO DRT-0033] via5 shape region query size = 90.
[INFO DRT-0033] metal6 shape region query size = 61.
[INFO DRT-0033] via6 shape region query size = 36.
[INFO DRT-0033] metal7 shape region query size = 21.
[INFO DRT-0033] via7 shape region query size = 0.
[INFO DRT-0033] metal8 shape region query size = 0.
[INFO DRT-0033] via8 shape region query size = 0.
[INFO DRT-0033] metal9 shape region query size = 0.
[INFO DRT-0033] via9 shape region query size = 0.
[INFO DRT-0033] metal10 shape region query size = 0.
[INFO DRT-0165] Start pin access.
[INFO DRT-0078]   Complete 152 pins.
[INFO DRT-0081]   Complete 32 unique inst patterns.
[INFO DRT-0084]   Complete 1142 groups.
#scanned instances     = 2087
#unique  instances     = 32
#stdCellGenAp          = 621
#stdCellValidPlanarAp  = 0
#stdCellValidViaAp     = 496
#stdCellPinNoAp        = 0
#stdCellPinCnt         = 5893
#instTermValidViaApCnt = 0
#macroGenAp            = 0
#macroValidPlanarAp    = 0
#macroValidViaAp       = 0
#macroNoAp             = 0
[INFO DRT-0166] Complete pin access.
[INFO DRT-0267] cpu time = 00:00:13, elapsed time = 00:00:03, memory = 261.80 (MB), peak = 261.45 (MB)

[INFO DRT-0157] Number of guides:     16316

[INFO DRT-0169] Post process guides.
[INFO DRT-0176] GCELLGRID X 0 DO 30 STEP 5700 ;
[INFO DRT-0177] GCELLGRID Y 0 DO 30 STEP 5700 ;
[INFO DRT-0028]   Complete active.
[INFO DRT-0028]   Complete Fr_VIA.
[INFO DRT-0028]   Complete metal1.
[INFO DRT-0028]   Complete via1.
[INFO DRT-0028]   Complete metal2.
[INFO DRT-0028]   Complete via2.
[INFO DRT-0028]   Complete metal3.
[INFO DRT-0028]   Complete via3.
[INFO DRT-0028]   Complete metal4.
[INFO DRT-0028]   Complete via4.
[INFO DRT-0028]   Complete metal5.
[INFO DRT-0028]   Complete via5.
[INFO DRT-0028]   Complete metal6.
[INFO DRT-0028]   Complete via6.
[INFO DRT-0028]   Complete metal7.
[INFO DRT-0028]   Complete via7.
[INFO DRT-0028]   Complete metal8.
[INFO DRT-0028]   Complete via8.
[INFO DRT-0028]   Complete metal9.
[INFO DRT-0028]   Complete via9.
[INFO DRT-0028]   Complete metal10.
[INFO DRT-0178] Init guide query.
[INFO DRT-0035]   Complete active (guide).
[INFO DRT-0035]   Complete Fr_VIA (guide).
[INFO DRT-0035]   Complete metal1 (guide).
[INFO DRT-0035]   Complete via1 (guide).
[INFO DRT-0035]   Complete metal2 (guide).
[INFO DRT-0035]   Complete via2 (guide).
[INFO DRT-0035]   Complete metal3 (guide).
[INFO DRT-0035]   Complete via3 (guide).
[INFO DRT-0035]   Complete metal4 (guide).
[INFO DRT-0035]   Complete via4 (guide).
[INFO DRT-0035]   Complete metal5 (guide).
[INFO DRT-0035]   Complete via5 (guide).
[INFO DRT-0035]   Complete metal6 (guide).
[INFO DRT-0035]   Complete via6 (guide).
[INFO DRT-0035]   Complete metal7 (guide).
[INFO DRT-0035]   Complete via7 (guide).
[INFO DRT-0035]   Complete metal8 (guide).
[INFO DRT-0035]   Complete via8 (guide).
[INFO DRT-0035]   Complete metal9 (guide).
[INFO DRT-0035]   Complete via9 (guide).
[INFO DRT-0035]   Complete metal10 (guide).
[INFO DRT-0036] active guide region query size = 0.
[INFO DRT-0036] FR_VIA guide region query size = 0.
[INFO DRT-0036] metal1 guide region query size = 5236.
[INFO DRT-0036] via1 guide region query size = 0.
[INFO DRT-0036] metal2 guide region query size = 4754.
[INFO DRT-0036] via2 guide region query size = 0.
[INFO DRT-0036] metal3 guide region query size = 2722.
[INFO DRT-0036] via3 guide region query size = 0.
[INFO DRT-0036] metal4 guide region query size = 546.
[INFO DRT-0036] via4 guide region query size = 0.
[INFO DRT-0036] metal5 guide region query size = 222.
[INFO DRT-0036] via5 guide region query size = 0.
[INFO DRT-0036] metal6 guide region query size = 73.
[INFO DRT-0036] via6 guide region query size = 0.
[INFO DRT-0036] metal7 guide region query size = 0.
[INFO DRT-0036] via7 guide region query size = 0.
[INFO DRT-0036] metal8 guide region query size = 0.
[INFO DRT-0036] via8 guide region query size = 0.
[INFO DRT-0036] metal9 guide region query size = 0.
[INFO DRT-0036] via9 guide region query size = 0.
[INFO DRT-0036] metal10 guide region query size = 0.
[INFO DRT-0179] Init gr pin query.
[INFO DRT-0267] cpu time = 00:00:00, elapsed time = 00:00:00, memory = 267.61 (MB), peak = 267.20 (MB)
[INFO DRT-0245] skipped writing guide updates to database.
[INFO DRT-0181] Start track assignment.
[INFO DRT-0184] Done with 5373 vertical wires in 1 frboxes and 8180 horizontal wires in 1 frboxes.
[INFO DRT-0186] Done with 1570 vertical wires in 1 frboxes and 1736 horizontal wires in 1 frboxes.
[INFO DRT-0182] Complete track assignment.
[INFO DRT-0267] cpu time = 00:00:01, elapsed time = 00:00:01, memory = 306.15 (MB), peak = 305.79 (MB)
[INFO DRT-0187] Start routing data preparation.
[INFO DRT-0267] cpu time = 00:00:00, elapsed time = 00:00:00, memory = 307.26 (MB), peak = 306.91 (MB)
[INFO DRT-0194] Start detail routing.
[INFO DRT-0195] Start 0th optimization iteration.
    Completing 10% with 0 violations.
    elapsed time = 00:00:00, memory = 346.98 (MB).
    Completing 20% with 0 violations.
    elapsed time = 00:00:00, memory = 353.81 (MB).
    Completing 30% with 0 violations.
    elapsed time = 00:00:02, memory = 338.07 (MB).
    Completing 40% with 53 violations.
    elapsed time = 00:00:04, memory = 365.50 (MB).
    Completing 50% with 53 violations.
    elapsed time = 00:00:04, memory = 367.07 (MB).
    Completing 60% with 53 violations.
    elapsed time = 00:00:06, memory = 337.80 (MB).
    Completing 70% with 120 violations.
    elapsed time = 00:00:07, memory = 381.68 (MB).
    Completing 80% with 120 violations.
    elapsed time = 00:00:10, memory = 373.84 (MB).
    Completing 90% with 247 violations.
    elapsed time = 00:00:14, memory = 412.86 (MB).
    Completing 100% with 318 violations.
    elapsed time = 00:00:15, memory = 375.98 (MB).
[INFO DRT-0199]   Number of violations = 425.
Viol/Layer      metal2   via2 metal3 metal4
Cut Spacing          0      1      0      0
Metal Spacing       28      0      1      0
Recheck             63      0     41      3
Short              265      1     21      1
[INFO DRT-0267] cpu time = 00:00:37, elapsed time = 00:00:16, memory = 901.44 (MB), peak = 901.20 (MB)
Total wire length = 26809 um.
Total wire length on LAYER metal1 = 0 um.
Total wire length on LAYER metal2 = 9977 um.
Total wire length on LAYER metal3 = 11307 um.
Total wire length on LAYER metal4 = 3483 um.
Total wire length on LAYER metal5 = 1364 um.
Total wire length on LAYER metal6 = 676 um.
Total wire length on LAYER metal7 = 0 um.
Total wire length on LAYER metal8 = 0 um.
Total wire length on LAYER metal9 = 0 um.
Total wire length on LAYER metal10 = 0 um.
Total number of vias = 13357.
Up-via summary (total 13357):

----------------
 active        0
 metal1     5929
 metal2     6285
 metal3      771
 metal4      275
 metal5       97
 metal6        0
 metal7        0
 metal8        0
 metal9        0
----------------
       13357


[INFO DRT-0195] Start 1st optimization iteration.
    Completing 10% with 425 violations.
    elapsed time = 00:00:00, memory = 905.06 (MB).
    Completing 20% with 425 violations.
    elapsed time = 00:00:00, memory = 905.06 (MB).
    Completing 30% with 425 violations.
    elapsed time = 00:00:01, memory = 906.35 (MB).
    Completing 40% with 356 violations.
    elapsed time = 00:00:04, memory = 943.74 (MB).
    Completing 50% with 356 violations.
    elapsed time = 00:00:05, memory = 943.74 (MB).
    Completing 60% with 356 violations.
    elapsed time = 00:00:06, memory = 922.86 (MB).
    Completing 70% with 280 violations.
    elapsed time = 00:00:07, memory = 952.63 (MB).
    Completing 80% with 280 violations.
    elapsed time = 00:00:08, memory = 957.01 (MB).
    Completing 90% with 209 violations.
    elapsed time = 00:00:12, memory = 941.34 (MB).
    Completing 100% with 127 violations.
    elapsed time = 00:00:14, memory = 944.46 (MB).
[INFO DRT-0199]   Number of violations = 127.
Viol/Layer      metal2 metal3
Metal Spacing       24      1
Short               99      3
[INFO DRT-0267] cpu time = 00:00:34, elapsed time = 00:00:14, memory = 947.46 (MB), peak = 956.62 (MB)
Total wire length = 26651 um.
Total wire length on LAYER metal1 = 0 um.
Total wire length on LAYER metal2 = 9906 um.
Total wire length on LAYER metal3 = 11233 um.
Total wire length on LAYER metal4 = 3488 um.
Total wire length on LAYER metal5 = 1348 um.
Total wire length on LAYER metal6 = 675 um.
Total wire length on LAYER metal7 = 0 um.
Total wire length on LAYER metal8 = 0 um.
Total wire length on LAYER metal9 = 0 um.
Total wire length on LAYER metal10 = 0 um.
Total number of vias = 13354.
Up-via summary (total 13354):

----------------
 active        0
 metal1     5934
 metal2     6290
 metal3      762
 metal4      272
 metal5       96
 metal6        0
 metal7        0
 metal8        0
 metal9        0
----------------
       13354


[INFO DRT-0195] Start 2nd optimization iteration.
    Completing 10% with 127 violations.
    elapsed time = 00:00:00, memory = 947.46 (MB).
    Completing 20% with 127 violations.
    elapsed time = 00:00:00, memory = 947.46 (MB).
    Completing 30% with 127 violations.
    elapsed time = 00:00:02, memory = 947.47 (MB).
    Completing 40% with 123 violations.
    elapsed time = 00:00:02, memory = 947.47 (MB).
    Completing 50% with 123 violations.
    elapsed time = 00:00:04, memory = 947.47 (MB).
    Completing 60% with 123 violations.
    elapsed time = 00:00:05, memory = 947.47 (MB).
    Completing 70% with 135 violations.
    elapsed time = 00:00:06, memory = 947.47 (MB).
    Completing 80% with 135 violations.
    elapsed time = 00:00:09, memory = 947.47 (MB).
    Completing 90% with 140 violations.
    elapsed time = 00:00:10, memory = 950.08 (MB).
    Completing 100% with 111 violations.
    elapsed time = 00:00:13, memory = 950.08 (MB).
[INFO DRT-0199]   Number of violations = 111.
Viol/Layer      metal2 metal3
Metal Spacing       19      2
Short               84      6
[INFO DRT-0267] cpu time = 00:00:26, elapsed time = 00:00:13, memory = 950.08 (MB), peak = 956.62 (MB)
Total wire length = 26567 um.
Total wire length on LAYER metal1 = 0 um.
Total wire length on LAYER metal2 = 9865 um.
Total wire length on LAYER metal3 = 11202 um.
Total wire length on LAYER metal4 = 3475 um.
Total wire length on LAYER metal5 = 1341 um.
Total wire length on LAYER metal6 = 683 um.
Total wire length on LAYER metal7 = 0 um.
Total wire length on LAYER metal8 = 0 um.
Total wire length on LAYER metal9 = 0 um.
Total wire length on LAYER metal10 = 0 um.
Total number of vias = 13255.
Up-via summary (total 13255):

----------------
 active        0
 metal1     5931
 metal2     6200
 metal3      761
 metal4      265
 metal5       98
 metal6        0
 metal7        0
 metal8        0
 metal9        0
----------------
       13255


[INFO DRT-0195] Start 3rd optimization iteration.
    Completing 10% with 111 violations.
    elapsed time = 00:00:00, memory = 950.08 (MB).
    Completing 20% with 111 violations.
    elapsed time = 00:00:00, memory = 950.08 (MB).
    Completing 30% with 111 violations.
    elapsed time = 00:00:01, memory = 950.08 (MB).
    Completing 40% with 82 violations.
    elapsed time = 00:00:01, memory = 950.08 (MB).
    Completing 50% with 82 violations.
    elapsed time = 00:00:02, memory = 950.50 (MB).
    Completing 60% with 82 violations.
    elapsed time = 00:00:03, memory = 950.50 (MB).
    Completing 70% with 58 violations.
    elapsed time = 00:00:03, memory = 950.50 (MB).
    Completing 80% with 58 violations.
    elapsed time = 00:00:04, memory = 950.50 (MB).
    Completing 90% with 32 violations.
    elapsed time = 00:00:09, memory = 979.57 (MB).
    Completing 100% with 1 violations.
    elapsed time = 00:00:09, memory = 979.57 (MB).
[INFO DRT-0199]   Number of violations = 1.
Viol/Layer      metal2
Short                1
[INFO DRT-0267] cpu time = 00:00:19, elapsed time = 00:00:10, memory = 979.57 (MB), peak = 979.28 (MB)
Total wire length = 26561 um.
Total wire length on LAYER metal1 = 0 um.
Total wire length on LAYER metal2 = 9720 um.
Total wire length on LAYER metal3 = 11248 um.
Total wire length on LAYER metal4 = 3611 um.
Total wire length on LAYER metal5 = 1316 um.
Total wire length on LAYER metal6 = 665 um.
Total wire length on LAYER metal7 = 0 um.
Total wire length on LAYER metal8 = 0 um.
Total wire length on LAYER metal9 = 0 um.
Total wire length on LAYER metal10 = 0 um.
Total number of vias = 13339.
Up-via summary (total 13339):

----------------
 active        0
 metal1     5931
 metal2     6247
 metal3      807
 metal4      258
 metal5       96
 metal6        0
 metal7        0
 metal8        0
 metal9        0
----------------
       13339


[INFO DRT-0195] Start 4th guides tiles iteration.
    Completing 50% with 1 violations.
    elapsed time = 00:00:00, memory = 979.57 (MB).
    Completing 100% with 0 violations.
    elapsed time = 00:00:00, memory = 979.57 (MB).
[INFO DRT-0199]   Number of violations = 0.
[INFO DRT-0267] cpu time = 00:00:00, elapsed time = 00:00:00, memory = 979.57 (MB), peak = 979.28 (MB)
Total wire length = 26560 um.
Total wire length on LAYER metal1 = 0 um.
Total wire length on LAYER metal2 = 9719 um.
Total wire length on LAYER metal3 = 11243 um.
Total wire length on LAYER metal4 = 3611 um.
Total wire length on LAYER metal5 = 1320 um.
Total wire length on LAYER metal6 = 665 um.
Total wire length on LAYER metal7 = 0 um.
Total wire length on LAYER metal8 = 0 um.
Total wire length on LAYER metal9 = 0 um.
Total wire length on LAYER metal10 = 0 um.
Total number of vias = 13339.
Up-via summary (total 13339):

----------------
 active        0
 metal1     5931
 metal2     6246
 metal3      806
 metal4      260
 metal5       96
 metal6        0
 metal7        0
 metal8        0
 metal9        0
----------------
       13339


[INFO DRT-0198] Complete detail routing.
Total wire length = 26560 um.
Total wire length on LAYER metal1 = 0 um.
Total wire length on LAYER metal2 = 9719 um.
Total wire length on LAYER metal3 = 11243 um.
Total wire length on LAYER metal4 = 3611 um.
Total wire length on LAYER metal5 = 1320 um.
Total wire length on LAYER metal6 = 665 um.
Total wire length on LAYER metal7 = 0 um.
Total wire length on LAYER metal8 = 0 um.
Total wire length on LAYER metal9 = 0 um.
Total wire length on LAYER metal10 = 0 um.
Total number of vias = 13339.
Up-via summary (total 13339):

----------------
 active        0
 metal1     5931
 metal2     6246
 metal3      806
 metal4      260
 metal5       96
 metal6        0
 metal7        0
 metal8        0
 metal9        0
----------------
       13339


[INFO DRT-0267] cpu time = 00:01:58, elapsed time = 00:00:54, memory = 979.64 (MB), peak = 979.28 (MB)

[INFO DRT-0180] Post processing.
Took 59 seconds: detailed_route -output_drc ./reports/nangate45/s5378/phase0c_f3e7b516a_s13_k4_B0_29d7aedf_7f655d61/5_route_drc.rpt -output_maze ./results/nangate45/s5378/phase0c_f3e7b516a_s13_k4_B0_29d7aedf_7f655d61/maze.log -droute_end_iter 64 -verbose 1 -drc_report_iter_step 5
[WARNING GRT-0246] No diode with LEF class CORE ANTENNACELL found.
[INFO ANT-0002] Found 0 net violations.
[INFO ANT-0001] Found 0 pin violations.
[INFO ANT-0002] Found 0 net violations.
[INFO ANT-0001] Found 0 pin violations.
Design area 2602 um^2 38% utilization.
write_db ./results/nangate45/s5378/phase0c_f3e7b516a_s13_k4_B0_29d7aedf_7f655d61/5_2_route.odb
Log                       Ext     Elapsed/s Peak Memory/MB sha1sum result [0:20)
5_2_route                 .odb           63            979 4c1bacc01f0126e3b472
/root/pact-deps/OpenROAD-flow-scripts/flow/scripts/flow.sh 5_3_fillcell fillcell
Running fillcell.tcl, stage 5_3_fillcell
read_liberty /root/pact-deps/OpenROAD-flow-scripts/flow/platforms/nangate45/lib/NangateOpenCellLibrary_typical.lib
read_db ./results/nangate45/s5378/phase0c_f3e7b516a_s13_k4_B0_29d7aedf_7f655d61/5_2_route.odb
read_sdc ./results/nangate45/s5378/phase0c_f3e7b516a_s13_k4_B0_29d7aedf_7f655d61/5_1_grt.sdc
source /root/pact-deps/OpenROAD-flow-scripts/flow/platforms/nangate45/setRC.tcl
filler_placement "FILLCELL_X1 FILLCELL_X2 FILLCELL_X4 FILLCELL_X8 FILLCELL_X16 FILLCELL_X32"
[INFO DPL-0001] Placed 2463 filler instances.
Design area 2602 um^2 38% utilization.
write_db ./results/nangate45/s5378/phase0c_f3e7b516a_s13_k4_B0_29d7aedf_7f655d61/5_3_fillcell.odb
Log                       Ext     Elapsed/s Peak Memory/MB sha1sum result [0:20)
5_3_fillcell              .odb            0            116 bb88774b668c4b10e2db
cp ./results/nangate45/s5378/phase0c_f3e7b516a_s13_k4_B0_29d7aedf_7f655d61/5_3_fillcell.odb ./results/nangate45/s5378/phase0c_f3e7b516a_s13_k4_B0_29d7aedf_7f655d61/5_route.odb
cp ./results/nangate45/s5378/phase0c_f3e7b516a_s13_k4_B0_29d7aedf_7f655d61/5_1_grt.sdc ./results/nangate45/s5378/phase0c_f3e7b516a_s13_k4_B0_29d7aedf_7f655d61/5_route.sdc
