OpenROAD 26Q2-1164-g08f67ee5ec 
Features included (+) or not (-): +GPU +GUI +Python
This program is licensed under the BSD-3 license. See the LICENSE file for details.
Components of this program may be licensed under more restrictive licenses which must be honored.
[INFO ORD-0030] Using 4 thread(s).
mkdir -p ./objects/nangate45/s5378/phase0c_f3e7b516a_s11_k8_B0_c899f812_7f655d61
/root/pact-deps/OpenROAD-flow-scripts/flow/scripts/flow.sh 4_1_cts cts
Running cts.tcl, stage 4_1_cts
read_liberty /root/pact-deps/OpenROAD-flow-scripts/flow/platforms/nangate45/lib/NangateOpenCellLibrary_typical.lib
read_db ./results/nangate45/s5378/phase0c_f3e7b516a_s11_k8_B0_c899f812_7f655d61/3_place.odb
read_sdc ./results/nangate45/s5378/phase0c_f3e7b516a_s11_k8_B0_c899f812_7f655d61/3_place.sdc
source /root/pact-deps/OpenROAD-flow-scripts/flow/platforms/nangate45/setRC.tcl
clock_tree_synthesis -sink_clustering_enable -repair_clock_nets
[INFO CTS-0050] Root buffer is CLKBUF_X3.
[INFO CTS-0051] Sink buffer is CLKBUF_X3.
[INFO CTS-0052] The following clock buffers will be used for CTS:
                    CLKBUF_X3
[INFO CTS-0049] Characterization buffer is CLKBUF_X3.
[INFO CTS-0007] Net "CK" found for clock "clk".
[INFO CTS-0010]  Clock net "CK" has 179 sinks.
[INFO CTS-0008] TritonCTS found 1 clock nets.
[INFO CTS-0097] Characterization used 1 buffer(s) types.
[INFO CTS-0201] 0 blockages from hard placement blockages and placed macros will be used.
[INFO CTS-0027] Generating H-Tree topology for net CK.
[INFO CTS-0028]  Total number of sinks: 179.
[INFO CTS-0090]  Sinks will be clustered based on buffer max cap.
[INFO CTS-0030]  Number of static layers: 0.
[INFO CTS-0020]  Wire segment unit: 14000  dbu (7 um).
[INFO CTS-0023]  Original sink region: [(6905, 15000), (161945, 158600)].
[INFO CTS-0024]  Normalized sink region: [(0.493214, 1.07143), (11.5675, 11.3286)].
[INFO CTS-0025]     Width:  11.0743.
[INFO CTS-0026]     Height: 10.2571.
 Level 1
    Direction: Horizontal
    Sinks per sub-region: 90
    Sub-region size: 5.5371 X 10.2571
[INFO CTS-0034]     Segment length (rounded): 2.
 Level 2
    Direction: Vertical
    Sinks per sub-region: 45
    Sub-region size: 5.5371 X 5.1286
[INFO CTS-0034]     Segment length (rounded): 2.
 Level 3
    Direction: Horizontal
    Sinks per sub-region: 23
    Sub-region size: 2.7686 X 5.1286
[INFO CTS-0034]     Segment length (rounded): 1.
 Level 4
    Direction: Vertical
    Sinks per sub-region: 12
    Sub-region size: 2.7686 X 2.5643
[INFO CTS-0034]     Segment length (rounded): 1.
[INFO CTS-0032]  Stop criterion found. Max number of sinks is 15.
[INFO CTS-0035]  Number of sinks covered: 179.
[INFO CTS-0018]     Created 17 clock buffers.
[INFO CTS-0012]     Minimum number of buffers in the clock path: 2.
[INFO CTS-0013]     Maximum number of buffers in the clock path: 2.
[INFO CTS-0015]     Created 17 clock nets.
[INFO CTS-0016]     Fanout distribution for the current clock = 7:3, 8:1, 9:2, 10:2, 11:2, 12:1, 13:2, 15:1, 16:1, 21:1..
[INFO CTS-0017]     Max level of the clock tree: 4.
[INFO CTS-0098] Clock net "CK"
[INFO CTS-0099]  Sinks 194
[INFO CTS-0100]  Leaf buffers 0
[INFO CTS-0101]  Average sink wire length 117.95 um
[INFO CTS-0102]  Path depth 2 - 2
[INFO CTS-0207]  Dummy loads inserted 15
estimate_parasitics -placement
detailed_placement
[INFO DPL-0006] Core area: 6921.05 um^2, Instances area: 2566.37 um^2, Utilization: 37.1%
[INFO DPL-0005] Diamond search max displacement: +/- 500 sites horizontally, +/- 100 rows vertically.
[INFO DPL-1101] Legalizing using diamond search.
Movements Summary
---------------------------------------
Total cells:                    1927
Diamond Move Success:           1927 (100.00%)
Diamond Move Failure:              0
Rip-up and replace Success:        0 (  0.00% of diamond failures)
Rip-up and replace Failure:        0
Total Placement Failures:          0
---------------------------------------
Placement Analysis
---------------------------------
total displacement         59.5 u
average displacement        0.0 u
max displacement            3.3 u
original HPWL           24260.0 u
legalized HPWL          24272.1 u
delta HPWL                    0 %

estimate_parasitics -placement
repair_timing -setup_margin 0 -hold_margin 0 -repair_tns 100 -verbose
[INFO RSZ-0100] Repair move sequence: UnbufferMove SizeUpMove SwapPinsMove BufferMove CloneMove SplitLoadMove 
[INFO RSZ-0098] No setup violations found
[INFO RSZ-0046] Found 91 endpoints with hold violations.
Iteration | Resized | Buffers | Cloned Gates |   Area   |   WNS   |   TNS   | Endpoint
--------------------------------------------------------------------------------------
        0 |       0 |       0 |            0 |    +0.0% |  -0.087 |  -2.389 | U_n673gat/SI
       10 |       0 |      16 |            0 |    +0.5% |  -0.067 |  -1.655 | U_n341gat/D
       20 |       0 |      26 |            0 |    +0.8% |  -0.059 |  -0.959 | U_n491gat/D
       30 |       0 |      33 |            0 |    +1.0% |  -0.032 |  -0.642 | U_n673gat/SI
       40 |       0 |      41 |            0 |    +1.3% |  -0.032 |  -0.303 | U_n673gat/SI
       50 |       0 |      42 |            0 |    +1.3% |  -0.032 |  -0.032 | U_n673gat/SI
       60 |       0 |      42 |            0 |    +1.3% |  -0.032 |  -0.032 | U_n673gat/SI
       70 |       0 |      42 |            0 |    +1.3% |  -0.032 |  -0.032 | U_n673gat/SI
       80 |       0 |      42 |            0 |    +1.3% |  -0.032 |  -0.032 | U_n673gat/SI
       90 |       0 |      42 |            0 |    +1.3% |  -0.032 |  -0.032 | U_n673gat/SI
    final |       0 |      44 |            0 |    +1.4% |   0.004 |   0.000 | U_n2588gat/D
--------------------------------------------------------------------------------------
[INFO RSZ-0032] Inserted 44 hold buffers.
detailed_placement
[INFO DPL-0006] Core area: 6921.05 um^2, Instances area: 2601.48 um^2, Utilization: 37.6%
[INFO DPL-0005] Diamond search max displacement: +/- 500 sites horizontally, +/- 100 rows vertically.
[INFO DPL-1101] Legalizing using diamond search.
Movements Summary
---------------------------------------
Total cells:                    1971
Diamond Move Success:           1971 (100.00%)
Diamond Move Failure:              0
Rip-up and replace Success:        0 (  0.00% of diamond failures)
Rip-up and replace Failure:        0
Total Placement Failures:          0
---------------------------------------
Placement Analysis
---------------------------------
total displacement         50.8 u
average displacement        0.0 u
max displacement            2.4 u
original HPWL           24531.7 u
legalized HPWL          24558.8 u
delta HPWL                    0 %

estimate_parasitics -placement
Report metrics stage 4, cts final...

==========================================================================
cts final report_design_area
--------------------------------------------------------------------------
Design area 2601 um^2 38% utilization.
write_db ./results/nangate45/s5378/phase0c_f3e7b516a_s11_k8_B0_c899f812_7f655d61/4_1_cts.odb
write_sdc -no_timestamp ./results/nangate45/s5378/phase0c_f3e7b516a_s11_k8_B0_c899f812_7f655d61/4_cts.sdc
Log                       Ext     Elapsed/s Peak Memory/MB sha1sum result [0:20)
4_1_cts                   .odb            3            147 b6f5e1f68f56ee1bc96e
cp ./results/nangate45/s5378/phase0c_f3e7b516a_s11_k8_B0_c899f812_7f655d61/4_1_cts.odb ./results/nangate45/s5378/phase0c_f3e7b516a_s11_k8_B0_c899f812_7f655d61/4_cts.odb
/root/pact-deps/OpenROAD-flow-scripts/flow/scripts/flow.sh 5_1_grt global_route
Running global_route.tcl, stage 5_1_grt
read_liberty /root/pact-deps/OpenROAD-flow-scripts/flow/platforms/nangate45/lib/NangateOpenCellLibrary_typical.lib
read_db ./results/nangate45/s5378/phase0c_f3e7b516a_s11_k8_B0_c899f812_7f655d61/4_cts.odb
read_sdc ./results/nangate45/s5378/phase0c_f3e7b516a_s11_k8_B0_c899f812_7f655d61/4_cts.sdc
source /root/pact-deps/OpenROAD-flow-scripts/flow/platforms/nangate45/setRC.tcl
pin_access
[INFO DRT-0149] Reading tech and libs.

Units:                2000
Number of layers:     21
Number of macros:     135
Number of vias:       33
Number of viarulegen: 19

[INFO DRT-0150] Reading design.

Design:                   s5378
Die area:                 ( 0 0 ) ( 171970 171970 )
Number of track patterns: 20
Number of DEF vias:       0
Number of components:     2089
Number of terminals:      104
Number of snets:          2
Number of nets:           2001

[INFO DRT-0167] List of default vias:
  Layer via2
    default via: via2_5
  Layer via3
    default via: via3_2
  Layer via4
    default via: via4_0
  Layer via5
    default via: via5_0
  Layer via6
    default via: via6_0
  Layer via7
    default via: via7_0
  Layer via8
    default via: via8_0
  Layer via9
    default via: via9_0
[INFO DRT-0162] Library cell analysis.
[INFO DRT-0163] Instance analysis.
[INFO DRT-0164] Number of unique instances = 32.
[INFO DRT-0168] Init region query.
[INFO DRT-0024]   Complete active.
[INFO DRT-0024]   Complete Fr_VIA.
[INFO DRT-0024]   Complete metal1.
[INFO DRT-0024]   Complete via1.
[INFO DRT-0024]   Complete metal2.
[INFO DRT-0024]   Complete via2.
[INFO DRT-0024]   Complete metal3.
[INFO DRT-0024]   Complete via3.
[INFO DRT-0024]   Complete metal4.
[INFO DRT-0024]   Complete via4.
[INFO DRT-0024]   Complete metal5.
[INFO DRT-0024]   Complete via5.
[INFO DRT-0024]   Complete metal6.
[INFO DRT-0024]   Complete via6.
[INFO DRT-0024]   Complete metal7.
[INFO DRT-0024]   Complete via7.
[INFO DRT-0024]   Complete metal8.
[INFO DRT-0024]   Complete via8.
[INFO DRT-0024]   Complete metal9.
[INFO DRT-0024]   Complete via9.
[INFO DRT-0024]   Complete metal10.
[INFO DRT-0033] active shape region query size = 0.
[INFO DRT-0033] FR_VIA shape region query size = 0.
[INFO DRT-0033] metal1 shape region query size = 29401.
[INFO DRT-0033] via1 shape region query size = 270.
[INFO DRT-0033] metal2 shape region query size = 180.
[INFO DRT-0033] via2 shape region query size = 270.
[INFO DRT-0033] metal3 shape region query size = 180.
[INFO DRT-0033] via3 shape region query size = 270.
[INFO DRT-0033] metal4 shape region query size = 102.
[INFO DRT-0033] via4 shape region query size = 90.
[INFO DRT-0033] metal5 shape region query size = 77.
[INFO DRT-0033] via5 shape region query size = 90.
[INFO DRT-0033] metal6 shape region query size = 61.
[INFO DRT-0033] via6 shape region query size = 36.
[INFO DRT-0033] metal7 shape region query size = 21.
[INFO DRT-0033] via7 shape region query size = 0.
[INFO DRT-0033] metal8 shape region query size = 0.
[INFO DRT-0033] via8 shape region query size = 0.
[INFO DRT-0033] metal9 shape region query size = 0.
[INFO DRT-0033] via9 shape region query size = 0.
[INFO DRT-0033] metal10 shape region query size = 0.
[INFO DRT-0165] Start pin access.
[INFO DRT-0078]   Complete 152 pins.
[INFO DRT-0081]   Complete 32 unique inst patterns.
[INFO DRT-0084]   Complete 1185 groups.
#scanned instances     = 2089
#unique  instances     = 32
#stdCellGenAp          = 621
#stdCellValidPlanarAp  = 0
#stdCellValidViaAp     = 496
#stdCellPinNoAp        = 0
#stdCellPinCnt         = 5897
#instTermValidViaApCnt = 0
#macroGenAp            = 0
#macroValidPlanarAp    = 0
#macroValidViaAp       = 0
#macroNoAp             = 0
[INFO DRT-0166] Complete pin access.
[INFO DRT-0267] cpu time = 00:00:13, elapsed time = 00:00:03, memory = 116.36 (MB), peak = 115.96 (MB)
set_global_routing_random -seed 11
global_route -congestion_report_file ./reports/nangate45/s5378/phase0c_f3e7b516a_s11_k8_B0_c899f812_7f655d61/congestion.rpt -congestion_iterations 30 -congestion_report_iter_step 5 -verbose
[INFO GRT-0020] Min routing layer: metal2
[INFO GRT-0021] Max routing layer: metal10
[INFO GRT-0022] Global adjustment: 0%
[INFO GRT-0023] Grid origin: (0, 0)
[INFO GRT-0088] Layer metal1  Track-Pitch = 0.1400  line-2-Via Pitch: 0.1350
[INFO GRT-0088] Layer metal2  Track-Pitch = 0.1900  line-2-Via Pitch: 0.1400
[INFO GRT-0088] Layer metal3  Track-Pitch = 0.1400  line-2-Via Pitch: 0.1400
[INFO GRT-0088] Layer metal4  Track-Pitch = 0.2800  line-2-Via Pitch: 0.2800
[INFO GRT-0088] Layer metal5  Track-Pitch = 0.2800  line-2-Via Pitch: 0.2800
[INFO GRT-0088] Layer metal6  Track-Pitch = 0.2800  line-2-Via Pitch: 0.2800
[INFO GRT-0088] Layer metal7  Track-Pitch = 0.8000  line-2-Via Pitch: 0.8000
[INFO GRT-0088] Layer metal8  Track-Pitch = 0.8000  line-2-Via Pitch: 0.8000
[INFO GRT-0088] Layer metal9  Track-Pitch = 1.6000  line-2-Via Pitch: 1.6000
[INFO GRT-0088] Layer metal10 Track-Pitch = 1.6000  line-2-Via Pitch: 1.6000
[INFO GRT-0003] Macros: 0
[INFO GRT-0004] Blockages: 0
[INFO GRT-0019] Found 18 clock nets.
[INFO GRT-0001] Minimum degree: 2
[INFO GRT-0002] Maximum degree: 59

[INFO GRT-0053] Routing resources analysis:
          Routing      Original      Derated      Resource
Layer     Direction    Resources     Resources    Reduction (%)
---------------------------------------------------------------
metal1     Horizontal          0             0          0.00%
metal2     Vertical        12818          6032          52.94%
metal3     Horizontal      17709          8695          50.90%
metal4     Vertical         8700          6148          29.33%
metal5     Horizontal       8855          6255          29.36%
metal6     Vertical         8880          6276          29.32%
metal7     Horizontal       2726          1972          27.66%
metal8     Vertical         3103          2233          28.04%
metal9     Horizontal       1537           870          43.40%
metal10    Vertical         1537           870          43.40%
---------------------------------------------------------------

[INFO GRT-0197] Via related to pin nodes: 11466
[INFO GRT-0198] Via related Steiner nodes: 238
[INFO GRT-0199] Via filling finished.
[INFO GRT-0111] Final number of vias: 14909
[INFO GRT-0112] Final usage 3D: 54246

[INFO GRT-0096] Final congestion report:
Layer         Resource        Demand        Usage (%)    Max H / Max V / Total Overflow
---------------------------------------------------------------------------------------
metal1               0             0            0.00%             0 /  0 /  0
metal2            6032          3418           56.66%             0 /  0 /  0
metal3            8695          3928           45.18%             0 /  0 /  0
metal4            6148          1351           21.97%             0 /  0 /  0
metal5            6255           621            9.93%             0 /  0 /  0
metal6            6276           198            3.15%             0 /  0 /  0
metal7            1972             3            0.15%             0 /  0 /  0
metal8            2233             0            0.00%             0 /  0 /  0
metal9             870             0            0.00%             0 /  0 /  0
metal10            870             0            0.00%             0 /  0 /  0
---------------------------------------------------------------------------------------
Total            39351          9519           24.19%             0 /  0 /  0

[INFO GRT-0018] Total wirelength: 41538 um
[INFO GRT-0014] Routed nets: 2001
[INFO GRT-0303] Global routing runtime = 00:00:00
estimate_parasitics -global_routing
Perform buffer insertion and gate resizing...
repair_design -verbose
Iteration |   Area    | Resized | Buffers | Nets repaired | Remaining
---------------------------------------------------------------------
        0 |     +0.0% |       0 |       0 |             0 |      2195
       10 |     +0.0% |       0 |       0 |             0 |      2185
       20 |     +0.0% |       0 |       0 |             0 |      2175
       30 |     +0.0% |       0 |       0 |             0 |      2165
       40 |     +0.0% |       0 |       0 |             0 |      2155
       50 |     +0.0% |       0 |       0 |             0 |      2145
       60 |     +0.0% |       0 |       0 |             0 |      2135
       70 |     +0.0% |       0 |       0 |             0 |      2125
       80 |     +0.0% |       0 |       0 |             0 |      2115
       90 |     +0.0% |       0 |       0 |             0 |      2105
      100 |     +0.0% |       0 |       0 |             0 |      2095
      110 |     +0.0% |       0 |       0 |             0 |      2085
      120 |     +0.0% |       0 |       0 |             0 |      2075
      130 |     +0.0% |       0 |       0 |             0 |      2065
      140 |     +0.0% |       0 |       0 |             0 |      2055
      150 |     +0.0% |       0 |       0 |             0 |      2045
      160 |     +0.0% |       0 |       0 |             0 |      2035
      170 |     +0.0% |       0 |       0 |             0 |      2025
      180 |     +0.0% |       0 |       0 |             0 |      2015
      190 |     +0.0% |       0 |       0 |             0 |      2005
      200 |     +0.0% |       0 |       0 |             0 |      1995
      210 |     +0.0% |       0 |       0 |             0 |      1985
      220 |     +0.0% |       0 |       0 |             0 |      1975
      230 |     +0.0% |       0 |       0 |             0 |      1965
      240 |     +0.0% |       0 |       0 |             0 |      1955
      250 |     +0.0% |       0 |       0 |             0 |      1945
      260 |     +0.0% |       0 |       0 |             0 |      1935
      270 |     +0.0% |       0 |       0 |             0 |      1925
      280 |     +0.0% |       0 |       0 |             0 |      1915
      290 |     +0.0% |       0 |       0 |             0 |      1905
      300 |     +0.0% |       0 |       0 |             0 |      1895
      310 |     +0.0% |       0 |       0 |             0 |      1885
      320 |     +0.0% |       0 |       0 |             0 |      1875
      330 |     +0.0% |       0 |       0 |             0 |      1865
      340 |     +0.0% |       0 |       0 |             0 |      1855
      350 |     +0.0% |       0 |       0 |             0 |      1845
      360 |     +0.0% |       0 |       0 |             0 |      1835
      370 |     +0.0% |       0 |       0 |             0 |      1825
      380 |     +0.0% |       0 |       0 |             0 |      1815
      390 |     +0.0% |       0 |       0 |             0 |      1805
      400 |     +0.0% |       0 |       0 |             0 |      1795
      410 |     +0.0% |       0 |       0 |             0 |      1785
      420 |     +0.0% |       0 |       0 |             0 |      1775
      430 |     +0.0% |       0 |       0 |             0 |      1765
      440 |     +0.0% |       0 |       0 |             0 |      1755
      450 |     +0.0% |       0 |       0 |             0 |      1745
      460 |     +0.0% |       0 |       0 |             0 |      1735
      470 |     +0.0% |       0 |       0 |             0 |      1725
      480 |     +0.0% |       0 |       0 |             0 |      1715
      490 |     +0.0% |       0 |       0 |             0 |      1705
      500 |     +0.0% |       0 |       0 |             0 |      1695
      510 |     +0.0% |       0 |       0 |             0 |      1685
      520 |     +0.0% |       0 |       0 |             0 |      1675
      530 |     +0.0% |       0 |       0 |             0 |      1665
      540 |     +0.0% |       0 |       0 |             0 |      1655
      550 |     +0.0% |       0 |       0 |             0 |      1645
      560 |     +0.0% |       0 |       0 |             0 |      1635
      570 |     +0.0% |       0 |       0 |             0 |      1625
      580 |     +0.0% |       0 |       0 |             0 |      1615
      590 |     +0.0% |       0 |       0 |             0 |      1605
      600 |     +0.0% |       0 |       0 |             0 |      1595
      610 |     +0.0% |       0 |       0 |             0 |      1585
      620 |     +0.0% |       0 |       0 |             0 |      1575
      630 |     +0.0% |       0 |       0 |             0 |      1565
      640 |     +0.0% |       0 |       0 |             0 |      1555
      650 |     +0.0% |       0 |       0 |             0 |      1545
      660 |     +0.0% |       0 |       0 |             0 |      1535
      670 |     +0.0% |       0 |       0 |             0 |      1525
      680 |     +0.0% |       0 |       0 |             0 |      1515
      690 |     +0.0% |       0 |       0 |             0 |      1505
      700 |     +0.0% |       0 |       0 |             0 |      1495
      710 |     +0.0% |       0 |       0 |             0 |      1485
      720 |     +0.0% |       0 |       0 |             0 |      1475
      730 |     +0.0% |       0 |       0 |             0 |      1465
      740 |     +0.0% |       0 |       0 |             0 |      1455
      750 |     +0.0% |       0 |       0 |             0 |      1445
      760 |     +0.0% |       0 |       0 |             0 |      1435
      770 |     +0.0% |       0 |       0 |             0 |      1425
      780 |     +0.0% |       0 |       0 |             0 |      1415
      790 |     +0.0% |       0 |       0 |             0 |      1405
      800 |     +0.0% |       0 |       0 |             0 |      1395
      810 |     +0.0% |       0 |       0 |             0 |      1385
      820 |     +0.0% |       0 |       0 |             0 |      1375
      830 |     +0.0% |       0 |       0 |             0 |      1365
      840 |     +0.0% |       0 |       0 |             0 |      1355
      850 |     +0.0% |       0 |       0 |             0 |      1345
      860 |     +0.0% |       0 |       0 |             0 |      1335
      870 |     +0.0% |       0 |       0 |             0 |      1325
      880 |     +0.0% |       0 |       0 |             0 |      1315
      890 |     +0.0% |       0 |       0 |             0 |      1305
      900 |     +0.0% |       0 |       0 |             0 |      1295
      910 |     +0.0% |       0 |       0 |             0 |      1285
      920 |     +0.0% |       0 |       0 |             0 |      1275
      930 |     +0.0% |       0 |       0 |             0 |      1265
      940 |     +0.0% |       0 |       0 |             0 |      1255
      950 |     +0.0% |       0 |       0 |             0 |      1245
      960 |     +0.0% |       0 |       0 |             0 |      1235
      970 |     +0.0% |       0 |       0 |             0 |      1225
      980 |     +0.0% |       0 |       0 |             0 |      1215
      990 |     +0.0% |       0 |       0 |             0 |      1205
     1000 |     +0.0% |       0 |       0 |             0 |      1195
     1010 |     +0.0% |       0 |       0 |             0 |      1185
     1020 |     +0.0% |       0 |       0 |             0 |      1175
     1030 |     +0.0% |       0 |       0 |             0 |      1165
     1040 |     +0.0% |       0 |       0 |             0 |      1155
     1050 |     +0.0% |       0 |       0 |             0 |      1145
     1060 |     +0.0% |       0 |       0 |             0 |      1135
     1070 |     +0.0% |       0 |       0 |             0 |      1125
     1080 |     +0.0% |       0 |       0 |             0 |      1115
     1090 |     +0.0% |       0 |       0 |             0 |      1105
     1100 |     +0.0% |       0 |       0 |             0 |      1095
     1110 |     +0.0% |       0 |       0 |             0 |      1085
     1120 |     +0.0% |       0 |       0 |             0 |      1075
     1130 |     +0.0% |       0 |       0 |             0 |      1065
     1140 |     +0.0% |       0 |       0 |             0 |      1055
     1150 |     +0.0% |       0 |       0 |             0 |      1045
     1160 |     +0.0% |       0 |       0 |             0 |      1035
     1170 |     +0.0% |       0 |       0 |             0 |      1025
     1180 |     +0.0% |       0 |       0 |             0 |      1015
     1190 |     +0.0% |       0 |       0 |             0 |      1005
     1200 |     +0.0% |       0 |       0 |             0 |       995
     1210 |     +0.0% |       0 |       0 |             0 |       985
     1220 |     +0.0% |       0 |       0 |             0 |       975
     1230 |     +0.0% |       0 |       0 |             0 |       965
     1240 |     +0.0% |       0 |       0 |             0 |       955
     1250 |     +0.0% |       0 |       0 |             0 |       945
     1260 |     +0.0% |       0 |       0 |             0 |       935
     1270 |     +0.0% |       0 |       0 |             0 |       925
     1280 |     +0.0% |       0 |       0 |             0 |       915
     1290 |     +0.0% |       0 |       0 |             0 |       905
     1300 |     +0.0% |       0 |       0 |             0 |       895
     1310 |     +0.0% |       0 |       0 |             0 |       885
     1320 |     +0.0% |       0 |       0 |             0 |       875
     1330 |     +0.0% |       0 |       0 |             0 |       865
     1340 |     +0.0% |       0 |       0 |             0 |       855
     1350 |     +0.0% |       0 |       0 |             0 |       845
     1360 |     +0.0% |       0 |       0 |             0 |       835
     1370 |     +0.0% |       0 |       0 |             0 |       825
     1380 |     +0.0% |       0 |       0 |             0 |       815
     1390 |     +0.0% |       0 |       0 |             0 |       805
     1400 |     +0.0% |       0 |       0 |             0 |       795
     1410 |     +0.0% |       0 |       0 |             0 |       785
     1420 |     +0.0% |       0 |       0 |             0 |       775
     1430 |     +0.0% |       0 |       0 |             0 |       765
     1440 |     +0.0% |       0 |       0 |             0 |       755
     1450 |     +0.0% |       0 |       0 |             0 |       745
     1460 |     +0.0% |       0 |       0 |             0 |       735
     1470 |     +0.0% |       0 |       0 |             0 |       725
     1480 |     +0.0% |       0 |       0 |             0 |       715
     1490 |     +0.0% |       0 |       0 |             0 |       705
     1500 |     +0.0% |       0 |       0 |             0 |       695
     1510 |     +0.0% |       0 |       0 |             0 |       685
     1520 |     +0.0% |       0 |       0 |             0 |       675
     1530 |     +0.0% |       0 |       0 |             0 |       665
     1540 |     +0.0% |       0 |       0 |             0 |       655
     1550 |     +0.0% |       0 |       0 |             0 |       645
     1560 |     +0.0% |       0 |       0 |             0 |       635
     1570 |     +0.0% |       0 |       0 |             0 |       625
     1580 |     +0.0% |       0 |       0 |             0 |       615
     1590 |     +0.0% |       0 |       0 |             0 |       605
     1600 |     +0.0% |       0 |       0 |             0 |       595
     1610 |     +0.0% |       0 |       0 |             0 |       585
     1620 |     +0.0% |       0 |       0 |             0 |       575
     1630 |     +0.0% |       0 |       0 |             0 |       565
     1640 |     +0.0% |       0 |       0 |             0 |       555
     1650 |     +0.0% |       0 |       0 |             0 |       545
     1660 |     +0.0% |       0 |       0 |             0 |       535
     1670 |     +0.0% |       0 |       0 |             0 |       525
     1680 |     +0.0% |       0 |       0 |             0 |       515
     1690 |     +0.0% |       0 |       0 |             0 |       505
     1700 |     +0.0% |       0 |       0 |             0 |       495
     1710 |     +0.0% |       0 |       0 |             0 |       485
     1720 |     +0.0% |       0 |       0 |             0 |       475
     1730 |     +0.0% |       0 |       0 |             0 |       465
     1740 |     +0.0% |       0 |       0 |             0 |       455
     1750 |     +0.0% |       0 |       0 |             0 |       445
     1760 |     +0.0% |       0 |       0 |             0 |       435
     1770 |     +0.0% |       0 |       0 |             0 |       425
     1780 |     +0.0% |       0 |       0 |             0 |       415
     1790 |     +0.0% |       0 |       0 |             0 |       405
     1800 |     +0.0% |       0 |       0 |             0 |       395
     1810 |     +0.0% |       0 |       0 |             0 |       385
     1820 |     +0.0% |       0 |       0 |             0 |       375
     1830 |     +0.0% |       0 |       0 |             0 |       365
     1840 |     +0.0% |       0 |       0 |             0 |       355
     1850 |     +0.0% |       0 |       0 |             0 |       345
     1860 |     +0.0% |       0 |       0 |             0 |       335
     1870 |     +0.0% |       0 |       0 |             0 |       325
     1880 |     +0.0% |       0 |       0 |             0 |       315
     1890 |     +0.0% |       0 |       0 |             0 |       305
     1900 |     +0.0% |       0 |       0 |             0 |       295
     1910 |     +0.0% |       0 |       0 |             0 |       285
     1920 |     +0.0% |       0 |       0 |             0 |       275
     1930 |     +0.0% |       0 |       0 |             0 |       265
     1940 |     +0.0% |       0 |       0 |             0 |       255
     1950 |     +0.0% |       0 |       0 |             0 |       245
     1960 |     +0.0% |       0 |       0 |             0 |       235
     1970 |     +0.0% |       0 |       0 |             0 |       225
     1980 |     +0.0% |       0 |       0 |             0 |       215
     1990 |     +0.0% |       0 |       0 |             0 |       205
     2000 |     +0.0% |       0 |       0 |             0 |       195
     2010 |     +0.0% |       0 |       0 |             0 |       185
     2020 |     +0.0% |       0 |       0 |             0 |       175
     2030 |     +0.0% |       0 |       0 |             0 |       165
     2040 |     +0.0% |       0 |       0 |             0 |       155
     2050 |     +0.0% |       0 |       0 |             0 |       145
     2060 |     +0.0% |       0 |       0 |             0 |       135
     2070 |     +0.0% |       0 |       0 |             0 |       125
     2080 |     +0.0% |       0 |       0 |             0 |       115
     2090 |     +0.0% |       0 |       0 |             0 |       105
     2100 |     +0.0% |       0 |       0 |             0 |        95
     2110 |     +0.0% |       0 |       0 |             0 |        85
     2120 |     +0.0% |       0 |       0 |             0 |        75
     2130 |     +0.0% |       0 |       0 |             0 |        65
     2140 |     +0.0% |       0 |       0 |             0 |        55
     2150 |     +0.0% |       0 |       0 |             0 |        45
     2160 |     +0.0% |       0 |       0 |             0 |        35
     2170 |     +0.0% |       0 |       0 |             0 |        25
     2180 |     +0.0% |       0 |       0 |             0 |        15
     2190 |     +0.0% |       0 |       0 |             0 |         5
    final |     +0.0% |       0 |       0 |             0 |         0
---------------------------------------------------------------------
global_route -start_incremental
detailed_placement
[INFO DPL-0006] Core area: 6921.05 um^2, Instances area: 2601.48 um^2, Utilization: 37.6%
[INFO DPL-0005] Diamond search max displacement: +/- 500 sites horizontally, +/- 100 rows vertically.
[INFO DPL-1101] Legalizing using diamond search.
Movements Summary
---------------------------------------
Total cells:                    1971
Diamond Move Success:           1971 (100.00%)
Diamond Move Failure:              0
Rip-up and replace Success:        0 (  0.00% of diamond failures)
Rip-up and replace Failure:        0
Total Placement Failures:          0
---------------------------------------
Placement Analysis
---------------------------------
total displacement          0.0 u
average displacement        0.0 u
max displacement            0.0 u
original HPWL           24558.8 u
legalized HPWL          24558.8 u
delta HPWL                    0 %

global_route -end_incremental -congestion_report_file ./reports/nangate45/s5378/phase0c_f3e7b516a_s11_k8_B0_c899f812_7f655d61/congestion_post_repair_design.rpt
Repair setup and hold violations...
estimate_parasitics -global_routing
repair_timing -setup_margin 0 -hold_margin 0 -repair_tns 100 -verbose
[INFO RSZ-0100] Repair move sequence: UnbufferMove SizeUpMove SwapPinsMove BufferMove CloneMove SplitLoadMove 
[INFO RSZ-0098] No setup violations found
[INFO RSZ-0033] No hold violations found.
global_route -start_incremental
detailed_placement
[INFO DPL-0006] Core area: 6921.05 um^2, Instances area: 2601.48 um^2, Utilization: 37.6%
[INFO DPL-0005] Diamond search max displacement: +/- 500 sites horizontally, +/- 100 rows vertically.
[INFO DPL-1101] Legalizing using diamond search.
Movements Summary
---------------------------------------
Total cells:                    1971
Diamond Move Success:           1971 (100.00%)
Diamond Move Failure:              0
Rip-up and replace Success:        0 (  0.00% of diamond failures)
Rip-up and replace Failure:        0
Total Placement Failures:          0
---------------------------------------
Placement Analysis
---------------------------------
total displacement          0.0 u
average displacement        0.0 u
max displacement            0.0 u
original HPWL           24558.8 u
legalized HPWL          24558.8 u
delta HPWL                    0 %

check_placement -verbose
global_route -end_incremental -congestion_report_file ./reports/nangate45/s5378/phase0c_f3e7b516a_s11_k8_B0_c899f812_7f655d61/congestion_post_repair_timing.rpt
estimate_parasitics -global_routing
global_route -start_incremental
global_route -end_incremental -congestion_report_file ./reports/nangate45/s5378/phase0c_f3e7b516a_s11_k8_B0_c899f812_7f655d61/congestion_post_recover_power.rpt
Repair antennas...
[WARNING GRT-0246] No diode with LEF class CORE ANTENNACELL found.
[INFO ANT-0002] Found 0 net violations.
[INFO ANT-0001] Found 0 pin violations.
Estimate parasitics...
estimate_parasitics -global_routing
Report metrics stage 5, global route...

==========================================================================
global route report_design_area
--------------------------------------------------------------------------
Design area 2601 um^2 38% utilization.
[INFO FLW-0007] clock clk period 10.000000
[INFO FLW-0008] Clock clk period 0.872
[INFO FLW-0009] Clock clk slack 9.082
write_sdc -no_timestamp ./results/nangate45/s5378/phase0c_f3e7b516a_s11_k8_B0_c899f812_7f655d61/updated_clks.sdc
[INFO FLW-0011] Path endpoint path count 788
write_db ./results/nangate45/s5378/phase0c_f3e7b516a_s11_k8_B0_c899f812_7f655d61/5_1_grt.odb
write_sdc -no_timestamp ./results/nangate45/s5378/phase0c_f3e7b516a_s11_k8_B0_c899f812_7f655d61/5_1_grt.sdc
Log                       Ext     Elapsed/s Peak Memory/MB sha1sum result [0:20)
5_1_grt                   .odb            7            302 4c98d5fcc47d2135c9a2
5_1_grt                   .sdc                             dc3b136b356fec3f3ef5
/root/pact-deps/OpenROAD-flow-scripts/flow/scripts/flow.sh 5_2_route detail_route
Running detail_route.tcl, stage 5_2_route
read_liberty /root/pact-deps/OpenROAD-flow-scripts/flow/platforms/nangate45/lib/NangateOpenCellLibrary_typical.lib
read_db ./results/nangate45/s5378/phase0c_f3e7b516a_s11_k8_B0_c899f812_7f655d61/5_1_grt.odb
read_sdc ./results/nangate45/s5378/phase0c_f3e7b516a_s11_k8_B0_c899f812_7f655d61/5_1_grt.sdc
source /root/pact-deps/OpenROAD-flow-scripts/flow/platforms/nangate45/setRC.tcl
detailed_route -output_drc ./reports/nangate45/s5378/phase0c_f3e7b516a_s11_k8_B0_c899f812_7f655d61/5_route_drc.rpt -output_maze ./results/nangate45/s5378/phase0c_f3e7b516a_s11_k8_B0_c899f812_7f655d61/maze.log -droute_end_iter 64 -verbose 1 -drc_report_iter_step 5
[INFO DRT-0149] Reading tech and libs.

Units:                2000
Number of layers:     21
Number of macros:     135
Number of vias:       33
Number of viarulegen: 19

[INFO DRT-0150] Reading design.

Design:                   s5378
Die area:                 ( 0 0 ) ( 171970 171970 )
Number of track patterns: 20
Number of DEF vias:       0
Number of components:     2089
Number of terminals:      104
Number of snets:          2
Number of nets:           2001

[INFO DRT-0167] List of default vias:
  Layer via2
    default via: via2_5
  Layer via3
    default via: via3_2
  Layer via4
    default via: via4_0
  Layer via5
    default via: via5_0
  Layer via6
    default via: via6_0
  Layer via7
    default via: via7_0
  Layer via8
    default via: via8_0
  Layer via9
    default via: via9_0
[INFO DRT-0162] Library cell analysis.
[INFO DRT-0163] Instance analysis.
[INFO DRT-0164] Number of unique instances = 32.
[INFO DRT-0168] Init region query.
[INFO DRT-0024]   Complete active.
[INFO DRT-0024]   Complete Fr_VIA.
[INFO DRT-0024]   Complete metal1.
[INFO DRT-0024]   Complete via1.
[INFO DRT-0024]   Complete metal2.
[INFO DRT-0024]   Complete via2.
[INFO DRT-0024]   Complete metal3.
[INFO DRT-0024]   Complete via3.
[INFO DRT-0024]   Complete metal4.
[INFO DRT-0024]   Complete via4.
[INFO DRT-0024]   Complete metal5.
[INFO DRT-0024]   Complete via5.
[INFO DRT-0024]   Complete metal6.
[INFO DRT-0024]   Complete via6.
[INFO DRT-0024]   Complete metal7.
[INFO DRT-0024]   Complete via7.
[INFO DRT-0024]   Complete metal8.
[INFO DRT-0024]   Complete via8.
[INFO DRT-0024]   Complete metal9.
[INFO DRT-0024]   Complete via9.
[INFO DRT-0024]   Complete metal10.
[INFO DRT-0033] active shape region query size = 0.
[INFO DRT-0033] FR_VIA shape region query size = 0.
[INFO DRT-0033] metal1 shape region query size = 29401.
[INFO DRT-0033] via1 shape region query size = 270.
[INFO DRT-0033] metal2 shape region query size = 180.
[INFO DRT-0033] via2 shape region query size = 270.
[INFO DRT-0033] metal3 shape region query size = 180.
[INFO DRT-0033] via3 shape region query size = 270.
[INFO DRT-0033] metal4 shape region query size = 102.
[INFO DRT-0033] via4 shape region query size = 90.
[INFO DRT-0033] metal5 shape region query size = 77.
[INFO DRT-0033] via5 shape region query size = 90.
[INFO DRT-0033] metal6 shape region query size = 61.
[INFO DRT-0033] via6 shape region query size = 36.
[INFO DRT-0033] metal7 shape region query size = 21.
[INFO DRT-0033] via7 shape region query size = 0.
[INFO DRT-0033] metal8 shape region query size = 0.
[INFO DRT-0033] via8 shape region query size = 0.
[INFO DRT-0033] metal9 shape region query size = 0.
[INFO DRT-0033] via9 shape region query size = 0.
[INFO DRT-0033] metal10 shape region query size = 0.
[INFO DRT-0165] Start pin access.
[INFO DRT-0078]   Complete 152 pins.
[INFO DRT-0081]   Complete 32 unique inst patterns.
[INFO DRT-0084]   Complete 1185 groups.
#scanned instances     = 2089
#unique  instances     = 32
#stdCellGenAp          = 621
#stdCellValidPlanarAp  = 0
#stdCellValidViaAp     = 496
#stdCellPinNoAp        = 0
#stdCellPinCnt         = 5897
#instTermValidViaApCnt = 0
#macroGenAp            = 0
#macroValidPlanarAp    = 0
#macroValidViaAp       = 0
#macroNoAp             = 0
[INFO DRT-0166] Complete pin access.
[INFO DRT-0267] cpu time = 00:00:14, elapsed time = 00:00:02, memory = 261.87 (MB), peak = 261.52 (MB)

[INFO DRT-0157] Number of guides:     16425

[INFO DRT-0169] Post process guides.
[INFO DRT-0176] GCELLGRID X 0 DO 30 STEP 5700 ;
[INFO DRT-0177] GCELLGRID Y 0 DO 30 STEP 5700 ;
[INFO DRT-0028]   Complete active.
[INFO DRT-0028]   Complete Fr_VIA.
[INFO DRT-0028]   Complete metal1.
[INFO DRT-0028]   Complete via1.
[INFO DRT-0028]   Complete metal2.
[INFO DRT-0028]   Complete via2.
[INFO DRT-0028]   Complete metal3.
[INFO DRT-0028]   Complete via3.
[INFO DRT-0028]   Complete metal4.
[INFO DRT-0028]   Complete via4.
[INFO DRT-0028]   Complete metal5.
[INFO DRT-0028]   Complete via5.
[INFO DRT-0028]   Complete metal6.
[INFO DRT-0028]   Complete via6.
[INFO DRT-0028]   Complete metal7.
[INFO DRT-0028]   Complete via7.
[INFO DRT-0028]   Complete metal8.
[INFO DRT-0028]   Complete via8.
[INFO DRT-0028]   Complete metal9.
[INFO DRT-0028]   Complete via9.
[INFO DRT-0028]   Complete metal10.
[INFO DRT-0178] Init guide query.
[INFO DRT-0035]   Complete active (guide).
[INFO DRT-0035]   Complete Fr_VIA (guide).
[INFO DRT-0035]   Complete metal1 (guide).
[INFO DRT-0035]   Complete via1 (guide).
[INFO DRT-0035]   Complete metal2 (guide).
[INFO DRT-0035]   Complete via2 (guide).
[INFO DRT-0035]   Complete metal3 (guide).
[INFO DRT-0035]   Complete via3 (guide).
[INFO DRT-0035]   Complete metal4 (guide).
[INFO DRT-0035]   Complete via4 (guide).
[INFO DRT-0035]   Complete metal5 (guide).
[INFO DRT-0035]   Complete via5 (guide).
[INFO DRT-0035]   Complete metal6 (guide).
[INFO DRT-0035]   Complete via6 (guide).
[INFO DRT-0035]   Complete metal7 (guide).
[INFO DRT-0035]   Complete via7 (guide).
[INFO DRT-0035]   Complete metal8 (guide).
[INFO DRT-0035]   Complete via8 (guide).
[INFO DRT-0035]   Complete metal9 (guide).
[INFO DRT-0035]   Complete via9 (guide).
[INFO DRT-0035]   Complete metal10 (guide).
[INFO DRT-0036] active guide region query size = 0.
[INFO DRT-0036] FR_VIA guide region query size = 0.
[INFO DRT-0036] metal1 guide region query size = 5289.
[INFO DRT-0036] via1 guide region query size = 0.
[INFO DRT-0036] metal2 guide region query size = 4834.
[INFO DRT-0036] via2 guide region query size = 0.
[INFO DRT-0036] metal3 guide region query size = 2748.
[INFO DRT-0036] via3 guide region query size = 0.
[INFO DRT-0036] metal4 guide region query size = 518.
[INFO DRT-0036] via4 guide region query size = 0.
[INFO DRT-0036] metal5 guide region query size = 227.
[INFO DRT-0036] via5 guide region query size = 0.
[INFO DRT-0036] metal6 guide region query size = 68.
[INFO DRT-0036] via6 guide region query size = 0.
[INFO DRT-0036] metal7 guide region query size = 1.
[INFO DRT-0036] via7 guide region query size = 0.
[INFO DRT-0036] metal8 guide region query size = 0.
[INFO DRT-0036] via8 guide region query size = 0.
[INFO DRT-0036] metal9 guide region query size = 0.
[INFO DRT-0036] via9 guide region query size = 0.
[INFO DRT-0036] metal10 guide region query size = 0.
[INFO DRT-0179] Init gr pin query.
[INFO DRT-0267] cpu time = 00:00:00, elapsed time = 00:00:00, memory = 267.74 (MB), peak = 267.39 (MB)
[INFO DRT-0245] skipped writing guide updates to database.
[INFO DRT-0181] Start track assignment.
[INFO DRT-0184] Done with 5420 vertical wires in 1 frboxes and 8265 horizontal wires in 1 frboxes.
[INFO DRT-0186] Done with 1668 vertical wires in 1 frboxes and 1796 horizontal wires in 1 frboxes.
[INFO DRT-0182] Complete track assignment.
[INFO DRT-0267] cpu time = 00:00:01, elapsed time = 00:00:01, memory = 289.12 (MB), peak = 288.79 (MB)
[INFO DRT-0187] Start routing data preparation.
[INFO DRT-0267] cpu time = 00:00:00, elapsed time = 00:00:00, memory = 290.23 (MB), peak = 289.79 (MB)
[INFO DRT-0194] Start detail routing.
[INFO DRT-0195] Start 0th optimization iteration.
    Completing 10% with 0 violations.
    elapsed time = 00:00:00, memory = 333.43 (MB).
    Completing 20% with 0 violations.
    elapsed time = 00:00:00, memory = 340.49 (MB).
    Completing 30% with 0 violations.
    elapsed time = 00:00:01, memory = 333.62 (MB).
    Completing 40% with 79 violations.
    elapsed time = 00:00:04, memory = 376.84 (MB).
    Completing 50% with 79 violations.
    elapsed time = 00:00:05, memory = 366.48 (MB).
    Completing 60% with 79 violations.
    elapsed time = 00:00:07, memory = 338.35 (MB).
    Completing 70% with 148 violations.
    elapsed time = 00:00:07, memory = 382.71 (MB).
    Completing 80% with 148 violations.
    elapsed time = 00:00:11, memory = 369.80 (MB).
    Completing 90% with 245 violations.
    elapsed time = 00:00:13, memory = 401.20 (MB).
    Completing 100% with 336 violations.
    elapsed time = 00:00:15, memory = 388.72 (MB).
[INFO DRT-0199]   Number of violations = 441.
Viol/Layer      metal1   via1 metal2 metal3 metal4
Metal Spacing        0      0     30      5      3
Recheck              2      0     52     44      7
Short                0      3    257     38      0
[INFO DRT-0267] cpu time = 00:00:40, elapsed time = 00:00:17, memory = 911.25 (MB), peak = 911.07 (MB)
Total wire length = 27739 um.
Total wire length on LAYER metal1 = 0 um.
Total wire length on LAYER metal2 = 10214 um.
Total wire length on LAYER metal3 = 11745 um.
Total wire length on LAYER metal4 = 3624 um.
Total wire length on LAYER metal5 = 1550 um.
Total wire length on LAYER metal6 = 596 um.
Total wire length on LAYER metal7 = 7 um.
Total wire length on LAYER metal8 = 0 um.
Total wire length on LAYER metal9 = 0 um.
Total wire length on LAYER metal10 = 0 um.
Total number of vias = 13433.
Up-via summary (total 13433):

----------------
 active        0
 metal1     5921
 metal2     6424
 metal3      715
 metal4      281
 metal5       90
 metal6        2
 metal7        0
 metal8        0
 metal9        0
----------------
       13433


[INFO DRT-0195] Start 1st optimization iteration.
    Completing 10% with 441 violations.
    elapsed time = 00:00:00, memory = 934.95 (MB).
    Completing 20% with 441 violations.
    elapsed time = 00:00:00, memory = 936.94 (MB).
    Completing 30% with 441 violations.
    elapsed time = 00:00:01, memory = 938.50 (MB).
    Completing 40% with 379 violations.
    elapsed time = 00:00:04, memory = 940.29 (MB).
    Completing 50% with 379 violations.
    elapsed time = 00:00:05, memory = 941.04 (MB).
    Completing 60% with 379 violations.
    elapsed time = 00:00:07, memory = 942.26 (MB).
    Completing 70% with 328 violations.
    elapsed time = 00:00:07, memory = 947.72 (MB).
    Completing 80% with 328 violations.
    elapsed time = 00:00:09, memory = 947.72 (MB).
    Completing 90% with 248 violations.
    elapsed time = 00:00:13, memory = 951.62 (MB).
    Completing 100% with 128 violations.
    elapsed time = 00:00:13, memory = 951.62 (MB).
[INFO DRT-0199]   Number of violations = 128.
Viol/Layer      metal2 metal3 metal4
Metal Spacing       20      2      9
Short               84      8      5
[INFO DRT-0267] cpu time = 00:00:38, elapsed time = 00:00:14, memory = 954.62 (MB), peak = 954.50 (MB)
Total wire length = 27491 um.
Total wire length on LAYER metal1 = 0 um.
Total wire length on LAYER metal2 = 10125 um.
Total wire length on LAYER metal3 = 11646 um.
Total wire length on LAYER metal4 = 3581 um.
Total wire length on LAYER metal5 = 1528 um.
Total wire length on LAYER metal6 = 600 um.
Total wire length on LAYER metal7 = 7 um.
Total wire length on LAYER metal8 = 0 um.
Total wire length on LAYER metal9 = 0 um.
Total wire length on LAYER metal10 = 0 um.
Total number of vias = 13371.
Up-via summary (total 13371):

----------------
 active        0
 metal1     5920
 metal2     6381
 metal3      702
 metal4      276
 metal5       90
 metal6        2
 metal7        0
 metal8        0
 metal9        0
----------------
       13371


[INFO DRT-0195] Start 2nd optimization iteration.
    Completing 10% with 128 violations.
    elapsed time = 00:00:00, memory = 954.62 (MB).
    Completing 20% with 128 violations.
    elapsed time = 00:00:00, memory = 954.62 (MB).
    Completing 30% with 128 violations.
    elapsed time = 00:00:02, memory = 954.62 (MB).
    Completing 40% with 138 violations.
    elapsed time = 00:00:03, memory = 954.62 (MB).
    Completing 50% with 138 violations.
    elapsed time = 00:00:05, memory = 954.62 (MB).
    Completing 60% with 138 violations.
    elapsed time = 00:00:06, memory = 954.62 (MB).
    Completing 70% with 153 violations.
    elapsed time = 00:00:06, memory = 954.62 (MB).
    Completing 80% with 153 violations.
    elapsed time = 00:00:11, memory = 961.85 (MB).
    Completing 90% with 137 violations.
    elapsed time = 00:00:14, memory = 961.99 (MB).
    Completing 100% with 138 violations.
    elapsed time = 00:00:15, memory = 961.99 (MB).
[INFO DRT-0199]   Number of violations = 138.
Viol/Layer      metal2 metal3
Metal Spacing       31      2
Short               94     11
[INFO DRT-0267] cpu time = 00:00:35, elapsed time = 00:00:16, memory = 961.99 (MB), peak = 961.75 (MB)
Total wire length = 27460 um.
Total wire length on LAYER metal1 = 0 um.
Total wire length on LAYER metal2 = 10094 um.
Total wire length on LAYER metal3 = 11633 um.
Total wire length on LAYER metal4 = 3587 um.
Total wire length on LAYER metal5 = 1558 um.
Total wire length on LAYER metal6 = 587 um.
Total wire length on LAYER metal7 = 0 um.
Total wire length on LAYER metal8 = 0 um.
Total wire length on LAYER metal9 = 0 um.
Total wire length on LAYER metal10 = 0 um.
Total number of vias = 13357.
Up-via summary (total 13357):

----------------
 active        0
 metal1     5925
 metal2     6356
 metal3      706
 metal4      283
 metal5       87
 metal6        0
 metal7        0
 metal8        0
 metal9        0
----------------
       13357


[INFO DRT-0195] Start 3rd optimization iteration.
    Completing 10% with 138 violations.
    elapsed time = 00:00:00, memory = 961.99 (MB).
    Completing 20% with 138 violations.
    elapsed time = 00:00:00, memory = 961.99 (MB).
    Completing 30% with 138 violations.
    elapsed time = 00:00:01, memory = 961.99 (MB).
    Completing 40% with 122 violations.
    elapsed time = 00:00:02, memory = 961.99 (MB).
    Completing 50% with 122 violations.
    elapsed time = 00:00:02, memory = 961.99 (MB).
    Completing 60% with 122 violations.
    elapsed time = 00:00:03, memory = 961.99 (MB).
    Completing 70% with 81 violations.
    elapsed time = 00:00:04, memory = 961.99 (MB).
    Completing 80% with 81 violations.
    elapsed time = 00:00:05, memory = 961.99 (MB).
    Completing 90% with 35 violations.
    elapsed time = 00:00:07, memory = 963.12 (MB).
    Completing 100% with 0 violations.
    elapsed time = 00:00:09, memory = 963.12 (MB).
[INFO DRT-0199]   Number of violations = 0.
[INFO DRT-0267] cpu time = 00:00:20, elapsed time = 00:00:08, memory = 963.12 (MB), peak = 962.88 (MB)
Total wire length = 27456 um.
Total wire length on LAYER metal1 = 0 um.
Total wire length on LAYER metal2 = 9922 um.
Total wire length on LAYER metal3 = 11678 um.
Total wire length on LAYER metal4 = 3729 um.
Total wire length on LAYER metal5 = 1555 um.
Total wire length on LAYER metal6 = 569 um.
Total wire length on LAYER metal7 = 0 um.
Total wire length on LAYER metal8 = 0 um.
Total wire length on LAYER metal9 = 0 um.
Total wire length on LAYER metal10 = 0 um.
Total number of vias = 13470.
Up-via summary (total 13470):

----------------
 active        0
 metal1     5928
 metal2     6411
 metal3      765
 metal4      283
 metal5       83
 metal6        0
 metal7        0
 metal8        0
 metal9        0
----------------
       13470


[INFO DRT-0198] Complete detail routing.
Total wire length = 27456 um.
Total wire length on LAYER metal1 = 0 um.
Total wire length on LAYER metal2 = 9922 um.
Total wire length on LAYER metal3 = 11678 um.
Total wire length on LAYER metal4 = 3729 um.
Total wire length on LAYER metal5 = 1555 um.
Total wire length on LAYER metal6 = 569 um.
Total wire length on LAYER metal7 = 0 um.
Total wire length on LAYER metal8 = 0 um.
Total wire length on LAYER metal9 = 0 um.
Total wire length on LAYER metal10 = 0 um.
Total number of vias = 13470.
Up-via summary (total 13470):

----------------
 active        0
 metal1     5928
 metal2     6411
 metal3      765
 metal4      283
 metal5       83
 metal6        0
 metal7        0
 metal8        0
 metal9        0
----------------
       13470


[INFO DRT-0267] cpu time = 00:02:14, elapsed time = 00:00:57, memory = 963.24 (MB), peak = 963.00 (MB)

[INFO DRT-0180] Post processing.
Took 62 seconds: detailed_route -output_drc ./reports/nangate45/s5378/phase0c_f3e7b516a_s11_k8_B0_c899f812_7f655d61/5_route_drc.rpt -output_maze ./results/nangate45/s5378/phase0c_f3e7b516a_s11_k8_B0_c899f812_7f655d61/maze.log -droute_end_iter 64 -verbose 1 -drc_report_iter_step 5
[WARNING GRT-0246] No diode with LEF class CORE ANTENNACELL found.
[INFO ANT-0002] Found 0 net violations.
[INFO ANT-0001] Found 0 pin violations.
[INFO ANT-0002] Found 0 net violations.
[INFO ANT-0001] Found 0 pin violations.
Design area 2601 um^2 38% utilization.
write_db ./results/nangate45/s5378/phase0c_f3e7b516a_s11_k8_B0_c899f812_7f655d61/5_2_route.odb
Log                       Ext     Elapsed/s Peak Memory/MB sha1sum result [0:20)
5_2_route                 .odb           67            963 9f45eaa29b07ddc6c56b
/root/pact-deps/OpenROAD-flow-scripts/flow/scripts/flow.sh 5_3_fillcell fillcell
Running fillcell.tcl, stage 5_3_fillcell
read_liberty /root/pact-deps/OpenROAD-flow-scripts/flow/platforms/nangate45/lib/NangateOpenCellLibrary_typical.lib
read_db ./results/nangate45/s5378/phase0c_f3e7b516a_s11_k8_B0_c899f812_7f655d61/5_2_route.odb
read_sdc ./results/nangate45/s5378/phase0c_f3e7b516a_s11_k8_B0_c899f812_7f655d61/5_1_grt.sdc
source /root/pact-deps/OpenROAD-flow-scripts/flow/platforms/nangate45/setRC.tcl
filler_placement "FILLCELL_X1 FILLCELL_X2 FILLCELL_X4 FILLCELL_X8 FILLCELL_X16 FILLCELL_X32"
[INFO DPL-0001] Placed 2558 filler instances.
Design area 2601 um^2 38% utilization.
write_db ./results/nangate45/s5378/phase0c_f3e7b516a_s11_k8_B0_c899f812_7f655d61/5_3_fillcell.odb
Log                       Ext     Elapsed/s Peak Memory/MB sha1sum result [0:20)
5_3_fillcell              .odb            0            117 c2890e2d753455e5cf64
cp ./results/nangate45/s5378/phase0c_f3e7b516a_s11_k8_B0_c899f812_7f655d61/5_3_fillcell.odb ./results/nangate45/s5378/phase0c_f3e7b516a_s11_k8_B0_c899f812_7f655d61/5_route.odb
cp ./results/nangate45/s5378/phase0c_f3e7b516a_s11_k8_B0_c899f812_7f655d61/5_1_grt.sdc ./results/nangate45/s5378/phase0c_f3e7b516a_s11_k8_B0_c899f812_7f655d61/5_route.sdc
