
==========================================================================
global route report_tns
--------------------------------------------------------------------------
tns max 0.00

==========================================================================
global route report_wns
--------------------------------------------------------------------------
wns max 0.00

==========================================================================
global route report_worst_slack
--------------------------------------------------------------------------
worst slack max 8.10

==========================================================================
global route report_clock_min_period
--------------------------------------------------------------------------
clk period_min = 1.90 fmax = 525.13

==========================================================================
global route report_clock_skew
--------------------------------------------------------------------------
Clock clk
   0.16 source latency U_g1011/CK ^
  -0.17 target latency U_g1330/CK ^
   0.00 CRPR
--------------
  -0.01 setup skew


==========================================================================
global route report_checks -path_delay min
--------------------------------------------------------------------------
Startpoint: g1696 (input port clocked by clk)
Endpoint: U_g1703 (rising edge-triggered flip-flop clocked by clk)
Path Group: clk
Path Type: min

Fanout     Cap    Slew   Delay    Time   Description
-----------------------------------------------------------------------------
                          0.00    0.00   clock clk (rise edge)
                          0.00    0.00   clock network delay (propagated)
                          0.00    0.00 v input external delay
     1    1.52    0.00    0.00    0.00 v g1696 (in)
                                         g1696 (net)
                  0.00    0.00    0.00 v hold361/A (CLKBUF_X1)
     1    1.96    0.01    0.03    0.03 v hold361/Z (CLKBUF_X1)
                                         net360 (net)
                  0.01    0.00    0.03 v input19/A (BUF_X1)
     5   10.38    0.01    0.04    0.07 v input19/Z (BUF_X1)
                                         net19 (net)
                  0.01    0.00    0.07 v U_I5591/A1 (NAND2_X1)
     2    4.49    0.01    0.02    0.09 ^ U_I5591/ZN (NAND2_X1)
                                         I5591 (net)
                  0.01    0.00    0.09 ^ U_I5593/A2 (NAND2_X1)
     1    2.54    0.01    0.02    0.11 v U_I5593/ZN (NAND2_X1)
                                         I5593 (net)
                  0.01    0.00    0.11 v U_g2510/A2 (NAND2_X1)
     1    1.48    0.01    0.02    0.12 ^ U_g2510/ZN (NAND2_X1)
                                         g2510 (net)
                  0.01    0.00    0.12 ^ U_g5083/A1 (AND2_X1)
     1    1.95    0.01    0.03    0.15 ^ U_g5083/ZN (AND2_X1)
                                         g5083 (net)
                  0.01    0.00    0.15 ^ U_g1703/D (SDFF_X1)
                                  0.15   data arrival time

                          0.00    0.00   clock clk (rise edge)
                          0.00    0.00   clock source latency
     1   16.40    0.00    0.00    0.00 ^ CK (in)
                                         CK (net)
                  0.00    0.00    0.00 ^ clkbuf_0_CK/A (CLKBUF_X3)
     8   38.49    0.03    0.05    0.06 ^ clkbuf_0_CK/Z (CLKBUF_X3)
                                         clknet_0_CK (net)
                  0.03    0.00    0.06 ^ clkbuf_3_3__f_CK/A (CLKBUF_X3)
    11   31.10    0.03    0.06    0.12 ^ clkbuf_3_3__f_CK/Z (CLKBUF_X3)
                                         clknet_3_3__leaf_CK (net)
                  0.03    0.00    0.12 ^ clkbuf_leaf_57_CK/A (CLKBUF_X3)
     7   10.96    0.01    0.04    0.16 ^ clkbuf_leaf_57_CK/Z (CLKBUF_X3)
                                         clknet_leaf_57_CK (net)
                  0.01    0.00    0.16 ^ U_g1703/CK (SDFF_X1)
                          0.00    0.16   clock reconvergence pessimism
                         -0.01    0.15   library hold time
                                  0.15   data required time
-----------------------------------------------------------------------------
                                  0.15   data required time
                                 -0.15   data arrival time
-----------------------------------------------------------------------------
                                  0.00   slack (MET)



==========================================================================
global route report_checks -path_delay max
--------------------------------------------------------------------------
Startpoint: g48 (input port clocked by clk)
Endpoint: U_g336 (rising edge-triggered flip-flop clocked by clk)
Path Group: clk
Path Type: max

Fanout     Cap    Slew   Delay    Time   Description
-----------------------------------------------------------------------------
                          0.00    0.00   clock clk (rise edge)
                          0.00    0.00   clock network delay (propagated)
                          0.00    0.00 v input external delay
     1    1.57    0.00    0.00    0.00 v g48 (in)
                                         g48 (net)
                  0.00    0.00    0.00 v input38/A (BUF_X1)
    14   35.40    0.04    0.06    0.06 v input38/Z (BUF_X1)
                                         net38 (net)
                  0.04    0.00    0.07 v U_g6351/A2 (AND2_X1)
     1    3.74    0.01    0.05    0.12 v U_g6351/ZN (AND2_X1)
                                         g6351 (net)
                  0.01    0.00    0.12 v U_I11360/A (INV_X1)
    16   25.86    0.06    0.07    0.19 ^ U_I11360/ZN (INV_X1)
                                         I11360 (net)
                  0.06    0.00    0.19 ^ U_g8109/A2 (NAND2_X1)
     1    1.77    0.02    0.02    0.21 v U_g8109/ZN (NAND2_X1)
                                         g8109 (net)
                  0.02    0.00    0.21 v U_g8289/A2 (AND3_X1)
     1    2.52    0.01    0.04    0.25 v U_g8289/ZN (AND3_X1)
                                         g8289 (net)
                  0.01    0.00    0.25 v U_g8465/A (INV_X1)
     3    4.36    0.01    0.02    0.27 ^ U_g8465/ZN (INV_X1)
                                         g8465 (net)
                  0.01    0.00    0.27 ^ U_g8617/A (INV_X1)
     4    8.97    0.01    0.02    0.28 v U_g8617/ZN (INV_X1)
                                         g8617 (net)
                  0.01    0.00    0.29 v U_g8744/A1 (NAND3_X1)
     1    3.14    0.01    0.02    0.31 ^ U_g8744/ZN (NAND3_X1)
                                         g8744 (net)
                  0.01    0.00    0.31 ^ U_g8828/A (INV_X1)
     8   10.64    0.01    0.02    0.33 v U_g8828/ZN (INV_X1)
                                         g8828 (net)
                  0.01    0.00    0.33 v U_g8960/A3 (AND3_X1)
     1    2.23    0.01    0.04    0.37 v U_g8960/ZN (AND3_X1)
                                         g8960 (net)
                  0.01    0.00    0.37 v U_g9223/A2 (AND2_X2)
    10   14.83    0.01    0.04    0.40 v U_g9223/ZN (AND2_X2)
                                         g9223 (net)
                  0.01    0.00    0.40 v U_g9388/A2 (OR2_X1)
     1    1.23    0.01    0.05    0.45 v U_g9388/ZN (OR2_X1)
                                         g9388 (net)
                  0.01    0.00    0.45 v U_g9785/A3 (OR4_X1)
    14   20.77    0.04    0.15    0.61 v U_g9785/ZN (OR4_X1)
                                         g9785 (net)
                  0.04    0.00    0.61 v U_I15051/A4 (OR4_X1)
     1    2.99    0.02    0.13    0.74 v U_I15051/ZN (OR4_X1)
                                         I15051 (net)
                  0.02    0.00    0.74 v U_g9880/A4 (NOR4_X1)
     1    2.70    0.05    0.09    0.83 ^ U_g9880/ZN (NOR4_X1)
                                         g9880 (net)
                  0.05    0.00    0.83 ^ U_I15200/A4 (OR4_X1)
     1    2.32    0.01    0.04    0.87 ^ U_I15200/ZN (OR4_X1)
                                         I15200 (net)
                  0.01    0.00    0.87 ^ U_g9995/A2 (OR2_X1)
     6   12.67    0.03    0.05    0.92 ^ U_g9995/ZN (OR2_X1)
                                         g9995 (net)
                  0.03    0.00    0.93 ^ U_I15503/A (INV_X1)
     5    9.30    0.01    0.02    0.95 v U_I15503/ZN (INV_X1)
                                         I15503 (net)
                  0.01    0.00    0.95 v U_g10430/A1 (NOR2_X1)
     7   14.06    0.07    0.09    1.04 ^ U_g10430/ZN (NOR2_X1)
                                         g10430 (net)
                  0.07    0.00    1.04 ^ U_I16030/A2 (NAND2_X1)
     2    4.90    0.02    0.03    1.07 v U_I16030/ZN (NAND2_X1)
                                         I16030 (net)
                  0.02    0.00    1.07 v U_I16031/A2 (NAND2_X1)
     1    2.89    0.01    0.02    1.10 ^ U_I16031/ZN (NAND2_X1)
                                         I16031 (net)
                  0.01    0.00    1.10 ^ U_g10475/A1 (NAND2_X1)
     1    1.14    0.01    0.01    1.11 v U_g10475/ZN (NAND2_X1)
                                         g10475 (net)
                  0.01    0.00    1.11 v U_I16161/A4 (OR4_X1)
     1    1.21    0.02    0.11    1.22 v U_I16161/ZN (OR4_X1)
                                         I16161 (net)
                  0.02    0.00    1.22 v U_g10529/A2 (OR2_X1)
     1    2.93    0.01    0.06    1.28 v U_g10529/ZN (OR2_X1)
                                         g10529 (net)
                  0.01    0.00    1.28 v U_g10562/A2 (NOR2_X1)
     1    2.45    0.02    0.03    1.31 ^ U_g10562/ZN (NOR2_X1)
                                         g10562 (net)
                  0.02    0.00    1.31 ^ U_g10702/A1 (OR2_X2)
    24   43.26    0.05    0.07    1.38 ^ U_g10702/ZN (OR2_X2)
                                         g10702 (net)
                  0.05    0.01    1.39 ^ FE_OFC10_g10702/A (INV_X1)
     4    6.26    0.02    0.02    1.41 v FE_OFC10_g10702/ZN (INV_X1)
                                         FE_OFN10_g10702 (net)
                  0.02    0.00    1.41 v FE_OFC13_g10702/A (INV_X1)
    23   37.62    0.08    0.10    1.51 ^ FE_OFC13_g10702/ZN (INV_X1)
                                         FE_OFN13_g10702 (net)
                  0.08    0.00    1.51 ^ U_g11010/A2 (AND2_X1)
     1    2.26    0.01    0.05    1.56 ^ U_g11010/ZN (AND2_X1)
                                         g11010 (net)
                  0.01    0.00    1.56 ^ U_g11227/A2 (OR2_X1)
     3    6.24    0.02    0.04    1.60 ^ U_g11227/ZN (OR2_X1)
                                         g11227 (net)
                  0.02    0.00    1.60 ^ U_I17295/A2 (NAND2_X1)
     2    5.47    0.01    0.02    1.62 v U_I17295/ZN (NAND2_X1)
                                         I17295 (net)
                  0.01    0.00    1.62 v U_I17297/A2 (NAND2_X1)
     1    3.46    0.01    0.02    1.64 ^ U_I17297/ZN (NAND2_X1)
                                         I17297 (net)
                  0.01    0.00    1.64 ^ U_g11416/A2 (NAND2_X1)
     2    3.62    0.01    0.02    1.66 v U_g11416/ZN (NAND2_X1)
                                         g11416 (net)
                  0.01    0.00    1.66 v U_I17400/A2 (NAND2_X1)
     2    3.91    0.01    0.02    1.69 ^ U_I17400/ZN (NAND2_X1)
                                         I17400 (net)
                  0.01    0.00    1.69 ^ U_I17402/A2 (NAND2_X1)
     1    3.01    0.01    0.02    1.70 v U_I17402/ZN (NAND2_X1)
                                         I17402 (net)
                  0.01    0.00    1.70 v U_g11449/A2 (NAND2_X1)
     2    5.03    0.02    0.02    1.73 ^ U_g11449/ZN (NAND2_X1)
                                         g11449 (net)
                  0.02    0.00    1.73 ^ U_I17459/A1 (NAND2_X1)
     2    4.09    0.01    0.02    1.75 v U_I17459/ZN (NAND2_X1)
                                         I17459 (net)
                  0.01    0.00    1.75 v U_I17461/A2 (NAND2_X1)
     1    2.92    0.01    0.02    1.77 ^ U_I17461/ZN (NAND2_X1)
                                         I17461 (net)
                  0.01    0.00    1.77 ^ U_g11474/A2 (NAND2_X1)
     2    4.23    0.01    0.02    1.79 v U_g11474/ZN (NAND2_X1)
                                         g11474 (net)
                  0.01    0.00    1.79 v U_I17485/A2 (NAND2_X1)
     2    3.71    0.01    0.02    1.81 ^ U_I17485/ZN (NAND2_X1)
                                         I17485 (net)
                  0.01    0.00    1.81 ^ U_I17487/A2 (NAND2_X1)
     1    1.83    0.01    0.01    1.83 v U_I17487/ZN (NAND2_X1)
                                         I17487 (net)
                  0.01    0.00    1.83 v U_g11490/A2 (NAND2_X1)
     1    2.23    0.01    0.02    1.85 ^ U_g11490/ZN (NAND2_X1)
                                         g11490 (net)
                  0.01    0.00    1.85 ^ U_g11515/A (INV_X1)
     3    5.93    0.01    0.01    1.86 v U_g11515/ZN (INV_X1)
                                         g11515 (net)
                  0.01    0.00    1.86 v U_g11544/A1 (AND2_X1)
     1    1.44    0.01    0.03    1.89 v U_g11544/ZN (AND2_X1)
                                         g11544 (net)
                  0.01    0.00    1.89 v U_g11580/A2 (OR2_X1)
     1    2.29    0.01    0.05    1.94 v U_g11580/ZN (OR2_X1)
                                         g11580 (net)
                  0.01    0.00    1.94 v U_g11596/A (INV_X1)
     1    1.18    0.01    0.01    1.95 ^ U_g11596/ZN (INV_X1)
                                         g11596 (net)
                  0.01    0.00    1.95 ^ U_g11637/A1 (AND2_X1)
     1    1.20    0.01    0.03    1.98 ^ U_g11637/ZN (AND2_X1)
                                         g11637 (net)
                  0.01    0.00    1.98 ^ U_g11647/A2 (OR2_X1)
     1    1.27    0.01    0.02    2.00 ^ U_g11647/ZN (OR2_X1)
                                         g11647 (net)
                  0.01    0.00    2.00 ^ U_g336/D (SDFF_X1)
                                  2.00   data arrival time

                         10.00   10.00   clock clk (rise edge)
                          0.00   10.00   clock source latency
     1   16.40    0.00    0.00   10.00 ^ CK (in)
                                         CK (net)
                  0.00    0.00   10.00 ^ clkbuf_0_CK/A (CLKBUF_X3)
     8   38.49    0.03    0.05   10.06 ^ clkbuf_0_CK/Z (CLKBUF_X3)
                                         clknet_0_CK (net)
                  0.03    0.00   10.06 ^ clkbuf_3_4__f_CK/A (CLKBUF_X3)
    12   31.32    0.03    0.06   10.12 ^ clkbuf_3_4__f_CK/Z (CLKBUF_X3)
                                         clknet_3_4__leaf_CK (net)
                  0.03    0.00   10.12 ^ clkbuf_leaf_13_CK/A (CLKBUF_X3)
     8   11.01    0.01    0.04   10.16 ^ clkbuf_leaf_13_CK/Z (CLKBUF_X3)
                                         clknet_leaf_13_CK (net)
                  0.01    0.00   10.16 ^ U_g336/CK (SDFF_X1)
                          0.00   10.16   clock reconvergence pessimism
                         -0.07   10.09   library setup time
                                 10.09   data required time
-----------------------------------------------------------------------------
                                 10.09   data required time
                                 -2.00   data arrival time
-----------------------------------------------------------------------------
                                  8.10   slack (MET)



==========================================================================
global route report_checks -unconstrained
--------------------------------------------------------------------------
Startpoint: g48 (input port clocked by clk)
Endpoint: U_g336 (rising edge-triggered flip-flop clocked by clk)
Path Group: clk
Path Type: max

Fanout     Cap    Slew   Delay    Time   Description
-----------------------------------------------------------------------------
                          0.00    0.00   clock clk (rise edge)
                          0.00    0.00   clock network delay (propagated)
                          0.00    0.00 v input external delay
     1    1.57    0.00    0.00    0.00 v g48 (in)
                                         g48 (net)
                  0.00    0.00    0.00 v input38/A (BUF_X1)
    14   35.40    0.04    0.06    0.06 v input38/Z (BUF_X1)
                                         net38 (net)
                  0.04    0.00    0.07 v U_g6351/A2 (AND2_X1)
     1    3.74    0.01    0.05    0.12 v U_g6351/ZN (AND2_X1)
                                         g6351 (net)
                  0.01    0.00    0.12 v U_I11360/A (INV_X1)
    16   25.86    0.06    0.07    0.19 ^ U_I11360/ZN (INV_X1)
                                         I11360 (net)
                  0.06    0.00    0.19 ^ U_g8109/A2 (NAND2_X1)
     1    1.77    0.02    0.02    0.21 v U_g8109/ZN (NAND2_X1)
                                         g8109 (net)
                  0.02    0.00    0.21 v U_g8289/A2 (AND3_X1)
     1    2.52    0.01    0.04    0.25 v U_g8289/ZN (AND3_X1)
                                         g8289 (net)
                  0.01    0.00    0.25 v U_g8465/A (INV_X1)
     3    4.36    0.01    0.02    0.27 ^ U_g8465/ZN (INV_X1)
                                         g8465 (net)
                  0.01    0.00    0.27 ^ U_g8617/A (INV_X1)
     4    8.97    0.01    0.02    0.28 v U_g8617/ZN (INV_X1)
                                         g8617 (net)
                  0.01    0.00    0.29 v U_g8744/A1 (NAND3_X1)
     1    3.14    0.01    0.02    0.31 ^ U_g8744/ZN (NAND3_X1)
                                         g8744 (net)
                  0.01    0.00    0.31 ^ U_g8828/A (INV_X1)
     8   10.64    0.01    0.02    0.33 v U_g8828/ZN (INV_X1)
                                         g8828 (net)
                  0.01    0.00    0.33 v U_g8960/A3 (AND3_X1)
     1    2.23    0.01    0.04    0.37 v U_g8960/ZN (AND3_X1)
                                         g8960 (net)
                  0.01    0.00    0.37 v U_g9223/A2 (AND2_X2)
    10   14.83    0.01    0.04    0.40 v U_g9223/ZN (AND2_X2)
                                         g9223 (net)
                  0.01    0.00    0.40 v U_g9388/A2 (OR2_X1)
     1    1.23    0.01    0.05    0.45 v U_g9388/ZN (OR2_X1)
                                         g9388 (net)
                  0.01    0.00    0.45 v U_g9785/A3 (OR4_X1)
    14   20.77    0.04    0.15    0.61 v U_g9785/ZN (OR4_X1)
                                         g9785 (net)
                  0.04    0.00    0.61 v U_I15051/A4 (OR4_X1)
     1    2.99    0.02    0.13    0.74 v U_I15051/ZN (OR4_X1)
                                         I15051 (net)
                  0.02    0.00    0.74 v U_g9880/A4 (NOR4_X1)
     1    2.70    0.05    0.09    0.83 ^ U_g9880/ZN (NOR4_X1)
                                         g9880 (net)
                  0.05    0.00    0.83 ^ U_I15200/A4 (OR4_X1)
     1    2.32    0.01    0.04    0.87 ^ U_I15200/ZN (OR4_X1)
                                         I15200 (net)
                  0.01    0.00    0.87 ^ U_g9995/A2 (OR2_X1)
     6   12.67    0.03    0.05    0.92 ^ U_g9995/ZN (OR2_X1)
                                         g9995 (net)
                  0.03    0.00    0.93 ^ U_I15503/A (INV_X1)
     5    9.30    0.01    0.02    0.95 v U_I15503/ZN (INV_X1)
                                         I15503 (net)
                  0.01    0.00    0.95 v U_g10430/A1 (NOR2_X1)
     7   14.06    0.07    0.09    1.04 ^ U_g10430/ZN (NOR2_X1)
                                         g10430 (net)
                  0.07    0.00    1.04 ^ U_I16030/A2 (NAND2_X1)
     2    4.90    0.02    0.03    1.07 v U_I16030/ZN (NAND2_X1)
                                         I16030 (net)
                  0.02    0.00    1.07 v U_I16031/A2 (NAND2_X1)
     1    2.89    0.01    0.02    1.10 ^ U_I16031/ZN (NAND2_X1)
                                         I16031 (net)
                  0.01    0.00    1.10 ^ U_g10475/A1 (NAND2_X1)
     1    1.14    0.01    0.01    1.11 v U_g10475/ZN (NAND2_X1)
                                         g10475 (net)
                  0.01    0.00    1.11 v U_I16161/A4 (OR4_X1)
     1    1.21    0.02    0.11    1.22 v U_I16161/ZN (OR4_X1)
                                         I16161 (net)
                  0.02    0.00    1.22 v U_g10529/A2 (OR2_X1)
     1    2.93    0.01    0.06    1.28 v U_g10529/ZN (OR2_X1)
                                         g10529 (net)
                  0.01    0.00    1.28 v U_g10562/A2 (NOR2_X1)
     1    2.45    0.02    0.03    1.31 ^ U_g10562/ZN (NOR2_X1)
                                         g10562 (net)
                  0.02    0.00    1.31 ^ U_g10702/A1 (OR2_X2)
    24   43.26    0.05    0.07    1.38 ^ U_g10702/ZN (OR2_X2)
                                         g10702 (net)
                  0.05    0.01    1.39 ^ FE_OFC10_g10702/A (INV_X1)
     4    6.26    0.02    0.02    1.41 v FE_OFC10_g10702/ZN (INV_X1)
                                         FE_OFN10_g10702 (net)
                  0.02    0.00    1.41 v FE_OFC13_g10702/A (INV_X1)
    23   37.62    0.08    0.10    1.51 ^ FE_OFC13_g10702/ZN (INV_X1)
                                         FE_OFN13_g10702 (net)
                  0.08    0.00    1.51 ^ U_g11010/A2 (AND2_X1)
     1    2.26    0.01    0.05    1.56 ^ U_g11010/ZN (AND2_X1)
                                         g11010 (net)
                  0.01    0.00    1.56 ^ U_g11227/A2 (OR2_X1)
     3    6.24    0.02    0.04    1.60 ^ U_g11227/ZN (OR2_X1)
                                         g11227 (net)
                  0.02    0.00    1.60 ^ U_I17295/A2 (NAND2_X1)
     2    5.47    0.01    0.02    1.62 v U_I17295/ZN (NAND2_X1)
                                         I17295 (net)
                  0.01    0.00    1.62 v U_I17297/A2 (NAND2_X1)
     1    3.46    0.01    0.02    1.64 ^ U_I17297/ZN (NAND2_X1)
                                         I17297 (net)
                  0.01    0.00    1.64 ^ U_g11416/A2 (NAND2_X1)
     2    3.62    0.01    0.02    1.66 v U_g11416/ZN (NAND2_X1)
                                         g11416 (net)
                  0.01    0.00    1.66 v U_I17400/A2 (NAND2_X1)
     2    3.91    0.01    0.02    1.69 ^ U_I17400/ZN (NAND2_X1)
                                         I17400 (net)
                  0.01    0.00    1.69 ^ U_I17402/A2 (NAND2_X1)
     1    3.01    0.01    0.02    1.70 v U_I17402/ZN (NAND2_X1)
                                         I17402 (net)
                  0.01    0.00    1.70 v U_g11449/A2 (NAND2_X1)
     2    5.03    0.02    0.02    1.73 ^ U_g11449/ZN (NAND2_X1)
                                         g11449 (net)
                  0.02    0.00    1.73 ^ U_I17459/A1 (NAND2_X1)
     2    4.09    0.01    0.02    1.75 v U_I17459/ZN (NAND2_X1)
                                         I17459 (net)
                  0.01    0.00    1.75 v U_I17461/A2 (NAND2_X1)
     1    2.92    0.01    0.02    1.77 ^ U_I17461/ZN (NAND2_X1)
                                         I17461 (net)
                  0.01    0.00    1.77 ^ U_g11474/A2 (NAND2_X1)
     2    4.23    0.01    0.02    1.79 v U_g11474/ZN (NAND2_X1)
                                         g11474 (net)
                  0.01    0.00    1.79 v U_I17485/A2 (NAND2_X1)
     2    3.71    0.01    0.02    1.81 ^ U_I17485/ZN (NAND2_X1)
                                         I17485 (net)
                  0.01    0.00    1.81 ^ U_I17487/A2 (NAND2_X1)
     1    1.83    0.01    0.01    1.83 v U_I17487/ZN (NAND2_X1)
                                         I17487 (net)
                  0.01    0.00    1.83 v U_g11490/A2 (NAND2_X1)
     1    2.23    0.01    0.02    1.85 ^ U_g11490/ZN (NAND2_X1)
                                         g11490 (net)
                  0.01    0.00    1.85 ^ U_g11515/A (INV_X1)
     3    5.93    0.01    0.01    1.86 v U_g11515/ZN (INV_X1)
                                         g11515 (net)
                  0.01    0.00    1.86 v U_g11544/A1 (AND2_X1)
     1    1.44    0.01    0.03    1.89 v U_g11544/ZN (AND2_X1)
                                         g11544 (net)
                  0.01    0.00    1.89 v U_g11580/A2 (OR2_X1)
     1    2.29    0.01    0.05    1.94 v U_g11580/ZN (OR2_X1)
                                         g11580 (net)
                  0.01    0.00    1.94 v U_g11596/A (INV_X1)
     1    1.18    0.01    0.01    1.95 ^ U_g11596/ZN (INV_X1)
                                         g11596 (net)
                  0.01    0.00    1.95 ^ U_g11637/A1 (AND2_X1)
     1    1.20    0.01    0.03    1.98 ^ U_g11637/ZN (AND2_X1)
                                         g11637 (net)
                  0.01    0.00    1.98 ^ U_g11647/A2 (OR2_X1)
     1    1.27    0.01    0.02    2.00 ^ U_g11647/ZN (OR2_X1)
                                         g11647 (net)
                  0.01    0.00    2.00 ^ U_g336/D (SDFF_X1)
                                  2.00   data arrival time

                         10.00   10.00   clock clk (rise edge)
                          0.00   10.00   clock source latency
     1   16.40    0.00    0.00   10.00 ^ CK (in)
                                         CK (net)
                  0.00    0.00   10.00 ^ clkbuf_0_CK/A (CLKBUF_X3)
     8   38.49    0.03    0.05   10.06 ^ clkbuf_0_CK/Z (CLKBUF_X3)
                                         clknet_0_CK (net)
                  0.03    0.00   10.06 ^ clkbuf_3_4__f_CK/A (CLKBUF_X3)
    12   31.32    0.03    0.06   10.12 ^ clkbuf_3_4__f_CK/Z (CLKBUF_X3)
                                         clknet_3_4__leaf_CK (net)
                  0.03    0.00   10.12 ^ clkbuf_leaf_13_CK/A (CLKBUF_X3)
     8   11.01    0.01    0.04   10.16 ^ clkbuf_leaf_13_CK/Z (CLKBUF_X3)
                                         clknet_leaf_13_CK (net)
                  0.01    0.00   10.16 ^ U_g336/CK (SDFF_X1)
                          0.00   10.16   clock reconvergence pessimism
                         -0.07   10.09   library setup time
                                 10.09   data required time
-----------------------------------------------------------------------------
                                 10.09   data required time
                                 -2.00   data arrival time
-----------------------------------------------------------------------------
                                  8.10   slack (MET)



==========================================================================
global route report_check_types -max_slew -max_cap -max_fanout -violators
--------------------------------------------------------------------------

==========================================================================
global route max_slew_check_slack
--------------------------------------------------------------------------
0.08624585717916489

==========================================================================
global route max_slew_check_limit
--------------------------------------------------------------------------
0.1985349953174591

==========================================================================
global route max_slew_check_slack_limit
--------------------------------------------------------------------------
0.4344

==========================================================================
global route max_fanout_check_slack
--------------------------------------------------------------------------
1.0000000150474662e+30

==========================================================================
global route max_fanout_check_limit
--------------------------------------------------------------------------
1.0000000150474662e+30

==========================================================================
global route max_capacitance_check_slack
--------------------------------------------------------------------------
3.9044601917266846

==========================================================================
global route max_capacitance_check_limit
--------------------------------------------------------------------------
10.47130012512207

==========================================================================
global route max_capacitance_check_slack_limit
--------------------------------------------------------------------------
0.3729

==========================================================================
global route max_slew_violation_count
--------------------------------------------------------------------------
max slew violation count 0

==========================================================================
global route max_fanout_violation_count
--------------------------------------------------------------------------
max fanout violation count 0

==========================================================================
global route max_cap_violation_count
--------------------------------------------------------------------------
max cap violation count 0

==========================================================================
global route setup_violation_count
--------------------------------------------------------------------------
setup violation count 0

==========================================================================
global route hold_violation_count
--------------------------------------------------------------------------
hold violation count 0

==========================================================================
global route report_checks -path_delay max reg to reg
--------------------------------------------------------------------------
Startpoint: U_g932 (rising edge-triggered flip-flop clocked by clk)
Endpoint: U_g336 (rising edge-triggered flip-flop clocked by clk)
Path Group: clk
Path Type: max

  Delay    Time   Description
---------------------------------------------------------
   0.00    0.00   clock clk (rise edge)
   0.00    0.00   clock source latency
   0.00    0.00 ^ CK (in)
   0.06    0.06 ^ clkbuf_0_CK/Z (CLKBUF_X3)
   0.07    0.12 ^ clkbuf_3_0__f_CK/Z (CLKBUF_X3)
   0.05    0.17 ^ clkbuf_leaf_69_CK/Z (CLKBUF_X3)
   0.00    0.17 ^ U_g932/CK (SDFF_X1)
   0.09    0.26 v U_g932/Q (SDFF_X1)
   0.04    0.29 v U_g9602/ZN (AND2_X1)
   0.12    0.41 v U_I14858/ZN (OR4_X1)
   0.12    0.54 v U_g9723/ZN (OR4_X1)
   0.03    0.57 v U_g9829/ZN (AND2_X1)
   0.12    0.69 v U_I15204/ZN (OR4_X1)
   0.07    0.76 v U_g10001/ZN (OR2_X1)
   0.03    0.79 ^ U_I15507/ZN (INV_X1)
   0.02    0.81 v U_g10432/ZN (NOR2_X1)
   0.03    0.84 ^ U_I16046/ZN (NAND2_X1)
   0.01    0.85 v U_g10477/ZN (NAND2_X1)
   0.11    0.96 v U_I16161/ZN (OR4_X1)
   0.06    1.02 v U_g10529/ZN (OR2_X1)
   0.03    1.05 ^ U_g10562/ZN (NOR2_X1)
   0.07    1.12 ^ U_g10702/ZN (OR2_X2)
   0.03    1.15 v FE_OFC10_g10702/ZN (INV_X1)
   0.10    1.25 ^ FE_OFC13_g10702/ZN (INV_X1)
   0.05    1.30 ^ U_g11010/ZN (AND2_X1)
   0.04    1.34 ^ U_g11227/ZN (OR2_X1)
   0.02    1.36 v U_I17295/ZN (NAND2_X1)
   0.02    1.39 ^ U_I17297/ZN (NAND2_X1)
   0.02    1.41 v U_g11416/ZN (NAND2_X1)
   0.02    1.43 ^ U_I17400/ZN (NAND2_X1)
   0.02    1.45 v U_I17402/ZN (NAND2_X1)
   0.03    1.47 ^ U_g11449/ZN (NAND2_X1)
   0.02    1.49 v U_I17459/ZN (NAND2_X1)
   0.02    1.51 ^ U_I17461/ZN (NAND2_X1)
   0.02    1.53 v U_g11474/ZN (NAND2_X1)
   0.02    1.56 ^ U_I17485/ZN (NAND2_X1)
   0.02    1.57 v U_I17487/ZN (NAND2_X1)
   0.02    1.59 ^ U_g11490/ZN (NAND2_X1)
   0.01    1.60 v U_g11515/ZN (INV_X1)
   0.03    1.63 v U_g11544/ZN (AND2_X1)
   0.05    1.68 v U_g11580/ZN (OR2_X1)
   0.01    1.69 ^ U_g11596/ZN (INV_X1)
   0.03    1.72 ^ U_g11637/ZN (AND2_X1)
   0.02    1.74 ^ U_g11647/ZN (OR2_X1)
   0.00    1.74 ^ U_g336/D (SDFF_X1)
           1.74   data arrival time

  10.00   10.00   clock clk (rise edge)
   0.00   10.00   clock source latency
   0.00   10.00 ^ CK (in)
   0.06   10.06 ^ clkbuf_0_CK/Z (CLKBUF_X3)
   0.06   10.12 ^ clkbuf_3_4__f_CK/Z (CLKBUF_X3)
   0.04   10.16 ^ clkbuf_leaf_13_CK/Z (CLKBUF_X3)
   0.00   10.16 ^ U_g336/CK (SDFF_X1)
   0.00   10.16   clock reconvergence pessimism
  -0.07   10.09   library setup time
          10.09   data required time
---------------------------------------------------------
          10.09   data required time
          -1.74   data arrival time
---------------------------------------------------------
           8.35   slack (MET)



==========================================================================
global route report_checks -path_delay min reg to reg
--------------------------------------------------------------------------
Startpoint: U_g1570 (rising edge-triggered flip-flop clocked by clk)
Endpoint: U_g1215 (rising edge-triggered flip-flop clocked by clk)
Path Group: clk
Path Type: min

  Delay    Time   Description
---------------------------------------------------------
   0.00    0.00   clock clk (rise edge)
   0.00    0.00   clock source latency
   0.00    0.00 ^ CK (in)
   0.06    0.06 ^ clkbuf_0_CK/Z (CLKBUF_X3)
   0.06    0.12 ^ clkbuf_3_2__f_CK/Z (CLKBUF_X3)
   0.04    0.16 ^ clkbuf_leaf_64_CK/Z (CLKBUF_X3)
   0.00    0.16 ^ U_g1570/CK (SDFF_X1)
   0.07    0.23 ^ U_g1570/Q (SDFF_X1)
   0.00    0.23 ^ U_g1215/SI (SDFF_X1)
           0.23   data arrival time

   0.00    0.00   clock clk (rise edge)
   0.00    0.00   clock source latency
   0.00    0.00 ^ CK (in)
   0.06    0.06 ^ clkbuf_0_CK/Z (CLKBUF_X3)
   0.06    0.12 ^ clkbuf_3_2__f_CK/Z (CLKBUF_X3)
   0.04    0.16 ^ clkbuf_leaf_65_CK/Z (CLKBUF_X3)
   0.00    0.16 ^ U_g1215/CK (SDFF_X1)
   0.00    0.16   clock reconvergence pessimism
  -0.01    0.15   library hold time
           0.15   data required time
---------------------------------------------------------
           0.15   data required time
          -0.23   data arrival time
---------------------------------------------------------
           0.08   slack (MET)



==========================================================================
global route critical path target clock latency max path
--------------------------------------------------------------------------
0.1637

==========================================================================
global route critical path target clock latency min path
--------------------------------------------------------------------------
0.1634

==========================================================================
global route critical path source clock latency min path
--------------------------------------------------------------------------
0.0000

==========================================================================
global route critical path delay
--------------------------------------------------------------------------
1.9993

==========================================================================
global route critical path slack
--------------------------------------------------------------------------
8.0957

==========================================================================
global route slack div critical path delay
--------------------------------------------------------------------------
404.926724

==========================================================================
global route report_power
--------------------------------------------------------------------------
Group                  Internal  Switching    Leakage      Total
                          Power      Power      Power      Power (Watts)
----------------------------------------------------------------
Sequential             5.46e-04   1.57e-04   5.02e-05   7.53e-04  42.8%
Combinational          3.23e-04   3.14e-04   1.01e-04   7.38e-04  41.9%
Clock                  1.21e-04   1.43e-04   3.98e-06   2.68e-04  15.2%
Macro                  0.00e+00   0.00e+00   0.00e+00   0.00e+00   0.0%
Pad                    0.00e+00   0.00e+00   0.00e+00   0.00e+00   0.0%
----------------------------------------------------------------
Total                  9.90e-04   6.14e-04   1.55e-04   1.76e-03 100.0%
                          56.3%      34.9%       8.8%
