
==========================================================================
floorplan final report_tns
--------------------------------------------------------------------------
tns max 0.00

==========================================================================
floorplan final report_wns
--------------------------------------------------------------------------
wns max 0.00

==========================================================================
floorplan final report_worst_slack
--------------------------------------------------------------------------
worst slack max 8.88

==========================================================================
floorplan final report_clock_min_period
--------------------------------------------------------------------------
clk period_min = 1.12 fmax = 893.76

==========================================================================
floorplan final report_checks -path_delay min
--------------------------------------------------------------------------
Startpoint: g705 (input port clocked by clk)
Endpoint: g3222 (output port clocked by clk)
Path Group: clk
Path Type: min

Fanout     Cap    Slew   Delay    Time   Description
-----------------------------------------------------------------------------
                  0.00    0.00    0.00   clock clk (rise edge)
                          0.00    0.00   clock network delay (ideal)
                          0.00    0.00 ^ input external delay
     1    1.70    0.00    0.00    0.00 ^ g705 (in)
                                         g705 (net)
                  0.00    0.00    0.00 ^ U_I2134/A (INV_X1)
     1    1.55    0.00    0.00    0.00 v U_I2134/ZN (INV_X1)
                                         I2134 (net)
                  0.00    0.00    0.00 v U_g3222/A (INV_X1)
     1    0.00    0.00    0.01    0.01 ^ U_g3222/ZN (INV_X1)
                                         g3222 (net)
                  0.00    0.00    0.01 ^ g3222 (out)
                                  0.01   data arrival time

                  0.00    0.00    0.00   clock clk (rise edge)
                          0.00    0.00   clock network delay (ideal)
                          0.00    0.00   clock reconvergence pessimism
                          0.00    0.00   output external delay
                                  0.00   data required time
-----------------------------------------------------------------------------
                                  0.00   data required time
                                 -0.01   data arrival time
-----------------------------------------------------------------------------
                                  0.01   slack (MET)



==========================================================================
floorplan final report_checks -path_delay max
--------------------------------------------------------------------------
Startpoint: U_g276 (rising edge-triggered flip-flop clocked by clk)
Endpoint: U_g123 (rising edge-triggered flip-flop clocked by clk)
Path Group: clk
Path Type: max

Fanout     Cap    Slew   Delay    Time   Description
-----------------------------------------------------------------------------
                  0.00    0.00    0.00   clock clk (rise edge)
                          0.00    0.00   clock network delay (ideal)
                  0.00    0.00    0.00 ^ U_g276/CK (SDFF_X1)
     3    5.43    0.02    0.07    0.07 v U_g276/Q (SDFF_X1)
                                         g276 (net)
                  0.02    0.00    0.07 v FE_OFC140_g276/A (BUF_X4)
     8   11.72    0.01    0.03    0.10 v FE_OFC140_g276/Z (BUF_X4)
                                         FE_OFN140_g276 (net)
                  0.01    0.00    0.10 v FE_OFC141_g276/A (BUF_X4)
     5    5.13    0.00    0.02    0.13 v FE_OFC141_g276/Z (BUF_X4)
                                         FE_OFN141_g276 (net)
                  0.00    0.00    0.13 v U_g2921/A (INV_X1)
     4    3.90    0.01    0.02    0.14 ^ U_g2921/ZN (INV_X1)
                                         g2921 (net)
                  0.01    0.00    0.14 ^ U_g3368/A2 (AND2_X1)
     1    1.71    0.01    0.03    0.17 ^ U_g3368/ZN (AND2_X1)
                                         g3368 (net)
                  0.01    0.00    0.17 ^ U_g3930/A1 (NOR2_X1)
     1    0.87    0.00    0.01    0.18 v U_g3930/ZN (NOR2_X1)
                                         g3930 (net)
                  0.00    0.00    0.18 v U_g4172/A1 (AND2_X1)
     1    1.56    0.01    0.03    0.21 v U_g4172/ZN (AND2_X1)
                                         g4172 (net)
                  0.01    0.00    0.21 v U_g4590/A2 (NOR2_X1)
     1    0.92    0.01    0.02    0.23 ^ U_g4590/ZN (NOR2_X1)
                                         g4590 (net)
                  0.01    0.00    0.23 ^ U_g4701/A1 (AND2_X1)
     2    3.30    0.01    0.04    0.26 ^ U_g4701/ZN (AND2_X1)
                                         g4701 (net)
                  0.01    0.00    0.26 ^ U_g5094/A2 (NOR2_X1)
     1    0.87    0.01    0.01    0.27 v U_g5094/ZN (NOR2_X1)
                                         g5094 (net)
                  0.01    0.00    0.27 v U_g5175/A1 (AND2_X1)
     1    1.56    0.01    0.03    0.30 v U_g5175/ZN (AND2_X1)
                                         g5175 (net)
                  0.01    0.00    0.30 v U_g5423/A2 (NOR2_X1)
     2    3.26    0.02    0.03    0.34 ^ U_g5423/ZN (NOR2_X1)
                                         g5423 (net)
                  0.02    0.00    0.34 ^ U_I8201/A2 (NAND2_X1)
     2    3.00    0.01    0.02    0.35 v U_I8201/ZN (NAND2_X1)
                                         I8201 (net)
                  0.01    0.00    0.35 v U_I8203/A2 (NAND2_X1)
     1    1.66    0.01    0.02    0.37 ^ U_I8203/ZN (NAND2_X1)
                                         I8203 (net)
                  0.01    0.00    0.37 ^ U_g6397/A2 (NAND2_X1)
     2    1.76    0.01    0.01    0.39 v U_g6397/ZN (NAND2_X1)
                                         g6397 (net)
                  0.01    0.00    0.39 v U_g6473/A2 (AND3_X1)
     1    0.79    0.01    0.03    0.42 v U_g6473/ZN (AND3_X1)
                                         g6473 (net)
                  0.01    0.00    0.42 v U_g6549/A1 (OR2_X1)
     2    1.79    0.01    0.04    0.46 v U_g6549/ZN (OR2_X1)
                                         g6549 (net)
                  0.01    0.00    0.46 v U_g6640/A2 (AND2_X1)
     2    1.62    0.01    0.03    0.49 v U_g6640/ZN (AND2_X1)
                                         g6640 (net)
                  0.01    0.00    0.49 v U_g6673/A2 (OR4_X1)
     2    2.32    0.02    0.10    0.59 v U_g6673/ZN (OR4_X1)
                                         g6673 (net)
                  0.02    0.00    0.59 v U_g6715/A (INV_X1)
     1    0.88    0.01    0.01    0.61 ^ U_g6715/ZN (INV_X1)
                                         g6715 (net)
                  0.01    0.00    0.61 ^ U_g6739/A1 (AND3_X1)
     1    0.92    0.01    0.04    0.65 ^ U_g6739/ZN (AND3_X1)
                                         g6739 (net)
                  0.01    0.00    0.65 ^ U_g6762/A3 (OR3_X1)
     3    3.44    0.01    0.03    0.68 ^ U_g6762/ZN (OR3_X1)
                                         g6762 (net)
                  0.01    0.00    0.68 ^ U_g6778/A1 (NAND2_X1)
     2    1.96    0.01    0.01    0.69 v U_g6778/ZN (NAND2_X1)
                                         g6778 (net)
                  0.01    0.00    0.69 v U_g6847/A2 (OR2_X1)
     1    0.87    0.01    0.05    0.74 v U_g6847/ZN (OR2_X1)
                                         g6847 (net)
                  0.01    0.00    0.74 v U_g6852/A1 (AND2_X1)
     1    0.79    0.01    0.03    0.76 v U_g6852/ZN (AND2_X1)
                                         g6852 (net)
                  0.01    0.00    0.76 v U_g6864/A1 (OR2_X1)
     2    1.77    0.01    0.04    0.81 v U_g6864/ZN (OR2_X1)
                                         g6864 (net)
                  0.01    0.00    0.81 v U_g6916/A2 (AND2_X1)
     2    1.69    0.01    0.03    0.84 v U_g6916/ZN (AND2_X1)
                                         g6916 (net)
                  0.01    0.00    0.84 v U_g6920/A2 (OR2_X1)
     2    1.77    0.01    0.05    0.89 v U_g6920/ZN (OR2_X1)
                                         g6920 (net)
                  0.01    0.00    0.89 v U_g6924/A2 (AND2_X1)
     1    0.90    0.01    0.03    0.91 v U_g6924/ZN (AND2_X1)
                                         g6924 (net)
                  0.01    0.00    0.91 v U_g6927/A2 (OR2_X1)
     1    1.50    0.01    0.05    0.96 v U_g6927/ZN (OR2_X1)
                                         g6927 (net)
                  0.01    0.00    0.96 v U_g6929/A2 (NAND2_X1)
     1    0.94    0.01    0.01    0.98 ^ U_g6929/ZN (NAND2_X1)
                                         g6929 (net)
                  0.01    0.00    0.98 ^ U_g6931/A2 (OR2_X1)
     1    0.92    0.01    0.02    1.00 ^ U_g6931/ZN (OR2_X1)
                                         g6931 (net)
                  0.01    0.00    1.00 ^ U_g6934/A1 (AND2_X1)
     1    0.94    0.01    0.03    1.02 ^ U_g6934/ZN (AND2_X1)
                                         g6934 (net)
                  0.01    0.00    1.02 ^ U_g6937/A2 (OR2_X1)
     1    1.12    0.01    0.02    1.05 ^ U_g6937/ZN (OR2_X1)
                                         g6937 (net)
                  0.01    0.00    1.05 ^ U_g123/D (SDFF_X1)
                                  1.05   data arrival time

                  0.00   10.00   10.00   clock clk (rise edge)
                          0.00   10.00   clock network delay (ideal)
                          0.00   10.00   clock reconvergence pessimism
                                 10.00 ^ U_g123/CK (SDFF_X1)
                         -0.07    9.93   library setup time
                                  9.93   data required time
-----------------------------------------------------------------------------
                                  9.93   data required time
                                 -1.05   data arrival time
-----------------------------------------------------------------------------
                                  8.88   slack (MET)



==========================================================================
floorplan final report_checks -unconstrained
--------------------------------------------------------------------------
Startpoint: U_g276 (rising edge-triggered flip-flop clocked by clk)
Endpoint: U_g123 (rising edge-triggered flip-flop clocked by clk)
Path Group: clk
Path Type: max

Fanout     Cap    Slew   Delay    Time   Description
-----------------------------------------------------------------------------
                  0.00    0.00    0.00   clock clk (rise edge)
                          0.00    0.00   clock network delay (ideal)
                  0.00    0.00    0.00 ^ U_g276/CK (SDFF_X1)
     3    5.43    0.02    0.07    0.07 v U_g276/Q (SDFF_X1)
                                         g276 (net)
                  0.02    0.00    0.07 v FE_OFC140_g276/A (BUF_X4)
     8   11.72    0.01    0.03    0.10 v FE_OFC140_g276/Z (BUF_X4)
                                         FE_OFN140_g276 (net)
                  0.01    0.00    0.10 v FE_OFC141_g276/A (BUF_X4)
     5    5.13    0.00    0.02    0.13 v FE_OFC141_g276/Z (BUF_X4)
                                         FE_OFN141_g276 (net)
                  0.00    0.00    0.13 v U_g2921/A (INV_X1)
     4    3.90    0.01    0.02    0.14 ^ U_g2921/ZN (INV_X1)
                                         g2921 (net)
                  0.01    0.00    0.14 ^ U_g3368/A2 (AND2_X1)
     1    1.71    0.01    0.03    0.17 ^ U_g3368/ZN (AND2_X1)
                                         g3368 (net)
                  0.01    0.00    0.17 ^ U_g3930/A1 (NOR2_X1)
     1    0.87    0.00    0.01    0.18 v U_g3930/ZN (NOR2_X1)
                                         g3930 (net)
                  0.00    0.00    0.18 v U_g4172/A1 (AND2_X1)
     1    1.56    0.01    0.03    0.21 v U_g4172/ZN (AND2_X1)
                                         g4172 (net)
                  0.01    0.00    0.21 v U_g4590/A2 (NOR2_X1)
     1    0.92    0.01    0.02    0.23 ^ U_g4590/ZN (NOR2_X1)
                                         g4590 (net)
                  0.01    0.00    0.23 ^ U_g4701/A1 (AND2_X1)
     2    3.30    0.01    0.04    0.26 ^ U_g4701/ZN (AND2_X1)
                                         g4701 (net)
                  0.01    0.00    0.26 ^ U_g5094/A2 (NOR2_X1)
     1    0.87    0.01    0.01    0.27 v U_g5094/ZN (NOR2_X1)
                                         g5094 (net)
                  0.01    0.00    0.27 v U_g5175/A1 (AND2_X1)
     1    1.56    0.01    0.03    0.30 v U_g5175/ZN (AND2_X1)
                                         g5175 (net)
                  0.01    0.00    0.30 v U_g5423/A2 (NOR2_X1)
     2    3.26    0.02    0.03    0.34 ^ U_g5423/ZN (NOR2_X1)
                                         g5423 (net)
                  0.02    0.00    0.34 ^ U_I8201/A2 (NAND2_X1)
     2    3.00    0.01    0.02    0.35 v U_I8201/ZN (NAND2_X1)
                                         I8201 (net)
                  0.01    0.00    0.35 v U_I8203/A2 (NAND2_X1)
     1    1.66    0.01    0.02    0.37 ^ U_I8203/ZN (NAND2_X1)
                                         I8203 (net)
                  0.01    0.00    0.37 ^ U_g6397/A2 (NAND2_X1)
     2    1.76    0.01    0.01    0.39 v U_g6397/ZN (NAND2_X1)
                                         g6397 (net)
                  0.01    0.00    0.39 v U_g6473/A2 (AND3_X1)
     1    0.79    0.01    0.03    0.42 v U_g6473/ZN (AND3_X1)
                                         g6473 (net)
                  0.01    0.00    0.42 v U_g6549/A1 (OR2_X1)
     2    1.79    0.01    0.04    0.46 v U_g6549/ZN (OR2_X1)
                                         g6549 (net)
                  0.01    0.00    0.46 v U_g6640/A2 (AND2_X1)
     2    1.62    0.01    0.03    0.49 v U_g6640/ZN (AND2_X1)
                                         g6640 (net)
                  0.01    0.00    0.49 v U_g6673/A2 (OR4_X1)
     2    2.32    0.02    0.10    0.59 v U_g6673/ZN (OR4_X1)
                                         g6673 (net)
                  0.02    0.00    0.59 v U_g6715/A (INV_X1)
     1    0.88    0.01    0.01    0.61 ^ U_g6715/ZN (INV_X1)
                                         g6715 (net)
                  0.01    0.00    0.61 ^ U_g6739/A1 (AND3_X1)
     1    0.92    0.01    0.04    0.65 ^ U_g6739/ZN (AND3_X1)
                                         g6739 (net)
                  0.01    0.00    0.65 ^ U_g6762/A3 (OR3_X1)
     3    3.44    0.01    0.03    0.68 ^ U_g6762/ZN (OR3_X1)
                                         g6762 (net)
                  0.01    0.00    0.68 ^ U_g6778/A1 (NAND2_X1)
     2    1.96    0.01    0.01    0.69 v U_g6778/ZN (NAND2_X1)
                                         g6778 (net)
                  0.01    0.00    0.69 v U_g6847/A2 (OR2_X1)
     1    0.87    0.01    0.05    0.74 v U_g6847/ZN (OR2_X1)
                                         g6847 (net)
                  0.01    0.00    0.74 v U_g6852/A1 (AND2_X1)
     1    0.79    0.01    0.03    0.76 v U_g6852/ZN (AND2_X1)
                                         g6852 (net)
                  0.01    0.00    0.76 v U_g6864/A1 (OR2_X1)
     2    1.77    0.01    0.04    0.81 v U_g6864/ZN (OR2_X1)
                                         g6864 (net)
                  0.01    0.00    0.81 v U_g6916/A2 (AND2_X1)
     2    1.69    0.01    0.03    0.84 v U_g6916/ZN (AND2_X1)
                                         g6916 (net)
                  0.01    0.00    0.84 v U_g6920/A2 (OR2_X1)
     2    1.77    0.01    0.05    0.89 v U_g6920/ZN (OR2_X1)
                                         g6920 (net)
                  0.01    0.00    0.89 v U_g6924/A2 (AND2_X1)
     1    0.90    0.01    0.03    0.91 v U_g6924/ZN (AND2_X1)
                                         g6924 (net)
                  0.01    0.00    0.91 v U_g6927/A2 (OR2_X1)
     1    1.50    0.01    0.05    0.96 v U_g6927/ZN (OR2_X1)
                                         g6927 (net)
                  0.01    0.00    0.96 v U_g6929/A2 (NAND2_X1)
     1    0.94    0.01    0.01    0.98 ^ U_g6929/ZN (NAND2_X1)
                                         g6929 (net)
                  0.01    0.00    0.98 ^ U_g6931/A2 (OR2_X1)
     1    0.92    0.01    0.02    1.00 ^ U_g6931/ZN (OR2_X1)
                                         g6931 (net)
                  0.01    0.00    1.00 ^ U_g6934/A1 (AND2_X1)
     1    0.94    0.01    0.03    1.02 ^ U_g6934/ZN (AND2_X1)
                                         g6934 (net)
                  0.01    0.00    1.02 ^ U_g6937/A2 (OR2_X1)
     1    1.12    0.01    0.02    1.05 ^ U_g6937/ZN (OR2_X1)
                                         g6937 (net)
                  0.01    0.00    1.05 ^ U_g123/D (SDFF_X1)
                                  1.05   data arrival time

                  0.00   10.00   10.00   clock clk (rise edge)
                          0.00   10.00   clock network delay (ideal)
                          0.00   10.00   clock reconvergence pessimism
                                 10.00 ^ U_g123/CK (SDFF_X1)
                         -0.07    9.93   library setup time
                                  9.93   data required time
-----------------------------------------------------------------------------
                                  9.93   data required time
                                 -1.05   data arrival time
-----------------------------------------------------------------------------
                                  8.88   slack (MET)



==========================================================================
floorplan final report_power
--------------------------------------------------------------------------
Group                  Internal  Switching    Leakage      Total
                          Power      Power      Power      Power (Watts)
----------------------------------------------------------------
Sequential             2.68e-04   6.13e-05   2.10e-05   3.50e-04  37.3%
Combinational          3.43e-04   1.86e-04   5.96e-05   5.88e-04  62.7%
Clock                  0.00e+00   0.00e+00   0.00e+00   0.00e+00   0.0%
Macro                  0.00e+00   0.00e+00   0.00e+00   0.00e+00   0.0%
Pad                    0.00e+00   0.00e+00   0.00e+00   0.00e+00   0.0%
----------------------------------------------------------------
Total                  6.11e-04   2.47e-04   8.07e-05   9.38e-04 100.0%
                          65.1%      26.3%       8.6%
