
==========================================================================
resizer report_tns
--------------------------------------------------------------------------
tns max 0.00

==========================================================================
resizer report_wns
--------------------------------------------------------------------------
wns max 0.00

==========================================================================
resizer report_worst_slack
--------------------------------------------------------------------------
worst slack max 8.84

==========================================================================
resizer report_clock_min_period
--------------------------------------------------------------------------
clk period_min = 1.16 fmax = 864.75

==========================================================================
resizer report_checks -path_delay min
--------------------------------------------------------------------------
Startpoint: g46 (input port clocked by clk)
Endpoint: U_g666 (rising edge-triggered flip-flop clocked by clk)
Path Group: clk
Path Type: min

Fanout     Cap    Slew   Delay    Time   Description
-----------------------------------------------------------------------------
                  0.00    0.00    0.00   clock clk (rise edge)
                          0.00    0.00   clock network delay (ideal)
                          0.00    0.00 ^ input external delay
     1    1.40    0.00    0.00    0.00 ^ g46 (in)
                                         g46 (net)
                  0.00    0.00    0.00 ^ input20/A (BUF_X1)
     2    2.99    0.01    0.02    0.02 ^ input20/Z (BUF_X1)
                                         net20 (net)
                  0.01    0.00    0.02 ^ U_g666/D (SDFF_X1)
                                  0.02   data arrival time

                  0.00    0.00    0.00   clock clk (rise edge)
                          0.00    0.00   clock network delay (ideal)
                          0.00    0.00   clock reconvergence pessimism
                                  0.00 ^ U_g666/CK (SDFF_X1)
                         -0.01   -0.01   library hold time
                                 -0.01   data required time
-----------------------------------------------------------------------------
                                 -0.01   data required time
                                 -0.02   data arrival time
-----------------------------------------------------------------------------
                                  0.04   slack (MET)



==========================================================================
resizer report_checks -path_delay max
--------------------------------------------------------------------------
Startpoint: U_g690 (rising edge-triggered flip-flop clocked by clk)
Endpoint: U_g127 (rising edge-triggered flip-flop clocked by clk)
Path Group: clk
Path Type: max

Fanout     Cap    Slew   Delay    Time   Description
-----------------------------------------------------------------------------
                  0.00    0.00    0.00   clock clk (rise edge)
                          0.00    0.00   clock network delay (ideal)
                  0.00    0.00    0.00 ^ U_g690/CK (SDFF_X1)
    18   30.40    0.07    0.13    0.13 ^ U_g690/Q (SDFF_X1)
                                         g690 (net)
                  0.07    0.00    0.13 ^ U_g3367/A1 (AND2_X1)
     2    3.53    0.01    0.05    0.18 ^ U_g3367/ZN (AND2_X1)
                                         g3367 (net)
                  0.01    0.00    0.18 ^ U_g3925/A2 (NOR2_X1)
     1    1.19    0.01    0.01    0.19 v U_g3925/ZN (NOR2_X1)
                                         g3925 (net)
                  0.01    0.00    0.19 v U_g4168/A1 (AND2_X1)
     1    1.84    0.01    0.03    0.22 v U_g4168/ZN (AND2_X1)
                                         g4168 (net)
                  0.01    0.00    0.22 v U_g4584/A2 (NOR2_X1)
     1    1.24    0.01    0.02    0.24 ^ U_g4584/ZN (NOR2_X1)
                                         g4584 (net)
                  0.01    0.00    0.24 ^ U_g4684/A1 (AND2_X1)
     1    1.99    0.01    0.03    0.28 ^ U_g4684/ZN (AND2_X1)
                                         g4684 (net)
                  0.01    0.00    0.28 ^ U_g5093/A2 (NOR2_X1)
     1    1.09    0.00    0.01    0.29 v U_g5093/ZN (NOR2_X1)
                                         g5093 (net)
                  0.00    0.00    0.29 v U_g5169/A1 (AND2_X1)
     1    1.76    0.01    0.03    0.31 v U_g5169/ZN (AND2_X1)
                                         g5169 (net)
                  0.01    0.00    0.31 v U_g5418/A2 (NOR2_X1)
     2    4.18    0.03    0.04    0.35 ^ U_g5418/ZN (NOR2_X1)
                                         g5418 (net)
                  0.03    0.00    0.35 ^ U_I8194/A2 (NAND2_X1)
     2    3.14    0.02    0.02    0.37 v U_I8194/ZN (NAND2_X1)
                                         I8194 (net)
                  0.02    0.00    0.37 v U_I8196/A2 (NAND2_X1)
     1    1.88    0.01    0.02    0.39 ^ U_I8196/ZN (NAND2_X1)
                                         I8196 (net)
                  0.01    0.00    0.39 ^ U_g6394/A2 (NAND2_X1)
     2    2.13    0.01    0.01    0.41 v U_g6394/ZN (NAND2_X1)
                                         g6394 (net)
                  0.01    0.00    0.41 v U_g6468/A2 (AND3_X1)
     1    0.90    0.01    0.03    0.44 v U_g6468/ZN (AND3_X1)
                                         g6468 (net)
                  0.01    0.00    0.44 v U_g6545/A1 (OR2_X1)
     2    1.96    0.01    0.04    0.48 v U_g6545/ZN (OR2_X1)
                                         g6545 (net)
                  0.01    0.00    0.48 v U_g6634/A2 (AND2_X1)
     2    1.73    0.01    0.03    0.51 v U_g6634/ZN (AND2_X1)
                                         g6634 (net)
                  0.01    0.00    0.51 v U_g6670/A2 (OR4_X1)
     2    2.59    0.02    0.10    0.62 v U_g6670/ZN (OR4_X1)
                                         g6670 (net)
                  0.02    0.00    0.62 v U_g6714/A (INV_X1)
     1    0.90    0.01    0.01    0.63 ^ U_g6714/ZN (INV_X1)
                                         g6714 (net)
                  0.01    0.00    0.63 ^ U_g6737/A1 (AND3_X1)
     1    0.99    0.01    0.04    0.67 ^ U_g6737/ZN (AND3_X1)
                                         g6737 (net)
                  0.01    0.00    0.67 ^ U_g6754/A3 (OR3_X1)
     3    3.96    0.01    0.03    0.70 ^ U_g6754/ZN (OR3_X1)
                                         g6754 (net)
                  0.01    0.00    0.70 ^ U_g6774/A1 (NAND2_X1)
     2    3.76    0.01    0.02    0.72 v U_g6774/ZN (NAND2_X1)
                                         g6774 (net)
                  0.01    0.00    0.72 v U_g6846/A2 (OR2_X1)
     1    1.17    0.01    0.05    0.77 v U_g6846/ZN (OR2_X1)
                                         g6846 (net)
                  0.01    0.00    0.77 v U_g6851/A1 (AND2_X1)
     1    1.08    0.01    0.03    0.80 v U_g6851/ZN (AND2_X1)
                                         g6851 (net)
                  0.01    0.00    0.80 v U_g6855/A1 (OR2_X1)
     2    1.99    0.01    0.04    0.84 v U_g6855/ZN (OR2_X1)
                                         g6855 (net)
                  0.01    0.00    0.84 v U_g6911/A2 (AND2_X1)
     2    1.88    0.01    0.03    0.87 v U_g6911/ZN (AND2_X1)
                                         g6911 (net)
                  0.01    0.00    0.87 v U_g6917/A2 (OR2_X1)
     2    1.94    0.01    0.05    0.92 v U_g6917/ZN (OR2_X1)
                                         g6917 (net)
                  0.01    0.00    0.92 v U_g6923/A2 (AND2_X1)
     1    1.04    0.01    0.03    0.95 v U_g6923/ZN (AND2_X1)
                                         g6923 (net)
                  0.01    0.00    0.95 v U_g6926/A2 (OR2_X1)
     1    1.66    0.01    0.05    1.00 v U_g6926/ZN (OR2_X1)
                                         g6926 (net)
                  0.01    0.00    1.00 v U_g6928/A2 (NAND2_X1)
     1    1.11    0.01    0.02    1.01 ^ U_g6928/ZN (NAND2_X1)
                                         g6928 (net)
                  0.01    0.00    1.01 ^ U_g6930/A2 (OR2_X1)
     1    1.03    0.01    0.02    1.03 ^ U_g6930/ZN (OR2_X1)
                                         g6930 (net)
                  0.01    0.00    1.03 ^ U_g6935/A1 (AND2_X1)
     1    1.02    0.01    0.03    1.06 ^ U_g6935/ZN (AND2_X1)
                                         g6935 (net)
                  0.01    0.00    1.06 ^ U_g6936/A2 (OR2_X1)
     1    1.16    0.01    0.02    1.08 ^ U_g6936/ZN (OR2_X1)
                                         g6936 (net)
                  0.01    0.00    1.08 ^ U_g127/D (SDFF_X1)
                                  1.08   data arrival time

                  0.00   10.00   10.00   clock clk (rise edge)
                          0.00   10.00   clock network delay (ideal)
                          0.00   10.00   clock reconvergence pessimism
                                 10.00 ^ U_g127/CK (SDFF_X1)
                         -0.07    9.93   library setup time
                                  9.93   data required time
-----------------------------------------------------------------------------
                                  9.93   data required time
                                 -1.08   data arrival time
-----------------------------------------------------------------------------
                                  8.84   slack (MET)



==========================================================================
resizer report_checks -unconstrained
--------------------------------------------------------------------------
Startpoint: U_g690 (rising edge-triggered flip-flop clocked by clk)
Endpoint: U_g127 (rising edge-triggered flip-flop clocked by clk)
Path Group: clk
Path Type: max

Fanout     Cap    Slew   Delay    Time   Description
-----------------------------------------------------------------------------
                  0.00    0.00    0.00   clock clk (rise edge)
                          0.00    0.00   clock network delay (ideal)
                  0.00    0.00    0.00 ^ U_g690/CK (SDFF_X1)
    18   30.40    0.07    0.13    0.13 ^ U_g690/Q (SDFF_X1)
                                         g690 (net)
                  0.07    0.00    0.13 ^ U_g3367/A1 (AND2_X1)
     2    3.53    0.01    0.05    0.18 ^ U_g3367/ZN (AND2_X1)
                                         g3367 (net)
                  0.01    0.00    0.18 ^ U_g3925/A2 (NOR2_X1)
     1    1.19    0.01    0.01    0.19 v U_g3925/ZN (NOR2_X1)
                                         g3925 (net)
                  0.01    0.00    0.19 v U_g4168/A1 (AND2_X1)
     1    1.84    0.01    0.03    0.22 v U_g4168/ZN (AND2_X1)
                                         g4168 (net)
                  0.01    0.00    0.22 v U_g4584/A2 (NOR2_X1)
     1    1.24    0.01    0.02    0.24 ^ U_g4584/ZN (NOR2_X1)
                                         g4584 (net)
                  0.01    0.00    0.24 ^ U_g4684/A1 (AND2_X1)
     1    1.99    0.01    0.03    0.28 ^ U_g4684/ZN (AND2_X1)
                                         g4684 (net)
                  0.01    0.00    0.28 ^ U_g5093/A2 (NOR2_X1)
     1    1.09    0.00    0.01    0.29 v U_g5093/ZN (NOR2_X1)
                                         g5093 (net)
                  0.00    0.00    0.29 v U_g5169/A1 (AND2_X1)
     1    1.76    0.01    0.03    0.31 v U_g5169/ZN (AND2_X1)
                                         g5169 (net)
                  0.01    0.00    0.31 v U_g5418/A2 (NOR2_X1)
     2    4.18    0.03    0.04    0.35 ^ U_g5418/ZN (NOR2_X1)
                                         g5418 (net)
                  0.03    0.00    0.35 ^ U_I8194/A2 (NAND2_X1)
     2    3.14    0.02    0.02    0.37 v U_I8194/ZN (NAND2_X1)
                                         I8194 (net)
                  0.02    0.00    0.37 v U_I8196/A2 (NAND2_X1)
     1    1.88    0.01    0.02    0.39 ^ U_I8196/ZN (NAND2_X1)
                                         I8196 (net)
                  0.01    0.00    0.39 ^ U_g6394/A2 (NAND2_X1)
     2    2.13    0.01    0.01    0.41 v U_g6394/ZN (NAND2_X1)
                                         g6394 (net)
                  0.01    0.00    0.41 v U_g6468/A2 (AND3_X1)
     1    0.90    0.01    0.03    0.44 v U_g6468/ZN (AND3_X1)
                                         g6468 (net)
                  0.01    0.00    0.44 v U_g6545/A1 (OR2_X1)
     2    1.96    0.01    0.04    0.48 v U_g6545/ZN (OR2_X1)
                                         g6545 (net)
                  0.01    0.00    0.48 v U_g6634/A2 (AND2_X1)
     2    1.73    0.01    0.03    0.51 v U_g6634/ZN (AND2_X1)
                                         g6634 (net)
                  0.01    0.00    0.51 v U_g6670/A2 (OR4_X1)
     2    2.59    0.02    0.10    0.62 v U_g6670/ZN (OR4_X1)
                                         g6670 (net)
                  0.02    0.00    0.62 v U_g6714/A (INV_X1)
     1    0.90    0.01    0.01    0.63 ^ U_g6714/ZN (INV_X1)
                                         g6714 (net)
                  0.01    0.00    0.63 ^ U_g6737/A1 (AND3_X1)
     1    0.99    0.01    0.04    0.67 ^ U_g6737/ZN (AND3_X1)
                                         g6737 (net)
                  0.01    0.00    0.67 ^ U_g6754/A3 (OR3_X1)
     3    3.96    0.01    0.03    0.70 ^ U_g6754/ZN (OR3_X1)
                                         g6754 (net)
                  0.01    0.00    0.70 ^ U_g6774/A1 (NAND2_X1)
     2    3.76    0.01    0.02    0.72 v U_g6774/ZN (NAND2_X1)
                                         g6774 (net)
                  0.01    0.00    0.72 v U_g6846/A2 (OR2_X1)
     1    1.17    0.01    0.05    0.77 v U_g6846/ZN (OR2_X1)
                                         g6846 (net)
                  0.01    0.00    0.77 v U_g6851/A1 (AND2_X1)
     1    1.08    0.01    0.03    0.80 v U_g6851/ZN (AND2_X1)
                                         g6851 (net)
                  0.01    0.00    0.80 v U_g6855/A1 (OR2_X1)
     2    1.99    0.01    0.04    0.84 v U_g6855/ZN (OR2_X1)
                                         g6855 (net)
                  0.01    0.00    0.84 v U_g6911/A2 (AND2_X1)
     2    1.88    0.01    0.03    0.87 v U_g6911/ZN (AND2_X1)
                                         g6911 (net)
                  0.01    0.00    0.87 v U_g6917/A2 (OR2_X1)
     2    1.94    0.01    0.05    0.92 v U_g6917/ZN (OR2_X1)
                                         g6917 (net)
                  0.01    0.00    0.92 v U_g6923/A2 (AND2_X1)
     1    1.04    0.01    0.03    0.95 v U_g6923/ZN (AND2_X1)
                                         g6923 (net)
                  0.01    0.00    0.95 v U_g6926/A2 (OR2_X1)
     1    1.66    0.01    0.05    1.00 v U_g6926/ZN (OR2_X1)
                                         g6926 (net)
                  0.01    0.00    1.00 v U_g6928/A2 (NAND2_X1)
     1    1.11    0.01    0.02    1.01 ^ U_g6928/ZN (NAND2_X1)
                                         g6928 (net)
                  0.01    0.00    1.01 ^ U_g6930/A2 (OR2_X1)
     1    1.03    0.01    0.02    1.03 ^ U_g6930/ZN (OR2_X1)
                                         g6930 (net)
                  0.01    0.00    1.03 ^ U_g6935/A1 (AND2_X1)
     1    1.02    0.01    0.03    1.06 ^ U_g6935/ZN (AND2_X1)
                                         g6935 (net)
                  0.01    0.00    1.06 ^ U_g6936/A2 (OR2_X1)
     1    1.16    0.01    0.02    1.08 ^ U_g6936/ZN (OR2_X1)
                                         g6936 (net)
                  0.01    0.00    1.08 ^ U_g127/D (SDFF_X1)
                                  1.08   data arrival time

                  0.00   10.00   10.00   clock clk (rise edge)
                          0.00   10.00   clock network delay (ideal)
                          0.00   10.00   clock reconvergence pessimism
                                 10.00 ^ U_g127/CK (SDFF_X1)
                         -0.07    9.93   library setup time
                                  9.93   data required time
-----------------------------------------------------------------------------
                                  9.93   data required time
                                 -1.08   data arrival time
-----------------------------------------------------------------------------
                                  8.84   slack (MET)



==========================================================================
resizer report_check_types -max_slew -max_cap -max_fanout -violators
--------------------------------------------------------------------------

==========================================================================
resizer max_slew_check_slack
--------------------------------------------------------------------------
0.09715305268764496

==========================================================================
resizer max_slew_check_limit
--------------------------------------------------------------------------
0.1985349953174591

==========================================================================
resizer max_slew_check_slack_limit
--------------------------------------------------------------------------
0.4893

==========================================================================
resizer max_fanout_check_slack
--------------------------------------------------------------------------
1.0000000150474662e+30

==========================================================================
resizer max_fanout_check_limit
--------------------------------------------------------------------------
1.0000000150474662e+30

==========================================================================
resizer max_capacitance_check_slack
--------------------------------------------------------------------------
7.161114692687988

==========================================================================
resizer max_capacitance_check_limit
--------------------------------------------------------------------------
10.47130012512207

==========================================================================
resizer max_capacitance_check_slack_limit
--------------------------------------------------------------------------
0.6839

==========================================================================
resizer max_slew_violation_count
--------------------------------------------------------------------------
max slew violation count 0

==========================================================================
resizer max_fanout_violation_count
--------------------------------------------------------------------------
max fanout violation count 0

==========================================================================
resizer max_cap_violation_count
--------------------------------------------------------------------------
max cap violation count 0

==========================================================================
resizer setup_violation_count
--------------------------------------------------------------------------
setup violation count 0

==========================================================================
resizer hold_violation_count
--------------------------------------------------------------------------
hold violation count 0

==========================================================================
resizer report_checks -path_delay max reg to reg
--------------------------------------------------------------------------
Startpoint: U_g690 (rising edge-triggered flip-flop clocked by clk)
Endpoint: U_g127 (rising edge-triggered flip-flop clocked by clk)
Path Group: clk
Path Type: max

  Delay    Time   Description
---------------------------------------------------------
   0.00    0.00   clock clk (rise edge)
   0.00    0.00   clock network delay (ideal)
   0.00    0.00 ^ U_g690/CK (SDFF_X1)
   0.13    0.13 ^ U_g690/Q (SDFF_X1)
   0.05    0.18 ^ U_g3367/ZN (AND2_X1)
   0.01    0.19 v U_g3925/ZN (NOR2_X1)
   0.03    0.22 v U_g4168/ZN (AND2_X1)
   0.02    0.24 ^ U_g4584/ZN (NOR2_X1)
   0.03    0.28 ^ U_g4684/ZN (AND2_X1)
   0.01    0.29 v U_g5093/ZN (NOR2_X1)
   0.03    0.31 v U_g5169/ZN (AND2_X1)
   0.04    0.35 ^ U_g5418/ZN (NOR2_X1)
   0.02    0.37 v U_I8194/ZN (NAND2_X1)
   0.02    0.39 ^ U_I8196/ZN (NAND2_X1)
   0.01    0.41 v U_g6394/ZN (NAND2_X1)
   0.03    0.44 v U_g6468/ZN (AND3_X1)
   0.04    0.48 v U_g6545/ZN (OR2_X1)
   0.03    0.51 v U_g6634/ZN (AND2_X1)
   0.10    0.62 v U_g6670/ZN (OR4_X1)
   0.01    0.63 ^ U_g6714/ZN (INV_X1)
   0.04    0.67 ^ U_g6737/ZN (AND3_X1)
   0.03    0.70 ^ U_g6754/ZN (OR3_X1)
   0.02    0.72 v U_g6774/ZN (NAND2_X1)
   0.05    0.77 v U_g6846/ZN (OR2_X1)
   0.03    0.80 v U_g6851/ZN (AND2_X1)
   0.04    0.84 v U_g6855/ZN (OR2_X1)
   0.03    0.87 v U_g6911/ZN (AND2_X1)
   0.05    0.92 v U_g6917/ZN (OR2_X1)
   0.03    0.95 v U_g6923/ZN (AND2_X1)
   0.05    1.00 v U_g6926/ZN (OR2_X1)
   0.02    1.01 ^ U_g6928/ZN (NAND2_X1)
   0.02    1.03 ^ U_g6930/ZN (OR2_X1)
   0.03    1.06 ^ U_g6935/ZN (AND2_X1)
   0.02    1.08 ^ U_g6936/ZN (OR2_X1)
   0.00    1.08 ^ U_g127/D (SDFF_X1)
           1.08   data arrival time

  10.00   10.00   clock clk (rise edge)
   0.00   10.00   clock network delay (ideal)
   0.00   10.00   clock reconvergence pessimism
          10.00 ^ U_g127/CK (SDFF_X1)
  -0.07    9.93   library setup time
           9.93   data required time
---------------------------------------------------------
           9.93   data required time
          -1.08   data arrival time
---------------------------------------------------------
           8.84   slack (MET)



==========================================================================
resizer report_checks -path_delay min reg to reg
--------------------------------------------------------------------------
Startpoint: U_g664 (rising edge-triggered flip-flop clocked by clk)
Endpoint: U_g471 (rising edge-triggered flip-flop clocked by clk)
Path Group: clk
Path Type: min

  Delay    Time   Description
---------------------------------------------------------
   0.00    0.00   clock clk (rise edge)
   0.00    0.00   clock network delay (ideal)
   0.00    0.00 ^ U_g664/CK (SDFF_X1)
   0.06    0.06 ^ U_g664/Q (SDFF_X1)
   0.00    0.06 ^ U_g471/D (SDFF_X1)
           0.06   data arrival time

   0.00    0.00   clock clk (rise edge)
   0.00    0.00   clock network delay (ideal)
   0.00    0.00   clock reconvergence pessimism
           0.00 ^ U_g471/CK (SDFF_X1)
  -0.01   -0.01   library hold time
          -0.01   data required time
---------------------------------------------------------
          -0.01   data required time
          -0.06   data arrival time
---------------------------------------------------------
           0.08   slack (MET)



==========================================================================
resizer critical path target clock latency max path
--------------------------------------------------------------------------
0.0000

==========================================================================
resizer critical path target clock latency min path
--------------------------------------------------------------------------
0.0000

==========================================================================
resizer critical path source clock latency min path
--------------------------------------------------------------------------
0.0000

==========================================================================
resizer critical path delay
--------------------------------------------------------------------------
1.0838

==========================================================================
resizer critical path slack
--------------------------------------------------------------------------
8.8436

==========================================================================
resizer slack div critical path delay
--------------------------------------------------------------------------
815.980808

==========================================================================
resizer report_power
--------------------------------------------------------------------------
Group                  Internal  Switching    Leakage      Total
                          Power      Power      Power      Power (Watts)
----------------------------------------------------------------
Sequential             2.69e-04   1.30e-04   2.10e-05   4.20e-04  42.4%
Combinational          3.09e-04   2.09e-04   5.30e-05   5.71e-04  57.6%
Clock                  0.00e+00   0.00e+00   0.00e+00   0.00e+00   0.0%
Macro                  0.00e+00   0.00e+00   0.00e+00   0.00e+00   0.0%
Pad                    0.00e+00   0.00e+00   0.00e+00   0.00e+00   0.0%
----------------------------------------------------------------
Total                  5.78e-04   3.39e-04   7.41e-05   9.91e-04 100.0%
                          58.3%      34.2%       7.5%
