OpenROAD 26Q2-1164-g08f67ee5ec 
Features included (+) or not (-): +GPU +GUI +Python
This program is licensed under the BSD-3 license. See the LICENSE file for details.
Components of this program may be licensed under more restrictive licenses which must be honored.
[INFO ORD-0030] Using 4 thread(s).
read_liberty /root/pact-deps/OpenROAD-flow-scripts/flow/platforms/nangate45/lib/NangateOpenCellLibrary_typical.lib
read_db /mnt/c/Users/Abhinav/OneDrive/Desktop/PACT/PACT/results/phase2d_independent_gp/raw/orfs/results/nangate45/s9234f/phase2c_s29_591010b9f66a/5_1_grt.odb
read_sdc /mnt/c/Users/Abhinav/OneDrive/Desktop/PACT/PACT/results/phase2d_independent_gp/raw/orfs/results/nangate45/s9234f/phase2c_s29_591010b9f66a/5_1_grt.sdc
source /root/pact-deps/OpenROAD-flow-scripts/flow/platforms/nangate45/setRC.tcl
detailed_route -output_drc /mnt/c/Users/Abhinav/OneDrive/Desktop/PACT/PACT/results/phase2d_independent_gp/raw/orfs/reports/nangate45/s9234f/phase2c_s29_591010b9f66a/5_route_drc.rpt -output_maze /mnt/c/Users/Abhinav/OneDrive/Desktop/PACT/PACT/results/phase2d_independent_gp/raw/orfs/results/nangate45/s9234f/phase2c_s29_591010b9f66a/maze.log -droute_end_iter 64 -verbose 1 -drc_report_iter_step 5
[INFO DRT-0149] Reading tech and libs.

Units:                2000
Number of layers:     21
Number of macros:     135
Number of vias:       33
Number of viarulegen: 19

[INFO DRT-0150] Reading design.

Design:                   s9234f
Die area:                 ( 0 0 ) ( 206880 206880 )
Number of track patterns: 20
Number of DEF vias:       0
Number of components:     2819
Number of terminals:      83
Number of snets:          2
Number of nets:           2688

[INFO DRT-0167] List of default vias:
  Layer via2
    default via: via2_5
  Layer via3
    default via: via3_2
  Layer via4
    default via: via4_0
  Layer via5
    default via: via5_0
  Layer via6
    default via: via6_0
  Layer via7
    default via: via7_0
  Layer via8
    default via: via8_0
  Layer via9
    default via: via9_0
[INFO DRT-0162] Library cell analysis.
[INFO DRT-0163] Instance analysis.
[INFO DRT-0164] Number of unique instances = 48.
[INFO DRT-0168] Init region query.
[INFO DRT-0024]   Complete active.
[INFO DRT-0024]   Complete Fr_VIA.
[INFO DRT-0024]   Complete metal1.
[INFO DRT-0024]   Complete via1.
[INFO DRT-0024]   Complete metal2.
[INFO DRT-0024]   Complete via2.
[INFO DRT-0024]   Complete metal3.
[INFO DRT-0024]   Complete via3.
[INFO DRT-0024]   Complete metal4.
[INFO DRT-0024]   Complete via4.
[INFO DRT-0024]   Complete metal5.
[INFO DRT-0024]   Complete via5.
[INFO DRT-0024]   Complete metal6.
[INFO DRT-0024]   Complete via6.
[INFO DRT-0024]   Complete metal7.
[INFO DRT-0024]   Complete via7.
[INFO DRT-0024]   Complete metal8.
[INFO DRT-0024]   Complete via8.
[INFO DRT-0024]   Complete metal9.
[INFO DRT-0024]   Complete via9.
[INFO DRT-0024]   Complete metal10.
[INFO DRT-0033] active shape region query size = 0.
[INFO DRT-0033] FR_VIA shape region query size = 0.
[INFO DRT-0033] metal1 shape region query size = 42813.
[INFO DRT-0033] via1 shape region query size = 438.
[INFO DRT-0033] metal2 shape region query size = 292.
[INFO DRT-0033] via2 shape region query size = 438.
[INFO DRT-0033] metal3 shape region query size = 292.
[INFO DRT-0033] via3 shape region query size = 438.
[INFO DRT-0033] metal4 shape region query size = 164.
[INFO DRT-0033] via4 shape region query size = 140.
[INFO DRT-0033] metal5 shape region query size = 54.
[INFO DRT-0033] via5 shape region query size = 140.
[INFO DRT-0033] metal6 shape region query size = 83.
[INFO DRT-0033] via6 shape region query size = 56.
[INFO DRT-0033] metal7 shape region query size = 28.
[INFO DRT-0033] via7 shape region query size = 0.
[INFO DRT-0033] metal8 shape region query size = 0.
[INFO DRT-0033] via8 shape region query size = 0.
[INFO DRT-0033] metal9 shape region query size = 0.
[INFO DRT-0033] via9 shape region query size = 0.
[INFO DRT-0033] metal10 shape region query size = 0.
[INFO DRT-0165] Start pin access.
[INFO DRT-0078]   Complete 245 pins.
[INFO DRT-0081]   Complete 48 unique inst patterns.
[INFO DRT-0084]   Complete 1308 groups.
#scanned instances     = 2819
#unique  instances     = 48
#stdCellGenAp          = 1047
#stdCellValidPlanarAp  = 0
#stdCellValidViaAp     = 838
#stdCellPinNoAp        = 0
#stdCellPinCnt         = 8165
#instTermValidViaApCnt = 0
#macroGenAp            = 0
#macroValidPlanarAp    = 0
#macroValidViaAp       = 0
#macroNoAp             = 0
[INFO DRT-0166] Complete pin access.
[INFO DRT-0267] cpu time = 00:00:41, elapsed time = 00:00:10, memory = 266.06 (MB), peak = 265.68 (MB)

[INFO DRT-0157] Number of guides:     17434

[INFO DRT-0169] Post process guides.
[INFO DRT-0176] GCELLGRID X 0 DO 36 STEP 5700 ;
[INFO DRT-0177] GCELLGRID Y 0 DO 36 STEP 5700 ;
[INFO DRT-0028]   Complete active.
[INFO DRT-0028]   Complete Fr_VIA.
[INFO DRT-0028]   Complete metal1.
[INFO DRT-0028]   Complete via1.
[INFO DRT-0028]   Complete metal2.
[INFO DRT-0028]   Complete via2.
[INFO DRT-0028]   Complete metal3.
[INFO DRT-0028]   Complete via3.
[INFO DRT-0028]   Complete metal4.
[INFO DRT-0028]   Complete via4.
[INFO DRT-0028]   Complete metal5.
[INFO DRT-0028]   Complete via5.
[INFO DRT-0028]   Complete metal6.
[INFO DRT-0028]   Complete via6.
[INFO DRT-0028]   Complete metal7.
[INFO DRT-0028]   Complete via7.
[INFO DRT-0028]   Complete metal8.
[INFO DRT-0028]   Complete via8.
[INFO DRT-0028]   Complete metal9.
[INFO DRT-0028]   Complete via9.
[INFO DRT-0028]   Complete metal10.
[INFO DRT-0178] Init guide query.
[INFO DRT-0035]   Complete active (guide).
[INFO DRT-0035]   Complete Fr_VIA (guide).
[INFO DRT-0035]   Complete metal1 (guide).
[INFO DRT-0035]   Complete via1 (guide).
[INFO DRT-0035]   Complete metal2 (guide).
[INFO DRT-0035]   Complete via2 (guide).
[INFO DRT-0035]   Complete metal3 (guide).
[INFO DRT-0035]   Complete via3 (guide).
[INFO DRT-0035]   Complete metal4 (guide).
[INFO DRT-0035]   Complete via4 (guide).
[INFO DRT-0035]   Complete metal5 (guide).
[INFO DRT-0035]   Complete via5 (guide).
[INFO DRT-0035]   Complete metal6 (guide).
[INFO DRT-0035]   Complete via6 (guide).
[INFO DRT-0035]   Complete metal7 (guide).
[INFO DRT-0035]   Complete via7 (guide).
[INFO DRT-0035]   Complete metal8 (guide).
[INFO DRT-0035]   Complete via8 (guide).
[INFO DRT-0035]   Complete metal9 (guide).
[INFO DRT-0035]   Complete via9 (guide).
[INFO DRT-0035]   Complete metal10 (guide).
[INFO DRT-0036] active guide region query size = 0.
[INFO DRT-0036] FR_VIA guide region query size = 0.
[INFO DRT-0036] metal1 guide region query size = 6174.
[INFO DRT-0036] via1 guide region query size = 0.
[INFO DRT-0036] metal2 guide region query size = 4763.
[INFO DRT-0036] via2 guide region query size = 0.
[INFO DRT-0036] metal3 guide region query size = 2557.
[INFO DRT-0036] via3 guide region query size = 0.
[INFO DRT-0036] metal4 guide region query size = 437.
[INFO DRT-0036] via4 guide region query size = 0.
[INFO DRT-0036] metal5 guide region query size = 187.
[INFO DRT-0036] via5 guide region query size = 0.
[INFO DRT-0036] metal6 guide region query size = 67.
[INFO DRT-0036] via6 guide region query size = 0.
[INFO DRT-0036] metal7 guide region query size = 0.
[INFO DRT-0036] via7 guide region query size = 0.
[INFO DRT-0036] metal8 guide region query size = 0.
[INFO DRT-0036] via8 guide region query size = 0.
[INFO DRT-0036] metal9 guide region query size = 0.
[INFO DRT-0036] via9 guide region query size = 0.
[INFO DRT-0036] metal10 guide region query size = 0.
[INFO DRT-0179] Init gr pin query.
[INFO DRT-0267] cpu time = 00:00:00, elapsed time = 00:00:00, memory = 272.79 (MB), peak = 272.43 (MB)
[INFO DRT-0245] skipped writing guide updates to database.
[INFO DRT-0181] Start track assignment.
[INFO DRT-0184] Done with 5267 vertical wires in 1 frboxes and 8918 horizontal wires in 1 frboxes.
[INFO DRT-0186] Done with 1294 vertical wires in 1 frboxes and 1674 horizontal wires in 1 frboxes.
[INFO DRT-0182] Complete track assignment.
[INFO DRT-0267] cpu time = 00:00:01, elapsed time = 00:00:01, memory = 297.17 (MB), peak = 296.80 (MB)
[INFO DRT-0187] Start routing data preparation.
[INFO DRT-0267] cpu time = 00:00:00, elapsed time = 00:00:00, memory = 297.88 (MB), peak = 297.55 (MB)
[INFO DRT-0194] Start detail routing.
[INFO DRT-0195] Start 0th optimization iteration.
    Completing 10% with 0 violations.
    elapsed time = 00:00:01, memory = 359.88 (MB).
    Completing 20% with 0 violations.
    elapsed time = 00:00:02, memory = 354.09 (MB).
    Completing 30% with 59 violations.
    elapsed time = 00:00:03, memory = 395.21 (MB).
    Completing 40% with 59 violations.
    elapsed time = 00:00:05, memory = 414.70 (MB).
    Completing 50% with 59 violations.
    elapsed time = 00:00:06, memory = 366.51 (MB).
    Completing 60% with 121 violations.
    elapsed time = 00:00:08, memory = 420.61 (MB).
    Completing 70% with 121 violations.
    elapsed time = 00:00:10, memory = 429.59 (MB).
    Completing 80% with 200 violations.
    elapsed time = 00:00:12, memory = 464.70 (MB).
    Completing 90% with 200 violations.
    elapsed time = 00:00:12, memory = 464.70 (MB).
    Completing 100% with 244 violations.
    elapsed time = 00:00:14, memory = 416.39 (MB).
[INFO DRT-0199]   Number of violations = 372.
Viol/Layer      metal2 metal3 metal4 metal5 metal6
Metal Spacing       21      0      0      0      0
Recheck             85     31      8      3      1
Short              186     30      6      1      0
[INFO DRT-0267] cpu time = 00:00:46, elapsed time = 00:00:15, memory = 940.41 (MB), peak = 940.17 (MB)
Total wire length = 28908 um.
Total wire length on LAYER metal1 = 0 um.
Total wire length on LAYER metal2 = 10923 um.
Total wire length on LAYER metal3 = 11338 um.
Total wire length on LAYER metal4 = 4438 um.
Total wire length on LAYER metal5 = 1562 um.
Total wire length on LAYER metal6 = 646 um.
Total wire length on LAYER metal7 = 0 um.
Total wire length on LAYER metal8 = 0 um.
Total wire length on LAYER metal9 = 0 um.
Total wire length on LAYER metal10 = 0 um.
Total number of vias = 15880.
Up-via summary (total 15880):

----------------
 active        0
 metal1     8216
 metal2     6743
 metal3      597
 metal4      246
 metal5       78
 metal6        0
 metal7        0
 metal8        0
 metal9        0
----------------
       15880


[INFO DRT-0195] Start 1st optimization iteration.
    Completing 10% with 372 violations.
    elapsed time = 00:00:00, memory = 950.93 (MB).
    Completing 20% with 372 violations.
    elapsed time = 00:00:02, memory = 963.13 (MB).
    Completing 30% with 293 violations.
    elapsed time = 00:00:03, memory = 978.85 (MB).
    Completing 40% with 293 violations.
    elapsed time = 00:00:05, memory = 978.85 (MB).
    Completing 50% with 293 violations.
    elapsed time = 00:00:06, memory = 978.85 (MB).
    Completing 60% with 245 violations.
    elapsed time = 00:00:08, memory = 978.85 (MB).
    Completing 70% with 245 violations.
    elapsed time = 00:00:09, memory = 978.85 (MB).
    Completing 80% with 200 violations.
    elapsed time = 00:00:11, memory = 981.32 (MB).
    Completing 90% with 200 violations.
    elapsed time = 00:00:12, memory = 981.32 (MB).
    Completing 100% with 116 violations.
    elapsed time = 00:00:15, memory = 984.58 (MB).
[INFO DRT-0199]   Number of violations = 116.
Viol/Layer      metal2 metal3
Metal Spacing       35      0
Short               78      3
[INFO DRT-0267] cpu time = 00:00:43, elapsed time = 00:00:15, memory = 987.58 (MB), peak = 987.04 (MB)
Total wire length = 28746 um.
Total wire length on LAYER metal1 = 0 um.
Total wire length on LAYER metal2 = 10814 um.
Total wire length on LAYER metal3 = 11297 um.
Total wire length on LAYER metal4 = 4422 um.
Total wire length on LAYER metal5 = 1555 um.
Total wire length on LAYER metal6 = 656 um.
Total wire length on LAYER metal7 = 0 um.
Total wire length on LAYER metal8 = 0 um.
Total wire length on LAYER metal9 = 0 um.
Total wire length on LAYER metal10 = 0 um.
Total number of vias = 15777.
Up-via summary (total 15777):

----------------
 active        0
 metal1     8214
 metal2     6633
 metal3      609
 metal4      243
 metal5       78
 metal6        0
 metal7        0
 metal8        0
 metal9        0
----------------
       15777


[INFO DRT-0195] Start 2nd optimization iteration.
    Completing 10% with 116 violations.
    elapsed time = 00:00:00, memory = 987.58 (MB).
    Completing 20% with 116 violations.
    elapsed time = 00:00:03, memory = 1018.42 (MB).
    Completing 30% with 108 violations.
    elapsed time = 00:00:03, memory = 989.46 (MB).
    Completing 40% with 108 violations.
    elapsed time = 00:00:04, memory = 989.46 (MB).
    Completing 50% with 108 violations.
    elapsed time = 00:00:06, memory = 989.46 (MB).
    Completing 60% with 85 violations.
    elapsed time = 00:00:06, memory = 989.46 (MB).
    Completing 70% with 85 violations.
    elapsed time = 00:00:09, memory = 989.46 (MB).
    Completing 80% with 107 violations.
    elapsed time = 00:00:10, memory = 989.46 (MB).
    Completing 90% with 107 violations.
    elapsed time = 00:00:11, memory = 989.46 (MB).
    Completing 100% with 99 violations.
    elapsed time = 00:00:14, memory = 989.46 (MB).
[INFO DRT-0199]   Number of violations = 99.
Viol/Layer      metal2 metal3   via4
Cut Spacing          0      0      1
Metal Spacing       20      0      0
Short               72      6      0
[INFO DRT-0267] cpu time = 00:00:37, elapsed time = 00:00:14, memory = 989.46 (MB), peak = 1017.92 (MB)
Total wire length = 28669 um.
Total wire length on LAYER metal1 = 0 um.
Total wire length on LAYER metal2 = 10766 um.
Total wire length on LAYER metal3 = 11326 um.
Total wire length on LAYER metal4 = 4395 um.
Total wire length on LAYER metal5 = 1522 um.
Total wire length on LAYER metal6 = 658 um.
Total wire length on LAYER metal7 = 0 um.
Total wire length on LAYER metal8 = 0 um.
Total wire length on LAYER metal9 = 0 um.
Total wire length on LAYER metal10 = 0 um.
Total number of vias = 15741.
Up-via summary (total 15741):

----------------
 active        0
 metal1     8214
 metal2     6608
 metal3      601
 metal4      239
 metal5       79
 metal6        0
 metal7        0
 metal8        0
 metal9        0
----------------
       15741


[INFO DRT-0195] Start 3rd guides tiles iteration.
    Completing 10% with 99 violations.
    elapsed time = 00:00:00, memory = 989.46 (MB).
    Completing 20% with 99 violations.
    elapsed time = 00:00:00, memory = 989.46 (MB).
    Completing 30% with 99 violations.
    elapsed time = 00:00:00, memory = 989.46 (MB).
    Completing 40% with 99 violations.
    elapsed time = 00:00:00, memory = 989.46 (MB).
    Completing 50% with 99 violations.
    elapsed time = 00:00:00, memory = 989.46 (MB).
    Completing 60% with 99 violations.
    elapsed time = 00:00:00, memory = 989.46 (MB).
    Completing 70% with 61 violations.
    elapsed time = 00:00:18, memory = 995.49 (MB).
    Completing 80% with 7 violations.
    elapsed time = 00:00:18, memory = 1059.53 (MB).
    Completing 90% with 3 violations.
    elapsed time = 00:00:27, memory = 995.49 (MB).
    Completing 100% with 0 violations.
    elapsed time = 00:00:27, memory = 995.49 (MB).
[INFO DRT-0199]   Number of violations = 0.
[INFO DRT-0267] cpu time = 00:00:28, elapsed time = 00:00:27, memory = 995.49 (MB), peak = 1158.91 (MB)
Total wire length = 28643 um.
Total wire length on LAYER metal1 = 0 um.
Total wire length on LAYER metal2 = 10501 um.
Total wire length on LAYER metal3 = 11328 um.
Total wire length on LAYER metal4 = 4629 um.
Total wire length on LAYER metal5 = 1525 um.
Total wire length on LAYER metal6 = 658 um.
Total wire length on LAYER metal7 = 0 um.
Total wire length on LAYER metal8 = 0 um.
Total wire length on LAYER metal9 = 0 um.
Total wire length on LAYER metal10 = 0 um.
Total number of vias = 15821.
Up-via summary (total 15821):

----------------
 active        0
 metal1     8215
 metal2     6644
 metal3      644
 metal4      239
 metal5       79
 metal6        0
 metal7        0
 metal8        0
 metal9        0
----------------
       15821


[INFO DRT-0198] Complete detail routing.
Total wire length = 28643 um.
Total wire length on LAYER metal1 = 0 um.
Total wire length on LAYER metal2 = 10501 um.
Total wire length on LAYER metal3 = 11328 um.
Total wire length on LAYER metal4 = 4629 um.
Total wire length on LAYER metal5 = 1525 um.
Total wire length on LAYER metal6 = 658 um.
Total wire length on LAYER metal7 = 0 um.
Total wire length on LAYER metal8 = 0 um.
Total wire length on LAYER metal9 = 0 um.
Total wire length on LAYER metal10 = 0 um.
Total number of vias = 15821.
Up-via summary (total 15821):

----------------
 active        0
 metal1     8215
 metal2     6644
 metal3      644
 metal4      239
 metal5       79
 metal6        0
 metal7        0
 metal8        0
 metal9        0
----------------
       15821


[INFO DRT-0267] cpu time = 00:02:36, elapsed time = 00:01:13, memory = 995.55 (MB), peak = 1158.91 (MB)

[INFO DRT-0180] Post processing.
Took 85 seconds: detailed_route -output_drc /mnt/c/Users/Abhinav/OneDrive/Desktop/PACT/PACT/results/phase2d_independent_gp/raw/orfs/reports/nangate45/s9234f/phase2c_s29_591010b9f66a/5_route_drc.rpt -output_maze /mnt/c/Users/Abhinav/OneDrive/Desktop/PACT/PACT/results/phase2d_independent_gp/raw/orfs/results/nangate45/s9234f/phase2c_s29_591010b9f66a/maze.log -droute_end_iter 64 -verbose 1 -drc_report_iter_step 5
[WARNING GRT-0246] No diode with LEF class CORE ANTENNACELL found.
[INFO ANT-0002] Found 0 net violations.
[INFO ANT-0001] Found 0 pin violations.
[INFO ANT-0002] Found 0 net violations.
[INFO ANT-0001] Found 0 pin violations.
Design area 3655 um^2 36% utilization.
write_db /mnt/c/Users/Abhinav/OneDrive/Desktop/PACT/PACT/results/phase2d_independent_gp/raw/orfs/results/nangate45/s9234f/phase2c_s29_591010b9f66a/5_2_route.odb
Elapsed time: 1:29.93[h:]min:sec. CPU time: user 201.68 sys 2.47 (227%). Peak memory: 1186724KB.
Log                       Ext     Elapsed/s Peak Memory/MB sha1sum result [0:20)
5_2_route                 .odb           89           1158 a60d08c131ee0790e4ee
