OpenROAD 26Q2-1164-g08f67ee5ec 
Features included (+) or not (-): +GPU +GUI +Python
This program is licensed under the BSD-3 license. See the LICENSE file for details.
Components of this program may be licensed under more restrictive licenses which must be honored.
[INFO ORD-0030] Using 4 thread(s).
mkdir -p ./objects/nangate45/s5378/phase0c_f3e7b516a_s17_k4_A_bc92c5b2_7f655d61
/root/pact-deps/OpenROAD-flow-scripts/flow/scripts/flow.sh 4_1_cts cts
Running cts.tcl, stage 4_1_cts
read_liberty /root/pact-deps/OpenROAD-flow-scripts/flow/platforms/nangate45/lib/NangateOpenCellLibrary_typical.lib
read_db ./results/nangate45/s5378/phase0c_f3e7b516a_s17_k4_A_bc92c5b2_7f655d61/3_place.odb
read_sdc ./results/nangate45/s5378/phase0c_f3e7b516a_s17_k4_A_bc92c5b2_7f655d61/3_place.sdc
source /root/pact-deps/OpenROAD-flow-scripts/flow/platforms/nangate45/setRC.tcl
clock_tree_synthesis -sink_clustering_enable -repair_clock_nets
[INFO CTS-0050] Root buffer is CLKBUF_X3.
[INFO CTS-0051] Sink buffer is CLKBUF_X3.
[INFO CTS-0052] The following clock buffers will be used for CTS:
                    CLKBUF_X3
[INFO CTS-0049] Characterization buffer is CLKBUF_X3.
[INFO CTS-0007] Net "CK" found for clock "clk".
[INFO CTS-0010]  Clock net "CK" has 179 sinks.
[INFO CTS-0008] TritonCTS found 1 clock nets.
[INFO CTS-0097] Characterization used 1 buffer(s) types.
[INFO CTS-0201] 0 blockages from hard placement blockages and placed macros will be used.
[INFO CTS-0027] Generating H-Tree topology for net CK.
[INFO CTS-0028]  Total number of sinks: 179.
[INFO CTS-0090]  Sinks will be clustered based on buffer max cap.
[INFO CTS-0030]  Number of static layers: 0.
[INFO CTS-0020]  Wire segment unit: 14000  dbu (7 um).
[INFO CTS-0023]  Original sink region: [(6905, 20600), (160045, 166200)].
[INFO CTS-0024]  Normalized sink region: [(0.493214, 1.47143), (11.4318, 11.8714)].
[INFO CTS-0025]     Width:  10.9386.
[INFO CTS-0026]     Height: 10.4000.
 Level 1
    Direction: Horizontal
    Sinks per sub-region: 90
    Sub-region size: 5.4693 X 10.4000
[INFO CTS-0034]     Segment length (rounded): 2.
 Level 2
    Direction: Vertical
    Sinks per sub-region: 45
    Sub-region size: 5.4693 X 5.2000
[INFO CTS-0034]     Segment length (rounded): 2.
 Level 3
    Direction: Horizontal
    Sinks per sub-region: 23
    Sub-region size: 2.7346 X 5.2000
[INFO CTS-0034]     Segment length (rounded): 1.
 Level 4
    Direction: Vertical
    Sinks per sub-region: 12
    Sub-region size: 2.7346 X 2.6000
[INFO CTS-0034]     Segment length (rounded): 1.
[INFO CTS-0032]  Stop criterion found. Max number of sinks is 15.
[INFO CTS-0035]  Number of sinks covered: 179.
[INFO CTS-0018]     Created 17 clock buffers.
[INFO CTS-0012]     Minimum number of buffers in the clock path: 2.
[INFO CTS-0013]     Maximum number of buffers in the clock path: 2.
[INFO CTS-0015]     Created 17 clock nets.
[INFO CTS-0016]     Fanout distribution for the current clock = 7:1, 8:2, 9:1, 10:4, 11:2, 12:2, 13:2, 16:1, 19:1..
[INFO CTS-0017]     Max level of the clock tree: 4.
[INFO CTS-0098] Clock net "CK"
[INFO CTS-0099]  Sinks 194
[INFO CTS-0100]  Leaf buffers 0
[INFO CTS-0101]  Average sink wire length 113.52 um
[INFO CTS-0102]  Path depth 2 - 2
[INFO CTS-0207]  Dummy loads inserted 15
estimate_parasitics -placement
detailed_placement
[INFO DPL-0006] Core area: 6921.05 um^2, Instances area: 2559.45 um^2, Utilization: 37.0%
[INFO DPL-0005] Diamond search max displacement: +/- 500 sites horizontally, +/- 100 rows vertically.
[INFO DPL-1101] Legalizing using diamond search.
Movements Summary
---------------------------------------
Total cells:                    1927
Diamond Move Success:           1927 (100.00%)
Diamond Move Failure:              0
Rip-up and replace Success:        0 (  0.00% of diamond failures)
Rip-up and replace Failure:        0
Total Placement Failures:          0
---------------------------------------
Placement Analysis
---------------------------------
total displacement         75.9 u
average displacement        0.0 u
max displacement            2.4 u
original HPWL           28408.0 u
legalized HPWL          28442.5 u
delta HPWL                    0 %

estimate_parasitics -placement
repair_timing -setup_margin 0 -hold_margin 0 -repair_tns 100 -verbose
[INFO RSZ-0100] Repair move sequence: UnbufferMove SizeUpMove SwapPinsMove BufferMove CloneMove SplitLoadMove 
[INFO RSZ-0098] No setup violations found
[INFO RSZ-0046] Found 91 endpoints with hold violations.
Iteration | Resized | Buffers | Cloned Gates |   Area   |   WNS   |   TNS   | Endpoint
--------------------------------------------------------------------------------------
        0 |       0 |       0 |            0 |    +0.0% |  -0.077 |  -2.059 | U_n1026gat/SI
       10 |       0 |      14 |            0 |    +0.4% |  -0.064 |  -1.458 | U_n1026gat/D
       20 |       0 |      25 |            0 |    +0.8% |  -0.057 |  -0.679 | U_n394gat/D
       30 |       0 |      31 |            0 |    +1.0% |  -0.022 |  -0.320 | U_n1026gat/SI
       40 |       0 |      34 |            0 |    +1.1% |  -0.022 |  -0.225 | U_n1026gat/SI
       50 |       0 |      37 |            0 |    +1.2% |  -0.022 |  -0.043 | U_n1026gat/SI
       60 |       0 |      38 |            0 |    +1.2% |  -0.022 |  -0.022 | U_n1026gat/SI
       70 |       0 |      38 |            0 |    +1.2% |  -0.022 |  -0.022 | U_n1026gat/SI
       80 |       0 |      38 |            0 |    +1.2% |  -0.022 |  -0.022 | U_n1026gat/SI
       90 |       0 |      38 |            0 |    +1.2% |  -0.022 |  -0.022 | U_n1026gat/SI
    final |       0 |      40 |            0 |    +1.2% |   0.002 |   0.000 | U_n703gat/D
--------------------------------------------------------------------------------------
[INFO RSZ-0032] Inserted 40 hold buffers.
detailed_placement
[INFO DPL-0006] Core area: 6921.05 um^2, Instances area: 2591.37 um^2, Utilization: 37.4%
[INFO DPL-0005] Diamond search max displacement: +/- 500 sites horizontally, +/- 100 rows vertically.
[INFO DPL-1101] Legalizing using diamond search.
Movements Summary
---------------------------------------
Total cells:                    1967
Diamond Move Success:           1967 (100.00%)
Diamond Move Failure:              0
Rip-up and replace Success:        0 (  0.00% of diamond failures)
Rip-up and replace Failure:        0
Total Placement Failures:          0
---------------------------------------
Placement Analysis
---------------------------------
total displacement         38.3 u
average displacement        0.0 u
max displacement            2.8 u
original HPWL           28682.5 u
legalized HPWL          28700.6 u
delta HPWL                    0 %

estimate_parasitics -placement
Report metrics stage 4, cts final...

==========================================================================
cts final report_design_area
--------------------------------------------------------------------------
Design area 2591 um^2 37% utilization.
write_db ./results/nangate45/s5378/phase0c_f3e7b516a_s17_k4_A_bc92c5b2_7f655d61/4_1_cts.odb
write_sdc -no_timestamp ./results/nangate45/s5378/phase0c_f3e7b516a_s17_k4_A_bc92c5b2_7f655d61/4_cts.sdc
Log                       Ext     Elapsed/s Peak Memory/MB sha1sum result [0:20)
4_1_cts                   .odb            3            156 106608adb291869c5381
cp ./results/nangate45/s5378/phase0c_f3e7b516a_s17_k4_A_bc92c5b2_7f655d61/4_1_cts.odb ./results/nangate45/s5378/phase0c_f3e7b516a_s17_k4_A_bc92c5b2_7f655d61/4_cts.odb
/root/pact-deps/OpenROAD-flow-scripts/flow/scripts/flow.sh 5_1_grt global_route
Running global_route.tcl, stage 5_1_grt
read_liberty /root/pact-deps/OpenROAD-flow-scripts/flow/platforms/nangate45/lib/NangateOpenCellLibrary_typical.lib
read_db ./results/nangate45/s5378/phase0c_f3e7b516a_s17_k4_A_bc92c5b2_7f655d61/4_cts.odb
read_sdc ./results/nangate45/s5378/phase0c_f3e7b516a_s17_k4_A_bc92c5b2_7f655d61/4_cts.sdc
source /root/pact-deps/OpenROAD-flow-scripts/flow/platforms/nangate45/setRC.tcl
pin_access
[INFO DRT-0149] Reading tech and libs.

Units:                2000
Number of layers:     21
Number of macros:     135
Number of vias:       33
Number of viarulegen: 19

[INFO DRT-0150] Reading design.

Design:                   s5378
Die area:                 ( 0 0 ) ( 171970 171970 )
Number of track patterns: 20
Number of DEF vias:       0
Number of components:     2085
Number of terminals:      96
Number of snets:          2
Number of nets:           1993

[INFO DRT-0167] List of default vias:
  Layer via2
    default via: via2_5
  Layer via3
    default via: via3_2
  Layer via4
    default via: via4_0
  Layer via5
    default via: via5_0
  Layer via6
    default via: via6_0
  Layer via7
    default via: via7_0
  Layer via8
    default via: via8_0
  Layer via9
    default via: via9_0
[INFO DRT-0162] Library cell analysis.
[INFO DRT-0163] Instance analysis.
[INFO DRT-0164] Number of unique instances = 34.
[INFO DRT-0168] Init region query.
[INFO DRT-0024]   Complete active.
[INFO DRT-0024]   Complete Fr_VIA.
[INFO DRT-0024]   Complete metal1.
[INFO DRT-0024]   Complete via1.
[INFO DRT-0024]   Complete metal2.
[INFO DRT-0024]   Complete via2.
[INFO DRT-0024]   Complete metal3.
[INFO DRT-0024]   Complete via3.
[INFO DRT-0024]   Complete metal4.
[INFO DRT-0024]   Complete via4.
[INFO DRT-0024]   Complete metal5.
[INFO DRT-0024]   Complete via5.
[INFO DRT-0024]   Complete metal6.
[INFO DRT-0024]   Complete via6.
[INFO DRT-0024]   Complete metal7.
[INFO DRT-0024]   Complete via7.
[INFO DRT-0024]   Complete metal8.
[INFO DRT-0024]   Complete via8.
[INFO DRT-0024]   Complete metal9.
[INFO DRT-0024]   Complete via9.
[INFO DRT-0024]   Complete metal10.
[INFO DRT-0033] active shape region query size = 0.
[INFO DRT-0033] FR_VIA shape region query size = 0.
[INFO DRT-0033] metal1 shape region query size = 29322.
[INFO DRT-0033] via1 shape region query size = 270.
[INFO DRT-0033] metal2 shape region query size = 180.
[INFO DRT-0033] via2 shape region query size = 270.
[INFO DRT-0033] metal3 shape region query size = 180.
[INFO DRT-0033] via3 shape region query size = 270.
[INFO DRT-0033] metal4 shape region query size = 102.
[INFO DRT-0033] via4 shape region query size = 90.
[INFO DRT-0033] metal5 shape region query size = 69.
[INFO DRT-0033] via5 shape region query size = 90.
[INFO DRT-0033] metal6 shape region query size = 61.
[INFO DRT-0033] via6 shape region query size = 36.
[INFO DRT-0033] metal7 shape region query size = 21.
[INFO DRT-0033] via7 shape region query size = 0.
[INFO DRT-0033] metal8 shape region query size = 0.
[INFO DRT-0033] via8 shape region query size = 0.
[INFO DRT-0033] metal9 shape region query size = 0.
[INFO DRT-0033] via9 shape region query size = 0.
[INFO DRT-0033] metal10 shape region query size = 0.
[INFO DRT-0165] Start pin access.
[INFO DRT-0078]   Complete 160 pins.
[INFO DRT-0081]   Complete 34 unique inst patterns.
[INFO DRT-0084]   Complete 1175 groups.
#scanned instances     = 2085
#unique  instances     = 34
#stdCellGenAp          = 657
#stdCellValidPlanarAp  = 0
#stdCellValidViaAp     = 526
#stdCellPinNoAp        = 0
#stdCellPinCnt         = 5889
#instTermValidViaApCnt = 0
#macroGenAp            = 0
#macroValidPlanarAp    = 0
#macroValidViaAp       = 0
#macroNoAp             = 0
[INFO DRT-0166] Complete pin access.
[INFO DRT-0267] cpu time = 00:00:14, elapsed time = 00:00:03, memory = 116.66 (MB), peak = 116.27 (MB)
set_global_routing_random -seed 17
global_route -congestion_report_file ./reports/nangate45/s5378/phase0c_f3e7b516a_s17_k4_A_bc92c5b2_7f655d61/congestion.rpt -congestion_iterations 30 -congestion_report_iter_step 5 -verbose
[INFO GRT-0020] Min routing layer: metal2
[INFO GRT-0021] Max routing layer: metal10
[INFO GRT-0022] Global adjustment: 0%
[INFO GRT-0023] Grid origin: (0, 0)
[INFO GRT-0088] Layer metal1  Track-Pitch = 0.1400  line-2-Via Pitch: 0.1350
[INFO GRT-0088] Layer metal2  Track-Pitch = 0.1900  line-2-Via Pitch: 0.1400
[INFO GRT-0088] Layer metal3  Track-Pitch = 0.1400  line-2-Via Pitch: 0.1400
[INFO GRT-0088] Layer metal4  Track-Pitch = 0.2800  line-2-Via Pitch: 0.2800
[INFO GRT-0088] Layer metal5  Track-Pitch = 0.2800  line-2-Via Pitch: 0.2800
[INFO GRT-0088] Layer metal6  Track-Pitch = 0.2800  line-2-Via Pitch: 0.2800
[INFO GRT-0088] Layer metal7  Track-Pitch = 0.8000  line-2-Via Pitch: 0.8000
[INFO GRT-0088] Layer metal8  Track-Pitch = 0.8000  line-2-Via Pitch: 0.8000
[INFO GRT-0088] Layer metal9  Track-Pitch = 1.6000  line-2-Via Pitch: 1.6000
[INFO GRT-0088] Layer metal10 Track-Pitch = 1.6000  line-2-Via Pitch: 1.6000
[INFO GRT-0003] Macros: 0
[INFO GRT-0004] Blockages: 0
[INFO GRT-0019] Found 18 clock nets.
[INFO GRT-0001] Minimum degree: 2
[INFO GRT-0002] Maximum degree: 59

[INFO GRT-0053] Routing resources analysis:
          Routing      Original      Derated      Resource
Layer     Direction    Resources     Resources    Reduction (%)
---------------------------------------------------------------
metal1     Horizontal          0             0          0.00%
metal2     Vertical        12818          6032          52.94%
metal3     Horizontal      17709          8695          50.90%
metal4     Vertical         8700          6148          29.33%
metal5     Horizontal       8855          6255          29.36%
metal6     Vertical         8880          6276          29.32%
metal7     Horizontal       2726          1972          27.66%
metal8     Vertical         3103          2233          28.04%
metal9     Horizontal       1537           870          43.40%
metal10    Vertical         1537           870          43.40%
---------------------------------------------------------------

[INFO GRT-0197] Via related to pin nodes: 11738
[INFO GRT-0198] Via related Steiner nodes: 272
[INFO GRT-0199] Via filling finished.
[INFO GRT-0111] Final number of vias: 15549
[INFO GRT-0112] Final usage 3D: 57549

[INFO GRT-0096] Final congestion report:
Layer         Resource        Demand        Usage (%)    Max H / Max V / Total Overflow
---------------------------------------------------------------------------------------
metal1               0             0            0.00%             0 /  0 /  0
metal2            6032          3554           58.92%             0 /  0 /  0
metal3            8695          4123           47.42%             0 /  0 /  0
metal4            6148          1567           25.49%             0 /  0 /  0
metal5            6255          1091           17.44%             0 /  0 /  0
metal6            6276           506            8.06%             0 /  0 /  0
metal7            1972            47            2.38%             0 /  0 /  0
metal8            2233             9            0.40%             0 /  0 /  0
metal9             870             5            0.57%             0 /  0 /  0
metal10            870             0            0.00%             0 /  0 /  0
---------------------------------------------------------------------------------------
Total            39351         10902           27.70%             0 /  0 /  0

[INFO GRT-0018] Total wirelength: 45865 um
[INFO GRT-0014] Routed nets: 1993
[INFO GRT-0303] Global routing runtime = 00:00:00
estimate_parasitics -global_routing
Perform buffer insertion and gate resizing...
repair_design -verbose
Iteration |   Area    | Resized | Buffers | Nets repaired | Remaining
---------------------------------------------------------------------
        0 |     +0.0% |       0 |       0 |             0 |      2187
       10 |     +0.0% |       0 |       0 |             0 |      2177
       20 |     +0.0% |       0 |       0 |             0 |      2167
       30 |     +0.0% |       0 |       0 |             0 |      2157
       40 |     +0.0% |       0 |       0 |             0 |      2147
       50 |     +0.0% |       0 |       0 |             0 |      2137
       60 |     +0.0% |       0 |       0 |             0 |      2127
       70 |     +0.0% |       0 |       0 |             0 |      2117
       80 |     +0.0% |       0 |       0 |             0 |      2107
       90 |     +0.0% |       0 |       0 |             0 |      2097
      100 |     +0.0% |       0 |       0 |             0 |      2087
      110 |     +0.0% |       0 |       0 |             0 |      2077
      120 |     +0.0% |       0 |       0 |             0 |      2067
      130 |     +0.0% |       0 |       0 |             0 |      2057
      140 |     +0.0% |       0 |       0 |             0 |      2047
      150 |     +0.0% |       0 |       0 |             0 |      2037
      160 |     +0.0% |       0 |       0 |             0 |      2027
      170 |     +0.0% |       0 |       0 |             0 |      2017
      180 |     +0.0% |       0 |       0 |             0 |      2007
      190 |     +0.0% |       0 |       0 |             0 |      1997
      200 |     +0.0% |       0 |       0 |             0 |      1987
      210 |     +0.0% |       0 |       0 |             0 |      1977
      220 |     +0.0% |       0 |       0 |             0 |      1967
      230 |     +0.0% |       0 |       0 |             0 |      1957
      240 |     +0.0% |       0 |       0 |             0 |      1947
      250 |     +0.0% |       0 |       0 |             0 |      1937
      260 |     +0.0% |       0 |       0 |             0 |      1927
      270 |     +0.0% |       0 |       0 |             0 |      1917
      280 |     +0.0% |       0 |       0 |             0 |      1907
      290 |     +0.0% |       0 |       0 |             0 |      1897
      300 |     +0.0% |       0 |       0 |             0 |      1887
      310 |     +0.0% |       0 |       0 |             0 |      1877
      320 |     +0.0% |       0 |       0 |             0 |      1867
      330 |     +0.0% |       0 |       0 |             0 |      1857
      340 |     +0.0% |       0 |       0 |             0 |      1847
      350 |     +0.0% |       0 |       0 |             0 |      1837
      360 |     +0.0% |       0 |       0 |             0 |      1827
      370 |     +0.0% |       0 |       0 |             0 |      1817
      380 |     +0.0% |       0 |       0 |             0 |      1807
      390 |     +0.0% |       0 |       0 |             0 |      1797
      400 |     +0.0% |       0 |       0 |             0 |      1787
      410 |     +0.0% |       0 |       0 |             0 |      1777
      420 |     +0.0% |       0 |       0 |             0 |      1767
      430 |     +0.0% |       0 |       0 |             0 |      1757
      440 |     +0.0% |       0 |       0 |             0 |      1747
      450 |     +0.0% |       0 |       0 |             0 |      1737
      460 |     +0.0% |       0 |       0 |             0 |      1727
      470 |     +0.0% |       0 |       0 |             0 |      1717
      480 |     +0.0% |       0 |       0 |             0 |      1707
      490 |     +0.0% |       0 |       0 |             0 |      1697
      500 |     +0.0% |       0 |       0 |             0 |      1687
      510 |     +0.0% |       0 |       0 |             0 |      1677
      520 |     +0.0% |       0 |       0 |             0 |      1667
      530 |     +0.0% |       0 |       0 |             0 |      1657
      540 |     +0.0% |       0 |       0 |             0 |      1647
      550 |     +0.0% |       0 |       0 |             0 |      1637
      560 |     +0.0% |       0 |       0 |             0 |      1627
      570 |     +0.0% |       0 |       0 |             0 |      1617
      580 |     +0.0% |       0 |       0 |             0 |      1607
      590 |     +0.0% |       0 |       0 |             0 |      1597
      600 |     +0.0% |       0 |       0 |             0 |      1587
      610 |     +0.0% |       0 |       0 |             0 |      1577
      620 |     +0.0% |       0 |       0 |             0 |      1567
      630 |     +0.0% |       0 |       0 |             0 |      1557
      640 |     +0.0% |       0 |       0 |             0 |      1547
      650 |     +0.0% |       0 |       0 |             0 |      1537
      660 |     +0.0% |       0 |       0 |             0 |      1527
      670 |     +0.0% |       0 |       0 |             0 |      1517
      680 |     +0.0% |       0 |       0 |             0 |      1507
      690 |     +0.0% |       0 |       0 |             0 |      1497
      700 |     +0.0% |       0 |       0 |             0 |      1487
      710 |     +0.0% |       0 |       0 |             0 |      1477
      720 |     +0.0% |       0 |       0 |             0 |      1467
      730 |     +0.0% |       0 |       0 |             0 |      1457
      740 |     +0.0% |       0 |       0 |             0 |      1447
      750 |     +0.0% |       0 |       0 |             0 |      1437
      760 |     +0.0% |       0 |       0 |             0 |      1427
      770 |     +0.0% |       0 |       0 |             0 |      1417
      780 |     +0.0% |       0 |       0 |             0 |      1407
      790 |     +0.0% |       0 |       0 |             0 |      1397
      800 |     +0.0% |       0 |       0 |             0 |      1387
      810 |     +0.0% |       0 |       0 |             0 |      1377
      820 |     +0.0% |       0 |       0 |             0 |      1367
      830 |     +0.0% |       0 |       0 |             0 |      1357
      840 |     +0.0% |       0 |       0 |             0 |      1347
      850 |     +0.0% |       0 |       0 |             0 |      1337
      860 |     +0.0% |       0 |       0 |             0 |      1327
      870 |     +0.0% |       0 |       0 |             0 |      1317
      880 |     +0.0% |       0 |       0 |             0 |      1307
      890 |     +0.0% |       0 |       0 |             0 |      1297
      900 |     +0.0% |       0 |       0 |             0 |      1287
      910 |     +0.0% |       0 |       0 |             0 |      1277
      920 |     +0.0% |       0 |       0 |             0 |      1267
      930 |     +0.0% |       0 |       0 |             0 |      1257
      940 |     +0.0% |       0 |       0 |             0 |      1247
      950 |     +0.0% |       0 |       0 |             0 |      1237
      960 |     +0.0% |       0 |       0 |             0 |      1227
      970 |     +0.0% |       0 |       0 |             0 |      1217
      980 |     +0.0% |       0 |       0 |             0 |      1207
      990 |     +0.0% |       0 |       0 |             0 |      1197
     1000 |     +0.0% |       0 |       0 |             0 |      1187
     1010 |     +0.0% |       0 |       0 |             0 |      1177
     1020 |     +0.0% |       0 |       0 |             0 |      1167
     1030 |     +0.0% |       0 |       0 |             0 |      1157
     1040 |     +0.0% |       0 |       0 |             0 |      1147
     1050 |     +0.0% |       0 |       0 |             0 |      1137
     1060 |     +0.0% |       0 |       0 |             0 |      1127
     1070 |     +0.0% |       0 |       0 |             0 |      1117
     1080 |     +0.0% |       0 |       0 |             0 |      1107
     1090 |     +0.0% |       0 |       0 |             0 |      1097
     1100 |     +0.0% |       0 |       0 |             0 |      1087
     1110 |     +0.0% |       0 |       0 |             0 |      1077
     1120 |     +0.0% |       0 |       0 |             0 |      1067
     1130 |     +0.0% |       0 |       0 |             0 |      1057
     1140 |     +0.0% |       0 |       0 |             0 |      1047
     1150 |     +0.0% |       0 |       0 |             0 |      1037
     1160 |     +0.0% |       0 |       0 |             0 |      1027
     1170 |     +0.0% |       0 |       0 |             0 |      1017
     1180 |     +0.0% |       0 |       0 |             0 |      1007
     1190 |     +0.0% |       0 |       0 |             0 |       997
     1200 |     +0.0% |       0 |       0 |             0 |       987
     1210 |     +0.0% |       0 |       0 |             0 |       977
     1220 |     +0.0% |       0 |       0 |             0 |       967
     1230 |     +0.0% |       0 |       0 |             0 |       957
     1240 |     +0.0% |       0 |       0 |             0 |       947
     1250 |     +0.0% |       0 |       0 |             0 |       937
     1260 |     +0.0% |       0 |       0 |             0 |       927
     1270 |     +0.0% |       0 |       0 |             0 |       917
     1280 |     +0.0% |       0 |       0 |             0 |       907
     1290 |     +0.0% |       0 |       0 |             0 |       897
     1300 |     +0.0% |       0 |       0 |             0 |       887
     1310 |     +0.0% |       0 |       0 |             0 |       877
     1320 |     +0.0% |       0 |       0 |             0 |       867
     1330 |     +0.0% |       0 |       0 |             0 |       857
     1340 |     +0.0% |       0 |       0 |             0 |       847
     1350 |     +0.0% |       0 |       0 |             0 |       837
     1360 |     +0.0% |       0 |       0 |             0 |       827
     1370 |     +0.0% |       0 |       0 |             0 |       817
     1380 |     +0.0% |       0 |       0 |             0 |       807
     1390 |     +0.0% |       0 |       0 |             0 |       797
     1400 |     +0.0% |       0 |       0 |             0 |       787
     1410 |     +0.0% |       0 |       0 |             0 |       777
     1420 |     +0.0% |       0 |       0 |             0 |       767
     1430 |     +0.0% |       0 |       0 |             0 |       757
     1440 |     +0.0% |       0 |       0 |             0 |       747
     1450 |     +0.0% |       0 |       0 |             0 |       737
     1460 |     +0.0% |       0 |       0 |             0 |       727
     1470 |     +0.0% |       0 |       0 |             0 |       717
     1480 |     +0.0% |       0 |       0 |             0 |       707
     1490 |     +0.0% |       0 |       0 |             0 |       697
     1500 |     +0.0% |       0 |       0 |             0 |       687
     1510 |     +0.0% |       0 |       0 |             0 |       677
     1520 |     +0.0% |       0 |       0 |             0 |       667
     1530 |     +0.0% |       0 |       0 |             0 |       657
     1540 |     +0.0% |       0 |       0 |             0 |       647
     1550 |     +0.0% |       0 |       0 |             0 |       637
     1560 |     +0.0% |       0 |       0 |             0 |       627
     1570 |     +0.0% |       0 |       0 |             0 |       617
     1580 |     +0.0% |       0 |       0 |             0 |       607
     1590 |     +0.0% |       0 |       0 |             0 |       597
     1600 |     +0.0% |       0 |       0 |             0 |       587
     1610 |     +0.0% |       0 |       0 |             0 |       577
     1620 |     +0.0% |       0 |       0 |             0 |       567
     1630 |     +0.0% |       0 |       0 |             0 |       557
     1640 |     +0.0% |       0 |       0 |             0 |       547
     1650 |     +0.0% |       0 |       0 |             0 |       537
     1660 |     +0.0% |       0 |       0 |             0 |       527
     1670 |     +0.0% |       0 |       0 |             0 |       517
     1680 |     +0.0% |       0 |       0 |             0 |       507
     1690 |     +0.0% |       0 |       0 |             0 |       497
     1700 |     +0.0% |       0 |       0 |             0 |       487
     1710 |     +0.0% |       0 |       0 |             0 |       477
     1720 |     +0.0% |       0 |       0 |             0 |       467
     1730 |     +0.0% |       0 |       0 |             0 |       457
     1740 |     +0.0% |       0 |       0 |             0 |       447
     1750 |     +0.0% |       0 |       0 |             0 |       437
     1760 |     +0.0% |       0 |       0 |             0 |       427
     1770 |     +0.0% |       0 |       0 |             0 |       417
     1780 |     +0.0% |       0 |       0 |             0 |       407
     1790 |     +0.0% |       0 |       0 |             0 |       397
     1800 |     +0.0% |       0 |       0 |             0 |       387
     1810 |     +0.0% |       0 |       0 |             0 |       377
     1820 |     +0.0% |       0 |       0 |             0 |       367
     1830 |     +0.0% |       0 |       0 |             0 |       357
     1840 |     +0.0% |       0 |       0 |             0 |       347
     1850 |     +0.0% |       0 |       0 |             0 |       337
     1860 |     +0.0% |       0 |       0 |             0 |       327
     1870 |     +0.0% |       0 |       0 |             0 |       317
     1880 |     +0.0% |       0 |       0 |             0 |       307
     1890 |     +0.0% |       0 |       0 |             0 |       297
     1900 |     +0.0% |       0 |       0 |             0 |       287
     1910 |     +0.0% |       0 |       0 |             0 |       277
     1920 |     +0.0% |       0 |       0 |             0 |       267
     1930 |     +0.0% |       0 |       0 |             0 |       257
     1940 |     +0.0% |       0 |       0 |             0 |       247
     1950 |     +0.0% |       0 |       0 |             0 |       237
     1960 |     +0.0% |       0 |       0 |             0 |       227
     1970 |     +0.0% |       0 |       0 |             0 |       217
     1980 |     +0.0% |       0 |       0 |             0 |       207
     1990 |     +0.0% |       0 |       0 |             0 |       197
     2000 |     +0.0% |       0 |       0 |             0 |       187
     2010 |     +0.0% |       0 |       0 |             0 |       177
     2020 |     +0.0% |       0 |       0 |             0 |       167
     2030 |     +0.0% |       0 |       0 |             0 |       157
     2040 |     +0.0% |       0 |       0 |             0 |       147
     2050 |     +0.0% |       0 |       0 |             0 |       137
     2060 |     +0.0% |       0 |       0 |             0 |       127
     2070 |     +0.0% |       0 |       0 |             0 |       117
     2080 |     +0.0% |       0 |       0 |             0 |       107
     2090 |     +0.0% |       0 |       0 |             0 |        97
     2100 |     +0.0% |       0 |       0 |             0 |        87
     2110 |     +0.0% |       0 |       0 |             0 |        77
     2120 |     +0.0% |       0 |       0 |             0 |        67
     2130 |     +0.0% |       0 |       0 |             0 |        57
     2140 |     +0.0% |       0 |       0 |             0 |        47
     2150 |     +0.0% |       0 |       0 |             0 |        37
     2160 |     +0.0% |       0 |       0 |             0 |        27
     2170 |     +0.0% |       0 |       0 |             0 |        17
     2180 |     +0.0% |       0 |       0 |             0 |         7
    final |     +0.0% |       0 |       0 |             0 |         0
---------------------------------------------------------------------
global_route -start_incremental
detailed_placement
[INFO DPL-0006] Core area: 6921.05 um^2, Instances area: 2591.37 um^2, Utilization: 37.4%
[INFO DPL-0005] Diamond search max displacement: +/- 500 sites horizontally, +/- 100 rows vertically.
[INFO DPL-1101] Legalizing using diamond search.
Movements Summary
---------------------------------------
Total cells:                    1967
Diamond Move Success:           1967 (100.00%)
Diamond Move Failure:              0
Rip-up and replace Success:        0 (  0.00% of diamond failures)
Rip-up and replace Failure:        0
Total Placement Failures:          0
---------------------------------------
Placement Analysis
---------------------------------
total displacement          0.0 u
average displacement        0.0 u
max displacement            0.0 u
original HPWL           28700.6 u
legalized HPWL          28700.6 u
delta HPWL                    0 %

global_route -end_incremental -congestion_report_file ./reports/nangate45/s5378/phase0c_f3e7b516a_s17_k4_A_bc92c5b2_7f655d61/congestion_post_repair_design.rpt
Repair setup and hold violations...
estimate_parasitics -global_routing
repair_timing -setup_margin 0 -hold_margin 0 -repair_tns 100 -verbose
[INFO RSZ-0100] Repair move sequence: UnbufferMove SizeUpMove SwapPinsMove BufferMove CloneMove SplitLoadMove 
[INFO RSZ-0098] No setup violations found
[INFO RSZ-0046] Found 1 endpoints with hold violations.
Iteration | Resized | Buffers | Cloned Gates |   Area   |   WNS   |   TNS   | Endpoint
--------------------------------------------------------------------------------------
        0 |       0 |       0 |            0 |    +0.0% |  -0.000 |  -0.000 | U_n703gat/D
    final |       0 |       1 |            0 |    +0.0% |   0.001 |   0.000 | U_n1026gat/SI
--------------------------------------------------------------------------------------
[INFO RSZ-0032] Inserted 1 hold buffers.
global_route -start_incremental
detailed_placement
[INFO DPL-0006] Core area: 6921.05 um^2, Instances area: 2592.17 um^2, Utilization: 37.5%
[INFO DPL-0005] Diamond search max displacement: +/- 500 sites horizontally, +/- 100 rows vertically.
[INFO DPL-1101] Legalizing using diamond search.
Movements Summary
---------------------------------------
Total cells:                    1968
Diamond Move Success:           1968 (100.00%)
Diamond Move Failure:              0
Rip-up and replace Success:        0 (  0.00% of diamond failures)
Rip-up and replace Failure:        0
Total Placement Failures:          0
---------------------------------------
Placement Analysis
---------------------------------
total displacement          1.3 u
average displacement        0.0 u
max displacement            1.3 u
original HPWL           28701.0 u
legalized HPWL          28701.5 u
delta HPWL                    0 %

check_placement -verbose
global_route -end_incremental -congestion_report_file ./reports/nangate45/s5378/phase0c_f3e7b516a_s17_k4_A_bc92c5b2_7f655d61/congestion_post_repair_timing.rpt
estimate_parasitics -global_routing
global_route -start_incremental
global_route -end_incremental -congestion_report_file ./reports/nangate45/s5378/phase0c_f3e7b516a_s17_k4_A_bc92c5b2_7f655d61/congestion_post_recover_power.rpt
Repair antennas...
[WARNING GRT-0246] No diode with LEF class CORE ANTENNACELL found.
[INFO ANT-0002] Found 0 net violations.
[INFO ANT-0001] Found 0 pin violations.
Estimate parasitics...
estimate_parasitics -global_routing
Report metrics stage 5, global route...

==========================================================================
global route report_design_area
--------------------------------------------------------------------------
Design area 2592 um^2 37% utilization.
[INFO FLW-0007] clock clk period 10.000000
[INFO FLW-0008] Clock clk period 0.855
[INFO FLW-0009] Clock clk slack 9.100
write_sdc -no_timestamp ./results/nangate45/s5378/phase0c_f3e7b516a_s17_k4_A_bc92c5b2_7f655d61/updated_clks.sdc
[INFO FLW-0011] Path endpoint path count 784
write_db ./results/nangate45/s5378/phase0c_f3e7b516a_s17_k4_A_bc92c5b2_7f655d61/5_1_grt.odb
write_sdc -no_timestamp ./results/nangate45/s5378/phase0c_f3e7b516a_s17_k4_A_bc92c5b2_7f655d61/5_1_grt.sdc
Log                       Ext     Elapsed/s Peak Memory/MB sha1sum result [0:20)
5_1_grt                   .odb            7            304 3db9a74c202818001e2d
5_1_grt                   .sdc                             dc3b136b356fec3f3ef5
/root/pact-deps/OpenROAD-flow-scripts/flow/scripts/flow.sh 5_2_route detail_route
Running detail_route.tcl, stage 5_2_route
read_liberty /root/pact-deps/OpenROAD-flow-scripts/flow/platforms/nangate45/lib/NangateOpenCellLibrary_typical.lib
read_db ./results/nangate45/s5378/phase0c_f3e7b516a_s17_k4_A_bc92c5b2_7f655d61/5_1_grt.odb
read_sdc ./results/nangate45/s5378/phase0c_f3e7b516a_s17_k4_A_bc92c5b2_7f655d61/5_1_grt.sdc
source /root/pact-deps/OpenROAD-flow-scripts/flow/platforms/nangate45/setRC.tcl
detailed_route -output_drc ./reports/nangate45/s5378/phase0c_f3e7b516a_s17_k4_A_bc92c5b2_7f655d61/5_route_drc.rpt -output_maze ./results/nangate45/s5378/phase0c_f3e7b516a_s17_k4_A_bc92c5b2_7f655d61/maze.log -droute_end_iter 64 -verbose 1 -drc_report_iter_step 5
[INFO DRT-0149] Reading tech and libs.

Units:                2000
Number of layers:     21
Number of macros:     135
Number of vias:       33
Number of viarulegen: 19

[INFO DRT-0150] Reading design.

Design:                   s5378
Die area:                 ( 0 0 ) ( 171970 171970 )
Number of track patterns: 20
Number of DEF vias:       0
Number of components:     2086
Number of terminals:      96
Number of snets:          2
Number of nets:           1994

[INFO DRT-0167] List of default vias:
  Layer via2
    default via: via2_5
  Layer via3
    default via: via3_2
  Layer via4
    default via: via4_0
  Layer via5
    default via: via5_0
  Layer via6
    default via: via6_0
  Layer via7
    default via: via7_0
  Layer via8
    default via: via8_0
  Layer via9
    default via: via9_0
[INFO DRT-0162] Library cell analysis.
[INFO DRT-0163] Instance analysis.
[INFO DRT-0164] Number of unique instances = 34.
[INFO DRT-0168] Init region query.
[INFO DRT-0024]   Complete active.
[INFO DRT-0024]   Complete Fr_VIA.
[INFO DRT-0024]   Complete metal1.
[INFO DRT-0024]   Complete via1.
[INFO DRT-0024]   Complete metal2.
[INFO DRT-0024]   Complete via2.
[INFO DRT-0024]   Complete metal3.
[INFO DRT-0024]   Complete via3.
[INFO DRT-0024]   Complete metal4.
[INFO DRT-0024]   Complete via4.
[INFO DRT-0024]   Complete metal5.
[INFO DRT-0024]   Complete via5.
[INFO DRT-0024]   Complete metal6.
[INFO DRT-0024]   Complete via6.
[INFO DRT-0024]   Complete metal7.
[INFO DRT-0024]   Complete via7.
[INFO DRT-0024]   Complete metal8.
[INFO DRT-0024]   Complete via8.
[INFO DRT-0024]   Complete metal9.
[INFO DRT-0024]   Complete via9.
[INFO DRT-0024]   Complete metal10.
[INFO DRT-0033] active shape region query size = 0.
[INFO DRT-0033] FR_VIA shape region query size = 0.
[INFO DRT-0033] metal1 shape region query size = 29333.
[INFO DRT-0033] via1 shape region query size = 270.
[INFO DRT-0033] metal2 shape region query size = 180.
[INFO DRT-0033] via2 shape region query size = 270.
[INFO DRT-0033] metal3 shape region query size = 180.
[INFO DRT-0033] via3 shape region query size = 270.
[INFO DRT-0033] metal4 shape region query size = 102.
[INFO DRT-0033] via4 shape region query size = 90.
[INFO DRT-0033] metal5 shape region query size = 69.
[INFO DRT-0033] via5 shape region query size = 90.
[INFO DRT-0033] metal6 shape region query size = 61.
[INFO DRT-0033] via6 shape region query size = 36.
[INFO DRT-0033] metal7 shape region query size = 21.
[INFO DRT-0033] via7 shape region query size = 0.
[INFO DRT-0033] metal8 shape region query size = 0.
[INFO DRT-0033] via8 shape region query size = 0.
[INFO DRT-0033] metal9 shape region query size = 0.
[INFO DRT-0033] via9 shape region query size = 0.
[INFO DRT-0033] metal10 shape region query size = 0.
[INFO DRT-0165] Start pin access.
[INFO DRT-0078]   Complete 160 pins.
[INFO DRT-0081]   Complete 34 unique inst patterns.
[INFO DRT-0084]   Complete 1175 groups.
#scanned instances     = 2086
#unique  instances     = 34
#stdCellGenAp          = 657
#stdCellValidPlanarAp  = 0
#stdCellValidViaAp     = 526
#stdCellPinNoAp        = 0
#stdCellPinCnt         = 5891
#instTermValidViaApCnt = 0
#macroGenAp            = 0
#macroValidPlanarAp    = 0
#macroValidViaAp       = 0
#macroNoAp             = 0
[INFO DRT-0166] Complete pin access.
[INFO DRT-0267] cpu time = 00:00:13, elapsed time = 00:00:03, memory = 261.00 (MB), peak = 260.51 (MB)

[INFO DRT-0157] Number of guides:     17030

[INFO DRT-0169] Post process guides.
[INFO DRT-0176] GCELLGRID X 0 DO 30 STEP 5700 ;
[INFO DRT-0177] GCELLGRID Y 0 DO 30 STEP 5700 ;
[INFO DRT-0028]   Complete active.
[INFO DRT-0028]   Complete Fr_VIA.
[INFO DRT-0028]   Complete metal1.
[INFO DRT-0028]   Complete via1.
[INFO DRT-0028]   Complete metal2.
[INFO DRT-0028]   Complete via2.
[INFO DRT-0028]   Complete metal3.
[INFO DRT-0028]   Complete via3.
[INFO DRT-0028]   Complete metal4.
[INFO DRT-0028]   Complete via4.
[INFO DRT-0028]   Complete metal5.
[INFO DRT-0028]   Complete via5.
[INFO DRT-0028]   Complete metal6.
[INFO DRT-0028]   Complete via6.
[INFO DRT-0028]   Complete metal7.
[INFO DRT-0028]   Complete via7.
[INFO DRT-0028]   Complete metal8.
[INFO DRT-0028]   Complete via8.
[INFO DRT-0028]   Complete metal9.
[INFO DRT-0028]   Complete via9.
[INFO DRT-0028]   Complete metal10.
[INFO DRT-0178] Init guide query.
[INFO DRT-0035]   Complete active (guide).
[INFO DRT-0035]   Complete Fr_VIA (guide).
[INFO DRT-0035]   Complete metal1 (guide).
[INFO DRT-0035]   Complete via1 (guide).
[INFO DRT-0035]   Complete metal2 (guide).
[INFO DRT-0035]   Complete via2 (guide).
[INFO DRT-0035]   Complete metal3 (guide).
[INFO DRT-0035]   Complete via3 (guide).
[INFO DRT-0035]   Complete metal4 (guide).
[INFO DRT-0035]   Complete via4 (guide).
[INFO DRT-0035]   Complete metal5 (guide).
[INFO DRT-0035]   Complete via5 (guide).
[INFO DRT-0035]   Complete metal6 (guide).
[INFO DRT-0035]   Complete via6 (guide).
[INFO DRT-0035]   Complete metal7 (guide).
[INFO DRT-0035]   Complete via7 (guide).
[INFO DRT-0035]   Complete metal8 (guide).
[INFO DRT-0035]   Complete via8 (guide).
[INFO DRT-0035]   Complete metal9 (guide).
[INFO DRT-0035]   Complete via9 (guide).
[INFO DRT-0035]   Complete metal10 (guide).
[INFO DRT-0036] active guide region query size = 0.
[INFO DRT-0036] FR_VIA guide region query size = 0.
[INFO DRT-0036] metal1 guide region query size = 5284.
[INFO DRT-0036] via1 guide region query size = 0.
[INFO DRT-0036] metal2 guide region query size = 4895.
[INFO DRT-0036] via2 guide region query size = 0.
[INFO DRT-0036] metal3 guide region query size = 2891.
[INFO DRT-0036] via3 guide region query size = 0.
[INFO DRT-0036] metal4 guide region query size = 651.
[INFO DRT-0036] via4 guide region query size = 0.
[INFO DRT-0036] metal5 guide region query size = 310.
[INFO DRT-0036] via5 guide region query size = 0.
[INFO DRT-0036] metal6 guide region query size = 104.
[INFO DRT-0036] via6 guide region query size = 0.
[INFO DRT-0036] metal7 guide region query size = 5.
[INFO DRT-0036] via7 guide region query size = 0.
[INFO DRT-0036] metal8 guide region query size = 2.
[INFO DRT-0036] via8 guide region query size = 0.
[INFO DRT-0036] metal9 guide region query size = 1.
[INFO DRT-0036] via9 guide region query size = 0.
[INFO DRT-0036] metal10 guide region query size = 0.
[INFO DRT-0179] Init gr pin query.
[INFO DRT-0267] cpu time = 00:00:00, elapsed time = 00:00:00, memory = 267.05 (MB), peak = 266.76 (MB)
[INFO DRT-0245] skipped writing guide updates to database.
[INFO DRT-0181] Start track assignment.
[INFO DRT-0184] Done with 5652 vertical wires in 1 frboxes and 8491 horizontal wires in 1 frboxes.
[INFO DRT-0186] Done with 1737 vertical wires in 1 frboxes and 1855 horizontal wires in 1 frboxes.
[INFO DRT-0182] Complete track assignment.
[INFO DRT-0267] cpu time = 00:00:01, elapsed time = 00:00:01, memory = 306.02 (MB), peak = 305.71 (MB)
[INFO DRT-0187] Start routing data preparation.
[INFO DRT-0267] cpu time = 00:00:00, elapsed time = 00:00:00, memory = 307.46 (MB), peak = 307.21 (MB)
[INFO DRT-0194] Start detail routing.
[INFO DRT-0195] Start 0th optimization iteration.
    Completing 10% with 0 violations.
    elapsed time = 00:00:00, memory = 345.64 (MB).
    Completing 20% with 0 violations.
    elapsed time = 00:00:01, memory = 349.86 (MB).
    Completing 30% with 0 violations.
    elapsed time = 00:00:02, memory = 337.41 (MB).
    Completing 40% with 89 violations.
    elapsed time = 00:00:04, memory = 372.00 (MB).
    Completing 50% with 89 violations.
    elapsed time = 00:00:05, memory = 361.00 (MB).
    Completing 60% with 89 violations.
    elapsed time = 00:00:06, memory = 344.82 (MB).
    Completing 70% with 159 violations.
    elapsed time = 00:00:08, memory = 387.21 (MB).
    Completing 80% with 159 violations.
    elapsed time = 00:00:11, memory = 372.66 (MB).
    Completing 90% with 311 violations.
    elapsed time = 00:00:14, memory = 411.18 (MB).
    Completing 100% with 384 violations.
    elapsed time = 00:00:16, memory = 370.64 (MB).
[INFO DRT-0199]   Number of violations = 527.
Viol/Layer      metal1   via1 metal2   via2 metal3 metal4   via4 metal5
Cut Spacing          0      0      0      1      0      0      2      0
Metal Spacing        0      0     26      0      4      2      0      0
Recheck              1      0     83      0     51      5      0      3
Short                0      1    248      1     94      1      0      4
[INFO DRT-0267] cpu time = 00:00:41, elapsed time = 00:00:17, memory = 895.42 (MB), peak = 895.16 (MB)
Total wire length = 31939 um.
Total wire length on LAYER metal1 = 0 um.
Total wire length on LAYER metal2 = 10724 um.
Total wire length on LAYER metal3 = 12461 um.
Total wire length on LAYER metal4 = 4290 um.
Total wire length on LAYER metal5 = 2874 um.
Total wire length on LAYER metal6 = 1442 um.
Total wire length on LAYER metal7 = 106 um.
Total wire length on LAYER metal8 = 25 um.
Total wire length on LAYER metal9 = 15 um.
Total wire length on LAYER metal10 = 0 um.
Total number of vias = 13900.
Up-via summary (total 13900):

----------------
 active        0
 metal1     5924
 metal2     6551
 metal3      848
 metal4      406
 metal5      159
 metal6        8
 metal7        2
 metal8        2
 metal9        0
----------------
       13900


[INFO DRT-0195] Start 1st optimization iteration.
    Completing 10% with 527 violations.
    elapsed time = 00:00:00, memory = 919.43 (MB).
    Completing 20% with 527 violations.
    elapsed time = 00:00:00, memory = 922.60 (MB).
    Completing 30% with 527 violations.
    elapsed time = 00:00:02, memory = 924.53 (MB).
    Completing 40% with 434 violations.
    elapsed time = 00:00:04, memory = 933.00 (MB).
    Completing 50% with 434 violations.
    elapsed time = 00:00:04, memory = 933.00 (MB).
    Completing 60% with 434 violations.
    elapsed time = 00:00:08, memory = 916.90 (MB).
    Completing 70% with 377 violations.
    elapsed time = 00:00:08, memory = 942.60 (MB).
    Completing 80% with 377 violations.
    elapsed time = 00:00:13, memory = 925.15 (MB).
    Completing 90% with 280 violations.
    elapsed time = 00:00:18, memory = 953.02 (MB).
    Completing 100% with 146 violations.
    elapsed time = 00:00:19, memory = 953.02 (MB).
[INFO DRT-0199]   Number of violations = 146.
Viol/Layer      metal2 metal3
Metal Spacing       32      6
Short               96     12
[INFO DRT-0267] cpu time = 00:00:41, elapsed time = 00:00:19, memory = 956.02 (MB), peak = 955.69 (MB)
Total wire length = 31713 um.
Total wire length on LAYER metal1 = 0 um.
Total wire length on LAYER metal2 = 10657 um.
Total wire length on LAYER metal3 = 12378 um.
Total wire length on LAYER metal4 = 4289 um.
Total wire length on LAYER metal5 = 2807 um.
Total wire length on LAYER metal6 = 1434 um.
Total wire length on LAYER metal7 = 106 um.
Total wire length on LAYER metal8 = 25 um.
Total wire length on LAYER metal9 = 15 um.
Total wire length on LAYER metal10 = 0 um.
Total number of vias = 13671.
Up-via summary (total 13671):

----------------
 active        0
 metal1     5923
 metal2     6344
 metal3      857
 metal4      385
 metal5      152
 metal6        6
 metal7        2
 metal8        2
 metal9        0
----------------
       13671


[INFO DRT-0195] Start 2nd optimization iteration.
    Completing 10% with 146 violations.
    elapsed time = 00:00:00, memory = 956.02 (MB).
    Completing 20% with 146 violations.
    elapsed time = 00:00:00, memory = 956.02 (MB).
    Completing 30% with 146 violations.
    elapsed time = 00:00:01, memory = 956.02 (MB).
    Completing 40% with 128 violations.
    elapsed time = 00:00:01, memory = 956.02 (MB).
    Completing 50% with 128 violations.
    elapsed time = 00:00:02, memory = 956.02 (MB).
    Completing 60% with 128 violations.
    elapsed time = 00:00:04, memory = 956.02 (MB).
    Completing 70% with 103 violations.
    elapsed time = 00:00:04, memory = 956.02 (MB).
    Completing 80% with 103 violations.
    elapsed time = 00:00:07, memory = 961.66 (MB).
    Completing 90% with 103 violations.
    elapsed time = 00:00:11, memory = 961.66 (MB).
    Completing 100% with 95 violations.
    elapsed time = 00:00:12, memory = 961.66 (MB).
[INFO DRT-0199]   Number of violations = 95.
Viol/Layer      metal2 metal3
Metal Spacing       13      1
Short               69     12
[INFO DRT-0267] cpu time = 00:00:32, elapsed time = 00:00:12, memory = 961.66 (MB), peak = 961.31 (MB)
Total wire length = 31671 um.
Total wire length on LAYER metal1 = 0 um.
Total wire length on LAYER metal2 = 10635 um.
Total wire length on LAYER metal3 = 12331 um.
Total wire length on LAYER metal4 = 4299 um.
Total wire length on LAYER metal5 = 2829 um.
Total wire length on LAYER metal6 = 1426 um.
Total wire length on LAYER metal7 = 107 um.
Total wire length on LAYER metal8 = 25 um.
Total wire length on LAYER metal9 = 15 um.
Total wire length on LAYER metal10 = 0 um.
Total number of vias = 13637.
Up-via summary (total 13637):

----------------
 active        0
 metal1     5921
 metal2     6336
 metal3      833
 metal4      384
 metal5      153
 metal6        6
 metal7        2
 metal8        2
 metal9        0
----------------
       13637


[INFO DRT-0195] Start 3rd guides tiles iteration.
    Completing 10% with 95 violations.
    elapsed time = 00:00:00, memory = 961.66 (MB).
    Completing 20% with 95 violations.
    elapsed time = 00:00:00, memory = 961.66 (MB).
    Completing 30% with 95 violations.
    elapsed time = 00:00:00, memory = 961.66 (MB).
    Completing 40% with 95 violations.
    elapsed time = 00:00:00, memory = 961.66 (MB).
    Completing 50% with 95 violations.
    elapsed time = 00:00:06, memory = 961.66 (MB).
    Completing 60% with 55 violations.
    elapsed time = 00:00:06, memory = 961.66 (MB).
    Completing 70% with 55 violations.
    elapsed time = 00:00:06, memory = 961.66 (MB).
    Completing 80% with 55 violations.
    elapsed time = 00:00:49, memory = 961.66 (MB).
    Completing 90% with 0 violations.
    elapsed time = 00:00:49, memory = 961.66 (MB).
    Completing 100% with 0 violations.
    elapsed time = 00:00:49, memory = 961.66 (MB).
[INFO DRT-0199]   Number of violations = 0.
[INFO DRT-0267] cpu time = 00:00:50, elapsed time = 00:00:49, memory = 961.66 (MB), peak = 961.31 (MB)
Total wire length = 31654 um.
Total wire length on LAYER metal1 = 0 um.
Total wire length on LAYER metal2 = 10516 um.
Total wire length on LAYER metal3 = 12458 um.
Total wire length on LAYER metal4 = 4378 um.
Total wire length on LAYER metal5 = 2725 um.
Total wire length on LAYER metal6 = 1426 um.
Total wire length on LAYER metal7 = 107 um.
Total wire length on LAYER metal8 = 25 um.
Total wire length on LAYER metal9 = 15 um.
Total wire length on LAYER metal10 = 0 um.
Total number of vias = 13716.
Up-via summary (total 13716):

----------------
 active        0
 metal1     5921
 metal2     6385
 metal3      871
 metal4      376
 metal5      153
 metal6        6
 metal7        2
 metal8        2
 metal9        0
----------------
       13716


[INFO DRT-0198] Complete detail routing.
Total wire length = 31654 um.
Total wire length on LAYER metal1 = 0 um.
Total wire length on LAYER metal2 = 10516 um.
Total wire length on LAYER metal3 = 12458 um.
Total wire length on LAYER metal4 = 4378 um.
Total wire length on LAYER metal5 = 2725 um.
Total wire length on LAYER metal6 = 1426 um.
Total wire length on LAYER metal7 = 107 um.
Total wire length on LAYER metal8 = 25 um.
Total wire length on LAYER metal9 = 15 um.
Total wire length on LAYER metal10 = 0 um.
Total number of vias = 13716.
Up-via summary (total 13716):

----------------
 active        0
 metal1     5921
 metal2     6385
 metal3      871
 metal4      376
 metal5      153
 metal6        6
 metal7        2
 metal8        2
 metal9        0
----------------
       13716


[INFO DRT-0267] cpu time = 00:02:46, elapsed time = 00:01:38, memory = 961.72 (MB), peak = 961.31 (MB)

[INFO DRT-0180] Post processing.
Took 103 seconds: detailed_route -output_drc ./reports/nangate45/s5378/phase0c_f3e7b516a_s17_k4_A_bc92c5b2_7f655d61/5_route_drc.rpt -output_maze ./results/nangate45/s5378/phase0c_f3e7b516a_s17_k4_A_bc92c5b2_7f655d61/maze.log -droute_end_iter 64 -verbose 1 -drc_report_iter_step 5
[WARNING GRT-0246] No diode with LEF class CORE ANTENNACELL found.
[INFO ANT-0002] Found 0 net violations.
[INFO ANT-0001] Found 0 pin violations.
[INFO ANT-0002] Found 0 net violations.
[INFO ANT-0001] Found 0 pin violations.
Design area 2592 um^2 37% utilization.
write_db ./results/nangate45/s5378/phase0c_f3e7b516a_s17_k4_A_bc92c5b2_7f655d61/5_2_route.odb
Log                       Ext     Elapsed/s Peak Memory/MB sha1sum result [0:20)
5_2_route                 .odb          112            961 bc773a7419074fd5511c
/root/pact-deps/OpenROAD-flow-scripts/flow/scripts/flow.sh 5_3_fillcell fillcell
Running fillcell.tcl, stage 5_3_fillcell
read_liberty /root/pact-deps/OpenROAD-flow-scripts/flow/platforms/nangate45/lib/NangateOpenCellLibrary_typical.lib
read_db ./results/nangate45/s5378/phase0c_f3e7b516a_s17_k4_A_bc92c5b2_7f655d61/5_2_route.odb
read_sdc ./results/nangate45/s5378/phase0c_f3e7b516a_s17_k4_A_bc92c5b2_7f655d61/5_1_grt.sdc
source /root/pact-deps/OpenROAD-flow-scripts/flow/platforms/nangate45/setRC.tcl
filler_placement "FILLCELL_X1 FILLCELL_X2 FILLCELL_X4 FILLCELL_X8 FILLCELL_X16 FILLCELL_X32"
[INFO DPL-0001] Placed 2512 filler instances.
Design area 2592 um^2 37% utilization.
write_db ./results/nangate45/s5378/phase0c_f3e7b516a_s17_k4_A_bc92c5b2_7f655d61/5_3_fillcell.odb
Log                       Ext     Elapsed/s Peak Memory/MB sha1sum result [0:20)
5_3_fillcell              .odb            0            116 c706b88e011aebbbe310
cp ./results/nangate45/s5378/phase0c_f3e7b516a_s17_k4_A_bc92c5b2_7f655d61/5_3_fillcell.odb ./results/nangate45/s5378/phase0c_f3e7b516a_s17_k4_A_bc92c5b2_7f655d61/5_route.odb
cp ./results/nangate45/s5378/phase0c_f3e7b516a_s17_k4_A_bc92c5b2_7f655d61/5_1_grt.sdc ./results/nangate45/s5378/phase0c_f3e7b516a_s17_k4_A_bc92c5b2_7f655d61/5_route.sdc
