OpenROAD 26Q2-1164-g08f67ee5ec 
Features included (+) or not (-): +GPU +GUI +Python
This program is licensed under the BSD-3 license. See the LICENSE file for details.
Components of this program may be licensed under more restrictive licenses which must be honored.
[INFO ORD-0030] Using 4 thread(s).
read_liberty /root/pact-deps/OpenROAD-flow-scripts/flow/platforms/nangate45/lib/NangateOpenCellLibrary_typical.lib
read_db /mnt/c/Users/Abhinav/OneDrive/Desktop/PACT/PACT/results/phase2d_independent_gp/raw/orfs/results/nangate45/s5378/phase2c_s29_7253cc78282e/4_cts.odb
read_sdc /mnt/c/Users/Abhinav/OneDrive/Desktop/PACT/PACT/results/phase2d_independent_gp/raw/orfs/results/nangate45/s5378/phase2c_s29_7253cc78282e/4_cts.sdc
source /root/pact-deps/OpenROAD-flow-scripts/flow/platforms/nangate45/setRC.tcl
pin_access
[INFO DRT-0149] Reading tech and libs.

Units:                2000
Number of layers:     21
Number of macros:     135
Number of vias:       33
Number of viarulegen: 19

[INFO DRT-0150] Reading design.

Design:                   s5378
Die area:                 ( 0 0 ) ( 171970 171970 )
Number of track patterns: 20
Number of DEF vias:       0
Number of components:     2091
Number of terminals:      92
Number of snets:          2
Number of nets:           1997

[INFO DRT-0167] List of default vias:
  Layer via2
    default via: via2_5
  Layer via3
    default via: via3_2
  Layer via4
    default via: via4_0
  Layer via5
    default via: via5_0
  Layer via6
    default via: via6_0
  Layer via7
    default via: via7_0
  Layer via8
    default via: via8_0
  Layer via9
    default via: via9_0
[INFO DRT-0162] Library cell analysis.
[INFO DRT-0163] Instance analysis.
[INFO DRT-0164] Number of unique instances = 32.
[INFO DRT-0168] Init region query.
[INFO DRT-0024]   Complete active.
[INFO DRT-0024]   Complete Fr_VIA.
[INFO DRT-0024]   Complete metal1.
[INFO DRT-0024]   Complete via1.
[INFO DRT-0024]   Complete metal2.
[INFO DRT-0024]   Complete via2.
[INFO DRT-0024]   Complete metal3.
[INFO DRT-0024]   Complete via3.
[INFO DRT-0024]   Complete metal4.
[INFO DRT-0024]   Complete via4.
[INFO DRT-0024]   Complete metal5.
[INFO DRT-0024]   Complete via5.
[INFO DRT-0024]   Complete metal6.
[INFO DRT-0024]   Complete via6.
[INFO DRT-0024]   Complete metal7.
[INFO DRT-0024]   Complete via7.
[INFO DRT-0024]   Complete metal8.
[INFO DRT-0024]   Complete via8.
[INFO DRT-0024]   Complete metal9.
[INFO DRT-0024]   Complete via9.
[INFO DRT-0024]   Complete metal10.
[INFO DRT-0033] active shape region query size = 0.
[INFO DRT-0033] FR_VIA shape region query size = 0.
[INFO DRT-0033] metal1 shape region query size = 29330.
[INFO DRT-0033] via1 shape region query size = 270.
[INFO DRT-0033] metal2 shape region query size = 180.
[INFO DRT-0033] via2 shape region query size = 270.
[INFO DRT-0033] metal3 shape region query size = 180.
[INFO DRT-0033] via3 shape region query size = 270.
[INFO DRT-0033] metal4 shape region query size = 102.
[INFO DRT-0033] via4 shape region query size = 90.
[INFO DRT-0033] metal5 shape region query size = 75.
[INFO DRT-0033] via5 shape region query size = 90.
[INFO DRT-0033] metal6 shape region query size = 51.
[INFO DRT-0033] via6 shape region query size = 36.
[INFO DRT-0033] metal7 shape region query size = 21.
[INFO DRT-0033] via7 shape region query size = 0.
[INFO DRT-0033] metal8 shape region query size = 0.
[INFO DRT-0033] via8 shape region query size = 0.
[INFO DRT-0033] metal9 shape region query size = 0.
[INFO DRT-0033] via9 shape region query size = 0.
[INFO DRT-0033] metal10 shape region query size = 0.
[INFO DRT-0165] Start pin access.
[INFO DRT-0078]   Complete 152 pins.
[INFO DRT-0081]   Complete 32 unique inst patterns.
[INFO DRT-0084]   Complete 1056 groups.
#scanned instances     = 2091
#unique  instances     = 32
#stdCellGenAp          = 613
#stdCellValidPlanarAp  = 0
#stdCellValidViaAp     = 487
#stdCellPinNoAp        = 0
#stdCellPinCnt         = 5901
#instTermValidViaApCnt = 0
#macroGenAp            = 0
#macroValidPlanarAp    = 0
#macroValidViaAp       = 0
#macroNoAp             = 0
[INFO DRT-0166] Complete pin access.
[INFO DRT-0267] cpu time = 00:00:15, elapsed time = 00:00:03, memory = 115.75 (MB), peak = 115.40 (MB)
set_global_routing_random -seed 29
global_route -congestion_report_file /mnt/c/Users/Abhinav/OneDrive/Desktop/PACT/PACT/results/phase2d_independent_gp/raw/orfs/reports/nangate45/s5378/phase2c_s29_7253cc78282e/congestion.rpt -congestion_iterations 30 -congestion_report_iter_step 5 -verbose
[INFO GRT-0020] Min routing layer: metal2
[INFO GRT-0021] Max routing layer: metal10
[INFO GRT-0022] Global adjustment: 0%
[INFO GRT-0023] Grid origin: (0, 0)
[INFO GRT-0088] Layer metal1  Track-Pitch = 0.1400  line-2-Via Pitch: 0.1350
[INFO GRT-0088] Layer metal2  Track-Pitch = 0.1900  line-2-Via Pitch: 0.1400
[INFO GRT-0088] Layer metal3  Track-Pitch = 0.1400  line-2-Via Pitch: 0.1400
[INFO GRT-0088] Layer metal4  Track-Pitch = 0.2800  line-2-Via Pitch: 0.2800
[INFO GRT-0088] Layer metal5  Track-Pitch = 0.2800  line-2-Via Pitch: 0.2800
[INFO GRT-0088] Layer metal6  Track-Pitch = 0.2800  line-2-Via Pitch: 0.2800
[INFO GRT-0088] Layer metal7  Track-Pitch = 0.8000  line-2-Via Pitch: 0.8000
[INFO GRT-0088] Layer metal8  Track-Pitch = 0.8000  line-2-Via Pitch: 0.8000
[INFO GRT-0088] Layer metal9  Track-Pitch = 1.6000  line-2-Via Pitch: 1.6000
[INFO GRT-0088] Layer metal10 Track-Pitch = 1.6000  line-2-Via Pitch: 1.6000
[INFO GRT-0003] Macros: 0
[INFO GRT-0004] Blockages: 0
[INFO GRT-0019] Found 18 clock nets.
[INFO GRT-0001] Minimum degree: 2
[INFO GRT-0002] Maximum degree: 39

[INFO GRT-0053] Routing resources analysis:
          Routing      Original      Derated      Resource
Layer     Direction    Resources     Resources    Reduction (%)
---------------------------------------------------------------
metal1     Horizontal          0             0          0.00%
metal2     Vertical        12818          6032          52.94%
metal3     Horizontal      17709          8695          50.90%
metal4     Vertical         8700          6148          29.33%
metal5     Horizontal       8855          6255          29.36%
metal6     Vertical         8880          6276          29.32%
metal7     Horizontal       2726          1972          27.66%
metal8     Vertical         3103          2233          28.04%
metal9     Horizontal       1537           870          43.40%
metal10    Vertical         1537           870          43.40%
---------------------------------------------------------------

[INFO GRT-0197] Via related to pin nodes: 9196
[INFO GRT-0198] Via related Steiner nodes: 131
[INFO GRT-0199] Via filling finished.
[INFO GRT-0111] Final number of vias: 11305
[INFO GRT-0112] Final usage 3D: 40569

[INFO GRT-0096] Final congestion report:
Layer         Resource        Demand        Usage (%)    Max H / Max V / Total Overflow
---------------------------------------------------------------------------------------
metal1               0             0            0.00%             0 /  0 /  0
metal2            6032          2512           41.64%             0 /  0 /  0
metal3            8695          2860           32.89%             0 /  0 /  0
metal4            6148           882           14.35%             0 /  0 /  0
metal5            6255           300            4.80%             0 /  0 /  0
metal6            6276           100            1.59%             0 /  0 /  0
metal7            1972             0            0.00%             0 /  0 /  0
metal8            2233             0            0.00%             0 /  0 /  0
metal9             870             0            0.00%             0 /  0 /  0
metal10            870             0            0.00%             0 /  0 /  0
---------------------------------------------------------------------------------------
Total            39351          6654           16.91%             0 /  0 /  0

[INFO GRT-0018] Total wirelength: 28913 um
[INFO GRT-0014] Routed nets: 1997
[INFO GRT-0303] Global routing runtime = 00:00:00
estimate_parasitics -global_routing
Perform buffer insertion and gate resizing...
repair_design -verbose
Iteration |   Area    | Resized | Buffers | Nets repaired | Remaining
---------------------------------------------------------------------
        0 |     +0.0% |       0 |       0 |             0 |      2191
       10 |     +0.0% |       0 |       0 |             0 |      2181
       20 |     +0.0% |       0 |       0 |             0 |      2171
       30 |     +0.0% |       0 |       0 |             0 |      2161
       40 |     +0.0% |       0 |       0 |             0 |      2151
       50 |     +0.0% |       0 |       0 |             0 |      2141
       60 |     +0.0% |       0 |       0 |             0 |      2131
       70 |     +0.0% |       0 |       0 |             0 |      2121
       80 |     +0.0% |       0 |       0 |             0 |      2111
       90 |     +0.0% |       0 |       0 |             0 |      2101
      100 |     +0.0% |       0 |       0 |             0 |      2091
      110 |     +0.0% |       0 |       0 |             0 |      2081
      120 |     +0.0% |       0 |       0 |             0 |      2071
      130 |     +0.0% |       0 |       0 |             0 |      2061
      140 |     +0.0% |       0 |       0 |             0 |      2051
      150 |     +0.0% |       0 |       0 |             0 |      2041
      160 |     +0.0% |       0 |       0 |             0 |      2031
      170 |     +0.0% |       0 |       0 |             0 |      2021
      180 |     +0.0% |       0 |       0 |             0 |      2011
      190 |     +0.0% |       0 |       0 |             0 |      2001
      200 |     +0.0% |       0 |       0 |             0 |      1991
      210 |     +0.0% |       0 |       0 |             0 |      1981
      220 |     +0.0% |       0 |       0 |             0 |      1971
      230 |     +0.0% |       0 |       0 |             0 |      1961
      240 |     +0.0% |       0 |       0 |             0 |      1951
      250 |     +0.0% |       0 |       0 |             0 |      1941
      260 |     +0.0% |       0 |       0 |             0 |      1931
      270 |     +0.0% |       0 |       0 |             0 |      1921
      280 |     +0.0% |       0 |       0 |             0 |      1911
      290 |     +0.0% |       0 |       0 |             0 |      1901
      300 |     +0.0% |       0 |       0 |             0 |      1891
      310 |     +0.0% |       0 |       0 |             0 |      1881
      320 |     +0.0% |       0 |       0 |             0 |      1871
      330 |     +0.0% |       0 |       0 |             0 |      1861
      340 |     +0.0% |       0 |       0 |             0 |      1851
      350 |     +0.0% |       0 |       0 |             0 |      1841
      360 |     +0.0% |       0 |       0 |             0 |      1831
      370 |     +0.0% |       0 |       0 |             0 |      1821
      380 |     +0.0% |       0 |       0 |             0 |      1811
      390 |     +0.0% |       0 |       0 |             0 |      1801
      400 |     +0.0% |       0 |       0 |             0 |      1791
      410 |     +0.0% |       0 |       0 |             0 |      1781
      420 |     +0.0% |       0 |       0 |             0 |      1771
      430 |     +0.0% |       0 |       0 |             0 |      1761
      440 |     +0.0% |       0 |       0 |             0 |      1751
      450 |     +0.0% |       0 |       0 |             0 |      1741
      460 |     +0.0% |       0 |       0 |             0 |      1731
      470 |     +0.0% |       0 |       0 |             0 |      1721
      480 |     +0.0% |       0 |       0 |             0 |      1711
      490 |     +0.0% |       0 |       0 |             0 |      1701
      500 |     +0.0% |       0 |       0 |             0 |      1691
      510 |     +0.0% |       0 |       0 |             0 |      1681
      520 |     +0.0% |       0 |       0 |             0 |      1671
      530 |     +0.0% |       0 |       0 |             0 |      1661
      540 |     +0.0% |       0 |       0 |             0 |      1651
      550 |     +0.0% |       0 |       0 |             0 |      1641
      560 |     +0.0% |       0 |       0 |             0 |      1631
      570 |     +0.0% |       0 |       0 |             0 |      1621
      580 |     +0.0% |       0 |       0 |             0 |      1611
      590 |     +0.0% |       0 |       0 |             0 |      1601
      600 |     +0.0% |       0 |       0 |             1 |      1591
      610 |     +0.0% |       0 |       0 |             1 |      1581
      620 |     +0.0% |       0 |       0 |             1 |      1571
      630 |     +0.0% |       0 |       0 |             1 |      1561
      640 |     +0.0% |       0 |       0 |             1 |      1551
      650 |     +0.0% |       0 |       0 |             1 |      1541
      660 |     +0.0% |       0 |       0 |             1 |      1531
      670 |     +0.0% |       0 |       0 |             1 |      1521
      680 |     +0.0% |       0 |       0 |             1 |      1511
      690 |     +0.0% |       0 |       0 |             1 |      1501
      700 |     +0.0% |       0 |       0 |             1 |      1491
      710 |     +0.0% |       0 |       0 |             1 |      1481
      720 |     +0.0% |       0 |       0 |             1 |      1471
      730 |     +0.0% |       0 |       0 |             1 |      1461
      740 |     +0.0% |       0 |       0 |             1 |      1451
      750 |     +0.0% |       0 |       0 |             1 |      1441
      760 |     +0.0% |       0 |       0 |             1 |      1431
      770 |     +0.0% |       0 |       0 |             1 |      1421
      780 |     +0.0% |       0 |       0 |             1 |      1411
      790 |     +0.0% |       0 |       0 |             1 |      1401
      800 |     +0.0% |       0 |       0 |             1 |      1391
      810 |     +0.0% |       0 |       0 |             1 |      1381
      820 |     +0.0% |       0 |       0 |             1 |      1371
      830 |     +0.0% |       0 |       0 |             1 |      1361
      840 |     +0.0% |       0 |       0 |             1 |      1351
      850 |     +0.0% |       0 |       0 |             1 |      1341
      860 |     +0.0% |       0 |       0 |             1 |      1331
      870 |     +0.0% |       0 |       0 |             1 |      1321
      880 |     +0.0% |       0 |       0 |             1 |      1311
      890 |     +0.0% |       0 |       0 |             1 |      1301
      900 |     +0.0% |       0 |       0 |             1 |      1291
      910 |     +0.0% |       0 |       0 |             1 |      1281
      920 |     +0.0% |       0 |       0 |             1 |      1271
      930 |     +0.0% |       0 |       0 |             1 |      1261
      940 |     +0.0% |       0 |       0 |             1 |      1251
      950 |     +0.0% |       0 |       0 |             1 |      1241
      960 |     +0.0% |       0 |       0 |             1 |      1231
      970 |     +0.0% |       0 |       0 |             1 |      1221
      980 |     +0.0% |       0 |       0 |             1 |      1211
      990 |     +0.0% |       0 |       0 |             1 |      1201
     1000 |     +0.0% |       0 |       0 |             1 |      1191
     1010 |     +0.0% |       0 |       0 |             1 |      1181
     1020 |     +0.0% |       0 |       0 |             1 |      1171
     1030 |     +0.0% |       0 |       0 |             1 |      1161
     1040 |     +0.0% |       0 |       0 |             1 |      1151
     1050 |     +0.0% |       0 |       0 |             1 |      1141
     1060 |     +0.0% |       0 |       0 |             1 |      1131
     1070 |     +0.0% |       0 |       0 |             1 |      1121
     1080 |     +0.0% |       0 |       0 |             1 |      1111
     1090 |     +0.0% |       0 |       0 |             1 |      1101
     1100 |     +0.0% |       0 |       0 |             1 |      1091
     1110 |     +0.0% |       0 |       0 |             1 |      1081
     1120 |     +0.0% |       0 |       0 |             1 |      1071
     1130 |     +0.0% |       0 |       0 |             1 |      1061
     1140 |     +0.0% |       0 |       0 |             1 |      1051
     1150 |     +0.0% |       0 |       0 |             1 |      1041
     1160 |     +0.0% |       0 |       0 |             1 |      1031
     1170 |     +0.0% |       0 |       0 |             1 |      1021
     1180 |     +0.0% |       0 |       0 |             1 |      1011
     1190 |     +0.0% |       0 |       0 |             1 |      1001
     1200 |     +0.0% |       0 |       0 |             1 |       991
     1210 |     +0.0% |       0 |       0 |             1 |       981
     1220 |     +0.0% |       0 |       0 |             1 |       971
     1230 |     +0.0% |       0 |       0 |             1 |       961
     1240 |     +0.0% |       0 |       0 |             1 |       951
     1250 |     +0.0% |       0 |       0 |             1 |       941
     1260 |     +0.0% |       0 |       0 |             1 |       931
     1270 |     +0.0% |       0 |       0 |             1 |       921
     1280 |     +0.0% |       0 |       0 |             1 |       911
     1290 |     +0.0% |       0 |       0 |             1 |       901
     1300 |     +0.0% |       0 |       0 |             1 |       891
     1310 |     +0.0% |       0 |       0 |             1 |       881
     1320 |     +0.0% |       0 |       0 |             1 |       871
     1330 |     +0.0% |       0 |       0 |             1 |       861
     1340 |     +0.0% |       0 |       0 |             1 |       851
     1350 |     +0.0% |       0 |       0 |             1 |       841
     1360 |     +0.0% |       0 |       0 |             1 |       831
     1370 |     +0.0% |       0 |       0 |             1 |       821
     1380 |     +0.0% |       0 |       0 |             1 |       811
     1390 |     +0.0% |       0 |       0 |             1 |       801
     1400 |     +0.0% |       0 |       0 |             1 |       791
     1410 |     +0.0% |       0 |       0 |             1 |       781
     1420 |     +0.0% |       0 |       0 |             1 |       771
     1430 |     +0.0% |       0 |       0 |             1 |       761
     1440 |     +0.0% |       0 |       0 |             1 |       751
     1450 |     +0.0% |       0 |       0 |             1 |       741
     1460 |     +0.0% |       0 |       0 |             1 |       731
     1470 |     +0.0% |       0 |       0 |             1 |       721
     1480 |     +0.0% |       0 |       0 |             1 |       711
     1490 |     +0.0% |       0 |       0 |             1 |       701
     1500 |     +0.0% |       0 |       0 |             1 |       691
     1510 |     +0.0% |       0 |       0 |             1 |       681
     1520 |     +0.0% |       0 |       0 |             1 |       671
     1530 |     +0.0% |       0 |       0 |             1 |       661
     1540 |     +0.0% |       0 |       0 |             1 |       651
     1550 |     +0.0% |       0 |       0 |             1 |       641
     1560 |     +0.0% |       0 |       0 |             1 |       631
     1570 |     +0.0% |       0 |       0 |             1 |       621
     1580 |     +0.0% |       0 |       0 |             1 |       611
     1590 |     +0.0% |       0 |       0 |             1 |       601
     1600 |     +0.0% |       0 |       0 |             1 |       591
     1610 |     +0.0% |       0 |       0 |             1 |       581
     1620 |     +0.0% |       0 |       0 |             1 |       571
     1630 |     +0.0% |       0 |       0 |             1 |       561
     1640 |     +0.0% |       0 |       0 |             1 |       551
     1650 |     +0.0% |       0 |       0 |             1 |       541
     1660 |     +0.0% |       0 |       0 |             1 |       531
     1670 |     +0.0% |       0 |       0 |             1 |       521
     1680 |     +0.0% |       0 |       0 |             1 |       511
     1690 |     +0.0% |       0 |       0 |             1 |       501
     1700 |     +0.0% |       0 |       0 |             1 |       491
     1710 |     +0.0% |       0 |       0 |             1 |       481
     1720 |     +0.0% |       0 |       0 |             1 |       471
     1730 |     +0.0% |       0 |       0 |             1 |       461
     1740 |     +0.0% |       0 |       0 |             1 |       451
     1750 |     +0.0% |       0 |       0 |             1 |       441
     1760 |     +0.0% |       0 |       0 |             1 |       431
     1770 |     +0.0% |       0 |       0 |             1 |       421
     1780 |     +0.0% |       0 |       0 |             1 |       411
     1790 |     +0.0% |       0 |       0 |             1 |       401
     1800 |     +0.0% |       0 |       0 |             1 |       391
     1810 |     +0.0% |       0 |       0 |             1 |       381
     1820 |     +0.0% |       0 |       0 |             1 |       371
     1830 |     +0.0% |       0 |       0 |             1 |       361
     1840 |     +0.0% |       0 |       0 |             1 |       351
     1850 |     +0.0% |       0 |       0 |             1 |       341
     1860 |     +0.0% |       0 |       0 |             1 |       331
     1870 |     +0.0% |       0 |       0 |             1 |       321
     1880 |     +0.0% |       0 |       0 |             1 |       311
     1890 |     +0.0% |       0 |       0 |             1 |       301
     1900 |     +0.0% |       0 |       0 |             1 |       291
     1910 |     +0.0% |       0 |       0 |             1 |       281
     1920 |     +0.0% |       0 |       0 |             1 |       271
     1930 |     +0.0% |       0 |       0 |             1 |       261
     1940 |     +0.0% |       0 |       0 |             1 |       251
     1950 |     +0.0% |       0 |       0 |             1 |       241
     1960 |     +0.0% |       0 |       0 |             1 |       231
     1970 |     +0.0% |       0 |       0 |             1 |       221
     1980 |     +0.0% |       0 |       0 |             1 |       211
     1990 |     +0.0% |       0 |       0 |             1 |       201
     2000 |     +0.0% |       0 |       0 |             1 |       191
     2010 |     +0.0% |       0 |       0 |             1 |       181
     2020 |     +0.0% |       0 |       0 |             1 |       171
     2030 |     +0.0% |       0 |       0 |             1 |       161
     2040 |     +0.0% |       0 |       0 |             1 |       151
     2050 |     +0.0% |       0 |       0 |             1 |       141
     2060 |     +0.0% |       0 |       0 |             1 |       131
     2070 |     +0.0% |       0 |       0 |             1 |       121
     2080 |     +0.0% |       0 |       0 |             1 |       111
     2090 |     +0.0% |       0 |       0 |             1 |       101
     2100 |     +0.0% |       0 |       0 |             1 |        91
     2110 |     +0.0% |       0 |       0 |             1 |        81
     2120 |     +0.0% |       0 |       0 |             1 |        71
     2130 |     +0.0% |       0 |       0 |             1 |        61
     2140 |     +0.0% |       0 |       0 |             1 |        51
     2150 |     +0.0% |       0 |       0 |             1 |        41
     2160 |     +0.0% |       0 |       0 |             1 |        31
     2170 |     +0.0% |       0 |       0 |             1 |        21
     2180 |     +0.0% |       0 |       0 |             1 |        11
     2190 |     +0.0% |       0 |       0 |             1 |         1
    final |     +0.0% |       0 |       0 |             1 |         0
---------------------------------------------------------------------
[INFO RSZ-0036] Found 1 capacitance violations.
global_route -start_incremental
detailed_placement
[INFO DPL-0006] Core area: 6921.05 um^2, Instances area: 2586.58 um^2, Utilization: 37.4%
[INFO DPL-0005] Diamond search max displacement: +/- 500 sites horizontally, +/- 100 rows vertically.
[INFO DPL-1101] Legalizing using diamond search.
Movements Summary
---------------------------------------
Total cells:                    1973
Diamond Move Success:           1973 (100.00%)
Diamond Move Failure:              0
Rip-up and replace Success:        0 (  0.00% of diamond failures)
Rip-up and replace Failure:        0
Total Placement Failures:          0
---------------------------------------
Placement Analysis
---------------------------------
total displacement          0.0 u
average displacement        0.0 u
max displacement            0.0 u
original HPWL           16963.0 u
legalized HPWL          16963.0 u
delta HPWL                    0 %

global_route -end_incremental -congestion_report_file /mnt/c/Users/Abhinav/OneDrive/Desktop/PACT/PACT/results/phase2d_independent_gp/raw/orfs/reports/nangate45/s5378/phase2c_s29_7253cc78282e/congestion_post_repair_design.rpt
Repair setup and hold violations...
estimate_parasitics -global_routing
repair_timing -setup_margin 0 -hold_margin 0 -repair_tns 100 -verbose
[INFO RSZ-0100] Repair move sequence: UnbufferMove SizeUpMove SwapPinsMove BufferMove CloneMove SplitLoadMove 
[INFO RSZ-0098] No setup violations found
[INFO RSZ-0033] No hold violations found.
global_route -start_incremental
detailed_placement
[INFO DPL-0006] Core area: 6921.05 um^2, Instances area: 2586.58 um^2, Utilization: 37.4%
[INFO DPL-0005] Diamond search max displacement: +/- 500 sites horizontally, +/- 100 rows vertically.
[INFO DPL-1101] Legalizing using diamond search.
Movements Summary
---------------------------------------
Total cells:                    1973
Diamond Move Success:           1973 (100.00%)
Diamond Move Failure:              0
Rip-up and replace Success:        0 (  0.00% of diamond failures)
Rip-up and replace Failure:        0
Total Placement Failures:          0
---------------------------------------
Placement Analysis
---------------------------------
total displacement          0.0 u
average displacement        0.0 u
max displacement            0.0 u
original HPWL           16963.0 u
legalized HPWL          16963.0 u
delta HPWL                    0 %

check_placement -verbose
global_route -end_incremental -congestion_report_file /mnt/c/Users/Abhinav/OneDrive/Desktop/PACT/PACT/results/phase2d_independent_gp/raw/orfs/reports/nangate45/s5378/phase2c_s29_7253cc78282e/congestion_post_repair_timing.rpt
estimate_parasitics -global_routing
global_route -start_incremental
global_route -end_incremental -congestion_report_file /mnt/c/Users/Abhinav/OneDrive/Desktop/PACT/PACT/results/phase2d_independent_gp/raw/orfs/reports/nangate45/s5378/phase2c_s29_7253cc78282e/congestion_post_recover_power.rpt
Repair antennas...
[WARNING GRT-0246] No diode with LEF class CORE ANTENNACELL found.
[INFO ANT-0002] Found 0 net violations.
[INFO ANT-0001] Found 0 pin violations.
Estimate parasitics...
estimate_parasitics -global_routing
Report metrics stage 5, global route...

==========================================================================
global route report_design_area
--------------------------------------------------------------------------
Design area 2587 um^2 37% utilization.
[INFO FLW-0007] clock clk period 10.000000
[INFO FLW-0008] Clock clk period 0.822
[INFO FLW-0009] Clock clk slack 9.135
write_sdc -no_timestamp /mnt/c/Users/Abhinav/OneDrive/Desktop/PACT/PACT/results/phase2d_independent_gp/raw/orfs/results/nangate45/s5378/phase2c_s29_7253cc78282e/updated_clks.sdc
[INFO FLW-0011] Path endpoint path count 782
write_db /mnt/c/Users/Abhinav/OneDrive/Desktop/PACT/PACT/results/phase2d_independent_gp/raw/orfs/results/nangate45/s5378/phase2c_s29_7253cc78282e/5_1_grt.odb
write_sdc -no_timestamp /mnt/c/Users/Abhinav/OneDrive/Desktop/PACT/PACT/results/phase2d_independent_gp/raw/orfs/results/nangate45/s5378/phase2c_s29_7253cc78282e/5_1_grt.sdc
Elapsed time: 0:10.01[h:]min:sec. CPU time: user 20.13 sys 1.10 (212%). Peak memory: 308688KB.
Log                       Ext     Elapsed/s Peak Memory/MB sha1sum result [0:20)
5_1_grt                   .odb           10            301 b107b64e04335b79cbad
5_1_grt                   .sdc                             dc3b136b356fec3f3ef5
