OpenROAD 26Q2-1164-g08f67ee5ec 
Features included (+) or not (-): +GPU +GUI +Python
This program is licensed under the BSD-3 license. See the LICENSE file for details.
Components of this program may be licensed under more restrictive licenses which must be honored.
[INFO ORD-0030] Using 1 thread(s).
GATE10A_FF_POPULATION 245
[INFO PSM-0040] All shapes on net VDD are connected.
GATE10A_POWER_SI 0.00013976478435040463 6.8638710672530578e-05 0.00010009437912650299
GATE10A_POWERED_MODELED 3136
[INFO PSM-0040] All shapes on net VDD are connected.
[INFO PSM-0015] Reading location of sources from: /mnt/c/Users/Abhinav/OneDrive/Desktop/PACT/PACT/reports/gate10a/runs/b14_opt/B3T/smoke_density0/sources.csv.
########## IR report #################
Net              : VDD
Corner           : default
Total power      : 3.08e-04 W
Supply voltage   : 1.10e+00 V
Worstcase voltage: 1.10e+00 V
Average voltage  : 1.10e+00 V
Average IR drop  : 1.87e-04 V
Worstcase IR drop: 3.21e-04 V
Percentage drop  : 0.03 %
######################################
########## EM analysis ###############
Net                : VDD
Corner             : default
Maximum current    : 4.38e-05 A
Average current    : 5.76e-07 A
Number of resistors: 13315
######################################
GATE10A_MEASURE_COMPLETE
