OpenROAD 26Q2-1164-g08f67ee5ec 
Features included (+) or not (-): +GPU +GUI +Python
This program is licensed under the BSD-3 license. See the LICENSE file for details.
Components of this program may be licensed under more restrictive licenses which must be honored.
GATE10A_MISSING_SUPPLY input1 BUF_X1 VDD
GATE10A_MISSING_SUPPLY input1 BUF_X1 VSS
GATE10A_MISSING_SUPPLY input2 BUF_X1 VDD
GATE10A_MISSING_SUPPLY input2 BUF_X1 VSS
GATE10A_MISSING_SUPPLY input3 BUF_X1 VDD
GATE10A_MISSING_SUPPLY input3 BUF_X1 VSS
GATE10A_MISSING_SUPPLY input4 BUF_X1 VDD
GATE10A_MISSING_SUPPLY input4 BUF_X1 VSS
GATE10A_MISSING_SUPPLY input5 BUF_X1 VDD
GATE10A_MISSING_SUPPLY input5 BUF_X1 VSS
GATE10A_MISSING_SUPPLY input6 BUF_X1 VDD
GATE10A_MISSING_SUPPLY input6 BUF_X1 VSS
GATE10A_MISSING_SUPPLY input7 BUF_X1 VDD
GATE10A_MISSING_SUPPLY input7 BUF_X1 VSS
GATE10A_MISSING_SUPPLY input8 BUF_X1 VDD
GATE10A_MISSING_SUPPLY input8 BUF_X1 VSS
GATE10A_MISSING_SUPPLY input9 BUF_X1 VDD
GATE10A_MISSING_SUPPLY input9 BUF_X1 VSS
GATE10A_MISSING_SUPPLY input10 BUF_X1 VDD
GATE10A_MISSING_SUPPLY input10 BUF_X1 VSS
GATE10A_MISSING_SUPPLY input11 BUF_X1 VDD
GATE10A_MISSING_SUPPLY input11 BUF_X1 VSS
GATE10A_MISSING_SUPPLY input12 BUF_X1 VDD
GATE10A_MISSING_SUPPLY input12 BUF_X1 VSS
GATE10A_MISSING_SUPPLY input13 BUF_X1 VDD
GATE10A_MISSING_SUPPLY input13 BUF_X1 VSS
GATE10A_MISSING_SUPPLY input14 BUF_X1 VDD
GATE10A_MISSING_SUPPLY input14 BUF_X1 VSS
GATE10A_MISSING_SUPPLY input15 BUF_X1 VDD
GATE10A_MISSING_SUPPLY input15 BUF_X1 VSS
GATE10A_MISSING_SUPPLY input16 BUF_X1 VDD
GATE10A_MISSING_SUPPLY input16 BUF_X1 VSS
GATE10A_MISSING_SUPPLY input17 BUF_X1 VDD
GATE10A_MISSING_SUPPLY input17 BUF_X1 VSS
GATE10A_MISSING_SUPPLY input18 BUF_X1 VDD
GATE10A_MISSING_SUPPLY input18 BUF_X1 VSS
GATE10A_MISSING_SUPPLY input19 BUF_X1 VDD
GATE10A_MISSING_SUPPLY input19 BUF_X1 VSS
GATE10A_MISSING_SUPPLY input20 BUF_X1 VDD
GATE10A_MISSING_SUPPLY input20 BUF_X1 VSS
GATE10A_MISSING_SUPPLY input21 BUF_X1 VDD
GATE10A_MISSING_SUPPLY input21 BUF_X1 VSS
GATE10A_MISSING_SUPPLY input22 BUF_X1 VDD
GATE10A_MISSING_SUPPLY input22 BUF_X1 VSS
GATE10A_MISSING_SUPPLY input23 BUF_X1 VDD
GATE10A_MISSING_SUPPLY input23 BUF_X1 VSS
GATE10A_MISSING_SUPPLY input24 BUF_X1 VDD
GATE10A_MISSING_SUPPLY input24 BUF_X1 VSS
GATE10A_MISSING_SUPPLY input25 BUF_X1 VDD
GATE10A_MISSING_SUPPLY input25 BUF_X1 VSS
GATE10A_MISSING_SUPPLY input26 BUF_X1 VDD
GATE10A_MISSING_SUPPLY input26 BUF_X1 VSS
GATE10A_MISSING_SUPPLY input27 BUF_X1 VDD
GATE10A_MISSING_SUPPLY input27 BUF_X1 VSS
GATE10A_MISSING_SUPPLY input28 BUF_X1 VDD
GATE10A_MISSING_SUPPLY input28 BUF_X1 VSS
GATE10A_MISSING_SUPPLY input29 BUF_X1 VDD
GATE10A_MISSING_SUPPLY input29 BUF_X1 VSS
GATE10A_MISSING_SUPPLY input30 BUF_X1 VDD
GATE10A_MISSING_SUPPLY input30 BUF_X1 VSS
GATE10A_MISSING_SUPPLY input31 BUF_X1 VDD
GATE10A_MISSING_SUPPLY input31 BUF_X1 VSS
GATE10A_MISSING_SUPPLY input32 BUF_X1 VDD
GATE10A_MISSING_SUPPLY input32 BUF_X1 VSS
GATE10A_MISSING_SUPPLY input33 CLKBUF_X3 VDD
GATE10A_MISSING_SUPPLY input33 CLKBUF_X3 VSS
GATE10A_MISSING_SUPPLY input34 BUF_X1 VDD
GATE10A_MISSING_SUPPLY input34 BUF_X1 VSS
GATE10A_MISSING_SUPPLY output35 BUF_X1 VDD
GATE10A_MISSING_SUPPLY output35 BUF_X1 VSS
GATE10A_MISSING_SUPPLY output36 BUF_X1 VDD
GATE10A_MISSING_SUPPLY output36 BUF_X1 VSS
GATE10A_MISSING_SUPPLY output37 BUF_X1 VDD
GATE10A_MISSING_SUPPLY output37 BUF_X1 VSS
GATE10A_MISSING_SUPPLY output38 BUF_X1 VDD
GATE10A_MISSING_SUPPLY output38 BUF_X1 VSS
GATE10A_MISSING_SUPPLY output39 BUF_X1 VDD
GATE10A_MISSING_SUPPLY output39 BUF_X1 VSS
GATE10A_MISSING_SUPPLY output40 BUF_X1 VDD
GATE10A_MISSING_SUPPLY output40 BUF_X1 VSS
GATE10A_MISSING_SUPPLY output41 BUF_X1 VDD
GATE10A_MISSING_SUPPLY output41 BUF_X1 VSS
GATE10A_MISSING_SUPPLY output42 BUF_X1 VDD
GATE10A_MISSING_SUPPLY output42 BUF_X1 VSS
GATE10A_MISSING_SUPPLY output43 BUF_X1 VDD
GATE10A_MISSING_SUPPLY output43 BUF_X1 VSS
GATE10A_MISSING_SUPPLY output44 BUF_X1 VDD
GATE10A_MISSING_SUPPLY output44 BUF_X1 VSS
GATE10A_MISSING_SUPPLY output45 BUF_X1 VDD
GATE10A_MISSING_SUPPLY output45 BUF_X1 VSS
GATE10A_MISSING_SUPPLY output46 BUF_X1 VDD
GATE10A_MISSING_SUPPLY output46 BUF_X1 VSS
GATE10A_MISSING_SUPPLY output47 BUF_X1 VDD
GATE10A_MISSING_SUPPLY output47 BUF_X1 VSS
GATE10A_MISSING_SUPPLY output48 BUF_X1 VDD
GATE10A_MISSING_SUPPLY output48 BUF_X1 VSS
GATE10A_MISSING_SUPPLY output49 BUF_X1 VDD
GATE10A_MISSING_SUPPLY output49 BUF_X1 VSS
GATE10A_MISSING_SUPPLY output50 BUF_X1 VDD
GATE10A_MISSING_SUPPLY output50 BUF_X1 VSS
GATE10A_MISSING_SUPPLY output51 BUF_X1 VDD
GATE10A_MISSING_SUPPLY output51 BUF_X1 VSS
GATE10A_MISSING_SUPPLY output52 BUF_X1 VDD
GATE10A_MISSING_SUPPLY output52 BUF_X1 VSS
GATE10A_MISSING_SUPPLY output53 BUF_X1 VDD
GATE10A_MISSING_SUPPLY output53 BUF_X1 VSS
GATE10A_MISSING_SUPPLY output54 BUF_X1 VDD
GATE10A_MISSING_SUPPLY output54 BUF_X1 VSS
GATE10A_MISSING_SUPPLY output55 BUF_X1 VDD
GATE10A_MISSING_SUPPLY output55 BUF_X1 VSS
GATE10A_MISSING_SUPPLY output56 BUF_X1 VDD
GATE10A_MISSING_SUPPLY output56 BUF_X1 VSS
GATE10A_MISSING_SUPPLY output57 BUF_X1 VDD
GATE10A_MISSING_SUPPLY output57 BUF_X1 VSS
GATE10A_MISSING_SUPPLY output58 BUF_X1 VDD
GATE10A_MISSING_SUPPLY output58 BUF_X1 VSS
GATE10A_MISSING_SUPPLY output59 BUF_X1 VDD
GATE10A_MISSING_SUPPLY output59 BUF_X1 VSS
GATE10A_MISSING_SUPPLY output60 BUF_X1 VDD
GATE10A_MISSING_SUPPLY output60 BUF_X1 VSS
GATE10A_MISSING_SUPPLY output61 BUF_X1 VDD
GATE10A_MISSING_SUPPLY output61 BUF_X1 VSS
GATE10A_MISSING_SUPPLY output62 BUF_X1 VDD
GATE10A_MISSING_SUPPLY output62 BUF_X1 VSS
GATE10A_MISSING_SUPPLY output63 BUF_X1 VDD
GATE10A_MISSING_SUPPLY output63 BUF_X1 VSS
GATE10A_MISSING_SUPPLY output64 BUF_X1 VDD
GATE10A_MISSING_SUPPLY output64 BUF_X1 VSS
GATE10A_MISSING_SUPPLY output65 BUF_X1 VDD
GATE10A_MISSING_SUPPLY output65 BUF_X1 VSS
GATE10A_MISSING_SUPPLY output66 BUF_X1 VDD
GATE10A_MISSING_SUPPLY output66 BUF_X1 VSS
GATE10A_MISSING_SUPPLY output67 BUF_X1 VDD
GATE10A_MISSING_SUPPLY output67 BUF_X1 VSS
GATE10A_MISSING_SUPPLY output68 BUF_X1 VDD
GATE10A_MISSING_SUPPLY output68 BUF_X1 VSS
GATE10A_MISSING_SUPPLY output69 BUF_X1 VDD
GATE10A_MISSING_SUPPLY output69 BUF_X1 VSS
GATE10A_MISSING_SUPPLY output70 BUF_X1 VDD
GATE10A_MISSING_SUPPLY output70 BUF_X1 VSS
GATE10A_MISSING_SUPPLY output71 BUF_X1 VDD
GATE10A_MISSING_SUPPLY output71 BUF_X1 VSS
GATE10A_MISSING_SUPPLY output72 BUF_X1 VDD
GATE10A_MISSING_SUPPLY output72 BUF_X1 VSS
GATE10A_MISSING_SUPPLY output73 BUF_X1 VDD
GATE10A_MISSING_SUPPLY output73 BUF_X1 VSS
GATE10A_MISSING_SUPPLY output74 BUF_X1 VDD
GATE10A_MISSING_SUPPLY output74 BUF_X1 VSS
GATE10A_MISSING_SUPPLY output75 BUF_X1 VDD
GATE10A_MISSING_SUPPLY output75 BUF_X1 VSS
GATE10A_MISSING_SUPPLY output76 BUF_X1 VDD
GATE10A_MISSING_SUPPLY output76 BUF_X1 VSS
GATE10A_MISSING_SUPPLY output77 BUF_X1 VDD
GATE10A_MISSING_SUPPLY output77 BUF_X1 VSS
GATE10A_MISSING_SUPPLY output78 BUF_X1 VDD
GATE10A_MISSING_SUPPLY output78 BUF_X1 VSS
GATE10A_MISSING_SUPPLY output79 BUF_X1 VDD
GATE10A_MISSING_SUPPLY output79 BUF_X1 VSS
GATE10A_MISSING_SUPPLY output80 BUF_X1 VDD
GATE10A_MISSING_SUPPLY output80 BUF_X1 VSS
GATE10A_MISSING_SUPPLY output81 BUF_X1 VDD
GATE10A_MISSING_SUPPLY output81 BUF_X1 VSS
GATE10A_MISSING_SUPPLY output82 BUF_X1 VDD
GATE10A_MISSING_SUPPLY output82 BUF_X1 VSS
GATE10A_MISSING_SUPPLY output83 BUF_X1 VDD
GATE10A_MISSING_SUPPLY output83 BUF_X1 VSS
GATE10A_MISSING_SUPPLY output84 BUF_X1 VDD
GATE10A_MISSING_SUPPLY output84 BUF_X1 VSS
GATE10A_MISSING_SUPPLY output85 BUF_X1 VDD
GATE10A_MISSING_SUPPLY output85 BUF_X1 VSS
GATE10A_MISSING_SUPPLY output86 BUF_X1 VDD
GATE10A_MISSING_SUPPLY output86 BUF_X1 VSS
GATE10A_MISSING_SUPPLY output87 BUF_X1 VDD
GATE10A_MISSING_SUPPLY output87 BUF_X1 VSS
GATE10A_MISSING_SUPPLY output88 BUF_X1 VDD
GATE10A_MISSING_SUPPLY output88 BUF_X1 VSS
GATE10A_MISSING_SUPPLY output89 BUF_X1 VDD
GATE10A_MISSING_SUPPLY output89 BUF_X1 VSS
GATE10A_MISSING_SUPPLY place229 BUF_X1 VDD
GATE10A_MISSING_SUPPLY place229 BUF_X1 VSS
GATE10A_MISSING_SUPPLY place230 BUF_X1 VDD
GATE10A_MISSING_SUPPLY place230 BUF_X1 VSS
GATE10A_MISSING_SUPPLY place232 BUF_X1 VDD
GATE10A_MISSING_SUPPLY place232 BUF_X1 VSS
GATE10A_MISSING_SUPPLY place234 BUF_X1 VDD
GATE10A_MISSING_SUPPLY place234 BUF_X1 VSS
GATE10A_MISSING_SUPPLY place235 BUF_X1 VDD
GATE10A_MISSING_SUPPLY place235 BUF_X1 VSS
GATE10A_MISSING_SUPPLY place238 BUF_X1 VDD
GATE10A_MISSING_SUPPLY place238 BUF_X1 VSS
GATE10A_MISSING_SUPPLY place240 BUF_X1 VDD
GATE10A_MISSING_SUPPLY place240 BUF_X1 VSS
GATE10A_MISSING_SUPPLY place242 BUF_X1 VDD
GATE10A_MISSING_SUPPLY place242 BUF_X1 VSS
GATE10A_MISSING_SUPPLY place246 BUF_X2 VDD
GATE10A_MISSING_SUPPLY place246 BUF_X2 VSS
GATE10A_MISSING_SUPPLY place247 BUF_X2 VDD
GATE10A_MISSING_SUPPLY place247 BUF_X2 VSS
GATE10A_MISSING_SUPPLY place248 BUF_X1 VDD
GATE10A_MISSING_SUPPLY place248 BUF_X1 VSS
GATE10A_MISSING_SUPPLY place250 BUF_X1 VDD
GATE10A_MISSING_SUPPLY place250 BUF_X1 VSS
GATE10A_MISSING_SUPPLY place251 BUF_X1 VDD
GATE10A_MISSING_SUPPLY place251 BUF_X1 VSS
GATE10A_MISSING_SUPPLY place253 BUF_X1 VDD
GATE10A_MISSING_SUPPLY place253 BUF_X1 VSS
GATE10A_MISSING_SUPPLY place256 BUF_X1 VDD
GATE10A_MISSING_SUPPLY place256 BUF_X1 VSS
GATE10A_MISSING_SUPPLY place257 BUF_X1 VDD
GATE10A_MISSING_SUPPLY place257 BUF_X1 VSS
GATE10A_MISSING_SUPPLY place262 BUF_X1 VDD
GATE10A_MISSING_SUPPLY place262 BUF_X1 VSS
GATE10A_MISSING_SUPPLY place265 BUF_X1 VDD
GATE10A_MISSING_SUPPLY place265 BUF_X1 VSS
GATE10A_MISSING_SUPPLY place266 BUF_X1 VDD
GATE10A_MISSING_SUPPLY place266 BUF_X1 VSS
GATE10A_MISSING_SUPPLY place269 BUF_X1 VDD
GATE10A_MISSING_SUPPLY place269 BUF_X1 VSS
GATE10A_MISSING_SUPPLY place273 BUF_X1 VDD
GATE10A_MISSING_SUPPLY place273 BUF_X1 VSS
GATE10A_MISSING_SUPPLY place276 BUF_X1 VDD
GATE10A_MISSING_SUPPLY place276 BUF_X1 VSS
GATE10A_MISSING_SUPPLY place282 BUF_X1 VDD
GATE10A_MISSING_SUPPLY place282 BUF_X1 VSS
GATE10A_MISSING_SUPPLY place284 BUF_X1 VDD
GATE10A_MISSING_SUPPLY place284 BUF_X1 VSS
GATE10A_MISSING_SUPPLY place283 BUF_X2 VDD
GATE10A_MISSING_SUPPLY place283 BUF_X2 VSS
GATE10A_MISSING_SUPPLY place285 BUF_X1 VDD
GATE10A_MISSING_SUPPLY place285 BUF_X1 VSS
GATE10A_MISSING_SUPPLY place290 BUF_X1 VDD
GATE10A_MISSING_SUPPLY place290 BUF_X1 VSS
GATE10A_MISSING_SUPPLY place292 BUF_X1 VDD
GATE10A_MISSING_SUPPLY place292 BUF_X1 VSS
GATE10A_MISSING_SUPPLY place293 BUF_X1 VDD
GATE10A_MISSING_SUPPLY place293 BUF_X1 VSS
GATE10A_MISSING_SUPPLY place295 BUF_X1 VDD
GATE10A_MISSING_SUPPLY place295 BUF_X1 VSS
GATE10A_MISSING_SUPPLY place296 BUF_X1 VDD
GATE10A_MISSING_SUPPLY place296 BUF_X1 VSS
GATE10A_MISSING_SUPPLY place298 BUF_X1 VDD
GATE10A_MISSING_SUPPLY place298 BUF_X1 VSS
GATE10A_MISSING_SUPPLY place300 BUF_X1 VDD
GATE10A_MISSING_SUPPLY place300 BUF_X1 VSS
GATE10A_MISSING_SUPPLY place302 BUF_X1 VDD
GATE10A_MISSING_SUPPLY place302 BUF_X1 VSS
GATE10A_MISSING_SUPPLY place305 BUF_X1 VDD
GATE10A_MISSING_SUPPLY place305 BUF_X1 VSS
GATE10A_MISSING_SUPPLY place307 BUF_X1 VDD
GATE10A_MISSING_SUPPLY place307 BUF_X1 VSS
GATE10A_MISSING_SUPPLY place309 BUF_X1 VDD
GATE10A_MISSING_SUPPLY place309 BUF_X1 VSS
GATE10A_MISSING_SUPPLY place320 BUF_X1 VDD
GATE10A_MISSING_SUPPLY place320 BUF_X1 VSS
GATE10A_MISSING_SUPPLY place316 BUF_X1 VDD
GATE10A_MISSING_SUPPLY place316 BUF_X1 VSS
GATE10A_MISSING_SUPPLY place318 BUF_X2 VDD
GATE10A_MISSING_SUPPLY place318 BUF_X2 VSS
GATE10A_MISSING_SUPPLY place319 BUF_X1 VDD
GATE10A_MISSING_SUPPLY place319 BUF_X1 VSS
GATE10A_MISSING_SUPPLY place322 BUF_X1 VDD
GATE10A_MISSING_SUPPLY place322 BUF_X1 VSS
GATE10A_MISSING_SUPPLY place326 BUF_X1 VDD
GATE10A_MISSING_SUPPLY place326 BUF_X1 VSS
GATE10A_MISSING_SUPPLY place334 BUF_X1 VDD
GATE10A_MISSING_SUPPLY place334 BUF_X1 VSS
GATE10A_MISSING_SUPPLY place335 BUF_X2 VDD
GATE10A_MISSING_SUPPLY place335 BUF_X2 VSS
GATE10A_MISSING_SUPPLY clkbuf_leaf_5_CK CLKBUF_X3 VDD
GATE10A_MISSING_SUPPLY clkbuf_leaf_5_CK CLKBUF_X3 VSS
GATE10A_MISSING_SUPPLY place237 BUF_X2 VDD
GATE10A_MISSING_SUPPLY place237 BUF_X2 VSS
GATE10A_MISSING_SUPPLY place236 BUF_X1 VDD
GATE10A_MISSING_SUPPLY place236 BUF_X1 VSS
GATE10A_MISSING_SUPPLY place249 BUF_X2 VDD
GATE10A_MISSING_SUPPLY place249 BUF_X2 VSS
GATE10A_MISSING_SUPPLY place228 BUF_X1 VDD
GATE10A_MISSING_SUPPLY place228 BUF_X1 VSS
GATE10A_MISSING_SUPPLY place243 BUF_X1 VDD
GATE10A_MISSING_SUPPLY place243 BUF_X1 VSS
GATE10A_MISSING_SUPPLY place252 BUF_X1 VDD
GATE10A_MISSING_SUPPLY place252 BUF_X1 VSS
GATE10A_MISSING_SUPPLY place258 BUF_X1 VDD
GATE10A_MISSING_SUPPLY place258 BUF_X1 VSS
GATE10A_MISSING_SUPPLY place260 BUF_X1 VDD
GATE10A_MISSING_SUPPLY place260 BUF_X1 VSS
GATE10A_MISSING_SUPPLY place261 BUF_X1 VDD
GATE10A_MISSING_SUPPLY place261 BUF_X1 VSS
GATE10A_MISSING_SUPPLY place264 BUF_X1 VDD
GATE10A_MISSING_SUPPLY place264 BUF_X1 VSS
GATE10A_MISSING_SUPPLY place268 BUF_X1 VDD
GATE10A_MISSING_SUPPLY place268 BUF_X1 VSS
GATE10A_MISSING_SUPPLY place272 BUF_X1 VDD
GATE10A_MISSING_SUPPLY place272 BUF_X1 VSS
GATE10A_MISSING_SUPPLY place277 BUF_X1 VDD
GATE10A_MISSING_SUPPLY place277 BUF_X1 VSS
GATE10A_MISSING_SUPPLY place278 BUF_X1 VDD
GATE10A_MISSING_SUPPLY place278 BUF_X1 VSS
GATE10A_MISSING_SUPPLY place280 BUF_X2 VDD
GATE10A_MISSING_SUPPLY place280 BUF_X2 VSS
GATE10A_MISSING_SUPPLY place286 BUF_X1 VDD
GATE10A_MISSING_SUPPLY place286 BUF_X1 VSS
GATE10A_MISSING_SUPPLY place287 BUF_X1 VDD
GATE10A_MISSING_SUPPLY place287 BUF_X1 VSS
GATE10A_MISSING_SUPPLY place288 BUF_X1 VDD
GATE10A_MISSING_SUPPLY place288 BUF_X1 VSS
GATE10A_MISSING_SUPPLY place294 BUF_X1 VDD
GATE10A_MISSING_SUPPLY place294 BUF_X1 VSS
GATE10A_MISSING_SUPPLY place297 BUF_X1 VDD
GATE10A_MISSING_SUPPLY place297 BUF_X1 VSS
GATE10A_MISSING_SUPPLY place299 BUF_X1 VDD
GATE10A_MISSING_SUPPLY place299 BUF_X1 VSS
GATE10A_MISSING_SUPPLY place301 BUF_X1 VDD
GATE10A_MISSING_SUPPLY place301 BUF_X1 VSS
GATE10A_MISSING_SUPPLY place314 BUF_X2 VDD
GATE10A_MISSING_SUPPLY place314 BUF_X2 VSS
GATE10A_MISSING_SUPPLY place317 BUF_X1 VDD
GATE10A_MISSING_SUPPLY place317 BUF_X1 VSS
GATE10A_MISSING_SUPPLY place324 BUF_X1 VDD
GATE10A_MISSING_SUPPLY place324 BUF_X1 VSS
GATE10A_MISSING_SUPPLY place325 BUF_X1 VDD
GATE10A_MISSING_SUPPLY place325 BUF_X1 VSS
GATE10A_MISSING_SUPPLY place327 BUF_X1 VDD
GATE10A_MISSING_SUPPLY place327 BUF_X1 VSS
GATE10A_MISSING_SUPPLY place329 BUF_X1 VDD
GATE10A_MISSING_SUPPLY place329 BUF_X1 VSS
GATE10A_MISSING_SUPPLY place332 BUF_X1 VDD
GATE10A_MISSING_SUPPLY place332 BUF_X1 VSS
GATE10A_MISSING_SUPPLY clkbuf_leaf_0_CK CLKBUF_X3 VDD
GATE10A_MISSING_SUPPLY clkbuf_leaf_0_CK CLKBUF_X3 VSS
GATE10A_MISSING_SUPPLY clkbuf_leaf_1_CK CLKBUF_X3 VDD
GATE10A_MISSING_SUPPLY clkbuf_leaf_1_CK CLKBUF_X3 VSS
GATE10A_MISSING_SUPPLY clkbuf_leaf_4_CK CLKBUF_X3 VDD
GATE10A_MISSING_SUPPLY clkbuf_leaf_4_CK CLKBUF_X3 VSS
GATE10A_MISSING_SUPPLY clkbuf_leaf_3_CK CLKBUF_X3 VDD
GATE10A_MISSING_SUPPLY clkbuf_leaf_3_CK CLKBUF_X3 VSS
GATE10A_MISSING_SUPPLY clkbuf_leaf_2_CK CLKBUF_X3 VDD
GATE10A_MISSING_SUPPLY clkbuf_leaf_2_CK CLKBUF_X3 VSS
GATE10A_MISSING_SUPPLY place254 BUF_X1 VDD
GATE10A_MISSING_SUPPLY place254 BUF_X1 VSS
GATE10A_MISSING_SUPPLY place275 BUF_X1 VDD
GATE10A_MISSING_SUPPLY place275 BUF_X1 VSS
GATE10A_MISSING_SUPPLY place304 BUF_X1 VDD
GATE10A_MISSING_SUPPLY place304 BUF_X1 VSS
GATE10A_MISSING_SUPPLY place311 BUF_X1 VDD
GATE10A_MISSING_SUPPLY place311 BUF_X1 VSS
GATE10A_MISSING_SUPPLY place312 BUF_X1 VDD
GATE10A_MISSING_SUPPLY place312 BUF_X1 VSS
GATE10A_MISSING_SUPPLY place315 BUF_X2 VDD
GATE10A_MISSING_SUPPLY place315 BUF_X2 VSS
GATE10A_MISSING_SUPPLY place323 BUF_X2 VDD
GATE10A_MISSING_SUPPLY place323 BUF_X2 VSS
GATE10A_MISSING_SUPPLY place226 BUF_X1 VDD
GATE10A_MISSING_SUPPLY place226 BUF_X1 VSS
GATE10A_MISSING_SUPPLY place227 BUF_X1 VDD
GATE10A_MISSING_SUPPLY place227 BUF_X1 VSS
GATE10A_MISSING_SUPPLY place231 BUF_X1 VDD
GATE10A_MISSING_SUPPLY place231 BUF_X1 VSS
GATE10A_MISSING_SUPPLY place233 BUF_X1 VDD
GATE10A_MISSING_SUPPLY place233 BUF_X1 VSS
GATE10A_MISSING_SUPPLY place239 BUF_X1 VDD
GATE10A_MISSING_SUPPLY place239 BUF_X1 VSS
GATE10A_MISSING_SUPPLY place241 BUF_X1 VDD
GATE10A_MISSING_SUPPLY place241 BUF_X1 VSS
GATE10A_MISSING_SUPPLY place244 BUF_X1 VDD
GATE10A_MISSING_SUPPLY place244 BUF_X1 VSS
GATE10A_MISSING_SUPPLY place245 BUF_X1 VDD
GATE10A_MISSING_SUPPLY place245 BUF_X1 VSS
GATE10A_MISSING_SUPPLY place255 BUF_X1 VDD
GATE10A_MISSING_SUPPLY place255 BUF_X1 VSS
GATE10A_MISSING_SUPPLY place259 BUF_X1 VDD
GATE10A_MISSING_SUPPLY place259 BUF_X1 VSS
GATE10A_MISSING_SUPPLY place263 BUF_X1 VDD
GATE10A_MISSING_SUPPLY place263 BUF_X1 VSS
GATE10A_MISSING_SUPPLY place267 BUF_X1 VDD
GATE10A_MISSING_SUPPLY place267 BUF_X1 VSS
GATE10A_MISSING_SUPPLY place270 BUF_X1 VDD
GATE10A_MISSING_SUPPLY place270 BUF_X1 VSS
GATE10A_MISSING_SUPPLY place271 BUF_X1 VDD
GATE10A_MISSING_SUPPLY place271 BUF_X1 VSS
GATE10A_MISSING_SUPPLY place274 BUF_X1 VDD
GATE10A_MISSING_SUPPLY place274 BUF_X1 VSS
GATE10A_MISSING_SUPPLY place279 BUF_X1 VDD
GATE10A_MISSING_SUPPLY place279 BUF_X1 VSS
GATE10A_MISSING_SUPPLY place281 BUF_X1 VDD
GATE10A_MISSING_SUPPLY place281 BUF_X1 VSS
GATE10A_MISSING_SUPPLY place289 BUF_X1 VDD
GATE10A_MISSING_SUPPLY place289 BUF_X1 VSS
GATE10A_MISSING_SUPPLY place291 BUF_X2 VDD
GATE10A_MISSING_SUPPLY place291 BUF_X2 VSS
GATE10A_MISSING_SUPPLY place303 BUF_X1 VDD
GATE10A_MISSING_SUPPLY place303 BUF_X1 VSS
GATE10A_MISSING_SUPPLY place306 BUF_X1 VDD
GATE10A_MISSING_SUPPLY place306 BUF_X1 VSS
GATE10A_MISSING_SUPPLY place308 BUF_X1 VDD
GATE10A_MISSING_SUPPLY place308 BUF_X1 VSS
GATE10A_MISSING_SUPPLY place310 BUF_X1 VDD
GATE10A_MISSING_SUPPLY place310 BUF_X1 VSS
GATE10A_MISSING_SUPPLY place313 BUF_X1 VDD
GATE10A_MISSING_SUPPLY place313 BUF_X1 VSS
GATE10A_MISSING_SUPPLY place321 BUF_X1 VDD
GATE10A_MISSING_SUPPLY place321 BUF_X1 VSS
GATE10A_MISSING_SUPPLY place328 BUF_X1 VDD
GATE10A_MISSING_SUPPLY place328 BUF_X1 VSS
GATE10A_MISSING_SUPPLY place330 BUF_X2 VDD
GATE10A_MISSING_SUPPLY place330 BUF_X2 VSS
GATE10A_MISSING_SUPPLY place331 BUF_X1 VDD
GATE10A_MISSING_SUPPLY place331 BUF_X1 VSS
GATE10A_MISSING_SUPPLY place333 BUF_X1 VDD
GATE10A_MISSING_SUPPLY place333 BUF_X1 VSS
GATE10A_MISSING_SUPPLY place336 BUF_X1 VDD
GATE10A_MISSING_SUPPLY place336 BUF_X1 VSS
GATE10A_MISSING_SUPPLY place337 BUF_X1 VDD
GATE10A_MISSING_SUPPLY place337 BUF_X1 VSS
GATE10A_MISSING_SUPPLY place338 BUF_X2 VDD
GATE10A_MISSING_SUPPLY place338 BUF_X2 VSS
GATE10A_MISSING_SUPPLY place339 BUF_X2 VDD
GATE10A_MISSING_SUPPLY place339 BUF_X2 VSS
GATE10A_MISSING_SUPPLY place340 BUF_X2 VDD
GATE10A_MISSING_SUPPLY place340 BUF_X2 VSS
GATE10A_MISSING_SUPPLY place341 BUF_X1 VDD
GATE10A_MISSING_SUPPLY place341 BUF_X1 VSS
GATE10A_MISSING_SUPPLY place342 BUF_X4 VDD
GATE10A_MISSING_SUPPLY place342 BUF_X4 VSS
GATE10A_MISSING_SUPPLY clkbuf_leaf_6_CK CLKBUF_X3 VDD
GATE10A_MISSING_SUPPLY clkbuf_leaf_6_CK CLKBUF_X3 VSS
GATE10A_MISSING_SUPPLY clkbuf_leaf_7_CK CLKBUF_X3 VDD
GATE10A_MISSING_SUPPLY clkbuf_leaf_7_CK CLKBUF_X3 VSS
GATE10A_MISSING_SUPPLY clkbuf_leaf_8_CK CLKBUF_X3 VDD
GATE10A_MISSING_SUPPLY clkbuf_leaf_8_CK CLKBUF_X3 VSS
GATE10A_MISSING_SUPPLY clkbuf_leaf_9_CK CLKBUF_X3 VDD
GATE10A_MISSING_SUPPLY clkbuf_leaf_9_CK CLKBUF_X3 VSS
GATE10A_MISSING_SUPPLY clkbuf_leaf_10_CK CLKBUF_X3 VDD
GATE10A_MISSING_SUPPLY clkbuf_leaf_10_CK CLKBUF_X3 VSS
GATE10A_MISSING_SUPPLY clkbuf_leaf_11_CK CLKBUF_X3 VDD
GATE10A_MISSING_SUPPLY clkbuf_leaf_11_CK CLKBUF_X3 VSS
GATE10A_MISSING_SUPPLY clkbuf_leaf_12_CK CLKBUF_X3 VDD
GATE10A_MISSING_SUPPLY clkbuf_leaf_12_CK CLKBUF_X3 VSS
GATE10A_MISSING_SUPPLY clkbuf_leaf_13_CK CLKBUF_X3 VDD
GATE10A_MISSING_SUPPLY clkbuf_leaf_13_CK CLKBUF_X3 VSS
GATE10A_MISSING_SUPPLY clkbuf_leaf_14_CK CLKBUF_X3 VDD
GATE10A_MISSING_SUPPLY clkbuf_leaf_14_CK CLKBUF_X3 VSS
GATE10A_MISSING_SUPPLY clkbuf_leaf_15_CK CLKBUF_X3 VDD
GATE10A_MISSING_SUPPLY clkbuf_leaf_15_CK CLKBUF_X3 VSS
GATE10A_MISSING_SUPPLY clkbuf_leaf_16_CK CLKBUF_X3 VDD
GATE10A_MISSING_SUPPLY clkbuf_leaf_16_CK CLKBUF_X3 VSS
GATE10A_MISSING_SUPPLY clkbuf_leaf_17_CK CLKBUF_X3 VDD
GATE10A_MISSING_SUPPLY clkbuf_leaf_17_CK CLKBUF_X3 VSS
GATE10A_MISSING_SUPPLY clkbuf_leaf_18_CK CLKBUF_X3 VDD
GATE10A_MISSING_SUPPLY clkbuf_leaf_18_CK CLKBUF_X3 VSS
GATE10A_MISSING_SUPPLY clkbuf_leaf_19_CK CLKBUF_X3 VDD
GATE10A_MISSING_SUPPLY clkbuf_leaf_19_CK CLKBUF_X3 VSS
GATE10A_MISSING_SUPPLY clkbuf_leaf_20_CK CLKBUF_X3 VDD
GATE10A_MISSING_SUPPLY clkbuf_leaf_20_CK CLKBUF_X3 VSS
GATE10A_MISSING_SUPPLY clkbuf_leaf_21_CK CLKBUF_X3 VDD
GATE10A_MISSING_SUPPLY clkbuf_leaf_21_CK CLKBUF_X3 VSS
GATE10A_MISSING_SUPPLY clkbuf_leaf_22_CK CLKBUF_X3 VDD
GATE10A_MISSING_SUPPLY clkbuf_leaf_22_CK CLKBUF_X3 VSS
GATE10A_MISSING_SUPPLY clkbuf_leaf_23_CK CLKBUF_X3 VDD
GATE10A_MISSING_SUPPLY clkbuf_leaf_23_CK CLKBUF_X3 VSS
GATE10A_MISSING_SUPPLY clkbuf_leaf_24_CK CLKBUF_X3 VDD
GATE10A_MISSING_SUPPLY clkbuf_leaf_24_CK CLKBUF_X3 VSS
GATE10A_MISSING_SUPPLY clkbuf_leaf_25_CK CLKBUF_X3 VDD
GATE10A_MISSING_SUPPLY clkbuf_leaf_25_CK CLKBUF_X3 VSS
GATE10A_MISSING_SUPPLY clkbuf_leaf_26_CK CLKBUF_X3 VDD
GATE10A_MISSING_SUPPLY clkbuf_leaf_26_CK CLKBUF_X3 VSS
GATE10A_MISSING_SUPPLY clkbuf_leaf_27_CK CLKBUF_X3 VDD
GATE10A_MISSING_SUPPLY clkbuf_leaf_27_CK CLKBUF_X3 VSS
GATE10A_MISSING_SUPPLY clkbuf_leaf_28_CK CLKBUF_X3 VDD
GATE10A_MISSING_SUPPLY clkbuf_leaf_28_CK CLKBUF_X3 VSS
GATE10A_MISSING_SUPPLY clkbuf_leaf_29_CK CLKBUF_X3 VDD
GATE10A_MISSING_SUPPLY clkbuf_leaf_29_CK CLKBUF_X3 VSS
GATE10A_MISSING_SUPPLY clkbuf_leaf_30_CK CLKBUF_X3 VDD
GATE10A_MISSING_SUPPLY clkbuf_leaf_30_CK CLKBUF_X3 VSS
GATE10A_MISSING_SUPPLY clkbuf_leaf_31_CK CLKBUF_X3 VDD
GATE10A_MISSING_SUPPLY clkbuf_leaf_31_CK CLKBUF_X3 VSS
GATE10A_MISSING_SUPPLY clkbuf_leaf_32_CK CLKBUF_X3 VDD
GATE10A_MISSING_SUPPLY clkbuf_leaf_32_CK CLKBUF_X3 VSS
GATE10A_MISSING_SUPPLY clkbuf_leaf_33_CK CLKBUF_X3 VDD
GATE10A_MISSING_SUPPLY clkbuf_leaf_33_CK CLKBUF_X3 VSS
GATE10A_MISSING_SUPPLY clkbuf_leaf_34_CK CLKBUF_X3 VDD
GATE10A_MISSING_SUPPLY clkbuf_leaf_34_CK CLKBUF_X3 VSS
GATE10A_MISSING_SUPPLY clkbuf_leaf_35_CK CLKBUF_X3 VDD
GATE10A_MISSING_SUPPLY clkbuf_leaf_35_CK CLKBUF_X3 VSS
GATE10A_MISSING_SUPPLY clkbuf_leaf_36_CK CLKBUF_X3 VDD
GATE10A_MISSING_SUPPLY clkbuf_leaf_36_CK CLKBUF_X3 VSS
GATE10A_MISSING_SUPPLY clkbuf_leaf_37_CK CLKBUF_X3 VDD
GATE10A_MISSING_SUPPLY clkbuf_leaf_37_CK CLKBUF_X3 VSS
GATE10A_MISSING_SUPPLY clkbuf_leaf_38_CK CLKBUF_X3 VDD
GATE10A_MISSING_SUPPLY clkbuf_leaf_38_CK CLKBUF_X3 VSS
GATE10A_MISSING_SUPPLY clkbuf_leaf_39_CK CLKBUF_X3 VDD
GATE10A_MISSING_SUPPLY clkbuf_leaf_39_CK CLKBUF_X3 VSS
GATE10A_MISSING_SUPPLY clkbuf_0_CK CLKBUF_X3 VDD
GATE10A_MISSING_SUPPLY clkbuf_0_CK CLKBUF_X3 VSS
GATE10A_MISSING_SUPPLY clkbuf_2_0__f_CK CLKBUF_X3 VDD
GATE10A_MISSING_SUPPLY clkbuf_2_0__f_CK CLKBUF_X3 VSS
GATE10A_MISSING_SUPPLY clkbuf_2_1__f_CK CLKBUF_X3 VDD
GATE10A_MISSING_SUPPLY clkbuf_2_1__f_CK CLKBUF_X3 VSS
GATE10A_MISSING_SUPPLY clkbuf_2_2__f_CK CLKBUF_X3 VDD
GATE10A_MISSING_SUPPLY clkbuf_2_2__f_CK CLKBUF_X3 VSS
GATE10A_MISSING_SUPPLY clkbuf_2_3__f_CK CLKBUF_X3 VDD
GATE10A_MISSING_SUPPLY clkbuf_2_3__f_CK CLKBUF_X3 VSS
GATE10A_MISSING_SUPPLY clkload0 INV_X2 VDD
GATE10A_MISSING_SUPPLY clkload0 INV_X2 VSS
GATE10A_MISSING_SUPPLY clkload1 INV_X4 VDD
GATE10A_MISSING_SUPPLY clkload1 INV_X4 VSS
GATE10A_MISSING_SUPPLY clkload2 INV_X2 VDD
GATE10A_MISSING_SUPPLY clkload2 INV_X2 VSS
GATE10A_MISSING_SUPPLY clkload3 INV_X1 VDD
GATE10A_MISSING_SUPPLY clkload3 INV_X1 VSS
GATE10A_MISSING_SUPPLY clkload4 CLKBUF_X1 VDD
GATE10A_MISSING_SUPPLY clkload4 CLKBUF_X1 VSS
GATE10A_MISSING_SUPPLY clkload5 CLKBUF_X1 VDD
GATE10A_MISSING_SUPPLY clkload5 CLKBUF_X1 VSS
GATE10A_MISSING_SUPPLY clkload6 INV_X2 VDD
GATE10A_MISSING_SUPPLY clkload6 INV_X2 VSS
GATE10A_MISSING_SUPPLY clkload7 INV_X2 VDD
GATE10A_MISSING_SUPPLY clkload7 INV_X2 VSS
GATE10A_MISSING_SUPPLY clkload8 INV_X2 VDD
GATE10A_MISSING_SUPPLY clkload8 INV_X2 VSS
GATE10A_MISSING_SUPPLY clkload9 INV_X2 VDD
GATE10A_MISSING_SUPPLY clkload9 INV_X2 VSS
GATE10A_MISSING_SUPPLY clkload10 INV_X1 VDD
GATE10A_MISSING_SUPPLY clkload10 INV_X1 VSS
GATE10A_MISSING_SUPPLY clkload11 CLKBUF_X1 VDD
GATE10A_MISSING_SUPPLY clkload11 CLKBUF_X1 VSS
GATE10A_MISSING_SUPPLY clkload12 INV_X2 VDD
GATE10A_MISSING_SUPPLY clkload12 INV_X2 VSS
GATE10A_MISSING_SUPPLY clkload13 CLKBUF_X1 VDD
GATE10A_MISSING_SUPPLY clkload13 CLKBUF_X1 VSS
GATE10A_MISSING_SUPPLY clkload14 CLKBUF_X1 VDD
GATE10A_MISSING_SUPPLY clkload14 CLKBUF_X1 VSS
GATE10A_MISSING_SUPPLY clkload15 INV_X2 VDD
GATE10A_MISSING_SUPPLY clkload15 INV_X2 VSS
GATE10A_MISSING_SUPPLY clkload16 CLKBUF_X1 VDD
GATE10A_MISSING_SUPPLY clkload16 CLKBUF_X1 VSS
GATE10A_MISSING_SUPPLY clkload17 CLKBUF_X1 VDD
GATE10A_MISSING_SUPPLY clkload17 CLKBUF_X1 VSS
GATE10A_MISSING_SUPPLY clkload18 INV_X4 VDD
GATE10A_MISSING_SUPPLY clkload18 INV_X4 VSS
GATE10A_MISSING_SUPPLY clkload19 INV_X1 VDD
GATE10A_MISSING_SUPPLY clkload19 INV_X1 VSS
GATE10A_MISSING_SUPPLY clkload20 CLKBUF_X1 VDD
GATE10A_MISSING_SUPPLY clkload20 CLKBUF_X1 VSS
GATE10A_MISSING_SUPPLY clkload21 INV_X1 VDD
GATE10A_MISSING_SUPPLY clkload21 INV_X1 VSS
GATE10A_MISSING_SUPPLY clkload22 CLKBUF_X1 VDD
GATE10A_MISSING_SUPPLY clkload22 CLKBUF_X1 VSS
GATE10A_MISSING_SUPPLY clkload23 INV_X1 VDD
GATE10A_MISSING_SUPPLY clkload23 INV_X1 VSS
GATE10A_MISSING_SUPPLY clkload24 CLKBUF_X1 VDD
GATE10A_MISSING_SUPPLY clkload24 CLKBUF_X1 VSS
GATE10A_MISSING_SUPPLY clkload25 CLKBUF_X1 VDD
GATE10A_MISSING_SUPPLY clkload25 CLKBUF_X1 VSS
GATE10A_MISSING_SUPPLY clkload26 CLKBUF_X1 VDD
GATE10A_MISSING_SUPPLY clkload26 CLKBUF_X1 VSS
GATE10A_MISSING_SUPPLY clkload27 INV_X2 VDD
GATE10A_MISSING_SUPPLY clkload27 INV_X2 VSS
GATE10A_MISSING_SUPPLY clkload28 CLKBUF_X1 VDD
GATE10A_MISSING_SUPPLY clkload28 CLKBUF_X1 VSS
GATE10A_MISSING_SUPPLY clkload29 CLKBUF_X1 VDD
GATE10A_MISSING_SUPPLY clkload29 CLKBUF_X1 VSS
GATE10A_MISSING_SUPPLY clkload30 INV_X1 VDD
GATE10A_MISSING_SUPPLY clkload30 INV_X1 VSS
GATE10A_MISSING_SUPPLY clkload31 INV_X2 VDD
GATE10A_MISSING_SUPPLY clkload31 INV_X2 VSS
GATE10A_MISSING_SUPPLY clkload32 CLKBUF_X1 VDD
GATE10A_MISSING_SUPPLY clkload32 CLKBUF_X1 VSS
GATE10A_MISSING_SUPPLY clkload33 INV_X1 VDD
GATE10A_MISSING_SUPPLY clkload33 INV_X1 VSS
GATE10A_MISSING_SUPPLY clkload34 CLKBUF_X1 VDD
GATE10A_MISSING_SUPPLY clkload34 CLKBUF_X1 VSS
GATE10A_MISSING_SUPPLY clkload35 INV_X1 VDD
GATE10A_MISSING_SUPPLY clkload35 INV_X1 VSS
GATE10A_MISSING_SUPPLY hold343 CLKBUF_X1 VDD
GATE10A_MISSING_SUPPLY hold343 CLKBUF_X1 VSS
GATE10A_MISSING_SUPPLY hold344 CLKBUF_X1 VDD
GATE10A_MISSING_SUPPLY hold344 CLKBUF_X1 VSS
GATE10A_MISSING_SUPPLY hold345 CLKBUF_X1 VDD
GATE10A_MISSING_SUPPLY hold345 CLKBUF_X1 VSS
GATE10A_MISSING_SUPPLY hold346 CLKBUF_X1 VDD
GATE10A_MISSING_SUPPLY hold346 CLKBUF_X1 VSS
GATE10A_MISSING_SUPPLY hold347 CLKBUF_X1 VDD
GATE10A_MISSING_SUPPLY hold347 CLKBUF_X1 VSS
GATE10A_MISSING_SUPPLY hold348 CLKBUF_X1 VDD
GATE10A_MISSING_SUPPLY hold348 CLKBUF_X1 VSS
GATE10A_MISSING_SUPPLY hold349 CLKBUF_X1 VDD
GATE10A_MISSING_SUPPLY hold349 CLKBUF_X1 VSS
GATE10A_MISSING_SUPPLY hold350 CLKBUF_X1 VDD
GATE10A_MISSING_SUPPLY hold350 CLKBUF_X1 VSS
GATE10A_MISSING_SUPPLY hold351 CLKBUF_X1 VDD
GATE10A_MISSING_SUPPLY hold351 CLKBUF_X1 VSS
GATE10A_MISSING_SUPPLY hold352 CLKBUF_X1 VDD
GATE10A_MISSING_SUPPLY hold352 CLKBUF_X1 VSS
GATE10A_MISSING_SUPPLY hold353 CLKBUF_X1 VDD
GATE10A_MISSING_SUPPLY hold353 CLKBUF_X1 VSS
GATE10A_MISSING_SUPPLY hold354 CLKBUF_X1 VDD
GATE10A_MISSING_SUPPLY hold354 CLKBUF_X1 VSS
GATE10A_MISSING_SUPPLY hold355 CLKBUF_X1 VDD
GATE10A_MISSING_SUPPLY hold355 CLKBUF_X1 VSS
GATE10A_MISSING_SUPPLY hold356 CLKBUF_X1 VDD
GATE10A_MISSING_SUPPLY hold356 CLKBUF_X1 VSS
GATE10A_MISSING_SUPPLY hold357 CLKBUF_X1 VDD
GATE10A_MISSING_SUPPLY hold357 CLKBUF_X1 VSS
GATE10A_MISSING_SUPPLY hold358 CLKBUF_X1 VDD
GATE10A_MISSING_SUPPLY hold358 CLKBUF_X1 VSS
GATE10A_MISSING_SUPPLY hold359 CLKBUF_X1 VDD
GATE10A_MISSING_SUPPLY hold359 CLKBUF_X1 VSS
GATE10A_MISSING_SUPPLY hold360 CLKBUF_X1 VDD
GATE10A_MISSING_SUPPLY hold360 CLKBUF_X1 VSS
GATE10A_MISSING_SUPPLY hold361 CLKBUF_X1 VDD
GATE10A_MISSING_SUPPLY hold361 CLKBUF_X1 VSS
GATE10A_MISSING_SUPPLY hold362 CLKBUF_X1 VDD
GATE10A_MISSING_SUPPLY hold362 CLKBUF_X1 VSS
GATE10A_MISSING_SUPPLY hold363 CLKBUF_X1 VDD
GATE10A_MISSING_SUPPLY hold363 CLKBUF_X1 VSS
GATE10A_MISSING_SUPPLY hold364 CLKBUF_X1 VDD
GATE10A_MISSING_SUPPLY hold364 CLKBUF_X1 VSS
GATE10A_MISSING_SUPPLY hold365 CLKBUF_X1 VDD
GATE10A_MISSING_SUPPLY hold365 CLKBUF_X1 VSS
GATE10A_MISSING_SUPPLY hold366 CLKBUF_X1 VDD
GATE10A_MISSING_SUPPLY hold366 CLKBUF_X1 VSS
GATE10A_MISSING_SUPPLY hold367 CLKBUF_X1 VDD
GATE10A_MISSING_SUPPLY hold367 CLKBUF_X1 VSS
GATE10A_MISSING_SUPPLY hold368 CLKBUF_X1 VDD
GATE10A_MISSING_SUPPLY hold368 CLKBUF_X1 VSS
GATE10A_MISSING_SUPPLY hold369 CLKBUF_X1 VDD
GATE10A_MISSING_SUPPLY hold369 CLKBUF_X1 VSS
GATE10A_MISSING_SUPPLY hold370 CLKBUF_X1 VDD
GATE10A_MISSING_SUPPLY hold370 CLKBUF_X1 VSS
GATE10A_MISSING_SUPPLY hold371 CLKBUF_X1 VDD
GATE10A_MISSING_SUPPLY hold371 CLKBUF_X1 VSS
GATE10A_MISSING_SUPPLY hold372 CLKBUF_X1 VDD
GATE10A_MISSING_SUPPLY hold372 CLKBUF_X1 VSS
GATE10A_MISSING_SUPPLY hold373 CLKBUF_X1 VDD
GATE10A_MISSING_SUPPLY hold373 CLKBUF_X1 VSS
GATE10A_MISSING_SUPPLY hold374 CLKBUF_X1 VDD
GATE10A_MISSING_SUPPLY hold374 CLKBUF_X1 VSS
GATE10A_MISSING_SUPPLY hold375 CLKBUF_X1 VDD
GATE10A_MISSING_SUPPLY hold375 CLKBUF_X1 VSS
GATE10A_MISSING_SUPPLY hold376 CLKBUF_X1 VDD
GATE10A_MISSING_SUPPLY hold376 CLKBUF_X1 VSS
GATE10A_MISSING_SUPPLY hold377 CLKBUF_X1 VDD
GATE10A_MISSING_SUPPLY hold377 CLKBUF_X1 VSS
GATE10A_MISSING_SUPPLY hold378 CLKBUF_X1 VDD
GATE10A_MISSING_SUPPLY hold378 CLKBUF_X1 VSS
GATE10A_MISSING_SUPPLY hold379 CLKBUF_X1 VDD
GATE10A_MISSING_SUPPLY hold379 CLKBUF_X1 VSS
GATE10A_MISSING_SUPPLY hold380 CLKBUF_X1 VDD
GATE10A_MISSING_SUPPLY hold380 CLKBUF_X1 VSS
GATE10A_MISSING_SUPPLY hold381 CLKBUF_X1 VDD
GATE10A_MISSING_SUPPLY hold381 CLKBUF_X1 VSS
GATE10A_MISSING_SUPPLY hold382 CLKBUF_X1 VDD
GATE10A_MISSING_SUPPLY hold382 CLKBUF_X1 VSS
GATE10A_MISSING_SUPPLY hold383 CLKBUF_X1 VDD
GATE10A_MISSING_SUPPLY hold383 CLKBUF_X1 VSS
GATE10A_MISSING_SUPPLY hold384 CLKBUF_X1 VDD
GATE10A_MISSING_SUPPLY hold384 CLKBUF_X1 VSS
GATE10A_MISSING_SUPPLY hold385 CLKBUF_X1 VDD
GATE10A_MISSING_SUPPLY hold385 CLKBUF_X1 VSS
GATE10A_MISSING_SUPPLY hold386 CLKBUF_X1 VDD
GATE10A_MISSING_SUPPLY hold386 CLKBUF_X1 VSS
GATE10A_MISSING_SUPPLY hold387 CLKBUF_X1 VDD
GATE10A_MISSING_SUPPLY hold387 CLKBUF_X1 VSS
GATE10A_MISSING_SUPPLY hold388 CLKBUF_X1 VDD
GATE10A_MISSING_SUPPLY hold388 CLKBUF_X1 VSS
GATE10A_MISSING_SUPPLY hold389 CLKBUF_X1 VDD
GATE10A_MISSING_SUPPLY hold389 CLKBUF_X1 VSS
GATE10A_MISSING_SUPPLY hold390 CLKBUF_X1 VDD
GATE10A_MISSING_SUPPLY hold390 CLKBUF_X1 VSS
GATE10A_MISSING_SUPPLY hold391 CLKBUF_X1 VDD
GATE10A_MISSING_SUPPLY hold391 CLKBUF_X1 VSS
GATE10A_MISSING_SUPPLY hold392 CLKBUF_X1 VDD
GATE10A_MISSING_SUPPLY hold392 CLKBUF_X1 VSS
GATE10A_MISSING_SUPPLY hold393 CLKBUF_X1 VDD
GATE10A_MISSING_SUPPLY hold393 CLKBUF_X1 VSS
GATE10A_MISSING_SUPPLY hold394 CLKBUF_X1 VDD
GATE10A_MISSING_SUPPLY hold394 CLKBUF_X1 VSS
GATE10A_MISSING_SUPPLY hold395 CLKBUF_X1 VDD
GATE10A_MISSING_SUPPLY hold395 CLKBUF_X1 VSS
GATE10A_MISSING_SUPPLY hold396 CLKBUF_X1 VDD
GATE10A_MISSING_SUPPLY hold396 CLKBUF_X1 VSS
GATE10A_MISSING_SUPPLY hold397 CLKBUF_X1 VDD
GATE10A_MISSING_SUPPLY hold397 CLKBUF_X1 VSS
GATE10A_MISSING_SUPPLY hold398 CLKBUF_X1 VDD
GATE10A_MISSING_SUPPLY hold398 CLKBUF_X1 VSS
GATE10A_MISSING_SUPPLY hold399 CLKBUF_X1 VDD
GATE10A_MISSING_SUPPLY hold399 CLKBUF_X1 VSS
GATE10A_MISSING_SUPPLY hold400 CLKBUF_X1 VDD
GATE10A_MISSING_SUPPLY hold400 CLKBUF_X1 VSS
GATE10A_MISSING_SUPPLY hold401 CLKBUF_X1 VDD
GATE10A_MISSING_SUPPLY hold401 CLKBUF_X1 VSS
GATE10A_MISSING_SUPPLY hold402 CLKBUF_X1 VDD
GATE10A_MISSING_SUPPLY hold402 CLKBUF_X1 VSS
GATE10A_MISSING_SUPPLY hold403 CLKBUF_X3 VDD
GATE10A_MISSING_SUPPLY hold403 CLKBUF_X3 VSS
GATE10A_MISSING_SUPPLY hold404 CLKBUF_X1 VDD
GATE10A_MISSING_SUPPLY hold404 CLKBUF_X1 VSS
GATE10A_MISSING_SUPPLY hold405 CLKBUF_X1 VDD
GATE10A_MISSING_SUPPLY hold405 CLKBUF_X1 VSS
GATE10A_MISSING_SUPPLY hold406 CLKBUF_X1 VDD
GATE10A_MISSING_SUPPLY hold406 CLKBUF_X1 VSS
GATE10A_MISSING_SUPPLY hold407 CLKBUF_X1 VDD
GATE10A_MISSING_SUPPLY hold407 CLKBUF_X1 VSS
GATE10A_MISSING_SUPPLY hold408 CLKBUF_X1 VDD
GATE10A_MISSING_SUPPLY hold408 CLKBUF_X1 VSS
GATE10A_MISSING_SUPPLY hold409 CLKBUF_X1 VDD
GATE10A_MISSING_SUPPLY hold409 CLKBUF_X1 VSS
GATE10A_MISSING_SUPPLY hold410 CLKBUF_X1 VDD
GATE10A_MISSING_SUPPLY hold410 CLKBUF_X1 VSS
GATE10A_MISSING_SUPPLY hold411 CLKBUF_X1 VDD
GATE10A_MISSING_SUPPLY hold411 CLKBUF_X1 VSS
GATE10A_MISSING_SUPPLY hold412 CLKBUF_X1 VDD
GATE10A_MISSING_SUPPLY hold412 CLKBUF_X1 VSS
GATE10A_MISSING_SUPPLY hold413 CLKBUF_X1 VDD
GATE10A_MISSING_SUPPLY hold413 CLKBUF_X1 VSS
GATE10A_MISSING_SUPPLY hold414 CLKBUF_X1 VDD
GATE10A_MISSING_SUPPLY hold414 CLKBUF_X1 VSS
GATE10A_MISSING_SUPPLY hold415 CLKBUF_X1 VDD
GATE10A_MISSING_SUPPLY hold415 CLKBUF_X1 VSS
GATE10A_MISSING_SUPPLY hold416 CLKBUF_X1 VDD
GATE10A_MISSING_SUPPLY hold416 CLKBUF_X1 VSS
GATE10A_MISSING_SUPPLY hold417 CLKBUF_X1 VDD
GATE10A_MISSING_SUPPLY hold417 CLKBUF_X1 VSS
GATE10A_MISSING_SUPPLY hold418 CLKBUF_X1 VDD
GATE10A_MISSING_SUPPLY hold418 CLKBUF_X1 VSS
GATE10A_MISSING_SUPPLY hold419 CLKBUF_X1 VDD
GATE10A_MISSING_SUPPLY hold419 CLKBUF_X1 VSS
GATE10A_MISSING_SUPPLY hold420 CLKBUF_X1 VDD
GATE10A_MISSING_SUPPLY hold420 CLKBUF_X1 VSS
GATE10A_MISSING_SUPPLY hold421 CLKBUF_X1 VDD
GATE10A_MISSING_SUPPLY hold421 CLKBUF_X1 VSS
GATE10A_MISSING_SUPPLY hold422 CLKBUF_X1 VDD
GATE10A_MISSING_SUPPLY hold422 CLKBUF_X1 VSS
GATE10A_MISSING_SUPPLY hold423 CLKBUF_X1 VDD
GATE10A_MISSING_SUPPLY hold423 CLKBUF_X1 VSS
GATE10A_MISSING_SUPPLY hold424 CLKBUF_X1 VDD
GATE10A_MISSING_SUPPLY hold424 CLKBUF_X1 VSS
GATE10A_MISSING_SUPPLY_TERMINALS 738
