OpenROAD 26Q2-1164-g08f67ee5ec 
Features included (+) or not (-): +GPU +GUI +Python
This program is licensed under the BSD-3 license. See the LICENSE file for details.
Components of this program may be licensed under more restrictive licenses which must be honored.
[INFO ORD-0030] Using 4 thread(s).
mkdir -p ./objects/nangate45/s9234f/phase0c_f3e7b516a_s13_k8_A_25da1b73_7f655d61
/root/pact-deps/OpenROAD-flow-scripts/flow/scripts/flow.sh 4_1_cts cts
Running cts.tcl, stage 4_1_cts
read_liberty /root/pact-deps/OpenROAD-flow-scripts/flow/platforms/nangate45/lib/NangateOpenCellLibrary_typical.lib
read_db ./results/nangate45/s9234f/phase0c_f3e7b516a_s13_k8_A_25da1b73_7f655d61/3_place.odb
read_sdc ./results/nangate45/s9234f/phase0c_f3e7b516a_s13_k8_A_25da1b73_7f655d61/3_place.sdc
source /root/pact-deps/OpenROAD-flow-scripts/flow/platforms/nangate45/setRC.tcl
clock_tree_synthesis -sink_clustering_enable -repair_clock_nets
[INFO CTS-0050] Root buffer is CLKBUF_X3.
[INFO CTS-0051] Sink buffer is CLKBUF_X3.
[INFO CTS-0052] The following clock buffers will be used for CTS:
                    CLKBUF_X3
[INFO CTS-0049] Characterization buffer is CLKBUF_X3.
[INFO CTS-0007] Net "CK" found for clock "clk".
[INFO CTS-0010]  Clock net "CK" has 211 sinks.
[INFO CTS-0008] TritonCTS found 1 clock nets.
[INFO CTS-0097] Characterization used 1 buffer(s) types.
[INFO CTS-0201] 0 blockages from hard placement blockages and placed macros will be used.
[INFO CTS-0027] Generating H-Tree topology for net CK.
[INFO CTS-0028]  Total number of sinks: 211.
[INFO CTS-0090]  Sinks will be clustered based on buffer max cap.
[INFO CTS-0030]  Number of static layers: 0.
[INFO CTS-0020]  Wire segment unit: 14000  dbu (7 um).
[INFO CTS-0206] Best clustering solution was found from max clustering size of 9 and max clustering diameter of 34.
[INFO CTS-0019]  Total number of sinks after clustering: 33.
[INFO CTS-0024]  Normalized sink region: [(2.48369, 1.62571), (12.5485, 13.4429)].
[INFO CTS-0025]     Width:  10.0648.
[INFO CTS-0026]     Height: 11.8171.
 Level 1
    Direction: Vertical
    Sinks per sub-region: 17
    Sub-region size: 10.0648 X 5.9086
[INFO CTS-0034]     Segment length (rounded): 2.
 Level 2
    Direction: Horizontal
    Sinks per sub-region: 9
    Sub-region size: 5.0324 X 5.9086
[INFO CTS-0034]     Segment length (rounded): 2.
[INFO CTS-0032]  Stop criterion found. Max number of sinks is 15.
[INFO CTS-0035]  Number of sinks covered: 33.
[INFO CTS-0018]     Created 38 clock buffers.
[INFO CTS-0012]     Minimum number of buffers in the clock path: 3.
[INFO CTS-0013]     Maximum number of buffers in the clock path: 3.
[INFO CTS-0015]     Created 38 clock nets.
[INFO CTS-0016]     Fanout distribution for the current clock = 4:1, 5:5, 6:11, 7:15, 8:2, 9:2, 10:1..
[INFO CTS-0017]     Max level of the clock tree: 2.
[INFO CTS-0098] Clock net "CK"
[INFO CTS-0099]  Sinks 230
[INFO CTS-0100]  Leaf buffers 33
[INFO CTS-0101]  Average sink wire length 140.47 um
[INFO CTS-0102]  Path depth 2 - 3
[INFO CTS-0207]  Dummy loads inserted 19
estimate_parasitics -placement
detailed_placement
[INFO DPL-0006] Core area: 10208.02 um^2, Instances area: 3596.32 um^2, Utilization: 35.2%
[INFO DPL-0005] Diamond search max displacement: +/- 500 sites horizontally, +/- 100 rows vertically.
[INFO DPL-1101] Legalizing using diamond search.
Movements Summary
---------------------------------------
Total cells:                    2601
Diamond Move Success:           2601 (100.00%)
Diamond Move Failure:              0
Rip-up and replace Success:        0 (  0.00% of diamond failures)
Rip-up and replace Failure:        0
Total Placement Failures:          0
---------------------------------------
Placement Analysis
---------------------------------
total displacement         86.6 u
average displacement        0.0 u
max displacement            2.8 u
original HPWL           38989.5 u
legalized HPWL          38991.8 u
delta HPWL                    0 %

estimate_parasitics -placement
repair_timing -setup_margin 0 -hold_margin 0 -repair_tns 100 -verbose
[INFO RSZ-0100] Repair move sequence: UnbufferMove SizeUpMove SwapPinsMove BufferMove CloneMove SplitLoadMove 
[INFO RSZ-0098] No setup violations found
[INFO RSZ-0046] Found 59 endpoints with hold violations.
Iteration | Resized | Buffers | Cloned Gates |   Area   |   WNS   |   TNS   | Endpoint
--------------------------------------------------------------------------------------
        0 |       0 |       0 |            0 |    +0.0% |  -0.094 |  -1.840 | U_g666/D
       10 |       0 |      18 |            0 |    +0.4% |  -0.076 |  -1.274 | U_g686/D
       20 |       0 |      32 |            0 |    +0.7% |  -0.040 |  -0.354 | U_g666/D
       30 |       0 |      32 |            0 |    +0.7% |  -0.040 |  -0.354 | U_g666/D
       40 |       0 |      32 |            0 |    +0.7% |  -0.040 |  -0.354 | U_g666/D
       50 |       0 |      35 |            0 |    +0.8% |  -0.040 |  -0.248 | U_g666/D
       60 |       0 |      38 |            0 |    +0.8% |  -0.040 |  -0.223 | U_g666/D
       60 |       0 |      38 |            0 |    +0.8% |  -0.040 |  -0.223 | U_g666/D
    final |       0 |      50 |            0 |    +1.1% |   0.000 |   0.000 | U_g689/D
--------------------------------------------------------------------------------------
[INFO RSZ-0032] Inserted 50 hold buffers.
detailed_placement
[INFO DPL-0006] Core area: 10208.02 um^2, Instances area: 3636.22 um^2, Utilization: 35.6%
[INFO DPL-0005] Diamond search max displacement: +/- 500 sites horizontally, +/- 100 rows vertically.
[INFO DPL-1101] Legalizing using diamond search.
Movements Summary
---------------------------------------
Total cells:                    2651
Diamond Move Success:           2651 (100.00%)
Diamond Move Failure:              0
Rip-up and replace Success:        0 (  0.00% of diamond failures)
Rip-up and replace Failure:        0
Total Placement Failures:          0
---------------------------------------
Placement Analysis
---------------------------------
total displacement         69.3 u
average displacement        0.0 u
max displacement            2.8 u
original HPWL           39083.3 u
legalized HPWL          39118.9 u
delta HPWL                    0 %

estimate_parasitics -placement
Report metrics stage 4, cts final...

==========================================================================
cts final report_design_area
--------------------------------------------------------------------------
Design area 3636 um^2 36% utilization.
write_db ./results/nangate45/s9234f/phase0c_f3e7b516a_s13_k8_A_25da1b73_7f655d61/4_1_cts.odb
write_sdc -no_timestamp ./results/nangate45/s9234f/phase0c_f3e7b516a_s13_k8_A_25da1b73_7f655d61/4_cts.sdc
Log                       Ext     Elapsed/s Peak Memory/MB sha1sum result [0:20)
4_1_cts                   .odb            4            159 6a88b070c5bc99becdaa
cp ./results/nangate45/s9234f/phase0c_f3e7b516a_s13_k8_A_25da1b73_7f655d61/4_1_cts.odb ./results/nangate45/s9234f/phase0c_f3e7b516a_s13_k8_A_25da1b73_7f655d61/4_cts.odb
/root/pact-deps/OpenROAD-flow-scripts/flow/scripts/flow.sh 5_1_grt global_route
Running global_route.tcl, stage 5_1_grt
read_liberty /root/pact-deps/OpenROAD-flow-scripts/flow/platforms/nangate45/lib/NangateOpenCellLibrary_typical.lib
read_db ./results/nangate45/s9234f/phase0c_f3e7b516a_s13_k8_A_25da1b73_7f655d61/4_cts.odb
read_sdc ./results/nangate45/s9234f/phase0c_f3e7b516a_s13_k8_A_25da1b73_7f655d61/4_cts.sdc
source /root/pact-deps/OpenROAD-flow-scripts/flow/platforms/nangate45/setRC.tcl
pin_access
[INFO DRT-0149] Reading tech and libs.

Units:                2000
Number of layers:     21
Number of macros:     135
Number of vias:       33
Number of viarulegen: 19

[INFO DRT-0150] Reading design.

Design:                   s9234f
Die area:                 ( 0 0 ) ( 206880 206880 )
Number of track patterns: 20
Number of DEF vias:       0
Number of components:     2795
Number of terminals:      95
Number of snets:          2
Number of nets:           2678

[INFO DRT-0167] List of default vias:
  Layer via2
    default via: via2_5
  Layer via3
    default via: via3_2
  Layer via4
    default via: via4_0
  Layer via5
    default via: via5_0
  Layer via6
    default via: via6_0
  Layer via7
    default via: via7_0
  Layer via8
    default via: via8_0
  Layer via9
    default via: via9_0
[INFO DRT-0162] Library cell analysis.
[INFO DRT-0163] Instance analysis.
[INFO DRT-0164] Number of unique instances = 49.
[INFO DRT-0168] Init region query.
[INFO DRT-0024]   Complete active.
[INFO DRT-0024]   Complete Fr_VIA.
[INFO DRT-0024]   Complete metal1.
[INFO DRT-0024]   Complete via1.
[INFO DRT-0024]   Complete metal2.
[INFO DRT-0024]   Complete via2.
[INFO DRT-0024]   Complete metal3.
[INFO DRT-0024]   Complete via3.
[INFO DRT-0024]   Complete metal4.
[INFO DRT-0024]   Complete via4.
[INFO DRT-0024]   Complete metal5.
[INFO DRT-0024]   Complete via5.
[INFO DRT-0024]   Complete metal6.
[INFO DRT-0024]   Complete via6.
[INFO DRT-0024]   Complete metal7.
[INFO DRT-0024]   Complete via7.
[INFO DRT-0024]   Complete metal8.
[INFO DRT-0024]   Complete via8.
[INFO DRT-0024]   Complete metal9.
[INFO DRT-0024]   Complete via9.
[INFO DRT-0024]   Complete metal10.
[INFO DRT-0033] active shape region query size = 0.
[INFO DRT-0033] FR_VIA shape region query size = 0.
[INFO DRT-0033] metal1 shape region query size = 42556.
[INFO DRT-0033] via1 shape region query size = 438.
[INFO DRT-0033] metal2 shape region query size = 292.
[INFO DRT-0033] via2 shape region query size = 438.
[INFO DRT-0033] metal3 shape region query size = 292.
[INFO DRT-0033] via3 shape region query size = 438.
[INFO DRT-0033] metal4 shape region query size = 164.
[INFO DRT-0033] via4 shape region query size = 140.
[INFO DRT-0033] metal5 shape region query size = 76.
[INFO DRT-0033] via5 shape region query size = 140.
[INFO DRT-0033] metal6 shape region query size = 73.
[INFO DRT-0033] via6 shape region query size = 56.
[INFO DRT-0033] metal7 shape region query size = 28.
[INFO DRT-0033] via7 shape region query size = 0.
[INFO DRT-0033] metal8 shape region query size = 0.
[INFO DRT-0033] via8 shape region query size = 0.
[INFO DRT-0033] metal9 shape region query size = 0.
[INFO DRT-0033] via9 shape region query size = 0.
[INFO DRT-0033] metal10 shape region query size = 0.
[INFO DRT-0165] Start pin access.
[INFO DRT-0078]   Complete 249 pins.
[INFO DRT-0081]   Complete 49 unique inst patterns.
[INFO DRT-0084]   Complete 1543 groups.
#scanned instances     = 2795
#unique  instances     = 49
#stdCellGenAp          = 1067
#stdCellValidPlanarAp  = 0
#stdCellValidViaAp     = 854
#stdCellPinNoAp        = 0
#stdCellPinCnt         = 8125
#instTermValidViaApCnt = 0
#macroGenAp            = 0
#macroValidPlanarAp    = 0
#macroValidViaAp       = 0
#macroNoAp             = 0
[INFO DRT-0166] Complete pin access.
[INFO DRT-0267] cpu time = 00:00:29, elapsed time = 00:00:07, memory = 118.80 (MB), peak = 118.50 (MB)
Took 8 seconds: pin_access
set_global_routing_random -seed 13
global_route -congestion_report_file ./reports/nangate45/s9234f/phase0c_f3e7b516a_s13_k8_A_25da1b73_7f655d61/congestion.rpt -congestion_iterations 30 -congestion_report_iter_step 5 -verbose
[INFO GRT-0020] Min routing layer: metal2
[INFO GRT-0021] Max routing layer: metal10
[INFO GRT-0022] Global adjustment: 0%
[INFO GRT-0023] Grid origin: (0, 0)
[INFO GRT-0088] Layer metal1  Track-Pitch = 0.1400  line-2-Via Pitch: 0.1350
[INFO GRT-0088] Layer metal2  Track-Pitch = 0.1900  line-2-Via Pitch: 0.1400
[INFO GRT-0088] Layer metal3  Track-Pitch = 0.1400  line-2-Via Pitch: 0.1400
[INFO GRT-0088] Layer metal4  Track-Pitch = 0.2800  line-2-Via Pitch: 0.2800
[INFO GRT-0088] Layer metal5  Track-Pitch = 0.2800  line-2-Via Pitch: 0.2800
[INFO GRT-0088] Layer metal6  Track-Pitch = 0.2800  line-2-Via Pitch: 0.2800
[INFO GRT-0088] Layer metal7  Track-Pitch = 0.8000  line-2-Via Pitch: 0.8000
[INFO GRT-0088] Layer metal8  Track-Pitch = 0.8000  line-2-Via Pitch: 0.8000
[INFO GRT-0088] Layer metal9  Track-Pitch = 1.6000  line-2-Via Pitch: 1.6000
[INFO GRT-0088] Layer metal10 Track-Pitch = 1.6000  line-2-Via Pitch: 1.6000
[INFO GRT-0003] Macros: 0
[INFO GRT-0004] Blockages: 0
[INFO GRT-0019] Found 39 clock nets.
[INFO GRT-0001] Minimum degree: 2
[INFO GRT-0002] Maximum degree: 63

[INFO GRT-0053] Routing resources analysis:
          Routing      Original      Derated      Resource
Layer     Direction    Resources     Resources    Reduction (%)
---------------------------------------------------------------
metal1     Horizontal          0             0          0.00%
metal2     Vertical        18585          8750          52.92%
metal3     Horizontal      25711         12607          50.97%
metal4     Vertical        12600          8890          29.44%
metal5     Horizontal      12839          9040          29.59%
metal6     Vertical        12882          9077          29.54%
metal7     Horizontal       3920          2800          28.57%
metal8     Vertical         4480          3220          28.12%
metal9     Horizontal       2240          1260          43.75%
metal10    Vertical         2240          1260          43.75%
---------------------------------------------------------------

[INFO GRT-0197] Via related to pin nodes: 15883
[INFO GRT-0198] Via related Steiner nodes: 358
[INFO GRT-0199] Via filling finished.
[INFO GRT-0111] Final number of vias: 20993
[INFO GRT-0112] Final usage 3D: 78068

[INFO GRT-0096] Final congestion report:
Layer         Resource        Demand        Usage (%)    Max H / Max V / Total Overflow
---------------------------------------------------------------------------------------
metal1               0             0            0.00%             0 /  0 /  0
metal2            8750          4636           52.98%             0 /  0 /  0
metal3           12607          5784           45.88%             0 /  0 /  0
metal4            8890          2217           24.94%             0 /  0 /  0
metal5            9040          1604           17.74%             0 /  0 /  0
metal6            9077           804            8.86%             0 /  0 /  0
metal7            2800            44            1.57%             0 /  0 /  0
metal8            3220             0            0.00%             0 /  0 /  0
metal9            1260             0            0.00%             0 /  0 /  0
metal10           1260             0            0.00%             0 /  0 /  0
---------------------------------------------------------------------------------------
Total            56904         15089           26.52%             0 /  0 /  0

[INFO GRT-0018] Total wirelength: 63007 um
[INFO GRT-0014] Routed nets: 2678
[INFO GRT-0303] Global routing runtime = 00:00:00
estimate_parasitics -global_routing
Perform buffer insertion and gate resizing...
repair_design -verbose
Iteration |   Area    | Resized | Buffers | Nets repaired | Remaining
---------------------------------------------------------------------
        0 |     +0.0% |       0 |       0 |             0 |      2908
       10 |     +0.0% |       0 |       0 |             0 |      2898
       20 |     +0.0% |       0 |       0 |             0 |      2888
       30 |     +0.0% |       0 |       0 |             0 |      2878
       40 |     +0.0% |       0 |       0 |             0 |      2868
       50 |     +0.0% |       0 |       0 |             0 |      2858
       60 |     +0.0% |       0 |       0 |             0 |      2848
       70 |     +0.0% |       0 |       0 |             0 |      2838
       80 |     +0.0% |       0 |       0 |             0 |      2828
       90 |     +0.0% |       0 |       0 |             0 |      2818
      100 |     +0.0% |       0 |       0 |             0 |      2808
      110 |     +0.0% |       0 |       0 |             0 |      2798
      120 |     +0.0% |       0 |       0 |             0 |      2788
      130 |     +0.0% |       0 |       0 |             0 |      2778
      140 |     +0.0% |       0 |       0 |             0 |      2768
      150 |     +0.0% |       0 |       0 |             0 |      2758
      160 |     +0.0% |       0 |       0 |             0 |      2748
      170 |     +0.0% |       0 |       0 |             0 |      2738
      180 |     +0.0% |       0 |       0 |             0 |      2728
      190 |     +0.0% |       0 |       0 |             0 |      2718
      200 |     +0.0% |       0 |       0 |             0 |      2708
      210 |     +0.0% |       0 |       0 |             0 |      2698
      220 |     +0.0% |       0 |       0 |             0 |      2688
      230 |     +0.0% |       0 |       0 |             0 |      2678
      240 |     +0.0% |       0 |       0 |             0 |      2668
      250 |     +0.0% |       0 |       0 |             0 |      2658
      260 |     +0.0% |       0 |       0 |             0 |      2648
      270 |     +0.0% |       0 |       0 |             0 |      2638
      280 |     +0.0% |       0 |       0 |             0 |      2628
      290 |     +0.0% |       0 |       0 |             0 |      2618
      300 |     +0.0% |       0 |       0 |             0 |      2608
      310 |     +0.0% |       0 |       0 |             0 |      2598
      320 |     +0.0% |       0 |       0 |             0 |      2588
      330 |     +0.0% |       0 |       0 |             0 |      2578
      340 |     +0.0% |       0 |       0 |             0 |      2568
      350 |     +0.0% |       0 |       0 |             0 |      2558
      360 |     +0.0% |       0 |       0 |             0 |      2548
      370 |     +0.0% |       0 |       0 |             0 |      2538
      380 |     +0.0% |       0 |       0 |             0 |      2528
      390 |     +0.0% |       0 |       0 |             0 |      2518
      400 |     +0.0% |       0 |       0 |             0 |      2508
      410 |     +0.0% |       0 |       0 |             0 |      2498
      420 |     +0.0% |       0 |       0 |             0 |      2488
      430 |     +0.0% |       0 |       0 |             0 |      2478
      440 |     +0.0% |       0 |       0 |             0 |      2468
      450 |     +0.0% |       0 |       0 |             0 |      2458
      460 |     +0.0% |       0 |       0 |             0 |      2448
      470 |     +0.0% |       0 |       0 |             0 |      2438
      480 |     +0.0% |       0 |       0 |             0 |      2428
      490 |     +0.0% |       0 |       0 |             0 |      2418
      500 |     +0.0% |       0 |       0 |             0 |      2408
      510 |     +0.0% |       0 |       0 |             0 |      2398
      520 |     +0.0% |       0 |       0 |             0 |      2388
      530 |     +0.0% |       0 |       0 |             0 |      2378
      540 |     +0.0% |       0 |       0 |             0 |      2368
      550 |     +0.0% |       0 |       0 |             0 |      2358
      560 |     +0.0% |       0 |       0 |             0 |      2348
      570 |     +0.0% |       0 |       0 |             0 |      2338
      580 |     +0.0% |       0 |       0 |             0 |      2328
      590 |     +0.0% |       0 |       0 |             0 |      2318
      600 |     +0.0% |       0 |       0 |             0 |      2308
      610 |     +0.0% |       0 |       0 |             0 |      2298
      620 |     +0.0% |       0 |       0 |             0 |      2288
      630 |     +0.0% |       0 |       0 |             0 |      2278
      640 |     +0.0% |       0 |       0 |             0 |      2268
      650 |     +0.0% |       0 |       0 |             0 |      2258
      660 |     +0.0% |       0 |       0 |             0 |      2248
      670 |     +0.0% |       0 |       0 |             0 |      2238
      680 |     +0.0% |       0 |       0 |             0 |      2228
      690 |     +0.0% |       0 |       0 |             0 |      2218
      700 |     +0.0% |       0 |       0 |             0 |      2208
      710 |     +0.0% |       0 |       0 |             0 |      2198
      720 |     +0.0% |       0 |       0 |             0 |      2188
      730 |     +0.0% |       0 |       0 |             0 |      2178
      740 |     +0.0% |       0 |       0 |             0 |      2168
      750 |     +0.0% |       0 |       0 |             0 |      2158
      760 |     +0.0% |       0 |       0 |             0 |      2148
      770 |     +0.0% |       0 |       0 |             0 |      2138
      780 |     +0.0% |       0 |       0 |             0 |      2128
      790 |     +0.0% |       0 |       0 |             0 |      2118
      800 |     +0.0% |       0 |       0 |             0 |      2108
      810 |     +0.0% |       0 |       0 |             0 |      2098
      820 |     +0.0% |       0 |       0 |             0 |      2088
      830 |     +0.0% |       0 |       0 |             0 |      2078
      840 |     +0.0% |       0 |       0 |             0 |      2068
      850 |     +0.0% |       0 |       0 |             0 |      2058
      860 |     +0.0% |       0 |       0 |             0 |      2048
      870 |     +0.0% |       0 |       0 |             0 |      2038
      880 |     +0.0% |       0 |       0 |             0 |      2028
      890 |     +0.0% |       0 |       0 |             0 |      2018
      900 |     +0.0% |       0 |       0 |             0 |      2008
      910 |     +0.0% |       0 |       0 |             0 |      1998
      920 |     +0.0% |       0 |       0 |             0 |      1988
      930 |     +0.0% |       0 |       0 |             0 |      1978
      940 |     +0.0% |       0 |       0 |             0 |      1968
      950 |     +0.0% |       0 |       0 |             0 |      1958
      960 |     +0.0% |       0 |       0 |             0 |      1948
      970 |     +0.0% |       0 |       0 |             0 |      1938
      980 |     +0.0% |       0 |       0 |             0 |      1928
      990 |     +0.0% |       0 |       0 |             0 |      1918
     1000 |     +0.0% |       0 |       0 |             0 |      1908
     1010 |     +0.0% |       0 |       0 |             0 |      1898
     1020 |     +0.0% |       0 |       0 |             0 |      1888
     1030 |     +0.0% |       0 |       0 |             0 |      1878
     1040 |     +0.0% |       0 |       0 |             0 |      1868
     1050 |     +0.0% |       0 |       0 |             0 |      1858
     1060 |     +0.0% |       0 |       0 |             0 |      1848
     1070 |     +0.0% |       0 |       0 |             0 |      1838
     1080 |     +0.0% |       0 |       0 |             0 |      1828
     1090 |     +0.0% |       0 |       0 |             0 |      1818
     1100 |     +0.0% |       0 |       0 |             0 |      1808
     1110 |     +0.0% |       0 |       0 |             0 |      1798
     1120 |     +0.0% |       0 |       0 |             0 |      1788
     1130 |     +0.0% |       0 |       0 |             0 |      1778
     1140 |     +0.0% |       0 |       0 |             0 |      1768
     1150 |     +0.0% |       0 |       0 |             0 |      1758
     1160 |     +0.0% |       0 |       0 |             0 |      1748
     1170 |     +0.0% |       0 |       0 |             0 |      1738
     1180 |     +0.0% |       0 |       0 |             0 |      1728
     1190 |     +0.0% |       0 |       0 |             0 |      1718
     1200 |     +0.0% |       0 |       0 |             0 |      1708
     1210 |     +0.0% |       0 |       0 |             0 |      1698
     1220 |     +0.0% |       0 |       0 |             0 |      1688
     1230 |     +0.0% |       0 |       0 |             0 |      1678
     1240 |     +0.0% |       0 |       0 |             0 |      1668
     1250 |     +0.0% |       0 |       0 |             0 |      1658
     1260 |     +0.0% |       0 |       0 |             0 |      1648
     1270 |     +0.0% |       0 |       0 |             0 |      1638
     1280 |     +0.0% |       0 |       0 |             0 |      1628
     1290 |     +0.0% |       0 |       0 |             0 |      1618
     1300 |     +0.0% |       0 |       0 |             0 |      1608
     1310 |     +0.0% |       0 |       0 |             0 |      1598
     1320 |     +0.0% |       0 |       0 |             0 |      1588
     1330 |     +0.0% |       0 |       0 |             0 |      1578
     1340 |     +0.0% |       0 |       0 |             0 |      1568
     1350 |     +0.0% |       0 |       0 |             0 |      1558
     1360 |     +0.0% |       0 |       0 |             0 |      1548
     1370 |     +0.0% |       0 |       0 |             0 |      1538
     1380 |     +0.0% |       0 |       0 |             0 |      1528
     1390 |     +0.0% |       0 |       0 |             0 |      1518
     1400 |     +0.0% |       0 |       0 |             0 |      1508
     1410 |     +0.0% |       0 |       0 |             0 |      1498
     1420 |     +0.0% |       0 |       0 |             0 |      1488
     1430 |     +0.0% |       0 |       0 |             0 |      1478
     1440 |     +0.0% |       0 |       0 |             0 |      1468
     1450 |     +0.0% |       0 |       0 |             0 |      1458
     1460 |     +0.0% |       0 |       0 |             0 |      1448
     1470 |     +0.0% |       0 |       0 |             0 |      1438
     1480 |     +0.0% |       0 |       0 |             0 |      1428
     1490 |     +0.0% |       0 |       0 |             0 |      1418
     1500 |     +0.0% |       0 |       0 |             0 |      1408
     1510 |     +0.0% |       0 |       0 |             0 |      1398
     1520 |     +0.0% |       0 |       0 |             0 |      1388
     1530 |     +0.0% |       0 |       0 |             0 |      1378
     1540 |     +0.0% |       0 |       0 |             0 |      1368
     1550 |     +0.0% |       0 |       0 |             0 |      1358
     1560 |     +0.0% |       0 |       0 |             0 |      1348
     1570 |     +0.0% |       0 |       0 |             0 |      1338
     1580 |     +0.0% |       0 |       0 |             0 |      1328
     1590 |     +0.0% |       0 |       0 |             0 |      1318
     1600 |     +0.0% |       0 |       0 |             0 |      1308
     1610 |     +0.0% |       0 |       0 |             0 |      1298
     1620 |     +0.0% |       0 |       0 |             0 |      1288
     1630 |     +0.0% |       0 |       0 |             0 |      1278
     1640 |     +0.0% |       0 |       0 |             0 |      1268
     1650 |     +0.0% |       0 |       0 |             0 |      1258
     1660 |     +0.0% |       0 |       0 |             0 |      1248
     1670 |     +0.0% |       0 |       0 |             0 |      1238
     1680 |     +0.0% |       0 |       0 |             0 |      1228
     1690 |     +0.0% |       0 |       0 |             0 |      1218
     1700 |     +0.0% |       0 |       0 |             0 |      1208
     1710 |     +0.0% |       0 |       0 |             0 |      1198
     1720 |     +0.0% |       0 |       0 |             0 |      1188
     1730 |     +0.0% |       0 |       0 |             0 |      1178
     1740 |     +0.0% |       0 |       0 |             0 |      1168
     1750 |     +0.0% |       0 |       0 |             0 |      1158
     1760 |     +0.0% |       0 |       0 |             0 |      1148
     1770 |     +0.0% |       0 |       0 |             0 |      1138
     1780 |     +0.0% |       0 |       0 |             0 |      1128
     1790 |     +0.0% |       0 |       0 |             0 |      1118
     1800 |     +0.0% |       0 |       0 |             0 |      1108
     1810 |     +0.0% |       0 |       0 |             0 |      1098
     1820 |     +0.0% |       0 |       0 |             0 |      1088
     1830 |     +0.0% |       0 |       0 |             0 |      1078
     1840 |     +0.0% |       0 |       0 |             0 |      1068
     1850 |     +0.0% |       0 |       0 |             0 |      1058
     1860 |     +0.0% |       0 |       0 |             0 |      1048
     1870 |     +0.0% |       0 |       0 |             0 |      1038
     1880 |     +0.0% |       0 |       0 |             0 |      1028
     1890 |     +0.0% |       0 |       0 |             0 |      1018
     1900 |     +0.0% |       0 |       0 |             0 |      1008
     1910 |     +0.0% |       0 |       0 |             0 |       998
     1920 |     +0.0% |       0 |       0 |             0 |       988
     1930 |     +0.0% |       0 |       0 |             0 |       978
     1940 |     +0.0% |       0 |       0 |             0 |       968
     1950 |     +0.0% |       0 |       0 |             0 |       958
     1960 |     +0.0% |       0 |       0 |             0 |       948
     1970 |     +0.0% |       0 |       0 |             0 |       938
     1980 |     +0.0% |       0 |       0 |             0 |       928
     1990 |     +0.0% |       0 |       0 |             0 |       918
     2000 |     +0.0% |       0 |       0 |             0 |       908
     2010 |     +0.0% |       0 |       0 |             0 |       898
     2020 |     +0.0% |       0 |       0 |             0 |       888
     2030 |     +0.0% |       0 |       0 |             0 |       878
     2040 |     +0.0% |       0 |       0 |             0 |       868
     2050 |     +0.0% |       0 |       0 |             0 |       858
     2060 |     +0.0% |       0 |       0 |             0 |       848
     2070 |     +0.0% |       0 |       0 |             0 |       838
     2080 |     +0.0% |       0 |       0 |             0 |       828
     2090 |     +0.0% |       0 |       0 |             0 |       818
     2100 |     +0.0% |       0 |       0 |             0 |       808
     2110 |     +0.0% |       0 |       0 |             0 |       798
     2120 |     +0.0% |       0 |       0 |             0 |       788
     2130 |     +0.0% |       0 |       0 |             0 |       778
     2140 |     +0.0% |       0 |       0 |             0 |       768
     2150 |     +0.0% |       0 |       0 |             0 |       758
     2160 |     +0.0% |       0 |       0 |             0 |       748
     2170 |     +0.0% |       0 |       0 |             0 |       738
     2180 |     +0.0% |       0 |       0 |             0 |       728
     2190 |     +0.0% |       0 |       0 |             0 |       718
     2200 |     +0.0% |       0 |       0 |             0 |       708
     2210 |     +0.0% |       0 |       0 |             0 |       698
     2220 |     +0.0% |       0 |       0 |             0 |       688
     2230 |     +0.0% |       0 |       0 |             0 |       678
     2240 |     +0.0% |       0 |       0 |             0 |       668
     2250 |     +0.0% |       0 |       0 |             0 |       658
     2260 |     +0.0% |       0 |       0 |             0 |       648
     2270 |     +0.0% |       0 |       0 |             0 |       638
     2280 |     +0.0% |       0 |       0 |             0 |       628
     2290 |     +0.0% |       0 |       0 |             0 |       618
     2300 |     +0.0% |       0 |       0 |             0 |       608
     2310 |     +0.0% |       0 |       0 |             0 |       598
     2320 |     +0.0% |       0 |       0 |             0 |       588
     2330 |     +0.0% |       0 |       0 |             0 |       578
     2340 |     +0.0% |       0 |       0 |             0 |       568
     2350 |     +0.0% |       0 |       0 |             0 |       558
     2360 |     +0.0% |       0 |       0 |             0 |       548
     2370 |     +0.0% |       0 |       0 |             0 |       538
     2380 |     +0.0% |       0 |       0 |             0 |       528
     2390 |     +0.0% |       0 |       0 |             0 |       518
     2400 |     +0.0% |       0 |       0 |             0 |       508
     2410 |     +0.0% |       0 |       0 |             0 |       498
     2420 |     +0.0% |       0 |       0 |             0 |       488
     2430 |     +0.0% |       0 |       0 |             0 |       478
     2440 |     +0.0% |       0 |       0 |             0 |       468
     2450 |     +0.0% |       0 |       0 |             0 |       458
     2460 |     +0.0% |       0 |       0 |             0 |       448
     2470 |     +0.0% |       0 |       0 |             0 |       438
     2480 |     +0.0% |       0 |       0 |             0 |       428
     2490 |     +0.0% |       0 |       0 |             0 |       418
     2500 |     +0.0% |       0 |       0 |             0 |       408
     2510 |     +0.0% |       0 |       0 |             0 |       398
     2520 |     +0.0% |       0 |       0 |             0 |       388
     2530 |     +0.0% |       0 |       0 |             0 |       378
     2540 |     +0.0% |       0 |       0 |             0 |       368
     2550 |     +0.0% |       0 |       0 |             0 |       358
     2560 |     +0.0% |       0 |       0 |             0 |       348
     2570 |     +0.0% |       0 |       0 |             0 |       338
     2580 |     +0.0% |       0 |       0 |             0 |       328
     2590 |     +0.0% |       0 |       0 |             0 |       318
     2600 |     +0.0% |       0 |       0 |             0 |       308
     2610 |     +0.0% |       0 |       0 |             0 |       298
     2620 |     +0.0% |       0 |       0 |             0 |       288
     2630 |     +0.0% |       0 |       0 |             0 |       278
     2640 |     +0.0% |       0 |       0 |             0 |       268
     2650 |     +0.0% |       0 |       0 |             0 |       258
     2660 |     +0.0% |       0 |       0 |             0 |       248
     2670 |     +0.0% |       0 |       0 |             0 |       238
     2680 |     +0.0% |       0 |       0 |             0 |       228
     2690 |     +0.0% |       0 |       0 |             0 |       218
     2700 |     +0.0% |       0 |       0 |             0 |       208
     2710 |     +0.0% |       0 |       0 |             0 |       198
     2720 |     +0.0% |       0 |       0 |             0 |       188
     2730 |     +0.0% |       0 |       0 |             0 |       178
     2740 |     +0.0% |       0 |       0 |             0 |       168
     2750 |     +0.0% |       0 |       0 |             0 |       158
     2760 |     +0.0% |       0 |       0 |             0 |       148
     2770 |     +0.0% |       0 |       0 |             0 |       138
     2780 |     +0.0% |       0 |       0 |             0 |       128
     2790 |     +0.0% |       0 |       0 |             0 |       118
     2800 |     +0.0% |       0 |       0 |             0 |       108
     2810 |     +0.0% |       0 |       0 |             0 |        98
     2820 |     +0.0% |       0 |       0 |             0 |        88
     2830 |     +0.0% |       0 |       0 |             0 |        78
     2840 |     +0.0% |       0 |       0 |             0 |        68
     2850 |     +0.0% |       0 |       0 |             0 |        58
     2860 |     +0.0% |       0 |       0 |             0 |        48
     2870 |     +0.0% |       0 |       0 |             0 |        38
     2880 |     +0.0% |       0 |       0 |             0 |        28
     2890 |     +0.0% |       0 |       0 |             0 |        18
     2900 |     +0.0% |       0 |       0 |             0 |         8
    final |     +0.0% |       0 |       0 |             0 |         0
---------------------------------------------------------------------
global_route -start_incremental
detailed_placement
[INFO DPL-0006] Core area: 10208.02 um^2, Instances area: 3636.22 um^2, Utilization: 35.6%
[INFO DPL-0005] Diamond search max displacement: +/- 500 sites horizontally, +/- 100 rows vertically.
[INFO DPL-1101] Legalizing using diamond search.
Movements Summary
---------------------------------------
Total cells:                    2651
Diamond Move Success:           2651 (100.00%)
Diamond Move Failure:              0
Rip-up and replace Success:        0 (  0.00% of diamond failures)
Rip-up and replace Failure:        0
Total Placement Failures:          0
---------------------------------------
Placement Analysis
---------------------------------
total displacement          0.0 u
average displacement        0.0 u
max displacement            0.0 u
original HPWL           39118.9 u
legalized HPWL          39118.9 u
delta HPWL                    0 %

global_route -end_incremental -congestion_report_file ./reports/nangate45/s9234f/phase0c_f3e7b516a_s13_k8_A_25da1b73_7f655d61/congestion_post_repair_design.rpt
Repair setup and hold violations...
estimate_parasitics -global_routing
repair_timing -setup_margin 0 -hold_margin 0 -repair_tns 100 -verbose
[INFO RSZ-0100] Repair move sequence: UnbufferMove SizeUpMove SwapPinsMove BufferMove CloneMove SplitLoadMove 
[INFO RSZ-0098] No setup violations found
[INFO RSZ-0046] Found 1 endpoints with hold violations.
Iteration | Resized | Buffers | Cloned Gates |   Area   |   WNS   |   TNS   | Endpoint
--------------------------------------------------------------------------------------
        0 |       0 |       0 |            0 |    +0.0% |  -0.001 |  -0.001 | U_g689/D
    final |       0 |       1 |            0 |    +0.0% |   0.002 |   0.000 | U_g698/D
--------------------------------------------------------------------------------------
[INFO RSZ-0032] Inserted 1 hold buffers.
global_route -start_incremental
detailed_placement
[INFO DPL-0006] Core area: 10208.02 um^2, Instances area: 3637.02 um^2, Utilization: 35.6%
[INFO DPL-0005] Diamond search max displacement: +/- 500 sites horizontally, +/- 100 rows vertically.
[INFO DPL-1101] Legalizing using diamond search.
Movements Summary
---------------------------------------
Total cells:                    2652
Diamond Move Success:           2652 (100.00%)
Diamond Move Failure:              0
Rip-up and replace Success:        0 (  0.00% of diamond failures)
Rip-up and replace Failure:        0
Total Placement Failures:          0
---------------------------------------
Placement Analysis
---------------------------------
total displacement          3.6 u
average displacement        0.0 u
max displacement            1.6 u
original HPWL           39119.2 u
legalized HPWL          39124.8 u
delta HPWL                    0 %

check_placement -verbose
global_route -end_incremental -congestion_report_file ./reports/nangate45/s9234f/phase0c_f3e7b516a_s13_k8_A_25da1b73_7f655d61/congestion_post_repair_timing.rpt
estimate_parasitics -global_routing
global_route -start_incremental
global_route -end_incremental -congestion_report_file ./reports/nangate45/s9234f/phase0c_f3e7b516a_s13_k8_A_25da1b73_7f655d61/congestion_post_recover_power.rpt
Repair antennas...
[WARNING GRT-0246] No diode with LEF class CORE ANTENNACELL found.
[INFO ANT-0002] Found 0 net violations.
[INFO ANT-0001] Found 0 pin violations.
Estimate parasitics...
estimate_parasitics -global_routing
Report metrics stage 5, global route...

==========================================================================
global route report_design_area
--------------------------------------------------------------------------
Design area 3637 um^2 36% utilization.
[INFO FLW-0007] clock clk period 10.000000
[INFO FLW-0008] Clock clk period 1.194
[INFO FLW-0009] Clock clk slack 8.744
write_sdc -no_timestamp ./results/nangate45/s9234f/phase0c_f3e7b516a_s13_k8_A_25da1b73_7f655d61/updated_clks.sdc
[INFO FLW-0011] Path endpoint path count 910
write_db ./results/nangate45/s9234f/phase0c_f3e7b516a_s13_k8_A_25da1b73_7f655d61/5_1_grt.odb
write_sdc -no_timestamp ./results/nangate45/s9234f/phase0c_f3e7b516a_s13_k8_A_25da1b73_7f655d61/5_1_grt.sdc
Log                       Ext     Elapsed/s Peak Memory/MB sha1sum result [0:20)
5_1_grt                   .odb           12            312 98ba8f0a0087d67ee400
5_1_grt                   .sdc                             ef79d21436d690ebafd1
/root/pact-deps/OpenROAD-flow-scripts/flow/scripts/flow.sh 5_2_route detail_route
Running detail_route.tcl, stage 5_2_route
read_liberty /root/pact-deps/OpenROAD-flow-scripts/flow/platforms/nangate45/lib/NangateOpenCellLibrary_typical.lib
read_db ./results/nangate45/s9234f/phase0c_f3e7b516a_s13_k8_A_25da1b73_7f655d61/5_1_grt.odb
read_sdc ./results/nangate45/s9234f/phase0c_f3e7b516a_s13_k8_A_25da1b73_7f655d61/5_1_grt.sdc
source /root/pact-deps/OpenROAD-flow-scripts/flow/platforms/nangate45/setRC.tcl
detailed_route -output_drc ./reports/nangate45/s9234f/phase0c_f3e7b516a_s13_k8_A_25da1b73_7f655d61/5_route_drc.rpt -output_maze ./results/nangate45/s9234f/phase0c_f3e7b516a_s13_k8_A_25da1b73_7f655d61/maze.log -droute_end_iter 64 -verbose 1 -drc_report_iter_step 5
[INFO DRT-0149] Reading tech and libs.

Units:                2000
Number of layers:     21
Number of macros:     135
Number of vias:       33
Number of viarulegen: 19

[INFO DRT-0150] Reading design.

Design:                   s9234f
Die area:                 ( 0 0 ) ( 206880 206880 )
Number of track patterns: 20
Number of DEF vias:       0
Number of components:     2796
Number of terminals:      95
Number of snets:          2
Number of nets:           2679

[INFO DRT-0167] List of default vias:
  Layer via2
    default via: via2_5
  Layer via3
    default via: via3_2
  Layer via4
    default via: via4_0
  Layer via5
    default via: via5_0
  Layer via6
    default via: via6_0
  Layer via7
    default via: via7_0
  Layer via8
    default via: via8_0
  Layer via9
    default via: via9_0
[INFO DRT-0162] Library cell analysis.
[INFO DRT-0163] Instance analysis.
[INFO DRT-0164] Number of unique instances = 49.
[INFO DRT-0168] Init region query.
[INFO DRT-0024]   Complete active.
[INFO DRT-0024]   Complete Fr_VIA.
[INFO DRT-0024]   Complete metal1.
[INFO DRT-0024]   Complete via1.
[INFO DRT-0024]   Complete metal2.
[INFO DRT-0024]   Complete via2.
[INFO DRT-0024]   Complete metal3.
[INFO DRT-0024]   Complete via3.
[INFO DRT-0024]   Complete metal4.
[INFO DRT-0024]   Complete via4.
[INFO DRT-0024]   Complete metal5.
[INFO DRT-0024]   Complete via5.
[INFO DRT-0024]   Complete metal6.
[INFO DRT-0024]   Complete via6.
[INFO DRT-0024]   Complete metal7.
[INFO DRT-0024]   Complete via7.
[INFO DRT-0024]   Complete metal8.
[INFO DRT-0024]   Complete via8.
[INFO DRT-0024]   Complete metal9.
[INFO DRT-0024]   Complete via9.
[INFO DRT-0024]   Complete metal10.
[INFO DRT-0033] active shape region query size = 0.
[INFO DRT-0033] FR_VIA shape region query size = 0.
[INFO DRT-0033] metal1 shape region query size = 42567.
[INFO DRT-0033] via1 shape region query size = 438.
[INFO DRT-0033] metal2 shape region query size = 292.
[INFO DRT-0033] via2 shape region query size = 438.
[INFO DRT-0033] metal3 shape region query size = 292.
[INFO DRT-0033] via3 shape region query size = 438.
[INFO DRT-0033] metal4 shape region query size = 164.
[INFO DRT-0033] via4 shape region query size = 140.
[INFO DRT-0033] metal5 shape region query size = 76.
[INFO DRT-0033] via5 shape region query size = 140.
[INFO DRT-0033] metal6 shape region query size = 73.
[INFO DRT-0033] via6 shape region query size = 56.
[INFO DRT-0033] metal7 shape region query size = 28.
[INFO DRT-0033] via7 shape region query size = 0.
[INFO DRT-0033] metal8 shape region query size = 0.
[INFO DRT-0033] via8 shape region query size = 0.
[INFO DRT-0033] metal9 shape region query size = 0.
[INFO DRT-0033] via9 shape region query size = 0.
[INFO DRT-0033] metal10 shape region query size = 0.
[INFO DRT-0165] Start pin access.
[INFO DRT-0078]   Complete 249 pins.
[INFO DRT-0081]   Complete 49 unique inst patterns.
[INFO DRT-0084]   Complete 1543 groups.
#scanned instances     = 2796
#unique  instances     = 49
#stdCellGenAp          = 1067
#stdCellValidPlanarAp  = 0
#stdCellValidViaAp     = 854
#stdCellPinNoAp        = 0
#stdCellPinCnt         = 8127
#instTermValidViaApCnt = 0
#macroGenAp            = 0
#macroValidPlanarAp    = 0
#macroValidViaAp       = 0
#macroNoAp             = 0
[INFO DRT-0166] Complete pin access.
[INFO DRT-0267] cpu time = 00:00:28, elapsed time = 00:00:05, memory = 266.84 (MB), peak = 266.55 (MB)

[INFO DRT-0157] Number of guides:     22839

[INFO DRT-0169] Post process guides.
[INFO DRT-0176] GCELLGRID X 0 DO 36 STEP 5700 ;
[INFO DRT-0177] GCELLGRID Y 0 DO 36 STEP 5700 ;
[INFO DRT-0028]   Complete active.
[INFO DRT-0028]   Complete Fr_VIA.
[INFO DRT-0028]   Complete metal1.
[INFO DRT-0028]   Complete via1.
[INFO DRT-0028]   Complete metal2.
[INFO DRT-0028]   Complete via2.
[INFO DRT-0028]   Complete metal3.
[INFO DRT-0028]   Complete via3.
[INFO DRT-0028]   Complete metal4.
[INFO DRT-0028]   Complete via4.
[INFO DRT-0028]   Complete metal5.
[INFO DRT-0028]   Complete via5.
[INFO DRT-0028]   Complete metal6.
[INFO DRT-0028]   Complete via6.
[INFO DRT-0028]   Complete metal7.
[INFO DRT-0028]   Complete via7.
[INFO DRT-0028]   Complete metal8.
[INFO DRT-0028]   Complete via8.
[INFO DRT-0028]   Complete metal9.
[INFO DRT-0028]   Complete via9.
[INFO DRT-0028]   Complete metal10.
[INFO DRT-0178] Init guide query.
[INFO DRT-0035]   Complete active (guide).
[INFO DRT-0035]   Complete Fr_VIA (guide).
[INFO DRT-0035]   Complete metal1 (guide).
[INFO DRT-0035]   Complete via1 (guide).
[INFO DRT-0035]   Complete metal2 (guide).
[INFO DRT-0035]   Complete via2 (guide).
[INFO DRT-0035]   Complete metal3 (guide).
[INFO DRT-0035]   Complete via3 (guide).
[INFO DRT-0035]   Complete metal4 (guide).
[INFO DRT-0035]   Complete via4 (guide).
[INFO DRT-0035]   Complete metal5 (guide).
[INFO DRT-0035]   Complete via5 (guide).
[INFO DRT-0035]   Complete metal6 (guide).
[INFO DRT-0035]   Complete via6 (guide).
[INFO DRT-0035]   Complete metal7 (guide).
[INFO DRT-0035]   Complete via7 (guide).
[INFO DRT-0035]   Complete metal8 (guide).
[INFO DRT-0035]   Complete via8 (guide).
[INFO DRT-0035]   Complete metal9 (guide).
[INFO DRT-0035]   Complete via9 (guide).
[INFO DRT-0035]   Complete metal10 (guide).
[INFO DRT-0036] active guide region query size = 0.
[INFO DRT-0036] FR_VIA guide region query size = 0.
[INFO DRT-0036] metal1 guide region query size = 7176.
[INFO DRT-0036] via1 guide region query size = 0.
[INFO DRT-0036] metal2 guide region query size = 6521.
[INFO DRT-0036] via2 guide region query size = 0.
[INFO DRT-0036] metal3 guide region query size = 3822.
[INFO DRT-0036] via3 guide region query size = 0.
[INFO DRT-0036] metal4 guide region query size = 891.
[INFO DRT-0036] via4 guide region query size = 0.
[INFO DRT-0036] metal5 guide region query size = 423.
[INFO DRT-0036] via5 guide region query size = 0.
[INFO DRT-0036] metal6 guide region query size = 128.
[INFO DRT-0036] via6 guide region query size = 0.
[INFO DRT-0036] metal7 guide region query size = 5.
[INFO DRT-0036] via7 guide region query size = 0.
[INFO DRT-0036] metal8 guide region query size = 0.
[INFO DRT-0036] via8 guide region query size = 0.
[INFO DRT-0036] metal9 guide region query size = 0.
[INFO DRT-0036] via9 guide region query size = 0.
[INFO DRT-0036] metal10 guide region query size = 0.
[INFO DRT-0179] Init gr pin query.
[INFO DRT-0267] cpu time = 00:00:00, elapsed time = 00:00:00, memory = 275.17 (MB), peak = 274.80 (MB)
[INFO DRT-0245] skipped writing guide updates to database.
[INFO DRT-0181] Start track assignment.
[INFO DRT-0184] Done with 7540 vertical wires in 1 frboxes and 11426 horizontal wires in 1 frboxes.
[INFO DRT-0186] Done with 2260 vertical wires in 1 frboxes and 2748 horizontal wires in 1 frboxes.
[INFO DRT-0182] Complete track assignment.
[INFO DRT-0267] cpu time = 00:00:01, elapsed time = 00:00:01, memory = 344.61 (MB), peak = 344.33 (MB)
[INFO DRT-0187] Start routing data preparation.
[INFO DRT-0267] cpu time = 00:00:00, elapsed time = 00:00:00, memory = 344.67 (MB), peak = 344.33 (MB)
[INFO DRT-0194] Start detail routing.
[INFO DRT-0195] Start 0th optimization iteration.
    Completing 10% with 0 violations.
    elapsed time = 00:00:01, memory = 399.05 (MB).
    Completing 20% with 0 violations.
    elapsed time = 00:00:04, memory = 399.84 (MB).
    Completing 30% with 119 violations.
    elapsed time = 00:00:04, memory = 435.66 (MB).
    Completing 40% with 119 violations.
    elapsed time = 00:00:06, memory = 452.56 (MB).
    Completing 50% with 119 violations.
    elapsed time = 00:00:09, memory = 402.16 (MB).
    Completing 60% with 223 violations.
    elapsed time = 00:00:10, memory = 441.38 (MB).
    Completing 70% with 223 violations.
    elapsed time = 00:00:13, memory = 449.17 (MB).
    Completing 80% with 350 violations.
    elapsed time = 00:00:16, memory = 492.29 (MB).
    Completing 90% with 350 violations.
    elapsed time = 00:00:17, memory = 492.93 (MB).
    Completing 100% with 439 violations.
    elapsed time = 00:00:20, memory = 467.64 (MB).
[INFO DRT-0199]   Number of violations = 594.
Viol/Layer      metal1 metal2   via2 metal3 metal4   via4 metal5
Cut Spacing          0      0      2      0      0      1      0
Metal Spacing        0     45      0      3      0      0      3
Recheck              1    102      0     43      8      0      1
Short                0    309      0     61      0      0     15
[INFO DRT-0267] cpu time = 00:00:56, elapsed time = 00:00:21, memory = 981.74 (MB), peak = 981.47 (MB)
Total wire length = 44155 um.
Total wire length on LAYER metal1 = 0 um.
Total wire length on LAYER metal2 = 14107 um.
Total wire length on LAYER metal3 = 17250 um.
Total wire length on LAYER metal4 = 6159 um.
Total wire length on LAYER metal5 = 4292 um.
Total wire length on LAYER metal6 = 2234 um.
Total wire length on LAYER metal7 = 111 um.
Total wire length on LAYER metal8 = 0 um.
Total wire length on LAYER metal9 = 0 um.
Total wire length on LAYER metal10 = 0 um.
Total number of vias = 18824.
Up-via summary (total 18824):

----------------
 active        0
 metal1     8176
 metal2     8682
 metal3     1199
 metal4      553
 metal5      205
 metal6        9
 metal7        0
 metal8        0
 metal9        0
----------------
       18824


[INFO DRT-0195] Start 1st optimization iteration.
    Completing 10% with 594 violations.
    elapsed time = 00:00:00, memory = 1015.92 (MB).
    Completing 20% with 594 violations.
    elapsed time = 00:00:03, memory = 989.44 (MB).
    Completing 30% with 503 violations.
    elapsed time = 00:00:03, memory = 995.13 (MB).
    Completing 40% with 503 violations.
    elapsed time = 00:00:04, memory = 995.13 (MB).
    Completing 50% with 503 violations.
    elapsed time = 00:00:06, memory = 997.44 (MB).
    Completing 60% with 383 violations.
    elapsed time = 00:00:08, memory = 1029.78 (MB).
    Completing 70% with 383 violations.
    elapsed time = 00:00:10, memory = 1029.78 (MB).
    Completing 80% with 253 violations.
    elapsed time = 00:00:13, memory = 999.48 (MB).
    Completing 90% with 253 violations.
    elapsed time = 00:00:14, memory = 999.48 (MB).
    Completing 100% with 179 violations.
    elapsed time = 00:00:16, memory = 1001.53 (MB).
[INFO DRT-0199]   Number of violations = 179.
Viol/Layer      metal2 metal3
Metal Spacing       44      2
Short              118     15
[INFO DRT-0267] cpu time = 00:00:50, elapsed time = 00:00:16, memory = 1004.53 (MB), peak = 1029.41 (MB)
Total wire length = 43798 um.
Total wire length on LAYER metal1 = 0 um.
Total wire length on LAYER metal2 = 13979 um.
Total wire length on LAYER metal3 = 17093 um.
Total wire length on LAYER metal4 = 6128 um.
Total wire length on LAYER metal5 = 4274 um.
Total wire length on LAYER metal6 = 2209 um.
Total wire length on LAYER metal7 = 113 um.
Total wire length on LAYER metal8 = 0 um.
Total wire length on LAYER metal9 = 0 um.
Total wire length on LAYER metal10 = 0 um.
Total number of vias = 18602.
Up-via summary (total 18602):

----------------
 active        0
 metal1     8186
 metal2     8497
 metal3     1172
 metal4      539
 metal5      201
 metal6        7
 metal7        0
 metal8        0
 metal9        0
----------------
       18602


[INFO DRT-0195] Start 2nd optimization iteration.
    Completing 10% with 179 violations.
    elapsed time = 00:00:00, memory = 1004.53 (MB).
    Completing 20% with 179 violations.
    elapsed time = 00:00:03, memory = 1007.02 (MB).
    Completing 30% with 200 violations.
    elapsed time = 00:00:04, memory = 1007.02 (MB).
    Completing 40% with 200 violations.
    elapsed time = 00:00:05, memory = 1007.02 (MB).
    Completing 50% with 200 violations.
    elapsed time = 00:00:08, memory = 1007.02 (MB).
    Completing 60% with 167 violations.
    elapsed time = 00:00:10, memory = 1039.34 (MB).
    Completing 70% with 167 violations.
    elapsed time = 00:00:12, memory = 1039.34 (MB).
    Completing 80% with 164 violations.
    elapsed time = 00:00:13, memory = 1007.02 (MB).
    Completing 90% with 164 violations.
    elapsed time = 00:00:15, memory = 1007.08 (MB).
    Completing 100% with 146 violations.
    elapsed time = 00:00:17, memory = 1007.08 (MB).
[INFO DRT-0199]   Number of violations = 146.
Viol/Layer      metal2 metal3
Metal Spacing       33      0
Short              102     11
[INFO DRT-0267] cpu time = 00:00:44, elapsed time = 00:00:17, memory = 1007.08 (MB), peak = 1039.04 (MB)
Total wire length = 43755 um.
Total wire length on LAYER metal1 = 0 um.
Total wire length on LAYER metal2 = 13952 um.
Total wire length on LAYER metal3 = 17115 um.
Total wire length on LAYER metal4 = 6096 um.
Total wire length on LAYER metal5 = 4266 um.
Total wire length on LAYER metal6 = 2203 um.
Total wire length on LAYER metal7 = 121 um.
Total wire length on LAYER metal8 = 0 um.
Total wire length on LAYER metal9 = 0 um.
Total wire length on LAYER metal10 = 0 um.
Total number of vias = 18590.
Up-via summary (total 18590):

----------------
 active        0
 metal1     8187
 metal2     8508
 metal3     1152
 metal4      543
 metal5      192
 metal6        8
 metal7        0
 metal8        0
 metal9        0
----------------
       18590


[INFO DRT-0195] Start 3rd optimization iteration.
    Completing 10% with 146 violations.
    elapsed time = 00:00:00, memory = 1007.08 (MB).
    Completing 20% with 146 violations.
    elapsed time = 00:00:00, memory = 1038.67 (MB).
    Completing 30% with 112 violations.
    elapsed time = 00:00:00, memory = 1008.73 (MB).
    Completing 40% with 112 violations.
    elapsed time = 00:00:01, memory = 1010.31 (MB).
    Completing 50% with 112 violations.
    elapsed time = 00:00:02, memory = 1010.31 (MB).
    Completing 60% with 90 violations.
    elapsed time = 00:00:02, memory = 1010.31 (MB).
    Completing 70% with 90 violations.
    elapsed time = 00:00:04, memory = 1011.61 (MB).
    Completing 80% with 51 violations.
    elapsed time = 00:00:06, memory = 1012.01 (MB).
    Completing 90% with 51 violations.
    elapsed time = 00:00:06, memory = 1012.01 (MB).
    Completing 100% with 3 violations.
    elapsed time = 00:00:06, memory = 1012.01 (MB).
[INFO DRT-0199]   Number of violations = 3.
Viol/Layer      metal2   via2
Cut Spacing          0      1
Short                2      0
[INFO DRT-0267] cpu time = 00:00:21, elapsed time = 00:00:07, memory = 1012.01 (MB), peak = 1039.04 (MB)
Total wire length = 43754 um.
Total wire length on LAYER metal1 = 0 um.
Total wire length on LAYER metal2 = 13785 um.
Total wire length on LAYER metal3 = 17165 um.
Total wire length on LAYER metal4 = 6228 um.
Total wire length on LAYER metal5 = 4249 um.
Total wire length on LAYER metal6 = 2203 um.
Total wire length on LAYER metal7 = 121 um.
Total wire length on LAYER metal8 = 0 um.
Total wire length on LAYER metal9 = 0 um.
Total wire length on LAYER metal10 = 0 um.
Total number of vias = 18724.
Up-via summary (total 18724):

----------------
 active        0
 metal1     8190
 metal2     8592
 metal3     1200
 metal4      542
 metal5      192
 metal6        8
 metal7        0
 metal8        0
 metal9        0
----------------
       18724


[INFO DRT-0195] Start 4th guides tiles iteration.
    Completing 50% with 3 violations.
    elapsed time = 00:00:00, memory = 1012.01 (MB).
    Completing 100% with 0 violations.
    elapsed time = 00:00:00, memory = 1012.01 (MB).
[INFO DRT-0199]   Number of violations = 0.
[INFO DRT-0267] cpu time = 00:00:00, elapsed time = 00:00:00, memory = 1012.01 (MB), peak = 1039.04 (MB)
Total wire length = 43754 um.
Total wire length on LAYER metal1 = 0 um.
Total wire length on LAYER metal2 = 13784 um.
Total wire length on LAYER metal3 = 17165 um.
Total wire length on LAYER metal4 = 6229 um.
Total wire length on LAYER metal5 = 4249 um.
Total wire length on LAYER metal6 = 2203 um.
Total wire length on LAYER metal7 = 121 um.
Total wire length on LAYER metal8 = 0 um.
Total wire length on LAYER metal9 = 0 um.
Total wire length on LAYER metal10 = 0 um.
Total number of vias = 18724.
Up-via summary (total 18724):

----------------
 active        0
 metal1     8190
 metal2     8592
 metal3     1200
 metal4      542
 metal5      192
 metal6        8
 metal7        0
 metal8        0
 metal9        0
----------------
       18724


[INFO DRT-0198] Complete detail routing.
Total wire length = 43754 um.
Total wire length on LAYER metal1 = 0 um.
Total wire length on LAYER metal2 = 13784 um.
Total wire length on LAYER metal3 = 17165 um.
Total wire length on LAYER metal4 = 6229 um.
Total wire length on LAYER metal5 = 4249 um.
Total wire length on LAYER metal6 = 2203 um.
Total wire length on LAYER metal7 = 121 um.
Total wire length on LAYER metal8 = 0 um.
Total wire length on LAYER metal9 = 0 um.
Total wire length on LAYER metal10 = 0 um.
Total number of vias = 18724.
Up-via summary (total 18724):

----------------
 active        0
 metal1     8190
 metal2     8592
 metal3     1200
 metal4      542
 metal5      192
 metal6        8
 metal7        0
 metal8        0
 metal9        0
----------------
       18724


[INFO DRT-0267] cpu time = 00:02:54, elapsed time = 00:01:02, memory = 1012.14 (MB), peak = 1039.04 (MB)

[INFO DRT-0180] Post processing.
Took 71 seconds: detailed_route -output_drc ./reports/nangate45/s9234f/phase0c_f3e7b516a_s13_k8_A_25da1b73_7f655d61/5_route_drc.rpt -output_maze ./results/nangate45/s9234f/phase0c_f3e7b516a_s13_k8_A_25da1b73_7f655d61/maze.log -droute_end_iter 64 -verbose 1 -drc_report_iter_step 5
[WARNING GRT-0246] No diode with LEF class CORE ANTENNACELL found.
[INFO ANT-0002] Found 0 net violations.
[INFO ANT-0001] Found 0 pin violations.
[INFO ANT-0002] Found 0 net violations.
[INFO ANT-0001] Found 0 pin violations.
Design area 3637 um^2 36% utilization.
write_db ./results/nangate45/s9234f/phase0c_f3e7b516a_s13_k8_A_25da1b73_7f655d61/5_2_route.odb
Log                       Ext     Elapsed/s Peak Memory/MB sha1sum result [0:20)
5_2_route                 .odb           78           1039 c57122e7c40c40ad283a
/root/pact-deps/OpenROAD-flow-scripts/flow/scripts/flow.sh 5_3_fillcell fillcell
Running fillcell.tcl, stage 5_3_fillcell
read_liberty /root/pact-deps/OpenROAD-flow-scripts/flow/platforms/nangate45/lib/NangateOpenCellLibrary_typical.lib
read_db ./results/nangate45/s9234f/phase0c_f3e7b516a_s13_k8_A_25da1b73_7f655d61/5_2_route.odb
read_sdc ./results/nangate45/s9234f/phase0c_f3e7b516a_s13_k8_A_25da1b73_7f655d61/5_1_grt.sdc
source /root/pact-deps/OpenROAD-flow-scripts/flow/platforms/nangate45/setRC.tcl
filler_placement "FILLCELL_X1 FILLCELL_X2 FILLCELL_X4 FILLCELL_X8 FILLCELL_X16 FILLCELL_X32"
[INFO DPL-0001] Placed 3395 filler instances.
Design area 3637 um^2 36% utilization.
write_db ./results/nangate45/s9234f/phase0c_f3e7b516a_s13_k8_A_25da1b73_7f655d61/5_3_fillcell.odb
Log                       Ext     Elapsed/s Peak Memory/MB sha1sum result [0:20)
5_3_fillcell              .odb            0            119 7f740fd98cc18bb9dcb4
cp ./results/nangate45/s9234f/phase0c_f3e7b516a_s13_k8_A_25da1b73_7f655d61/5_3_fillcell.odb ./results/nangate45/s9234f/phase0c_f3e7b516a_s13_k8_A_25da1b73_7f655d61/5_route.odb
cp ./results/nangate45/s9234f/phase0c_f3e7b516a_s13_k8_A_25da1b73_7f655d61/5_1_grt.sdc ./results/nangate45/s9234f/phase0c_f3e7b516a_s13_k8_A_25da1b73_7f655d61/5_route.sdc
