OpenROAD 26Q2-1164-g08f67ee5ec 
Features included (+) or not (-): +GPU +GUI +Python
This program is licensed under the BSD-3 license. See the LICENSE file for details.
Components of this program may be licensed under more restrictive licenses which must be honored.
[INFO ORD-0030] Using 2 thread(s).
read_liberty /root/pact-deps/OpenROAD-flow-scripts/flow/platforms/nangate45/lib/NangateOpenCellLibrary_typical.lib
read_db /mnt/c/Users/Abhinav/OneDrive/Desktop/PACT/PACT/results/phase2d_independent_gp/orfs/results/nangate45/s15850/phase2d_gp29/2_floorplan.odb
read_sdc /mnt/c/Users/Abhinav/OneDrive/Desktop/PACT/PACT/results/phase2d_independent_gp/orfs/results/nangate45/s15850/phase2d_gp29/2_floorplan.sdc
source /root/pact-deps/OpenROAD-flow-scripts/flow/platforms/nangate45/setRC.tcl
source /mnt/c/Users/Abhinav/OneDrive/Desktop/PACT/PACT/scripts/phase2d_gp_hook.tcl
[INFO GPL-0022] Initialize gpl and calculate uniform density.
Placement density is 0.5379999971389771, computed from PLACE_DENSITY_LB_ADDON  0.20 and lower bound 0.4099999964237213
global_placement -skip_io -density 0.5379999971389771 -pad_left 0 -pad_right 0 -skip_initial_place
PHASE2D_GP_FROM_FRESH_ANCESTRY: -skip_io -density 0.5379999971389771 -pad_left 0 -pad_right 0 -skip_initial_place
[INFO GPL-0001] ---- Initialize GPL Main Data Structures
[INFO GPL-0002] DBU: 2000
[INFO GPL-0003] SiteSize: (  0.190  1.400 ) um
[INFO GPL-0004] CoreBBox: (  1.140  1.400 ) ( 146.490 145.600 ) um
[INFO GPL-0036] Movable instances area:       7412.888 um^2
[INFO GPL-0037] Total instances area:         7481.516 um^2
[INFO GPL-0035] Pin density area adjust:       949.680 um^2
[INFO GPL-0032] ---- Initialize Region: Top-level
[INFO GPL-0006] Number of instances:              5059
[INFO GPL-0007] Movable instances:                4801
[INFO GPL-0008] Fixed instances:                   258
[INFO GPL-0009] Dummy instances:                     0
[INFO GPL-0010] Number of nets:                   4881
[INFO GPL-0011] Number of pins:                  14963
[INFO GPL-0012] Die BBox:  (  0.000  0.000 ) ( 147.530 147.530 ) um
[INFO GPL-0013] Core BBox: (  1.140  1.400 ) ( 146.490 145.600 ) um
[INFO GPL-0016] Core area:                   20959.470 um^2
[INFO GPL-0014] Region name: top-level.
[INFO GPL-0015] Region area:                 20959.470 um^2
[INFO GPL-0017] Fixed instances area:           68.628 um^2
[INFO GPL-0018] Movable instances area:       8362.568 um^2
[INFO GPL-0019] Utilization:                    40.030 %
[INFO GPL-0020] Standard cells area:          8362.568 um^2
[INFO GPL-0021] Large instances area:            0.000 um^2
[INFO GPL-0005] ---- Execute Conjugate Gradient Initial Placement.
[INFO GPL-0051] Source of initial instance position counters:
	Odb location = 4801	Core center = 0	Region center = 0
[INFO GPL-0033] ---- Initialize Nesterov Region: Top-level
[INFO GPL-0023] Placement target density:       0.5380
[INFO GPL-0024] Movable insts average area:      1.742 um^2
[INFO GPL-0025] Ideal bin area:                  3.238 um^2
[INFO GPL-0026] Ideal bin count:                  6473
[INFO GPL-0027] Total bin area:              20959.470 um^2
[INFO GPL-0028] Bin count (X, Y):          64 ,     64
[INFO GPL-0029] Bin size (W * H):       2.271 *  2.253 um
[INFO GPL-0030] Number of bins:                   4096
[INFO GPL-0084] ---- Execute Nesterov Global Placement.
[INFO GPL-0031] HPWL: Half-Perimeter Wirelength
Iteration | Overflow |     HPWL (um) |  HPWL(%) |   Penalty | Group
---------------------------------------------------------------
        0 |   0.2722 |  3.876496e+05 |   +0.00% |  2.48e-11 |      
       10 |   0.9546 |  1.753247e+04 |  -95.48% |  3.65e-11 |      
       20 |   0.9242 |  1.956844e+04 |  +11.61% |  5.38e-11 |      
       30 |   0.8891 |  2.135492e+04 |   +9.13% |  7.92e-11 |      
       40 |   0.8622 |  2.327721e+04 |   +9.00% |  1.17e-10 |      
       50 |   0.8326 |  2.597896e+04 |  +11.61% |  1.72e-10 |      
       60 |   0.8072 |  2.859079e+04 |  +10.05% |  2.53e-10 |      
       70 |   0.7706 |  3.154864e+04 |  +10.35% |  3.72e-10 |      
       80 |   0.7355 |  3.389735e+04 |   +7.44% |  5.48e-10 |      
       90 |   0.6983 |  3.662256e+04 |   +8.04% |  8.07e-10 |      
      100 |   0.6557 |  3.915791e+04 |   +6.92% |  1.19e-09 |      
      110 |   0.6139 |  4.133345e+04 |   +5.56% |  1.75e-09 |      
      120 |   0.5571 |  4.320261e+04 |   +4.52% |  2.58e-09 |      
      130 |   0.5002 |  4.476685e+04 |   +3.62% |  3.80e-09 |      
      140 |   0.4434 |  4.731210e+04 |   +5.69% |  5.59e-09 |      
      150 |   0.3997 |  4.905324e+04 |   +3.68% |  8.23e-09 |      
      160 |   0.3632 |  5.028398e+04 |   +2.51% |  1.21e-08 |      
      170 |   0.3329 |  5.142949e+04 |   +2.28% |  1.79e-08 |      
      180 |   0.3028 |  5.210733e+04 |   +1.32% |  2.63e-08 |      
      190 |   0.2762 |  5.246381e+04 |   +0.68% |  3.87e-08 |      
      200 |   0.2487 |  5.287311e+04 |   +0.78% |  5.71e-08 |      
      210 |   0.2205 |  5.317634e+04 |   +0.57% |  8.41e-08 |      
      220 |   0.1948 |  5.331280e+04 |   +0.26% |  1.24e-07 |      
      230 |   0.1706 |  5.349912e+04 |   +0.35% |  1.82e-07 |      
      240 |   0.1502 |  5.361744e+04 |   +0.22% |  2.69e-07 |      
      250 |   0.1309 |  5.371764e+04 |   +0.19% |  3.96e-07 |      
      260 |   0.1132 |  5.383201e+04 |   +0.21% |  5.83e-07 |      
      268 |   0.0986 |  5.388891e+04 |          |  8.26e-07 |      
---------------------------------------------------------------
[INFO GPL-1001] Global placement finished at iteration 268
[INFO GPL-1002] Placed Cell Area             8362.5678
[INFO GPL-1003] Available Free Area         20890.8420
[INFO GPL-1004] Minimum Feasible Density        0.4100 (cell_area / free_area)
[INFO GPL-1006]   Suggested Target Densities:
[INFO GPL-1007]     - For 90% usage of free space: 0.4448
[INFO GPL-1008]     - For 80% usage of free space: 0.5004
[INFO GPL-1009]     - For 50% usage of free space: 0.8006
[INFO GPL-1014] Final placement area: 8362.57 (+0.00%)
Design area 7482 um^2 36% utilization.
write_db /mnt/c/Users/Abhinav/OneDrive/Desktop/PACT/PACT/results/phase2d_independent_gp/orfs/results/nangate45/s15850/phase2d_gp29/3_1_place_gp_skip_io.odb
Elapsed time: 0:02.16[h:]min:sec. CPU time: user 2.52 sys 0.13 (122%). Peak memory: 125724KB.
Log                       Ext     Elapsed/s Peak Memory/MB sha1sum result [0:20)
3_1_place_gp_skip_io      .odb            2            122 5c9bf2912154095afaac
