OpenROAD 26Q2-1164-g08f67ee5ec 
Features included (+) or not (-): +GPU +GUI +Python
This program is licensed under the BSD-3 license. See the LICENSE file for details.
Components of this program may be licensed under more restrictive licenses which must be honored.
[INFO ORD-0030] Using 2 thread(s).
read_liberty /root/pact-deps/OpenROAD-flow-scripts/flow/platforms/nangate45/lib/NangateOpenCellLibrary_typical.lib
read_db /mnt/c/Users/Abhinav/OneDrive/Desktop/PACT/PACT/results/phase2d_independent_gp/orfs/results/nangate45/s15850/phase2d_gp29/3_2_place_iop.odb
read_sdc /mnt/c/Users/Abhinav/OneDrive/Desktop/PACT/PACT/results/phase2d_independent_gp/orfs/results/nangate45/s15850/phase2d_gp29/2_floorplan.sdc
source /root/pact-deps/OpenROAD-flow-scripts/flow/platforms/nangate45/setRC.tcl
source /mnt/c/Users/Abhinav/OneDrive/Desktop/PACT/PACT/scripts/phase2d_gp_hook.tcl
[INFO RSZ-0026] Removed 173 buffers.
Perform port buffering...
[INFO RSZ-0027] Inserted 79 BUF_X1 input buffers.
[INFO RSZ-0028] Inserted 151 BUF_X1 output buffers.
[INFO GPL-0022] Initialize gpl and calculate uniform density.
Placement density is 0.5219999885559082, computed from PLACE_DENSITY_LB_ADDON  0.20 and lower bound 0.38999998569488525
global_placement -density 0.5219999885559082 -pad_left 0 -pad_right 0 -routability_driven -timing_driven -force_center_initial_place -min_phi_coef 0.95 -max_phi_coef 1.05 -skip_initial_place
PHASE2D_GP_FROM_FRESH_ANCESTRY: -density 0.5219999885559082 -pad_left 0 -pad_right 0 -routability_driven -timing_driven -min_phi_coef 0.95 -max_phi_coef 1.05 -skip_initial_place
[INFO GPL-0001] ---- Initialize GPL Main Data Structures
[INFO GPL-0002] DBU: 2000
[INFO GPL-0003] SiteSize: (  0.190  1.400 ) um
[INFO GPL-0004] CoreBBox: (  1.140  1.400 ) ( 146.490 145.600 ) um
[INFO GPL-0036] Movable instances area:       7274.302 um^2
[INFO GPL-0037] Total instances area:         7342.930 um^2
[INFO GPL-0035] Pin density area adjust:       869.164 um^2
[INFO GPL-0032] ---- Initialize Region: Top-level
[INFO GPL-0006] Number of instances:              5116
[INFO GPL-0007] Movable instances:                4858
[INFO GPL-0008] Fixed instances:                   258
[INFO GPL-0009] Dummy instances:                     0
[INFO GPL-0010] Number of nets:                   4938
[INFO GPL-0011] Number of pins:                  15308
[INFO GPL-0012] Die BBox:  (  0.000  0.000 ) ( 147.530 147.530 ) um
[INFO GPL-0013] Core BBox: (  1.140  1.400 ) ( 146.490 145.600 ) um
[INFO GPL-0016] Core area:                   20959.470 um^2
[INFO GPL-0014] Region name: top-level.
[INFO GPL-0015] Region area:                 20959.470 um^2
[INFO GPL-0017] Fixed instances area:           68.628 um^2
[INFO GPL-0018] Movable instances area:       8143.466 um^2
[INFO GPL-0019] Utilization:                    38.981 %
[INFO GPL-0020] Standard cells area:          8143.466 um^2
[INFO GPL-0021] Large instances area:            0.000 um^2
[INFO GPL-0005] ---- Execute Conjugate Gradient Initial Placement.
[INFO GPL-0051] Source of initial instance position counters:
	Odb location = 4858	Core center = 0	Region center = 0
[INFO GPL-0033] ---- Initialize Nesterov Region: Top-level
[INFO GPL-0023] Placement target density:       0.5220
[INFO GPL-0024] Movable insts average area:      1.676 um^2
[INFO GPL-0025] Ideal bin area:                  3.211 um^2
[INFO GPL-0026] Ideal bin count:                  6526
[INFO GPL-0027] Total bin area:              20959.470 um^2
[INFO GPL-0028] Bin count (X, Y):          64 ,     64
[INFO GPL-0029] Bin size (W * H):       2.271 *  2.253 um
[INFO GPL-0030] Number of bins:                   4096
[INFO GPL-0084] ---- Execute Nesterov Global Placement.
[INFO GPL-0031] HPWL: Half-Perimeter Wirelength
Iteration | Overflow |     HPWL (um) |  HPWL(%) |   Penalty | Group
---------------------------------------------------------------
        0 |   0.1250 |  5.860881e+04 |   +0.00% |  4.29e-12 |      
[INFO GPL-0100] Timing-driven iteration 1/2, virtual: false.
[INFO GPL-0101]    Iter: 1, overflow: 0.125, keep resizer changes at: 1, HPWL: 117217623
Iteration |   Area    | Resized | Buffers | Nets repaired | Remaining
---------------------------------------------------------------------
        0 |     +0.0% |       0 |       0 |             0 |      5472
    final |     +0.3% |       1 |      11 |             5 |         0
---------------------------------------------------------------------
[INFO RSZ-0034] Found 1 slew violations.
[INFO RSZ-0036] Found 5 capacitance violations.
[INFO RSZ-0039] Resized 1 instances.
[INFO RSZ-0038] Inserted 11 buffers in 5 nets.
   Iter   |    Area   | Removed | Inserted |   Pins
          |           | Buffers | Buffers  | Remaining
-------------------------------------------------------
        0 |     +0.0% |       0 |        0 |      4858
      480 |     +0.0% |       0 |        0 |      4378
      960 |     +0.0% |       0 |        0 |      3898
     1440 |     +0.0% |       0 |        0 |      3418
     1920 |     +0.0% |       0 |        0 |      2938
     2400 |     +0.0% |       0 |        0 |      2458
     2880 |     +0.0% |       0 |        0 |      1978
     3360 |     +0.0% |       0 |        0 |      1498
     3840 |     -0.0% |       1 |        1 |      1018
     4320 |     -0.0% |       1 |        2 |       538
     4800 |     +0.1% |       9 |       23 |        58
    final |     +0.1% |      11 |       25 |         0
-------------------------------------------------------
[INFO GPL-0106] Timing-driven: worst slack 8.07363e-09
[INFO GPL-0107] Timing-driven: repair_design delta area: 26.068 um^2 (+0.32%)
[INFO GPL-0108] Timing-driven: repair_design, gpl delta gcells: 25 (+0.51%)
[INFO GPL-0109] Timing-driven: repair_design, gcells created: 36, deleted: 11
[INFO GPL-0110] Timing-driven: new target density: 0.52324784
[INFO GPL-0038] Routability snapshot saved at iter = 1
        0 |   0.1250 |  6.016844e+04 |          |           |      
[INFO GPL-0040] Routability iteration: 1
[INFO GPL-0041] Total routing overflow: 0.0000
[INFO GPL-0042] Number of overflowed tiles: 0 (0.00%)
[INFO GPL-0043] Average top 0.5% routing congestion: 0.8051
[INFO GPL-0044] Average top 1.0% routing congestion: 0.7845
[INFO GPL-0045] Average top 2.0% routing congestion: 0.7661
[INFO GPL-0046] Average top 5.0% routing congestion: 0.7410
[INFO GPL-0047] Routability iteration weighted routing congestion: 0.7948
[INFO GPL-0050] Weighted routing congestion is lower than target routing congestion(1.0100), end routability optimization.
[INFO GPL-0090] Routability finished. Target routing congestion achieved succesfully.
Iteration | Overflow |     HPWL (um) |  HPWL(%) |   Penalty | Group
---------------------------------------------------------------
       10 |   0.2107 |  5.810889e+04 |   -0.85% |  6.31e-12 |      
       20 |   0.3087 |  5.672035e+04 |   -2.39% |  9.30e-12 |      
       30 |   0.3850 |  5.465423e+04 |   -3.64% |  1.37e-11 |      
       40 |   0.4546 |  5.142979e+04 |   -5.90% |  2.02e-11 |      
       50 |   0.5597 |  4.758533e+04 |   -7.48% |  2.97e-11 |      
       60 |   0.6996 |  4.245819e+04 |  -10.77% |  4.38e-11 |      
       70 |   0.7961 |  3.469171e+04 |  -18.29% |  6.45e-11 |      
       80 |   0.8260 |  3.189462e+04 |   -8.06% |  9.50e-11 |      
       90 |   0.8085 |  3.481594e+04 |   +9.16% |  1.40e-10 |      
      100 |   0.7723 |  3.813719e+04 |   +9.54% |  2.06e-10 |      
      110 |   0.7391 |  3.989358e+04 |   +4.61% |  3.03e-10 |      
      120 |   0.7069 |  4.113628e+04 |   +3.12% |  4.47e-10 |      
      130 |   0.6784 |  4.251207e+04 |   +3.34% |  6.58e-10 |      
      140 |   0.6475 |  4.437284e+04 |   +4.38% |  9.69e-10 |      
      150 |   0.6135 |  4.638068e+04 |   +4.52% |  1.43e-09 |      
      160 |   0.5699 |  4.802473e+04 |   +3.54% |  2.10e-09 |      
      170 |   0.5246 |  4.923653e+04 |   +2.52% |  3.10e-09 |      
      180 |   0.4683 |  5.073487e+04 |   +3.04% |  4.56e-09 |      
      190 |   0.4110 |  5.222190e+04 |   +2.93% |  6.72e-09 |      
      200 |   0.3757 |  5.441604e+04 |   +4.20% |  9.89e-09 |      
      210 |   0.3369 |  5.611040e+04 |   +3.11% |  1.46e-08 |      
      220 |   0.3147 |  5.689952e+04 |   +1.41% |  2.15e-08 |      
      230 |   0.2960 |  5.701912e+04 |   +0.21% |  3.16e-08 |      
      240 |   0.2750 |  5.699952e+04 |   -0.03% |  4.66e-08 |      
      250 |   0.2469 |  5.729758e+04 |   +0.52% |  6.86e-08 |      
      260 |   0.2250 |  5.761626e+04 |   +0.56% |  1.01e-07 |      
      270 |   0.2000 |  5.754680e+04 |   -0.12% |  1.49e-07 |      
      280 |   0.1784 |  5.765203e+04 |   +0.18% |  2.19e-07 |      
      290 |   0.1568 |  5.770364e+04 |   +0.09% |  3.23e-07 |      
      300 |   0.1370 |  5.774747e+04 |   +0.08% |  4.76e-07 |      
      310 |   0.1203 |  5.774770e+04 |   +0.00% |  7.01e-07 |      
      320 |   0.1010 |  5.780731e+04 |   +0.10% |  1.03e-06 |      
      321 |   0.0993 |  5.781004e+04 |          |  1.12e-06 |      
---------------------------------------------------------------
[INFO GPL-1001] Global placement finished at iteration 321
[INFO GPL-1017] Routability mode iteration count: 209
[INFO GPL-1005] Routability final weighted congestion: 0.7789
[INFO GPL-1002] Placed Cell Area             8169.5345
[INFO GPL-1003] Available Free Area         20890.8420
[INFO GPL-1004] Minimum Feasible Density        0.3900 (cell_area / free_area)
[INFO GPL-1006]   Suggested Target Densities:
[INFO GPL-1007]     - For 90% usage of free space: 0.4345
[INFO GPL-1008]     - For 80% usage of free space: 0.4888
[INFO GPL-1009]     - For 50% usage of free space: 0.7821
[INFO GPL-1011] Original area (um^2): 8143.47
[INFO GPL-1012] Total routability artificial inflation: 0.00 (+0.00%)
[INFO GPL-1013] Total timing-driven delta area: 26.07 (+0.32%)
[INFO GPL-1014] Final placement area: 8169.53 (+0.32%)
estimate_parasitics -placement
Report metrics stage 3, global place...

==========================================================================
global place report_design_area
--------------------------------------------------------------------------
Design area 7369 um^2 35% utilization.
write_db /mnt/c/Users/Abhinav/OneDrive/Desktop/PACT/PACT/results/phase2d_independent_gp/orfs/results/nangate45/s15850/phase2d_gp29/3_3_place_gp.odb
Elapsed time: 0:07.99[h:]min:sec. CPU time: user 7.47 sys 1.29 (109%). Peak memory: 297884KB.
Log                       Ext     Elapsed/s Peak Memory/MB sha1sum result [0:20)
3_3_place_gp              .odb            7            290 cafc4f5482b70995fbad
