OpenROAD 26Q2-1164-g08f67ee5ec 
Features included (+) or not (-): +GPU +GUI +Python
This program is licensed under the BSD-3 license. See the LICENSE file for details.
Components of this program may be licensed under more restrictive licenses which must be honored.
[INFO ORD-0030] Using 2 thread(s).
read_liberty /root/pact-deps/OpenROAD-flow-scripts/flow/platforms/nangate45/lib/NangateOpenCellLibrary_typical.lib
read_db /mnt/c/Users/Abhinav/OneDrive/Desktop/PACT/PACT/results/phase2d_independent_gp/orfs/results/nangate45/s15850/phase2d_gp29/3_3_place_gp.odb
read_sdc /mnt/c/Users/Abhinav/OneDrive/Desktop/PACT/PACT/results/phase2d_independent_gp/orfs/results/nangate45/s15850/phase2d_gp29/2_floorplan.sdc
source /root/pact-deps/OpenROAD-flow-scripts/flow/platforms/nangate45/setRC.tcl
estimate_parasitics -placement
Perform buffer insertion and gate resizing...
repair_design -verbose
Iteration |   Area    | Resized | Buffers | Nets repaired | Remaining
---------------------------------------------------------------------
        0 |     +0.0% |       0 |       0 |             0 |      5497
     1000 |     +0.0% |       0 |       0 |             0 |      4497
     2000 |     +0.0% |       0 |       0 |             0 |      3497
     3000 |     +0.0% |       0 |       0 |             0 |      2497
     4000 |     +0.0% |       0 |       0 |             0 |      1497
     5000 |     +0.0% |       0 |       0 |             0 |       497
    final |     +0.0% |       0 |       0 |             0 |         0
---------------------------------------------------------------------
Floating nets: 
Report metrics stage 3, resizer...

==========================================================================
resizer report_design_area
--------------------------------------------------------------------------
Design area 7369 um^2 35% utilization.
Instance count before 5141, after 5141
Pin count before 15661, after 15661
write_db /mnt/c/Users/Abhinav/OneDrive/Desktop/PACT/PACT/results/phase2d_independent_gp/orfs/results/nangate45/s15850/phase2d_gp29/3_4_place_resized.odb
Elapsed time: 0:07.00[h:]min:sec. CPU time: user 4.49 sys 1.22 (81%). Peak memory: 143584KB.
Log                       Ext     Elapsed/s Peak Memory/MB sha1sum result [0:20)
3_4_place_resized         .odb            7            140 cafc4f5482b70995fbad
