OpenROAD 26Q2-1164-g08f67ee5ec 
Features included (+) or not (-): +GPU +GUI +Python
This program is licensed under the BSD-3 license. See the LICENSE file for details.
Components of this program may be licensed under more restrictive licenses which must be honored.
[INFO ORD-0030] Using 4 thread(s).
read_liberty /root/pact-deps/OpenROAD-flow-scripts/flow/platforms/nangate45/lib/NangateOpenCellLibrary_typical.lib
read_db /mnt/c/Users/Abhinav/OneDrive/Desktop/PACT/PACT/results/phase2d_independent_gp/raw/orfs/results/nangate45/s9234f/phase2c_s29_869def6e630b/5_1_grt.odb
read_sdc /mnt/c/Users/Abhinav/OneDrive/Desktop/PACT/PACT/results/phase2d_independent_gp/raw/orfs/results/nangate45/s9234f/phase2c_s29_869def6e630b/5_1_grt.sdc
source /root/pact-deps/OpenROAD-flow-scripts/flow/platforms/nangate45/setRC.tcl
detailed_route -output_drc /mnt/c/Users/Abhinav/OneDrive/Desktop/PACT/PACT/results/phase2d_independent_gp/raw/orfs/reports/nangate45/s9234f/phase2c_s29_869def6e630b/5_route_drc.rpt -output_maze /mnt/c/Users/Abhinav/OneDrive/Desktop/PACT/PACT/results/phase2d_independent_gp/raw/orfs/results/nangate45/s9234f/phase2c_s29_869def6e630b/maze.log -droute_end_iter 64 -verbose 1 -drc_report_iter_step 5
[INFO DRT-0149] Reading tech and libs.

Units:                2000
Number of layers:     21
Number of macros:     135
Number of vias:       33
Number of viarulegen: 19

[INFO DRT-0150] Reading design.

Design:                   s9234f
Die area:                 ( 0 0 ) ( 206880 206880 )
Number of track patterns: 20
Number of DEF vias:       0
Number of components:     2819
Number of terminals:      83
Number of snets:          2
Number of nets:           2688

[INFO DRT-0167] List of default vias:
  Layer via2
    default via: via2_5
  Layer via3
    default via: via3_2
  Layer via4
    default via: via4_0
  Layer via5
    default via: via5_0
  Layer via6
    default via: via6_0
  Layer via7
    default via: via7_0
  Layer via8
    default via: via8_0
  Layer via9
    default via: via9_0
[INFO DRT-0162] Library cell analysis.
[INFO DRT-0163] Instance analysis.
[INFO DRT-0164] Number of unique instances = 48.
[INFO DRT-0168] Init region query.
[INFO DRT-0024]   Complete active.
[INFO DRT-0024]   Complete Fr_VIA.
[INFO DRT-0024]   Complete metal1.
[INFO DRT-0024]   Complete via1.
[INFO DRT-0024]   Complete metal2.
[INFO DRT-0024]   Complete via2.
[INFO DRT-0024]   Complete metal3.
[INFO DRT-0024]   Complete via3.
[INFO DRT-0024]   Complete metal4.
[INFO DRT-0024]   Complete via4.
[INFO DRT-0024]   Complete metal5.
[INFO DRT-0024]   Complete via5.
[INFO DRT-0024]   Complete metal6.
[INFO DRT-0024]   Complete via6.
[INFO DRT-0024]   Complete metal7.
[INFO DRT-0024]   Complete via7.
[INFO DRT-0024]   Complete metal8.
[INFO DRT-0024]   Complete via8.
[INFO DRT-0024]   Complete metal9.
[INFO DRT-0024]   Complete via9.
[INFO DRT-0024]   Complete metal10.
[INFO DRT-0033] active shape region query size = 0.
[INFO DRT-0033] FR_VIA shape region query size = 0.
[INFO DRT-0033] metal1 shape region query size = 42813.
[INFO DRT-0033] via1 shape region query size = 438.
[INFO DRT-0033] metal2 shape region query size = 292.
[INFO DRT-0033] via2 shape region query size = 438.
[INFO DRT-0033] metal3 shape region query size = 292.
[INFO DRT-0033] via3 shape region query size = 438.
[INFO DRT-0033] metal4 shape region query size = 164.
[INFO DRT-0033] via4 shape region query size = 140.
[INFO DRT-0033] metal5 shape region query size = 54.
[INFO DRT-0033] via5 shape region query size = 140.
[INFO DRT-0033] metal6 shape region query size = 83.
[INFO DRT-0033] via6 shape region query size = 56.
[INFO DRT-0033] metal7 shape region query size = 28.
[INFO DRT-0033] via7 shape region query size = 0.
[INFO DRT-0033] metal8 shape region query size = 0.
[INFO DRT-0033] via8 shape region query size = 0.
[INFO DRT-0033] metal9 shape region query size = 0.
[INFO DRT-0033] via9 shape region query size = 0.
[INFO DRT-0033] metal10 shape region query size = 0.
[INFO DRT-0165] Start pin access.
[INFO DRT-0078]   Complete 245 pins.
[INFO DRT-0081]   Complete 48 unique inst patterns.
[INFO DRT-0084]   Complete 1308 groups.
#scanned instances     = 2819
#unique  instances     = 48
#stdCellGenAp          = 1047
#stdCellValidPlanarAp  = 0
#stdCellValidViaAp     = 838
#stdCellPinNoAp        = 0
#stdCellPinCnt         = 8165
#instTermValidViaApCnt = 0
#macroGenAp            = 0
#macroValidPlanarAp    = 0
#macroValidViaAp       = 0
#macroNoAp             = 0
[INFO DRT-0166] Complete pin access.
[INFO DRT-0267] cpu time = 00:00:34, elapsed time = 00:00:08, memory = 265.72 (MB), peak = 265.33 (MB)

[INFO DRT-0157] Number of guides:     17434

[INFO DRT-0169] Post process guides.
[INFO DRT-0176] GCELLGRID X 0 DO 36 STEP 5700 ;
[INFO DRT-0177] GCELLGRID Y 0 DO 36 STEP 5700 ;
[INFO DRT-0028]   Complete active.
[INFO DRT-0028]   Complete Fr_VIA.
[INFO DRT-0028]   Complete metal1.
[INFO DRT-0028]   Complete via1.
[INFO DRT-0028]   Complete metal2.
[INFO DRT-0028]   Complete via2.
[INFO DRT-0028]   Complete metal3.
[INFO DRT-0028]   Complete via3.
[INFO DRT-0028]   Complete metal4.
[INFO DRT-0028]   Complete via4.
[INFO DRT-0028]   Complete metal5.
[INFO DRT-0028]   Complete via5.
[INFO DRT-0028]   Complete metal6.
[INFO DRT-0028]   Complete via6.
[INFO DRT-0028]   Complete metal7.
[INFO DRT-0028]   Complete via7.
[INFO DRT-0028]   Complete metal8.
[INFO DRT-0028]   Complete via8.
[INFO DRT-0028]   Complete metal9.
[INFO DRT-0028]   Complete via9.
[INFO DRT-0028]   Complete metal10.
[INFO DRT-0178] Init guide query.
[INFO DRT-0035]   Complete active (guide).
[INFO DRT-0035]   Complete Fr_VIA (guide).
[INFO DRT-0035]   Complete metal1 (guide).
[INFO DRT-0035]   Complete via1 (guide).
[INFO DRT-0035]   Complete metal2 (guide).
[INFO DRT-0035]   Complete via2 (guide).
[INFO DRT-0035]   Complete metal3 (guide).
[INFO DRT-0035]   Complete via3 (guide).
[INFO DRT-0035]   Complete metal4 (guide).
[INFO DRT-0035]   Complete via4 (guide).
[INFO DRT-0035]   Complete metal5 (guide).
[INFO DRT-0035]   Complete via5 (guide).
[INFO DRT-0035]   Complete metal6 (guide).
[INFO DRT-0035]   Complete via6 (guide).
[INFO DRT-0035]   Complete metal7 (guide).
[INFO DRT-0035]   Complete via7 (guide).
[INFO DRT-0035]   Complete metal8 (guide).
[INFO DRT-0035]   Complete via8 (guide).
[INFO DRT-0035]   Complete metal9 (guide).
[INFO DRT-0035]   Complete via9 (guide).
[INFO DRT-0035]   Complete metal10 (guide).
[INFO DRT-0036] active guide region query size = 0.
[INFO DRT-0036] FR_VIA guide region query size = 0.
[INFO DRT-0036] metal1 guide region query size = 6174.
[INFO DRT-0036] via1 guide region query size = 0.
[INFO DRT-0036] metal2 guide region query size = 4750.
[INFO DRT-0036] via2 guide region query size = 0.
[INFO DRT-0036] metal3 guide region query size = 2548.
[INFO DRT-0036] via3 guide region query size = 0.
[INFO DRT-0036] metal4 guide region query size = 445.
[INFO DRT-0036] via4 guide region query size = 0.
[INFO DRT-0036] metal5 guide region query size = 200.
[INFO DRT-0036] via5 guide region query size = 0.
[INFO DRT-0036] metal6 guide region query size = 77.
[INFO DRT-0036] via6 guide region query size = 0.
[INFO DRT-0036] metal7 guide region query size = 2.
[INFO DRT-0036] via7 guide region query size = 0.
[INFO DRT-0036] metal8 guide region query size = 0.
[INFO DRT-0036] via8 guide region query size = 0.
[INFO DRT-0036] metal9 guide region query size = 0.
[INFO DRT-0036] via9 guide region query size = 0.
[INFO DRT-0036] metal10 guide region query size = 0.
[INFO DRT-0179] Init gr pin query.
[INFO DRT-0267] cpu time = 00:00:00, elapsed time = 00:00:00, memory = 272.40 (MB), peak = 272.20 (MB)
[INFO DRT-0245] skipped writing guide updates to database.
[INFO DRT-0181] Start track assignment.
[INFO DRT-0184] Done with 5272 vertical wires in 1 frboxes and 8924 horizontal wires in 1 frboxes.
[INFO DRT-0186] Done with 1249 vertical wires in 1 frboxes and 1632 horizontal wires in 1 frboxes.
[INFO DRT-0182] Complete track assignment.
[INFO DRT-0267] cpu time = 00:00:01, elapsed time = 00:00:01, memory = 318.56 (MB), peak = 321.88 (MB)
[INFO DRT-0187] Start routing data preparation.
[INFO DRT-0267] cpu time = 00:00:00, elapsed time = 00:00:00, memory = 318.62 (MB), peak = 321.88 (MB)
[INFO DRT-0194] Start detail routing.
[INFO DRT-0195] Start 0th optimization iteration.
    Completing 10% with 0 violations.
    elapsed time = 00:00:01, memory = 355.57 (MB).
    Completing 20% with 0 violations.
    elapsed time = 00:00:03, memory = 356.73 (MB).
    Completing 30% with 64 violations.
    elapsed time = 00:00:03, memory = 392.01 (MB).
    Completing 40% with 64 violations.
    elapsed time = 00:00:05, memory = 413.97 (MB).
    Completing 50% with 64 violations.
    elapsed time = 00:00:06, memory = 363.79 (MB).
    Completing 60% with 126 violations.
    elapsed time = 00:00:08, memory = 417.93 (MB).
    Completing 70% with 126 violations.
    elapsed time = 00:00:10, memory = 428.28 (MB).
    Completing 80% with 196 violations.
    elapsed time = 00:00:13, memory = 476.92 (MB).
    Completing 90% with 196 violations.
    elapsed time = 00:00:13, memory = 477.28 (MB).
    Completing 100% with 249 violations.
    elapsed time = 00:00:15, memory = 428.34 (MB).
[INFO DRT-0199]   Number of violations = 401.
Viol/Layer      metal1 metal2   via2 metal3 metal4 metal5
Cut Spacing          0      0      1      0      0      0
Metal Spacing        0     18      0      3      0      0
Recheck              1     97      0     48      5      1
Short                0    183      1     38      4      1
[INFO DRT-0267] cpu time = 00:00:47, elapsed time = 00:00:16, memory = 946.89 (MB), peak = 946.64 (MB)
Total wire length = 29151 um.
Total wire length on LAYER metal1 = 0 um.
Total wire length on LAYER metal2 = 10842 um.
Total wire length on LAYER metal3 = 11290 um.
Total wire length on LAYER metal4 = 4104 um.
Total wire length on LAYER metal5 = 1830 um.
Total wire length on LAYER metal6 = 1013 um.
Total wire length on LAYER metal7 = 70 um.
Total wire length on LAYER metal8 = 0 um.
Total wire length on LAYER metal9 = 0 um.
Total wire length on LAYER metal10 = 0 um.
Total number of vias = 15876.
Up-via summary (total 15876):

----------------
 active        0
 metal1     8216
 metal2     6721
 metal3      580
 metal4      260
 metal5       95
 metal6        4
 metal7        0
 metal8        0
 metal9        0
----------------
       15876


[INFO DRT-0195] Start 1st optimization iteration.
    Completing 10% with 401 violations.
    elapsed time = 00:00:00, memory = 946.95 (MB).
    Completing 20% with 401 violations.
    elapsed time = 00:00:03, memory = 969.21 (MB).
    Completing 30% with 283 violations.
    elapsed time = 00:00:04, memory = 969.21 (MB).
    Completing 40% with 283 violations.
    elapsed time = 00:00:06, memory = 973.88 (MB).
    Completing 50% with 283 violations.
    elapsed time = 00:00:07, memory = 973.88 (MB).
    Completing 60% with 236 violations.
    elapsed time = 00:00:09, memory = 1002.14 (MB).
    Completing 70% with 236 violations.
    elapsed time = 00:00:10, memory = 1002.14 (MB).
    Completing 80% with 172 violations.
    elapsed time = 00:00:12, memory = 978.75 (MB).
    Completing 90% with 172 violations.
    elapsed time = 00:00:13, memory = 979.46 (MB).
    Completing 100% with 83 violations.
    elapsed time = 00:00:14, memory = 982.12 (MB).
[INFO DRT-0199]   Number of violations = 83.
Viol/Layer      metal2 metal3
Metal Spacing       12      0
Short               66      5
[INFO DRT-0267] cpu time = 00:00:42, elapsed time = 00:00:14, memory = 982.43 (MB), peak = 1001.64 (MB)
Total wire length = 29024 um.
Total wire length on LAYER metal1 = 0 um.
Total wire length on LAYER metal2 = 10763 um.
Total wire length on LAYER metal3 = 11259 um.
Total wire length on LAYER metal4 = 4098 um.
Total wire length on LAYER metal5 = 1811 um.
Total wire length on LAYER metal6 = 1021 um.
Total wire length on LAYER metal7 = 69 um.
Total wire length on LAYER metal8 = 0 um.
Total wire length on LAYER metal9 = 0 um.
Total wire length on LAYER metal10 = 0 um.
Total number of vias = 15771.
Up-via summary (total 15771):

----------------
 active        0
 metal1     8218
 metal2     6624
 metal3      574
 metal4      256
 metal5       95
 metal6        4
 metal7        0
 metal8        0
 metal9        0
----------------
       15771


[INFO DRT-0195] Start 2nd optimization iteration.
    Completing 10% with 83 violations.
    elapsed time = 00:00:00, memory = 982.43 (MB).
    Completing 20% with 83 violations.
    elapsed time = 00:00:02, memory = 1010.85 (MB).
    Completing 30% with 98 violations.
    elapsed time = 00:00:03, memory = 982.43 (MB).
    Completing 40% with 98 violations.
    elapsed time = 00:00:04, memory = 982.43 (MB).
    Completing 50% with 98 violations.
    elapsed time = 00:00:07, memory = 983.28 (MB).
    Completing 60% with 91 violations.
    elapsed time = 00:00:07, memory = 983.28 (MB).
    Completing 70% with 91 violations.
    elapsed time = 00:00:09, memory = 983.48 (MB).
    Completing 80% with 77 violations.
    elapsed time = 00:00:10, memory = 983.48 (MB).
    Completing 90% with 77 violations.
    elapsed time = 00:00:11, memory = 983.48 (MB).
    Completing 100% with 80 violations.
    elapsed time = 00:00:13, memory = 983.48 (MB).
[INFO DRT-0199]   Number of violations = 80.
Viol/Layer      metal2 metal3
Metal Spacing       12      1
Short               62      5
[INFO DRT-0267] cpu time = 00:00:35, elapsed time = 00:00:14, memory = 986.46 (MB), peak = 1010.46 (MB)
Total wire length = 28947 um.
Total wire length on LAYER metal1 = 0 um.
Total wire length on LAYER metal2 = 10750 um.
Total wire length on LAYER metal3 = 11204 um.
Total wire length on LAYER metal4 = 4101 um.
Total wire length on LAYER metal5 = 1802 um.
Total wire length on LAYER metal6 = 1019 um.
Total wire length on LAYER metal7 = 68 um.
Total wire length on LAYER metal8 = 0 um.
Total wire length on LAYER metal9 = 0 um.
Total wire length on LAYER metal10 = 0 um.
Total number of vias = 15690.
Up-via summary (total 15690):

----------------
 active        0
 metal1     8214
 metal2     6556
 metal3      570
 metal4      251
 metal5       95
 metal6        4
 metal7        0
 metal8        0
 metal9        0
----------------
       15690


[INFO DRT-0195] Start 3rd guides tiles iteration.
    Completing 10% with 80 violations.
    elapsed time = 00:00:00, memory = 986.46 (MB).
    Completing 20% with 80 violations.
    elapsed time = 00:00:00, memory = 986.46 (MB).
    Completing 30% with 80 violations.
    elapsed time = 00:00:00, memory = 986.46 (MB).
    Completing 40% with 80 violations.
    elapsed time = 00:00:16, memory = 986.46 (MB).
    Completing 50% with 8 violations.
    elapsed time = 00:00:16, memory = 986.46 (MB).
    Completing 60% with 8 violations.
    elapsed time = 00:00:16, memory = 986.46 (MB).
    Completing 70% with 8 violations.
    elapsed time = 00:00:41, memory = 1027.55 (MB).
    Completing 80% with 1 violations.
    elapsed time = 00:00:41, memory = 1027.55 (MB).
    Completing 90% with 1 violations.
    elapsed time = 00:00:41, memory = 1027.55 (MB).
    Completing 100% with 0 violations.
    elapsed time = 00:00:41, memory = 1027.55 (MB).
[INFO DRT-0199]   Number of violations = 0.
[INFO DRT-0267] cpu time = 00:00:43, elapsed time = 00:00:41, memory = 1004.44 (MB), peak = 1199.44 (MB)
Total wire length = 28919 um.
Total wire length on LAYER metal1 = 0 um.
Total wire length on LAYER metal2 = 10477 um.
Total wire length on LAYER metal3 = 11228 um.
Total wire length on LAYER metal4 = 4376 um.
Total wire length on LAYER metal5 = 1797 um.
Total wire length on LAYER metal6 = 969 um.
Total wire length on LAYER metal7 = 68 um.
Total wire length on LAYER metal8 = 0 um.
Total wire length on LAYER metal9 = 0 um.
Total wire length on LAYER metal10 = 0 um.
Total number of vias = 15745.
Up-via summary (total 15745):

----------------
 active        0
 metal1     8214
 metal2     6578
 metal3      607
 metal4      249
 metal5       93
 metal6        4
 metal7        0
 metal8        0
 metal9        0
----------------
       15745


[INFO DRT-0198] Complete detail routing.
Total wire length = 28919 um.
Total wire length on LAYER metal1 = 0 um.
Total wire length on LAYER metal2 = 10477 um.
Total wire length on LAYER metal3 = 11228 um.
Total wire length on LAYER metal4 = 4376 um.
Total wire length on LAYER metal5 = 1797 um.
Total wire length on LAYER metal6 = 969 um.
Total wire length on LAYER metal7 = 68 um.
Total wire length on LAYER metal8 = 0 um.
Total wire length on LAYER metal9 = 0 um.
Total wire length on LAYER metal10 = 0 um.
Total number of vias = 15745.
Up-via summary (total 15745):

----------------
 active        0
 metal1     8214
 metal2     6578
 metal3      607
 metal4      249
 metal5       93
 metal6        4
 metal7        0
 metal8        0
 metal9        0
----------------
       15745


[INFO DRT-0267] cpu time = 00:02:49, elapsed time = 00:01:27, memory = 1004.50 (MB), peak = 1199.44 (MB)

[INFO DRT-0180] Post processing.
Took 97 seconds: detailed_route -output_drc /mnt/c/Users/Abhinav/OneDrive/Desktop/PACT/PACT/results/phase2d_independent_gp/raw/orfs/reports/nangate45/s9234f/phase2c_s29_869def6e630b/5_route_drc.rpt -output_maze /mnt/c/Users/Abhinav/OneDrive/Desktop/PACT/PACT/results/phase2d_independent_gp/raw/orfs/results/nangate45/s9234f/phase2c_s29_869def6e630b/maze.log -droute_end_iter 64 -verbose 1 -drc_report_iter_step 5
[WARNING GRT-0246] No diode with LEF class CORE ANTENNACELL found.
[INFO ANT-0002] Found 0 net violations.
[INFO ANT-0001] Found 0 pin violations.
[INFO ANT-0002] Found 0 net violations.
[INFO ANT-0001] Found 0 pin violations.
Design area 3655 um^2 36% utilization.
write_db /mnt/c/Users/Abhinav/OneDrive/Desktop/PACT/PACT/results/phase2d_independent_gp/raw/orfs/results/nangate45/s9234f/phase2c_s29_869def6e630b/5_2_route.odb
Elapsed time: 1:41.97[h:]min:sec. CPU time: user 206.99 sys 2.57 (205%). Peak memory: 1228228KB.
Log                       Ext     Elapsed/s Peak Memory/MB sha1sum result [0:20)
5_2_route                 .odb          101           1199 4ac9693ab1d544795263
