OpenROAD 26Q2-1164-g08f67ee5ec 
Features included (+) or not (-): +GPU +GUI +Python
This program is licensed under the BSD-3 license. See the LICENSE file for details.
Components of this program may be licensed under more restrictive licenses which must be honored.
[INFO ORD-0030] Using 4 thread(s).
mkdir -p ./objects/nangate45/s15850/phase0c_f3e7b516a_s13_k1_B1_a6eb144c_7f655d61
/root/pact-deps/OpenROAD-flow-scripts/flow/scripts/flow.sh 4_1_cts cts
Running cts.tcl, stage 4_1_cts
read_liberty /root/pact-deps/OpenROAD-flow-scripts/flow/platforms/nangate45/lib/NangateOpenCellLibrary_typical.lib
read_db ./results/nangate45/s15850/phase0c_f3e7b516a_s13_k1_B1_a6eb144c_7f655d61/3_place.odb
read_sdc ./results/nangate45/s15850/phase0c_f3e7b516a_s13_k1_B1_a6eb144c_7f655d61/3_place.sdc
source /root/pact-deps/OpenROAD-flow-scripts/flow/platforms/nangate45/setRC.tcl
clock_tree_synthesis -sink_clustering_enable -repair_clock_nets
[INFO CTS-0050] Root buffer is CLKBUF_X3.
[INFO CTS-0051] Sink buffer is CLKBUF_X3.
[INFO CTS-0052] The following clock buffers will be used for CTS:
                    CLKBUF_X3
[INFO CTS-0049] Characterization buffer is CLKBUF_X3.
[INFO CTS-0007] Net "CK" found for clock "clk".
[INFO CTS-0010]  Clock net "CK" has 534 sinks.
[INFO CTS-0008] TritonCTS found 1 clock nets.
[INFO CTS-0097] Characterization used 1 buffer(s) types.
[INFO CTS-0201] 0 blockages from hard placement blockages and placed macros will be used.
[INFO CTS-0027] Generating H-Tree topology for net CK.
[INFO CTS-0028]  Total number of sinks: 534.
[INFO CTS-0090]  Sinks will be clustered based on buffer max cap.
[INFO CTS-0030]  Number of static layers: 0.
[INFO CTS-0020]  Wire segment unit: 14000  dbu (7 um).
[INFO CTS-0206] Best clustering solution was found from max clustering size of 8 and max clustering diameter of 43.
[INFO CTS-0019]  Total number of sinks after clustering: 84.
[INFO CTS-0024]  Normalized sink region: [(2.7515, 2.01837), (19.9908, 19.3694)].
[INFO CTS-0025]     Width:  17.2393.
[INFO CTS-0026]     Height: 17.3510.
 Level 1
    Direction: Vertical
    Sinks per sub-region: 42
    Sub-region size: 17.2393 X 8.6755
[INFO CTS-0034]     Segment length (rounded): 4.
 Level 2
    Direction: Horizontal
    Sinks per sub-region: 21
    Sub-region size: 8.6197 X 8.6755
[INFO CTS-0034]     Segment length (rounded): 4.
 Level 3
    Direction: Vertical
    Sinks per sub-region: 11
    Sub-region size: 8.6197 X 4.3378
[INFO CTS-0034]     Segment length (rounded): 2.
[INFO CTS-0032]  Stop criterion found. Max number of sinks is 15.
[INFO CTS-0035]  Number of sinks covered: 84.
[INFO CTS-0018]     Created 93 clock buffers.
[INFO CTS-0012]     Minimum number of buffers in the clock path: 3.
[INFO CTS-0013]     Maximum number of buffers in the clock path: 3.
[INFO CTS-0015]     Created 93 clock nets.
[INFO CTS-0016]     Fanout distribution for the current clock = 4:5, 5:9, 6:27, 7:37, 8:7, 10:2, 11:4, 12:1..
[INFO CTS-0017]     Max level of the clock tree: 3.
[INFO CTS-0098] Clock net "CK"
[INFO CTS-0099]  Sinks 603
[INFO CTS-0100]  Leaf buffers 84
[INFO CTS-0101]  Average sink wire length 209.22 um
[INFO CTS-0102]  Path depth 2 - 3
[INFO CTS-0207]  Dummy loads inserted 69
estimate_parasitics -placement
detailed_placement
[INFO DPL-0006] Core area: 20959.47 um^2, Instances area: 7544.56 um^2, Utilization: 36.0%
[INFO DPL-0005] Diamond search max displacement: +/- 500 sites horizontally, +/- 100 rows vertically.
[INFO DPL-1101] Legalizing using diamond search.
Movements Summary
---------------------------------------
Total cells:                    5040
Diamond Move Success:           5040 (100.00%)
Diamond Move Failure:              0
Rip-up and replace Success:        0 (  0.00% of diamond failures)
Rip-up and replace Failure:        0
Total Placement Failures:          0
---------------------------------------
Placement Analysis
---------------------------------
total displacement        237.3 u
average displacement        0.0 u
max displacement            3.6 u
original HPWL           70508.0 u
legalized HPWL          70534.4 u
delta HPWL                    0 %

estimate_parasitics -placement
repair_timing -setup_margin 0 -hold_margin 0 -repair_tns 100 -verbose
[INFO RSZ-0100] Repair move sequence: UnbufferMove SizeUpMove SwapPinsMove BufferMove CloneMove SplitLoadMove 
[INFO RSZ-0098] No setup violations found
[INFO RSZ-0046] Found 88 endpoints with hold violations.
Iteration | Resized | Buffers | Cloned Gates |   Area   |   WNS   |   TNS   | Endpoint
--------------------------------------------------------------------------------------
        0 |       0 |       0 |            0 |    +0.0% |  -0.130 |  -4.902 | U_g1882/SI
       10 |       0 |      22 |            0 |    +0.2% |  -0.113 |  -3.915 | U_g586/D
       20 |       0 |      42 |            0 |    +0.4% |  -0.077 |  -2.863 | U_g1711/D
       30 |       0 |      73 |            0 |    +0.8% |  -0.075 |  -2.185 | U_g1882/SI
       40 |       1 |      87 |            0 |    +0.9% |  -0.075 |  -0.120 | U_g1882/SI
       50 |       1 |      87 |            0 |    +0.9% |  -0.075 |  -0.120 | U_g1882/SI
       60 |       1 |      87 |            0 |    +0.9% |  -0.075 |  -0.120 | U_g1882/SI
       70 |       1 |      87 |            0 |    +0.9% |  -0.075 |  -0.120 | U_g1882/SI
       80 |       1 |      89 |            0 |    +0.9% |  -0.075 |  -0.075 | U_g1882/SI
    final |       1 |      92 |            0 |    +1.0% |   0.000 |   0.000 | U_g26/D
--------------------------------------------------------------------------------------
[INFO RSZ-0032] Inserted 92 hold buffers.
detailed_placement
[INFO DPL-0006] Core area: 20959.47 um^2, Instances area: 7618.51 um^2, Utilization: 36.3%
[INFO DPL-0005] Diamond search max displacement: +/- 500 sites horizontally, +/- 100 rows vertically.
[INFO DPL-1101] Legalizing using diamond search.
Movements Summary
---------------------------------------
Total cells:                    5132
Diamond Move Success:           5132 (100.00%)
Diamond Move Failure:              0
Rip-up and replace Success:        0 (  0.00% of diamond failures)
Rip-up and replace Failure:        0
Total Placement Failures:          0
---------------------------------------
Placement Analysis
---------------------------------
total displacement         84.6 u
average displacement        0.0 u
max displacement            2.6 u
original HPWL           70766.4 u
legalized HPWL          70799.0 u
delta HPWL                    0 %

estimate_parasitics -placement
Report metrics stage 4, cts final...

==========================================================================
cts final report_design_area
--------------------------------------------------------------------------
Design area 7619 um^2 36% utilization.
write_db ./results/nangate45/s15850/phase0c_f3e7b516a_s13_k1_B1_a6eb144c_7f655d61/4_1_cts.odb
write_sdc -no_timestamp ./results/nangate45/s15850/phase0c_f3e7b516a_s13_k1_B1_a6eb144c_7f655d61/4_cts.sdc
Log                       Ext     Elapsed/s Peak Memory/MB sha1sum result [0:20)
4_1_cts                   .odb            7            169 bedc8e8d951ff1708632
cp ./results/nangate45/s15850/phase0c_f3e7b516a_s13_k1_B1_a6eb144c_7f655d61/4_1_cts.odb ./results/nangate45/s15850/phase0c_f3e7b516a_s13_k1_B1_a6eb144c_7f655d61/4_cts.odb
/root/pact-deps/OpenROAD-flow-scripts/flow/scripts/flow.sh 5_1_grt global_route
Running global_route.tcl, stage 5_1_grt
read_liberty /root/pact-deps/OpenROAD-flow-scripts/flow/platforms/nangate45/lib/NangateOpenCellLibrary_typical.lib
read_db ./results/nangate45/s15850/phase0c_f3e7b516a_s13_k1_B1_a6eb144c_7f655d61/4_cts.odb
read_sdc ./results/nangate45/s15850/phase0c_f3e7b516a_s13_k1_B1_a6eb144c_7f655d61/4_cts.sdc
source /root/pact-deps/OpenROAD-flow-scripts/flow/platforms/nangate45/setRC.tcl
pin_access
[INFO DRT-0149] Reading tech and libs.

Units:                2000
Number of layers:     21
Number of macros:     135
Number of vias:       33
Number of viarulegen: 19

[INFO DRT-0150] Reading design.

Design:                   s15850
Die area:                 ( 0 0 ) ( 295060 295060 )
Number of track patterns: 20
Number of DEF vias:       0
Number of components:     5390
Number of terminals:      233
Number of snets:          2
Number of nets:           5143

[INFO DRT-0167] List of default vias:
  Layer via2
    default via: via2_5
  Layer via3
    default via: via3_2
  Layer via4
    default via: via4_0
  Layer via5
    default via: via5_0
  Layer via6
    default via: via6_0
  Layer via7
    default via: via7_0
  Layer via8
    default via: via8_0
  Layer via9
    default via: via9_0
[INFO DRT-0162] Library cell analysis.
[INFO DRT-0163] Instance analysis.
[INFO DRT-0164] Number of unique instances = 57.
[INFO DRT-0168] Init region query.
[INFO DRT-0024]   Complete active.
[INFO DRT-0024]   Complete Fr_VIA.
[INFO DRT-0024]   Complete metal1.
[INFO DRT-0024]   Complete via1.
[INFO DRT-0024]   Complete metal2.
[INFO DRT-0024]   Complete via2.
[INFO DRT-0024]   Complete metal3.
[INFO DRT-0024]   Complete via3.
[INFO DRT-0024]   Complete metal4.
[INFO DRT-0024]   Complete via4.
[INFO DRT-0024]   Complete metal5.
[INFO DRT-0024]   Complete via5.
[INFO DRT-0024]   Complete metal6.
[INFO DRT-0024]   Complete via6.
[INFO DRT-0024]   Complete metal7.
[INFO DRT-0024]   Complete via7.
[INFO DRT-0024]   Complete metal8.
[INFO DRT-0024]   Complete via8.
[INFO DRT-0024]   Complete metal9.
[INFO DRT-0024]   Complete via9.
[INFO DRT-0024]   Complete metal10.
[INFO DRT-0033] active shape region query size = 0.
[INFO DRT-0033] FR_VIA shape region query size = 0.
[INFO DRT-0033] metal1 shape region query size = 88235.
[INFO DRT-0033] via1 shape region query size = 936.
[INFO DRT-0033] metal2 shape region query size = 624.
[INFO DRT-0033] via2 shape region query size = 936.
[INFO DRT-0033] metal3 shape region query size = 624.
[INFO DRT-0033] via3 shape region query size = 936.
[INFO DRT-0033] metal4 shape region query size = 348.
[INFO DRT-0033] via4 shape region query size = 300.
[INFO DRT-0033] metal5 shape region query size = 134.
[INFO DRT-0033] via5 shape region query size = 300.
[INFO DRT-0033] metal6 shape region query size = 217.
[INFO DRT-0033] via6 shape region query size = 120.
[INFO DRT-0033] metal7 shape region query size = 50.
[INFO DRT-0033] via7 shape region query size = 0.
[INFO DRT-0033] metal8 shape region query size = 0.
[INFO DRT-0033] via8 shape region query size = 0.
[INFO DRT-0033] metal9 shape region query size = 0.
[INFO DRT-0033] via9 shape region query size = 0.
[INFO DRT-0033] metal10 shape region query size = 0.
[INFO DRT-0165] Start pin access.
[INFO DRT-0078]   Complete 292 pins.
[INFO DRT-0081]   Complete 57 unique inst patterns.
[INFO DRT-0084]   Complete 3147 groups.
#scanned instances     = 5390
#unique  instances     = 57
#stdCellGenAp          = 1307
#stdCellValidPlanarAp  = 0
#stdCellValidViaAp     = 1013
#stdCellPinNoAp        = 0
#stdCellPinCnt         = 15556
#instTermValidViaApCnt = 0
#macroGenAp            = 0
#macroValidPlanarAp    = 0
#macroValidViaAp       = 0
#macroNoAp             = 0
[INFO DRT-0166] Complete pin access.
[INFO DRT-0267] cpu time = 00:00:51, elapsed time = 00:00:13, memory = 127.86 (MB), peak = 127.64 (MB)
Took 14 seconds: pin_access
set_global_routing_random -seed 13
global_route -congestion_report_file ./reports/nangate45/s15850/phase0c_f3e7b516a_s13_k1_B1_a6eb144c_7f655d61/congestion.rpt -congestion_iterations 30 -congestion_report_iter_step 5 -verbose
[INFO GRT-0020] Min routing layer: metal2
[INFO GRT-0021] Max routing layer: metal10
[INFO GRT-0022] Global adjustment: 0%
[INFO GRT-0023] Grid origin: (0, 0)
[INFO GRT-0088] Layer metal1  Track-Pitch = 0.1400  line-2-Via Pitch: 0.1350
[INFO GRT-0088] Layer metal2  Track-Pitch = 0.1900  line-2-Via Pitch: 0.1400
[INFO GRT-0088] Layer metal3  Track-Pitch = 0.1400  line-2-Via Pitch: 0.1400
[INFO GRT-0088] Layer metal4  Track-Pitch = 0.2800  line-2-Via Pitch: 0.2800
[INFO GRT-0088] Layer metal5  Track-Pitch = 0.2800  line-2-Via Pitch: 0.2800
[INFO GRT-0088] Layer metal6  Track-Pitch = 0.2800  line-2-Via Pitch: 0.2800
[INFO GRT-0088] Layer metal7  Track-Pitch = 0.8000  line-2-Via Pitch: 0.8000
[INFO GRT-0088] Layer metal8  Track-Pitch = 0.8000  line-2-Via Pitch: 0.8000
[INFO GRT-0088] Layer metal9  Track-Pitch = 1.6000  line-2-Via Pitch: 1.6000
[INFO GRT-0088] Layer metal10 Track-Pitch = 1.6000  line-2-Via Pitch: 1.6000
[INFO GRT-0003] Macros: 0
[INFO GRT-0004] Blockages: 0
[INFO GRT-0019] Found 94 clock nets.
[INFO GRT-0001] Minimum degree: 2
[INFO GRT-0002] Maximum degree: 59

[INFO GRT-0053] Routing resources analysis:
          Routing      Original      Derated      Resource
Layer     Direction    Resources     Resources    Reduction (%)
---------------------------------------------------------------
metal1     Horizontal          0             0          0.00%
metal2     Vertical        37850         17800          52.97%
metal3     Horizontal      52431         25727          50.93%
metal4     Vertical        25700         18200          29.18%
metal5     Horizontal      26215         18494          29.45%
metal6     Vertical        26282         18557          29.39%
metal7     Horizontal       8100          5750          29.01%
metal8     Vertical         9200          6600          28.26%
metal9     Horizontal       4550          2550          43.96%
metal10    Vertical         4550          2550          43.96%
---------------------------------------------------------------

[INFO GRT-0197] Via related to pin nodes: 29675
[INFO GRT-0198] Via related Steiner nodes: 738
[INFO GRT-0199] Via filling finished.
[INFO GRT-0111] Final number of vias: 38901
[INFO GRT-0112] Final usage 3D: 144188

[INFO GRT-0096] Final congestion report:
Layer         Resource        Demand        Usage (%)    Max H / Max V / Total Overflow
---------------------------------------------------------------------------------------
metal1               0             0            0.00%             0 /  0 /  0
metal2           17800          9700           54.49%             0 /  0 /  0
metal3           25727         11159           43.37%             0 /  0 /  0
metal4           18200          3873           21.28%             0 /  0 /  0
metal5           18494          1878           10.15%             0 /  0 /  0
metal6           18557           791            4.26%             0 /  0 /  0
metal7            5750            43            0.75%             0 /  0 /  0
metal8            6600            19            0.29%             0 /  0 /  0
metal9            2550            22            0.86%             0 /  0 /  0
metal10           2550             0            0.00%             0 /  0 /  0
---------------------------------------------------------------------------------------
Total           116228         27485           23.65%             0 /  0 /  0

[INFO GRT-0018] Total wirelength: 116895 um
[INFO GRT-0014] Routed nets: 5143
[INFO GRT-0303] Global routing runtime = 00:00:00
estimate_parasitics -global_routing
Perform buffer insertion and gate resizing...
repair_design -verbose
Iteration |   Area    | Resized | Buffers | Nets repaired | Remaining
---------------------------------------------------------------------
        0 |     +0.0% |       0 |       0 |             0 |      5746
     1000 |     +0.0% |       0 |       0 |             0 |      4746
     2000 |     +0.0% |       0 |       0 |             0 |      3746
     3000 |     +0.0% |       0 |       0 |             0 |      2746
     4000 |     +0.0% |       0 |       0 |             0 |      1746
     5000 |     +0.0% |       0 |       0 |             0 |       746
    final |     +0.0% |       0 |       0 |             0 |         0
---------------------------------------------------------------------
global_route -start_incremental
detailed_placement
[INFO DPL-0006] Core area: 20959.47 um^2, Instances area: 7618.51 um^2, Utilization: 36.3%
[INFO DPL-0005] Diamond search max displacement: +/- 500 sites horizontally, +/- 100 rows vertically.
[INFO DPL-1101] Legalizing using diamond search.
Movements Summary
---------------------------------------
Total cells:                    5132
Diamond Move Success:           5132 (100.00%)
Diamond Move Failure:              0
Rip-up and replace Success:        0 (  0.00% of diamond failures)
Rip-up and replace Failure:        0
Total Placement Failures:          0
---------------------------------------
Placement Analysis
---------------------------------
total displacement          0.0 u
average displacement        0.0 u
max displacement            0.0 u
original HPWL           70799.0 u
legalized HPWL          70799.0 u
delta HPWL                    0 %

global_route -end_incremental -congestion_report_file ./reports/nangate45/s15850/phase0c_f3e7b516a_s13_k1_B1_a6eb144c_7f655d61/congestion_post_repair_design.rpt
Repair setup and hold violations...
estimate_parasitics -global_routing
repair_timing -setup_margin 0 -hold_margin 0 -repair_tns 100 -verbose
[INFO RSZ-0100] Repair move sequence: UnbufferMove SizeUpMove SwapPinsMove BufferMove CloneMove SplitLoadMove 
[INFO RSZ-0098] No setup violations found
[INFO RSZ-0046] Found 1 endpoints with hold violations.
Iteration | Resized | Buffers | Cloned Gates |   Area   |   WNS   |   TNS   | Endpoint
--------------------------------------------------------------------------------------
        0 |       0 |       0 |            0 |    +0.0% |  -0.001 |  -0.001 | U_g26/D
    final |       0 |       1 |            0 |    +0.0% |   0.001 |   0.000 | U_g1703/D
--------------------------------------------------------------------------------------
[INFO RSZ-0032] Inserted 1 hold buffers.
global_route -start_incremental
detailed_placement
[INFO DPL-0006] Core area: 20959.47 um^2, Instances area: 7619.30 um^2, Utilization: 36.4%
[INFO DPL-0005] Diamond search max displacement: +/- 500 sites horizontally, +/- 100 rows vertically.
[INFO DPL-1101] Legalizing using diamond search.
Movements Summary
---------------------------------------
Total cells:                    5133
Diamond Move Success:           5133 (100.00%)
Diamond Move Failure:              0
Rip-up and replace Success:        0 (  0.00% of diamond failures)
Rip-up and replace Failure:        0
Total Placement Failures:          0
---------------------------------------
Placement Analysis
---------------------------------
total displacement          2.7 u
average displacement        0.0 u
max displacement            1.6 u
original HPWL           70799.3 u
legalized HPWL          70801.9 u
delta HPWL                    0 %

check_placement -verbose
global_route -end_incremental -congestion_report_file ./reports/nangate45/s15850/phase0c_f3e7b516a_s13_k1_B1_a6eb144c_7f655d61/congestion_post_repair_timing.rpt
estimate_parasitics -global_routing
global_route -start_incremental
global_route -end_incremental -congestion_report_file ./reports/nangate45/s15850/phase0c_f3e7b516a_s13_k1_B1_a6eb144c_7f655d61/congestion_post_recover_power.rpt
Repair antennas...
[WARNING GRT-0246] No diode with LEF class CORE ANTENNACELL found.
[INFO ANT-0002] Found 0 net violations.
[INFO ANT-0001] Found 0 pin violations.
Estimate parasitics...
estimate_parasitics -global_routing
Report metrics stage 5, global route...

==========================================================================
global route report_design_area
--------------------------------------------------------------------------
Design area 7619 um^2 36% utilization.
[INFO FLW-0007] clock clk period 10.000000
[INFO FLW-0008] Clock clk period 1.810
[INFO FLW-0009] Clock clk slack 8.095
write_sdc -no_timestamp ./results/nangate45/s15850/phase0c_f3e7b516a_s13_k1_B1_a6eb144c_7f655d61/updated_clks.sdc
[INFO FLW-0011] Path endpoint path count 2356
write_db ./results/nangate45/s15850/phase0c_f3e7b516a_s13_k1_B1_a6eb144c_7f655d61/5_1_grt.odb
write_sdc -no_timestamp ./results/nangate45/s15850/phase0c_f3e7b516a_s13_k1_B1_a6eb144c_7f655d61/5_1_grt.sdc
Log                       Ext     Elapsed/s Peak Memory/MB sha1sum result [0:20)
5_1_grt                   .odb           22            341 2cf93db68192b3c6c463
5_1_grt                   .sdc                             36c09dc3d049996e100f
/root/pact-deps/OpenROAD-flow-scripts/flow/scripts/flow.sh 5_2_route detail_route
Running detail_route.tcl, stage 5_2_route
read_liberty /root/pact-deps/OpenROAD-flow-scripts/flow/platforms/nangate45/lib/NangateOpenCellLibrary_typical.lib
read_db ./results/nangate45/s15850/phase0c_f3e7b516a_s13_k1_B1_a6eb144c_7f655d61/5_1_grt.odb
read_sdc ./results/nangate45/s15850/phase0c_f3e7b516a_s13_k1_B1_a6eb144c_7f655d61/5_1_grt.sdc
source /root/pact-deps/OpenROAD-flow-scripts/flow/platforms/nangate45/setRC.tcl
detailed_route -output_drc ./reports/nangate45/s15850/phase0c_f3e7b516a_s13_k1_B1_a6eb144c_7f655d61/5_route_drc.rpt -output_maze ./results/nangate45/s15850/phase0c_f3e7b516a_s13_k1_B1_a6eb144c_7f655d61/maze.log -droute_end_iter 64 -verbose 1 -drc_report_iter_step 5
[INFO DRT-0149] Reading tech and libs.

Units:                2000
Number of layers:     21
Number of macros:     135
Number of vias:       33
Number of viarulegen: 19

[INFO DRT-0150] Reading design.

Design:                   s15850
Die area:                 ( 0 0 ) ( 295060 295060 )
Number of track patterns: 20
Number of DEF vias:       0
Number of components:     5391
Number of terminals:      233
Number of snets:          2
Number of nets:           5144

[INFO DRT-0167] List of default vias:
  Layer via2
    default via: via2_5
  Layer via3
    default via: via3_2
  Layer via4
    default via: via4_0
  Layer via5
    default via: via5_0
  Layer via6
    default via: via6_0
  Layer via7
    default via: via7_0
  Layer via8
    default via: via8_0
  Layer via9
    default via: via9_0
[INFO DRT-0162] Library cell analysis.
[INFO DRT-0163] Instance analysis.
[INFO DRT-0164] Number of unique instances = 57.
[INFO DRT-0168] Init region query.
[INFO DRT-0024]   Complete active.
[INFO DRT-0024]   Complete Fr_VIA.
[INFO DRT-0024]   Complete metal1.
[INFO DRT-0024]   Complete via1.
[INFO DRT-0024]   Complete metal2.
[INFO DRT-0024]   Complete via2.
[INFO DRT-0024]   Complete metal3.
[INFO DRT-0024]   Complete via3.
[INFO DRT-0024]   Complete metal4.
[INFO DRT-0024]   Complete via4.
[INFO DRT-0024]   Complete metal5.
[INFO DRT-0024]   Complete via5.
[INFO DRT-0024]   Complete metal6.
[INFO DRT-0024]   Complete via6.
[INFO DRT-0024]   Complete metal7.
[INFO DRT-0024]   Complete via7.
[INFO DRT-0024]   Complete metal8.
[INFO DRT-0024]   Complete via8.
[INFO DRT-0024]   Complete metal9.
[INFO DRT-0024]   Complete via9.
[INFO DRT-0024]   Complete metal10.
[INFO DRT-0033] active shape region query size = 0.
[INFO DRT-0033] FR_VIA shape region query size = 0.
[INFO DRT-0033] metal1 shape region query size = 88246.
[INFO DRT-0033] via1 shape region query size = 936.
[INFO DRT-0033] metal2 shape region query size = 624.
[INFO DRT-0033] via2 shape region query size = 936.
[INFO DRT-0033] metal3 shape region query size = 624.
[INFO DRT-0033] via3 shape region query size = 936.
[INFO DRT-0033] metal4 shape region query size = 348.
[INFO DRT-0033] via4 shape region query size = 300.
[INFO DRT-0033] metal5 shape region query size = 134.
[INFO DRT-0033] via5 shape region query size = 300.
[INFO DRT-0033] metal6 shape region query size = 217.
[INFO DRT-0033] via6 shape region query size = 120.
[INFO DRT-0033] metal7 shape region query size = 50.
[INFO DRT-0033] via7 shape region query size = 0.
[INFO DRT-0033] metal8 shape region query size = 0.
[INFO DRT-0033] via8 shape region query size = 0.
[INFO DRT-0033] metal9 shape region query size = 0.
[INFO DRT-0033] via9 shape region query size = 0.
[INFO DRT-0033] metal10 shape region query size = 0.
[INFO DRT-0165] Start pin access.
[INFO DRT-0078]   Complete 292 pins.
[INFO DRT-0081]   Complete 57 unique inst patterns.
[INFO DRT-0084]   Complete 3147 groups.
#scanned instances     = 5391
#unique  instances     = 57
#stdCellGenAp          = 1307
#stdCellValidPlanarAp  = 0
#stdCellValidViaAp     = 1013
#stdCellPinNoAp        = 0
#stdCellPinCnt         = 15558
#instTermValidViaApCnt = 0
#macroGenAp            = 0
#macroValidPlanarAp    = 0
#macroValidViaAp       = 0
#macroNoAp             = 0
[INFO DRT-0166] Complete pin access.
[INFO DRT-0267] cpu time = 00:00:51, elapsed time = 00:00:11, memory = 283.46 (MB), peak = 283.15 (MB)

[INFO DRT-0157] Number of guides:     43167

[INFO DRT-0169] Post process guides.
[INFO DRT-0176] GCELLGRID X 0 DO 51 STEP 5700 ;
[INFO DRT-0177] GCELLGRID Y 0 DO 51 STEP 5700 ;
[INFO DRT-0028]   Complete active.
[INFO DRT-0028]   Complete Fr_VIA.
[INFO DRT-0028]   Complete metal1.
[INFO DRT-0028]   Complete via1.
[INFO DRT-0028]   Complete metal2.
[INFO DRT-0028]   Complete via2.
[INFO DRT-0028]   Complete metal3.
[INFO DRT-0028]   Complete via3.
[INFO DRT-0028]   Complete metal4.
[INFO DRT-0028]   Complete via4.
[INFO DRT-0028]   Complete metal5.
[INFO DRT-0028]   Complete via5.
[INFO DRT-0028]   Complete metal6.
[INFO DRT-0028]   Complete via6.
[INFO DRT-0028]   Complete metal7.
[INFO DRT-0028]   Complete via7.
[INFO DRT-0028]   Complete metal8.
[INFO DRT-0028]   Complete via8.
[INFO DRT-0028]   Complete metal9.
[INFO DRT-0028]   Complete via9.
[INFO DRT-0028]   Complete metal10.
[INFO DRT-0178] Init guide query.
[INFO DRT-0035]   Complete active (guide).
[INFO DRT-0035]   Complete Fr_VIA (guide).
[INFO DRT-0035]   Complete metal1 (guide).
[INFO DRT-0035]   Complete via1 (guide).
[INFO DRT-0035]   Complete metal2 (guide).
[INFO DRT-0035]   Complete via2 (guide).
[INFO DRT-0035]   Complete metal3 (guide).
[INFO DRT-0035]   Complete via3 (guide).
[INFO DRT-0035]   Complete metal4 (guide).
[INFO DRT-0035]   Complete via4 (guide).
[INFO DRT-0035]   Complete metal5 (guide).
[INFO DRT-0035]   Complete via5 (guide).
[INFO DRT-0035]   Complete metal6 (guide).
[INFO DRT-0035]   Complete via6 (guide).
[INFO DRT-0035]   Complete metal7 (guide).
[INFO DRT-0035]   Complete via7 (guide).
[INFO DRT-0035]   Complete metal8 (guide).
[INFO DRT-0035]   Complete via8 (guide).
[INFO DRT-0035]   Complete metal9 (guide).
[INFO DRT-0035]   Complete via9 (guide).
[INFO DRT-0035]   Complete metal10 (guide).
[INFO DRT-0036] active guide region query size = 0.
[INFO DRT-0036] FR_VIA guide region query size = 0.
[INFO DRT-0036] metal1 guide region query size = 13819.
[INFO DRT-0036] via1 guide region query size = 0.
[INFO DRT-0036] metal2 guide region query size = 12666.
[INFO DRT-0036] via2 guide region query size = 0.
[INFO DRT-0036] metal3 guide region query size = 7215.
[INFO DRT-0036] via3 guide region query size = 0.
[INFO DRT-0036] metal4 guide region query size = 1311.
[INFO DRT-0036] via4 guide region query size = 0.
[INFO DRT-0036] metal5 guide region query size = 582.
[INFO DRT-0036] via5 guide region query size = 0.
[INFO DRT-0036] metal6 guide region query size = 225.
[INFO DRT-0036] via6 guide region query size = 0.
[INFO DRT-0036] metal7 guide region query size = 6.
[INFO DRT-0036] via7 guide region query size = 0.
[INFO DRT-0036] metal8 guide region query size = 2.
[INFO DRT-0036] via8 guide region query size = 0.
[INFO DRT-0036] metal9 guide region query size = 1.
[INFO DRT-0036] via9 guide region query size = 0.
[INFO DRT-0036] metal10 guide region query size = 0.
[INFO DRT-0179] Init gr pin query.
[INFO DRT-0267] cpu time = 00:00:00, elapsed time = 00:00:00, memory = 299.35 (MB), peak = 298.90 (MB)
[INFO DRT-0245] skipped writing guide updates to database.
[INFO DRT-0181] Start track assignment.
[INFO DRT-0184] Done with 14204 vertical wires in 2 frboxes and 21623 horizontal wires in 2 frboxes.
[INFO DRT-0186] Done with 3904 vertical wires in 2 frboxes and 4859 horizontal wires in 2 frboxes.
[INFO DRT-0182] Complete track assignment.
[INFO DRT-0267] cpu time = 00:00:03, elapsed time = 00:00:03, memory = 409.43 (MB), peak = 408.91 (MB)
[INFO DRT-0187] Start routing data preparation.
[INFO DRT-0267] cpu time = 00:00:00, elapsed time = 00:00:00, memory = 409.49 (MB), peak = 409.10 (MB)
[INFO DRT-0194] Start detail routing.
[INFO DRT-0195] Start 0th optimization iteration.
    Completing 10% with 0 violations.
    elapsed time = 00:00:02, memory = 462.01 (MB).
    Completing 20% with 0 violations.
    elapsed time = 00:00:04, memory = 480.39 (MB).
    Completing 30% with 140 violations.
    elapsed time = 00:00:06, memory = 530.75 (MB).
    Completing 40% with 140 violations.
    elapsed time = 00:00:10, memory = 504.71 (MB).
    Completing 50% with 140 violations.
    elapsed time = 00:00:13, memory = 500.24 (MB).
    Completing 60% with 270 violations.
    elapsed time = 00:00:16, memory = 520.71 (MB).
    Completing 70% with 270 violations.
    elapsed time = 00:00:18, memory = 522.77 (MB).
    Completing 80% with 399 violations.
    elapsed time = 00:00:21, memory = 574.19 (MB).
    Completing 90% with 399 violations.
    elapsed time = 00:00:24, memory = 582.64 (MB).
    Completing 100% with 576 violations.
    elapsed time = 00:00:26, memory = 531.25 (MB).
[INFO DRT-0199]   Number of violations = 832.
Viol/Layer      metal1 metal2   via2 metal3   via3 metal4   via4 metal5 metal7
Cut Spacing          0      0      0      0      0      0      1      0      0
Metal Spacing        0     49      0      3      0      1      0      0      0
Recheck              2    154      0     91      0      7      0      0      2
Short                0    450      1     56      1      8      0      4      2
[INFO DRT-0267] cpu time = 00:01:36, elapsed time = 00:00:28, memory = 1027.12 (MB), peak = 1026.66 (MB)
Total wire length = 80437 um.
Total wire length on LAYER metal1 = 0 um.
Total wire length on LAYER metal2 = 29085 um.
Total wire length on LAYER metal3 = 33192 um.
Total wire length on LAYER metal4 = 10597 um.
Total wire length on LAYER metal5 = 4965 um.
Total wire length on LAYER metal6 = 2374 um.
Total wire length on LAYER metal7 = 107 um.
Total wire length on LAYER metal8 = 54 um.
Total wire length on LAYER metal9 = 60 um.
Total wire length on LAYER metal10 = 0 um.
Total number of vias = 34979.
Up-via summary (total 34979):

----------------
 active        0
 metal1    15651
 metal2    16516
 metal3     1757
 metal4      757
 metal5      284
 metal6       10
 metal7        2
 metal8        2
 metal9        0
----------------
       34979


[INFO DRT-0195] Start 1st optimization iteration.
    Completing 10% with 832 violations.
    elapsed time = 00:00:01, memory = 1027.17 (MB).
    Completing 20% with 832 violations.
    elapsed time = 00:00:04, memory = 1027.17 (MB).
    Completing 30% with 648 violations.
    elapsed time = 00:00:06, memory = 1027.17 (MB).
    Completing 40% with 648 violations.
    elapsed time = 00:00:09, memory = 1031.84 (MB).
    Completing 50% with 648 violations.
    elapsed time = 00:00:12, memory = 1033.00 (MB).
    Completing 60% with 486 violations.
    elapsed time = 00:00:16, memory = 1033.00 (MB).
    Completing 70% with 486 violations.
    elapsed time = 00:00:17, memory = 1037.11 (MB).
    Completing 80% with 318 violations.
    elapsed time = 00:00:21, memory = 1043.46 (MB).
    Completing 90% with 318 violations.
    elapsed time = 00:00:21, memory = 1043.46 (MB).
    Completing 100% with 166 violations.
    elapsed time = 00:00:24, memory = 1043.46 (MB).
[INFO DRT-0199]   Number of violations = 166.
Viol/Layer      metal2 metal3
Metal Spacing       34      1
Short              118     13
[INFO DRT-0267] cpu time = 00:01:28, elapsed time = 00:00:24, memory = 1046.50 (MB), peak = 1046.03 (MB)
Total wire length = 79943 um.
Total wire length on LAYER metal1 = 0 um.
Total wire length on LAYER metal2 = 28839 um.
Total wire length on LAYER metal3 = 33076 um.
Total wire length on LAYER metal4 = 10513 um.
Total wire length on LAYER metal5 = 4904 um.
Total wire length on LAYER metal6 = 2379 um.
Total wire length on LAYER metal7 = 116 um.
Total wire length on LAYER metal8 = 52 um.
Total wire length on LAYER metal9 = 60 um.
Total wire length on LAYER metal10 = 0 um.
Total number of vias = 34745.
Up-via summary (total 34745):

----------------
 active        0
 metal1    15659
 metal2    16303
 metal3     1750
 metal4      742
 metal5      277
 metal6       10
 metal7        2
 metal8        2
 metal9        0
----------------
       34745


[INFO DRT-0195] Start 2nd optimization iteration.
    Completing 10% with 166 violations.
    elapsed time = 00:00:00, memory = 1046.50 (MB).
    Completing 20% with 166 violations.
    elapsed time = 00:00:02, memory = 1046.50 (MB).
    Completing 30% with 160 violations.
    elapsed time = 00:00:04, memory = 1046.51 (MB).
    Completing 40% with 160 violations.
    elapsed time = 00:00:07, memory = 1046.51 (MB).
    Completing 50% with 160 violations.
    elapsed time = 00:00:10, memory = 1046.51 (MB).
    Completing 60% with 158 violations.
    elapsed time = 00:00:10, memory = 1076.23 (MB).
    Completing 70% with 158 violations.
    elapsed time = 00:00:11, memory = 1076.23 (MB).
    Completing 80% with 135 violations.
    elapsed time = 00:00:13, memory = 1046.51 (MB).
    Completing 90% with 135 violations.
    elapsed time = 00:00:16, memory = 1046.51 (MB).
    Completing 100% with 90 violations.
    elapsed time = 00:00:18, memory = 1046.51 (MB).
[INFO DRT-0199]   Number of violations = 90.
Viol/Layer      metal2 metal3
Metal Spacing       15      0
Short               72      3
[INFO DRT-0267] cpu time = 00:00:58, elapsed time = 00:00:18, memory = 1047.47 (MB), peak = 1075.66 (MB)
Total wire length = 79846 um.
Total wire length on LAYER metal1 = 0 um.
Total wire length on LAYER metal2 = 28792 um.
Total wire length on LAYER metal3 = 33090 um.
Total wire length on LAYER metal4 = 10483 um.
Total wire length on LAYER metal5 = 4880 um.
Total wire length on LAYER metal6 = 2368 um.
Total wire length on LAYER metal7 = 116 um.
Total wire length on LAYER metal8 = 52 um.
Total wire length on LAYER metal9 = 60 um.
Total wire length on LAYER metal10 = 0 um.
Total number of vias = 34614.
Up-via summary (total 34614):

----------------
 active        0
 metal1    15660
 metal2    16187
 metal3     1742
 metal4      732
 metal5      279
 metal6       10
 metal7        2
 metal8        2
 metal9        0
----------------
       34614


[INFO DRT-0195] Start 3rd guides tiles iteration.
    Completing 10% with 90 violations.
    elapsed time = 00:00:00, memory = 1047.47 (MB).
    Completing 20% with 90 violations.
    elapsed time = 00:00:00, memory = 1047.47 (MB).
    Completing 30% with 90 violations.
    elapsed time = 00:00:00, memory = 1047.47 (MB).
    Completing 40% with 90 violations.
    elapsed time = 00:00:00, memory = 1047.47 (MB).
    Completing 50% with 20 violations.
    elapsed time = 00:00:00, memory = 1047.47 (MB).
    Completing 60% with 20 violations.
    elapsed time = 00:00:00, memory = 1047.47 (MB).
    Completing 70% with 20 violations.
    elapsed time = 00:00:00, memory = 1047.47 (MB).
    Completing 80% with 20 violations.
    elapsed time = 00:00:01, memory = 1047.47 (MB).
    Completing 90% with 10 violations.
    elapsed time = 00:00:02, memory = 1047.47 (MB).
    Completing 100% with 0 violations.
    elapsed time = 00:00:03, memory = 1047.47 (MB).
[INFO DRT-0199]   Number of violations = 0.
[INFO DRT-0267] cpu time = 00:00:06, elapsed time = 00:00:03, memory = 1047.47 (MB), peak = 1075.66 (MB)
Total wire length = 79856 um.
Total wire length on LAYER metal1 = 0 um.
Total wire length on LAYER metal2 = 28694 um.
Total wire length on LAYER metal3 = 33116 um.
Total wire length on LAYER metal4 = 10570 um.
Total wire length on LAYER metal5 = 4876 um.
Total wire length on LAYER metal6 = 2368 um.
Total wire length on LAYER metal7 = 116 um.
Total wire length on LAYER metal8 = 52 um.
Total wire length on LAYER metal9 = 60 um.
Total wire length on LAYER metal10 = 0 um.
Total number of vias = 34723.
Up-via summary (total 34723):

----------------
 active        0
 metal1    15659
 metal2    16240
 metal3     1799
 metal4      732
 metal5      279
 metal6       10
 metal7        2
 metal8        2
 metal9        0
----------------
       34723


[INFO DRT-0198] Complete detail routing.
Total wire length = 79856 um.
Total wire length on LAYER metal1 = 0 um.
Total wire length on LAYER metal2 = 28694 um.
Total wire length on LAYER metal3 = 33116 um.
Total wire length on LAYER metal4 = 10570 um.
Total wire length on LAYER metal5 = 4876 um.
Total wire length on LAYER metal6 = 2368 um.
Total wire length on LAYER metal7 = 116 um.
Total wire length on LAYER metal8 = 52 um.
Total wire length on LAYER metal9 = 60 um.
Total wire length on LAYER metal10 = 0 um.
Total number of vias = 34723.
Up-via summary (total 34723):

----------------
 active        0
 metal1    15659
 metal2    16240
 metal3     1799
 metal4      732
 metal5      279
 metal6       10
 metal7        2
 metal8        2
 metal9        0
----------------
       34723


[INFO DRT-0267] cpu time = 00:04:10, elapsed time = 00:01:15, memory = 1047.53 (MB), peak = 1075.66 (MB)

[INFO DRT-0180] Post processing.
Took 91 seconds: detailed_route -output_drc ./reports/nangate45/s15850/phase0c_f3e7b516a_s13_k1_B1_a6eb144c_7f655d61/5_route_drc.rpt -output_maze ./results/nangate45/s15850/phase0c_f3e7b516a_s13_k1_B1_a6eb144c_7f655d61/maze.log -droute_end_iter 64 -verbose 1 -drc_report_iter_step 5
[WARNING GRT-0246] No diode with LEF class CORE ANTENNACELL found.
[INFO ANT-0002] Found 0 net violations.
[INFO ANT-0001] Found 0 pin violations.
[INFO ANT-0002] Found 0 net violations.
[INFO ANT-0001] Found 0 pin violations.
Design area 7619 um^2 36% utilization.
write_db ./results/nangate45/s15850/phase0c_f3e7b516a_s13_k1_B1_a6eb144c_7f655d61/5_2_route.odb
Log                       Ext     Elapsed/s Peak Memory/MB sha1sum result [0:20)
5_2_route                 .odb           99           1075 96094730e9e80d27b890
/root/pact-deps/OpenROAD-flow-scripts/flow/scripts/flow.sh 5_3_fillcell fillcell
Running fillcell.tcl, stage 5_3_fillcell
read_liberty /root/pact-deps/OpenROAD-flow-scripts/flow/platforms/nangate45/lib/NangateOpenCellLibrary_typical.lib
read_db ./results/nangate45/s15850/phase0c_f3e7b516a_s13_k1_B1_a6eb144c_7f655d61/5_2_route.odb
read_sdc ./results/nangate45/s15850/phase0c_f3e7b516a_s13_k1_B1_a6eb144c_7f655d61/5_1_grt.sdc
source /root/pact-deps/OpenROAD-flow-scripts/flow/platforms/nangate45/setRC.tcl
filler_placement "FILLCELL_X1 FILLCELL_X2 FILLCELL_X4 FILLCELL_X8 FILLCELL_X16 FILLCELL_X32"
[INFO DPL-0001] Placed 7057 filler instances.
Design area 7619 um^2 36% utilization.
write_db ./results/nangate45/s15850/phase0c_f3e7b516a_s13_k1_B1_a6eb144c_7f655d61/5_3_fillcell.odb
Log                       Ext     Elapsed/s Peak Memory/MB sha1sum result [0:20)
5_3_fillcell              .odb            0            131 d8e730e64b3b228487ed
cp ./results/nangate45/s15850/phase0c_f3e7b516a_s13_k1_B1_a6eb144c_7f655d61/5_3_fillcell.odb ./results/nangate45/s15850/phase0c_f3e7b516a_s13_k1_B1_a6eb144c_7f655d61/5_route.odb
cp ./results/nangate45/s15850/phase0c_f3e7b516a_s13_k1_B1_a6eb144c_7f655d61/5_1_grt.sdc ./results/nangate45/s15850/phase0c_f3e7b516a_s13_k1_B1_a6eb144c_7f655d61/5_route.sdc
