OpenROAD 26Q2-1164-g08f67ee5ec 
Features included (+) or not (-): +GPU +GUI +Python
This program is licensed under the BSD-3 license. See the LICENSE file for details.
Components of this program may be licensed under more restrictive licenses which must be honored.
[INFO ORD-0030] Using 4 thread(s).
read_liberty /root/pact-deps/OpenROAD-flow-scripts/flow/platforms/nangate45/lib/NangateOpenCellLibrary_typical.lib
read_db /mnt/c/Users/Abhinav/OneDrive/Desktop/PACT/PACT/results/phase2d_independent_gp/raw/orfs/results/nangate45/s5378/phase2c_s29_837fde7ea053/5_1_grt.odb
read_sdc /mnt/c/Users/Abhinav/OneDrive/Desktop/PACT/PACT/results/phase2d_independent_gp/raw/orfs/results/nangate45/s5378/phase2c_s29_837fde7ea053/5_1_grt.sdc
source /root/pact-deps/OpenROAD-flow-scripts/flow/platforms/nangate45/setRC.tcl
detailed_route -output_drc /mnt/c/Users/Abhinav/OneDrive/Desktop/PACT/PACT/results/phase2d_independent_gp/raw/orfs/reports/nangate45/s5378/phase2c_s29_837fde7ea053/5_route_drc.rpt -output_maze /mnt/c/Users/Abhinav/OneDrive/Desktop/PACT/PACT/results/phase2d_independent_gp/raw/orfs/results/nangate45/s5378/phase2c_s29_837fde7ea053/maze.log -droute_end_iter 64 -verbose 1 -drc_report_iter_step 5
[INFO DRT-0149] Reading tech and libs.

Units:                2000
Number of layers:     21
Number of macros:     135
Number of vias:       33
Number of viarulegen: 19

[INFO DRT-0150] Reading design.

Design:                   s5378
Die area:                 ( 0 0 ) ( 171970 171970 )
Number of track patterns: 20
Number of DEF vias:       0
Number of components:     2091
Number of terminals:      92
Number of snets:          2
Number of nets:           1997

[INFO DRT-0167] List of default vias:
  Layer via2
    default via: via2_5
  Layer via3
    default via: via3_2
  Layer via4
    default via: via4_0
  Layer via5
    default via: via5_0
  Layer via6
    default via: via6_0
  Layer via7
    default via: via7_0
  Layer via8
    default via: via8_0
  Layer via9
    default via: via9_0
[INFO DRT-0162] Library cell analysis.
[INFO DRT-0163] Instance analysis.
[INFO DRT-0164] Number of unique instances = 32.
[INFO DRT-0168] Init region query.
[INFO DRT-0024]   Complete active.
[INFO DRT-0024]   Complete Fr_VIA.
[INFO DRT-0024]   Complete metal1.
[INFO DRT-0024]   Complete via1.
[INFO DRT-0024]   Complete metal2.
[INFO DRT-0024]   Complete via2.
[INFO DRT-0024]   Complete metal3.
[INFO DRT-0024]   Complete via3.
[INFO DRT-0024]   Complete metal4.
[INFO DRT-0024]   Complete via4.
[INFO DRT-0024]   Complete metal5.
[INFO DRT-0024]   Complete via5.
[INFO DRT-0024]   Complete metal6.
[INFO DRT-0024]   Complete via6.
[INFO DRT-0024]   Complete metal7.
[INFO DRT-0024]   Complete via7.
[INFO DRT-0024]   Complete metal8.
[INFO DRT-0024]   Complete via8.
[INFO DRT-0024]   Complete metal9.
[INFO DRT-0024]   Complete via9.
[INFO DRT-0024]   Complete metal10.
[INFO DRT-0033] active shape region query size = 0.
[INFO DRT-0033] FR_VIA shape region query size = 0.
[INFO DRT-0033] metal1 shape region query size = 29330.
[INFO DRT-0033] via1 shape region query size = 270.
[INFO DRT-0033] metal2 shape region query size = 180.
[INFO DRT-0033] via2 shape region query size = 270.
[INFO DRT-0033] metal3 shape region query size = 180.
[INFO DRT-0033] via3 shape region query size = 270.
[INFO DRT-0033] metal4 shape region query size = 102.
[INFO DRT-0033] via4 shape region query size = 90.
[INFO DRT-0033] metal5 shape region query size = 75.
[INFO DRT-0033] via5 shape region query size = 90.
[INFO DRT-0033] metal6 shape region query size = 51.
[INFO DRT-0033] via6 shape region query size = 36.
[INFO DRT-0033] metal7 shape region query size = 21.
[INFO DRT-0033] via7 shape region query size = 0.
[INFO DRT-0033] metal8 shape region query size = 0.
[INFO DRT-0033] via8 shape region query size = 0.
[INFO DRT-0033] metal9 shape region query size = 0.
[INFO DRT-0033] via9 shape region query size = 0.
[INFO DRT-0033] metal10 shape region query size = 0.
[INFO DRT-0165] Start pin access.
[INFO DRT-0078]   Complete 152 pins.
[INFO DRT-0081]   Complete 32 unique inst patterns.
[INFO DRT-0084]   Complete 1055 groups.
#scanned instances     = 2091
#unique  instances     = 32
#stdCellGenAp          = 613
#stdCellValidPlanarAp  = 0
#stdCellValidViaAp     = 487
#stdCellPinNoAp        = 0
#stdCellPinCnt         = 5901
#instTermValidViaApCnt = 0
#macroGenAp            = 0
#macroValidPlanarAp    = 0
#macroValidViaAp       = 0
#macroNoAp             = 0
[INFO DRT-0166] Complete pin access.
[INFO DRT-0267] cpu time = 00:00:15, elapsed time = 00:00:03, memory = 261.55 (MB), peak = 261.18 (MB)

[INFO DRT-0157] Number of guides:     12815

[INFO DRT-0169] Post process guides.
[INFO DRT-0176] GCELLGRID X 0 DO 30 STEP 5700 ;
[INFO DRT-0177] GCELLGRID Y 0 DO 30 STEP 5700 ;
[INFO DRT-0028]   Complete active.
[INFO DRT-0028]   Complete Fr_VIA.
[INFO DRT-0028]   Complete metal1.
[INFO DRT-0028]   Complete via1.
[INFO DRT-0028]   Complete metal2.
[INFO DRT-0028]   Complete via2.
[INFO DRT-0028]   Complete metal3.
[INFO DRT-0028]   Complete via3.
[INFO DRT-0028]   Complete metal4.
[INFO DRT-0028]   Complete via4.
[INFO DRT-0028]   Complete metal5.
[INFO DRT-0028]   Complete via5.
[INFO DRT-0028]   Complete metal6.
[INFO DRT-0028]   Complete via6.
[INFO DRT-0028]   Complete metal7.
[INFO DRT-0028]   Complete via7.
[INFO DRT-0028]   Complete metal8.
[INFO DRT-0028]   Complete via8.
[INFO DRT-0028]   Complete metal9.
[INFO DRT-0028]   Complete via9.
[INFO DRT-0028]   Complete metal10.
[INFO DRT-0178] Init guide query.
[INFO DRT-0035]   Complete active (guide).
[INFO DRT-0035]   Complete Fr_VIA (guide).
[INFO DRT-0035]   Complete metal1 (guide).
[INFO DRT-0035]   Complete via1 (guide).
[INFO DRT-0035]   Complete metal2 (guide).
[INFO DRT-0035]   Complete via2 (guide).
[INFO DRT-0035]   Complete metal3 (guide).
[INFO DRT-0035]   Complete via3 (guide).
[INFO DRT-0035]   Complete metal4 (guide).
[INFO DRT-0035]   Complete via4 (guide).
[INFO DRT-0035]   Complete metal5 (guide).
[INFO DRT-0035]   Complete via5 (guide).
[INFO DRT-0035]   Complete metal6 (guide).
[INFO DRT-0035]   Complete via6 (guide).
[INFO DRT-0035]   Complete metal7 (guide).
[INFO DRT-0035]   Complete via7 (guide).
[INFO DRT-0035]   Complete metal8 (guide).
[INFO DRT-0035]   Complete via8 (guide).
[INFO DRT-0035]   Complete metal9 (guide).
[INFO DRT-0035]   Complete via9 (guide).
[INFO DRT-0035]   Complete metal10 (guide).
[INFO DRT-0036] active guide region query size = 0.
[INFO DRT-0036] FR_VIA guide region query size = 0.
[INFO DRT-0036] metal1 guide region query size = 4600.
[INFO DRT-0036] via1 guide region query size = 0.
[INFO DRT-0036] metal2 guide region query size = 3596.
[INFO DRT-0036] via2 guide region query size = 0.
[INFO DRT-0036] metal3 guide region query size = 1855.
[INFO DRT-0036] via3 guide region query size = 0.
[INFO DRT-0036] metal4 guide region query size = 268.
[INFO DRT-0036] via4 guide region query size = 0.
[INFO DRT-0036] metal5 guide region query size = 137.
[INFO DRT-0036] via5 guide region query size = 0.
[INFO DRT-0036] metal6 guide region query size = 42.
[INFO DRT-0036] via6 guide region query size = 0.
[INFO DRT-0036] metal7 guide region query size = 0.
[INFO DRT-0036] via7 guide region query size = 0.
[INFO DRT-0036] metal8 guide region query size = 0.
[INFO DRT-0036] via8 guide region query size = 0.
[INFO DRT-0036] metal9 guide region query size = 0.
[INFO DRT-0036] via9 guide region query size = 0.
[INFO DRT-0036] metal10 guide region query size = 0.
[INFO DRT-0179] Init gr pin query.
[INFO DRT-0267] cpu time = 00:00:00, elapsed time = 00:00:00, memory = 266.25 (MB), peak = 265.93 (MB)
[INFO DRT-0245] skipped writing guide updates to database.
[INFO DRT-0181] Start track assignment.
[INFO DRT-0184] Done with 3906 vertical wires in 1 frboxes and 6592 horizontal wires in 1 frboxes.
[INFO DRT-0186] Done with 946 vertical wires in 1 frboxes and 1076 horizontal wires in 1 frboxes.
[INFO DRT-0182] Complete track assignment.
[INFO DRT-0267] cpu time = 00:00:01, elapsed time = 00:00:00, memory = 293.38 (MB), peak = 293.01 (MB)
[INFO DRT-0187] Start routing data preparation.
[INFO DRT-0267] cpu time = 00:00:00, elapsed time = 00:00:00, memory = 293.87 (MB), peak = 293.38 (MB)
[INFO DRT-0194] Start detail routing.
[INFO DRT-0195] Start 0th optimization iteration.
    Completing 10% with 0 violations.
    elapsed time = 00:00:00, memory = 336.77 (MB).
    Completing 20% with 0 violations.
    elapsed time = 00:00:00, memory = 344.29 (MB).
    Completing 30% with 0 violations.
    elapsed time = 00:00:01, memory = 326.96 (MB).
    Completing 40% with 58 violations.
    elapsed time = 00:00:02, memory = 360.66 (MB).
    Completing 50% with 58 violations.
    elapsed time = 00:00:04, memory = 362.80 (MB).
    Completing 60% with 58 violations.
    elapsed time = 00:00:04, memory = 336.04 (MB).
    Completing 70% with 99 violations.
    elapsed time = 00:00:05, memory = 377.21 (MB).
    Completing 80% with 99 violations.
    elapsed time = 00:00:07, memory = 368.46 (MB).
    Completing 90% with 158 violations.
    elapsed time = 00:00:09, memory = 394.26 (MB).
    Completing 100% with 208 violations.
    elapsed time = 00:00:10, memory = 375.45 (MB).
[INFO DRT-0199]   Number of violations = 287.
Viol/Layer        via1 metal2 metal3 metal4   via4 metal5
Cut Spacing          0      0      0      0      1      0
Metal Spacing        0     18      2      0      0      0
Recheck              0     58     19      1      0      1
Short                1    168     17      0      0      1
[INFO DRT-0267] cpu time = 00:00:29, elapsed time = 00:00:11, memory = 908.05 (MB), peak = 907.70 (MB)
Total wire length = 19139 um.
Total wire length on LAYER metal1 = 0 um.
Total wire length on LAYER metal2 = 7544 um.
Total wire length on LAYER metal3 = 8297 um.
Total wire length on LAYER metal4 = 2333 um.
Total wire length on LAYER metal5 = 689 um.
Total wire length on LAYER metal6 = 274 um.
Total wire length on LAYER metal7 = 0 um.
Total wire length on LAYER metal8 = 0 um.
Total wire length on LAYER metal9 = 0 um.
Total wire length on LAYER metal10 = 0 um.
Total number of vias = 11452.
Up-via summary (total 11452):

----------------
 active        0
 metal1     5935
 metal2     4933
 metal3      377
 metal4      156
 metal5       51
 metal6        0
 metal7        0
 metal8        0
 metal9        0
----------------
       11452


[INFO DRT-0195] Start 1st optimization iteration.
    Completing 10% with 287 violations.
    elapsed time = 00:00:00, memory = 913.26 (MB).
    Completing 20% with 287 violations.
    elapsed time = 00:00:01, memory = 913.26 (MB).
    Completing 30% with 287 violations.
    elapsed time = 00:00:01, memory = 913.26 (MB).
    Completing 40% with 229 violations.
    elapsed time = 00:00:03, memory = 917.08 (MB).
    Completing 50% with 229 violations.
    elapsed time = 00:00:04, memory = 917.08 (MB).
    Completing 60% with 229 violations.
    elapsed time = 00:00:05, memory = 919.64 (MB).
    Completing 70% with 175 violations.
    elapsed time = 00:00:05, memory = 919.64 (MB).
    Completing 80% with 175 violations.
    elapsed time = 00:00:08, memory = 924.54 (MB).
    Completing 90% with 141 violations.
    elapsed time = 00:00:11, memory = 938.32 (MB).
    Completing 100% with 94 violations.
    elapsed time = 00:00:13, memory = 938.32 (MB).
[INFO DRT-0199]   Number of violations = 94.
Viol/Layer      metal2 metal3
Metal Spacing       27      1
Short               64      2
[INFO DRT-0267] cpu time = 00:00:31, elapsed time = 00:00:13, memory = 941.32 (MB), peak = 940.82 (MB)
Total wire length = 19048 um.
Total wire length on LAYER metal1 = 0 um.
Total wire length on LAYER metal2 = 7509 um.
Total wire length on LAYER metal3 = 8248 um.
Total wire length on LAYER metal4 = 2325 um.
Total wire length on LAYER metal5 = 690 um.
Total wire length on LAYER metal6 = 275 um.
Total wire length on LAYER metal7 = 0 um.
Total wire length on LAYER metal8 = 0 um.
Total wire length on LAYER metal9 = 0 um.
Total wire length on LAYER metal10 = 0 um.
Total number of vias = 11454.
Up-via summary (total 11454):

----------------
 active        0
 metal1     5931
 metal2     4942
 metal3      373
 metal4      157
 metal5       51
 metal6        0
 metal7        0
 metal8        0
 metal9        0
----------------
       11454


[INFO DRT-0195] Start 2nd optimization iteration.
    Completing 10% with 94 violations.
    elapsed time = 00:00:00, memory = 941.32 (MB).
    Completing 20% with 94 violations.
    elapsed time = 00:00:00, memory = 941.32 (MB).
    Completing 30% with 94 violations.
    elapsed time = 00:00:02, memory = 945.12 (MB).
    Completing 40% with 88 violations.
    elapsed time = 00:00:03, memory = 945.12 (MB).
    Completing 50% with 88 violations.
    elapsed time = 00:00:05, memory = 945.12 (MB).
    Completing 60% with 88 violations.
    elapsed time = 00:00:05, memory = 945.12 (MB).
    Completing 70% with 91 violations.
    elapsed time = 00:00:05, memory = 945.12 (MB).
    Completing 80% with 91 violations.
    elapsed time = 00:00:07, memory = 966.01 (MB).
    Completing 90% with 96 violations.
    elapsed time = 00:00:09, memory = 958.25 (MB).
    Completing 100% with 88 violations.
    elapsed time = 00:00:11, memory = 958.25 (MB).
[INFO DRT-0199]   Number of violations = 88.
Viol/Layer      metal2 metal3   via4
Cut Spacing          0      0      1
Metal Spacing       11      0      0
Short               67      9      0
[INFO DRT-0267] cpu time = 00:00:27, elapsed time = 00:00:11, memory = 958.25 (MB), peak = 965.57 (MB)
Total wire length = 19003 um.
Total wire length on LAYER metal1 = 0 um.
Total wire length on LAYER metal2 = 7498 um.
Total wire length on LAYER metal3 = 8227 um.
Total wire length on LAYER metal4 = 2311 um.
Total wire length on LAYER metal5 = 691 um.
Total wire length on LAYER metal6 = 274 um.
Total wire length on LAYER metal7 = 0 um.
Total wire length on LAYER metal8 = 0 um.
Total wire length on LAYER metal9 = 0 um.
Total wire length on LAYER metal10 = 0 um.
Total number of vias = 11438.
Up-via summary (total 11438):

----------------
 active        0
 metal1     5935
 metal2     4922
 metal3      375
 metal4      155
 metal5       51
 metal6        0
 metal7        0
 metal8        0
 metal9        0
----------------
       11438


[INFO DRT-0195] Start 3rd guides tiles iteration.
    Completing 10% with 88 violations.
    elapsed time = 00:00:00, memory = 958.25 (MB).
    Completing 20% with 88 violations.
    elapsed time = 00:00:00, memory = 958.25 (MB).
    Completing 30% with 88 violations.
    elapsed time = 00:00:00, memory = 958.25 (MB).
    Completing 40% with 33 violations.
    elapsed time = 00:00:00, memory = 958.25 (MB).
    Completing 50% with 33 violations.
    elapsed time = 00:00:01, memory = 958.25 (MB).
    Completing 60% with 23 violations.
    elapsed time = 00:00:01, memory = 958.25 (MB).
    Completing 70% with 23 violations.
    elapsed time = 00:00:02, memory = 958.25 (MB).
    Completing 80% with 5 violations.
    elapsed time = 00:00:02, memory = 958.25 (MB).
    Completing 90% with 2 violations.
    elapsed time = 00:00:02, memory = 958.25 (MB).
    Completing 100% with 1 violations.
    elapsed time = 00:00:03, memory = 958.25 (MB).
[INFO DRT-0199]   Number of violations = 1.
Viol/Layer      metal2
Short                1
[INFO DRT-0267] cpu time = 00:00:07, elapsed time = 00:00:03, memory = 958.25 (MB), peak = 965.57 (MB)
Total wire length = 19008 um.
Total wire length on LAYER metal1 = 0 um.
Total wire length on LAYER metal2 = 7409 um.
Total wire length on LAYER metal3 = 8314 um.
Total wire length on LAYER metal4 = 2389 um.
Total wire length on LAYER metal5 = 621 um.
Total wire length on LAYER metal6 = 273 um.
Total wire length on LAYER metal7 = 0 um.
Total wire length on LAYER metal8 = 0 um.
Total wire length on LAYER metal9 = 0 um.
Total wire length on LAYER metal10 = 0 um.
Total number of vias = 11550.
Up-via summary (total 11550):

----------------
 active        0
 metal1     5936
 metal2     4986
 metal3      424
 metal4      153
 metal5       51
 metal6        0
 metal7        0
 metal8        0
 metal9        0
----------------
       11550


[INFO DRT-0195] Start 4th guides tiles iteration.
    Completing 100% with 1 violations.
    elapsed time = 00:00:00, memory = 958.25 (MB).
[INFO DRT-0199]   Number of violations = 1.
Viol/Layer      metal2
Short                1
[INFO DRT-0267] cpu time = 00:00:00, elapsed time = 00:00:00, memory = 958.25 (MB), peak = 965.57 (MB)
Total wire length = 19008 um.
Total wire length on LAYER metal1 = 0 um.
Total wire length on LAYER metal2 = 7409 um.
Total wire length on LAYER metal3 = 8314 um.
Total wire length on LAYER metal4 = 2389 um.
Total wire length on LAYER metal5 = 621 um.
Total wire length on LAYER metal6 = 273 um.
Total wire length on LAYER metal7 = 0 um.
Total wire length on LAYER metal8 = 0 um.
Total wire length on LAYER metal9 = 0 um.
Total wire length on LAYER metal10 = 0 um.
Total number of vias = 11550.
Up-via summary (total 11550):

----------------
 active        0
 metal1     5936
 metal2     4986
 metal3      424
 metal4      153
 metal5       51
 metal6        0
 metal7        0
 metal8        0
 metal9        0
----------------
       11550


[INFO DRT-0195] Start 5th stubborn tiles iteration.
    Completing 10% with 1 violations.
    elapsed time = 00:00:01, memory = 958.25 (MB).
    Completing 20% with 1 violations.
    elapsed time = 00:00:02, memory = 958.25 (MB).
    Completing 30% with 1 violations.
    elapsed time = 00:00:02, memory = 959.19 (MB).
    Completing 40% with 1 violations.
    elapsed time = 00:00:03, memory = 976.48 (MB).
    Completing 50% with 1 violations.
    elapsed time = 00:00:04, memory = 1000.88 (MB).
    Completing 60% with 1 violations.
    elapsed time = 00:00:05, memory = 1044.02 (MB).
    Completing 70% with 1 violations.
    elapsed time = 00:00:07, memory = 1066.04 (MB).
    Completing 80% with 1 violations.
    elapsed time = 00:00:08, memory = 1067.58 (MB).
    Completing 90% with 1 violations.
    elapsed time = 00:00:09, memory = 1079.80 (MB).
    Completing 100% with 0 violations.
    elapsed time = 00:00:09, memory = 1087.60 (MB).
[INFO DRT-0199]   Number of violations = 0.
[INFO DRT-0267] cpu time = 00:00:40, elapsed time = 00:00:10, memory = 1087.73 (MB), peak = 1087.26 (MB)
Total wire length = 19008 um.
Total wire length on LAYER metal1 = 0 um.
Total wire length on LAYER metal2 = 7410 um.
Total wire length on LAYER metal3 = 8314 um.
Total wire length on LAYER metal4 = 2389 um.
Total wire length on LAYER metal5 = 621 um.
Total wire length on LAYER metal6 = 273 um.
Total wire length on LAYER metal7 = 0 um.
Total wire length on LAYER metal8 = 0 um.
Total wire length on LAYER metal9 = 0 um.
Total wire length on LAYER metal10 = 0 um.
Total number of vias = 11550.
Up-via summary (total 11550):

----------------
 active        0
 metal1     5936
 metal2     4986
 metal3      424
 metal4      153
 metal5       51
 metal6        0
 metal7        0
 metal8        0
 metal9        0
----------------
       11550


[INFO DRT-0198] Complete detail routing.
Total wire length = 19008 um.
Total wire length on LAYER metal1 = 0 um.
Total wire length on LAYER metal2 = 7410 um.
Total wire length on LAYER metal3 = 8314 um.
Total wire length on LAYER metal4 = 2389 um.
Total wire length on LAYER metal5 = 621 um.
Total wire length on LAYER metal6 = 273 um.
Total wire length on LAYER metal7 = 0 um.
Total wire length on LAYER metal8 = 0 um.
Total wire length on LAYER metal9 = 0 um.
Total wire length on LAYER metal10 = 0 um.
Total number of vias = 11550.
Up-via summary (total 11550):

----------------
 active        0
 metal1     5936
 metal2     4986
 metal3      424
 metal4      153
 metal5       51
 metal6        0
 metal7        0
 metal8        0
 metal9        0
----------------
       11550


[INFO DRT-0267] cpu time = 00:02:16, elapsed time = 00:00:50, memory = 1087.73 (MB), peak = 1087.26 (MB)

[INFO DRT-0180] Post processing.
Took 56 seconds: detailed_route -output_drc /mnt/c/Users/Abhinav/OneDrive/Desktop/PACT/PACT/results/phase2d_independent_gp/raw/orfs/reports/nangate45/s5378/phase2c_s29_837fde7ea053/5_route_drc.rpt -output_maze /mnt/c/Users/Abhinav/OneDrive/Desktop/PACT/PACT/results/phase2d_independent_gp/raw/orfs/results/nangate45/s5378/phase2c_s29_837fde7ea053/maze.log -droute_end_iter 64 -verbose 1 -drc_report_iter_step 5
[WARNING GRT-0246] No diode with LEF class CORE ANTENNACELL found.
[INFO ANT-0002] Found 0 net violations.
[INFO ANT-0001] Found 0 pin violations.
[INFO ANT-0002] Found 0 net violations.
[INFO ANT-0001] Found 0 pin violations.
Design area 2587 um^2 37% utilization.
write_db /mnt/c/Users/Abhinav/OneDrive/Desktop/PACT/PACT/results/phase2d_independent_gp/raw/orfs/results/nangate45/s5378/phase2c_s29_837fde7ea053/5_2_route.odb
Elapsed time: 0:59.09[h:]min:sec. CPU time: user 154.55 sys 2.18 (265%). Peak memory: 1113352KB.
Log                       Ext     Elapsed/s Peak Memory/MB sha1sum result [0:20)
5_2_route                 .odb           59           1087 849624e9ff5b904f9c01
