
==========================================================================
cts final report_tns
--------------------------------------------------------------------------
tns max 0.00

==========================================================================
cts final report_wns
--------------------------------------------------------------------------
wns max 0.00

==========================================================================
cts final report_worst_slack
--------------------------------------------------------------------------
worst slack max 8.84

==========================================================================
cts final report_clock_min_period
--------------------------------------------------------------------------
clk period_min = 1.16 fmax = 864.36

==========================================================================
cts final report_clock_skew
--------------------------------------------------------------------------
Clock clk
   0.12 source latency U_g508/CK ^
  -0.13 target latency U_g11/CK ^
   0.00 CRPR
--------------
  -0.01 setup skew


==========================================================================
cts final report_checks -path_delay min
--------------------------------------------------------------------------
Startpoint: g561 (input port clocked by clk)
Endpoint: U_g15 (rising edge-triggered flip-flop clocked by clk)
Path Group: clk
Path Type: min

Fanout     Cap    Slew   Delay    Time   Description
-----------------------------------------------------------------------------
                          0.00    0.00   clock clk (rise edge)
                          0.00    0.00   clock network delay (propagated)
                          0.00    0.00 ^ input external delay
     1    2.01    0.00    0.00    0.00 ^ g561 (in)
                                         g561 (net)
                  0.00    0.00    0.00 ^ input26/A (BUF_X1)
     1    2.25    0.01    0.02    0.02 ^ input26/Z (BUF_X1)
                                         net26 (net)
                  0.01    0.00    0.02 ^ U_g5212/A1 (AND2_X1)
     1    4.01    0.01    0.04    0.06 ^ U_g5212/ZN (AND2_X1)
                                         g5212 (net)
                  0.01    0.00    0.06 ^ U_I8379/A1 (OR2_X1)
     1    1.01    0.01    0.02    0.08 ^ U_I8379/ZN (OR2_X1)
                                         I8379 (net)
                  0.01    0.00    0.08 ^ U_g6482/A4 (OR4_X1)
     1    5.33    0.01    0.04    0.11 ^ U_g6482/ZN (OR4_X1)
                                         g6482 (net)
                  0.01    0.00    0.11 ^ U_g15/D (SDFF_X1)
                                  0.11   data arrival time

                          0.00    0.00   clock clk (rise edge)
                          0.00    0.00   clock source latency
     1   10.26    0.00    0.00    0.00 ^ CK (in)
                                         CK (net)
                  0.00    0.00    0.00 ^ clkbuf_0_CK/A (CLKBUF_X3)
     4   13.47    0.01    0.03    0.04 ^ clkbuf_0_CK/Z (CLKBUF_X3)
                                         clknet_0_CK (net)
                  0.01    0.00    0.04 ^ clkbuf_2_0__f_CK/A (CLKBUF_X3)
    10   25.11    0.02    0.05    0.09 ^ clkbuf_2_0__f_CK/Z (CLKBUF_X3)
                                         clknet_2_0__leaf_CK (net)
                  0.02    0.00    0.09 ^ clkbuf_leaf_3_CK/A (CLKBUF_X3)
     7    9.28    0.01    0.04    0.13 ^ clkbuf_leaf_3_CK/Z (CLKBUF_X3)
                                         clknet_leaf_3_CK (net)
                  0.01    0.00    0.13 ^ U_g15/CK (SDFF_X1)
                          0.00    0.13   clock reconvergence pessimism
                         -0.01    0.11   library hold time
                                  0.11   data required time
-----------------------------------------------------------------------------
                                  0.11   data required time
                                 -0.11   data arrival time
-----------------------------------------------------------------------------
                                  0.00   slack (MET)



==========================================================================
cts final report_checks -path_delay max
--------------------------------------------------------------------------
Startpoint: U_g697 (rising edge-triggered flip-flop clocked by clk)
Endpoint: U_g123 (rising edge-triggered flip-flop clocked by clk)
Path Group: clk
Path Type: max

Fanout     Cap    Slew   Delay    Time   Description
-----------------------------------------------------------------------------
                          0.00    0.00   clock clk (rise edge)
                          0.00    0.00   clock source latency
     1   10.26    0.00    0.00    0.00 ^ CK (in)
                                         CK (net)
                  0.00    0.00    0.00 ^ clkbuf_0_CK/A (CLKBUF_X3)
     4   13.47    0.01    0.03    0.04 ^ clkbuf_0_CK/Z (CLKBUF_X3)
                                         clknet_0_CK (net)
                  0.01    0.00    0.04 ^ clkbuf_2_1__f_CK/A (CLKBUF_X3)
     8   23.38    0.02    0.05    0.08 ^ clkbuf_2_1__f_CK/Z (CLKBUF_X3)
                                         clknet_2_1__leaf_CK (net)
                  0.02    0.00    0.08 ^ clkbuf_leaf_29_CK/A (CLKBUF_X3)
     8   10.92    0.01    0.04    0.13 ^ clkbuf_leaf_29_CK/Z (CLKBUF_X3)
                                         clknet_leaf_29_CK (net)
                  0.01    0.00    0.13 ^ U_g697/CK (SDFF_X1)
    19   34.14    0.08    0.15    0.27 ^ U_g697/Q (SDFF_X1)
                                         g697 (net)
                  0.08    0.00    0.27 ^ U_g3353/A1 (AND2_X1)
     1    1.78    0.01    0.05    0.32 ^ U_g3353/ZN (AND2_X1)
                                         g3353 (net)
                  0.01    0.00    0.32 ^ U_g3959/A1 (NOR2_X1)
     1    1.10    0.00    0.01    0.33 v U_g3959/ZN (NOR2_X1)
                                         g3959 (net)
                  0.00    0.00    0.33 v U_g4178/A1 (AND2_X1)
     2    3.04    0.01    0.03    0.36 v U_g4178/ZN (AND2_X1)
                                         g4178 (net)
                  0.01    0.00    0.36 v U_g4591/A1 (NOR2_X1)
     1    1.08    0.01    0.02    0.37 ^ U_g4591/ZN (NOR2_X1)
                                         g4591 (net)
                  0.01    0.00    0.37 ^ U_g4685/A1 (AND2_X1)
     1    1.87    0.01    0.03    0.41 ^ U_g4685/ZN (AND2_X1)
                                         g4685 (net)
                  0.01    0.00    0.41 ^ U_g5094/A1 (NOR2_X1)
     1    1.02    0.01    0.01    0.41 v U_g5094/ZN (NOR2_X1)
                                         g5094 (net)
                  0.01    0.00    0.41 v U_g5175/A1 (AND2_X1)
     1    1.74    0.01    0.03    0.44 v U_g5175/ZN (AND2_X1)
                                         g5175 (net)
                  0.01    0.00    0.44 v U_g5423/A2 (NOR2_X1)
     2    3.49    0.02    0.04    0.48 ^ U_g5423/ZN (NOR2_X1)
                                         g5423 (net)
                  0.02    0.00    0.48 ^ U_I8201/A2 (NAND2_X1)
     2    3.11    0.02    0.02    0.50 v U_I8201/ZN (NAND2_X1)
                                         I8201 (net)
                  0.02    0.00    0.50 v U_I8203/A2 (NAND2_X1)
     1    1.77    0.01    0.02    0.52 ^ U_I8203/ZN (NAND2_X1)
                                         I8203 (net)
                  0.01    0.00    0.52 ^ U_g6397/A2 (NAND2_X1)
     2    2.06    0.01    0.01    0.53 v U_g6397/ZN (NAND2_X1)
                                         g6397 (net)
                  0.01    0.00    0.53 v U_g6473/A2 (AND3_X1)
     1    0.82    0.01    0.03    0.56 v U_g6473/ZN (AND3_X1)
                                         g6473 (net)
                  0.01    0.00    0.56 v U_g6549/A1 (OR2_X1)
     2    2.18    0.01    0.04    0.61 v U_g6549/ZN (OR2_X1)
                                         g6549 (net)
                  0.01    0.00    0.61 v U_g6640/A2 (AND2_X1)
     2    1.79    0.01    0.03    0.64 v U_g6640/ZN (AND2_X1)
                                         g6640 (net)
                  0.01    0.00    0.64 v U_g6673/A2 (OR4_X1)
     2    2.54    0.02    0.10    0.74 v U_g6673/ZN (OR4_X1)
                                         g6673 (net)
                  0.02    0.00    0.74 v U_g6715/A (INV_X1)
     1    1.00    0.01    0.01    0.76 ^ U_g6715/ZN (INV_X1)
                                         g6715 (net)
                  0.01    0.00    0.76 ^ U_g6739/A1 (AND3_X1)
     1    1.07    0.01    0.04    0.79 ^ U_g6739/ZN (AND3_X1)
                                         g6739 (net)
                  0.01    0.00    0.79 ^ U_g6762/A3 (OR3_X1)
     3    6.13    0.02    0.04    0.83 ^ U_g6762/ZN (OR3_X1)
                                         g6762 (net)
                  0.02    0.00    0.83 ^ U_g6778/A1 (NAND2_X1)
     2    2.34    0.01    0.02    0.85 v U_g6778/ZN (NAND2_X1)
                                         g6778 (net)
                  0.01    0.00    0.85 v U_g6847/A2 (OR2_X1)
     1    1.18    0.01    0.05    0.90 v U_g6847/ZN (OR2_X1)
                                         g6847 (net)
                  0.01    0.00    0.90 v U_g6852/A1 (AND2_X1)
     1    0.83    0.01    0.03    0.92 v U_g6852/ZN (AND2_X1)
                                         g6852 (net)
                  0.01    0.00    0.92 v U_g6864/A1 (OR2_X1)
     2    1.94    0.01    0.04    0.97 v U_g6864/ZN (OR2_X1)
                                         g6864 (net)
                  0.01    0.00    0.97 v U_g6916/A2 (AND2_X1)
     2    1.86    0.01    0.03    1.00 v U_g6916/ZN (AND2_X1)
                                         g6916 (net)
                  0.01    0.00    1.00 v U_g6920/A2 (OR2_X1)
     2    1.91    0.01    0.05    1.05 v U_g6920/ZN (OR2_X1)
                                         g6920 (net)
                  0.01    0.00    1.05 v U_g6924/A2 (AND2_X1)
     1    1.27    0.01    0.03    1.08 v U_g6924/ZN (AND2_X1)
                                         g6924 (net)
                  0.01    0.00    1.08 v U_g6927/A2 (OR2_X1)
     1    1.68    0.01    0.05    1.12 v U_g6927/ZN (OR2_X1)
                                         g6927 (net)
                  0.01    0.00    1.12 v U_g6929/A2 (NAND2_X1)
     1    1.08    0.01    0.02    1.14 ^ U_g6929/ZN (NAND2_X1)
                                         g6929 (net)
                  0.01    0.00    1.14 ^ U_g6931/A2 (OR2_X1)
     1    1.24    0.01    0.02    1.16 ^ U_g6931/ZN (OR2_X1)
                                         g6931 (net)
                  0.01    0.00    1.16 ^ U_g6934/A1 (AND2_X1)
     1    1.51    0.01    0.03    1.19 ^ U_g6934/ZN (AND2_X1)
                                         g6934 (net)
                  0.01    0.00    1.19 ^ U_g6937/A2 (OR2_X1)
     1    1.24    0.01    0.02    1.21 ^ U_g6937/ZN (OR2_X1)
                                         g6937 (net)
                  0.01    0.00    1.21 ^ U_g123/D (SDFF_X1)
                                  1.21   data arrival time

                         10.00   10.00   clock clk (rise edge)
                          0.00   10.00   clock source latency
     1   10.26    0.00    0.00   10.00 ^ CK (in)
                                         CK (net)
                  0.00    0.00   10.00 ^ clkbuf_0_CK/A (CLKBUF_X3)
     4   13.47    0.01    0.03   10.04 ^ clkbuf_0_CK/Z (CLKBUF_X3)
                                         clknet_0_CK (net)
                  0.01    0.00   10.04 ^ clkbuf_2_0__f_CK/A (CLKBUF_X3)
    10   25.11    0.02    0.05   10.09 ^ clkbuf_2_0__f_CK/Z (CLKBUF_X3)
                                         clknet_2_0__leaf_CK (net)
                  0.02    0.00   10.09 ^ clkbuf_leaf_30_CK/A (CLKBUF_X3)
     7    9.55    0.01    0.04   10.13 ^ clkbuf_leaf_30_CK/Z (CLKBUF_X3)
                                         clknet_leaf_30_CK (net)
                  0.01    0.00   10.13 ^ U_g123/CK (SDFF_X1)
                          0.00   10.13   clock reconvergence pessimism
                         -0.07   10.06   library setup time
                                 10.06   data required time
-----------------------------------------------------------------------------
                                 10.06   data required time
                                 -1.21   data arrival time
-----------------------------------------------------------------------------
                                  8.84   slack (MET)



==========================================================================
cts final report_checks -unconstrained
--------------------------------------------------------------------------
Startpoint: U_g697 (rising edge-triggered flip-flop clocked by clk)
Endpoint: U_g123 (rising edge-triggered flip-flop clocked by clk)
Path Group: clk
Path Type: max

Fanout     Cap    Slew   Delay    Time   Description
-----------------------------------------------------------------------------
                          0.00    0.00   clock clk (rise edge)
                          0.00    0.00   clock source latency
     1   10.26    0.00    0.00    0.00 ^ CK (in)
                                         CK (net)
                  0.00    0.00    0.00 ^ clkbuf_0_CK/A (CLKBUF_X3)
     4   13.47    0.01    0.03    0.04 ^ clkbuf_0_CK/Z (CLKBUF_X3)
                                         clknet_0_CK (net)
                  0.01    0.00    0.04 ^ clkbuf_2_1__f_CK/A (CLKBUF_X3)
     8   23.38    0.02    0.05    0.08 ^ clkbuf_2_1__f_CK/Z (CLKBUF_X3)
                                         clknet_2_1__leaf_CK (net)
                  0.02    0.00    0.08 ^ clkbuf_leaf_29_CK/A (CLKBUF_X3)
     8   10.92    0.01    0.04    0.13 ^ clkbuf_leaf_29_CK/Z (CLKBUF_X3)
                                         clknet_leaf_29_CK (net)
                  0.01    0.00    0.13 ^ U_g697/CK (SDFF_X1)
    19   34.14    0.08    0.15    0.27 ^ U_g697/Q (SDFF_X1)
                                         g697 (net)
                  0.08    0.00    0.27 ^ U_g3353/A1 (AND2_X1)
     1    1.78    0.01    0.05    0.32 ^ U_g3353/ZN (AND2_X1)
                                         g3353 (net)
                  0.01    0.00    0.32 ^ U_g3959/A1 (NOR2_X1)
     1    1.10    0.00    0.01    0.33 v U_g3959/ZN (NOR2_X1)
                                         g3959 (net)
                  0.00    0.00    0.33 v U_g4178/A1 (AND2_X1)
     2    3.04    0.01    0.03    0.36 v U_g4178/ZN (AND2_X1)
                                         g4178 (net)
                  0.01    0.00    0.36 v U_g4591/A1 (NOR2_X1)
     1    1.08    0.01    0.02    0.37 ^ U_g4591/ZN (NOR2_X1)
                                         g4591 (net)
                  0.01    0.00    0.37 ^ U_g4685/A1 (AND2_X1)
     1    1.87    0.01    0.03    0.41 ^ U_g4685/ZN (AND2_X1)
                                         g4685 (net)
                  0.01    0.00    0.41 ^ U_g5094/A1 (NOR2_X1)
     1    1.02    0.01    0.01    0.41 v U_g5094/ZN (NOR2_X1)
                                         g5094 (net)
                  0.01    0.00    0.41 v U_g5175/A1 (AND2_X1)
     1    1.74    0.01    0.03    0.44 v U_g5175/ZN (AND2_X1)
                                         g5175 (net)
                  0.01    0.00    0.44 v U_g5423/A2 (NOR2_X1)
     2    3.49    0.02    0.04    0.48 ^ U_g5423/ZN (NOR2_X1)
                                         g5423 (net)
                  0.02    0.00    0.48 ^ U_I8201/A2 (NAND2_X1)
     2    3.11    0.02    0.02    0.50 v U_I8201/ZN (NAND2_X1)
                                         I8201 (net)
                  0.02    0.00    0.50 v U_I8203/A2 (NAND2_X1)
     1    1.77    0.01    0.02    0.52 ^ U_I8203/ZN (NAND2_X1)
                                         I8203 (net)
                  0.01    0.00    0.52 ^ U_g6397/A2 (NAND2_X1)
     2    2.06    0.01    0.01    0.53 v U_g6397/ZN (NAND2_X1)
                                         g6397 (net)
                  0.01    0.00    0.53 v U_g6473/A2 (AND3_X1)
     1    0.82    0.01    0.03    0.56 v U_g6473/ZN (AND3_X1)
                                         g6473 (net)
                  0.01    0.00    0.56 v U_g6549/A1 (OR2_X1)
     2    2.18    0.01    0.04    0.61 v U_g6549/ZN (OR2_X1)
                                         g6549 (net)
                  0.01    0.00    0.61 v U_g6640/A2 (AND2_X1)
     2    1.79    0.01    0.03    0.64 v U_g6640/ZN (AND2_X1)
                                         g6640 (net)
                  0.01    0.00    0.64 v U_g6673/A2 (OR4_X1)
     2    2.54    0.02    0.10    0.74 v U_g6673/ZN (OR4_X1)
                                         g6673 (net)
                  0.02    0.00    0.74 v U_g6715/A (INV_X1)
     1    1.00    0.01    0.01    0.76 ^ U_g6715/ZN (INV_X1)
                                         g6715 (net)
                  0.01    0.00    0.76 ^ U_g6739/A1 (AND3_X1)
     1    1.07    0.01    0.04    0.79 ^ U_g6739/ZN (AND3_X1)
                                         g6739 (net)
                  0.01    0.00    0.79 ^ U_g6762/A3 (OR3_X1)
     3    6.13    0.02    0.04    0.83 ^ U_g6762/ZN (OR3_X1)
                                         g6762 (net)
                  0.02    0.00    0.83 ^ U_g6778/A1 (NAND2_X1)
     2    2.34    0.01    0.02    0.85 v U_g6778/ZN (NAND2_X1)
                                         g6778 (net)
                  0.01    0.00    0.85 v U_g6847/A2 (OR2_X1)
     1    1.18    0.01    0.05    0.90 v U_g6847/ZN (OR2_X1)
                                         g6847 (net)
                  0.01    0.00    0.90 v U_g6852/A1 (AND2_X1)
     1    0.83    0.01    0.03    0.92 v U_g6852/ZN (AND2_X1)
                                         g6852 (net)
                  0.01    0.00    0.92 v U_g6864/A1 (OR2_X1)
     2    1.94    0.01    0.04    0.97 v U_g6864/ZN (OR2_X1)
                                         g6864 (net)
                  0.01    0.00    0.97 v U_g6916/A2 (AND2_X1)
     2    1.86    0.01    0.03    1.00 v U_g6916/ZN (AND2_X1)
                                         g6916 (net)
                  0.01    0.00    1.00 v U_g6920/A2 (OR2_X1)
     2    1.91    0.01    0.05    1.05 v U_g6920/ZN (OR2_X1)
                                         g6920 (net)
                  0.01    0.00    1.05 v U_g6924/A2 (AND2_X1)
     1    1.27    0.01    0.03    1.08 v U_g6924/ZN (AND2_X1)
                                         g6924 (net)
                  0.01    0.00    1.08 v U_g6927/A2 (OR2_X1)
     1    1.68    0.01    0.05    1.12 v U_g6927/ZN (OR2_X1)
                                         g6927 (net)
                  0.01    0.00    1.12 v U_g6929/A2 (NAND2_X1)
     1    1.08    0.01    0.02    1.14 ^ U_g6929/ZN (NAND2_X1)
                                         g6929 (net)
                  0.01    0.00    1.14 ^ U_g6931/A2 (OR2_X1)
     1    1.24    0.01    0.02    1.16 ^ U_g6931/ZN (OR2_X1)
                                         g6931 (net)
                  0.01    0.00    1.16 ^ U_g6934/A1 (AND2_X1)
     1    1.51    0.01    0.03    1.19 ^ U_g6934/ZN (AND2_X1)
                                         g6934 (net)
                  0.01    0.00    1.19 ^ U_g6937/A2 (OR2_X1)
     1    1.24    0.01    0.02    1.21 ^ U_g6937/ZN (OR2_X1)
                                         g6937 (net)
                  0.01    0.00    1.21 ^ U_g123/D (SDFF_X1)
                                  1.21   data arrival time

                         10.00   10.00   clock clk (rise edge)
                          0.00   10.00   clock source latency
     1   10.26    0.00    0.00   10.00 ^ CK (in)
                                         CK (net)
                  0.00    0.00   10.00 ^ clkbuf_0_CK/A (CLKBUF_X3)
     4   13.47    0.01    0.03   10.04 ^ clkbuf_0_CK/Z (CLKBUF_X3)
                                         clknet_0_CK (net)
                  0.01    0.00   10.04 ^ clkbuf_2_0__f_CK/A (CLKBUF_X3)
    10   25.11    0.02    0.05   10.09 ^ clkbuf_2_0__f_CK/Z (CLKBUF_X3)
                                         clknet_2_0__leaf_CK (net)
                  0.02    0.00   10.09 ^ clkbuf_leaf_30_CK/A (CLKBUF_X3)
     7    9.55    0.01    0.04   10.13 ^ clkbuf_leaf_30_CK/Z (CLKBUF_X3)
                                         clknet_leaf_30_CK (net)
                  0.01    0.00   10.13 ^ U_g123/CK (SDFF_X1)
                          0.00   10.13   clock reconvergence pessimism
                         -0.07   10.06   library setup time
                                 10.06   data required time
-----------------------------------------------------------------------------
                                 10.06   data required time
                                 -1.21   data arrival time
-----------------------------------------------------------------------------
                                  8.84   slack (MET)



==========================================================================
cts final report_check_types -max_slew -max_cap -max_fanout -violators
--------------------------------------------------------------------------

==========================================================================
cts final max_slew_check_slack
--------------------------------------------------------------------------
0.08114256709814072

==========================================================================
cts final max_slew_check_limit
--------------------------------------------------------------------------
0.1985349953174591

==========================================================================
cts final max_slew_check_slack_limit
--------------------------------------------------------------------------
0.4087

==========================================================================
cts final max_fanout_check_slack
--------------------------------------------------------------------------
1.0000000150474662e+30

==========================================================================
cts final max_fanout_check_limit
--------------------------------------------------------------------------
1.0000000150474662e+30

==========================================================================
cts final max_capacitance_check_slack
--------------------------------------------------------------------------
0.9128084182739258

==========================================================================
cts final max_capacitance_check_limit
--------------------------------------------------------------------------
16.021699905395508

==========================================================================
cts final max_capacitance_check_slack_limit
--------------------------------------------------------------------------
0.0570

==========================================================================
cts final max_slew_violation_count
--------------------------------------------------------------------------
max slew violation count 0

==========================================================================
cts final max_fanout_violation_count
--------------------------------------------------------------------------
max fanout violation count 0

==========================================================================
cts final max_cap_violation_count
--------------------------------------------------------------------------
max cap violation count 0

==========================================================================
cts final setup_violation_count
--------------------------------------------------------------------------
setup violation count 0

==========================================================================
cts final hold_violation_count
--------------------------------------------------------------------------
hold violation count 0

==========================================================================
cts final report_checks -path_delay max reg to reg
--------------------------------------------------------------------------
Startpoint: U_g697 (rising edge-triggered flip-flop clocked by clk)
Endpoint: U_g123 (rising edge-triggered flip-flop clocked by clk)
Path Group: clk
Path Type: max

  Delay    Time   Description
---------------------------------------------------------
   0.00    0.00   clock clk (rise edge)
   0.00    0.00   clock source latency
   0.00    0.00 ^ CK (in)
   0.04    0.04 ^ clkbuf_0_CK/Z (CLKBUF_X3)
   0.05    0.08 ^ clkbuf_2_1__f_CK/Z (CLKBUF_X3)
   0.04    0.13 ^ clkbuf_leaf_29_CK/Z (CLKBUF_X3)
   0.00    0.13 ^ U_g697/CK (SDFF_X1)
   0.15    0.27 ^ U_g697/Q (SDFF_X1)
   0.05    0.32 ^ U_g3353/ZN (AND2_X1)
   0.01    0.33 v U_g3959/ZN (NOR2_X1)
   0.03    0.36 v U_g4178/ZN (AND2_X1)
   0.02    0.37 ^ U_g4591/ZN (NOR2_X1)
   0.03    0.41 ^ U_g4685/ZN (AND2_X1)
   0.01    0.41 v U_g5094/ZN (NOR2_X1)
   0.03    0.44 v U_g5175/ZN (AND2_X1)
   0.04    0.48 ^ U_g5423/ZN (NOR2_X1)
   0.02    0.50 v U_I8201/ZN (NAND2_X1)
   0.02    0.52 ^ U_I8203/ZN (NAND2_X1)
   0.01    0.53 v U_g6397/ZN (NAND2_X1)
   0.03    0.56 v U_g6473/ZN (AND3_X1)
   0.04    0.61 v U_g6549/ZN (OR2_X1)
   0.03    0.64 v U_g6640/ZN (AND2_X1)
   0.10    0.74 v U_g6673/ZN (OR4_X1)
   0.01    0.76 ^ U_g6715/ZN (INV_X1)
   0.04    0.79 ^ U_g6739/ZN (AND3_X1)
   0.04    0.83 ^ U_g6762/ZN (OR3_X1)
   0.02    0.85 v U_g6778/ZN (NAND2_X1)
   0.05    0.90 v U_g6847/ZN (OR2_X1)
   0.03    0.92 v U_g6852/ZN (AND2_X1)
   0.04    0.97 v U_g6864/ZN (OR2_X1)
   0.03    1.00 v U_g6916/ZN (AND2_X1)
   0.05    1.05 v U_g6920/ZN (OR2_X1)
   0.03    1.08 v U_g6924/ZN (AND2_X1)
   0.05    1.12 v U_g6927/ZN (OR2_X1)
   0.02    1.14 ^ U_g6929/ZN (NAND2_X1)
   0.02    1.16 ^ U_g6931/ZN (OR2_X1)
   0.03    1.19 ^ U_g6934/ZN (AND2_X1)
   0.02    1.21 ^ U_g6937/ZN (OR2_X1)
   0.00    1.21 ^ U_g123/D (SDFF_X1)
           1.21   data arrival time

  10.00   10.00   clock clk (rise edge)
   0.00   10.00   clock source latency
   0.00   10.00 ^ CK (in)
   0.04   10.04 ^ clkbuf_0_CK/Z (CLKBUF_X3)
   0.05   10.09 ^ clkbuf_2_0__f_CK/Z (CLKBUF_X3)
   0.04   10.13 ^ clkbuf_leaf_30_CK/Z (CLKBUF_X3)
   0.00   10.13 ^ U_g123/CK (SDFF_X1)
   0.00   10.13   clock reconvergence pessimism
  -0.07   10.06   library setup time
          10.06   data required time
---------------------------------------------------------
          10.06   data required time
          -1.21   data arrival time
---------------------------------------------------------
           8.84   slack (MET)



==========================================================================
cts final report_checks -path_delay min reg to reg
--------------------------------------------------------------------------
Startpoint: U_g117 (rising edge-triggered flip-flop clocked by clk)
Endpoint: U_g524 (rising edge-triggered flip-flop clocked by clk)
Path Group: clk
Path Type: min

  Delay    Time   Description
---------------------------------------------------------
   0.00    0.00   clock clk (rise edge)
   0.00    0.00   clock source latency
   0.00    0.00 ^ CK (in)
   0.04    0.04 ^ clkbuf_0_CK/Z (CLKBUF_X3)
   0.05    0.09 ^ clkbuf_2_0__f_CK/Z (CLKBUF_X3)
   0.04    0.13 ^ clkbuf_leaf_0_CK/Z (CLKBUF_X3)
   0.00    0.13 ^ U_g117/CK (SDFF_X1)
   0.07    0.19 ^ U_g117/Q (SDFF_X1)
   0.00    0.19 ^ U_g524/SI (SDFF_X1)
           0.19   data arrival time

   0.00    0.00   clock clk (rise edge)
   0.00    0.00   clock source latency
   0.00    0.00 ^ CK (in)
   0.04    0.04 ^ clkbuf_0_CK/Z (CLKBUF_X3)
   0.05    0.09 ^ clkbuf_2_0__f_CK/Z (CLKBUF_X3)
   0.04    0.13 ^ clkbuf_leaf_0_CK/Z (CLKBUF_X3)
   0.00    0.13 ^ U_g524/CK (SDFF_X1)
   0.00    0.13   clock reconvergence pessimism
  -0.01    0.11   library hold time
           0.11   data required time
---------------------------------------------------------
           0.11   data required time
          -0.19   data arrival time
---------------------------------------------------------
           0.08   slack (MET)



==========================================================================
cts final critical path target clock latency max path
--------------------------------------------------------------------------
0.1260

==========================================================================
cts final critical path target clock latency min path
--------------------------------------------------------------------------
0.1259

==========================================================================
cts final critical path source clock latency min path
--------------------------------------------------------------------------
0.0000

==========================================================================
cts final critical path delay
--------------------------------------------------------------------------
1.2138

==========================================================================
cts final critical path slack
--------------------------------------------------------------------------
8.8431

==========================================================================
cts final slack div critical path delay
--------------------------------------------------------------------------
728.546713

==========================================================================
cts final report_power
--------------------------------------------------------------------------
Group                  Internal  Switching    Leakage      Total
                          Power      Power      Power      Power (Watts)
----------------------------------------------------------------
Sequential             2.51e-04   1.13e-04   2.11e-05   3.85e-04  36.8%
Combinational          2.97e-04   2.06e-04   5.37e-05   5.56e-04  53.2%
Clock                  4.86e-05   5.41e-05   1.65e-06   1.04e-04  10.0%
Macro                  0.00e+00   0.00e+00   0.00e+00   0.00e+00   0.0%
Pad                    0.00e+00   0.00e+00   0.00e+00   0.00e+00   0.0%
----------------------------------------------------------------
Total                  5.96e-04   3.73e-04   7.65e-05   1.05e-03 100.0%
                          57.0%      35.7%       7.3%
