
==========================================================================
global route report_tns
--------------------------------------------------------------------------
tns max 0.00

==========================================================================
global route report_wns
--------------------------------------------------------------------------
wns max 0.00

==========================================================================
global route report_worst_slack
--------------------------------------------------------------------------
worst slack max 8.81

==========================================================================
global route report_clock_min_period
--------------------------------------------------------------------------
clk period_min = 1.19 fmax = 837.13

==========================================================================
global route report_clock_skew
--------------------------------------------------------------------------
Clock clk
   0.13 source latency U_g210/CK ^
  -0.13 target latency U_g11/CK ^
   0.00 CRPR
--------------
  -0.01 setup skew


==========================================================================
global route report_checks -path_delay min
--------------------------------------------------------------------------
Startpoint: test_se (input port clocked by clk)
Endpoint: U_g689 (rising edge-triggered flip-flop clocked by clk)
Path Group: clk
Path Type: min

Fanout     Cap    Slew   Delay    Time   Description
-----------------------------------------------------------------------------
                          0.00    0.00   clock clk (rise edge)
                          0.00    0.00   clock network delay (propagated)
                          0.00    0.00 ^ input external delay
     1    1.12    0.00    0.00    0.00 ^ test_se (in)
                                         test_se (net)
                  0.00    0.00    0.00 ^ hold133/A (CLKBUF_X1)
     1    1.58    0.01    0.02    0.02 ^ hold133/Z (CLKBUF_X1)
                                         net132 (net)
                  0.01    0.00    0.03 ^ input37/A (CLKBUF_X3)
    39  101.10    0.07    0.10    0.12 ^ input37/Z (CLKBUF_X3)
                                         net37 (net)
                  0.07    0.01    0.13 ^ U_g689/SE (SDFF_X1)
                                  0.13   data arrival time

                          0.00    0.00   clock clk (rise edge)
                          0.00    0.00   clock source latency
     1   10.97    0.00    0.00    0.00 ^ CK (in)
                                         CK (net)
                  0.00    0.00    0.00 ^ clkbuf_0_CK/A (CLKBUF_X3)
     4   14.37    0.01    0.04    0.04 ^ clkbuf_0_CK/Z (CLKBUF_X3)
                                         clknet_0_CK (net)
                  0.01    0.00    0.04 ^ clkbuf_2_3__f_CK/A (CLKBUF_X3)
     9   28.48    0.02    0.05    0.09 ^ clkbuf_2_3__f_CK/Z (CLKBUF_X3)
                                         clknet_2_3__leaf_CK (net)
                  0.02    0.00    0.09 ^ clkbuf_leaf_20_CK/A (CLKBUF_X3)
     8   11.65    0.01    0.04    0.13 ^ clkbuf_leaf_20_CK/Z (CLKBUF_X3)
                                         clknet_leaf_20_CK (net)
                  0.01    0.00    0.13 ^ U_g689/CK (SDFF_X1)
                          0.00    0.13   clock reconvergence pessimism
                          0.00    0.13   library hold time
                                  0.13   data required time
-----------------------------------------------------------------------------
                                  0.13   data required time
                                 -0.13   data arrival time
-----------------------------------------------------------------------------
                                  0.00   slack (MET)



==========================================================================
global route report_checks -path_delay max
--------------------------------------------------------------------------
Startpoint: U_g697 (rising edge-triggered flip-flop clocked by clk)
Endpoint: U_g127 (rising edge-triggered flip-flop clocked by clk)
Path Group: clk
Path Type: max

Fanout     Cap    Slew   Delay    Time   Description
-----------------------------------------------------------------------------
                          0.00    0.00   clock clk (rise edge)
                          0.00    0.00   clock source latency
     1   10.97    0.00    0.00    0.00 ^ CK (in)
                                         CK (net)
                  0.00    0.00    0.00 ^ clkbuf_0_CK/A (CLKBUF_X3)
     4   14.37    0.01    0.04    0.04 ^ clkbuf_0_CK/Z (CLKBUF_X3)
                                         clknet_0_CK (net)
                  0.01    0.00    0.04 ^ clkbuf_2_1__f_CK/A (CLKBUF_X3)
     8   24.26    0.02    0.05    0.09 ^ clkbuf_2_1__f_CK/Z (CLKBUF_X3)
                                         clknet_2_1__leaf_CK (net)
                  0.02    0.00    0.09 ^ clkbuf_leaf_29_CK/A (CLKBUF_X3)
     8   11.66    0.01    0.04    0.13 ^ clkbuf_leaf_29_CK/Z (CLKBUF_X3)
                                         clknet_leaf_29_CK (net)
                  0.01    0.00    0.13 ^ U_g697/CK (SDFF_X1)
    19   35.22    0.08    0.15    0.28 ^ U_g697/Q (SDFF_X1)
                                         g697 (net)
                  0.08    0.00    0.28 ^ U_g3337/A1 (AND2_X1)
     1    2.10    0.01    0.05    0.33 ^ U_g3337/ZN (AND2_X1)
                                         g3337 (net)
                  0.01    0.00    0.33 ^ U_g3956/A1 (NOR2_X1)
     1    1.13    0.01    0.01    0.33 v U_g3956/ZN (NOR2_X1)
                                         g3956 (net)
                  0.01    0.00    0.33 v U_g4171/A1 (AND2_X1)
     1    1.64    0.01    0.03    0.36 v U_g4171/ZN (AND2_X1)
                                         g4171 (net)
                  0.01    0.00    0.36 v U_g4585/A1 (NOR2_X1)
     1    1.41    0.01    0.02    0.38 ^ U_g4585/ZN (NOR2_X1)
                                         g4585 (net)
                  0.01    0.00    0.38 ^ U_g4683/A1 (AND2_X1)
     1    2.48    0.01    0.03    0.42 ^ U_g4683/ZN (AND2_X1)
                                         g4683 (net)
                  0.01    0.00    0.42 ^ U_g5093/A1 (NOR2_X1)
     1    1.06    0.00    0.01    0.42 v U_g5093/ZN (NOR2_X1)
                                         g5093 (net)
                  0.00    0.00    0.42 v U_g5169/A1 (AND2_X1)
     1    1.70    0.01    0.03    0.45 v U_g5169/ZN (AND2_X1)
                                         g5169 (net)
                  0.01    0.00    0.45 v U_g5418/A2 (NOR2_X1)
     2    3.79    0.02    0.04    0.49 ^ U_g5418/ZN (NOR2_X1)
                                         g5418 (net)
                  0.02    0.00    0.49 ^ U_I8194/A2 (NAND2_X1)
     2    3.54    0.02    0.02    0.51 v U_I8194/ZN (NAND2_X1)
                                         I8194 (net)
                  0.02    0.00    0.51 v U_I8196/A2 (NAND2_X1)
     1    2.10    0.01    0.02    0.53 ^ U_I8196/ZN (NAND2_X1)
                                         I8196 (net)
                  0.01    0.00    0.53 ^ U_g6394/A2 (NAND2_X1)
     2    2.70    0.01    0.02    0.55 v U_g6394/ZN (NAND2_X1)
                                         g6394 (net)
                  0.01    0.00    0.55 v U_g6468/A2 (AND3_X1)
     1    1.43    0.01    0.03    0.58 v U_g6468/ZN (AND3_X1)
                                         g6468 (net)
                  0.01    0.00    0.58 v U_g6545/A1 (OR2_X1)
     2    3.04    0.01    0.05    0.63 v U_g6545/ZN (OR2_X1)
                                         g6545 (net)
                  0.01    0.00    0.63 v U_g6634/A2 (AND2_X1)
     2    2.23    0.01    0.03    0.66 v U_g6634/ZN (AND2_X1)
                                         g6634 (net)
                  0.01    0.00    0.66 v U_g6670/A2 (OR4_X1)
     2    3.07    0.02    0.11    0.76 v U_g6670/ZN (OR4_X1)
                                         g6670 (net)
                  0.02    0.00    0.76 v U_g6714/A (INV_X1)
     1    0.93    0.01    0.01    0.78 ^ U_g6714/ZN (INV_X1)
                                         g6714 (net)
                  0.01    0.00    0.78 ^ U_g6737/A1 (AND3_X1)
     1    1.36    0.01    0.04    0.82 ^ U_g6737/ZN (AND3_X1)
                                         g6737 (net)
                  0.01    0.00    0.82 ^ U_g6754/A3 (OR3_X1)
     3    4.39    0.01    0.03    0.85 ^ U_g6754/ZN (OR3_X1)
                                         g6754 (net)
                  0.01    0.00    0.85 ^ U_g6774/A1 (NAND2_X1)
     2    3.65    0.01    0.02    0.87 v U_g6774/ZN (NAND2_X1)
                                         g6774 (net)
                  0.01    0.00    0.87 v U_g6846/A2 (OR2_X1)
     1    2.86    0.01    0.05    0.92 v U_g6846/ZN (OR2_X1)
                                         g6846 (net)
                  0.01    0.00    0.92 v U_g6851/A1 (AND2_X1)
     1    1.29    0.01    0.03    0.95 v U_g6851/ZN (AND2_X1)
                                         g6851 (net)
                  0.01    0.00    0.95 v U_g6855/A1 (OR2_X1)
     2    2.88    0.01    0.05    1.00 v U_g6855/ZN (OR2_X1)
                                         g6855 (net)
                  0.01    0.00    1.00 v U_g6911/A2 (AND2_X1)
     2    3.09    0.01    0.03    1.03 v U_g6911/ZN (AND2_X1)
                                         g6911 (net)
                  0.01    0.00    1.03 v U_g6917/A2 (OR2_X1)
     2    2.51    0.01    0.05    1.08 v U_g6917/ZN (OR2_X1)
                                         g6917 (net)
                  0.01    0.00    1.08 v U_g6923/A2 (AND2_X1)
     1    1.39    0.01    0.03    1.11 v U_g6923/ZN (AND2_X1)
                                         g6923 (net)
                  0.01    0.00    1.11 v U_g6926/A2 (OR2_X1)
     1    2.10    0.01    0.05    1.16 v U_g6926/ZN (OR2_X1)
                                         g6926 (net)
                  0.01    0.00    1.16 v U_g6928/A2 (NAND2_X1)
     1    1.86    0.01    0.02    1.18 ^ U_g6928/ZN (NAND2_X1)
                                         g6928 (net)
                  0.01    0.00    1.18 ^ U_g6930/A2 (OR2_X1)
     1    1.43    0.01    0.02    1.20 ^ U_g6930/ZN (OR2_X1)
                                         g6930 (net)
                  0.01    0.00    1.20 ^ U_g6935/A1 (AND2_X1)
     1    1.12    0.01    0.03    1.23 ^ U_g6935/ZN (AND2_X1)
                                         g6935 (net)
                  0.01    0.00    1.23 ^ U_g6936/A2 (OR2_X1)
     1    1.63    0.01    0.02    1.25 ^ U_g6936/ZN (OR2_X1)
                                         g6936 (net)
                  0.01    0.00    1.25 ^ U_g127/D (SDFF_X1)
                                  1.25   data arrival time

                         10.00   10.00   clock clk (rise edge)
                          0.00   10.00   clock source latency
     1   10.97    0.00    0.00   10.00 ^ CK (in)
                                         CK (net)
                  0.00    0.00   10.00 ^ clkbuf_0_CK/A (CLKBUF_X3)
     4   14.37    0.01    0.04   10.04 ^ clkbuf_0_CK/Z (CLKBUF_X3)
                                         clknet_0_CK (net)
                  0.01    0.00   10.04 ^ clkbuf_2_1__f_CK/A (CLKBUF_X3)
     8   24.26    0.02    0.05   10.09 ^ clkbuf_2_1__f_CK/Z (CLKBUF_X3)
                                         clknet_2_1__leaf_CK (net)
                  0.02    0.00   10.09 ^ clkbuf_leaf_29_CK/A (CLKBUF_X3)
     8   11.66    0.01    0.04   10.13 ^ clkbuf_leaf_29_CK/Z (CLKBUF_X3)
                                         clknet_leaf_29_CK (net)
                  0.01    0.00   10.13 ^ U_g127/CK (SDFF_X1)
                          0.00   10.13   clock reconvergence pessimism
                         -0.07   10.06   library setup time
                                 10.06   data required time
-----------------------------------------------------------------------------
                                 10.06   data required time
                                 -1.25   data arrival time
-----------------------------------------------------------------------------
                                  8.81   slack (MET)



==========================================================================
global route report_checks -unconstrained
--------------------------------------------------------------------------
Startpoint: U_g697 (rising edge-triggered flip-flop clocked by clk)
Endpoint: U_g127 (rising edge-triggered flip-flop clocked by clk)
Path Group: clk
Path Type: max

Fanout     Cap    Slew   Delay    Time   Description
-----------------------------------------------------------------------------
                          0.00    0.00   clock clk (rise edge)
                          0.00    0.00   clock source latency
     1   10.97    0.00    0.00    0.00 ^ CK (in)
                                         CK (net)
                  0.00    0.00    0.00 ^ clkbuf_0_CK/A (CLKBUF_X3)
     4   14.37    0.01    0.04    0.04 ^ clkbuf_0_CK/Z (CLKBUF_X3)
                                         clknet_0_CK (net)
                  0.01    0.00    0.04 ^ clkbuf_2_1__f_CK/A (CLKBUF_X3)
     8   24.26    0.02    0.05    0.09 ^ clkbuf_2_1__f_CK/Z (CLKBUF_X3)
                                         clknet_2_1__leaf_CK (net)
                  0.02    0.00    0.09 ^ clkbuf_leaf_29_CK/A (CLKBUF_X3)
     8   11.66    0.01    0.04    0.13 ^ clkbuf_leaf_29_CK/Z (CLKBUF_X3)
                                         clknet_leaf_29_CK (net)
                  0.01    0.00    0.13 ^ U_g697/CK (SDFF_X1)
    19   35.22    0.08    0.15    0.28 ^ U_g697/Q (SDFF_X1)
                                         g697 (net)
                  0.08    0.00    0.28 ^ U_g3337/A1 (AND2_X1)
     1    2.10    0.01    0.05    0.33 ^ U_g3337/ZN (AND2_X1)
                                         g3337 (net)
                  0.01    0.00    0.33 ^ U_g3956/A1 (NOR2_X1)
     1    1.13    0.01    0.01    0.33 v U_g3956/ZN (NOR2_X1)
                                         g3956 (net)
                  0.01    0.00    0.33 v U_g4171/A1 (AND2_X1)
     1    1.64    0.01    0.03    0.36 v U_g4171/ZN (AND2_X1)
                                         g4171 (net)
                  0.01    0.00    0.36 v U_g4585/A1 (NOR2_X1)
     1    1.41    0.01    0.02    0.38 ^ U_g4585/ZN (NOR2_X1)
                                         g4585 (net)
                  0.01    0.00    0.38 ^ U_g4683/A1 (AND2_X1)
     1    2.48    0.01    0.03    0.42 ^ U_g4683/ZN (AND2_X1)
                                         g4683 (net)
                  0.01    0.00    0.42 ^ U_g5093/A1 (NOR2_X1)
     1    1.06    0.00    0.01    0.42 v U_g5093/ZN (NOR2_X1)
                                         g5093 (net)
                  0.00    0.00    0.42 v U_g5169/A1 (AND2_X1)
     1    1.70    0.01    0.03    0.45 v U_g5169/ZN (AND2_X1)
                                         g5169 (net)
                  0.01    0.00    0.45 v U_g5418/A2 (NOR2_X1)
     2    3.79    0.02    0.04    0.49 ^ U_g5418/ZN (NOR2_X1)
                                         g5418 (net)
                  0.02    0.00    0.49 ^ U_I8194/A2 (NAND2_X1)
     2    3.54    0.02    0.02    0.51 v U_I8194/ZN (NAND2_X1)
                                         I8194 (net)
                  0.02    0.00    0.51 v U_I8196/A2 (NAND2_X1)
     1    2.10    0.01    0.02    0.53 ^ U_I8196/ZN (NAND2_X1)
                                         I8196 (net)
                  0.01    0.00    0.53 ^ U_g6394/A2 (NAND2_X1)
     2    2.70    0.01    0.02    0.55 v U_g6394/ZN (NAND2_X1)
                                         g6394 (net)
                  0.01    0.00    0.55 v U_g6468/A2 (AND3_X1)
     1    1.43    0.01    0.03    0.58 v U_g6468/ZN (AND3_X1)
                                         g6468 (net)
                  0.01    0.00    0.58 v U_g6545/A1 (OR2_X1)
     2    3.04    0.01    0.05    0.63 v U_g6545/ZN (OR2_X1)
                                         g6545 (net)
                  0.01    0.00    0.63 v U_g6634/A2 (AND2_X1)
     2    2.23    0.01    0.03    0.66 v U_g6634/ZN (AND2_X1)
                                         g6634 (net)
                  0.01    0.00    0.66 v U_g6670/A2 (OR4_X1)
     2    3.07    0.02    0.11    0.76 v U_g6670/ZN (OR4_X1)
                                         g6670 (net)
                  0.02    0.00    0.76 v U_g6714/A (INV_X1)
     1    0.93    0.01    0.01    0.78 ^ U_g6714/ZN (INV_X1)
                                         g6714 (net)
                  0.01    0.00    0.78 ^ U_g6737/A1 (AND3_X1)
     1    1.36    0.01    0.04    0.82 ^ U_g6737/ZN (AND3_X1)
                                         g6737 (net)
                  0.01    0.00    0.82 ^ U_g6754/A3 (OR3_X1)
     3    4.39    0.01    0.03    0.85 ^ U_g6754/ZN (OR3_X1)
                                         g6754 (net)
                  0.01    0.00    0.85 ^ U_g6774/A1 (NAND2_X1)
     2    3.65    0.01    0.02    0.87 v U_g6774/ZN (NAND2_X1)
                                         g6774 (net)
                  0.01    0.00    0.87 v U_g6846/A2 (OR2_X1)
     1    2.86    0.01    0.05    0.92 v U_g6846/ZN (OR2_X1)
                                         g6846 (net)
                  0.01    0.00    0.92 v U_g6851/A1 (AND2_X1)
     1    1.29    0.01    0.03    0.95 v U_g6851/ZN (AND2_X1)
                                         g6851 (net)
                  0.01    0.00    0.95 v U_g6855/A1 (OR2_X1)
     2    2.88    0.01    0.05    1.00 v U_g6855/ZN (OR2_X1)
                                         g6855 (net)
                  0.01    0.00    1.00 v U_g6911/A2 (AND2_X1)
     2    3.09    0.01    0.03    1.03 v U_g6911/ZN (AND2_X1)
                                         g6911 (net)
                  0.01    0.00    1.03 v U_g6917/A2 (OR2_X1)
     2    2.51    0.01    0.05    1.08 v U_g6917/ZN (OR2_X1)
                                         g6917 (net)
                  0.01    0.00    1.08 v U_g6923/A2 (AND2_X1)
     1    1.39    0.01    0.03    1.11 v U_g6923/ZN (AND2_X1)
                                         g6923 (net)
                  0.01    0.00    1.11 v U_g6926/A2 (OR2_X1)
     1    2.10    0.01    0.05    1.16 v U_g6926/ZN (OR2_X1)
                                         g6926 (net)
                  0.01    0.00    1.16 v U_g6928/A2 (NAND2_X1)
     1    1.86    0.01    0.02    1.18 ^ U_g6928/ZN (NAND2_X1)
                                         g6928 (net)
                  0.01    0.00    1.18 ^ U_g6930/A2 (OR2_X1)
     1    1.43    0.01    0.02    1.20 ^ U_g6930/ZN (OR2_X1)
                                         g6930 (net)
                  0.01    0.00    1.20 ^ U_g6935/A1 (AND2_X1)
     1    1.12    0.01    0.03    1.23 ^ U_g6935/ZN (AND2_X1)
                                         g6935 (net)
                  0.01    0.00    1.23 ^ U_g6936/A2 (OR2_X1)
     1    1.63    0.01    0.02    1.25 ^ U_g6936/ZN (OR2_X1)
                                         g6936 (net)
                  0.01    0.00    1.25 ^ U_g127/D (SDFF_X1)
                                  1.25   data arrival time

                         10.00   10.00   clock clk (rise edge)
                          0.00   10.00   clock source latency
     1   10.97    0.00    0.00   10.00 ^ CK (in)
                                         CK (net)
                  0.00    0.00   10.00 ^ clkbuf_0_CK/A (CLKBUF_X3)
     4   14.37    0.01    0.04   10.04 ^ clkbuf_0_CK/Z (CLKBUF_X3)
                                         clknet_0_CK (net)
                  0.01    0.00   10.04 ^ clkbuf_2_1__f_CK/A (CLKBUF_X3)
     8   24.26    0.02    0.05   10.09 ^ clkbuf_2_1__f_CK/Z (CLKBUF_X3)
                                         clknet_2_1__leaf_CK (net)
                  0.02    0.00   10.09 ^ clkbuf_leaf_29_CK/A (CLKBUF_X3)
     8   11.66    0.01    0.04   10.13 ^ clkbuf_leaf_29_CK/Z (CLKBUF_X3)
                                         clknet_leaf_29_CK (net)
                  0.01    0.00   10.13 ^ U_g127/CK (SDFF_X1)
                          0.00   10.13   clock reconvergence pessimism
                         -0.07   10.06   library setup time
                                 10.06   data required time
-----------------------------------------------------------------------------
                                 10.06   data required time
                                 -1.25   data arrival time
-----------------------------------------------------------------------------
                                  8.81   slack (MET)



==========================================================================
global route report_check_types -max_slew -max_cap -max_fanout -violators
--------------------------------------------------------------------------

==========================================================================
global route max_slew_check_slack
--------------------------------------------------------------------------
0.07665887475013733

==========================================================================
global route max_slew_check_limit
--------------------------------------------------------------------------
0.1985349953174591

==========================================================================
global route max_slew_check_slack_limit
--------------------------------------------------------------------------
0.3861

==========================================================================
global route max_fanout_check_slack
--------------------------------------------------------------------------
1.0000000150474662e+30

==========================================================================
global route max_fanout_check_limit
--------------------------------------------------------------------------
1.0000000150474662e+30

==========================================================================
global route max_capacitance_check_slack
--------------------------------------------------------------------------
0.17767871916294098

==========================================================================
global route max_capacitance_check_limit
--------------------------------------------------------------------------
16.021699905395508

==========================================================================
global route max_capacitance_check_slack_limit
--------------------------------------------------------------------------
0.0111

==========================================================================
global route max_slew_violation_count
--------------------------------------------------------------------------
max slew violation count 0

==========================================================================
global route max_fanout_violation_count
--------------------------------------------------------------------------
max fanout violation count 0

==========================================================================
global route max_cap_violation_count
--------------------------------------------------------------------------
max cap violation count 0

==========================================================================
global route setup_violation_count
--------------------------------------------------------------------------
setup violation count 0

==========================================================================
global route hold_violation_count
--------------------------------------------------------------------------
hold violation count 0

==========================================================================
global route report_checks -path_delay max reg to reg
--------------------------------------------------------------------------
Startpoint: U_g697 (rising edge-triggered flip-flop clocked by clk)
Endpoint: U_g127 (rising edge-triggered flip-flop clocked by clk)
Path Group: clk
Path Type: max

  Delay    Time   Description
---------------------------------------------------------
   0.00    0.00   clock clk (rise edge)
   0.00    0.00   clock source latency
   0.00    0.00 ^ CK (in)
   0.04    0.04 ^ clkbuf_0_CK/Z (CLKBUF_X3)
   0.05    0.09 ^ clkbuf_2_1__f_CK/Z (CLKBUF_X3)
   0.04    0.13 ^ clkbuf_leaf_29_CK/Z (CLKBUF_X3)
   0.00    0.13 ^ U_g697/CK (SDFF_X1)
   0.15    0.28 ^ U_g697/Q (SDFF_X1)
   0.05    0.33 ^ U_g3337/ZN (AND2_X1)
   0.01    0.33 v U_g3956/ZN (NOR2_X1)
   0.03    0.36 v U_g4171/ZN (AND2_X1)
   0.02    0.38 ^ U_g4585/ZN (NOR2_X1)
   0.03    0.42 ^ U_g4683/ZN (AND2_X1)
   0.01    0.42 v U_g5093/ZN (NOR2_X1)
   0.03    0.45 v U_g5169/ZN (AND2_X1)
   0.04    0.49 ^ U_g5418/ZN (NOR2_X1)
   0.02    0.51 v U_I8194/ZN (NAND2_X1)
   0.02    0.53 ^ U_I8196/ZN (NAND2_X1)
   0.02    0.55 v U_g6394/ZN (NAND2_X1)
   0.03    0.58 v U_g6468/ZN (AND3_X1)
   0.05    0.63 v U_g6545/ZN (OR2_X1)
   0.03    0.66 v U_g6634/ZN (AND2_X1)
   0.11    0.76 v U_g6670/ZN (OR4_X1)
   0.01    0.78 ^ U_g6714/ZN (INV_X1)
   0.04    0.82 ^ U_g6737/ZN (AND3_X1)
   0.03    0.85 ^ U_g6754/ZN (OR3_X1)
   0.02    0.87 v U_g6774/ZN (NAND2_X1)
   0.05    0.92 v U_g6846/ZN (OR2_X1)
   0.03    0.95 v U_g6851/ZN (AND2_X1)
   0.05    1.00 v U_g6855/ZN (OR2_X1)
   0.03    1.03 v U_g6911/ZN (AND2_X1)
   0.05    1.08 v U_g6917/ZN (OR2_X1)
   0.03    1.11 v U_g6923/ZN (AND2_X1)
   0.05    1.16 v U_g6926/ZN (OR2_X1)
   0.02    1.18 ^ U_g6928/ZN (NAND2_X1)
   0.02    1.20 ^ U_g6930/ZN (OR2_X1)
   0.03    1.23 ^ U_g6935/ZN (AND2_X1)
   0.02    1.25 ^ U_g6936/ZN (OR2_X1)
   0.00    1.25 ^ U_g127/D (SDFF_X1)
           1.25   data arrival time

  10.00   10.00   clock clk (rise edge)
   0.00   10.00   clock source latency
   0.00   10.00 ^ CK (in)
   0.04   10.04 ^ clkbuf_0_CK/Z (CLKBUF_X3)
   0.05   10.09 ^ clkbuf_2_1__f_CK/Z (CLKBUF_X3)
   0.04   10.13 ^ clkbuf_leaf_29_CK/Z (CLKBUF_X3)
   0.00   10.13 ^ U_g127/CK (SDFF_X1)
   0.00   10.13   clock reconvergence pessimism
  -0.07   10.06   library setup time
          10.06   data required time
---------------------------------------------------------
          10.06   data required time
          -1.25   data arrival time
---------------------------------------------------------
           8.81   slack (MET)



==========================================================================
global route report_checks -path_delay min reg to reg
--------------------------------------------------------------------------
Startpoint: U_g117 (rising edge-triggered flip-flop clocked by clk)
Endpoint: U_g524 (rising edge-triggered flip-flop clocked by clk)
Path Group: clk
Path Type: min

  Delay    Time   Description
---------------------------------------------------------
   0.00    0.00   clock clk (rise edge)
   0.00    0.00   clock source latency
   0.00    0.00 ^ CK (in)
   0.04    0.04 ^ clkbuf_0_CK/Z (CLKBUF_X3)
   0.05    0.09 ^ clkbuf_2_0__f_CK/Z (CLKBUF_X3)
   0.04    0.13 ^ clkbuf_leaf_0_CK/Z (CLKBUF_X3)
   0.00    0.13 ^ U_g117/CK (SDFF_X1)
   0.07    0.20 ^ U_g117/Q (SDFF_X1)
   0.00    0.20 ^ U_g524/SI (SDFF_X1)
           0.20   data arrival time

   0.00    0.00   clock clk (rise edge)
   0.00    0.00   clock source latency
   0.00    0.00 ^ CK (in)
   0.04    0.04 ^ clkbuf_0_CK/Z (CLKBUF_X3)
   0.05    0.09 ^ clkbuf_2_0__f_CK/Z (CLKBUF_X3)
   0.04    0.13 ^ clkbuf_leaf_0_CK/Z (CLKBUF_X3)
   0.00    0.13 ^ U_g524/CK (SDFF_X1)
   0.00    0.13   clock reconvergence pessimism
  -0.01    0.12   library hold time
           0.12   data required time
---------------------------------------------------------
           0.12   data required time
          -0.20   data arrival time
---------------------------------------------------------
           0.08   slack (MET)



==========================================================================
global route critical path target clock latency max path
--------------------------------------------------------------------------
0.1308

==========================================================================
global route critical path target clock latency min path
--------------------------------------------------------------------------
0.1336

==========================================================================
global route critical path source clock latency min path
--------------------------------------------------------------------------
0.0000

==========================================================================
global route critical path delay
--------------------------------------------------------------------------
1.2545

==========================================================================
global route critical path slack
--------------------------------------------------------------------------
8.8054

==========================================================================
global route slack div critical path delay
--------------------------------------------------------------------------
701.905141

==========================================================================
global route report_power
--------------------------------------------------------------------------
Group                  Internal  Switching    Leakage      Total
                          Power      Power      Power      Power (Watts)
----------------------------------------------------------------
Sequential             2.51e-04   1.19e-04   2.11e-05   3.91e-04  36.1%
Combinational          2.99e-04   2.32e-04   5.38e-05   5.85e-04  53.9%
Clock                  4.88e-05   5.78e-05   1.65e-06   1.08e-04  10.0%
Macro                  0.00e+00   0.00e+00   0.00e+00   0.00e+00   0.0%
Pad                    0.00e+00   0.00e+00   0.00e+00   0.00e+00   0.0%
----------------------------------------------------------------
Total                  5.98e-04   4.09e-04   7.65e-05   1.08e-03 100.0%
                          55.2%      37.7%       7.1%
