OpenROAD 26Q2-1164-g08f67ee5ec 
Features included (+) or not (-): +GPU +GUI +Python
This program is licensed under the BSD-3 license. See the LICENSE file for details.
Components of this program may be licensed under more restrictive licenses which must be honored.
[INFO ORD-0030] Using 4 thread(s).
mkdir -p ./objects/nangate45/s5378/phase0c_f3e7b516a_s19_k8_B0_bb9462b4_7f655d61
/root/pact-deps/OpenROAD-flow-scripts/flow/scripts/flow.sh 4_1_cts cts
Running cts.tcl, stage 4_1_cts
read_liberty /root/pact-deps/OpenROAD-flow-scripts/flow/platforms/nangate45/lib/NangateOpenCellLibrary_typical.lib
read_db ./results/nangate45/s5378/phase0c_f3e7b516a_s19_k8_B0_bb9462b4_7f655d61/3_place.odb
read_sdc ./results/nangate45/s5378/phase0c_f3e7b516a_s19_k8_B0_bb9462b4_7f655d61/3_place.sdc
source /root/pact-deps/OpenROAD-flow-scripts/flow/platforms/nangate45/setRC.tcl
clock_tree_synthesis -sink_clustering_enable -repair_clock_nets
[INFO CTS-0050] Root buffer is CLKBUF_X3.
[INFO CTS-0051] Sink buffer is CLKBUF_X3.
[INFO CTS-0052] The following clock buffers will be used for CTS:
                    CLKBUF_X3
[INFO CTS-0049] Characterization buffer is CLKBUF_X3.
[INFO CTS-0007] Net "CK" found for clock "clk".
[INFO CTS-0010]  Clock net "CK" has 179 sinks.
[INFO CTS-0008] TritonCTS found 1 clock nets.
[INFO CTS-0097] Characterization used 1 buffer(s) types.
[INFO CTS-0201] 0 blockages from hard placement blockages and placed macros will be used.
[INFO CTS-0027] Generating H-Tree topology for net CK.
[INFO CTS-0028]  Total number of sinks: 179.
[INFO CTS-0090]  Sinks will be clustered based on buffer max cap.
[INFO CTS-0030]  Number of static layers: 0.
[INFO CTS-0020]  Wire segment unit: 14000  dbu (7 um).
[INFO CTS-0023]  Original sink region: [(7665, 20600), (162325, 153000)].
[INFO CTS-0024]  Normalized sink region: [(0.5475, 1.47143), (11.5946, 10.9286)].
[INFO CTS-0025]     Width:  11.0471.
[INFO CTS-0026]     Height: 9.4571.
 Level 1
    Direction: Horizontal
    Sinks per sub-region: 90
    Sub-region size: 5.5236 X 9.4571
[INFO CTS-0034]     Segment length (rounded): 2.
 Level 2
    Direction: Vertical
    Sinks per sub-region: 45
    Sub-region size: 5.5236 X 4.7286
[INFO CTS-0034]     Segment length (rounded): 2.
 Level 3
    Direction: Horizontal
    Sinks per sub-region: 23
    Sub-region size: 2.7618 X 4.7286
[INFO CTS-0034]     Segment length (rounded): 1.
 Level 4
    Direction: Vertical
    Sinks per sub-region: 12
    Sub-region size: 2.7618 X 2.3643
[INFO CTS-0034]     Segment length (rounded): 1.
[INFO CTS-0032]  Stop criterion found. Max number of sinks is 15.
[INFO CTS-0035]  Number of sinks covered: 179.
[INFO CTS-0018]     Created 17 clock buffers.
[INFO CTS-0012]     Minimum number of buffers in the clock path: 2.
[INFO CTS-0013]     Maximum number of buffers in the clock path: 2.
[INFO CTS-0015]     Created 17 clock nets.
[INFO CTS-0016]     Fanout distribution for the current clock = 6:1, 7:1, 8:1, 9:4, 10:2, 11:2, 13:1, 14:1, 15:1, 16:1, 22:1..
[INFO CTS-0017]     Max level of the clock tree: 4.
[INFO CTS-0098] Clock net "CK"
[INFO CTS-0099]  Sinks 194
[INFO CTS-0100]  Leaf buffers 0
[INFO CTS-0101]  Average sink wire length 117.65 um
[INFO CTS-0102]  Path depth 2 - 2
[INFO CTS-0207]  Dummy loads inserted 15
estimate_parasitics -placement
detailed_placement
[INFO DPL-0006] Core area: 6921.05 um^2, Instances area: 2567.43 um^2, Utilization: 37.1%
[INFO DPL-0005] Diamond search max displacement: +/- 500 sites horizontally, +/- 100 rows vertically.
[INFO DPL-1101] Legalizing using diamond search.
Movements Summary
---------------------------------------
Total cells:                    1927
Diamond Move Success:           1927 (100.00%)
Diamond Move Failure:              0
Rip-up and replace Success:        0 (  0.00% of diamond failures)
Rip-up and replace Failure:        0
Total Placement Failures:          0
---------------------------------------
Placement Analysis
---------------------------------
total displacement         53.6 u
average displacement        0.0 u
max displacement            2.1 u
original HPWL           24907.5 u
legalized HPWL          24910.0 u
delta HPWL                    0 %

estimate_parasitics -placement
repair_timing -setup_margin 0 -hold_margin 0 -repair_tns 100 -verbose
[INFO RSZ-0100] Repair move sequence: UnbufferMove SizeUpMove SwapPinsMove BufferMove CloneMove SplitLoadMove 
[INFO RSZ-0098] No setup violations found
[INFO RSZ-0046] Found 89 endpoints with hold violations.
Iteration | Resized | Buffers | Cloned Gates |   Area   |   WNS   |   TNS   | Endpoint
--------------------------------------------------------------------------------------
        0 |       0 |       0 |            0 |    +0.0% |  -0.087 |  -2.281 | U_n673gat/SI
       10 |       0 |      14 |            0 |    +0.4% |  -0.066 |  -1.651 | U_n1825gat/D
       20 |       0 |      27 |            0 |    +0.8% |  -0.059 |  -0.847 | U_n491gat/D
       30 |       0 |      33 |            0 |    +1.0% |  -0.035 |  -0.476 | U_n673gat/SI
       40 |       0 |      35 |            0 |    +1.1% |  -0.035 |  -0.388 | U_n673gat/SI
       50 |       0 |      38 |            0 |    +1.2% |  -0.035 |  -0.066 | U_n673gat/SI
       60 |       0 |      38 |            0 |    +1.2% |  -0.035 |  -0.066 | U_n673gat/SI
       70 |       0 |      40 |            0 |    +1.2% |  -0.035 |  -0.035 | U_n673gat/SI
       80 |       0 |      40 |            0 |    +1.2% |  -0.035 |  -0.035 | U_n673gat/SI
       90 |       0 |      40 |            0 |    +1.2% |  -0.035 |  -0.035 | U_n673gat/SI
       90 |       0 |      40 |            0 |    +1.2% |  -0.035 |  -0.035 | U_n673gat/SI
    final |       0 |      42 |            0 |    +1.3% |   0.002 |   0.000 | U_n2095gat/D
--------------------------------------------------------------------------------------
[INFO RSZ-0032] Inserted 42 hold buffers.
detailed_placement
[INFO DPL-0006] Core area: 6921.05 um^2, Instances area: 2600.95 um^2, Utilization: 37.6%
[INFO DPL-0005] Diamond search max displacement: +/- 500 sites horizontally, +/- 100 rows vertically.
[INFO DPL-1101] Legalizing using diamond search.
Movements Summary
---------------------------------------
Total cells:                    1969
Diamond Move Success:           1969 (100.00%)
Diamond Move Failure:              0
Rip-up and replace Success:        0 (  0.00% of diamond failures)
Rip-up and replace Failure:        0
Total Placement Failures:          0
---------------------------------------
Placement Analysis
---------------------------------
total displacement         43.1 u
average displacement        0.0 u
max displacement            2.1 u
original HPWL           25165.6 u
legalized HPWL          25190.3 u
delta HPWL                    0 %

estimate_parasitics -placement
Report metrics stage 4, cts final...

==========================================================================
cts final report_design_area
--------------------------------------------------------------------------
Design area 2601 um^2 38% utilization.
write_db ./results/nangate45/s5378/phase0c_f3e7b516a_s19_k8_B0_bb9462b4_7f655d61/4_1_cts.odb
write_sdc -no_timestamp ./results/nangate45/s5378/phase0c_f3e7b516a_s19_k8_B0_bb9462b4_7f655d61/4_cts.sdc
Log                       Ext     Elapsed/s Peak Memory/MB sha1sum result [0:20)
4_1_cts                   .odb            3            147 75448965ed10397e94da
cp ./results/nangate45/s5378/phase0c_f3e7b516a_s19_k8_B0_bb9462b4_7f655d61/4_1_cts.odb ./results/nangate45/s5378/phase0c_f3e7b516a_s19_k8_B0_bb9462b4_7f655d61/4_cts.odb
/root/pact-deps/OpenROAD-flow-scripts/flow/scripts/flow.sh 5_1_grt global_route
Running global_route.tcl, stage 5_1_grt
read_liberty /root/pact-deps/OpenROAD-flow-scripts/flow/platforms/nangate45/lib/NangateOpenCellLibrary_typical.lib
read_db ./results/nangate45/s5378/phase0c_f3e7b516a_s19_k8_B0_bb9462b4_7f655d61/4_cts.odb
read_sdc ./results/nangate45/s5378/phase0c_f3e7b516a_s19_k8_B0_bb9462b4_7f655d61/4_cts.sdc
source /root/pact-deps/OpenROAD-flow-scripts/flow/platforms/nangate45/setRC.tcl
pin_access
[INFO DRT-0149] Reading tech and libs.

Units:                2000
Number of layers:     21
Number of macros:     135
Number of vias:       33
Number of viarulegen: 19

[INFO DRT-0150] Reading design.

Design:                   s5378
Die area:                 ( 0 0 ) ( 171970 171970 )
Number of track patterns: 20
Number of DEF vias:       0
Number of components:     2087
Number of terminals:      104
Number of snets:          2
Number of nets:           1999

[INFO DRT-0167] List of default vias:
  Layer via2
    default via: via2_5
  Layer via3
    default via: via3_2
  Layer via4
    default via: via4_0
  Layer via5
    default via: via5_0
  Layer via6
    default via: via6_0
  Layer via7
    default via: via7_0
  Layer via8
    default via: via8_0
  Layer via9
    default via: via9_0
[INFO DRT-0162] Library cell analysis.
[INFO DRT-0163] Instance analysis.
[INFO DRT-0164] Number of unique instances = 33.
[INFO DRT-0168] Init region query.
[INFO DRT-0024]   Complete active.
[INFO DRT-0024]   Complete Fr_VIA.
[INFO DRT-0024]   Complete metal1.
[INFO DRT-0024]   Complete via1.
[INFO DRT-0024]   Complete metal2.
[INFO DRT-0024]   Complete via2.
[INFO DRT-0024]   Complete metal3.
[INFO DRT-0024]   Complete via3.
[INFO DRT-0024]   Complete metal4.
[INFO DRT-0024]   Complete via4.
[INFO DRT-0024]   Complete metal5.
[INFO DRT-0024]   Complete via5.
[INFO DRT-0024]   Complete metal6.
[INFO DRT-0024]   Complete via6.
[INFO DRT-0024]   Complete metal7.
[INFO DRT-0024]   Complete via7.
[INFO DRT-0024]   Complete metal8.
[INFO DRT-0024]   Complete via8.
[INFO DRT-0024]   Complete metal9.
[INFO DRT-0024]   Complete via9.
[INFO DRT-0024]   Complete metal10.
[INFO DRT-0033] active shape region query size = 0.
[INFO DRT-0033] FR_VIA shape region query size = 0.
[INFO DRT-0033] metal1 shape region query size = 29384.
[INFO DRT-0033] via1 shape region query size = 270.
[INFO DRT-0033] metal2 shape region query size = 180.
[INFO DRT-0033] via2 shape region query size = 270.
[INFO DRT-0033] metal3 shape region query size = 180.
[INFO DRT-0033] via3 shape region query size = 270.
[INFO DRT-0033] metal4 shape region query size = 102.
[INFO DRT-0033] via4 shape region query size = 90.
[INFO DRT-0033] metal5 shape region query size = 77.
[INFO DRT-0033] via5 shape region query size = 90.
[INFO DRT-0033] metal6 shape region query size = 61.
[INFO DRT-0033] via6 shape region query size = 36.
[INFO DRT-0033] metal7 shape region query size = 21.
[INFO DRT-0033] via7 shape region query size = 0.
[INFO DRT-0033] metal8 shape region query size = 0.
[INFO DRT-0033] via8 shape region query size = 0.
[INFO DRT-0033] metal9 shape region query size = 0.
[INFO DRT-0033] via9 shape region query size = 0.
[INFO DRT-0033] metal10 shape region query size = 0.
[INFO DRT-0165] Start pin access.
[INFO DRT-0078]   Complete 156 pins.
[INFO DRT-0081]   Complete 33 unique inst patterns.
[INFO DRT-0084]   Complete 1146 groups.
#scanned instances     = 2087
#unique  instances     = 33
#stdCellGenAp          = 654
#stdCellValidPlanarAp  = 0
#stdCellValidViaAp     = 523
#stdCellPinNoAp        = 0
#stdCellPinCnt         = 5893
#instTermValidViaApCnt = 0
#macroGenAp            = 0
#macroValidPlanarAp    = 0
#macroValidViaAp       = 0
#macroNoAp             = 0
[INFO DRT-0166] Complete pin access.
[INFO DRT-0267] cpu time = 00:00:14, elapsed time = 00:00:03, memory = 115.91 (MB), peak = 115.60 (MB)
set_global_routing_random -seed 19
global_route -congestion_report_file ./reports/nangate45/s5378/phase0c_f3e7b516a_s19_k8_B0_bb9462b4_7f655d61/congestion.rpt -congestion_iterations 30 -congestion_report_iter_step 5 -verbose
[INFO GRT-0020] Min routing layer: metal2
[INFO GRT-0021] Max routing layer: metal10
[INFO GRT-0022] Global adjustment: 0%
[INFO GRT-0023] Grid origin: (0, 0)
[INFO GRT-0088] Layer metal1  Track-Pitch = 0.1400  line-2-Via Pitch: 0.1350
[INFO GRT-0088] Layer metal2  Track-Pitch = 0.1900  line-2-Via Pitch: 0.1400
[INFO GRT-0088] Layer metal3  Track-Pitch = 0.1400  line-2-Via Pitch: 0.1400
[INFO GRT-0088] Layer metal4  Track-Pitch = 0.2800  line-2-Via Pitch: 0.2800
[INFO GRT-0088] Layer metal5  Track-Pitch = 0.2800  line-2-Via Pitch: 0.2800
[INFO GRT-0088] Layer metal6  Track-Pitch = 0.2800  line-2-Via Pitch: 0.2800
[INFO GRT-0088] Layer metal7  Track-Pitch = 0.8000  line-2-Via Pitch: 0.8000
[INFO GRT-0088] Layer metal8  Track-Pitch = 0.8000  line-2-Via Pitch: 0.8000
[INFO GRT-0088] Layer metal9  Track-Pitch = 1.6000  line-2-Via Pitch: 1.6000
[INFO GRT-0088] Layer metal10 Track-Pitch = 1.6000  line-2-Via Pitch: 1.6000
[INFO GRT-0003] Macros: 0
[INFO GRT-0004] Blockages: 0
[INFO GRT-0019] Found 18 clock nets.
[INFO GRT-0001] Minimum degree: 2
[INFO GRT-0002] Maximum degree: 59

[INFO GRT-0053] Routing resources analysis:
          Routing      Original      Derated      Resource
Layer     Direction    Resources     Resources    Reduction (%)
---------------------------------------------------------------
metal1     Horizontal          0             0          0.00%
metal2     Vertical        12818          6032          52.94%
metal3     Horizontal      17709          8695          50.90%
metal4     Vertical         8700          6148          29.33%
metal5     Horizontal       8855          6255          29.36%
metal6     Vertical         8880          6276          29.32%
metal7     Horizontal       2726          1972          27.66%
metal8     Vertical         3103          2233          28.04%
metal9     Horizontal       1537           870          43.40%
metal10    Vertical         1537           870          43.40%
---------------------------------------------------------------

[INFO GRT-0197] Via related to pin nodes: 11699
[INFO GRT-0198] Via related Steiner nodes: 249
[INFO GRT-0199] Via filling finished.
[INFO GRT-0111] Final number of vias: 15348
[INFO GRT-0112] Final usage 3D: 55652

[INFO GRT-0096] Final congestion report:
Layer         Resource        Demand        Usage (%)    Max H / Max V / Total Overflow
---------------------------------------------------------------------------------------
metal1               0             0            0.00%             0 /  0 /  0
metal2            6032          3288           54.51%             0 /  0 /  0
metal3            8695          3940           45.31%             0 /  0 /  0
metal4            6148          1341           21.81%             0 /  0 /  0
metal5            6255           663           10.60%             0 /  0 /  0
metal6            6276           356            5.67%             0 /  0 /  0
metal7            1972             7            0.35%             0 /  0 /  0
metal8            2233            13            0.58%             0 /  0 /  0
metal9             870             0            0.00%             0 /  0 /  0
metal10            870             0            0.00%             0 /  0 /  0
---------------------------------------------------------------------------------------
Total            39351          9608           24.42%             0 /  0 /  0

[INFO GRT-0018] Total wirelength: 41974 um
[INFO GRT-0014] Routed nets: 1999
[INFO GRT-0303] Global routing runtime = 00:00:00
estimate_parasitics -global_routing
Perform buffer insertion and gate resizing...
repair_design -verbose
Iteration |   Area    | Resized | Buffers | Nets repaired | Remaining
---------------------------------------------------------------------
        0 |     +0.0% |       0 |       0 |             0 |      2193
       10 |     +0.0% |       0 |       0 |             0 |      2183
       20 |     +0.0% |       0 |       0 |             0 |      2173
       30 |     +0.0% |       0 |       0 |             0 |      2163
       40 |     +0.0% |       0 |       0 |             0 |      2153
       50 |     +0.0% |       0 |       0 |             0 |      2143
       60 |     +0.0% |       0 |       0 |             0 |      2133
       70 |     +0.0% |       0 |       0 |             0 |      2123
       80 |     +0.0% |       0 |       0 |             0 |      2113
       90 |     +0.0% |       0 |       0 |             0 |      2103
      100 |     +0.0% |       0 |       0 |             0 |      2093
      110 |     +0.0% |       0 |       0 |             0 |      2083
      120 |     +0.0% |       0 |       0 |             0 |      2073
      130 |     +0.0% |       0 |       0 |             0 |      2063
      140 |     +0.0% |       0 |       0 |             0 |      2053
      150 |     +0.0% |       0 |       0 |             0 |      2043
      160 |     +0.0% |       0 |       0 |             0 |      2033
      170 |     +0.0% |       0 |       0 |             0 |      2023
      180 |     +0.0% |       0 |       0 |             0 |      2013
      190 |     +0.0% |       0 |       0 |             0 |      2003
      200 |     +0.0% |       0 |       0 |             0 |      1993
      210 |     +0.0% |       0 |       0 |             0 |      1983
      220 |     +0.0% |       0 |       0 |             0 |      1973
      230 |     +0.0% |       0 |       0 |             0 |      1963
      240 |     +0.0% |       0 |       0 |             0 |      1953
      250 |     +0.0% |       0 |       0 |             0 |      1943
      260 |     +0.0% |       0 |       0 |             0 |      1933
      270 |     +0.0% |       0 |       0 |             0 |      1923
      280 |     +0.0% |       0 |       0 |             0 |      1913
      290 |     +0.0% |       0 |       0 |             0 |      1903
      300 |     +0.0% |       0 |       0 |             0 |      1893
      310 |     +0.0% |       0 |       0 |             0 |      1883
      320 |     +0.0% |       0 |       0 |             0 |      1873
      330 |     +0.0% |       0 |       0 |             0 |      1863
      340 |     +0.0% |       0 |       0 |             0 |      1853
      350 |     +0.0% |       0 |       0 |             0 |      1843
      360 |     +0.0% |       0 |       0 |             0 |      1833
      370 |     +0.0% |       0 |       0 |             0 |      1823
      380 |     +0.0% |       0 |       0 |             0 |      1813
      390 |     +0.0% |       0 |       0 |             0 |      1803
      400 |     +0.0% |       0 |       0 |             0 |      1793
      410 |     +0.0% |       0 |       0 |             0 |      1783
      420 |     +0.0% |       0 |       0 |             0 |      1773
      430 |     +0.0% |       0 |       0 |             0 |      1763
      440 |     +0.0% |       0 |       0 |             0 |      1753
      450 |     +0.0% |       0 |       0 |             0 |      1743
      460 |     +0.0% |       0 |       0 |             0 |      1733
      470 |     +0.0% |       0 |       0 |             0 |      1723
      480 |     +0.0% |       0 |       0 |             0 |      1713
      490 |     +0.0% |       0 |       0 |             0 |      1703
      500 |     +0.0% |       0 |       0 |             0 |      1693
      510 |     +0.0% |       0 |       0 |             0 |      1683
      520 |     +0.0% |       0 |       0 |             0 |      1673
      530 |     +0.0% |       0 |       0 |             0 |      1663
      540 |     +0.0% |       0 |       0 |             0 |      1653
      550 |     +0.0% |       0 |       0 |             0 |      1643
      560 |     +0.0% |       0 |       0 |             0 |      1633
      570 |     +0.0% |       0 |       0 |             0 |      1623
      580 |     +0.0% |       0 |       0 |             0 |      1613
      590 |     +0.0% |       0 |       0 |             0 |      1603
      600 |     +0.0% |       0 |       0 |             0 |      1593
      610 |     +0.0% |       0 |       0 |             0 |      1583
      620 |     +0.0% |       0 |       0 |             0 |      1573
      630 |     +0.0% |       0 |       0 |             0 |      1563
      640 |     +0.0% |       0 |       0 |             0 |      1553
      650 |     +0.0% |       0 |       0 |             0 |      1543
      660 |     +0.0% |       0 |       0 |             0 |      1533
      670 |     +0.0% |       0 |       0 |             0 |      1523
      680 |     +0.0% |       0 |       0 |             0 |      1513
      690 |     +0.0% |       0 |       0 |             0 |      1503
      700 |     +0.0% |       0 |       0 |             0 |      1493
      710 |     +0.0% |       0 |       0 |             0 |      1483
      720 |     +0.0% |       0 |       0 |             0 |      1473
      730 |     +0.0% |       0 |       0 |             0 |      1463
      740 |     +0.0% |       0 |       0 |             0 |      1453
      750 |     +0.0% |       0 |       0 |             0 |      1443
      760 |     +0.0% |       0 |       0 |             0 |      1433
      770 |     +0.0% |       0 |       0 |             0 |      1423
      780 |     +0.0% |       0 |       0 |             0 |      1413
      790 |     +0.0% |       0 |       0 |             0 |      1403
      800 |     +0.0% |       0 |       0 |             0 |      1393
      810 |     +0.0% |       0 |       0 |             0 |      1383
      820 |     +0.0% |       0 |       0 |             0 |      1373
      830 |     +0.0% |       0 |       0 |             0 |      1363
      840 |     +0.0% |       0 |       0 |             0 |      1353
      850 |     +0.0% |       0 |       0 |             0 |      1343
      860 |     +0.0% |       0 |       0 |             0 |      1333
      870 |     +0.0% |       0 |       0 |             0 |      1323
      880 |     +0.0% |       0 |       0 |             0 |      1313
      890 |     +0.0% |       0 |       0 |             0 |      1303
      900 |     +0.0% |       0 |       0 |             0 |      1293
      910 |     +0.0% |       0 |       0 |             0 |      1283
      920 |     +0.0% |       0 |       0 |             0 |      1273
      930 |     +0.0% |       0 |       0 |             0 |      1263
      940 |     +0.0% |       0 |       0 |             0 |      1253
      950 |     +0.0% |       0 |       0 |             0 |      1243
      960 |     +0.0% |       0 |       0 |             0 |      1233
      970 |     +0.0% |       0 |       0 |             0 |      1223
      980 |     +0.0% |       0 |       0 |             0 |      1213
      990 |     +0.0% |       0 |       0 |             0 |      1203
     1000 |     +0.0% |       0 |       0 |             0 |      1193
     1010 |     +0.0% |       0 |       0 |             0 |      1183
     1020 |     +0.0% |       0 |       0 |             0 |      1173
     1030 |     +0.0% |       0 |       0 |             0 |      1163
     1040 |     +0.0% |       0 |       0 |             0 |      1153
     1050 |     +0.0% |       0 |       0 |             0 |      1143
     1060 |     +0.0% |       0 |       0 |             0 |      1133
     1070 |     +0.0% |       0 |       0 |             0 |      1123
     1080 |     +0.0% |       0 |       0 |             0 |      1113
     1090 |     +0.0% |       0 |       0 |             0 |      1103
     1100 |     +0.0% |       0 |       0 |             0 |      1093
     1110 |     +0.0% |       0 |       0 |             0 |      1083
     1120 |     +0.0% |       0 |       0 |             0 |      1073
     1130 |     +0.0% |       0 |       0 |             0 |      1063
     1140 |     +0.0% |       0 |       0 |             0 |      1053
     1150 |     +0.0% |       0 |       0 |             0 |      1043
     1160 |     +0.0% |       0 |       0 |             0 |      1033
     1170 |     +0.0% |       0 |       0 |             0 |      1023
     1180 |     +0.0% |       0 |       0 |             0 |      1013
     1190 |     +0.0% |       0 |       0 |             0 |      1003
     1200 |     +0.0% |       0 |       0 |             0 |       993
     1210 |     +0.0% |       0 |       0 |             0 |       983
     1220 |     +0.0% |       0 |       0 |             0 |       973
     1230 |     +0.0% |       0 |       0 |             0 |       963
     1240 |     +0.0% |       0 |       0 |             0 |       953
     1250 |     +0.0% |       0 |       0 |             0 |       943
     1260 |     +0.0% |       0 |       0 |             0 |       933
     1270 |     +0.0% |       0 |       0 |             0 |       923
     1280 |     +0.0% |       0 |       0 |             0 |       913
     1290 |     +0.0% |       0 |       0 |             0 |       903
     1300 |     +0.0% |       0 |       0 |             0 |       893
     1310 |     +0.0% |       0 |       0 |             0 |       883
     1320 |     +0.0% |       0 |       0 |             0 |       873
     1330 |     +0.0% |       0 |       0 |             0 |       863
     1340 |     +0.0% |       0 |       0 |             0 |       853
     1350 |     +0.0% |       0 |       0 |             0 |       843
     1360 |     +0.0% |       0 |       0 |             0 |       833
     1370 |     +0.0% |       0 |       0 |             0 |       823
     1380 |     +0.0% |       0 |       0 |             0 |       813
     1390 |     +0.0% |       0 |       0 |             0 |       803
     1400 |     +0.0% |       0 |       0 |             0 |       793
     1410 |     +0.0% |       0 |       0 |             0 |       783
     1420 |     +0.0% |       0 |       0 |             0 |       773
     1430 |     +0.0% |       0 |       0 |             0 |       763
     1440 |     +0.0% |       0 |       0 |             0 |       753
     1450 |     +0.0% |       0 |       0 |             0 |       743
     1460 |     +0.0% |       0 |       0 |             0 |       733
     1470 |     +0.0% |       0 |       0 |             0 |       723
     1480 |     +0.0% |       0 |       0 |             0 |       713
     1490 |     +0.0% |       0 |       0 |             0 |       703
     1500 |     +0.0% |       0 |       0 |             0 |       693
     1510 |     +0.0% |       0 |       0 |             0 |       683
     1520 |     +0.0% |       0 |       0 |             0 |       673
     1530 |     +0.0% |       0 |       0 |             0 |       663
     1540 |     +0.0% |       0 |       0 |             0 |       653
     1550 |     +0.0% |       0 |       0 |             0 |       643
     1560 |     +0.0% |       0 |       0 |             0 |       633
     1570 |     +0.0% |       0 |       0 |             0 |       623
     1580 |     +0.0% |       0 |       0 |             0 |       613
     1590 |     +0.0% |       0 |       0 |             0 |       603
     1600 |     +0.0% |       0 |       0 |             0 |       593
     1610 |     +0.0% |       0 |       0 |             0 |       583
     1620 |     +0.0% |       0 |       0 |             0 |       573
     1630 |     +0.0% |       0 |       0 |             0 |       563
     1640 |     +0.0% |       0 |       0 |             0 |       553
     1650 |     +0.0% |       0 |       0 |             0 |       543
     1660 |     +0.0% |       0 |       0 |             0 |       533
     1670 |     +0.0% |       0 |       0 |             0 |       523
     1680 |     +0.0% |       0 |       0 |             0 |       513
     1690 |     +0.0% |       0 |       0 |             0 |       503
     1700 |     +0.0% |       0 |       0 |             0 |       493
     1710 |     +0.0% |       0 |       0 |             0 |       483
     1720 |     +0.0% |       0 |       0 |             0 |       473
     1730 |     +0.0% |       0 |       0 |             0 |       463
     1740 |     +0.0% |       0 |       0 |             0 |       453
     1750 |     +0.0% |       0 |       0 |             0 |       443
     1760 |     +0.0% |       0 |       0 |             0 |       433
     1770 |     +0.0% |       0 |       0 |             0 |       423
     1780 |     +0.0% |       0 |       0 |             0 |       413
     1790 |     +0.0% |       0 |       0 |             0 |       403
     1800 |     +0.0% |       0 |       0 |             0 |       393
     1810 |     +0.0% |       0 |       0 |             0 |       383
     1820 |     +0.0% |       0 |       0 |             0 |       373
     1830 |     +0.0% |       0 |       0 |             0 |       363
     1840 |     +0.0% |       0 |       0 |             0 |       353
     1850 |     +0.0% |       0 |       0 |             0 |       343
     1860 |     +0.0% |       0 |       0 |             0 |       333
     1870 |     +0.0% |       0 |       0 |             0 |       323
     1880 |     +0.0% |       0 |       0 |             0 |       313
     1890 |     +0.0% |       0 |       0 |             0 |       303
     1900 |     +0.0% |       0 |       0 |             0 |       293
     1910 |     +0.0% |       0 |       0 |             0 |       283
     1920 |     +0.0% |       0 |       0 |             0 |       273
     1930 |     +0.0% |       0 |       0 |             0 |       263
     1940 |     +0.0% |       0 |       0 |             0 |       253
     1950 |     +0.0% |       0 |       0 |             0 |       243
     1960 |     +0.0% |       0 |       0 |             0 |       233
     1970 |     +0.0% |       0 |       0 |             0 |       223
     1980 |     +0.0% |       0 |       0 |             0 |       213
     1990 |     +0.0% |       0 |       0 |             0 |       203
     2000 |     +0.0% |       0 |       0 |             0 |       193
     2010 |     +0.0% |       0 |       0 |             0 |       183
     2020 |     +0.0% |       0 |       0 |             0 |       173
     2030 |     +0.0% |       0 |       0 |             0 |       163
     2040 |     +0.0% |       0 |       0 |             0 |       153
     2050 |     +0.0% |       0 |       0 |             0 |       143
     2060 |     +0.0% |       0 |       0 |             0 |       133
     2070 |     +0.0% |       0 |       0 |             0 |       123
     2080 |     +0.0% |       0 |       0 |             0 |       113
     2090 |     +0.0% |       0 |       0 |             0 |       103
     2100 |     +0.0% |       0 |       0 |             0 |        93
     2110 |     +0.0% |       0 |       0 |             0 |        83
     2120 |     +0.0% |       0 |       0 |             0 |        73
     2130 |     +0.0% |       0 |       0 |             0 |        63
     2140 |     +0.0% |       0 |       0 |             0 |        53
     2150 |     +0.0% |       0 |       0 |             0 |        43
     2160 |     +0.0% |       0 |       0 |             0 |        33
     2170 |     +0.0% |       0 |       0 |             0 |        23
     2180 |     +0.0% |       0 |       0 |             0 |        13
     2190 |     +0.0% |       0 |       0 |             0 |         3
    final |     +0.0% |       0 |       0 |             0 |         0
---------------------------------------------------------------------
global_route -start_incremental
detailed_placement
[INFO DPL-0006] Core area: 6921.05 um^2, Instances area: 2600.95 um^2, Utilization: 37.6%
[INFO DPL-0005] Diamond search max displacement: +/- 500 sites horizontally, +/- 100 rows vertically.
[INFO DPL-1101] Legalizing using diamond search.
Movements Summary
---------------------------------------
Total cells:                    1969
Diamond Move Success:           1969 (100.00%)
Diamond Move Failure:              0
Rip-up and replace Success:        0 (  0.00% of diamond failures)
Rip-up and replace Failure:        0
Total Placement Failures:          0
---------------------------------------
Placement Analysis
---------------------------------
total displacement          0.0 u
average displacement        0.0 u
max displacement            0.0 u
original HPWL           25190.3 u
legalized HPWL          25190.3 u
delta HPWL                    0 %

global_route -end_incremental -congestion_report_file ./reports/nangate45/s5378/phase0c_f3e7b516a_s19_k8_B0_bb9462b4_7f655d61/congestion_post_repair_design.rpt
Repair setup and hold violations...
estimate_parasitics -global_routing
repair_timing -setup_margin 0 -hold_margin 0 -repair_tns 100 -verbose
[INFO RSZ-0100] Repair move sequence: UnbufferMove SizeUpMove SwapPinsMove BufferMove CloneMove SplitLoadMove 
[INFO RSZ-0098] No setup violations found
[INFO RSZ-0033] No hold violations found.
global_route -start_incremental
detailed_placement
[INFO DPL-0006] Core area: 6921.05 um^2, Instances area: 2600.95 um^2, Utilization: 37.6%
[INFO DPL-0005] Diamond search max displacement: +/- 500 sites horizontally, +/- 100 rows vertically.
[INFO DPL-1101] Legalizing using diamond search.
Movements Summary
---------------------------------------
Total cells:                    1969
Diamond Move Success:           1969 (100.00%)
Diamond Move Failure:              0
Rip-up and replace Success:        0 (  0.00% of diamond failures)
Rip-up and replace Failure:        0
Total Placement Failures:          0
---------------------------------------
Placement Analysis
---------------------------------
total displacement          0.0 u
average displacement        0.0 u
max displacement            0.0 u
original HPWL           25190.3 u
legalized HPWL          25190.3 u
delta HPWL                    0 %

check_placement -verbose
global_route -end_incremental -congestion_report_file ./reports/nangate45/s5378/phase0c_f3e7b516a_s19_k8_B0_bb9462b4_7f655d61/congestion_post_repair_timing.rpt
estimate_parasitics -global_routing
global_route -start_incremental
global_route -end_incremental -congestion_report_file ./reports/nangate45/s5378/phase0c_f3e7b516a_s19_k8_B0_bb9462b4_7f655d61/congestion_post_recover_power.rpt
Repair antennas...
[WARNING GRT-0246] No diode with LEF class CORE ANTENNACELL found.
[INFO ANT-0002] Found 0 net violations.
[INFO ANT-0001] Found 0 pin violations.
Estimate parasitics...
estimate_parasitics -global_routing
Report metrics stage 5, global route...

==========================================================================
global route report_design_area
--------------------------------------------------------------------------
Design area 2601 um^2 38% utilization.
[INFO FLW-0007] clock clk period 10.000000
[INFO FLW-0008] Clock clk period 0.884
[INFO FLW-0009] Clock clk slack 9.069
write_sdc -no_timestamp ./results/nangate45/s5378/phase0c_f3e7b516a_s19_k8_B0_bb9462b4_7f655d61/updated_clks.sdc
[INFO FLW-0011] Path endpoint path count 788
write_db ./results/nangate45/s5378/phase0c_f3e7b516a_s19_k8_B0_bb9462b4_7f655d61/5_1_grt.odb
write_sdc -no_timestamp ./results/nangate45/s5378/phase0c_f3e7b516a_s19_k8_B0_bb9462b4_7f655d61/5_1_grt.sdc
Log                       Ext     Elapsed/s Peak Memory/MB sha1sum result [0:20)
5_1_grt                   .odb            7            303 71f59840fcc09e427ac4
5_1_grt                   .sdc                             dc3b136b356fec3f3ef5
/root/pact-deps/OpenROAD-flow-scripts/flow/scripts/flow.sh 5_2_route detail_route
Running detail_route.tcl, stage 5_2_route
read_liberty /root/pact-deps/OpenROAD-flow-scripts/flow/platforms/nangate45/lib/NangateOpenCellLibrary_typical.lib
read_db ./results/nangate45/s5378/phase0c_f3e7b516a_s19_k8_B0_bb9462b4_7f655d61/5_1_grt.odb
read_sdc ./results/nangate45/s5378/phase0c_f3e7b516a_s19_k8_B0_bb9462b4_7f655d61/5_1_grt.sdc
source /root/pact-deps/OpenROAD-flow-scripts/flow/platforms/nangate45/setRC.tcl
detailed_route -output_drc ./reports/nangate45/s5378/phase0c_f3e7b516a_s19_k8_B0_bb9462b4_7f655d61/5_route_drc.rpt -output_maze ./results/nangate45/s5378/phase0c_f3e7b516a_s19_k8_B0_bb9462b4_7f655d61/maze.log -droute_end_iter 64 -verbose 1 -drc_report_iter_step 5
[INFO DRT-0149] Reading tech and libs.

Units:                2000
Number of layers:     21
Number of macros:     135
Number of vias:       33
Number of viarulegen: 19

[INFO DRT-0150] Reading design.

Design:                   s5378
Die area:                 ( 0 0 ) ( 171970 171970 )
Number of track patterns: 20
Number of DEF vias:       0
Number of components:     2087
Number of terminals:      104
Number of snets:          2
Number of nets:           1999

[INFO DRT-0167] List of default vias:
  Layer via2
    default via: via2_5
  Layer via3
    default via: via3_2
  Layer via4
    default via: via4_0
  Layer via5
    default via: via5_0
  Layer via6
    default via: via6_0
  Layer via7
    default via: via7_0
  Layer via8
    default via: via8_0
  Layer via9
    default via: via9_0
[INFO DRT-0162] Library cell analysis.
[INFO DRT-0163] Instance analysis.
[INFO DRT-0164] Number of unique instances = 33.
[INFO DRT-0168] Init region query.
[INFO DRT-0024]   Complete active.
[INFO DRT-0024]   Complete Fr_VIA.
[INFO DRT-0024]   Complete metal1.
[INFO DRT-0024]   Complete via1.
[INFO DRT-0024]   Complete metal2.
[INFO DRT-0024]   Complete via2.
[INFO DRT-0024]   Complete metal3.
[INFO DRT-0024]   Complete via3.
[INFO DRT-0024]   Complete metal4.
[INFO DRT-0024]   Complete via4.
[INFO DRT-0024]   Complete metal5.
[INFO DRT-0024]   Complete via5.
[INFO DRT-0024]   Complete metal6.
[INFO DRT-0024]   Complete via6.
[INFO DRT-0024]   Complete metal7.
[INFO DRT-0024]   Complete via7.
[INFO DRT-0024]   Complete metal8.
[INFO DRT-0024]   Complete via8.
[INFO DRT-0024]   Complete metal9.
[INFO DRT-0024]   Complete via9.
[INFO DRT-0024]   Complete metal10.
[INFO DRT-0033] active shape region query size = 0.
[INFO DRT-0033] FR_VIA shape region query size = 0.
[INFO DRT-0033] metal1 shape region query size = 29384.
[INFO DRT-0033] via1 shape region query size = 270.
[INFO DRT-0033] metal2 shape region query size = 180.
[INFO DRT-0033] via2 shape region query size = 270.
[INFO DRT-0033] metal3 shape region query size = 180.
[INFO DRT-0033] via3 shape region query size = 270.
[INFO DRT-0033] metal4 shape region query size = 102.
[INFO DRT-0033] via4 shape region query size = 90.
[INFO DRT-0033] metal5 shape region query size = 77.
[INFO DRT-0033] via5 shape region query size = 90.
[INFO DRT-0033] metal6 shape region query size = 61.
[INFO DRT-0033] via6 shape region query size = 36.
[INFO DRT-0033] metal7 shape region query size = 21.
[INFO DRT-0033] via7 shape region query size = 0.
[INFO DRT-0033] metal8 shape region query size = 0.
[INFO DRT-0033] via8 shape region query size = 0.
[INFO DRT-0033] metal9 shape region query size = 0.
[INFO DRT-0033] via9 shape region query size = 0.
[INFO DRT-0033] metal10 shape region query size = 0.
[INFO DRT-0165] Start pin access.
[INFO DRT-0078]   Complete 156 pins.
[INFO DRT-0081]   Complete 33 unique inst patterns.
[INFO DRT-0084]   Complete 1146 groups.
#scanned instances     = 2087
#unique  instances     = 33
#stdCellGenAp          = 654
#stdCellValidPlanarAp  = 0
#stdCellValidViaAp     = 523
#stdCellPinNoAp        = 0
#stdCellPinCnt         = 5893
#instTermValidViaApCnt = 0
#macroGenAp            = 0
#macroValidPlanarAp    = 0
#macroValidViaAp       = 0
#macroNoAp             = 0
[INFO DRT-0166] Complete pin access.
[INFO DRT-0267] cpu time = 00:00:13, elapsed time = 00:00:03, memory = 262.10 (MB), peak = 261.87 (MB)

[INFO DRT-0157] Number of guides:     16701

[INFO DRT-0169] Post process guides.
[INFO DRT-0176] GCELLGRID X 0 DO 30 STEP 5700 ;
[INFO DRT-0177] GCELLGRID Y 0 DO 30 STEP 5700 ;
[INFO DRT-0028]   Complete active.
[INFO DRT-0028]   Complete Fr_VIA.
[INFO DRT-0028]   Complete metal1.
[INFO DRT-0028]   Complete via1.
[INFO DRT-0028]   Complete metal2.
[INFO DRT-0028]   Complete via2.
[INFO DRT-0028]   Complete metal3.
[INFO DRT-0028]   Complete via3.
[INFO DRT-0028]   Complete metal4.
[INFO DRT-0028]   Complete via4.
[INFO DRT-0028]   Complete metal5.
[INFO DRT-0028]   Complete via5.
[INFO DRT-0028]   Complete metal6.
[INFO DRT-0028]   Complete via6.
[INFO DRT-0028]   Complete metal7.
[INFO DRT-0028]   Complete via7.
[INFO DRT-0028]   Complete metal8.
[INFO DRT-0028]   Complete via8.
[INFO DRT-0028]   Complete metal9.
[INFO DRT-0028]   Complete via9.
[INFO DRT-0028]   Complete metal10.
[INFO DRT-0178] Init guide query.
[INFO DRT-0035]   Complete active (guide).
[INFO DRT-0035]   Complete Fr_VIA (guide).
[INFO DRT-0035]   Complete metal1 (guide).
[INFO DRT-0035]   Complete via1 (guide).
[INFO DRT-0035]   Complete metal2 (guide).
[INFO DRT-0035]   Complete via2 (guide).
[INFO DRT-0035]   Complete metal3 (guide).
[INFO DRT-0035]   Complete via3 (guide).
[INFO DRT-0035]   Complete metal4 (guide).
[INFO DRT-0035]   Complete via4 (guide).
[INFO DRT-0035]   Complete metal5 (guide).
[INFO DRT-0035]   Complete via5 (guide).
[INFO DRT-0035]   Complete metal6 (guide).
[INFO DRT-0035]   Complete via6 (guide).
[INFO DRT-0035]   Complete metal7 (guide).
[INFO DRT-0035]   Complete via7 (guide).
[INFO DRT-0035]   Complete metal8 (guide).
[INFO DRT-0035]   Complete via8 (guide).
[INFO DRT-0035]   Complete metal9 (guide).
[INFO DRT-0035]   Complete via9 (guide).
[INFO DRT-0035]   Complete metal10 (guide).
[INFO DRT-0036] active guide region query size = 0.
[INFO DRT-0036] FR_VIA guide region query size = 0.
[INFO DRT-0036] metal1 guide region query size = 5287.
[INFO DRT-0036] via1 guide region query size = 0.
[INFO DRT-0036] metal2 guide region query size = 4862.
[INFO DRT-0036] via2 guide region query size = 0.
[INFO DRT-0036] metal3 guide region query size = 2833.
[INFO DRT-0036] via3 guide region query size = 0.
[INFO DRT-0036] metal4 guide region query size = 575.
[INFO DRT-0036] via4 guide region query size = 0.
[INFO DRT-0036] metal5 guide region query size = 258.
[INFO DRT-0036] via5 guide region query size = 0.
[INFO DRT-0036] metal6 guide region query size = 87.
[INFO DRT-0036] via6 guide region query size = 0.
[INFO DRT-0036] metal7 guide region query size = 2.
[INFO DRT-0036] via7 guide region query size = 0.
[INFO DRT-0036] metal8 guide region query size = 1.
[INFO DRT-0036] via8 guide region query size = 0.
[INFO DRT-0036] metal9 guide region query size = 0.
[INFO DRT-0036] via9 guide region query size = 0.
[INFO DRT-0036] metal10 guide region query size = 0.
[INFO DRT-0179] Init gr pin query.
[INFO DRT-0267] cpu time = 00:00:00, elapsed time = 00:00:00, memory = 268.01 (MB), peak = 267.62 (MB)
[INFO DRT-0245] skipped writing guide updates to database.
[INFO DRT-0181] Start track assignment.
[INFO DRT-0184] Done with 5525 vertical wires in 1 frboxes and 8380 horizontal wires in 1 frboxes.
[INFO DRT-0186] Done with 1695 vertical wires in 1 frboxes and 1802 horizontal wires in 1 frboxes.
[INFO DRT-0182] Complete track assignment.
[INFO DRT-0267] cpu time = 00:00:01, elapsed time = 00:00:01, memory = 298.92 (MB), peak = 298.69 (MB)
[INFO DRT-0187] Start routing data preparation.
[INFO DRT-0267] cpu time = 00:00:00, elapsed time = 00:00:00, memory = 300.10 (MB), peak = 299.82 (MB)
[INFO DRT-0194] Start detail routing.
[INFO DRT-0195] Start 0th optimization iteration.
    Completing 10% with 0 violations.
    elapsed time = 00:00:00, memory = 342.66 (MB).
    Completing 20% with 0 violations.
    elapsed time = 00:00:00, memory = 343.17 (MB).
    Completing 30% with 0 violations.
    elapsed time = 00:00:02, memory = 339.70 (MB).
    Completing 40% with 95 violations.
    elapsed time = 00:00:05, memory = 379.22 (MB).
    Completing 50% with 95 violations.
    elapsed time = 00:00:04, memory = 379.84 (MB).
    Completing 60% with 95 violations.
    elapsed time = 00:00:06, memory = 353.35 (MB).
    Completing 70% with 159 violations.
    elapsed time = 00:00:07, memory = 397.33 (MB).
    Completing 80% with 159 violations.
    elapsed time = 00:00:10, memory = 382.76 (MB).
    Completing 90% with 254 violations.
    elapsed time = 00:00:13, memory = 409.73 (MB).
    Completing 100% with 314 violations.
    elapsed time = 00:00:15, memory = 390.72 (MB).
[INFO DRT-0199]   Number of violations = 424.
Viol/Layer      metal2   via2 metal3 metal4 metal5
Cut Spacing          0      2      0      0      0
Metal Spacing       34      0      3      0      1
Recheck             68      0     36      4      2
Short              223      1     46      4      0
[INFO DRT-0267] cpu time = 00:00:38, elapsed time = 00:00:16, memory = 916.42 (MB), peak = 916.11 (MB)
Total wire length = 28131 um.
Total wire length on LAYER metal1 = 0 um.
Total wire length on LAYER metal2 = 10018 um.
Total wire length on LAYER metal3 = 11800 um.
Total wire length on LAYER metal4 = 3577 um.
Total wire length on LAYER metal5 = 1690 um.
Total wire length on LAYER metal6 = 987 um.
Total wire length on LAYER metal7 = 18 um.
Total wire length on LAYER metal8 = 37 um.
Total wire length on LAYER metal9 = 0 um.
Total wire length on LAYER metal10 = 0 um.
Total number of vias = 13631.
Up-via summary (total 13631):

----------------
 active        0
 metal1     5921
 metal2     6453
 metal3      806
 metal4      321
 metal5      126
 metal6        2
 metal7        2
 metal8        0
 metal9        0
----------------
       13631


[INFO DRT-0195] Start 1st optimization iteration.
    Completing 10% with 424 violations.
    elapsed time = 00:00:00, memory = 937.18 (MB).
    Completing 20% with 424 violations.
    elapsed time = 00:00:00, memory = 937.18 (MB).
    Completing 30% with 424 violations.
    elapsed time = 00:00:01, memory = 937.18 (MB).
    Completing 40% with 379 violations.
    elapsed time = 00:00:03, memory = 926.14 (MB).
    Completing 50% with 379 violations.
    elapsed time = 00:00:04, memory = 926.14 (MB).
    Completing 60% with 379 violations.
    elapsed time = 00:00:06, memory = 931.97 (MB).
    Completing 70% with 298 violations.
    elapsed time = 00:00:07, memory = 955.22 (MB).
    Completing 80% with 298 violations.
    elapsed time = 00:00:10, memory = 955.22 (MB).
    Completing 90% with 286 violations.
    elapsed time = 00:00:14, memory = 943.23 (MB).
    Completing 100% with 198 violations.
    elapsed time = 00:00:15, memory = 943.23 (MB).
[INFO DRT-0199]   Number of violations = 198.
Viol/Layer      metal2 metal3
Metal Spacing       46      2
Short              139     11
[INFO DRT-0267] cpu time = 00:00:34, elapsed time = 00:00:15, memory = 946.23 (MB), peak = 954.93 (MB)
Total wire length = 27883 um.
Total wire length on LAYER metal1 = 0 um.
Total wire length on LAYER metal2 = 9914 um.
Total wire length on LAYER metal3 = 11708 um.
Total wire length on LAYER metal4 = 3533 um.
Total wire length on LAYER metal5 = 1687 um.
Total wire length on LAYER metal6 = 984 um.
Total wire length on LAYER metal7 = 18 um.
Total wire length on LAYER metal8 = 37 um.
Total wire length on LAYER metal9 = 0 um.
Total wire length on LAYER metal10 = 0 um.
Total number of vias = 13452.
Up-via summary (total 13452):

----------------
 active        0
 metal1     5931
 metal2     6277
 metal3      800
 metal4      315
 metal5      125
 metal6        2
 metal7        2
 metal8        0
 metal9        0
----------------
       13452


[INFO DRT-0195] Start 2nd optimization iteration.
    Completing 10% with 198 violations.
    elapsed time = 00:00:00, memory = 946.23 (MB).
    Completing 20% with 198 violations.
    elapsed time = 00:00:00, memory = 946.23 (MB).
    Completing 30% with 198 violations.
    elapsed time = 00:00:02, memory = 962.50 (MB).
    Completing 40% with 178 violations.
    elapsed time = 00:00:03, memory = 962.50 (MB).
    Completing 50% with 178 violations.
    elapsed time = 00:00:03, memory = 962.50 (MB).
    Completing 60% with 178 violations.
    elapsed time = 00:00:05, memory = 962.50 (MB).
    Completing 70% with 157 violations.
    elapsed time = 00:00:05, memory = 962.50 (MB).
    Completing 80% with 157 violations.
    elapsed time = 00:00:08, memory = 962.50 (MB).
    Completing 90% with 150 violations.
    elapsed time = 00:00:11, memory = 962.52 (MB).
    Completing 100% with 142 violations.
    elapsed time = 00:00:14, memory = 962.52 (MB).
[INFO DRT-0199]   Number of violations = 142.
Viol/Layer      metal2 metal3
Metal Spacing       28      2
Short              107      5
[INFO DRT-0267] cpu time = 00:00:33, elapsed time = 00:00:14, memory = 962.52 (MB), peak = 962.12 (MB)
Total wire length = 27874 um.
Total wire length on LAYER metal1 = 0 um.
Total wire length on LAYER metal2 = 9883 um.
Total wire length on LAYER metal3 = 11725 um.
Total wire length on LAYER metal4 = 3545 um.
Total wire length on LAYER metal5 = 1674 um.
Total wire length on LAYER metal6 = 989 um.
Total wire length on LAYER metal7 = 18 um.
Total wire length on LAYER metal8 = 37 um.
Total wire length on LAYER metal9 = 0 um.
Total wire length on LAYER metal10 = 0 um.
Total number of vias = 13449.
Up-via summary (total 13449):

----------------
 active        0
 metal1     5932
 metal2     6256
 metal3      811
 metal4      317
 metal5      129
 metal6        2
 metal7        2
 metal8        0
 metal9        0
----------------
       13449


[INFO DRT-0195] Start 3rd optimization iteration.
    Completing 10% with 142 violations.
    elapsed time = 00:00:00, memory = 962.52 (MB).
    Completing 20% with 142 violations.
    elapsed time = 00:00:00, memory = 962.52 (MB).
    Completing 30% with 142 violations.
    elapsed time = 00:00:01, memory = 962.53 (MB).
    Completing 40% with 95 violations.
    elapsed time = 00:00:01, memory = 962.53 (MB).
    Completing 50% with 95 violations.
    elapsed time = 00:00:01, memory = 962.53 (MB).
    Completing 60% with 95 violations.
    elapsed time = 00:00:04, memory = 962.53 (MB).
    Completing 70% with 74 violations.
    elapsed time = 00:00:05, memory = 962.53 (MB).
    Completing 80% with 74 violations.
    elapsed time = 00:00:06, memory = 962.53 (MB).
    Completing 90% with 45 violations.
    elapsed time = 00:00:07, memory = 962.53 (MB).
    Completing 100% with 1 violations.
    elapsed time = 00:00:07, memory = 962.53 (MB).
[INFO DRT-0199]   Number of violations = 1.
Viol/Layer      metal3
Metal Spacing        1
[INFO DRT-0267] cpu time = 00:00:18, elapsed time = 00:00:08, memory = 962.53 (MB), peak = 962.12 (MB)
Total wire length = 27880 um.
Total wire length on LAYER metal1 = 0 um.
Total wire length on LAYER metal2 = 9738 um.
Total wire length on LAYER metal3 = 11751 um.
Total wire length on LAYER metal4 = 3674 um.
Total wire length on LAYER metal5 = 1668 um.
Total wire length on LAYER metal6 = 991 um.
Total wire length on LAYER metal7 = 18 um.
Total wire length on LAYER metal8 = 37 um.
Total wire length on LAYER metal9 = 0 um.
Total wire length on LAYER metal10 = 0 um.
Total number of vias = 13622.
Up-via summary (total 13622):

----------------
 active        0
 metal1     5936
 metal2     6355
 metal3      877
 metal4      319
 metal5      131
 metal6        2
 metal7        2
 metal8        0
 metal9        0
----------------
       13622


[INFO DRT-0195] Start 4th guides tiles iteration.
    Completing 50% with 1 violations.
    elapsed time = 00:00:00, memory = 962.53 (MB).
    Completing 100% with 0 violations.
    elapsed time = 00:00:00, memory = 962.53 (MB).
[INFO DRT-0199]   Number of violations = 0.
[INFO DRT-0267] cpu time = 00:00:00, elapsed time = 00:00:00, memory = 962.53 (MB), peak = 962.12 (MB)
Total wire length = 27880 um.
Total wire length on LAYER metal1 = 0 um.
Total wire length on LAYER metal2 = 9738 um.
Total wire length on LAYER metal3 = 11750 um.
Total wire length on LAYER metal4 = 3674 um.
Total wire length on LAYER metal5 = 1668 um.
Total wire length on LAYER metal6 = 991 um.
Total wire length on LAYER metal7 = 18 um.
Total wire length on LAYER metal8 = 37 um.
Total wire length on LAYER metal9 = 0 um.
Total wire length on LAYER metal10 = 0 um.
Total number of vias = 13622.
Up-via summary (total 13622):

----------------
 active        0
 metal1     5936
 metal2     6355
 metal3      877
 metal4      319
 metal5      131
 metal6        2
 metal7        2
 metal8        0
 metal9        0
----------------
       13622


[INFO DRT-0198] Complete detail routing.
Total wire length = 27880 um.
Total wire length on LAYER metal1 = 0 um.
Total wire length on LAYER metal2 = 9738 um.
Total wire length on LAYER metal3 = 11750 um.
Total wire length on LAYER metal4 = 3674 um.
Total wire length on LAYER metal5 = 1668 um.
Total wire length on LAYER metal6 = 991 um.
Total wire length on LAYER metal7 = 18 um.
Total wire length on LAYER metal8 = 37 um.
Total wire length on LAYER metal9 = 0 um.
Total wire length on LAYER metal10 = 0 um.
Total number of vias = 13622.
Up-via summary (total 13622):

----------------
 active        0
 metal1     5936
 metal2     6355
 metal3      877
 metal4      319
 metal5      131
 metal6        2
 metal7        2
 metal8        0
 metal9        0
----------------
       13622


[INFO DRT-0267] cpu time = 00:02:06, elapsed time = 00:00:54, memory = 962.59 (MB), peak = 962.12 (MB)

[INFO DRT-0180] Post processing.
Took 59 seconds: detailed_route -output_drc ./reports/nangate45/s5378/phase0c_f3e7b516a_s19_k8_B0_bb9462b4_7f655d61/5_route_drc.rpt -output_maze ./results/nangate45/s5378/phase0c_f3e7b516a_s19_k8_B0_bb9462b4_7f655d61/maze.log -droute_end_iter 64 -verbose 1 -drc_report_iter_step 5
[WARNING GRT-0246] No diode with LEF class CORE ANTENNACELL found.
[INFO ANT-0002] Found 0 net violations.
[INFO ANT-0001] Found 0 pin violations.
[INFO ANT-0002] Found 0 net violations.
[INFO ANT-0001] Found 0 pin violations.
Design area 2601 um^2 38% utilization.
write_db ./results/nangate45/s5378/phase0c_f3e7b516a_s19_k8_B0_bb9462b4_7f655d61/5_2_route.odb
Log                       Ext     Elapsed/s Peak Memory/MB sha1sum result [0:20)
5_2_route                 .odb           64            962 cc3fda23a41bb8254c16
/root/pact-deps/OpenROAD-flow-scripts/flow/scripts/flow.sh 5_3_fillcell fillcell
Running fillcell.tcl, stage 5_3_fillcell
read_liberty /root/pact-deps/OpenROAD-flow-scripts/flow/platforms/nangate45/lib/NangateOpenCellLibrary_typical.lib
read_db ./results/nangate45/s5378/phase0c_f3e7b516a_s19_k8_B0_bb9462b4_7f655d61/5_2_route.odb
read_sdc ./results/nangate45/s5378/phase0c_f3e7b516a_s19_k8_B0_bb9462b4_7f655d61/5_1_grt.sdc
source /root/pact-deps/OpenROAD-flow-scripts/flow/platforms/nangate45/setRC.tcl
filler_placement "FILLCELL_X1 FILLCELL_X2 FILLCELL_X4 FILLCELL_X8 FILLCELL_X16 FILLCELL_X32"
[INFO DPL-0001] Placed 2456 filler instances.
Design area 2601 um^2 38% utilization.
write_db ./results/nangate45/s5378/phase0c_f3e7b516a_s19_k8_B0_bb9462b4_7f655d61/5_3_fillcell.odb
Log                       Ext     Elapsed/s Peak Memory/MB sha1sum result [0:20)
5_3_fillcell              .odb            0            116 9e93526cff922567a1e4
cp ./results/nangate45/s5378/phase0c_f3e7b516a_s19_k8_B0_bb9462b4_7f655d61/5_3_fillcell.odb ./results/nangate45/s5378/phase0c_f3e7b516a_s19_k8_B0_bb9462b4_7f655d61/5_route.odb
cp ./results/nangate45/s5378/phase0c_f3e7b516a_s19_k8_B0_bb9462b4_7f655d61/5_1_grt.sdc ./results/nangate45/s5378/phase0c_f3e7b516a_s19_k8_B0_bb9462b4_7f655d61/5_route.sdc
