
==========================================================================
global place report_tns
--------------------------------------------------------------------------
tns max 0.00

==========================================================================
global place report_wns
--------------------------------------------------------------------------
wns max 0.00

==========================================================================
global place report_worst_slack
--------------------------------------------------------------------------
worst slack max 8.12

==========================================================================
global place report_clock_min_period
--------------------------------------------------------------------------
clk period_min = 1.88 fmax = 532.24

==========================================================================
global place report_checks -path_delay min
--------------------------------------------------------------------------
Startpoint: test_si (input port clocked by clk)
Endpoint: U_g1289 (rising edge-triggered flip-flop clocked by clk)
Path Group: clk
Path Type: min

Fanout     Cap    Slew   Delay    Time   Description
-----------------------------------------------------------------------------
                  0.00    0.00    0.00   clock clk (rise edge)
                          0.00    0.00   clock network delay (ideal)
                          0.00    0.00 ^ input external delay
     1    1.29    0.00    0.00    0.00 ^ test_si (in)
                                         test_si (net)
                  0.00    0.00    0.00 ^ input79/A (BUF_X1)
     1    4.33    0.01    0.02    0.02 ^ input79/Z (BUF_X1)
                                         net79 (net)
                  0.01    0.00    0.03 ^ U_g1289/SI (SDFF_X1)
                                  0.03   data arrival time

                  0.00    0.00    0.00   clock clk (rise edge)
                          0.00    0.00   clock network delay (ideal)
                          0.00    0.00   clock reconvergence pessimism
                                  0.00 ^ U_g1289/CK (SDFF_X1)
                         -0.01   -0.01   library hold time
                                 -0.01   data required time
-----------------------------------------------------------------------------
                                 -0.01   data required time
                                 -0.03   data arrival time
-----------------------------------------------------------------------------
                                  0.04   slack (MET)



==========================================================================
global place report_checks -path_delay max
--------------------------------------------------------------------------
Startpoint: g48 (input port clocked by clk)
Endpoint: U_g336 (rising edge-triggered flip-flop clocked by clk)
Path Group: clk
Path Type: max

Fanout     Cap    Slew   Delay    Time   Description
-----------------------------------------------------------------------------
                  0.00    0.00    0.00   clock clk (rise edge)
                          0.00    0.00   clock network delay (ideal)
                          0.00    0.00 v input external delay
     1    1.17    0.00    0.00    0.00 v g48 (in)
                                         g48 (net)
                  0.00    0.00    0.00 v input38/A (BUF_X1)
    12   26.53    0.03    0.06    0.06 v input38/Z (BUF_X1)
                                         net38 (net)
                  0.03    0.00    0.06 v U_g6351/A2 (AND2_X1)
     1    1.56    0.01    0.04    0.10 v U_g6351/ZN (AND2_X1)
                                         g6351 (net)
                  0.01    0.00    0.10 v U_I11360/A (INV_X1)
    16   21.10    0.05    0.06    0.15 ^ U_I11360/ZN (INV_X1)
                                         I11360 (net)
                  0.05    0.00    0.15 ^ U_g8109/A2 (NAND2_X1)
     1    0.96    0.02    0.02    0.17 v U_g8109/ZN (NAND2_X1)
                                         g8109 (net)
                  0.02    0.00    0.17 v U_g8289/A2 (AND3_X1)
     1    1.70    0.01    0.04    0.21 v U_g8289/ZN (AND3_X1)
                                         g8289 (net)
                  0.01    0.00    0.21 v U_g8465/A (INV_X1)
     3    4.23    0.01    0.02    0.22 ^ U_g8465/ZN (INV_X1)
                                         g8465 (net)
                  0.01    0.00    0.22 ^ U_g8617/A (INV_X1)
     4    6.66    0.01    0.02    0.24 v U_g8617/ZN (INV_X1)
                                         g8617 (net)
                  0.01    0.00    0.24 v U_g8744/A1 (NAND3_X1)
     1    1.88    0.01    0.02    0.26 ^ U_g8744/ZN (NAND3_X1)
                                         g8744 (net)
                  0.01    0.00    0.26 ^ U_g8828/A (INV_X1)
     8    9.71    0.01    0.02    0.28 v U_g8828/ZN (INV_X1)
                                         g8828 (net)
                  0.01    0.00    0.28 v U_g8960/A3 (AND3_X1)
     1    1.71    0.01    0.04    0.31 v U_g8960/ZN (AND3_X1)
                                         g8960 (net)
                  0.01    0.00    0.31 v U_g9223/A2 (AND2_X2)
    10   12.02    0.01    0.04    0.35 v U_g9223/ZN (AND2_X2)
                                         g9223 (net)
                  0.01    0.00    0.35 v U_g9388/A2 (OR2_X1)
     1    0.90    0.01    0.05    0.40 v U_g9388/ZN (OR2_X1)
                                         g9388 (net)
                  0.01    0.00    0.40 v U_g9785/A3 (OR4_X1)
    14   17.02    0.03    0.15    0.54 v U_g9785/ZN (OR4_X1)
                                         g9785 (net)
                  0.03    0.00    0.55 v U_I15051/A4 (OR4_X1)
     1    1.63    0.02    0.12    0.67 v U_I15051/ZN (OR4_X1)
                                         I15051 (net)
                  0.02    0.00    0.67 v U_g9880/A4 (NOR4_X1)
     1    1.01    0.04    0.07    0.74 ^ U_g9880/ZN (NOR4_X1)
                                         g9880 (net)
                  0.04    0.00    0.74 ^ U_I15200/A4 (OR4_X1)
     1    1.01    0.01    0.04    0.78 ^ U_I15200/ZN (OR4_X1)
                                         I15200 (net)
                  0.01    0.00    0.78 ^ U_g9995/A2 (OR2_X1)
     6   10.44    0.03    0.05    0.82 ^ U_g9995/ZN (OR2_X1)
                                         g9995 (net)
                  0.03    0.00    0.82 ^ U_I15503/A (INV_X1)
     5    6.85    0.01    0.02    0.84 v U_I15503/ZN (INV_X1)
                                         I15503 (net)
                  0.01    0.00    0.84 v U_g10430/A1 (NOR2_X1)
     7   12.08    0.06    0.08    0.92 ^ U_g10430/ZN (NOR2_X1)
                                         g10430 (net)
                  0.06    0.00    0.92 ^ U_I16030/A2 (NAND2_X1)
     2    3.06    0.02    0.03    0.95 v U_I16030/ZN (NAND2_X1)
                                         I16030 (net)
                  0.02    0.00    0.95 v U_I16032/A2 (NAND2_X1)
     1    1.89    0.01    0.02    0.97 ^ U_I16032/ZN (NAND2_X1)
                                         I16032 (net)
                  0.01    0.00    0.97 ^ U_g10475/A2 (NAND2_X1)
     1    1.04    0.01    0.01    0.98 v U_g10475/ZN (NAND2_X1)
                                         g10475 (net)
                  0.01    0.00    0.98 v U_I16161/A4 (OR4_X1)
     1    0.92    0.02    0.11    1.09 v U_I16161/ZN (OR4_X1)
                                         I16161 (net)
                  0.02    0.00    1.09 v U_g10529/A2 (OR2_X1)
     1    2.30    0.01    0.05    1.15 v U_g10529/ZN (OR2_X1)
                                         g10529 (net)
                  0.01    0.00    1.15 v U_g10562/A2 (NOR2_X1)
     1    5.48    0.03    0.05    1.19 ^ U_g10562/ZN (NOR2_X1)
                                         g10562 (net)
                  0.03    0.00    1.19 ^ U_g10702/A1 (OR2_X2)
    24   40.73    0.05    0.07    1.26 ^ U_g10702/ZN (OR2_X2)
                                         g10702 (net)
                  0.05    0.00    1.27 ^ FE_OFC10_g10702/A (INV_X1)
     4    4.48    0.01    0.02    1.29 v FE_OFC10_g10702/ZN (INV_X1)
                                         FE_OFN10_g10702 (net)
                  0.01    0.00    1.29 v FE_OFC13_g10702/A (INV_X1)
    23   31.98    0.07    0.09    1.37 ^ FE_OFC13_g10702/ZN (INV_X1)
                                         FE_OFN13_g10702 (net)
                  0.07    0.00    1.37 ^ U_g11006/A2 (AND2_X1)
     1    1.00    0.01    0.04    1.42 ^ U_g11006/ZN (AND2_X1)
                                         g11006 (net)
                  0.01    0.00    1.42 ^ U_g11219/A2 (OR2_X1)
     3    4.38    0.01    0.03    1.45 ^ U_g11219/ZN (OR2_X1)
                                         g11219 (net)
                  0.01    0.00    1.45 ^ U_I17281/A2 (NAND2_X1)
     2    3.13    0.01    0.02    1.46 v U_I17281/ZN (NAND2_X1)
                                         I17281 (net)
                  0.01    0.00    1.46 v U_I17283/A2 (NAND2_X1)
     1    1.84    0.01    0.02    1.48 ^ U_I17283/ZN (NAND2_X1)
                                         I17283 (net)
                  0.01    0.00    1.48 ^ U_g11414/A2 (NAND2_X1)
     2    3.36    0.01    0.02    1.50 v U_g11414/ZN (NAND2_X1)
                                         g11414 (net)
                  0.01    0.00    1.50 v U_I17393/A2 (NAND2_X1)
     2    3.50    0.01    0.02    1.52 ^ U_I17393/ZN (NAND2_X1)
                                         I17393 (net)
                  0.01    0.00    1.52 ^ U_I17395/A2 (NAND2_X1)
     1    1.80    0.01    0.01    1.53 v U_I17395/ZN (NAND2_X1)
                                         I17395 (net)
                  0.01    0.00    1.53 v U_g11448/A2 (NAND2_X1)
     2    3.53    0.01    0.02    1.56 ^ U_g11448/ZN (NAND2_X1)
                                         g11448 (net)
                  0.01    0.00    1.56 ^ U_I17459/A2 (NAND2_X1)
     2    3.08    0.01    0.02    1.57 v U_I17459/ZN (NAND2_X1)
                                         I17459 (net)
                  0.01    0.00    1.57 v U_I17461/A2 (NAND2_X1)
     1    2.03    0.01    0.02    1.59 ^ U_I17461/ZN (NAND2_X1)
                                         I17461 (net)
                  0.01    0.00    1.59 ^ U_g11474/A2 (NAND2_X1)
     2    3.25    0.01    0.02    1.61 v U_g11474/ZN (NAND2_X1)
                                         g11474 (net)
                  0.01    0.00    1.61 v U_I17485/A2 (NAND2_X1)
     2    3.44    0.01    0.02    1.63 ^ U_I17485/ZN (NAND2_X1)
                                         I17485 (net)
                  0.01    0.00    1.63 ^ U_I17487/A2 (NAND2_X1)
     1    1.86    0.01    0.01    1.64 v U_I17487/ZN (NAND2_X1)
                                         I17487 (net)
                  0.01    0.00    1.64 v U_g11490/A2 (NAND2_X1)
     1    1.84    0.01    0.02    1.66 ^ U_g11490/ZN (NAND2_X1)
                                         g11490 (net)
                  0.01    0.00    1.66 ^ U_g11515/A (INV_X1)
     3    4.29    0.01    0.01    1.67 v U_g11515/ZN (INV_X1)
                                         g11515 (net)
                  0.01    0.00    1.67 v U_g11544/A1 (AND2_X1)
     1    0.91    0.01    0.03    1.70 v U_g11544/ZN (AND2_X1)
                                         g11544 (net)
                  0.01    0.00    1.70 v U_g11580/A2 (OR2_X1)
     1    1.92    0.01    0.05    1.75 v U_g11580/ZN (OR2_X1)
                                         g11580 (net)
                  0.01    0.00    1.75 v U_g11596/A (INV_X1)
     1    0.97    0.01    0.01    1.76 ^ U_g11596/ZN (INV_X1)
                                         g11596 (net)
                  0.01    0.00    1.76 ^ U_g11637/A1 (AND2_X1)
     1    1.12    0.01    0.03    1.78 ^ U_g11637/ZN (AND2_X1)
                                         g11637 (net)
                  0.01    0.00    1.78 ^ U_g11647/A2 (OR2_X1)
     1    1.16    0.01    0.02    1.81 ^ U_g11647/ZN (OR2_X1)
                                         g11647 (net)
                  0.01    0.00    1.81 ^ U_g336/D (SDFF_X1)
                                  1.81   data arrival time

                  0.00   10.00   10.00   clock clk (rise edge)
                          0.00   10.00   clock network delay (ideal)
                          0.00   10.00   clock reconvergence pessimism
                                 10.00 ^ U_g336/CK (SDFF_X1)
                         -0.07    9.93   library setup time
                                  9.93   data required time
-----------------------------------------------------------------------------
                                  9.93   data required time
                                 -1.81   data arrival time
-----------------------------------------------------------------------------
                                  8.12   slack (MET)



==========================================================================
global place report_checks -unconstrained
--------------------------------------------------------------------------
Startpoint: g48 (input port clocked by clk)
Endpoint: U_g336 (rising edge-triggered flip-flop clocked by clk)
Path Group: clk
Path Type: max

Fanout     Cap    Slew   Delay    Time   Description
-----------------------------------------------------------------------------
                  0.00    0.00    0.00   clock clk (rise edge)
                          0.00    0.00   clock network delay (ideal)
                          0.00    0.00 v input external delay
     1    1.17    0.00    0.00    0.00 v g48 (in)
                                         g48 (net)
                  0.00    0.00    0.00 v input38/A (BUF_X1)
    12   26.53    0.03    0.06    0.06 v input38/Z (BUF_X1)
                                         net38 (net)
                  0.03    0.00    0.06 v U_g6351/A2 (AND2_X1)
     1    1.56    0.01    0.04    0.10 v U_g6351/ZN (AND2_X1)
                                         g6351 (net)
                  0.01    0.00    0.10 v U_I11360/A (INV_X1)
    16   21.10    0.05    0.06    0.15 ^ U_I11360/ZN (INV_X1)
                                         I11360 (net)
                  0.05    0.00    0.15 ^ U_g8109/A2 (NAND2_X1)
     1    0.96    0.02    0.02    0.17 v U_g8109/ZN (NAND2_X1)
                                         g8109 (net)
                  0.02    0.00    0.17 v U_g8289/A2 (AND3_X1)
     1    1.70    0.01    0.04    0.21 v U_g8289/ZN (AND3_X1)
                                         g8289 (net)
                  0.01    0.00    0.21 v U_g8465/A (INV_X1)
     3    4.23    0.01    0.02    0.22 ^ U_g8465/ZN (INV_X1)
                                         g8465 (net)
                  0.01    0.00    0.22 ^ U_g8617/A (INV_X1)
     4    6.66    0.01    0.02    0.24 v U_g8617/ZN (INV_X1)
                                         g8617 (net)
                  0.01    0.00    0.24 v U_g8744/A1 (NAND3_X1)
     1    1.88    0.01    0.02    0.26 ^ U_g8744/ZN (NAND3_X1)
                                         g8744 (net)
                  0.01    0.00    0.26 ^ U_g8828/A (INV_X1)
     8    9.71    0.01    0.02    0.28 v U_g8828/ZN (INV_X1)
                                         g8828 (net)
                  0.01    0.00    0.28 v U_g8960/A3 (AND3_X1)
     1    1.71    0.01    0.04    0.31 v U_g8960/ZN (AND3_X1)
                                         g8960 (net)
                  0.01    0.00    0.31 v U_g9223/A2 (AND2_X2)
    10   12.02    0.01    0.04    0.35 v U_g9223/ZN (AND2_X2)
                                         g9223 (net)
                  0.01    0.00    0.35 v U_g9388/A2 (OR2_X1)
     1    0.90    0.01    0.05    0.40 v U_g9388/ZN (OR2_X1)
                                         g9388 (net)
                  0.01    0.00    0.40 v U_g9785/A3 (OR4_X1)
    14   17.02    0.03    0.15    0.54 v U_g9785/ZN (OR4_X1)
                                         g9785 (net)
                  0.03    0.00    0.55 v U_I15051/A4 (OR4_X1)
     1    1.63    0.02    0.12    0.67 v U_I15051/ZN (OR4_X1)
                                         I15051 (net)
                  0.02    0.00    0.67 v U_g9880/A4 (NOR4_X1)
     1    1.01    0.04    0.07    0.74 ^ U_g9880/ZN (NOR4_X1)
                                         g9880 (net)
                  0.04    0.00    0.74 ^ U_I15200/A4 (OR4_X1)
     1    1.01    0.01    0.04    0.78 ^ U_I15200/ZN (OR4_X1)
                                         I15200 (net)
                  0.01    0.00    0.78 ^ U_g9995/A2 (OR2_X1)
     6   10.44    0.03    0.05    0.82 ^ U_g9995/ZN (OR2_X1)
                                         g9995 (net)
                  0.03    0.00    0.82 ^ U_I15503/A (INV_X1)
     5    6.85    0.01    0.02    0.84 v U_I15503/ZN (INV_X1)
                                         I15503 (net)
                  0.01    0.00    0.84 v U_g10430/A1 (NOR2_X1)
     7   12.08    0.06    0.08    0.92 ^ U_g10430/ZN (NOR2_X1)
                                         g10430 (net)
                  0.06    0.00    0.92 ^ U_I16030/A2 (NAND2_X1)
     2    3.06    0.02    0.03    0.95 v U_I16030/ZN (NAND2_X1)
                                         I16030 (net)
                  0.02    0.00    0.95 v U_I16032/A2 (NAND2_X1)
     1    1.89    0.01    0.02    0.97 ^ U_I16032/ZN (NAND2_X1)
                                         I16032 (net)
                  0.01    0.00    0.97 ^ U_g10475/A2 (NAND2_X1)
     1    1.04    0.01    0.01    0.98 v U_g10475/ZN (NAND2_X1)
                                         g10475 (net)
                  0.01    0.00    0.98 v U_I16161/A4 (OR4_X1)
     1    0.92    0.02    0.11    1.09 v U_I16161/ZN (OR4_X1)
                                         I16161 (net)
                  0.02    0.00    1.09 v U_g10529/A2 (OR2_X1)
     1    2.30    0.01    0.05    1.15 v U_g10529/ZN (OR2_X1)
                                         g10529 (net)
                  0.01    0.00    1.15 v U_g10562/A2 (NOR2_X1)
     1    5.48    0.03    0.05    1.19 ^ U_g10562/ZN (NOR2_X1)
                                         g10562 (net)
                  0.03    0.00    1.19 ^ U_g10702/A1 (OR2_X2)
    24   40.73    0.05    0.07    1.26 ^ U_g10702/ZN (OR2_X2)
                                         g10702 (net)
                  0.05    0.00    1.27 ^ FE_OFC10_g10702/A (INV_X1)
     4    4.48    0.01    0.02    1.29 v FE_OFC10_g10702/ZN (INV_X1)
                                         FE_OFN10_g10702 (net)
                  0.01    0.00    1.29 v FE_OFC13_g10702/A (INV_X1)
    23   31.98    0.07    0.09    1.37 ^ FE_OFC13_g10702/ZN (INV_X1)
                                         FE_OFN13_g10702 (net)
                  0.07    0.00    1.37 ^ U_g11006/A2 (AND2_X1)
     1    1.00    0.01    0.04    1.42 ^ U_g11006/ZN (AND2_X1)
                                         g11006 (net)
                  0.01    0.00    1.42 ^ U_g11219/A2 (OR2_X1)
     3    4.38    0.01    0.03    1.45 ^ U_g11219/ZN (OR2_X1)
                                         g11219 (net)
                  0.01    0.00    1.45 ^ U_I17281/A2 (NAND2_X1)
     2    3.13    0.01    0.02    1.46 v U_I17281/ZN (NAND2_X1)
                                         I17281 (net)
                  0.01    0.00    1.46 v U_I17283/A2 (NAND2_X1)
     1    1.84    0.01    0.02    1.48 ^ U_I17283/ZN (NAND2_X1)
                                         I17283 (net)
                  0.01    0.00    1.48 ^ U_g11414/A2 (NAND2_X1)
     2    3.36    0.01    0.02    1.50 v U_g11414/ZN (NAND2_X1)
                                         g11414 (net)
                  0.01    0.00    1.50 v U_I17393/A2 (NAND2_X1)
     2    3.50    0.01    0.02    1.52 ^ U_I17393/ZN (NAND2_X1)
                                         I17393 (net)
                  0.01    0.00    1.52 ^ U_I17395/A2 (NAND2_X1)
     1    1.80    0.01    0.01    1.53 v U_I17395/ZN (NAND2_X1)
                                         I17395 (net)
                  0.01    0.00    1.53 v U_g11448/A2 (NAND2_X1)
     2    3.53    0.01    0.02    1.56 ^ U_g11448/ZN (NAND2_X1)
                                         g11448 (net)
                  0.01    0.00    1.56 ^ U_I17459/A2 (NAND2_X1)
     2    3.08    0.01    0.02    1.57 v U_I17459/ZN (NAND2_X1)
                                         I17459 (net)
                  0.01    0.00    1.57 v U_I17461/A2 (NAND2_X1)
     1    2.03    0.01    0.02    1.59 ^ U_I17461/ZN (NAND2_X1)
                                         I17461 (net)
                  0.01    0.00    1.59 ^ U_g11474/A2 (NAND2_X1)
     2    3.25    0.01    0.02    1.61 v U_g11474/ZN (NAND2_X1)
                                         g11474 (net)
                  0.01    0.00    1.61 v U_I17485/A2 (NAND2_X1)
     2    3.44    0.01    0.02    1.63 ^ U_I17485/ZN (NAND2_X1)
                                         I17485 (net)
                  0.01    0.00    1.63 ^ U_I17487/A2 (NAND2_X1)
     1    1.86    0.01    0.01    1.64 v U_I17487/ZN (NAND2_X1)
                                         I17487 (net)
                  0.01    0.00    1.64 v U_g11490/A2 (NAND2_X1)
     1    1.84    0.01    0.02    1.66 ^ U_g11490/ZN (NAND2_X1)
                                         g11490 (net)
                  0.01    0.00    1.66 ^ U_g11515/A (INV_X1)
     3    4.29    0.01    0.01    1.67 v U_g11515/ZN (INV_X1)
                                         g11515 (net)
                  0.01    0.00    1.67 v U_g11544/A1 (AND2_X1)
     1    0.91    0.01    0.03    1.70 v U_g11544/ZN (AND2_X1)
                                         g11544 (net)
                  0.01    0.00    1.70 v U_g11580/A2 (OR2_X1)
     1    1.92    0.01    0.05    1.75 v U_g11580/ZN (OR2_X1)
                                         g11580 (net)
                  0.01    0.00    1.75 v U_g11596/A (INV_X1)
     1    0.97    0.01    0.01    1.76 ^ U_g11596/ZN (INV_X1)
                                         g11596 (net)
                  0.01    0.00    1.76 ^ U_g11637/A1 (AND2_X1)
     1    1.12    0.01    0.03    1.78 ^ U_g11637/ZN (AND2_X1)
                                         g11637 (net)
                  0.01    0.00    1.78 ^ U_g11647/A2 (OR2_X1)
     1    1.16    0.01    0.02    1.81 ^ U_g11647/ZN (OR2_X1)
                                         g11647 (net)
                  0.01    0.00    1.81 ^ U_g336/D (SDFF_X1)
                                  1.81   data arrival time

                  0.00   10.00   10.00   clock clk (rise edge)
                          0.00   10.00   clock network delay (ideal)
                          0.00   10.00   clock reconvergence pessimism
                                 10.00 ^ U_g336/CK (SDFF_X1)
                         -0.07    9.93   library setup time
                                  9.93   data required time
-----------------------------------------------------------------------------
                                  9.93   data required time
                                 -1.81   data arrival time
-----------------------------------------------------------------------------
                                  8.12   slack (MET)



==========================================================================
global place report_power
--------------------------------------------------------------------------
Group                  Internal  Switching    Leakage      Total
                          Power      Power      Power      Power (Watts)
----------------------------------------------------------------
Sequential             5.97e-04   1.95e-04   5.02e-05   8.42e-04  53.8%
Combinational          3.57e-04   2.67e-04   9.99e-05   7.24e-04  46.2%
Clock                  0.00e+00   0.00e+00   0.00e+00   0.00e+00   0.0%
Macro                  0.00e+00   0.00e+00   0.00e+00   0.00e+00   0.0%
Pad                    0.00e+00   0.00e+00   0.00e+00   0.00e+00   0.0%
----------------------------------------------------------------
Total                  9.54e-04   4.63e-04   1.50e-04   1.57e-03 100.0%
                          60.9%      29.5%       9.6%
