OpenROAD 26Q2-1164-g08f67ee5ec 
Features included (+) or not (-): +GPU +GUI +Python
This program is licensed under the BSD-3 license. See the LICENSE file for details.
Components of this program may be licensed under more restrictive licenses which must be honored.
[INFO ORD-0030] Using 2 thread(s).
mkdir -p /mnt/c/Users/Abhinav/OneDrive/Desktop/PACT/PACT/results/pact_v2/routes/s9234/orfs/objects/nangate45/s9234f/pactv2_53bb5b018758
/root/pact-deps/OpenROAD-flow-scripts/flow/scripts/flow.sh 4_1_cts cts
Running cts.tcl, stage 4_1_cts
read_liberty /root/pact-deps/OpenROAD-flow-scripts/flow/platforms/nangate45/lib/NangateOpenCellLibrary_typical.lib
read_db /mnt/c/Users/Abhinav/OneDrive/Desktop/PACT/PACT/results/pact_v2/routes/s9234/orfs/results/nangate45/s9234f/pactv2_53bb5b018758/3_place.odb
read_sdc /mnt/c/Users/Abhinav/OneDrive/Desktop/PACT/PACT/results/pact_v2/routes/s9234/orfs/results/nangate45/s9234f/pactv2_53bb5b018758/3_place.sdc
source /root/pact-deps/OpenROAD-flow-scripts/flow/platforms/nangate45/setRC.tcl
clock_tree_synthesis -sink_clustering_enable -repair_clock_nets
[INFO CTS-0050] Root buffer is CLKBUF_X3.
[INFO CTS-0051] Sink buffer is CLKBUF_X3.
[INFO CTS-0052] The following clock buffers will be used for CTS:
                    CLKBUF_X3
[INFO CTS-0049] Characterization buffer is CLKBUF_X3.
[INFO CTS-0007] Net "CK" found for clock "clk".
[INFO CTS-0010]  Clock net "CK" has 211 sinks.
[INFO CTS-0008] TritonCTS found 1 clock nets.
[INFO CTS-0097] Characterization used 1 buffer(s) types.
[INFO CTS-0201] 0 blockages from hard placement blockages and placed macros will be used.
[INFO CTS-0027] Generating H-Tree topology for net CK.
[INFO CTS-0028]  Total number of sinks: 211.
[INFO CTS-0090]  Sinks will be clustered based on buffer max cap.
[INFO CTS-0030]  Number of static layers: 0.
[INFO CTS-0020]  Wire segment unit: 14000  dbu (7 um).
[INFO CTS-0206] Best clustering solution was found from max clustering size of 8 and max clustering diameter of 39.
[INFO CTS-0019]  Total number of sinks after clustering: 33.
[INFO CTS-0024]  Normalized sink region: [(2.74219, 1.7898), (12.9744, 13.2029)].
[INFO CTS-0025]     Width:  10.2322.
[INFO CTS-0026]     Height: 11.4131.
 Level 1
    Direction: Vertical
    Sinks per sub-region: 17
    Sub-region size: 10.2322 X 5.7065
[INFO CTS-0034]     Segment length (rounded): 2.
 Level 2
    Direction: Horizontal
    Sinks per sub-region: 9
    Sub-region size: 5.1161 X 5.7065
[INFO CTS-0034]     Segment length (rounded): 2.
[INFO CTS-0032]  Stop criterion found. Max number of sinks is 15.
[INFO CTS-0035]  Number of sinks covered: 33.
[INFO CTS-0018]     Created 38 clock buffers.
[INFO CTS-0012]     Minimum number of buffers in the clock path: 3.
[INFO CTS-0013]     Maximum number of buffers in the clock path: 3.
[INFO CTS-0015]     Created 38 clock nets.
[INFO CTS-0016]     Fanout distribution for the current clock = 5:7, 6:10, 7:14, 8:4, 9:1, 10:1..
[INFO CTS-0017]     Max level of the clock tree: 2.
[INFO CTS-0098] Clock net "CK"
[INFO CTS-0099]  Sinks 242
[INFO CTS-0100]  Leaf buffers 33
[INFO CTS-0101]  Average sink wire length 139.06 um
[INFO CTS-0102]  Path depth 2 - 3
[INFO CTS-0207]  Dummy loads inserted 31
estimate_parasitics -placement
detailed_placement
[INFO DPL-0006] Core area: 10208.02 um^2, Instances area: 3604.57 um^2, Utilization: 35.3%
[INFO DPL-0005] Diamond search max displacement: +/- 500 sites horizontally, +/- 100 rows vertically.
[INFO DPL-1101] Legalizing using diamond search.
Movements Summary
---------------------------------------
Total cells:                    2613
Diamond Move Success:           2613 (100.00%)
Diamond Move Failure:              0
Rip-up and replace Success:        0 (  0.00% of diamond failures)
Rip-up and replace Failure:        0
Total Placement Failures:          0
---------------------------------------
Placement Analysis
---------------------------------
total displacement         89.6 u
average displacement        0.0 u
max displacement            2.6 u
original HPWL           32841.8 u
legalized HPWL          32875.2 u
delta HPWL                    0 %

estimate_parasitics -placement
repair_timing -setup_margin 0 -hold_margin 0 -repair_tns 100 -verbose
[INFO RSZ-0100] Repair move sequence: UnbufferMove SizeUpMove SwapPinsMove BufferMove CloneMove SplitLoadMove 
[INFO RSZ-0098] No setup violations found
[INFO RSZ-0046] Found 58 endpoints with hold violations.
Iteration | Resized | Buffers | Cloned Gates |   Area   |   WNS   |   TNS   | Endpoint
--------------------------------------------------------------------------------------
        0 |       0 |       0 |            0 |    +0.0% |  -0.093 |  -1.895 | U_g666/D
       10 |       0 |      18 |            0 |    +0.4% |  -0.078 |  -1.331 | U_g687/D
       20 |       0 |      32 |            0 |    +0.7% |  -0.040 |  -0.323 | U_g666/D
       30 |       0 |      32 |            0 |    +0.7% |  -0.040 |  -0.323 | U_g666/D
       40 |       0 |      32 |            0 |    +0.7% |  -0.040 |  -0.323 | U_g666/D
       50 |       0 |      35 |            0 |    +0.8% |  -0.040 |  -0.251 | U_g666/D
       60 |       0 |      38 |            0 |    +0.8% |  -0.032 |  -0.203 | U_g79/SI
    final |       0 |      51 |            0 |    +1.1% |   0.000 |   0.000 | U_g11/D
--------------------------------------------------------------------------------------
[INFO RSZ-0032] Inserted 51 hold buffers.
detailed_placement
[INFO DPL-0006] Core area: 10208.02 um^2, Instances area: 3645.26 um^2, Utilization: 35.7%
[INFO DPL-0005] Diamond search max displacement: +/- 500 sites horizontally, +/- 100 rows vertically.
[INFO DPL-1101] Legalizing using diamond search.
Movements Summary
---------------------------------------
Total cells:                    2664
Diamond Move Success:           2664 (100.00%)
Diamond Move Failure:              0
Rip-up and replace Success:        0 (  0.00% of diamond failures)
Rip-up and replace Failure:        0
Total Placement Failures:          0
---------------------------------------
Placement Analysis
---------------------------------
total displacement         84.7 u
average displacement        0.0 u
max displacement            3.0 u
original HPWL           32943.1 u
legalized HPWL          33005.3 u
delta HPWL                    0 %

estimate_parasitics -placement
Report metrics stage 4, cts final...

==========================================================================
cts final report_design_area
--------------------------------------------------------------------------
Design area 3645 um^2 36% utilization.
write_db /mnt/c/Users/Abhinav/OneDrive/Desktop/PACT/PACT/results/pact_v2/routes/s9234/orfs/results/nangate45/s9234f/pactv2_53bb5b018758/4_1_cts.odb
write_sdc -no_timestamp /mnt/c/Users/Abhinav/OneDrive/Desktop/PACT/PACT/results/pact_v2/routes/s9234/orfs/results/nangate45/s9234f/pactv2_53bb5b018758/4_cts.sdc
Log                       Ext     Elapsed/s Peak Memory/MB sha1sum result [0:20)
4_1_cts                   .odb            8            159 a5a3065695c85de5595b
cp /mnt/c/Users/Abhinav/OneDrive/Desktop/PACT/PACT/results/pact_v2/routes/s9234/orfs/results/nangate45/s9234f/pactv2_53bb5b018758/4_1_cts.odb /mnt/c/Users/Abhinav/OneDrive/Desktop/PACT/PACT/results/pact_v2/routes/s9234/orfs/results/nangate45/s9234f/pactv2_53bb5b018758/4_cts.odb
/root/pact-deps/OpenROAD-flow-scripts/flow/scripts/flow.sh 5_1_grt global_route
Running global_route.tcl, stage 5_1_grt
read_liberty /root/pact-deps/OpenROAD-flow-scripts/flow/platforms/nangate45/lib/NangateOpenCellLibrary_typical.lib
read_db /mnt/c/Users/Abhinav/OneDrive/Desktop/PACT/PACT/results/pact_v2/routes/s9234/orfs/results/nangate45/s9234f/pactv2_53bb5b018758/4_cts.odb
read_sdc /mnt/c/Users/Abhinav/OneDrive/Desktop/PACT/PACT/results/pact_v2/routes/s9234/orfs/results/nangate45/s9234f/pactv2_53bb5b018758/4_cts.sdc
source /root/pact-deps/OpenROAD-flow-scripts/flow/platforms/nangate45/setRC.tcl
pin_access
[INFO DRT-0149] Reading tech and libs.

Units:                2000
Number of layers:     21
Number of macros:     135
Number of vias:       33
Number of viarulegen: 19

[INFO DRT-0150] Reading design.

Design:                   s9234f
Die area:                 ( 0 0 ) ( 206880 206880 )
Number of track patterns: 20
Number of DEF vias:       0
Number of components:     2808
Number of terminals:      83
Number of snets:          2
Number of nets:           2673

[INFO DRT-0167] List of default vias:
  Layer via2
    default via: via2_5
  Layer via3
    default via: via3_2
  Layer via4
    default via: via4_0
  Layer via5
    default via: via5_0
  Layer via6
    default via: via6_0
  Layer via7
    default via: via7_0
  Layer via8
    default via: via8_0
  Layer via9
    default via: via9_0
[INFO DRT-0162] Library cell analysis.
[INFO DRT-0163] Instance analysis.
[INFO DRT-0164] Number of unique instances = 47.
[INFO DRT-0168] Init region query.
[INFO DRT-0024]   Complete active.
[INFO DRT-0024]   Complete Fr_VIA.
[INFO DRT-0024]   Complete metal1.
[INFO DRT-0024]   Complete via1.
[INFO DRT-0024]   Complete metal2.
[INFO DRT-0024]   Complete via2.
[INFO DRT-0024]   Complete metal3.
[INFO DRT-0024]   Complete via3.
[INFO DRT-0024]   Complete metal4.
[INFO DRT-0024]   Complete via4.
[INFO DRT-0024]   Complete metal5.
[INFO DRT-0024]   Complete via5.
[INFO DRT-0024]   Complete metal6.
[INFO DRT-0024]   Complete via6.
[INFO DRT-0024]   Complete metal7.
[INFO DRT-0024]   Complete via7.
[INFO DRT-0024]   Complete metal8.
[INFO DRT-0024]   Complete via8.
[INFO DRT-0024]   Complete metal9.
[INFO DRT-0024]   Complete via9.
[INFO DRT-0024]   Complete metal10.
[INFO DRT-0033] active shape region query size = 0.
[INFO DRT-0033] FR_VIA shape region query size = 0.
[INFO DRT-0033] metal1 shape region query size = 42678.
[INFO DRT-0033] via1 shape region query size = 438.
[INFO DRT-0033] metal2 shape region query size = 292.
[INFO DRT-0033] via2 shape region query size = 438.
[INFO DRT-0033] metal3 shape region query size = 292.
[INFO DRT-0033] via3 shape region query size = 438.
[INFO DRT-0033] metal4 shape region query size = 164.
[INFO DRT-0033] via4 shape region query size = 140.
[INFO DRT-0033] metal5 shape region query size = 64.
[INFO DRT-0033] via5 shape region query size = 140.
[INFO DRT-0033] metal6 shape region query size = 73.
[INFO DRT-0033] via6 shape region query size = 56.
[INFO DRT-0033] metal7 shape region query size = 28.
[INFO DRT-0033] via7 shape region query size = 0.
[INFO DRT-0033] metal8 shape region query size = 0.
[INFO DRT-0033] via8 shape region query size = 0.
[INFO DRT-0033] metal9 shape region query size = 0.
[INFO DRT-0033] via9 shape region query size = 0.
[INFO DRT-0033] metal10 shape region query size = 0.
[INFO DRT-0165] Start pin access.
[INFO DRT-0078]   Complete 240 pins.
[INFO DRT-0081]   Complete 47 unique inst patterns.
[INFO DRT-0084]   Complete 1550 groups.
#scanned instances     = 2808
#unique  instances     = 47
#stdCellGenAp          = 1027
#stdCellValidPlanarAp  = 0
#stdCellValidViaAp     = 825
#stdCellPinNoAp        = 0
#stdCellPinCnt         = 8139
#instTermValidViaApCnt = 0
#macroGenAp            = 0
#macroValidPlanarAp    = 0
#macroValidViaAp       = 0
#macroNoAp             = 0
[INFO DRT-0166] Complete pin access.
[INFO DRT-0267] cpu time = 00:00:30, elapsed time = 00:00:17, memory = 118.87 (MB), peak = 118.64 (MB)
Took 17 seconds: pin_access
set_global_routing_random -seed 11
global_route -congestion_report_file /mnt/c/Users/Abhinav/OneDrive/Desktop/PACT/PACT/results/pact_v2/routes/s9234/orfs/reports/nangate45/s9234f/pactv2_53bb5b018758/congestion.rpt -congestion_iterations 30 -congestion_report_iter_step 5 -verbose
[INFO GRT-0020] Min routing layer: metal2
[INFO GRT-0021] Max routing layer: metal10
[INFO GRT-0022] Global adjustment: 0%
[INFO GRT-0023] Grid origin: (0, 0)
[INFO GRT-0088] Layer metal1  Track-Pitch = 0.1400  line-2-Via Pitch: 0.1350
[INFO GRT-0088] Layer metal2  Track-Pitch = 0.1900  line-2-Via Pitch: 0.1400
[INFO GRT-0088] Layer metal3  Track-Pitch = 0.1400  line-2-Via Pitch: 0.1400
[INFO GRT-0088] Layer metal4  Track-Pitch = 0.2800  line-2-Via Pitch: 0.2800
[INFO GRT-0088] Layer metal5  Track-Pitch = 0.2800  line-2-Via Pitch: 0.2800
[INFO GRT-0088] Layer metal6  Track-Pitch = 0.2800  line-2-Via Pitch: 0.2800
[INFO GRT-0088] Layer metal7  Track-Pitch = 0.8000  line-2-Via Pitch: 0.8000
[INFO GRT-0088] Layer metal8  Track-Pitch = 0.8000  line-2-Via Pitch: 0.8000
[INFO GRT-0088] Layer metal9  Track-Pitch = 1.6000  line-2-Via Pitch: 1.6000
[INFO GRT-0088] Layer metal10 Track-Pitch = 1.6000  line-2-Via Pitch: 1.6000
[INFO GRT-0003] Macros: 0
[INFO GRT-0004] Blockages: 0
[INFO GRT-0019] Found 39 clock nets.
[INFO GRT-0001] Minimum degree: 2
[INFO GRT-0002] Maximum degree: 63

[INFO GRT-0053] Routing resources analysis:
          Routing      Original      Derated      Resource
Layer     Direction    Resources     Resources    Reduction (%)
---------------------------------------------------------------
metal1     Horizontal          0             0          0.00%
metal2     Vertical        18585          8750          52.92%
metal3     Horizontal      25711         12607          50.97%
metal4     Vertical        12600          8890          29.44%
metal5     Horizontal      12839          9040          29.59%
metal6     Vertical        12882          9077          29.54%
metal7     Horizontal       3920          2800          28.57%
metal8     Vertical         4480          3220          28.12%
metal9     Horizontal       2240          1260          43.75%
metal10    Vertical         2240          1260          43.75%
---------------------------------------------------------------

[INFO GRT-0197] Via related to pin nodes: 15481
[INFO GRT-0198] Via related Steiner nodes: 339
[INFO GRT-0199] Via filling finished.
[INFO GRT-0111] Final number of vias: 20126
[INFO GRT-0112] Final usage 3D: 73184

[INFO GRT-0096] Final congestion report:
Layer         Resource        Demand        Usage (%)    Max H / Max V / Total Overflow
---------------------------------------------------------------------------------------
metal1               0             0            0.00%             0 /  0 /  0
metal2            8750          4719           53.93%             0 /  0 /  0
metal3           12607          5330           42.28%             0 /  0 /  0
metal4            8890          1481           16.66%             0 /  0 /  0
metal5            9040           904           10.00%             0 /  0 /  0
metal6            9077           337            3.71%             0 /  0 /  0
metal7            2800            35            1.25%             0 /  0 /  0
metal8            3220             0            0.00%             0 /  0 /  0
metal9            1260             0            0.00%             0 /  0 /  0
metal10           1260             0            0.00%             0 /  0 /  0
---------------------------------------------------------------------------------------
Total            56904         12806           22.50%             0 /  0 /  0

[INFO GRT-0018] Total wirelength: 56173 um
[INFO GRT-0014] Routed nets: 2673
[INFO GRT-0303] Global routing runtime = 00:00:00
estimate_parasitics -global_routing
Perform buffer insertion and gate resizing...
repair_design -verbose
Iteration |   Area    | Resized | Buffers | Nets repaired | Remaining
---------------------------------------------------------------------
        0 |     +0.0% |       0 |       0 |             0 |      2915
       10 |     +0.0% |       0 |       0 |             0 |      2905
       20 |     +0.0% |       0 |       0 |             0 |      2895
       30 |     +0.0% |       0 |       0 |             0 |      2885
       40 |     +0.0% |       0 |       0 |             0 |      2875
       50 |     +0.0% |       0 |       0 |             0 |      2865
       60 |     +0.0% |       0 |       0 |             0 |      2855
       70 |     +0.0% |       0 |       0 |             0 |      2845
       80 |     +0.0% |       0 |       0 |             0 |      2835
       90 |     +0.0% |       0 |       0 |             0 |      2825
      100 |     +0.0% |       0 |       0 |             0 |      2815
      110 |     +0.0% |       0 |       0 |             0 |      2805
      120 |     +0.0% |       0 |       0 |             0 |      2795
      130 |     +0.0% |       0 |       0 |             0 |      2785
      140 |     +0.0% |       0 |       0 |             0 |      2775
      150 |     +0.0% |       0 |       0 |             0 |      2765
      160 |     +0.0% |       0 |       0 |             0 |      2755
      170 |     +0.0% |       0 |       0 |             0 |      2745
      180 |     +0.0% |       0 |       0 |             0 |      2735
      190 |     +0.0% |       0 |       0 |             0 |      2725
      200 |     +0.0% |       0 |       0 |             0 |      2715
      210 |     +0.0% |       0 |       0 |             0 |      2705
      220 |     +0.0% |       0 |       0 |             0 |      2695
      230 |     +0.0% |       0 |       0 |             0 |      2685
      240 |     +0.0% |       0 |       0 |             0 |      2675
      250 |     +0.0% |       0 |       0 |             0 |      2665
      260 |     +0.0% |       0 |       0 |             0 |      2655
      270 |     +0.0% |       0 |       0 |             0 |      2645
      280 |     +0.0% |       0 |       0 |             0 |      2635
      290 |     +0.0% |       0 |       0 |             0 |      2625
      300 |     +0.0% |       0 |       0 |             0 |      2615
      310 |     +0.0% |       0 |       0 |             0 |      2605
      320 |     +0.0% |       0 |       0 |             0 |      2595
      330 |     +0.0% |       0 |       0 |             0 |      2585
      340 |     +0.0% |       0 |       0 |             0 |      2575
      350 |     +0.0% |       0 |       0 |             0 |      2565
      360 |     +0.0% |       0 |       0 |             0 |      2555
      370 |     +0.0% |       0 |       0 |             0 |      2545
      380 |     +0.0% |       0 |       0 |             0 |      2535
      390 |     +0.0% |       0 |       0 |             0 |      2525
      400 |     +0.0% |       0 |       0 |             0 |      2515
      410 |     +0.0% |       0 |       0 |             0 |      2505
      420 |     +0.0% |       0 |       0 |             0 |      2495
      430 |     +0.0% |       0 |       0 |             0 |      2485
      440 |     +0.0% |       0 |       0 |             0 |      2475
      450 |     +0.0% |       0 |       0 |             0 |      2465
      460 |     +0.0% |       0 |       0 |             0 |      2455
      470 |     +0.0% |       0 |       0 |             0 |      2445
      480 |     +0.0% |       0 |       0 |             0 |      2435
      490 |     +0.0% |       0 |       0 |             0 |      2425
      500 |     +0.0% |       0 |       0 |             0 |      2415
      510 |     +0.0% |       0 |       0 |             0 |      2405
      520 |     +0.0% |       0 |       0 |             0 |      2395
      530 |     +0.0% |       0 |       0 |             0 |      2385
      540 |     +0.0% |       0 |       0 |             0 |      2375
      550 |     +0.0% |       0 |       0 |             0 |      2365
      560 |     +0.0% |       0 |       0 |             0 |      2355
      570 |     +0.0% |       0 |       0 |             0 |      2345
      580 |     +0.0% |       0 |       0 |             0 |      2335
      590 |     +0.0% |       0 |       0 |             0 |      2325
      600 |     +0.0% |       0 |       0 |             0 |      2315
      610 |     +0.0% |       0 |       0 |             0 |      2305
      620 |     +0.0% |       0 |       0 |             0 |      2295
      630 |     +0.0% |       0 |       0 |             0 |      2285
      640 |     +0.0% |       0 |       0 |             0 |      2275
      650 |     +0.0% |       0 |       0 |             0 |      2265
      660 |     +0.0% |       0 |       0 |             0 |      2255
      670 |     +0.0% |       0 |       0 |             0 |      2245
      680 |     +0.0% |       0 |       0 |             0 |      2235
      690 |     +0.0% |       0 |       0 |             0 |      2225
      700 |     +0.0% |       0 |       0 |             0 |      2215
      710 |     +0.0% |       0 |       0 |             0 |      2205
      720 |     +0.0% |       0 |       0 |             0 |      2195
      730 |     +0.0% |       0 |       0 |             0 |      2185
      740 |     +0.0% |       0 |       0 |             0 |      2175
      750 |     +0.0% |       0 |       0 |             0 |      2165
      760 |     +0.0% |       0 |       0 |             0 |      2155
      770 |     +0.0% |       0 |       0 |             0 |      2145
      780 |     +0.0% |       0 |       0 |             0 |      2135
      790 |     +0.0% |       0 |       0 |             0 |      2125
      800 |     +0.0% |       0 |       0 |             0 |      2115
      810 |     +0.0% |       0 |       0 |             0 |      2105
      820 |     +0.0% |       0 |       0 |             0 |      2095
      830 |     +0.0% |       0 |       0 |             0 |      2085
      840 |     +0.0% |       0 |       0 |             0 |      2075
      850 |     +0.0% |       0 |       0 |             0 |      2065
      860 |     +0.0% |       0 |       0 |             0 |      2055
      870 |     +0.0% |       0 |       0 |             0 |      2045
      880 |     +0.0% |       0 |       0 |             0 |      2035
      890 |     +0.0% |       0 |       0 |             0 |      2025
      900 |     +0.0% |       0 |       0 |             0 |      2015
      910 |     +0.0% |       0 |       0 |             0 |      2005
      920 |     +0.0% |       0 |       0 |             0 |      1995
      930 |     +0.0% |       0 |       0 |             0 |      1985
      940 |     +0.0% |       0 |       0 |             0 |      1975
      950 |     +0.0% |       0 |       0 |             0 |      1965
      960 |     +0.0% |       0 |       0 |             0 |      1955
      970 |     +0.0% |       0 |       0 |             0 |      1945
      980 |     +0.0% |       0 |       0 |             0 |      1935
      990 |     +0.0% |       0 |       0 |             0 |      1925
     1000 |     +0.0% |       0 |       0 |             0 |      1915
     1010 |     +0.0% |       0 |       0 |             0 |      1905
     1020 |     +0.0% |       0 |       0 |             0 |      1895
     1030 |     +0.0% |       0 |       0 |             0 |      1885
     1040 |     +0.0% |       0 |       0 |             0 |      1875
     1050 |     +0.0% |       0 |       0 |             0 |      1865
     1060 |     +0.0% |       0 |       0 |             0 |      1855
     1070 |     +0.0% |       0 |       0 |             0 |      1845
     1080 |     +0.0% |       0 |       0 |             0 |      1835
     1090 |     +0.0% |       0 |       0 |             0 |      1825
     1100 |     +0.0% |       0 |       0 |             0 |      1815
     1110 |     +0.0% |       0 |       0 |             0 |      1805
     1120 |     +0.0% |       0 |       0 |             0 |      1795
     1130 |     +0.0% |       0 |       0 |             0 |      1785
     1140 |     +0.0% |       0 |       0 |             0 |      1775
     1150 |     +0.0% |       0 |       0 |             0 |      1765
     1160 |     +0.0% |       0 |       0 |             0 |      1755
     1170 |     +0.0% |       0 |       0 |             0 |      1745
     1180 |     +0.0% |       0 |       0 |             0 |      1735
     1190 |     +0.0% |       0 |       0 |             0 |      1725
     1200 |     +0.0% |       0 |       0 |             0 |      1715
     1210 |     +0.0% |       0 |       0 |             0 |      1705
     1220 |     +0.0% |       0 |       0 |             0 |      1695
     1230 |     +0.0% |       0 |       0 |             0 |      1685
     1240 |     +0.0% |       0 |       0 |             0 |      1675
     1250 |     +0.0% |       0 |       0 |             0 |      1665
     1260 |     +0.0% |       0 |       0 |             0 |      1655
     1270 |     +0.0% |       0 |       0 |             0 |      1645
     1280 |     +0.0% |       0 |       0 |             0 |      1635
     1290 |     +0.0% |       0 |       0 |             0 |      1625
     1300 |     +0.0% |       0 |       0 |             0 |      1615
     1310 |     +0.0% |       0 |       0 |             0 |      1605
     1320 |     +0.0% |       0 |       0 |             0 |      1595
     1330 |     +0.0% |       0 |       0 |             0 |      1585
     1340 |     +0.0% |       0 |       0 |             0 |      1575
     1350 |     +0.0% |       0 |       0 |             0 |      1565
     1360 |     +0.0% |       0 |       0 |             0 |      1555
     1370 |     +0.0% |       0 |       0 |             0 |      1545
     1380 |     +0.0% |       0 |       0 |             0 |      1535
     1390 |     +0.0% |       0 |       0 |             0 |      1525
     1400 |     +0.0% |       0 |       0 |             0 |      1515
     1410 |     +0.0% |       0 |       0 |             0 |      1505
     1420 |     +0.0% |       0 |       0 |             0 |      1495
     1430 |     +0.0% |       0 |       0 |             0 |      1485
     1440 |     +0.0% |       0 |       0 |             0 |      1475
     1450 |     +0.0% |       0 |       0 |             0 |      1465
     1460 |     +0.0% |       0 |       0 |             0 |      1455
     1470 |     +0.0% |       0 |       0 |             0 |      1445
     1480 |     +0.0% |       0 |       0 |             0 |      1435
     1490 |     +0.0% |       0 |       0 |             0 |      1425
     1500 |     +0.0% |       0 |       0 |             0 |      1415
     1510 |     +0.0% |       0 |       0 |             0 |      1405
     1520 |     +0.0% |       0 |       0 |             0 |      1395
     1530 |     +0.0% |       0 |       0 |             0 |      1385
     1540 |     +0.0% |       0 |       0 |             0 |      1375
     1550 |     +0.0% |       0 |       0 |             0 |      1365
     1560 |     +0.0% |       0 |       0 |             0 |      1355
     1570 |     +0.0% |       0 |       0 |             0 |      1345
     1580 |     +0.0% |       0 |       0 |             0 |      1335
     1590 |     +0.0% |       0 |       0 |             0 |      1325
     1600 |     +0.0% |       0 |       0 |             0 |      1315
     1610 |     +0.0% |       0 |       0 |             0 |      1305
     1620 |     +0.0% |       0 |       0 |             0 |      1295
     1630 |     +0.0% |       0 |       0 |             0 |      1285
     1640 |     +0.0% |       0 |       0 |             0 |      1275
     1650 |     +0.0% |       0 |       0 |             0 |      1265
     1660 |     +0.0% |       0 |       0 |             0 |      1255
     1670 |     +0.0% |       0 |       0 |             0 |      1245
     1680 |     +0.0% |       0 |       0 |             0 |      1235
     1690 |     +0.0% |       0 |       0 |             0 |      1225
     1700 |     +0.0% |       0 |       0 |             0 |      1215
     1710 |     +0.0% |       0 |       0 |             0 |      1205
     1720 |     +0.0% |       0 |       0 |             0 |      1195
     1730 |     +0.0% |       0 |       0 |             0 |      1185
     1740 |     +0.0% |       0 |       0 |             0 |      1175
     1750 |     +0.0% |       0 |       0 |             0 |      1165
     1760 |     +0.0% |       0 |       0 |             0 |      1155
     1770 |     +0.0% |       0 |       0 |             0 |      1145
     1780 |     +0.0% |       0 |       0 |             0 |      1135
     1790 |     +0.0% |       0 |       0 |             0 |      1125
     1800 |     +0.0% |       0 |       0 |             0 |      1115
     1810 |     +0.0% |       0 |       0 |             0 |      1105
     1820 |     +0.0% |       0 |       0 |             0 |      1095
     1830 |     +0.0% |       0 |       0 |             0 |      1085
     1840 |     +0.0% |       0 |       0 |             0 |      1075
     1850 |     +0.0% |       0 |       0 |             0 |      1065
     1860 |     +0.0% |       0 |       0 |             0 |      1055
     1870 |     +0.0% |       0 |       0 |             0 |      1045
     1880 |     +0.0% |       0 |       0 |             0 |      1035
     1890 |     +0.0% |       0 |       0 |             0 |      1025
     1900 |     +0.0% |       0 |       0 |             0 |      1015
     1910 |     +0.0% |       0 |       0 |             0 |      1005
     1920 |     +0.0% |       0 |       0 |             0 |       995
     1930 |     +0.0% |       0 |       0 |             0 |       985
     1940 |     +0.0% |       0 |       0 |             0 |       975
     1950 |     +0.0% |       0 |       0 |             0 |       965
     1960 |     +0.0% |       0 |       0 |             0 |       955
     1970 |     +0.0% |       0 |       0 |             0 |       945
     1980 |     +0.0% |       0 |       0 |             0 |       935
     1990 |     +0.0% |       0 |       0 |             0 |       925
     2000 |     +0.0% |       0 |       0 |             0 |       915
     2010 |     +0.0% |       0 |       0 |             0 |       905
     2020 |     +0.0% |       0 |       0 |             0 |       895
     2030 |     +0.0% |       0 |       0 |             0 |       885
     2040 |     +0.0% |       0 |       0 |             0 |       875
     2050 |     +0.0% |       0 |       0 |             0 |       865
     2060 |     +0.0% |       0 |       0 |             0 |       855
     2070 |     +0.0% |       0 |       0 |             0 |       845
     2080 |     +0.0% |       0 |       0 |             0 |       835
     2090 |     +0.0% |       0 |       0 |             0 |       825
     2100 |     +0.0% |       0 |       0 |             0 |       815
     2110 |     +0.0% |       0 |       0 |             0 |       805
     2120 |     +0.0% |       0 |       0 |             0 |       795
     2130 |     +0.0% |       0 |       0 |             0 |       785
     2140 |     +0.0% |       0 |       0 |             0 |       775
     2150 |     +0.0% |       0 |       0 |             0 |       765
     2160 |     +0.0% |       0 |       0 |             0 |       755
     2170 |     +0.0% |       0 |       0 |             0 |       745
     2180 |     +0.0% |       0 |       0 |             0 |       735
     2190 |     +0.0% |       0 |       0 |             0 |       725
     2200 |     +0.0% |       0 |       0 |             0 |       715
     2210 |     +0.0% |       0 |       0 |             0 |       705
     2220 |     +0.0% |       0 |       0 |             0 |       695
     2230 |     +0.0% |       0 |       0 |             0 |       685
     2240 |     +0.0% |       0 |       0 |             0 |       675
     2250 |     +0.0% |       0 |       0 |             0 |       665
     2260 |     +0.0% |       0 |       0 |             0 |       655
     2270 |     +0.0% |       0 |       0 |             0 |       645
     2280 |     +0.0% |       0 |       0 |             0 |       635
     2290 |     +0.0% |       0 |       0 |             0 |       625
     2300 |     +0.0% |       0 |       0 |             0 |       615
     2310 |     +0.0% |       0 |       0 |             0 |       605
     2320 |     +0.0% |       0 |       0 |             0 |       595
     2330 |     +0.0% |       0 |       0 |             0 |       585
     2340 |     +0.0% |       0 |       0 |             0 |       575
     2350 |     +0.0% |       0 |       0 |             0 |       565
     2360 |     +0.0% |       0 |       0 |             0 |       555
     2370 |     +0.0% |       0 |       0 |             0 |       545
     2380 |     +0.0% |       0 |       0 |             0 |       535
     2390 |     +0.0% |       0 |       0 |             0 |       525
     2400 |     +0.0% |       0 |       0 |             0 |       515
     2410 |     +0.0% |       0 |       0 |             0 |       505
     2420 |     +0.0% |       0 |       0 |             0 |       495
     2430 |     +0.0% |       0 |       0 |             0 |       485
     2440 |     +0.0% |       0 |       0 |             0 |       475
     2450 |     +0.0% |       0 |       0 |             0 |       465
     2460 |     +0.0% |       0 |       0 |             0 |       455
     2470 |     +0.0% |       0 |       0 |             0 |       445
     2480 |     +0.0% |       0 |       0 |             0 |       435
     2490 |     +0.0% |       0 |       0 |             0 |       425
     2500 |     +0.0% |       0 |       0 |             0 |       415
     2510 |     +0.0% |       0 |       0 |             0 |       405
     2520 |     +0.0% |       0 |       0 |             0 |       395
     2530 |     +0.0% |       0 |       0 |             0 |       385
     2540 |     +0.0% |       0 |       0 |             0 |       375
     2550 |     +0.0% |       0 |       0 |             0 |       365
     2560 |     +0.0% |       0 |       0 |             0 |       355
     2570 |     +0.0% |       0 |       0 |             0 |       345
     2580 |     +0.0% |       0 |       0 |             0 |       335
     2590 |     +0.0% |       0 |       0 |             0 |       325
     2600 |     +0.0% |       0 |       0 |             0 |       315
     2610 |     +0.0% |       0 |       0 |             0 |       305
     2620 |     +0.0% |       0 |       0 |             0 |       295
     2630 |     +0.0% |       0 |       0 |             0 |       285
     2640 |     +0.0% |       0 |       0 |             0 |       275
     2650 |     +0.0% |       0 |       0 |             0 |       265
     2660 |     +0.0% |       0 |       0 |             0 |       255
     2670 |     +0.0% |       0 |       0 |             0 |       245
     2680 |     +0.0% |       0 |       0 |             0 |       235
     2690 |     +0.0% |       0 |       0 |             0 |       225
     2700 |     +0.0% |       0 |       0 |             0 |       215
     2710 |     +0.0% |       0 |       0 |             0 |       205
     2720 |     +0.0% |       0 |       0 |             0 |       195
     2730 |     +0.0% |       0 |       0 |             0 |       185
     2740 |     +0.0% |       0 |       0 |             0 |       175
     2750 |     +0.0% |       0 |       0 |             0 |       165
     2760 |     +0.0% |       0 |       0 |             0 |       155
     2770 |     +0.0% |       0 |       0 |             0 |       145
     2780 |     +0.0% |       0 |       0 |             0 |       135
     2790 |     +0.0% |       0 |       0 |             0 |       125
     2800 |     +0.0% |       0 |       0 |             0 |       115
     2810 |     +0.0% |       0 |       0 |             0 |       105
     2820 |     +0.0% |       0 |       0 |             0 |        95
     2830 |     +0.0% |       0 |       0 |             0 |        85
     2840 |     +0.0% |       0 |       0 |             0 |        75
     2850 |     +0.0% |       0 |       0 |             0 |        65
     2860 |     +0.0% |       0 |       0 |             0 |        55
     2870 |     +0.0% |       0 |       0 |             0 |        45
     2880 |     +0.0% |       0 |       0 |             0 |        35
     2890 |     +0.0% |       0 |       0 |             0 |        25
     2900 |     +0.0% |       0 |       0 |             0 |        15
     2910 |     +0.0% |       0 |       0 |             0 |         5
    final |     +0.0% |       0 |       0 |             0 |         0
---------------------------------------------------------------------
global_route -start_incremental
detailed_placement
[INFO DPL-0006] Core area: 10208.02 um^2, Instances area: 3645.26 um^2, Utilization: 35.7%
[INFO DPL-0005] Diamond search max displacement: +/- 500 sites horizontally, +/- 100 rows vertically.
[INFO DPL-1101] Legalizing using diamond search.
Movements Summary
---------------------------------------
Total cells:                    2664
Diamond Move Success:           2664 (100.00%)
Diamond Move Failure:              0
Rip-up and replace Success:        0 (  0.00% of diamond failures)
Rip-up and replace Failure:        0
Total Placement Failures:          0
---------------------------------------
Placement Analysis
---------------------------------
total displacement          0.0 u
average displacement        0.0 u
max displacement            0.0 u
original HPWL           33005.3 u
legalized HPWL          33005.3 u
delta HPWL                    0 %

global_route -end_incremental -congestion_report_file /mnt/c/Users/Abhinav/OneDrive/Desktop/PACT/PACT/results/pact_v2/routes/s9234/orfs/reports/nangate45/s9234f/pactv2_53bb5b018758/congestion_post_repair_design.rpt
Repair setup and hold violations...
estimate_parasitics -global_routing
repair_timing -setup_margin 0 -hold_margin 0 -repair_tns 100 -verbose
[INFO RSZ-0100] Repair move sequence: UnbufferMove SizeUpMove SwapPinsMove BufferMove CloneMove SplitLoadMove 
[INFO RSZ-0098] No setup violations found
[INFO RSZ-0033] No hold violations found.
global_route -start_incremental
detailed_placement
[INFO DPL-0006] Core area: 10208.02 um^2, Instances area: 3645.26 um^2, Utilization: 35.7%
[INFO DPL-0005] Diamond search max displacement: +/- 500 sites horizontally, +/- 100 rows vertically.
[INFO DPL-1101] Legalizing using diamond search.
Movements Summary
---------------------------------------
Total cells:                    2664
Diamond Move Success:           2664 (100.00%)
Diamond Move Failure:              0
Rip-up and replace Success:        0 (  0.00% of diamond failures)
Rip-up and replace Failure:        0
Total Placement Failures:          0
---------------------------------------
Placement Analysis
---------------------------------
total displacement          0.0 u
average displacement        0.0 u
max displacement            0.0 u
original HPWL           33005.3 u
legalized HPWL          33005.3 u
delta HPWL                    0 %

check_placement -verbose
global_route -end_incremental -congestion_report_file /mnt/c/Users/Abhinav/OneDrive/Desktop/PACT/PACT/results/pact_v2/routes/s9234/orfs/reports/nangate45/s9234f/pactv2_53bb5b018758/congestion_post_repair_timing.rpt
estimate_parasitics -global_routing
global_route -start_incremental
global_route -end_incremental -congestion_report_file /mnt/c/Users/Abhinav/OneDrive/Desktop/PACT/PACT/results/pact_v2/routes/s9234/orfs/reports/nangate45/s9234f/pactv2_53bb5b018758/congestion_post_recover_power.rpt
Repair antennas...
[WARNING GRT-0246] No diode with LEF class CORE ANTENNACELL found.
[INFO ANT-0002] Found 0 net violations.
[INFO ANT-0001] Found 0 pin violations.
Estimate parasitics...
estimate_parasitics -global_routing
Report metrics stage 5, global route...

==========================================================================
global route report_design_area
--------------------------------------------------------------------------
Design area 3645 um^2 36% utilization.
[INFO FLW-0007] clock clk period 10.000000
[INFO FLW-0008] Clock clk period 1.193
[INFO FLW-0009] Clock clk slack 8.745
write_sdc -no_timestamp /mnt/c/Users/Abhinav/OneDrive/Desktop/PACT/PACT/results/pact_v2/routes/s9234/orfs/results/nangate45/s9234f/pactv2_53bb5b018758/updated_clks.sdc
[INFO FLW-0011] Path endpoint path count 916
write_db /mnt/c/Users/Abhinav/OneDrive/Desktop/PACT/PACT/results/pact_v2/routes/s9234/orfs/results/nangate45/s9234f/pactv2_53bb5b018758/5_1_grt.odb
write_sdc -no_timestamp /mnt/c/Users/Abhinav/OneDrive/Desktop/PACT/PACT/results/pact_v2/routes/s9234/orfs/results/nangate45/s9234f/pactv2_53bb5b018758/5_1_grt.sdc
Log                       Ext     Elapsed/s Peak Memory/MB sha1sum result [0:20)
5_1_grt                   .odb           27            307 642529e5d7f9d09b9feb
5_1_grt                   .sdc                             ef79d21436d690ebafd1
/root/pact-deps/OpenROAD-flow-scripts/flow/scripts/flow.sh 5_2_route detail_route
Running detail_route.tcl, stage 5_2_route
read_liberty /root/pact-deps/OpenROAD-flow-scripts/flow/platforms/nangate45/lib/NangateOpenCellLibrary_typical.lib
read_db /mnt/c/Users/Abhinav/OneDrive/Desktop/PACT/PACT/results/pact_v2/routes/s9234/orfs/results/nangate45/s9234f/pactv2_53bb5b018758/5_1_grt.odb
read_sdc /mnt/c/Users/Abhinav/OneDrive/Desktop/PACT/PACT/results/pact_v2/routes/s9234/orfs/results/nangate45/s9234f/pactv2_53bb5b018758/5_1_grt.sdc
source /root/pact-deps/OpenROAD-flow-scripts/flow/platforms/nangate45/setRC.tcl
detailed_route -output_drc /mnt/c/Users/Abhinav/OneDrive/Desktop/PACT/PACT/results/pact_v2/routes/s9234/orfs/reports/nangate45/s9234f/pactv2_53bb5b018758/5_route_drc.rpt -output_maze /mnt/c/Users/Abhinav/OneDrive/Desktop/PACT/PACT/results/pact_v2/routes/s9234/orfs/results/nangate45/s9234f/pactv2_53bb5b018758/maze.log -droute_end_iter 64 -verbose 1 -drc_report_iter_step 5
[INFO DRT-0149] Reading tech and libs.

Units:                2000
Number of layers:     21
Number of macros:     135
Number of vias:       33
Number of viarulegen: 19

[INFO DRT-0150] Reading design.

Design:                   s9234f
Die area:                 ( 0 0 ) ( 206880 206880 )
Number of track patterns: 20
Number of DEF vias:       0
Number of components:     2808
Number of terminals:      83
Number of snets:          2
Number of nets:           2673

[INFO DRT-0167] List of default vias:
  Layer via2
    default via: via2_5
  Layer via3
    default via: via3_2
  Layer via4
    default via: via4_0
  Layer via5
    default via: via5_0
  Layer via6
    default via: via6_0
  Layer via7
    default via: via7_0
  Layer via8
    default via: via8_0
  Layer via9
    default via: via9_0
[INFO DRT-0162] Library cell analysis.
[INFO DRT-0163] Instance analysis.
[INFO DRT-0164] Number of unique instances = 47.
[INFO DRT-0168] Init region query.
[INFO DRT-0024]   Complete active.
[INFO DRT-0024]   Complete Fr_VIA.
[INFO DRT-0024]   Complete metal1.
[INFO DRT-0024]   Complete via1.
[INFO DRT-0024]   Complete metal2.
[INFO DRT-0024]   Complete via2.
[INFO DRT-0024]   Complete metal3.
[INFO DRT-0024]   Complete via3.
[INFO DRT-0024]   Complete metal4.
[INFO DRT-0024]   Complete via4.
[INFO DRT-0024]   Complete metal5.
[INFO DRT-0024]   Complete via5.
[INFO DRT-0024]   Complete metal6.
[INFO DRT-0024]   Complete via6.
[INFO DRT-0024]   Complete metal7.
[INFO DRT-0024]   Complete via7.
[INFO DRT-0024]   Complete metal8.
[INFO DRT-0024]   Complete via8.
[INFO DRT-0024]   Complete metal9.
[INFO DRT-0024]   Complete via9.
[INFO DRT-0024]   Complete metal10.
[INFO DRT-0033] active shape region query size = 0.
[INFO DRT-0033] FR_VIA shape region query size = 0.
[INFO DRT-0033] metal1 shape region query size = 42678.
[INFO DRT-0033] via1 shape region query size = 438.
[INFO DRT-0033] metal2 shape region query size = 292.
[INFO DRT-0033] via2 shape region query size = 438.
[INFO DRT-0033] metal3 shape region query size = 292.
[INFO DRT-0033] via3 shape region query size = 438.
[INFO DRT-0033] metal4 shape region query size = 164.
[INFO DRT-0033] via4 shape region query size = 140.
[INFO DRT-0033] metal5 shape region query size = 64.
[INFO DRT-0033] via5 shape region query size = 140.
[INFO DRT-0033] metal6 shape region query size = 73.
[INFO DRT-0033] via6 shape region query size = 56.
[INFO DRT-0033] metal7 shape region query size = 28.
[INFO DRT-0033] via7 shape region query size = 0.
[INFO DRT-0033] metal8 shape region query size = 0.
[INFO DRT-0033] via8 shape region query size = 0.
[INFO DRT-0033] metal9 shape region query size = 0.
[INFO DRT-0033] via9 shape region query size = 0.
[INFO DRT-0033] metal10 shape region query size = 0.
[INFO DRT-0165] Start pin access.
[INFO DRT-0078]   Complete 240 pins.
[INFO DRT-0081]   Complete 47 unique inst patterns.
[INFO DRT-0084]   Complete 1550 groups.
#scanned instances     = 2808
#unique  instances     = 47
#stdCellGenAp          = 1027
#stdCellValidPlanarAp  = 0
#stdCellValidViaAp     = 825
#stdCellPinNoAp        = 0
#stdCellPinCnt         = 8139
#instTermValidViaApCnt = 0
#macroGenAp            = 0
#macroValidPlanarAp    = 0
#macroValidViaAp       = 0
#macroNoAp             = 0
[INFO DRT-0166] Complete pin access.
[INFO DRT-0267] cpu time = 00:00:30, elapsed time = 00:00:17, memory = 266.73 (MB), peak = 266.04 (MB)

[INFO DRT-0157] Number of guides:     22004

[INFO DRT-0169] Post process guides.
[INFO DRT-0176] GCELLGRID X 0 DO 36 STEP 5700 ;
[INFO DRT-0177] GCELLGRID Y 0 DO 36 STEP 5700 ;
[INFO DRT-0028]   Complete active.
[INFO DRT-0028]   Complete Fr_VIA.
[INFO DRT-0028]   Complete metal1.
[INFO DRT-0028]   Complete via1.
[INFO DRT-0028]   Complete metal2.
[INFO DRT-0028]   Complete via2.
[INFO DRT-0028]   Complete metal3.
[INFO DRT-0028]   Complete via3.
[INFO DRT-0028]   Complete metal4.
[INFO DRT-0028]   Complete via4.
[INFO DRT-0028]   Complete metal5.
[INFO DRT-0028]   Complete via5.
[INFO DRT-0028]   Complete metal6.
[INFO DRT-0028]   Complete via6.
[INFO DRT-0028]   Complete metal7.
[INFO DRT-0028]   Complete via7.
[INFO DRT-0028]   Complete metal8.
[INFO DRT-0028]   Complete via8.
[INFO DRT-0028]   Complete metal9.
[INFO DRT-0028]   Complete via9.
[INFO DRT-0028]   Complete metal10.
[INFO DRT-0178] Init guide query.
[INFO DRT-0035]   Complete active (guide).
[INFO DRT-0035]   Complete Fr_VIA (guide).
[INFO DRT-0035]   Complete metal1 (guide).
[INFO DRT-0035]   Complete via1 (guide).
[INFO DRT-0035]   Complete metal2 (guide).
[INFO DRT-0035]   Complete via2 (guide).
[INFO DRT-0035]   Complete metal3 (guide).
[INFO DRT-0035]   Complete via3 (guide).
[INFO DRT-0035]   Complete metal4 (guide).
[INFO DRT-0035]   Complete via4 (guide).
[INFO DRT-0035]   Complete metal5 (guide).
[INFO DRT-0035]   Complete via5 (guide).
[INFO DRT-0035]   Complete metal6 (guide).
[INFO DRT-0035]   Complete via6 (guide).
[INFO DRT-0035]   Complete metal7 (guide).
[INFO DRT-0035]   Complete via7 (guide).
[INFO DRT-0035]   Complete metal8 (guide).
[INFO DRT-0035]   Complete via8 (guide).
[INFO DRT-0035]   Complete metal9 (guide).
[INFO DRT-0035]   Complete via9 (guide).
[INFO DRT-0035]   Complete metal10 (guide).
[INFO DRT-0036] active guide region query size = 0.
[INFO DRT-0036] FR_VIA guide region query size = 0.
[INFO DRT-0036] metal1 guide region query size = 7170.
[INFO DRT-0036] via1 guide region query size = 0.
[INFO DRT-0036] metal2 guide region query size = 6470.
[INFO DRT-0036] via2 guide region query size = 0.
[INFO DRT-0036] metal3 guide region query size = 3671.
[INFO DRT-0036] via3 guide region query size = 0.
[INFO DRT-0036] metal4 guide region query size = 672.
[INFO DRT-0036] via4 guide region query size = 0.
[INFO DRT-0036] metal5 guide region query size = 306.
[INFO DRT-0036] via5 guide region query size = 0.
[INFO DRT-0036] metal6 guide region query size = 93.
[INFO DRT-0036] via6 guide region query size = 0.
[INFO DRT-0036] metal7 guide region query size = 2.
[INFO DRT-0036] via7 guide region query size = 0.
[INFO DRT-0036] metal8 guide region query size = 0.
[INFO DRT-0036] via8 guide region query size = 0.
[INFO DRT-0036] metal9 guide region query size = 0.
[INFO DRT-0036] via9 guide region query size = 0.
[INFO DRT-0036] metal10 guide region query size = 0.
[INFO DRT-0179] Init gr pin query.
[INFO DRT-0267] cpu time = 00:00:00, elapsed time = 00:00:00, memory = 275.03 (MB), peak = 274.59 (MB)
[INFO DRT-0245] skipped writing guide updates to database.
[INFO DRT-0181] Start track assignment.
[INFO DRT-0184] Done with 7235 vertical wires in 1 frboxes and 11149 horizontal wires in 1 frboxes.
[INFO DRT-0186] Done with 2118 vertical wires in 1 frboxes and 2674 horizontal wires in 1 frboxes.
[INFO DRT-0182] Complete track assignment.
[INFO DRT-0267] cpu time = 00:00:02, elapsed time = 00:00:02, memory = 330.45 (MB), peak = 330.09 (MB)
[INFO DRT-0187] Start routing data preparation.
[INFO DRT-0267] cpu time = 00:00:00, elapsed time = 00:00:00, memory = 330.52 (MB), peak = 330.09 (MB)
[INFO DRT-0194] Start detail routing.
[INFO DRT-0195] Start 0th optimization iteration.
    Completing 10% with 0 violations.
    elapsed time = 00:00:01, memory = 346.52 (MB).
    Completing 20% with 0 violations.
    elapsed time = 00:00:09, memory = 365.48 (MB).
    Completing 30% with 115 violations.
    elapsed time = 00:00:10, memory = 359.57 (MB).
    Completing 40% with 115 violations.
    elapsed time = 00:00:15, memory = 381.50 (MB).
    Completing 50% with 115 violations.
    elapsed time = 00:00:17, memory = 359.57 (MB).
    Completing 60% with 176 violations.
    elapsed time = 00:00:21, memory = 382.82 (MB).
    Completing 70% with 176 violations.
    elapsed time = 00:00:26, memory = 391.30 (MB).
    Completing 80% with 288 violations.
    elapsed time = 00:00:30, memory = 391.30 (MB).
    Completing 90% with 288 violations.
    elapsed time = 00:00:34, memory = 415.99 (MB).
    Completing 100% with 340 violations.
    elapsed time = 00:00:35, memory = 391.36 (MB).
[INFO DRT-0199]   Number of violations = 515.
Viol/Layer        via1 metal2   via2 metal3 metal4 metal5
Metal Spacing        0     31      0      7      1      3
Recheck              0    104      0     66      2      3
Short                1    247      1     39      4      6
[INFO DRT-0267] cpu time = 00:00:59, elapsed time = 00:00:37, memory = 895.55 (MB), peak = 895.31 (MB)
Total wire length = 37663 um.
Total wire length on LAYER metal1 = 0 um.
Total wire length on LAYER metal2 = 14222 um.
Total wire length on LAYER metal3 = 15990 um.
Total wire length on LAYER metal4 = 4015 um.
Total wire length on LAYER metal5 = 2363 um.
Total wire length on LAYER metal6 = 975 um.
Total wire length on LAYER metal7 = 95 um.
Total wire length on LAYER metal8 = 0 um.
Total wire length on LAYER metal9 = 0 um.
Total wire length on LAYER metal10 = 0 um.
Total number of vias = 18240.
Up-via summary (total 18240):

----------------
 active        0
 metal1     8191
 metal2     8599
 metal3      898
 metal4      418
 metal5      130
 metal6        4
 metal7        0
 metal8        0
 metal9        0
----------------
       18240


[INFO DRT-0195] Start 1st optimization iteration.
    Completing 10% with 515 violations.
    elapsed time = 00:00:00, memory = 895.55 (MB).
    Completing 20% with 515 violations.
    elapsed time = 00:00:07, memory = 895.55 (MB).
    Completing 30% with 463 violations.
    elapsed time = 00:00:09, memory = 895.55 (MB).
    Completing 40% with 463 violations.
    elapsed time = 00:00:13, memory = 895.99 (MB).
    Completing 50% with 463 violations.
    elapsed time = 00:00:16, memory = 898.06 (MB).
    Completing 60% with 324 violations.
    elapsed time = 00:00:18, memory = 898.06 (MB).
    Completing 70% with 324 violations.
    elapsed time = 00:00:23, memory = 898.06 (MB).
    Completing 80% with 220 violations.
    elapsed time = 00:00:26, memory = 898.06 (MB).
    Completing 90% with 220 violations.
    elapsed time = 00:00:30, memory = 898.60 (MB).
    Completing 100% with 129 violations.
    elapsed time = 00:00:31, memory = 898.60 (MB).
[INFO DRT-0199]   Number of violations = 129.
Viol/Layer      metal2 metal3 metal4
Metal Spacing       28      2      1
Short               93      5      0
[INFO DRT-0267] cpu time = 00:00:52, elapsed time = 00:00:31, memory = 898.97 (MB), peak = 921.69 (MB)
Total wire length = 37294 um.
Total wire length on LAYER metal1 = 0 um.
Total wire length on LAYER metal2 = 14025 um.
Total wire length on LAYER metal3 = 15852 um.
Total wire length on LAYER metal4 = 4016 um.
Total wire length on LAYER metal5 = 2325 um.
Total wire length on LAYER metal6 = 977 um.
Total wire length on LAYER metal7 = 96 um.
Total wire length on LAYER metal8 = 0 um.
Total wire length on LAYER metal9 = 0 um.
Total wire length on LAYER metal10 = 0 um.
Total number of vias = 18073.
Up-via summary (total 18073):

----------------
 active        0
 metal1     8191
 metal2     8446
 metal3      895
 metal4      411
 metal5      126
 metal6        4
 metal7        0
 metal8        0
 metal9        0
----------------
       18073


[INFO DRT-0195] Start 2nd optimization iteration.
    Completing 10% with 129 violations.
    elapsed time = 00:00:00, memory = 925.39 (MB).
    Completing 20% with 129 violations.
    elapsed time = 00:00:05, memory = 898.97 (MB).
    Completing 30% with 120 violations.
    elapsed time = 00:00:06, memory = 898.97 (MB).
    Completing 40% with 120 violations.
    elapsed time = 00:00:06, memory = 898.97 (MB).
    Completing 50% with 120 violations.
    elapsed time = 00:00:12, memory = 900.25 (MB).
    Completing 60% with 132 violations.
    elapsed time = 00:00:12, memory = 900.25 (MB).
    Completing 70% with 132 violations.
    elapsed time = 00:00:19, memory = 930.46 (MB).
    Completing 80% with 110 violations.
    elapsed time = 00:00:19, memory = 900.25 (MB).
    Completing 90% with 110 violations.
    elapsed time = 00:00:25, memory = 900.25 (MB).
    Completing 100% with 127 violations.
    elapsed time = 00:00:28, memory = 901.59 (MB).
[INFO DRT-0199]   Number of violations = 127.
Viol/Layer      metal2 metal3 metal4
Metal Spacing       26      3      0
Short               88      9      1
[INFO DRT-0267] cpu time = 00:00:49, elapsed time = 00:00:29, memory = 904.57 (MB), peak = 930.12 (MB)
Total wire length = 37262 um.
Total wire length on LAYER metal1 = 0 um.
Total wire length on LAYER metal2 = 13957 um.
Total wire length on LAYER metal3 = 15898 um.
Total wire length on LAYER metal4 = 4024 um.
Total wire length on LAYER metal5 = 2304 um.
Total wire length on LAYER metal6 = 981 um.
Total wire length on LAYER metal7 = 96 um.
Total wire length on LAYER metal8 = 0 um.
Total wire length on LAYER metal9 = 0 um.
Total wire length on LAYER metal10 = 0 um.
Total number of vias = 18081.
Up-via summary (total 18081):

----------------
 active        0
 metal1     8189
 metal2     8454
 metal3      902
 metal4      404
 metal5      128
 metal6        4
 metal7        0
 metal8        0
 metal9        0
----------------
       18081


[INFO DRT-0195] Start 3rd optimization iteration.
    Completing 10% with 127 violations.
    elapsed time = 00:00:00, memory = 904.57 (MB).
    Completing 20% with 127 violations.
    elapsed time = 00:00:02, memory = 904.57 (MB).
    Completing 30% with 79 violations.
    elapsed time = 00:00:04, memory = 904.57 (MB).
    Completing 40% with 79 violations.
    elapsed time = 00:00:06, memory = 904.57 (MB).
    Completing 50% with 79 violations.
    elapsed time = 00:00:07, memory = 904.57 (MB).
    Completing 60% with 60 violations.
    elapsed time = 00:00:08, memory = 904.57 (MB).
    Completing 70% with 60 violations.
    elapsed time = 00:00:10, memory = 904.57 (MB).
    Completing 80% with 27 violations.
    elapsed time = 00:00:12, memory = 904.57 (MB).
    Completing 90% with 27 violations.
    elapsed time = 00:00:14, memory = 904.57 (MB).
    Completing 100% with 0 violations.
    elapsed time = 00:00:15, memory = 904.57 (MB).
[INFO DRT-0199]   Number of violations = 0.
[INFO DRT-0267] cpu time = 00:00:22, elapsed time = 00:00:15, memory = 904.57 (MB), peak = 930.12 (MB)
Total wire length = 37275 um.
Total wire length on LAYER metal1 = 0 um.
Total wire length on LAYER metal2 = 13814 um.
Total wire length on LAYER metal3 = 15952 um.
Total wire length on LAYER metal4 = 4156 um.
Total wire length on LAYER metal5 = 2289 um.
Total wire length on LAYER metal6 = 966 um.
Total wire length on LAYER metal7 = 96 um.
Total wire length on LAYER metal8 = 0 um.
Total wire length on LAYER metal9 = 0 um.
Total wire length on LAYER metal10 = 0 um.
Total number of vias = 18211.
Up-via summary (total 18211):

----------------
 active        0
 metal1     8190
 metal2     8536
 metal3      954
 metal4      401
 metal5      126
 metal6        4
 metal7        0
 metal8        0
 metal9        0
----------------
       18211


[INFO DRT-0198] Complete detail routing.
Total wire length = 37275 um.
Total wire length on LAYER metal1 = 0 um.
Total wire length on LAYER metal2 = 13814 um.
Total wire length on LAYER metal3 = 15952 um.
Total wire length on LAYER metal4 = 4156 um.
Total wire length on LAYER metal5 = 2289 um.
Total wire length on LAYER metal6 = 966 um.
Total wire length on LAYER metal7 = 96 um.
Total wire length on LAYER metal8 = 0 um.
Total wire length on LAYER metal9 = 0 um.
Total wire length on LAYER metal10 = 0 um.
Total number of vias = 18211.
Up-via summary (total 18211):

----------------
 active        0
 metal1     8190
 metal2     8536
 metal3      954
 metal4      401
 metal5      126
 metal6        4
 metal7        0
 metal8        0
 metal9        0
----------------
       18211


[INFO DRT-0267] cpu time = 00:03:04, elapsed time = 00:01:54, memory = 904.63 (MB), peak = 930.12 (MB)

[INFO DRT-0180] Post processing.
Took 135 seconds: detailed_route -output_drc /mnt/c/Users/Abhinav/OneDrive/Desktop/PACT/PACT/results/pact_v2/routes/s9234/orfs/reports/nangate45/s9234f/pactv2_53bb5b018758/5_route_drc.rpt -output_maze /mnt/c/Users/Abhinav/OneDrive/Desktop/PACT/PACT/results/pact_v2/routes/s9234/orfs/results/nangate45/s9234f/pactv2_53bb5b018758/maze.log -droute_end_iter 64 -verbose 1 -drc_report_iter_step 5
[WARNING GRT-0246] No diode with LEF class CORE ANTENNACELL found.
[INFO ANT-0002] Found 0 net violations.
[INFO ANT-0001] Found 0 pin violations.
[INFO ANT-0002] Found 0 net violations.
[INFO ANT-0001] Found 0 pin violations.
Design area 3645 um^2 36% utilization.
write_db /mnt/c/Users/Abhinav/OneDrive/Desktop/PACT/PACT/results/pact_v2/routes/s9234/orfs/results/nangate45/s9234f/pactv2_53bb5b018758/5_2_route.odb
Log                       Ext     Elapsed/s Peak Memory/MB sha1sum result [0:20)
5_2_route                 .odb          139            930 9c96c11d2d91ef081e09
/root/pact-deps/OpenROAD-flow-scripts/flow/scripts/flow.sh 5_3_fillcell fillcell
Running fillcell.tcl, stage 5_3_fillcell
read_liberty /root/pact-deps/OpenROAD-flow-scripts/flow/platforms/nangate45/lib/NangateOpenCellLibrary_typical.lib
read_db /mnt/c/Users/Abhinav/OneDrive/Desktop/PACT/PACT/results/pact_v2/routes/s9234/orfs/results/nangate45/s9234f/pactv2_53bb5b018758/5_2_route.odb
read_sdc /mnt/c/Users/Abhinav/OneDrive/Desktop/PACT/PACT/results/pact_v2/routes/s9234/orfs/results/nangate45/s9234f/pactv2_53bb5b018758/5_1_grt.sdc
source /root/pact-deps/OpenROAD-flow-scripts/flow/platforms/nangate45/setRC.tcl
filler_placement "FILLCELL_X1 FILLCELL_X2 FILLCELL_X4 FILLCELL_X8 FILLCELL_X16 FILLCELL_X32"
[INFO DPL-0001] Placed 3426 filler instances.
Design area 3645 um^2 36% utilization.
write_db /mnt/c/Users/Abhinav/OneDrive/Desktop/PACT/PACT/results/pact_v2/routes/s9234/orfs/results/nangate45/s9234f/pactv2_53bb5b018758/5_3_fillcell.odb
Log                       Ext     Elapsed/s Peak Memory/MB sha1sum result [0:20)
5_3_fillcell              .odb            1            120 99a589d8e9a670b6b90e
cp /mnt/c/Users/Abhinav/OneDrive/Desktop/PACT/PACT/results/pact_v2/routes/s9234/orfs/results/nangate45/s9234f/pactv2_53bb5b018758/5_3_fillcell.odb /mnt/c/Users/Abhinav/OneDrive/Desktop/PACT/PACT/results/pact_v2/routes/s9234/orfs/results/nangate45/s9234f/pactv2_53bb5b018758/5_route.odb
cp /mnt/c/Users/Abhinav/OneDrive/Desktop/PACT/PACT/results/pact_v2/routes/s9234/orfs/results/nangate45/s9234f/pactv2_53bb5b018758/5_1_grt.sdc /mnt/c/Users/Abhinav/OneDrive/Desktop/PACT/PACT/results/pact_v2/routes/s9234/orfs/results/nangate45/s9234f/pactv2_53bb5b018758/5_route.sdc
