OpenROAD 26Q2-1164-g08f67ee5ec 
Features included (+) or not (-): +GPU +GUI +Python
This program is licensed under the BSD-3 license. See the LICENSE file for details.
Components of this program may be licensed under more restrictive licenses which must be honored.
[INFO ORD-0030] Using 4 thread(s).
read_liberty /root/pact-deps/OpenROAD-flow-scripts/flow/platforms/nangate45/lib/NangateOpenCellLibrary_typical.lib
read_db /mnt/c/Users/Abhinav/OneDrive/Desktop/PACT/PACT/results/phase2d_independent_gp/raw/orfs/results/nangate45/s15850/phase2c_s29_34c4efab4658/5_1_grt.odb
read_sdc /mnt/c/Users/Abhinav/OneDrive/Desktop/PACT/PACT/results/phase2d_independent_gp/raw/orfs/results/nangate45/s15850/phase2c_s29_34c4efab4658/5_1_grt.sdc
source /root/pact-deps/OpenROAD-flow-scripts/flow/platforms/nangate45/setRC.tcl
detailed_route -output_drc /mnt/c/Users/Abhinav/OneDrive/Desktop/PACT/PACT/results/phase2d_independent_gp/raw/orfs/reports/nangate45/s15850/phase2c_s29_34c4efab4658/5_route_drc.rpt -output_maze /mnt/c/Users/Abhinav/OneDrive/Desktop/PACT/PACT/results/phase2d_independent_gp/raw/orfs/results/nangate45/s15850/phase2c_s29_34c4efab4658/maze.log -droute_end_iter 64 -verbose 1 -drc_report_iter_step 5
[INFO DRT-0149] Reading tech and libs.

Units:                2000
Number of layers:     21
Number of macros:     135
Number of vias:       33
Number of viarulegen: 19

[INFO DRT-0150] Reading design.

Design:                   s15850
Die area:                 ( 0 0 ) ( 295060 295060 )
Number of track patterns: 20
Number of DEF vias:       0
Number of components:     5399
Number of terminals:      235
Number of snets:          2
Number of nets:           5148

[INFO DRT-0167] List of default vias:
  Layer via2
    default via: via2_5
  Layer via3
    default via: via3_2
  Layer via4
    default via: via4_0
  Layer via5
    default via: via5_0
  Layer via6
    default via: via6_0
  Layer via7
    default via: via7_0
  Layer via8
    default via: via8_0
  Layer via9
    default via: via9_0
[INFO DRT-0162] Library cell analysis.
[INFO DRT-0163] Instance analysis.
[INFO DRT-0164] Number of unique instances = 57.
[INFO DRT-0168] Init region query.
[INFO DRT-0024]   Complete active.
[INFO DRT-0024]   Complete Fr_VIA.
[INFO DRT-0024]   Complete metal1.
[INFO DRT-0024]   Complete via1.
[INFO DRT-0024]   Complete metal2.
[INFO DRT-0024]   Complete via2.
[INFO DRT-0024]   Complete metal3.
[INFO DRT-0024]   Complete via3.
[INFO DRT-0024]   Complete metal4.
[INFO DRT-0024]   Complete via4.
[INFO DRT-0024]   Complete metal5.
[INFO DRT-0024]   Complete via5.
[INFO DRT-0024]   Complete metal6.
[INFO DRT-0024]   Complete via6.
[INFO DRT-0024]   Complete metal7.
[INFO DRT-0024]   Complete via7.
[INFO DRT-0024]   Complete metal8.
[INFO DRT-0024]   Complete via8.
[INFO DRT-0024]   Complete metal9.
[INFO DRT-0024]   Complete via9.
[INFO DRT-0024]   Complete metal10.
[INFO DRT-0033] active shape region query size = 0.
[INFO DRT-0033] FR_VIA shape region query size = 0.
[INFO DRT-0033] metal1 shape region query size = 88263.
[INFO DRT-0033] via1 shape region query size = 936.
[INFO DRT-0033] metal2 shape region query size = 624.
[INFO DRT-0033] via2 shape region query size = 936.
[INFO DRT-0033] metal3 shape region query size = 624.
[INFO DRT-0033] via3 shape region query size = 936.
[INFO DRT-0033] metal4 shape region query size = 348.
[INFO DRT-0033] via4 shape region query size = 300.
[INFO DRT-0033] metal5 shape region query size = 227.
[INFO DRT-0033] via5 shape region query size = 300.
[INFO DRT-0033] metal6 shape region query size = 126.
[INFO DRT-0033] via6 shape region query size = 120.
[INFO DRT-0033] metal7 shape region query size = 50.
[INFO DRT-0033] via7 shape region query size = 0.
[INFO DRT-0033] metal8 shape region query size = 0.
[INFO DRT-0033] via8 shape region query size = 0.
[INFO DRT-0033] metal9 shape region query size = 0.
[INFO DRT-0033] via9 shape region query size = 0.
[INFO DRT-0033] metal10 shape region query size = 0.
[INFO DRT-0165] Start pin access.
[INFO DRT-0078]   Complete 292 pins.
[INFO DRT-0081]   Complete 57 unique inst patterns.
[INFO DRT-0084]   Complete 2757 groups.
#scanned instances     = 5399
#unique  instances     = 57
#stdCellGenAp          = 1307
#stdCellValidPlanarAp  = 0
#stdCellValidViaAp     = 1013
#stdCellPinNoAp        = 0
#stdCellPinCnt         = 15569
#instTermValidViaApCnt = 0
#macroGenAp            = 0
#macroValidPlanarAp    = 0
#macroValidViaAp       = 0
#macroNoAp             = 0
[INFO DRT-0166] Complete pin access.
[INFO DRT-0267] cpu time = 00:00:55, elapsed time = 00:00:14, memory = 282.57 (MB), peak = 282.45 (MB)

[INFO DRT-0157] Number of guides:     35649

[INFO DRT-0169] Post process guides.
[INFO DRT-0176] GCELLGRID X 0 DO 51 STEP 5700 ;
[INFO DRT-0177] GCELLGRID Y 0 DO 51 STEP 5700 ;
[INFO DRT-0028]   Complete active.
[INFO DRT-0028]   Complete Fr_VIA.
[INFO DRT-0028]   Complete metal1.
[INFO DRT-0028]   Complete via1.
[INFO DRT-0028]   Complete metal2.
[INFO DRT-0028]   Complete via2.
[INFO DRT-0028]   Complete metal3.
[INFO DRT-0028]   Complete via3.
[INFO DRT-0028]   Complete metal4.
[INFO DRT-0028]   Complete via4.
[INFO DRT-0028]   Complete metal5.
[INFO DRT-0028]   Complete via5.
[INFO DRT-0028]   Complete metal6.
[INFO DRT-0028]   Complete via6.
[INFO DRT-0028]   Complete metal7.
[INFO DRT-0028]   Complete via7.
[INFO DRT-0028]   Complete metal8.
[INFO DRT-0028]   Complete via8.
[INFO DRT-0028]   Complete metal9.
[INFO DRT-0028]   Complete via9.
[INFO DRT-0028]   Complete metal10.
[INFO DRT-0178] Init guide query.
[INFO DRT-0035]   Complete active (guide).
[INFO DRT-0035]   Complete Fr_VIA (guide).
[INFO DRT-0035]   Complete metal1 (guide).
[INFO DRT-0035]   Complete via1 (guide).
[INFO DRT-0035]   Complete metal2 (guide).
[INFO DRT-0035]   Complete via2 (guide).
[INFO DRT-0035]   Complete metal3 (guide).
[INFO DRT-0035]   Complete via3 (guide).
[INFO DRT-0035]   Complete metal4 (guide).
[INFO DRT-0035]   Complete via4 (guide).
[INFO DRT-0035]   Complete metal5 (guide).
[INFO DRT-0035]   Complete via5 (guide).
[INFO DRT-0035]   Complete metal6 (guide).
[INFO DRT-0035]   Complete via6 (guide).
[INFO DRT-0035]   Complete metal7 (guide).
[INFO DRT-0035]   Complete via7 (guide).
[INFO DRT-0035]   Complete metal8 (guide).
[INFO DRT-0035]   Complete via8 (guide).
[INFO DRT-0035]   Complete metal9 (guide).
[INFO DRT-0035]   Complete via9 (guide).
[INFO DRT-0035]   Complete metal10 (guide).
[INFO DRT-0036] active guide region query size = 0.
[INFO DRT-0036] FR_VIA guide region query size = 0.
[INFO DRT-0036] metal1 guide region query size = 12115.
[INFO DRT-0036] via1 guide region query size = 0.
[INFO DRT-0036] metal2 guide region query size = 9655.
[INFO DRT-0036] via2 guide region query size = 0.
[INFO DRT-0036] metal3 guide region query size = 5390.
[INFO DRT-0036] via3 guide region query size = 0.
[INFO DRT-0036] metal4 guide region query size = 957.
[INFO DRT-0036] via4 guide region query size = 0.
[INFO DRT-0036] metal5 guide region query size = 463.
[INFO DRT-0036] via5 guide region query size = 0.
[INFO DRT-0036] metal6 guide region query size = 102.
[INFO DRT-0036] via6 guide region query size = 0.
[INFO DRT-0036] metal7 guide region query size = 7.
[INFO DRT-0036] via7 guide region query size = 0.
[INFO DRT-0036] metal8 guide region query size = 2.
[INFO DRT-0036] via8 guide region query size = 0.
[INFO DRT-0036] metal9 guide region query size = 0.
[INFO DRT-0036] via9 guide region query size = 0.
[INFO DRT-0036] metal10 guide region query size = 0.
[INFO DRT-0179] Init gr pin query.
[INFO DRT-0267] cpu time = 00:00:00, elapsed time = 00:00:00, memory = 295.97 (MB), peak = 295.57 (MB)
[INFO DRT-0245] skipped writing guide updates to database.
[INFO DRT-0181] Start track assignment.
[INFO DRT-0184] Done with 10716 vertical wires in 2 frboxes and 17975 horizontal wires in 2 frboxes.
[INFO DRT-0186] Done with 2467 vertical wires in 2 frboxes and 3173 horizontal wires in 2 frboxes.
[INFO DRT-0182] Complete track assignment.
[INFO DRT-0267] cpu time = 00:00:02, elapsed time = 00:00:02, memory = 381.28 (MB), peak = 380.95 (MB)
[INFO DRT-0187] Start routing data preparation.
[INFO DRT-0267] cpu time = 00:00:00, elapsed time = 00:00:00, memory = 381.34 (MB), peak = 381.08 (MB)
[INFO DRT-0194] Start detail routing.
[INFO DRT-0195] Start 0th optimization iteration.
    Completing 10% with 0 violations.
    elapsed time = 00:00:01, memory = 432.47 (MB).
    Completing 20% with 0 violations.
    elapsed time = 00:00:04, memory = 453.76 (MB).
    Completing 30% with 110 violations.
    elapsed time = 00:00:08, memory = 506.14 (MB).
    Completing 40% with 110 violations.
    elapsed time = 00:00:09, memory = 489.14 (MB).
    Completing 50% with 110 violations.
    elapsed time = 00:00:11, memory = 477.84 (MB).
    Completing 60% with 247 violations.
    elapsed time = 00:00:14, memory = 478.16 (MB).
    Completing 70% with 247 violations.
    elapsed time = 00:00:16, memory = 495.95 (MB).
    Completing 80% with 354 violations.
    elapsed time = 00:00:19, memory = 543.38 (MB).
    Completing 90% with 354 violations.
    elapsed time = 00:00:22, memory = 508.70 (MB).
    Completing 100% with 475 violations.
    elapsed time = 00:00:25, memory = 517.30 (MB).
[INFO DRT-0199]   Number of violations = 746.
Viol/Layer      metal1   via1 metal2 metal3 metal4   via4 metal5
Cut Spacing          0      0      0      0      0      4      0
Metal Spacing        0      0     32      5      0      0      1
Recheck              3      0    172     85      9      0      2
Short                0      3    384     46      0      0      0
[INFO DRT-0267] cpu time = 00:01:30, elapsed time = 00:00:26, memory = 1027.42 (MB), peak = 1027.12 (MB)
Total wire length = 68887 um.
Total wire length on LAYER metal1 = 0 um.
Total wire length on LAYER metal2 = 24382 um.
Total wire length on LAYER metal3 = 29627 um.
Total wire length on LAYER metal4 = 9589 um.
Total wire length on LAYER metal5 = 4148 um.
Total wire length on LAYER metal6 = 1011 um.
Total wire length on LAYER metal7 = 76 um.
Total wire length on LAYER metal8 = 52 um.
Total wire length on LAYER metal9 = 0 um.
Total wire length on LAYER metal10 = 0 um.
Total number of vias = 31104.
Up-via summary (total 31104):

----------------
 active        0
 metal1    15652
 metal2    13431
 metal3     1287
 metal4      599
 metal5      125
 metal6        8
 metal7        2
 metal8        0
 metal9        0
----------------
       31104


[INFO DRT-0195] Start 1st optimization iteration.
    Completing 10% with 746 violations.
    elapsed time = 00:00:01, memory = 1028.16 (MB).
    Completing 20% with 746 violations.
    elapsed time = 00:00:04, memory = 1052.99 (MB).
    Completing 30% with 593 violations.
    elapsed time = 00:00:06, memory = 1029.89 (MB).
    Completing 40% with 593 violations.
    elapsed time = 00:00:09, memory = 1029.89 (MB).
    Completing 50% with 593 violations.
    elapsed time = 00:00:11, memory = 1029.89 (MB).
    Completing 60% with 443 violations.
    elapsed time = 00:00:14, memory = 1056.38 (MB).
    Completing 70% with 443 violations.
    elapsed time = 00:00:15, memory = 1029.89 (MB).
    Completing 80% with 306 violations.
    elapsed time = 00:00:19, memory = 1056.54 (MB).
    Completing 90% with 306 violations.
    elapsed time = 00:00:21, memory = 1056.54 (MB).
    Completing 100% with 149 violations.
    elapsed time = 00:00:23, memory = 1029.89 (MB).
[INFO DRT-0199]   Number of violations = 149.
Viol/Layer      metal2 metal3
Metal Spacing       15      3
Short              118     13
[INFO DRT-0267] cpu time = 00:01:26, elapsed time = 00:00:23, memory = 1032.89 (MB), peak = 1056.18 (MB)
Total wire length = 68479 um.
Total wire length on LAYER metal1 = 0 um.
Total wire length on LAYER metal2 = 24214 um.
Total wire length on LAYER metal3 = 29558 um.
Total wire length on LAYER metal4 = 9481 um.
Total wire length on LAYER metal5 = 4088 um.
Total wire length on LAYER metal6 = 1008 um.
Total wire length on LAYER metal7 = 77 um.
Total wire length on LAYER metal8 = 51 um.
Total wire length on LAYER metal9 = 0 um.
Total wire length on LAYER metal10 = 0 um.
Total number of vias = 30884.
Up-via summary (total 30884):

----------------
 active        0
 metal1    15646
 metal2    13248
 metal3     1269
 metal4      586
 metal5      125
 metal6        8
 metal7        2
 metal8        0
 metal9        0
----------------
       30884


[INFO DRT-0195] Start 2nd optimization iteration.
    Completing 10% with 149 violations.
    elapsed time = 00:00:01, memory = 1032.89 (MB).
    Completing 20% with 149 violations.
    elapsed time = 00:00:03, memory = 1034.86 (MB).
    Completing 30% with 126 violations.
    elapsed time = 00:00:06, memory = 1034.86 (MB).
    Completing 40% with 126 violations.
    elapsed time = 00:00:08, memory = 1034.87 (MB).
    Completing 50% with 126 violations.
    elapsed time = 00:00:10, memory = 1034.87 (MB).
    Completing 60% with 141 violations.
    elapsed time = 00:00:13, memory = 1034.87 (MB).
    Completing 70% with 141 violations.
    elapsed time = 00:00:15, memory = 1034.87 (MB).
    Completing 80% with 112 violations.
    elapsed time = 00:00:18, memory = 1034.87 (MB).
    Completing 90% with 112 violations.
    elapsed time = 00:00:20, memory = 1034.87 (MB).
    Completing 100% with 101 violations.
    elapsed time = 00:00:21, memory = 1034.87 (MB).
[INFO DRT-0199]   Number of violations = 101.
Viol/Layer      metal2 metal3   via4
Cut Spacing          0      0      1
Metal Spacing       11      2      0
Short               84      3      0
[INFO DRT-0267] cpu time = 00:01:13, elapsed time = 00:00:22, memory = 1037.87 (MB), peak = 1056.18 (MB)
Total wire length = 68416 um.
Total wire length on LAYER metal1 = 0 um.
Total wire length on LAYER metal2 = 24208 um.
Total wire length on LAYER metal3 = 29514 um.
Total wire length on LAYER metal4 = 9485 um.
Total wire length on LAYER metal5 = 4075 um.
Total wire length on LAYER metal6 = 1003 um.
Total wire length on LAYER metal7 = 76 um.
Total wire length on LAYER metal8 = 51 um.
Total wire length on LAYER metal9 = 0 um.
Total wire length on LAYER metal10 = 0 um.
Total number of vias = 30836.
Up-via summary (total 30836):

----------------
 active        0
 metal1    15651
 metal2    13198
 metal3     1262
 metal4      589
 metal5      126
 metal6        8
 metal7        2
 metal8        0
 metal9        0
----------------
       30836


[INFO DRT-0195] Start 3rd optimization iteration.
    Completing 10% with 101 violations.
    elapsed time = 00:00:00, memory = 1037.87 (MB).
    Completing 20% with 101 violations.
    elapsed time = 00:00:01, memory = 1037.87 (MB).
    Completing 30% with 77 violations.
    elapsed time = 00:00:02, memory = 1037.87 (MB).
    Completing 40% with 77 violations.
    elapsed time = 00:00:03, memory = 1037.88 (MB).
    Completing 50% with 77 violations.
    elapsed time = 00:00:04, memory = 1037.88 (MB).
    Completing 60% with 49 violations.
    elapsed time = 00:00:06, memory = 1064.64 (MB).
    Completing 70% with 49 violations.
    elapsed time = 00:00:06, memory = 1037.88 (MB).
    Completing 80% with 18 violations.
    elapsed time = 00:00:07, memory = 1037.88 (MB).
    Completing 90% with 18 violations.
    elapsed time = 00:00:08, memory = 1037.88 (MB).
    Completing 100% with 0 violations.
    elapsed time = 00:00:09, memory = 1037.88 (MB).
[INFO DRT-0199]   Number of violations = 0.
[INFO DRT-0267] cpu time = 00:00:29, elapsed time = 00:00:09, memory = 1037.88 (MB), peak = 1064.21 (MB)
Total wire length = 68416 um.
Total wire length on LAYER metal1 = 0 um.
Total wire length on LAYER metal2 = 23983 um.
Total wire length on LAYER metal3 = 29556 um.
Total wire length on LAYER metal4 = 9675 um.
Total wire length on LAYER metal5 = 4068 um.
Total wire length on LAYER metal6 = 1003 um.
Total wire length on LAYER metal7 = 76 um.
Total wire length on LAYER metal8 = 51 um.
Total wire length on LAYER metal9 = 0 um.
Total wire length on LAYER metal10 = 0 um.
Total number of vias = 30990.
Up-via summary (total 30990):

----------------
 active        0
 metal1    15651
 metal2    13302
 metal3     1314
 metal4      587
 metal5      126
 metal6        8
 metal7        2
 metal8        0
 metal9        0
----------------
       30990


[INFO DRT-0198] Complete detail routing.
Total wire length = 68416 um.
Total wire length on LAYER metal1 = 0 um.
Total wire length on LAYER metal2 = 23983 um.
Total wire length on LAYER metal3 = 29556 um.
Total wire length on LAYER metal4 = 9675 um.
Total wire length on LAYER metal5 = 4068 um.
Total wire length on LAYER metal6 = 1003 um.
Total wire length on LAYER metal7 = 76 um.
Total wire length on LAYER metal8 = 51 um.
Total wire length on LAYER metal9 = 0 um.
Total wire length on LAYER metal10 = 0 um.
Total number of vias = 30990.
Up-via summary (total 30990):

----------------
 active        0
 metal1    15651
 metal2    13302
 metal3     1314
 metal4      587
 metal5      126
 metal6        8
 metal7        2
 metal8        0
 metal9        0
----------------
       30990


[INFO DRT-0267] cpu time = 00:04:40, elapsed time = 00:01:22, memory = 1037.94 (MB), peak = 1064.21 (MB)

[INFO DRT-0180] Post processing.
Took 100 seconds: detailed_route -output_drc /mnt/c/Users/Abhinav/OneDrive/Desktop/PACT/PACT/results/phase2d_independent_gp/raw/orfs/reports/nangate45/s15850/phase2c_s29_34c4efab4658/5_route_drc.rpt -output_maze /mnt/c/Users/Abhinav/OneDrive/Desktop/PACT/PACT/results/phase2d_independent_gp/raw/orfs/results/nangate45/s15850/phase2c_s29_34c4efab4658/maze.log -droute_end_iter 64 -verbose 1 -drc_report_iter_step 5
[WARNING GRT-0246] No diode with LEF class CORE ANTENNACELL found.
[INFO ANT-0002] Found 0 net violations.
[INFO ANT-0001] Found 0 pin violations.
[INFO ANT-0002] Found 0 net violations.
[INFO ANT-0001] Found 0 pin violations.
Design area 7619 um^2 36% utilization.
write_db /mnt/c/Users/Abhinav/OneDrive/Desktop/PACT/PACT/results/phase2d_independent_gp/raw/orfs/results/nangate45/s15850/phase2c_s29_34c4efab4658/5_2_route.odb
Elapsed time: 1:46.86[h:]min:sec. CPU time: user 345.21 sys 2.50 (325%). Peak memory: 1089752KB.
Log                       Ext     Elapsed/s Peak Memory/MB sha1sum result [0:20)
5_2_route                 .odb          106           1064 267690e5baa8779ba6c4
