OpenROAD 26Q2-1164-g08f67ee5ec 
Features included (+) or not (-): +GPU +GUI +Python
This program is licensed under the BSD-3 license. See the LICENSE file for details.
Components of this program may be licensed under more restrictive licenses which must be honored.
[INFO ORD-0030] Using 4 thread(s).
mkdir -p ./objects/nangate45/s15850/phase0c_f3e7b516a_s23_k1_B0_552ff4fa_7f655d61
/root/pact-deps/OpenROAD-flow-scripts/flow/scripts/flow.sh 4_1_cts cts
Running cts.tcl, stage 4_1_cts
read_liberty /root/pact-deps/OpenROAD-flow-scripts/flow/platforms/nangate45/lib/NangateOpenCellLibrary_typical.lib
read_db ./results/nangate45/s15850/phase0c_f3e7b516a_s23_k1_B0_552ff4fa_7f655d61/3_place.odb
read_sdc ./results/nangate45/s15850/phase0c_f3e7b516a_s23_k1_B0_552ff4fa_7f655d61/3_place.sdc
source /root/pact-deps/OpenROAD-flow-scripts/flow/platforms/nangate45/setRC.tcl
clock_tree_synthesis -sink_clustering_enable -repair_clock_nets
[INFO CTS-0050] Root buffer is CLKBUF_X3.
[INFO CTS-0051] Sink buffer is CLKBUF_X3.
[INFO CTS-0052] The following clock buffers will be used for CTS:
                    CLKBUF_X3
[INFO CTS-0049] Characterization buffer is CLKBUF_X3.
[INFO CTS-0007] Net "CK" found for clock "clk".
[INFO CTS-0010]  Clock net "CK" has 534 sinks.
[INFO CTS-0008] TritonCTS found 1 clock nets.
[INFO CTS-0097] Characterization used 1 buffer(s) types.
[INFO CTS-0201] 0 blockages from hard placement blockages and placed macros will be used.
[INFO CTS-0027] Generating H-Tree topology for net CK.
[INFO CTS-0028]  Total number of sinks: 534.
[INFO CTS-0090]  Sinks will be clustered based on buffer max cap.
[INFO CTS-0030]  Number of static layers: 0.
[INFO CTS-0020]  Wire segment unit: 14000  dbu (7 um).
[INFO CTS-0206] Best clustering solution was found from max clustering size of 8 and max clustering diameter of 41.
[INFO CTS-0019]  Total number of sinks after clustering: 83.
[INFO CTS-0024]  Normalized sink region: [(2.3715, 1.8), (19.9384, 19.1143)].
[INFO CTS-0025]     Width:  17.5669.
[INFO CTS-0026]     Height: 17.3143.
 Level 1
    Direction: Horizontal
    Sinks per sub-region: 42
    Sub-region size: 8.7834 X 17.3143
[INFO CTS-0034]     Segment length (rounded): 4.
 Level 2
    Direction: Vertical
    Sinks per sub-region: 21
    Sub-region size: 8.7834 X 8.6571
[INFO CTS-0034]     Segment length (rounded): 4.
 Level 3
    Direction: Horizontal
    Sinks per sub-region: 11
    Sub-region size: 4.3917 X 8.6571
[INFO CTS-0034]     Segment length (rounded): 2.
[INFO CTS-0032]  Stop criterion found. Max number of sinks is 15.
[INFO CTS-0035]  Number of sinks covered: 83.
[INFO CTS-0018]     Created 92 clock buffers.
[INFO CTS-0012]     Minimum number of buffers in the clock path: 3.
[INFO CTS-0013]     Maximum number of buffers in the clock path: 3.
[INFO CTS-0015]     Created 92 clock nets.
[INFO CTS-0016]     Fanout distribution for the current clock = 3:2, 4:1, 5:11, 6:21, 7:41, 8:7, 9:2, 10:3, 11:1, 12:2..
[INFO CTS-0017]     Max level of the clock tree: 3.
[INFO CTS-0098] Clock net "CK"
[INFO CTS-0099]  Sinks 601
[INFO CTS-0100]  Leaf buffers 83
[INFO CTS-0101]  Average sink wire length 209.29 um
[INFO CTS-0102]  Path depth 2 - 3
[INFO CTS-0207]  Dummy loads inserted 67
estimate_parasitics -placement
detailed_placement
[INFO DPL-0006] Core area: 20959.47 um^2, Instances area: 7539.77 um^2, Utilization: 36.0%
[INFO DPL-0005] Diamond search max displacement: +/- 500 sites horizontally, +/- 100 rows vertically.
[INFO DPL-1101] Legalizing using diamond search.
Movements Summary
---------------------------------------
Total cells:                    5037
Diamond Move Success:           5037 (100.00%)
Diamond Move Failure:              0
Rip-up and replace Success:        0 (  0.00% of diamond failures)
Rip-up and replace Failure:        0
Total Placement Failures:          0
---------------------------------------
Placement Analysis
---------------------------------
total displacement        241.3 u
average displacement        0.0 u
max displacement            3.4 u
original HPWL           80967.2 u
legalized HPWL          81049.8 u
delta HPWL                    0 %

estimate_parasitics -placement
repair_timing -setup_margin 0 -hold_margin 0 -repair_tns 100 -verbose
[INFO RSZ-0100] Repair move sequence: UnbufferMove SizeUpMove SwapPinsMove BufferMove CloneMove SplitLoadMove 
[INFO RSZ-0098] No setup violations found
[INFO RSZ-0046] Found 88 endpoints with hold violations.
Iteration | Resized | Buffers | Cloned Gates |   Area   |   WNS   |   TNS   | Endpoint
--------------------------------------------------------------------------------------
        0 |       0 |       0 |            0 |    +0.0% |  -0.124 |  -4.788 | U_g1289/SI
       10 |       0 |      22 |            0 |    +0.2% |  -0.111 |  -3.801 | U_g586/D
       20 |       0 |      42 |            0 |    +0.4% |  -0.073 |  -2.769 | U_g1059/D
       30 |       0 |      72 |            0 |    +0.8% |  -0.067 |  -2.093 | U_g1289/SI
       40 |       1 |      83 |            0 |    +0.9% |  -0.067 |  -0.210 | U_g1289/SI
       50 |       1 |      85 |            0 |    +0.9% |  -0.067 |  -0.110 | U_g1289/SI
       60 |       1 |      85 |            0 |    +0.9% |  -0.067 |  -0.110 | U_g1289/SI
       70 |       1 |      85 |            0 |    +0.9% |  -0.067 |  -0.110 | U_g1289/SI
       80 |       1 |      87 |            0 |    +0.9% |  -0.067 |  -0.067 | U_g1289/SI
    final |       1 |      90 |            0 |    +1.0% |   0.001 |   0.000 | U_g113/D
--------------------------------------------------------------------------------------
[INFO RSZ-0032] Inserted 90 hold buffers.
detailed_placement
[INFO DPL-0006] Core area: 20959.47 um^2, Instances area: 7612.12 um^2, Utilization: 36.3%
[INFO DPL-0005] Diamond search max displacement: +/- 500 sites horizontally, +/- 100 rows vertically.
[INFO DPL-1101] Legalizing using diamond search.
Movements Summary
---------------------------------------
Total cells:                    5127
Diamond Move Success:           5127 (100.00%)
Diamond Move Failure:              0
Rip-up and replace Success:        0 (  0.00% of diamond failures)
Rip-up and replace Failure:        0
Total Placement Failures:          0
---------------------------------------
Placement Analysis
---------------------------------
total displacement         84.8 u
average displacement        0.0 u
max displacement            3.4 u
original HPWL           81283.9 u
legalized HPWL          81336.9 u
delta HPWL                    0 %

estimate_parasitics -placement
Report metrics stage 4, cts final...

==========================================================================
cts final report_design_area
--------------------------------------------------------------------------
Design area 7612 um^2 36% utilization.
write_db ./results/nangate45/s15850/phase0c_f3e7b516a_s23_k1_B0_552ff4fa_7f655d61/4_1_cts.odb
write_sdc -no_timestamp ./results/nangate45/s15850/phase0c_f3e7b516a_s23_k1_B0_552ff4fa_7f655d61/4_cts.sdc
Log                       Ext     Elapsed/s Peak Memory/MB sha1sum result [0:20)
4_1_cts                   .odb            7            168 b8da47b68f9c83cb44d9
cp ./results/nangate45/s15850/phase0c_f3e7b516a_s23_k1_B0_552ff4fa_7f655d61/4_1_cts.odb ./results/nangate45/s15850/phase0c_f3e7b516a_s23_k1_B0_552ff4fa_7f655d61/4_cts.odb
/root/pact-deps/OpenROAD-flow-scripts/flow/scripts/flow.sh 5_1_grt global_route
Running global_route.tcl, stage 5_1_grt
read_liberty /root/pact-deps/OpenROAD-flow-scripts/flow/platforms/nangate45/lib/NangateOpenCellLibrary_typical.lib
read_db ./results/nangate45/s15850/phase0c_f3e7b516a_s23_k1_B0_552ff4fa_7f655d61/4_cts.odb
read_sdc ./results/nangate45/s15850/phase0c_f3e7b516a_s23_k1_B0_552ff4fa_7f655d61/4_cts.sdc
source /root/pact-deps/OpenROAD-flow-scripts/flow/platforms/nangate45/setRC.tcl
pin_access
[INFO DRT-0149] Reading tech and libs.

Units:                2000
Number of layers:     21
Number of macros:     135
Number of vias:       33
Number of viarulegen: 19

[INFO DRT-0150] Reading design.

Design:                   s15850
Die area:                 ( 0 0 ) ( 295060 295060 )
Number of track patterns: 20
Number of DEF vias:       0
Number of components:     5385
Number of terminals:      233
Number of snets:          2
Number of nets:           5140

[INFO DRT-0167] List of default vias:
  Layer via2
    default via: via2_5
  Layer via3
    default via: via3_2
  Layer via4
    default via: via4_0
  Layer via5
    default via: via5_0
  Layer via6
    default via: via6_0
  Layer via7
    default via: via7_0
  Layer via8
    default via: via8_0
  Layer via9
    default via: via9_0
[INFO DRT-0162] Library cell analysis.
[INFO DRT-0163] Instance analysis.
[INFO DRT-0164] Number of unique instances = 57.
[INFO DRT-0168] Init region query.
[INFO DRT-0024]   Complete active.
[INFO DRT-0024]   Complete Fr_VIA.
[INFO DRT-0024]   Complete metal1.
[INFO DRT-0024]   Complete via1.
[INFO DRT-0024]   Complete metal2.
[INFO DRT-0024]   Complete via2.
[INFO DRT-0024]   Complete metal3.
[INFO DRT-0024]   Complete via3.
[INFO DRT-0024]   Complete metal4.
[INFO DRT-0024]   Complete via4.
[INFO DRT-0024]   Complete metal5.
[INFO DRT-0024]   Complete via5.
[INFO DRT-0024]   Complete metal6.
[INFO DRT-0024]   Complete via6.
[INFO DRT-0024]   Complete metal7.
[INFO DRT-0024]   Complete via7.
[INFO DRT-0024]   Complete metal8.
[INFO DRT-0024]   Complete via8.
[INFO DRT-0024]   Complete metal9.
[INFO DRT-0024]   Complete via9.
[INFO DRT-0024]   Complete metal10.
[INFO DRT-0033] active shape region query size = 0.
[INFO DRT-0033] FR_VIA shape region query size = 0.
[INFO DRT-0033] metal1 shape region query size = 88150.
[INFO DRT-0033] via1 shape region query size = 936.
[INFO DRT-0033] metal2 shape region query size = 624.
[INFO DRT-0033] via2 shape region query size = 936.
[INFO DRT-0033] metal3 shape region query size = 624.
[INFO DRT-0033] via3 shape region query size = 936.
[INFO DRT-0033] metal4 shape region query size = 348.
[INFO DRT-0033] via4 shape region query size = 300.
[INFO DRT-0033] metal5 shape region query size = 134.
[INFO DRT-0033] via5 shape region query size = 300.
[INFO DRT-0033] metal6 shape region query size = 217.
[INFO DRT-0033] via6 shape region query size = 120.
[INFO DRT-0033] metal7 shape region query size = 50.
[INFO DRT-0033] via7 shape region query size = 0.
[INFO DRT-0033] metal8 shape region query size = 0.
[INFO DRT-0033] via8 shape region query size = 0.
[INFO DRT-0033] metal9 shape region query size = 0.
[INFO DRT-0033] via9 shape region query size = 0.
[INFO DRT-0033] metal10 shape region query size = 0.
[INFO DRT-0165] Start pin access.
[INFO DRT-0078]   Complete 292 pins.
[INFO DRT-0081]   Complete 57 unique inst patterns.
[INFO DRT-0084]   Complete 3175 groups.
#scanned instances     = 5385
#unique  instances     = 57
#stdCellGenAp          = 1307
#stdCellValidPlanarAp  = 0
#stdCellValidViaAp     = 1013
#stdCellPinNoAp        = 0
#stdCellPinCnt         = 15548
#instTermValidViaApCnt = 0
#macroGenAp            = 0
#macroValidPlanarAp    = 0
#macroValidViaAp       = 0
#macroNoAp             = 0
[INFO DRT-0166] Complete pin access.
[INFO DRT-0267] cpu time = 00:00:48, elapsed time = 00:00:12, memory = 128.52 (MB), peak = 128.07 (MB)
Took 13 seconds: pin_access
set_global_routing_random -seed 23
global_route -congestion_report_file ./reports/nangate45/s15850/phase0c_f3e7b516a_s23_k1_B0_552ff4fa_7f655d61/congestion.rpt -congestion_iterations 30 -congestion_report_iter_step 5 -verbose
[INFO GRT-0020] Min routing layer: metal2
[INFO GRT-0021] Max routing layer: metal10
[INFO GRT-0022] Global adjustment: 0%
[INFO GRT-0023] Grid origin: (0, 0)
[INFO GRT-0088] Layer metal1  Track-Pitch = 0.1400  line-2-Via Pitch: 0.1350
[INFO GRT-0088] Layer metal2  Track-Pitch = 0.1900  line-2-Via Pitch: 0.1400
[INFO GRT-0088] Layer metal3  Track-Pitch = 0.1400  line-2-Via Pitch: 0.1400
[INFO GRT-0088] Layer metal4  Track-Pitch = 0.2800  line-2-Via Pitch: 0.2800
[INFO GRT-0088] Layer metal5  Track-Pitch = 0.2800  line-2-Via Pitch: 0.2800
[INFO GRT-0088] Layer metal6  Track-Pitch = 0.2800  line-2-Via Pitch: 0.2800
[INFO GRT-0088] Layer metal7  Track-Pitch = 0.8000  line-2-Via Pitch: 0.8000
[INFO GRT-0088] Layer metal8  Track-Pitch = 0.8000  line-2-Via Pitch: 0.8000
[INFO GRT-0088] Layer metal9  Track-Pitch = 1.6000  line-2-Via Pitch: 1.6000
[INFO GRT-0088] Layer metal10 Track-Pitch = 1.6000  line-2-Via Pitch: 1.6000
[INFO GRT-0003] Macros: 0
[INFO GRT-0004] Blockages: 0
[INFO GRT-0019] Found 93 clock nets.
[INFO GRT-0001] Minimum degree: 2
[INFO GRT-0002] Maximum degree: 59

[INFO GRT-0053] Routing resources analysis:
          Routing      Original      Derated      Resource
Layer     Direction    Resources     Resources    Reduction (%)
---------------------------------------------------------------
metal1     Horizontal          0             0          0.00%
metal2     Vertical        37850         17800          52.97%
metal3     Horizontal      52431         25727          50.93%
metal4     Vertical        25700         18200          29.18%
metal5     Horizontal      26215         18494          29.45%
metal6     Vertical        26282         18557          29.39%
metal7     Horizontal       8100          5750          29.01%
metal8     Vertical         9200          6600          28.26%
metal9     Horizontal       4550          2550          43.96%
metal10    Vertical         4550          2550          43.96%
---------------------------------------------------------------

[INFO GRT-0197] Via related to pin nodes: 30092
[INFO GRT-0198] Via related Steiner nodes: 734
[INFO GRT-0199] Via filling finished.
[INFO GRT-0111] Final number of vias: 39673
[INFO GRT-0112] Final usage 3D: 150384

[INFO GRT-0096] Final congestion report:
Layer         Resource        Demand        Usage (%)    Max H / Max V / Total Overflow
---------------------------------------------------------------------------------------
metal1               0             0            0.00%             0 /  0 /  0
metal2           17800          9988           56.11%             0 /  0 /  0
metal3           25727         12018           46.71%             0 /  0 /  0
metal4           18200          5131           28.19%             0 /  0 /  0
metal5           18494          2877           15.56%             0 /  0 /  0
metal6           18557          1264            6.81%             0 /  0 /  0
metal7            5750            87            1.51%             0 /  0 /  0
metal8            6600             0            0.00%             0 /  0 /  0
metal9            2550             0            0.00%             0 /  0 /  0
metal10           2550             0            0.00%             0 /  0 /  0
---------------------------------------------------------------------------------------
Total           116228         31365           26.99%             0 /  0 /  0

[INFO GRT-0018] Total wirelength: 128039 um
[INFO GRT-0014] Routed nets: 5140
[INFO GRT-0303] Global routing runtime = 00:00:01
estimate_parasitics -global_routing
Perform buffer insertion and gate resizing...
repair_design -verbose
Iteration |   Area    | Resized | Buffers | Nets repaired | Remaining
---------------------------------------------------------------------
        0 |     +0.0% |       0 |       0 |             0 |      5741
     1000 |     +0.0% |       0 |       0 |             0 |      4741
     2000 |     +0.0% |       0 |       0 |             0 |      3741
     3000 |     +0.0% |       0 |       0 |             0 |      2741
     4000 |     +0.0% |       0 |       0 |             0 |      1741
     5000 |     +0.0% |       0 |       0 |             0 |       741
    final |     +0.0% |       0 |       0 |             0 |         0
---------------------------------------------------------------------
global_route -start_incremental
detailed_placement
[INFO DPL-0006] Core area: 20959.47 um^2, Instances area: 7612.12 um^2, Utilization: 36.3%
[INFO DPL-0005] Diamond search max displacement: +/- 500 sites horizontally, +/- 100 rows vertically.
[INFO DPL-1101] Legalizing using diamond search.
Movements Summary
---------------------------------------
Total cells:                    5127
Diamond Move Success:           5127 (100.00%)
Diamond Move Failure:              0
Rip-up and replace Success:        0 (  0.00% of diamond failures)
Rip-up and replace Failure:        0
Total Placement Failures:          0
---------------------------------------
Placement Analysis
---------------------------------
total displacement          0.0 u
average displacement        0.0 u
max displacement            0.0 u
original HPWL           81336.9 u
legalized HPWL          81336.9 u
delta HPWL                    0 %

global_route -end_incremental -congestion_report_file ./reports/nangate45/s15850/phase0c_f3e7b516a_s23_k1_B0_552ff4fa_7f655d61/congestion_post_repair_design.rpt
Repair setup and hold violations...
estimate_parasitics -global_routing
repair_timing -setup_margin 0 -hold_margin 0 -repair_tns 100 -verbose
[INFO RSZ-0100] Repair move sequence: UnbufferMove SizeUpMove SwapPinsMove BufferMove CloneMove SplitLoadMove 
[INFO RSZ-0098] No setup violations found
[INFO RSZ-0046] Found 2 endpoints with hold violations.
Iteration | Resized | Buffers | Cloned Gates |   Area   |   WNS   |   TNS   | Endpoint
--------------------------------------------------------------------------------------
        0 |       0 |       0 |            0 |    +0.0% |  -0.002 |  -0.003 | U_g1711/D
    final |       0 |       2 |            0 |    +0.0% |   0.002 |   0.000 | U_g1062/D
--------------------------------------------------------------------------------------
[INFO RSZ-0032] Inserted 2 hold buffers.
global_route -start_incremental
detailed_placement
[INFO DPL-0006] Core area: 20959.47 um^2, Instances area: 7613.72 um^2, Utilization: 36.3%
[INFO DPL-0005] Diamond search max displacement: +/- 500 sites horizontally, +/- 100 rows vertically.
[INFO DPL-1101] Legalizing using diamond search.
Movements Summary
---------------------------------------
Total cells:                    5129
Diamond Move Success:           5129 (100.00%)
Diamond Move Failure:              0
Rip-up and replace Success:        0 (  0.00% of diamond failures)
Rip-up and replace Failure:        0
Total Placement Failures:          0
---------------------------------------
Placement Analysis
---------------------------------
total displacement          1.7 u
average displacement        0.0 u
max displacement            0.8 u
original HPWL           81338.0 u
legalized HPWL          81339.7 u
delta HPWL                    0 %

check_placement -verbose
global_route -end_incremental -congestion_report_file ./reports/nangate45/s15850/phase0c_f3e7b516a_s23_k1_B0_552ff4fa_7f655d61/congestion_post_repair_timing.rpt
estimate_parasitics -global_routing
global_route -start_incremental
global_route -end_incremental -congestion_report_file ./reports/nangate45/s15850/phase0c_f3e7b516a_s23_k1_B0_552ff4fa_7f655d61/congestion_post_recover_power.rpt
Repair antennas...
[WARNING GRT-0246] No diode with LEF class CORE ANTENNACELL found.
[INFO ANT-0002] Found 0 net violations.
[INFO ANT-0001] Found 0 pin violations.
Estimate parasitics...
estimate_parasitics -global_routing
Report metrics stage 5, global route...

==========================================================================
global route report_design_area
--------------------------------------------------------------------------
Design area 7614 um^2 36% utilization.
[INFO FLW-0007] clock clk period 10.000000
[INFO FLW-0008] Clock clk period 1.780
[INFO FLW-0009] Clock clk slack 8.127
write_sdc -no_timestamp ./results/nangate45/s15850/phase0c_f3e7b516a_s23_k1_B0_552ff4fa_7f655d61/updated_clks.sdc
[INFO FLW-0011] Path endpoint path count 2354
write_db ./results/nangate45/s15850/phase0c_f3e7b516a_s23_k1_B0_552ff4fa_7f655d61/5_1_grt.odb
write_sdc -no_timestamp ./results/nangate45/s15850/phase0c_f3e7b516a_s23_k1_B0_552ff4fa_7f655d61/5_1_grt.sdc
Log                       Ext     Elapsed/s Peak Memory/MB sha1sum result [0:20)
5_1_grt                   .odb           22            344 07d6c439b01aeb84b83a
5_1_grt                   .sdc                             36c09dc3d049996e100f
/root/pact-deps/OpenROAD-flow-scripts/flow/scripts/flow.sh 5_2_route detail_route
Running detail_route.tcl, stage 5_2_route
read_liberty /root/pact-deps/OpenROAD-flow-scripts/flow/platforms/nangate45/lib/NangateOpenCellLibrary_typical.lib
read_db ./results/nangate45/s15850/phase0c_f3e7b516a_s23_k1_B0_552ff4fa_7f655d61/5_1_grt.odb
read_sdc ./results/nangate45/s15850/phase0c_f3e7b516a_s23_k1_B0_552ff4fa_7f655d61/5_1_grt.sdc
source /root/pact-deps/OpenROAD-flow-scripts/flow/platforms/nangate45/setRC.tcl
detailed_route -output_drc ./reports/nangate45/s15850/phase0c_f3e7b516a_s23_k1_B0_552ff4fa_7f655d61/5_route_drc.rpt -output_maze ./results/nangate45/s15850/phase0c_f3e7b516a_s23_k1_B0_552ff4fa_7f655d61/maze.log -droute_end_iter 64 -verbose 1 -drc_report_iter_step 5
[INFO DRT-0149] Reading tech and libs.

Units:                2000
Number of layers:     21
Number of macros:     135
Number of vias:       33
Number of viarulegen: 19

[INFO DRT-0150] Reading design.

Design:                   s15850
Die area:                 ( 0 0 ) ( 295060 295060 )
Number of track patterns: 20
Number of DEF vias:       0
Number of components:     5387
Number of terminals:      233
Number of snets:          2
Number of nets:           5142

[INFO DRT-0167] List of default vias:
  Layer via2
    default via: via2_5
  Layer via3
    default via: via3_2
  Layer via4
    default via: via4_0
  Layer via5
    default via: via5_0
  Layer via6
    default via: via6_0
  Layer via7
    default via: via7_0
  Layer via8
    default via: via8_0
  Layer via9
    default via: via9_0
[INFO DRT-0162] Library cell analysis.
[INFO DRT-0163] Instance analysis.
[INFO DRT-0164] Number of unique instances = 57.
[INFO DRT-0168] Init region query.
[INFO DRT-0024]   Complete active.
[INFO DRT-0024]   Complete Fr_VIA.
[INFO DRT-0024]   Complete metal1.
[INFO DRT-0024]   Complete via1.
[INFO DRT-0024]   Complete metal2.
[INFO DRT-0024]   Complete via2.
[INFO DRT-0024]   Complete metal3.
[INFO DRT-0024]   Complete via3.
[INFO DRT-0024]   Complete metal4.
[INFO DRT-0024]   Complete via4.
[INFO DRT-0024]   Complete metal5.
[INFO DRT-0024]   Complete via5.
[INFO DRT-0024]   Complete metal6.
[INFO DRT-0024]   Complete via6.
[INFO DRT-0024]   Complete metal7.
[INFO DRT-0024]   Complete via7.
[INFO DRT-0024]   Complete metal8.
[INFO DRT-0024]   Complete via8.
[INFO DRT-0024]   Complete metal9.
[INFO DRT-0024]   Complete via9.
[INFO DRT-0024]   Complete metal10.
[INFO DRT-0033] active shape region query size = 0.
[INFO DRT-0033] FR_VIA shape region query size = 0.
[INFO DRT-0033] metal1 shape region query size = 88172.
[INFO DRT-0033] via1 shape region query size = 936.
[INFO DRT-0033] metal2 shape region query size = 624.
[INFO DRT-0033] via2 shape region query size = 936.
[INFO DRT-0033] metal3 shape region query size = 624.
[INFO DRT-0033] via3 shape region query size = 936.
[INFO DRT-0033] metal4 shape region query size = 348.
[INFO DRT-0033] via4 shape region query size = 300.
[INFO DRT-0033] metal5 shape region query size = 134.
[INFO DRT-0033] via5 shape region query size = 300.
[INFO DRT-0033] metal6 shape region query size = 217.
[INFO DRT-0033] via6 shape region query size = 120.
[INFO DRT-0033] metal7 shape region query size = 50.
[INFO DRT-0033] via7 shape region query size = 0.
[INFO DRT-0033] metal8 shape region query size = 0.
[INFO DRT-0033] via8 shape region query size = 0.
[INFO DRT-0033] metal9 shape region query size = 0.
[INFO DRT-0033] via9 shape region query size = 0.
[INFO DRT-0033] metal10 shape region query size = 0.
[INFO DRT-0165] Start pin access.
[INFO DRT-0078]   Complete 292 pins.
[INFO DRT-0081]   Complete 57 unique inst patterns.
[INFO DRT-0084]   Complete 3175 groups.
#scanned instances     = 5387
#unique  instances     = 57
#stdCellGenAp          = 1307
#stdCellValidPlanarAp  = 0
#stdCellValidViaAp     = 1013
#stdCellPinNoAp        = 0
#stdCellPinCnt         = 15552
#instTermValidViaApCnt = 0
#macroGenAp            = 0
#macroValidPlanarAp    = 0
#macroValidViaAp       = 0
#macroNoAp             = 0
[INFO DRT-0166] Complete pin access.
[INFO DRT-0267] cpu time = 00:00:47, elapsed time = 00:00:12, memory = 284.30 (MB), peak = 283.98 (MB)

[INFO DRT-0157] Number of guides:     43836

[INFO DRT-0169] Post process guides.
[INFO DRT-0176] GCELLGRID X 0 DO 51 STEP 5700 ;
[INFO DRT-0177] GCELLGRID Y 0 DO 51 STEP 5700 ;
[INFO DRT-0028]   Complete active.
[INFO DRT-0028]   Complete Fr_VIA.
[INFO DRT-0028]   Complete metal1.
[INFO DRT-0028]   Complete via1.
[INFO DRT-0028]   Complete metal2.
[INFO DRT-0028]   Complete via2.
[INFO DRT-0028]   Complete metal3.
[INFO DRT-0028]   Complete via3.
[INFO DRT-0028]   Complete metal4.
[INFO DRT-0028]   Complete via4.
[INFO DRT-0028]   Complete metal5.
[INFO DRT-0028]   Complete via5.
[INFO DRT-0028]   Complete metal6.
[INFO DRT-0028]   Complete via6.
[INFO DRT-0028]   Complete metal7.
[INFO DRT-0028]   Complete via7.
[INFO DRT-0028]   Complete metal8.
[INFO DRT-0028]   Complete via8.
[INFO DRT-0028]   Complete metal9.
[INFO DRT-0028]   Complete via9.
[INFO DRT-0028]   Complete metal10.
[INFO DRT-0178] Init guide query.
[INFO DRT-0035]   Complete active (guide).
[INFO DRT-0035]   Complete Fr_VIA (guide).
[INFO DRT-0035]   Complete metal1 (guide).
[INFO DRT-0035]   Complete via1 (guide).
[INFO DRT-0035]   Complete metal2 (guide).
[INFO DRT-0035]   Complete via2 (guide).
[INFO DRT-0035]   Complete metal3 (guide).
[INFO DRT-0035]   Complete via3 (guide).
[INFO DRT-0035]   Complete metal4 (guide).
[INFO DRT-0035]   Complete via4 (guide).
[INFO DRT-0035]   Complete metal5 (guide).
[INFO DRT-0035]   Complete via5 (guide).
[INFO DRT-0035]   Complete metal6 (guide).
[INFO DRT-0035]   Complete via6 (guide).
[INFO DRT-0035]   Complete metal7 (guide).
[INFO DRT-0035]   Complete via7 (guide).
[INFO DRT-0035]   Complete metal8 (guide).
[INFO DRT-0035]   Complete via8 (guide).
[INFO DRT-0035]   Complete metal9 (guide).
[INFO DRT-0035]   Complete via9 (guide).
[INFO DRT-0035]   Complete metal10 (guide).
[INFO DRT-0036] active guide region query size = 0.
[INFO DRT-0036] FR_VIA guide region query size = 0.
[INFO DRT-0036] metal1 guide region query size = 13801.
[INFO DRT-0036] via1 guide region query size = 0.
[INFO DRT-0036] metal2 guide region query size = 12667.
[INFO DRT-0036] via2 guide region query size = 0.
[INFO DRT-0036] metal3 guide region query size = 7338.
[INFO DRT-0036] via3 guide region query size = 0.
[INFO DRT-0036] metal4 guide region query size = 1547.
[INFO DRT-0036] via4 guide region query size = 0.
[INFO DRT-0036] metal5 guide region query size = 726.
[INFO DRT-0036] via5 guide region query size = 0.
[INFO DRT-0036] metal6 guide region query size = 268.
[INFO DRT-0036] via6 guide region query size = 0.
[INFO DRT-0036] metal7 guide region query size = 5.
[INFO DRT-0036] via7 guide region query size = 0.
[INFO DRT-0036] metal8 guide region query size = 0.
[INFO DRT-0036] via8 guide region query size = 0.
[INFO DRT-0036] metal9 guide region query size = 0.
[INFO DRT-0036] via9 guide region query size = 0.
[INFO DRT-0036] metal10 guide region query size = 0.
[INFO DRT-0179] Init gr pin query.
[INFO DRT-0267] cpu time = 00:00:00, elapsed time = 00:00:00, memory = 300.32 (MB), peak = 299.78 (MB)
[INFO DRT-0245] skipped writing guide updates to database.
[INFO DRT-0181] Start track assignment.
[INFO DRT-0184] Done with 14482 vertical wires in 2 frboxes and 21870 horizontal wires in 2 frboxes.
[INFO DRT-0186] Done with 4058 vertical wires in 2 frboxes and 4805 horizontal wires in 2 frboxes.
[INFO DRT-0182] Complete track assignment.
[INFO DRT-0267] cpu time = 00:00:03, elapsed time = 00:00:03, memory = 379.13 (MB), peak = 407.51 (MB)
[INFO DRT-0187] Start routing data preparation.
[INFO DRT-0267] cpu time = 00:00:00, elapsed time = 00:00:00, memory = 383.42 (MB), peak = 407.51 (MB)
[INFO DRT-0194] Start detail routing.
[INFO DRT-0195] Start 0th optimization iteration.
    Completing 10% with 0 violations.
    elapsed time = 00:00:02, memory = 438.73 (MB).
    Completing 20% with 0 violations.
    elapsed time = 00:00:04, memory = 460.61 (MB).
    Completing 30% with 136 violations.
    elapsed time = 00:00:07, memory = 528.52 (MB).
    Completing 40% with 136 violations.
    elapsed time = 00:00:10, memory = 520.01 (MB).
    Completing 50% with 136 violations.
    elapsed time = 00:00:13, memory = 508.48 (MB).
    Completing 60% with 264 violations.
    elapsed time = 00:00:16, memory = 578.37 (MB).
    Completing 70% with 264 violations.
    elapsed time = 00:00:17, memory = 578.48 (MB).
    Completing 80% with 448 violations.
    elapsed time = 00:00:24, memory = 608.08 (MB).
    Completing 90% with 448 violations.
    elapsed time = 00:00:26, memory = 595.16 (MB).
    Completing 100% with 628 violations.
    elapsed time = 00:00:28, memory = 569.26 (MB).
[INFO DRT-0199]   Number of violations = 948.
Viol/Layer      metal1 metal2   via2 metal3   via3 metal4   via4 metal5
Cut Spacing          0      0      1      0      0      0      1      0
Metal Spacing        0     51      0      8      0      3      0      7
NS Metal             0      0      0      0      0      0      0      1
Recheck              2    175      0    123      0      6      0     14
Short                0    455      0     90      1      9      0      1
[INFO DRT-0267] cpu time = 00:01:40, elapsed time = 00:00:29, memory = 1026.52 (MB), peak = 1026.28 (MB)
Total wire length = 91932 um.
Total wire length on LAYER metal1 = 0 um.
Total wire length on LAYER metal2 = 30045 um.
Total wire length on LAYER metal3 = 36046 um.
Total wire length on LAYER metal4 = 14260 um.
Total wire length on LAYER metal5 = 7656 um.
Total wire length on LAYER metal6 = 3676 um.
Total wire length on LAYER metal7 = 245 um.
Total wire length on LAYER metal8 = 0 um.
Total wire length on LAYER metal9 = 0 um.
Total wire length on LAYER metal10 = 0 um.
Total number of vias = 35702.
Up-via summary (total 35702):

----------------
 active        0
 metal1    15645
 metal2    16659
 metal3     2082
 metal4      947
 metal5      359
 metal6       10
 metal7        0
 metal8        0
 metal9        0
----------------
       35702


[INFO DRT-0195] Start 1st optimization iteration.
    Completing 10% with 948 violations.
    elapsed time = 00:00:01, memory = 1063.74 (MB).
    Completing 20% with 948 violations.
    elapsed time = 00:00:05, memory = 1038.73 (MB).
    Completing 30% with 769 violations.
    elapsed time = 00:00:07, memory = 1038.74 (MB).
    Completing 40% with 769 violations.
    elapsed time = 00:00:09, memory = 1040.78 (MB).
    Completing 50% with 769 violations.
    elapsed time = 00:00:13, memory = 1040.78 (MB).
    Completing 60% with 571 violations.
    elapsed time = 00:00:15, memory = 1047.85 (MB).
    Completing 70% with 571 violations.
    elapsed time = 00:00:17, memory = 1047.85 (MB).
    Completing 80% with 354 violations.
    elapsed time = 00:00:20, memory = 1047.85 (MB).
    Completing 90% with 354 violations.
    elapsed time = 00:00:23, memory = 1047.85 (MB).
    Completing 100% with 178 violations.
    elapsed time = 00:00:24, memory = 1047.85 (MB).
[INFO DRT-0199]   Number of violations = 178.
Viol/Layer      metal2 metal3 metal4
Metal Spacing       26      0      0
Short              139     10      3
[INFO DRT-0267] cpu time = 00:01:33, elapsed time = 00:00:25, memory = 1050.85 (MB), peak = 1092.16 (MB)
Total wire length = 91309 um.
Total wire length on LAYER metal1 = 0 um.
Total wire length on LAYER metal2 = 29875 um.
Total wire length on LAYER metal3 = 35740 um.
Total wire length on LAYER metal4 = 14166 um.
Total wire length on LAYER metal5 = 7611 um.
Total wire length on LAYER metal6 = 3670 um.
Total wire length on LAYER metal7 = 245 um.
Total wire length on LAYER metal8 = 0 um.
Total wire length on LAYER metal9 = 0 um.
Total wire length on LAYER metal10 = 0 um.
Total number of vias = 35381.
Up-via summary (total 35381):

----------------
 active        0
 metal1    15649
 metal2    16407
 metal3     2036
 metal4      927
 metal5      352
 metal6       10
 metal7        0
 metal8        0
 metal9        0
----------------
       35381


[INFO DRT-0195] Start 2nd optimization iteration.
    Completing 10% with 178 violations.
    elapsed time = 00:00:00, memory = 1050.85 (MB).
    Completing 20% with 178 violations.
    elapsed time = 00:00:03, memory = 1052.08 (MB).
    Completing 30% with 213 violations.
    elapsed time = 00:00:06, memory = 1052.08 (MB).
    Completing 40% with 213 violations.
    elapsed time = 00:00:09, memory = 1053.05 (MB).
    Completing 50% with 213 violations.
    elapsed time = 00:00:13, memory = 1053.05 (MB).
    Completing 60% with 229 violations.
    elapsed time = 00:00:14, memory = 1053.05 (MB).
    Completing 70% with 229 violations.
    elapsed time = 00:00:16, memory = 1053.05 (MB).
    Completing 80% with 223 violations.
    elapsed time = 00:00:20, memory = 1053.05 (MB).
    Completing 90% with 223 violations.
    elapsed time = 00:00:23, memory = 1053.05 (MB).
    Completing 100% with 246 violations.
    elapsed time = 00:00:25, memory = 1053.05 (MB).
[INFO DRT-0199]   Number of violations = 246.
Viol/Layer        via1 metal2 metal3
Cut Spacing          1      0      0
Metal Spacing        0     58      2
Short                0    181      4
[INFO DRT-0267] cpu time = 00:01:23, elapsed time = 00:00:25, memory = 1056.05 (MB), peak = 1092.16 (MB)
Total wire length = 91188 um.
Total wire length on LAYER metal1 = 0 um.
Total wire length on LAYER metal2 = 29867 um.
Total wire length on LAYER metal3 = 35675 um.
Total wire length on LAYER metal4 = 14126 um.
Total wire length on LAYER metal5 = 7609 um.
Total wire length on LAYER metal6 = 3660 um.
Total wire length on LAYER metal7 = 249 um.
Total wire length on LAYER metal8 = 0 um.
Total wire length on LAYER metal9 = 0 um.
Total wire length on LAYER metal10 = 0 um.
Total number of vias = 35336.
Up-via summary (total 35336):

----------------
 active        0
 metal1    15647
 metal2    16367
 metal3     2032
 metal4      929
 metal5      351
 metal6       10
 metal7        0
 metal8        0
 metal9        0
----------------
       35336


[INFO DRT-0195] Start 3rd optimization iteration.
    Completing 10% with 246 violations.
    elapsed time = 00:00:00, memory = 1056.05 (MB).
    Completing 20% with 246 violations.
    elapsed time = 00:00:02, memory = 1056.05 (MB).
    Completing 30% with 203 violations.
    elapsed time = 00:00:03, memory = 1056.89 (MB).
    Completing 40% with 203 violations.
    elapsed time = 00:00:04, memory = 1056.89 (MB).
    Completing 50% with 203 violations.
    elapsed time = 00:00:05, memory = 1056.89 (MB).
    Completing 60% with 152 violations.
    elapsed time = 00:00:08, memory = 1056.89 (MB).
    Completing 70% with 152 violations.
    elapsed time = 00:00:08, memory = 1058.60 (MB).
    Completing 80% with 98 violations.
    elapsed time = 00:00:10, memory = 1058.60 (MB).
    Completing 90% with 98 violations.
    elapsed time = 00:00:11, memory = 1058.60 (MB).
    Completing 100% with 2 violations.
    elapsed time = 00:00:12, memory = 1058.60 (MB).
[INFO DRT-0199]   Number of violations = 2.
Viol/Layer      metal2
Short                2
[INFO DRT-0267] cpu time = 00:00:39, elapsed time = 00:00:12, memory = 1058.60 (MB), peak = 1092.16 (MB)
Total wire length = 91167 um.
Total wire length on LAYER metal1 = 0 um.
Total wire length on LAYER metal2 = 29458 um.
Total wire length on LAYER metal3 = 35728 um.
Total wire length on LAYER metal4 = 14464 um.
Total wire length on LAYER metal5 = 7613 um.
Total wire length on LAYER metal6 = 3655 um.
Total wire length on LAYER metal7 = 247 um.
Total wire length on LAYER metal8 = 0 um.
Total wire length on LAYER metal9 = 0 um.
Total wire length on LAYER metal10 = 0 um.
Total number of vias = 35540.
Up-via summary (total 35540):

----------------
 active        0
 metal1    15649
 metal2    16463
 metal3     2140
 metal4      928
 metal5      350
 metal6       10
 metal7        0
 metal8        0
 metal9        0
----------------
       35540


[INFO DRT-0195] Start 4th guides tiles iteration.
    Completing 30% with 2 violations.
    elapsed time = 00:00:00, memory = 1058.60 (MB).
    Completing 60% with 2 violations.
    elapsed time = 00:00:00, memory = 1058.60 (MB).
    Completing 100% with 0 violations.
    elapsed time = 00:00:00, memory = 1058.60 (MB).
[INFO DRT-0199]   Number of violations = 0.
[INFO DRT-0267] cpu time = 00:00:00, elapsed time = 00:00:00, memory = 1058.60 (MB), peak = 1092.16 (MB)
Total wire length = 91167 um.
Total wire length on LAYER metal1 = 0 um.
Total wire length on LAYER metal2 = 29450 um.
Total wire length on LAYER metal3 = 35729 um.
Total wire length on LAYER metal4 = 14471 um.
Total wire length on LAYER metal5 = 7613 um.
Total wire length on LAYER metal6 = 3655 um.
Total wire length on LAYER metal7 = 247 um.
Total wire length on LAYER metal8 = 0 um.
Total wire length on LAYER metal9 = 0 um.
Total wire length on LAYER metal10 = 0 um.
Total number of vias = 35548.
Up-via summary (total 35548):

----------------
 active        0
 metal1    15649
 metal2    16469
 metal3     2142
 metal4      928
 metal5      350
 metal6       10
 metal7        0
 metal8        0
 metal9        0
----------------
       35548


[INFO DRT-0198] Complete detail routing.
Total wire length = 91167 um.
Total wire length on LAYER metal1 = 0 um.
Total wire length on LAYER metal2 = 29450 um.
Total wire length on LAYER metal3 = 35729 um.
Total wire length on LAYER metal4 = 14471 um.
Total wire length on LAYER metal5 = 7613 um.
Total wire length on LAYER metal6 = 3655 um.
Total wire length on LAYER metal7 = 247 um.
Total wire length on LAYER metal8 = 0 um.
Total wire length on LAYER metal9 = 0 um.
Total wire length on LAYER metal10 = 0 um.
Total number of vias = 35548.
Up-via summary (total 35548):

----------------
 active        0
 metal1    15649
 metal2    16469
 metal3     2142
 metal4      928
 metal5      350
 metal6       10
 metal7        0
 metal8        0
 metal9        0
----------------
       35548


[INFO DRT-0267] cpu time = 00:05:17, elapsed time = 00:01:33, memory = 1058.66 (MB), peak = 1092.16 (MB)

[INFO DRT-0180] Post processing.
Took 111 seconds: detailed_route -output_drc ./reports/nangate45/s15850/phase0c_f3e7b516a_s23_k1_B0_552ff4fa_7f655d61/5_route_drc.rpt -output_maze ./results/nangate45/s15850/phase0c_f3e7b516a_s23_k1_B0_552ff4fa_7f655d61/maze.log -droute_end_iter 64 -verbose 1 -drc_report_iter_step 5
[WARNING GRT-0246] No diode with LEF class CORE ANTENNACELL found.
[INFO ANT-0002] Found 0 net violations.
[INFO ANT-0001] Found 0 pin violations.
[INFO ANT-0002] Found 0 net violations.
[INFO ANT-0001] Found 0 pin violations.
Design area 7614 um^2 36% utilization.
write_db ./results/nangate45/s15850/phase0c_f3e7b516a_s23_k1_B0_552ff4fa_7f655d61/5_2_route.odb
Log                       Ext     Elapsed/s Peak Memory/MB sha1sum result [0:20)
5_2_route                 .odb          119           1092 2ff4856a9e4d4a9237a3
/root/pact-deps/OpenROAD-flow-scripts/flow/scripts/flow.sh 5_3_fillcell fillcell
Running fillcell.tcl, stage 5_3_fillcell
read_liberty /root/pact-deps/OpenROAD-flow-scripts/flow/platforms/nangate45/lib/NangateOpenCellLibrary_typical.lib
read_db ./results/nangate45/s15850/phase0c_f3e7b516a_s23_k1_B0_552ff4fa_7f655d61/5_2_route.odb
read_sdc ./results/nangate45/s15850/phase0c_f3e7b516a_s23_k1_B0_552ff4fa_7f655d61/5_1_grt.sdc
source /root/pact-deps/OpenROAD-flow-scripts/flow/platforms/nangate45/setRC.tcl
filler_placement "FILLCELL_X1 FILLCELL_X2 FILLCELL_X4 FILLCELL_X8 FILLCELL_X16 FILLCELL_X32"
[INFO DPL-0001] Placed 7160 filler instances.
Design area 7614 um^2 36% utilization.
write_db ./results/nangate45/s15850/phase0c_f3e7b516a_s23_k1_B0_552ff4fa_7f655d61/5_3_fillcell.odb
Log                       Ext     Elapsed/s Peak Memory/MB sha1sum result [0:20)
5_3_fillcell              .odb            1            131 3ae59ff7285be4ce65ab
cp ./results/nangate45/s15850/phase0c_f3e7b516a_s23_k1_B0_552ff4fa_7f655d61/5_3_fillcell.odb ./results/nangate45/s15850/phase0c_f3e7b516a_s23_k1_B0_552ff4fa_7f655d61/5_route.odb
cp ./results/nangate45/s15850/phase0c_f3e7b516a_s23_k1_B0_552ff4fa_7f655d61/5_1_grt.sdc ./results/nangate45/s15850/phase0c_f3e7b516a_s23_k1_B0_552ff4fa_7f655d61/5_route.sdc
