OpenROAD 26Q2-1164-g08f67ee5ec 
Features included (+) or not (-): +GPU +GUI +Python
This program is licensed under the BSD-3 license. See the LICENSE file for details.
Components of this program may be licensed under more restrictive licenses which must be honored.
[INFO ORD-0030] Using 4 thread(s).
read_liberty /root/pact-deps/OpenROAD-flow-scripts/flow/platforms/nangate45/lib/NangateOpenCellLibrary_typical.lib
read_db /mnt/c/Users/Abhinav/OneDrive/Desktop/PACT/PACT/results/phase2d_independent_gp/raw/orfs/results/nangate45/s5378/phase2c_s29_94f26edba02e/5_1_grt.odb
read_sdc /mnt/c/Users/Abhinav/OneDrive/Desktop/PACT/PACT/results/phase2d_independent_gp/raw/orfs/results/nangate45/s5378/phase2c_s29_94f26edba02e/5_1_grt.sdc
source /root/pact-deps/OpenROAD-flow-scripts/flow/platforms/nangate45/setRC.tcl
detailed_route -output_drc /mnt/c/Users/Abhinav/OneDrive/Desktop/PACT/PACT/results/phase2d_independent_gp/raw/orfs/reports/nangate45/s5378/phase2c_s29_94f26edba02e/5_route_drc.rpt -output_maze /mnt/c/Users/Abhinav/OneDrive/Desktop/PACT/PACT/results/phase2d_independent_gp/raw/orfs/results/nangate45/s5378/phase2c_s29_94f26edba02e/maze.log -droute_end_iter 64 -verbose 1 -drc_report_iter_step 5
[INFO DRT-0149] Reading tech and libs.

Units:                2000
Number of layers:     21
Number of macros:     135
Number of vias:       33
Number of viarulegen: 19

[INFO DRT-0150] Reading design.

Design:                   s5378
Die area:                 ( 0 0 ) ( 171970 171970 )
Number of track patterns: 20
Number of DEF vias:       0
Number of components:     2091
Number of terminals:      92
Number of snets:          2
Number of nets:           1997

[INFO DRT-0167] List of default vias:
  Layer via2
    default via: via2_5
  Layer via3
    default via: via3_2
  Layer via4
    default via: via4_0
  Layer via5
    default via: via5_0
  Layer via6
    default via: via6_0
  Layer via7
    default via: via7_0
  Layer via8
    default via: via8_0
  Layer via9
    default via: via9_0
[INFO DRT-0162] Library cell analysis.
[INFO DRT-0163] Instance analysis.
[INFO DRT-0164] Number of unique instances = 32.
[INFO DRT-0168] Init region query.
[INFO DRT-0024]   Complete active.
[INFO DRT-0024]   Complete Fr_VIA.
[INFO DRT-0024]   Complete metal1.
[INFO DRT-0024]   Complete via1.
[INFO DRT-0024]   Complete metal2.
[INFO DRT-0024]   Complete via2.
[INFO DRT-0024]   Complete metal3.
[INFO DRT-0024]   Complete via3.
[INFO DRT-0024]   Complete metal4.
[INFO DRT-0024]   Complete via4.
[INFO DRT-0024]   Complete metal5.
[INFO DRT-0024]   Complete via5.
[INFO DRT-0024]   Complete metal6.
[INFO DRT-0024]   Complete via6.
[INFO DRT-0024]   Complete metal7.
[INFO DRT-0024]   Complete via7.
[INFO DRT-0024]   Complete metal8.
[INFO DRT-0024]   Complete via8.
[INFO DRT-0024]   Complete metal9.
[INFO DRT-0024]   Complete via9.
[INFO DRT-0024]   Complete metal10.
[INFO DRT-0033] active shape region query size = 0.
[INFO DRT-0033] FR_VIA shape region query size = 0.
[INFO DRT-0033] metal1 shape region query size = 29330.
[INFO DRT-0033] via1 shape region query size = 270.
[INFO DRT-0033] metal2 shape region query size = 180.
[INFO DRT-0033] via2 shape region query size = 270.
[INFO DRT-0033] metal3 shape region query size = 180.
[INFO DRT-0033] via3 shape region query size = 270.
[INFO DRT-0033] metal4 shape region query size = 102.
[INFO DRT-0033] via4 shape region query size = 90.
[INFO DRT-0033] metal5 shape region query size = 75.
[INFO DRT-0033] via5 shape region query size = 90.
[INFO DRT-0033] metal6 shape region query size = 51.
[INFO DRT-0033] via6 shape region query size = 36.
[INFO DRT-0033] metal7 shape region query size = 21.
[INFO DRT-0033] via7 shape region query size = 0.
[INFO DRT-0033] metal8 shape region query size = 0.
[INFO DRT-0033] via8 shape region query size = 0.
[INFO DRT-0033] metal9 shape region query size = 0.
[INFO DRT-0033] via9 shape region query size = 0.
[INFO DRT-0033] metal10 shape region query size = 0.
[INFO DRT-0165] Start pin access.
[INFO DRT-0078]   Complete 152 pins.
[INFO DRT-0081]   Complete 32 unique inst patterns.
[INFO DRT-0084]   Complete 1056 groups.
#scanned instances     = 2091
#unique  instances     = 32
#stdCellGenAp          = 613
#stdCellValidPlanarAp  = 0
#stdCellValidViaAp     = 487
#stdCellPinNoAp        = 0
#stdCellPinCnt         = 5901
#instTermValidViaApCnt = 0
#macroGenAp            = 0
#macroValidPlanarAp    = 0
#macroValidViaAp       = 0
#macroNoAp             = 0
[INFO DRT-0166] Complete pin access.
[INFO DRT-0267] cpu time = 00:00:15, elapsed time = 00:00:05, memory = 261.55 (MB), peak = 261.13 (MB)

[INFO DRT-0157] Number of guides:     12842

[INFO DRT-0169] Post process guides.
[INFO DRT-0176] GCELLGRID X 0 DO 30 STEP 5700 ;
[INFO DRT-0177] GCELLGRID Y 0 DO 30 STEP 5700 ;
[INFO DRT-0028]   Complete active.
[INFO DRT-0028]   Complete Fr_VIA.
[INFO DRT-0028]   Complete metal1.
[INFO DRT-0028]   Complete via1.
[INFO DRT-0028]   Complete metal2.
[INFO DRT-0028]   Complete via2.
[INFO DRT-0028]   Complete metal3.
[INFO DRT-0028]   Complete via3.
[INFO DRT-0028]   Complete metal4.
[INFO DRT-0028]   Complete via4.
[INFO DRT-0028]   Complete metal5.
[INFO DRT-0028]   Complete via5.
[INFO DRT-0028]   Complete metal6.
[INFO DRT-0028]   Complete via6.
[INFO DRT-0028]   Complete metal7.
[INFO DRT-0028]   Complete via7.
[INFO DRT-0028]   Complete metal8.
[INFO DRT-0028]   Complete via8.
[INFO DRT-0028]   Complete metal9.
[INFO DRT-0028]   Complete via9.
[INFO DRT-0028]   Complete metal10.
[INFO DRT-0178] Init guide query.
[INFO DRT-0035]   Complete active (guide).
[INFO DRT-0035]   Complete Fr_VIA (guide).
[INFO DRT-0035]   Complete metal1 (guide).
[INFO DRT-0035]   Complete via1 (guide).
[INFO DRT-0035]   Complete metal2 (guide).
[INFO DRT-0035]   Complete via2 (guide).
[INFO DRT-0035]   Complete metal3 (guide).
[INFO DRT-0035]   Complete via3 (guide).
[INFO DRT-0035]   Complete metal4 (guide).
[INFO DRT-0035]   Complete via4 (guide).
[INFO DRT-0035]   Complete metal5 (guide).
[INFO DRT-0035]   Complete via5 (guide).
[INFO DRT-0035]   Complete metal6 (guide).
[INFO DRT-0035]   Complete via6 (guide).
[INFO DRT-0035]   Complete metal7 (guide).
[INFO DRT-0035]   Complete via7 (guide).
[INFO DRT-0035]   Complete metal8 (guide).
[INFO DRT-0035]   Complete via8 (guide).
[INFO DRT-0035]   Complete metal9 (guide).
[INFO DRT-0035]   Complete via9 (guide).
[INFO DRT-0035]   Complete metal10 (guide).
[INFO DRT-0036] active guide region query size = 0.
[INFO DRT-0036] FR_VIA guide region query size = 0.
[INFO DRT-0036] metal1 guide region query size = 4598.
[INFO DRT-0036] via1 guide region query size = 0.
[INFO DRT-0036] metal2 guide region query size = 3606.
[INFO DRT-0036] via2 guide region query size = 0.
[INFO DRT-0036] metal3 guide region query size = 1867.
[INFO DRT-0036] via3 guide region query size = 0.
[INFO DRT-0036] metal4 guide region query size = 260.
[INFO DRT-0036] via4 guide region query size = 0.
[INFO DRT-0036] metal5 guide region query size = 139.
[INFO DRT-0036] via5 guide region query size = 0.
[INFO DRT-0036] metal6 guide region query size = 44.
[INFO DRT-0036] via6 guide region query size = 0.
[INFO DRT-0036] metal7 guide region query size = 0.
[INFO DRT-0036] via7 guide region query size = 0.
[INFO DRT-0036] metal8 guide region query size = 0.
[INFO DRT-0036] via8 guide region query size = 0.
[INFO DRT-0036] metal9 guide region query size = 0.
[INFO DRT-0036] via9 guide region query size = 0.
[INFO DRT-0036] metal10 guide region query size = 0.
[INFO DRT-0179] Init gr pin query.
[INFO DRT-0267] cpu time = 00:00:00, elapsed time = 00:00:00, memory = 266.22 (MB), peak = 266.00 (MB)
[INFO DRT-0245] skipped writing guide updates to database.
[INFO DRT-0181] Start track assignment.
[INFO DRT-0184] Done with 3910 vertical wires in 1 frboxes and 6604 horizontal wires in 1 frboxes.
[INFO DRT-0186] Done with 950 vertical wires in 1 frboxes and 1051 horizontal wires in 1 frboxes.
[INFO DRT-0182] Complete track assignment.
[INFO DRT-0267] cpu time = 00:00:01, elapsed time = 00:00:00, memory = 297.20 (MB), peak = 296.88 (MB)
[INFO DRT-0187] Start routing data preparation.
[INFO DRT-0267] cpu time = 00:00:00, elapsed time = 00:00:00, memory = 297.26 (MB), peak = 297.00 (MB)
[INFO DRT-0194] Start detail routing.
[INFO DRT-0195] Start 0th optimization iteration.
    Completing 10% with 0 violations.
    elapsed time = 00:00:00, memory = 337.23 (MB).
    Completing 20% with 0 violations.
    elapsed time = 00:00:00, memory = 342.52 (MB).
    Completing 30% with 0 violations.
    elapsed time = 00:00:02, memory = 328.08 (MB).
    Completing 40% with 44 violations.
    elapsed time = 00:00:03, memory = 363.98 (MB).
    Completing 50% with 44 violations.
    elapsed time = 00:00:04, memory = 349.97 (MB).
    Completing 60% with 44 violations.
    elapsed time = 00:00:04, memory = 337.03 (MB).
    Completing 70% with 91 violations.
    elapsed time = 00:00:05, memory = 385.51 (MB).
    Completing 80% with 91 violations.
    elapsed time = 00:00:07, memory = 371.00 (MB).
    Completing 90% with 149 violations.
    elapsed time = 00:00:10, memory = 385.42 (MB).
    Completing 100% with 206 violations.
    elapsed time = 00:00:12, memory = 369.48 (MB).
[INFO DRT-0199]   Number of violations = 285.
Viol/Layer        via1 metal2 metal3 metal4 metal5
Metal Spacing        0     18      0      0      1
Recheck              0     52     24      1      2
Short                1    160     25      0      1
[INFO DRT-0267] cpu time = 00:00:32, elapsed time = 00:00:13, memory = 900.18 (MB), peak = 899.88 (MB)
Total wire length = 19200 um.
Total wire length on LAYER metal1 = 0 um.
Total wire length on LAYER metal2 = 7697 um.
Total wire length on LAYER metal3 = 8341 um.
Total wire length on LAYER metal4 = 2165 um.
Total wire length on LAYER metal5 = 668 um.
Total wire length on LAYER metal6 = 327 um.
Total wire length on LAYER metal7 = 0 um.
Total wire length on LAYER metal8 = 0 um.
Total wire length on LAYER metal9 = 0 um.
Total wire length on LAYER metal10 = 0 um.
Total number of vias = 11516.
Up-via summary (total 11516):

----------------
 active        0
 metal1     5931
 metal2     5005
 metal3      372
 metal4      153
 metal5       55
 metal6        0
 metal7        0
 metal8        0
 metal9        0
----------------
       11516


[INFO DRT-0195] Start 1st optimization iteration.
    Completing 10% with 285 violations.
    elapsed time = 00:00:00, memory = 915.64 (MB).
    Completing 20% with 285 violations.
    elapsed time = 00:00:01, memory = 915.64 (MB).
    Completing 30% with 285 violations.
    elapsed time = 00:00:01, memory = 917.02 (MB).
    Completing 40% with 236 violations.
    elapsed time = 00:00:03, memory = 922.08 (MB).
    Completing 50% with 236 violations.
    elapsed time = 00:00:04, memory = 922.08 (MB).
    Completing 60% with 236 violations.
    elapsed time = 00:00:05, memory = 923.85 (MB).
    Completing 70% with 188 violations.
    elapsed time = 00:00:06, memory = 923.85 (MB).
    Completing 80% with 188 violations.
    elapsed time = 00:00:08, memory = 925.23 (MB).
    Completing 90% with 153 violations.
    elapsed time = 00:00:12, memory = 925.23 (MB).
    Completing 100% with 68 violations.
    elapsed time = 00:00:13, memory = 927.31 (MB).
[INFO DRT-0199]   Number of violations = 68.
Viol/Layer      metal2 metal3
Metal Spacing       18      3
Short               43      4
[INFO DRT-0267] cpu time = 00:00:30, elapsed time = 00:00:14, memory = 930.31 (MB), peak = 929.88 (MB)
Total wire length = 19077 um.
Total wire length on LAYER metal1 = 0 um.
Total wire length on LAYER metal2 = 7665 um.
Total wire length on LAYER metal3 = 8269 um.
Total wire length on LAYER metal4 = 2149 um.
Total wire length on LAYER metal5 = 664 um.
Total wire length on LAYER metal6 = 328 um.
Total wire length on LAYER metal7 = 0 um.
Total wire length on LAYER metal8 = 0 um.
Total wire length on LAYER metal9 = 0 um.
Total wire length on LAYER metal10 = 0 um.
Total number of vias = 11495.
Up-via summary (total 11495):

----------------
 active        0
 metal1     5933
 metal2     4980
 metal3      376
 metal4      151
 metal5       55
 metal6        0
 metal7        0
 metal8        0
 metal9        0
----------------
       11495


[INFO DRT-0195] Start 2nd optimization iteration.
    Completing 10% with 68 violations.
    elapsed time = 00:00:00, memory = 930.31 (MB).
    Completing 20% with 68 violations.
    elapsed time = 00:00:00, memory = 930.31 (MB).
    Completing 30% with 68 violations.
    elapsed time = 00:00:00, memory = 930.31 (MB).
    Completing 40% with 76 violations.
    elapsed time = 00:00:03, memory = 932.13 (MB).
    Completing 50% with 76 violations.
    elapsed time = 00:00:03, memory = 932.13 (MB).
    Completing 60% with 76 violations.
    elapsed time = 00:00:05, memory = 932.13 (MB).
    Completing 70% with 78 violations.
    elapsed time = 00:00:06, memory = 932.13 (MB).
    Completing 80% with 78 violations.
    elapsed time = 00:00:07, memory = 933.29 (MB).
    Completing 90% with 82 violations.
    elapsed time = 00:00:09, memory = 933.29 (MB).
    Completing 100% with 75 violations.
    elapsed time = 00:00:11, memory = 933.29 (MB).
[INFO DRT-0199]   Number of violations = 75.
Viol/Layer      metal2 metal3
Metal Spacing       13      0
Short               59      3
[INFO DRT-0267] cpu time = 00:00:22, elapsed time = 00:00:11, memory = 933.29 (MB), peak = 932.88 (MB)
Total wire length = 19034 um.
Total wire length on LAYER metal1 = 0 um.
Total wire length on LAYER metal2 = 7641 um.
Total wire length on LAYER metal3 = 8243 um.
Total wire length on LAYER metal4 = 2149 um.
Total wire length on LAYER metal5 = 670 um.
Total wire length on LAYER metal6 = 328 um.
Total wire length on LAYER metal7 = 0 um.
Total wire length on LAYER metal8 = 0 um.
Total wire length on LAYER metal9 = 0 um.
Total wire length on LAYER metal10 = 0 um.
Total number of vias = 11465.
Up-via summary (total 11465):

----------------
 active        0
 metal1     5943
 metal2     4942
 metal3      374
 metal4      153
 metal5       53
 metal6        0
 metal7        0
 metal8        0
 metal9        0
----------------
       11465


[INFO DRT-0195] Start 3rd guides tiles iteration.
    Completing 10% with 75 violations.
    elapsed time = 00:00:00, memory = 969.52 (MB).
    Completing 20% with 75 violations.
    elapsed time = 00:00:00, memory = 1016.24 (MB).
    Completing 30% with 75 violations.
    elapsed time = 00:00:13, memory = 949.48 (MB).
    Completing 40% with 23 violations.
    elapsed time = 00:00:13, memory = 949.48 (MB).
    Completing 50% with 23 violations.
    elapsed time = 00:00:13, memory = 959.92 (MB).
    Completing 60% with 23 violations.
    elapsed time = 00:00:13, memory = 987.52 (MB).
    Completing 70% with 23 violations.
    elapsed time = 00:00:18, memory = 949.48 (MB).
    Completing 80% with 11 violations.
    elapsed time = 00:00:18, memory = 949.48 (MB).
    Completing 90% with 11 violations.
    elapsed time = 00:00:18, memory = 950.21 (MB).
    Completing 100% with 5 violations.
    elapsed time = 00:00:18, memory = 950.21 (MB).
[INFO DRT-0199]   Number of violations = 5.
Viol/Layer      metal2 metal3 metal4
Metal Spacing        2      0      1
Short                0      2      0
[INFO DRT-0267] cpu time = 00:00:20, elapsed time = 00:00:19, memory = 950.21 (MB), peak = 1032.13 (MB)
Total wire length = 19053 um.
Total wire length on LAYER metal1 = 0 um.
Total wire length on LAYER metal2 = 7536 um.
Total wire length on LAYER metal3 = 8275 um.
Total wire length on LAYER metal4 = 2278 um.
Total wire length on LAYER metal5 = 662 um.
Total wire length on LAYER metal6 = 300 um.
Total wire length on LAYER metal7 = 0 um.
Total wire length on LAYER metal8 = 0 um.
Total wire length on LAYER metal9 = 0 um.
Total wire length on LAYER metal10 = 0 um.
Total number of vias = 11557.
Up-via summary (total 11557):

----------------
 active        0
 metal1     5943
 metal2     4992
 metal3      418
 metal4      153
 metal5       51
 metal6        0
 metal7        0
 metal8        0
 metal9        0
----------------
       11557


[INFO DRT-0195] Start 4th guides tiles iteration.
    Completing 50% with 5 violations.
    elapsed time = 00:00:00, memory = 950.21 (MB).
    Completing 100% with 0 violations.
    elapsed time = 00:00:00, memory = 950.21 (MB).
[INFO DRT-0199]   Number of violations = 0.
[INFO DRT-0267] cpu time = 00:00:00, elapsed time = 00:00:00, memory = 950.21 (MB), peak = 1032.13 (MB)
Total wire length = 19052 um.
Total wire length on LAYER metal1 = 0 um.
Total wire length on LAYER metal2 = 7535 um.
Total wire length on LAYER metal3 = 8275 um.
Total wire length on LAYER metal4 = 2277 um.
Total wire length on LAYER metal5 = 662 um.
Total wire length on LAYER metal6 = 300 um.
Total wire length on LAYER metal7 = 0 um.
Total wire length on LAYER metal8 = 0 um.
Total wire length on LAYER metal9 = 0 um.
Total wire length on LAYER metal10 = 0 um.
Total number of vias = 11553.
Up-via summary (total 11553):

----------------
 active        0
 metal1     5943
 metal2     4990
 metal3      416
 metal4      153
 metal5       51
 metal6        0
 metal7        0
 metal8        0
 metal9        0
----------------
       11553


[INFO DRT-0198] Complete detail routing.
Total wire length = 19052 um.
Total wire length on LAYER metal1 = 0 um.
Total wire length on LAYER metal2 = 7535 um.
Total wire length on LAYER metal3 = 8275 um.
Total wire length on LAYER metal4 = 2277 um.
Total wire length on LAYER metal5 = 662 um.
Total wire length on LAYER metal6 = 300 um.
Total wire length on LAYER metal7 = 0 um.
Total wire length on LAYER metal8 = 0 um.
Total wire length on LAYER metal9 = 0 um.
Total wire length on LAYER metal10 = 0 um.
Total number of vias = 11553.
Up-via summary (total 11553):

----------------
 active        0
 metal1     5943
 metal2     4990
 metal3      416
 metal4      153
 metal5       51
 metal6        0
 metal7        0
 metal8        0
 metal9        0
----------------
       11553


[INFO DRT-0267] cpu time = 00:01:47, elapsed time = 00:00:58, memory = 950.27 (MB), peak = 1032.13 (MB)

[INFO DRT-0180] Post processing.
Took 65 seconds: detailed_route -output_drc /mnt/c/Users/Abhinav/OneDrive/Desktop/PACT/PACT/results/phase2d_independent_gp/raw/orfs/reports/nangate45/s5378/phase2c_s29_94f26edba02e/5_route_drc.rpt -output_maze /mnt/c/Users/Abhinav/OneDrive/Desktop/PACT/PACT/results/phase2d_independent_gp/raw/orfs/results/nangate45/s5378/phase2c_s29_94f26edba02e/maze.log -droute_end_iter 64 -verbose 1 -drc_report_iter_step 5
[WARNING GRT-0246] No diode with LEF class CORE ANTENNACELL found.
[INFO ANT-0002] Found 0 net violations.
[INFO ANT-0001] Found 0 pin violations.
[INFO ANT-0002] Found 0 net violations.
[INFO ANT-0001] Found 0 pin violations.
Design area 2587 um^2 37% utilization.
write_db /mnt/c/Users/Abhinav/OneDrive/Desktop/PACT/PACT/results/phase2d_independent_gp/raw/orfs/results/nangate45/s5378/phase2c_s29_94f26edba02e/5_2_route.odb
Elapsed time: 1:09.00[h:]min:sec. CPU time: user 124.76 sys 2.87 (184%). Peak memory: 1056900KB.
Log                       Ext     Elapsed/s Peak Memory/MB sha1sum result [0:20)
5_2_route                 .odb           69           1032 b7e76721ece88c2efbe4
