OpenROAD 26Q2-1164-g08f67ee5ec 
Features included (+) or not (-): +GPU +GUI +Python
This program is licensed under the BSD-3 license. See the LICENSE file for details.
Components of this program may be licensed under more restrictive licenses which must be honored.
[INFO ORD-0030] Using 4 thread(s).
mkdir -p ./objects/nangate45/s5378/phase0c_f3e7b516a_s13_k8_R_ac39a06b_7f655d61
/root/pact-deps/OpenROAD-flow-scripts/flow/scripts/flow.sh 4_1_cts cts
Running cts.tcl, stage 4_1_cts
read_liberty /root/pact-deps/OpenROAD-flow-scripts/flow/platforms/nangate45/lib/NangateOpenCellLibrary_typical.lib
read_db ./results/nangate45/s5378/phase0c_f3e7b516a_s13_k8_R_ac39a06b_7f655d61/3_place.odb
read_sdc ./results/nangate45/s5378/phase0c_f3e7b516a_s13_k8_R_ac39a06b_7f655d61/3_place.sdc
source /root/pact-deps/OpenROAD-flow-scripts/flow/platforms/nangate45/setRC.tcl
clock_tree_synthesis -sink_clustering_enable -repair_clock_nets
[INFO CTS-0050] Root buffer is CLKBUF_X3.
[INFO CTS-0051] Sink buffer is CLKBUF_X3.
[INFO CTS-0052] The following clock buffers will be used for CTS:
                    CLKBUF_X3
[INFO CTS-0049] Characterization buffer is CLKBUF_X3.
[INFO CTS-0007] Net "CK" found for clock "clk".
[INFO CTS-0010]  Clock net "CK" has 179 sinks.
[INFO CTS-0008] TritonCTS found 1 clock nets.
[INFO CTS-0097] Characterization used 1 buffer(s) types.
[INFO CTS-0201] 0 blockages from hard placement blockages and placed macros will be used.
[INFO CTS-0027] Generating H-Tree topology for net CK.
[INFO CTS-0028]  Total number of sinks: 179.
[INFO CTS-0090]  Sinks will be clustered based on buffer max cap.
[INFO CTS-0030]  Number of static layers: 0.
[INFO CTS-0020]  Wire segment unit: 14000  dbu (7 um).
[INFO CTS-0023]  Original sink region: [(6905, 20600), (164985, 158600)].
[INFO CTS-0024]  Normalized sink region: [(0.493214, 1.47143), (11.7846, 11.3286)].
[INFO CTS-0025]     Width:  11.2914.
[INFO CTS-0026]     Height: 9.8571.
 Level 1
    Direction: Horizontal
    Sinks per sub-region: 90
    Sub-region size: 5.6457 X 9.8571
[INFO CTS-0034]     Segment length (rounded): 2.
 Level 2
    Direction: Vertical
    Sinks per sub-region: 45
    Sub-region size: 5.6457 X 4.9286
[INFO CTS-0034]     Segment length (rounded): 2.
 Level 3
    Direction: Horizontal
    Sinks per sub-region: 23
    Sub-region size: 2.8229 X 4.9286
[INFO CTS-0034]     Segment length (rounded): 1.
 Level 4
    Direction: Vertical
    Sinks per sub-region: 12
    Sub-region size: 2.8229 X 2.4643
[INFO CTS-0034]     Segment length (rounded): 1.
[INFO CTS-0032]  Stop criterion found. Max number of sinks is 15.
[INFO CTS-0035]  Number of sinks covered: 179.
[INFO CTS-0018]     Created 17 clock buffers.
[INFO CTS-0012]     Minimum number of buffers in the clock path: 2.
[INFO CTS-0013]     Maximum number of buffers in the clock path: 2.
[INFO CTS-0015]     Created 17 clock nets.
[INFO CTS-0016]     Fanout distribution for the current clock = 6:1, 7:2, 9:4, 10:1, 11:1, 12:3, 13:1, 15:1, 16:1, 22:1..
[INFO CTS-0017]     Max level of the clock tree: 4.
[INFO CTS-0098] Clock net "CK"
[INFO CTS-0099]  Sinks 194
[INFO CTS-0100]  Leaf buffers 0
[INFO CTS-0101]  Average sink wire length 117.22 um
[INFO CTS-0102]  Path depth 2 - 2
[INFO CTS-0207]  Dummy loads inserted 15
estimate_parasitics -placement
detailed_placement
[INFO DPL-0006] Core area: 6921.05 um^2, Instances area: 2568.50 um^2, Utilization: 37.1%
[INFO DPL-0005] Diamond search max displacement: +/- 500 sites horizontally, +/- 100 rows vertically.
[INFO DPL-1101] Legalizing using diamond search.
Movements Summary
---------------------------------------
Total cells:                    1927
Diamond Move Success:           1927 (100.00%)
Diamond Move Failure:              0
Rip-up and replace Success:        0 (  0.00% of diamond failures)
Rip-up and replace Failure:        0
Total Placement Failures:          0
---------------------------------------
Placement Analysis
---------------------------------
total displacement         81.8 u
average displacement        0.0 u
max displacement            2.9 u
original HPWL           29557.8 u
legalized HPWL          29604.2 u
delta HPWL                    0 %

estimate_parasitics -placement
repair_timing -setup_margin 0 -hold_margin 0 -repair_tns 100 -verbose
[INFO RSZ-0100] Repair move sequence: UnbufferMove SizeUpMove SwapPinsMove BufferMove CloneMove SplitLoadMove 
[INFO RSZ-0098] No setup violations found
[INFO RSZ-0046] Found 90 endpoints with hold violations.
Iteration | Resized | Buffers | Cloned Gates |   Area   |   WNS   |   TNS   | Endpoint
--------------------------------------------------------------------------------------
        0 |       0 |       0 |            0 |    +0.0% |  -0.075 |  -2.370 | U_n165gat/D
       10 |       0 |      14 |            0 |    +0.4% |  -0.067 |  -1.745 | U_n341gat/D
       20 |       0 |      25 |            0 |    +0.8% |  -0.058 |  -0.941 | U_n491gat/D
       30 |       0 |      31 |            0 |    +1.0% |  -0.022 |  -0.589 | U_n861gat/D
       40 |       0 |      35 |            0 |    +1.1% |  -0.015 |  -0.390 | U_n1080gat/D
       50 |       0 |      38 |            0 |    +1.2% |  -0.013 |  -0.290 | U_n271gat/SI
       60 |       0 |      39 |            0 |    +1.2% |  -0.013 |  -0.013 | U_n271gat/SI
       70 |       0 |      39 |            0 |    +1.2% |  -0.013 |  -0.013 | U_n271gat/SI
       80 |       0 |      39 |            0 |    +1.2% |  -0.013 |  -0.013 | U_n271gat/SI
       90 |       0 |      39 |            0 |    +1.2% |  -0.013 |  -0.013 | U_n271gat/SI
    final |       0 |      40 |            0 |    +1.2% |   0.001 |   0.000 | U_n667gat/D
--------------------------------------------------------------------------------------
[INFO RSZ-0032] Inserted 40 hold buffers.
detailed_placement
[INFO DPL-0006] Core area: 6921.05 um^2, Instances area: 2600.42 um^2, Utilization: 37.6%
[INFO DPL-0005] Diamond search max displacement: +/- 500 sites horizontally, +/- 100 rows vertically.
[INFO DPL-1101] Legalizing using diamond search.
Movements Summary
---------------------------------------
Total cells:                    1967
Diamond Move Success:           1967 (100.00%)
Diamond Move Failure:              0
Rip-up and replace Success:        0 (  0.00% of diamond failures)
Rip-up and replace Failure:        0
Total Placement Failures:          0
---------------------------------------
Placement Analysis
---------------------------------
total displacement         40.8 u
average displacement        0.0 u
max displacement            2.8 u
original HPWL           29867.1 u
legalized HPWL          29887.2 u
delta HPWL                    0 %

estimate_parasitics -placement
Report metrics stage 4, cts final...

==========================================================================
cts final report_design_area
--------------------------------------------------------------------------
Design area 2600 um^2 38% utilization.
write_db ./results/nangate45/s5378/phase0c_f3e7b516a_s13_k8_R_ac39a06b_7f655d61/4_1_cts.odb
write_sdc -no_timestamp ./results/nangate45/s5378/phase0c_f3e7b516a_s13_k8_R_ac39a06b_7f655d61/4_cts.sdc
Log                       Ext     Elapsed/s Peak Memory/MB sha1sum result [0:20)
4_1_cts                   .odb            3            147 66f18dbeec23b24962c8
cp ./results/nangate45/s5378/phase0c_f3e7b516a_s13_k8_R_ac39a06b_7f655d61/4_1_cts.odb ./results/nangate45/s5378/phase0c_f3e7b516a_s13_k8_R_ac39a06b_7f655d61/4_cts.odb
/root/pact-deps/OpenROAD-flow-scripts/flow/scripts/flow.sh 5_1_grt global_route
Running global_route.tcl, stage 5_1_grt
read_liberty /root/pact-deps/OpenROAD-flow-scripts/flow/platforms/nangate45/lib/NangateOpenCellLibrary_typical.lib
read_db ./results/nangate45/s5378/phase0c_f3e7b516a_s13_k8_R_ac39a06b_7f655d61/4_cts.odb
read_sdc ./results/nangate45/s5378/phase0c_f3e7b516a_s13_k8_R_ac39a06b_7f655d61/4_cts.sdc
source /root/pact-deps/OpenROAD-flow-scripts/flow/platforms/nangate45/setRC.tcl
pin_access
[INFO DRT-0149] Reading tech and libs.

Units:                2000
Number of layers:     21
Number of macros:     135
Number of vias:       33
Number of viarulegen: 19

[INFO DRT-0150] Reading design.

Design:                   s5378
Die area:                 ( 0 0 ) ( 171970 171970 )
Number of track patterns: 20
Number of DEF vias:       0
Number of components:     2085
Number of terminals:      104
Number of snets:          2
Number of nets:           1997

[INFO DRT-0167] List of default vias:
  Layer via2
    default via: via2_5
  Layer via3
    default via: via3_2
  Layer via4
    default via: via4_0
  Layer via5
    default via: via5_0
  Layer via6
    default via: via6_0
  Layer via7
    default via: via7_0
  Layer via8
    default via: via8_0
  Layer via9
    default via: via9_0
[INFO DRT-0162] Library cell analysis.
[INFO DRT-0163] Instance analysis.
[INFO DRT-0164] Number of unique instances = 32.
[INFO DRT-0168] Init region query.
[INFO DRT-0024]   Complete active.
[INFO DRT-0024]   Complete Fr_VIA.
[INFO DRT-0024]   Complete metal1.
[INFO DRT-0024]   Complete via1.
[INFO DRT-0024]   Complete metal2.
[INFO DRT-0024]   Complete via2.
[INFO DRT-0024]   Complete metal3.
[INFO DRT-0024]   Complete via3.
[INFO DRT-0024]   Complete metal4.
[INFO DRT-0024]   Complete via4.
[INFO DRT-0024]   Complete metal5.
[INFO DRT-0024]   Complete via5.
[INFO DRT-0024]   Complete metal6.
[INFO DRT-0024]   Complete via6.
[INFO DRT-0024]   Complete metal7.
[INFO DRT-0024]   Complete via7.
[INFO DRT-0024]   Complete metal8.
[INFO DRT-0024]   Complete via8.
[INFO DRT-0024]   Complete metal9.
[INFO DRT-0024]   Complete via9.
[INFO DRT-0024]   Complete metal10.
[INFO DRT-0033] active shape region query size = 0.
[INFO DRT-0033] FR_VIA shape region query size = 0.
[INFO DRT-0033] metal1 shape region query size = 29367.
[INFO DRT-0033] via1 shape region query size = 270.
[INFO DRT-0033] metal2 shape region query size = 180.
[INFO DRT-0033] via2 shape region query size = 270.
[INFO DRT-0033] metal3 shape region query size = 180.
[INFO DRT-0033] via3 shape region query size = 270.
[INFO DRT-0033] metal4 shape region query size = 102.
[INFO DRT-0033] via4 shape region query size = 90.
[INFO DRT-0033] metal5 shape region query size = 77.
[INFO DRT-0033] via5 shape region query size = 90.
[INFO DRT-0033] metal6 shape region query size = 61.
[INFO DRT-0033] via6 shape region query size = 36.
[INFO DRT-0033] metal7 shape region query size = 21.
[INFO DRT-0033] via7 shape region query size = 0.
[INFO DRT-0033] metal8 shape region query size = 0.
[INFO DRT-0033] via8 shape region query size = 0.
[INFO DRT-0033] metal9 shape region query size = 0.
[INFO DRT-0033] via9 shape region query size = 0.
[INFO DRT-0033] metal10 shape region query size = 0.
[INFO DRT-0165] Start pin access.
[INFO DRT-0078]   Complete 152 pins.
[INFO DRT-0081]   Complete 32 unique inst patterns.
[INFO DRT-0084]   Complete 1141 groups.
#scanned instances     = 2085
#unique  instances     = 32
#stdCellGenAp          = 621
#stdCellValidPlanarAp  = 0
#stdCellValidViaAp     = 496
#stdCellPinNoAp        = 0
#stdCellPinCnt         = 5889
#instTermValidViaApCnt = 0
#macroGenAp            = 0
#macroValidPlanarAp    = 0
#macroValidViaAp       = 0
#macroNoAp             = 0
[INFO DRT-0166] Complete pin access.
[INFO DRT-0267] cpu time = 00:00:14, elapsed time = 00:00:03, memory = 116.46 (MB), peak = 116.21 (MB)
set_global_routing_random -seed 13
global_route -congestion_report_file ./reports/nangate45/s5378/phase0c_f3e7b516a_s13_k8_R_ac39a06b_7f655d61/congestion.rpt -congestion_iterations 30 -congestion_report_iter_step 5 -verbose
[INFO GRT-0020] Min routing layer: metal2
[INFO GRT-0021] Max routing layer: metal10
[INFO GRT-0022] Global adjustment: 0%
[INFO GRT-0023] Grid origin: (0, 0)
[INFO GRT-0088] Layer metal1  Track-Pitch = 0.1400  line-2-Via Pitch: 0.1350
[INFO GRT-0088] Layer metal2  Track-Pitch = 0.1900  line-2-Via Pitch: 0.1400
[INFO GRT-0088] Layer metal3  Track-Pitch = 0.1400  line-2-Via Pitch: 0.1400
[INFO GRT-0088] Layer metal4  Track-Pitch = 0.2800  line-2-Via Pitch: 0.2800
[INFO GRT-0088] Layer metal5  Track-Pitch = 0.2800  line-2-Via Pitch: 0.2800
[INFO GRT-0088] Layer metal6  Track-Pitch = 0.2800  line-2-Via Pitch: 0.2800
[INFO GRT-0088] Layer metal7  Track-Pitch = 0.8000  line-2-Via Pitch: 0.8000
[INFO GRT-0088] Layer metal8  Track-Pitch = 0.8000  line-2-Via Pitch: 0.8000
[INFO GRT-0088] Layer metal9  Track-Pitch = 1.6000  line-2-Via Pitch: 1.6000
[INFO GRT-0088] Layer metal10 Track-Pitch = 1.6000  line-2-Via Pitch: 1.6000
[INFO GRT-0003] Macros: 0
[INFO GRT-0004] Blockages: 0
[INFO GRT-0019] Found 18 clock nets.
[INFO GRT-0001] Minimum degree: 2
[INFO GRT-0002] Maximum degree: 59

[INFO GRT-0053] Routing resources analysis:
          Routing      Original      Derated      Resource
Layer     Direction    Resources     Resources    Reduction (%)
---------------------------------------------------------------
metal1     Horizontal          0             0          0.00%
metal2     Vertical        12818          6032          52.94%
metal3     Horizontal      17709          8695          50.90%
metal4     Vertical         8700          6148          29.33%
metal5     Horizontal       8855          6255          29.36%
metal6     Vertical         8880          6276          29.32%
metal7     Horizontal       2726          1972          27.66%
metal8     Vertical         3103          2233          28.04%
metal9     Horizontal       1537           870          43.40%
metal10    Vertical         1537           870          43.40%
---------------------------------------------------------------

[INFO GRT-0197] Via related to pin nodes: 11649
[INFO GRT-0198] Via related Steiner nodes: 243
[INFO GRT-0199] Via filling finished.
[INFO GRT-0111] Final number of vias: 15592
[INFO GRT-0112] Final usage 3D: 58136

[INFO GRT-0096] Final congestion report:
Layer         Resource        Demand        Usage (%)    Max H / Max V / Total Overflow
---------------------------------------------------------------------------------------
metal1               0             0            0.00%             0 /  0 /  0
metal2            6032          3507           58.14%             0 /  0 /  0
metal3            8695          4423           50.87%             0 /  0 /  0
metal4            6148          1880           30.58%             0 /  0 /  0
metal5            6255          1245           19.90%             0 /  0 /  0
metal6            6276           305            4.86%             0 /  0 /  0
metal7            1972             0            0.00%             0 /  0 /  0
metal8            2233             0            0.00%             0 /  0 /  0
metal9             870             0            0.00%             0 /  0 /  0
metal10            870             0            0.00%             0 /  0 /  0
---------------------------------------------------------------------------------------
Total            39351         11360           28.87%             0 /  0 /  0

[INFO GRT-0018] Total wirelength: 47492 um
[INFO GRT-0014] Routed nets: 1997
[INFO GRT-0303] Global routing runtime = 00:00:00
estimate_parasitics -global_routing
Perform buffer insertion and gate resizing...
repair_design -verbose
Iteration |   Area    | Resized | Buffers | Nets repaired | Remaining
---------------------------------------------------------------------
        0 |     +0.0% |       0 |       0 |             0 |      2191
       10 |     +0.0% |       0 |       0 |             0 |      2181
       20 |     +0.0% |       0 |       0 |             0 |      2171
       30 |     +0.0% |       0 |       0 |             0 |      2161
       40 |     +0.0% |       0 |       0 |             0 |      2151
       50 |     +0.0% |       0 |       0 |             0 |      2141
       60 |     +0.0% |       0 |       0 |             0 |      2131
       70 |     +0.0% |       0 |       0 |             0 |      2121
       80 |     +0.0% |       0 |       0 |             0 |      2111
       90 |     +0.0% |       0 |       0 |             0 |      2101
      100 |     +0.0% |       0 |       0 |             0 |      2091
      110 |     +0.0% |       0 |       0 |             0 |      2081
      120 |     +0.0% |       0 |       0 |             0 |      2071
      130 |     +0.0% |       0 |       0 |             0 |      2061
      140 |     +0.0% |       0 |       0 |             0 |      2051
      150 |     +0.0% |       0 |       0 |             0 |      2041
      160 |     +0.0% |       0 |       0 |             0 |      2031
      170 |     +0.0% |       0 |       0 |             0 |      2021
      180 |     +0.0% |       0 |       0 |             0 |      2011
      190 |     +0.0% |       0 |       0 |             0 |      2001
      200 |     +0.0% |       0 |       0 |             0 |      1991
      210 |     +0.0% |       0 |       0 |             0 |      1981
      220 |     +0.0% |       0 |       0 |             0 |      1971
      230 |     +0.0% |       0 |       0 |             0 |      1961
      240 |     +0.0% |       0 |       0 |             0 |      1951
      250 |     +0.0% |       0 |       0 |             0 |      1941
      260 |     +0.0% |       0 |       0 |             0 |      1931
      270 |     +0.0% |       0 |       0 |             0 |      1921
      280 |     +0.0% |       0 |       0 |             0 |      1911
      290 |     +0.0% |       0 |       0 |             0 |      1901
      300 |     +0.0% |       0 |       0 |             0 |      1891
      310 |     +0.0% |       0 |       0 |             0 |      1881
      320 |     +0.0% |       0 |       0 |             0 |      1871
      330 |     +0.0% |       0 |       0 |             0 |      1861
      340 |     +0.0% |       0 |       0 |             0 |      1851
      350 |     +0.0% |       0 |       0 |             0 |      1841
      360 |     +0.0% |       0 |       0 |             0 |      1831
      370 |     +0.0% |       0 |       0 |             0 |      1821
      380 |     +0.0% |       0 |       0 |             0 |      1811
      390 |     +0.0% |       0 |       0 |             0 |      1801
      400 |     +0.0% |       0 |       0 |             0 |      1791
      410 |     +0.0% |       0 |       0 |             0 |      1781
      420 |     +0.0% |       0 |       0 |             0 |      1771
      430 |     +0.0% |       0 |       0 |             0 |      1761
      440 |     +0.0% |       0 |       0 |             0 |      1751
      450 |     +0.0% |       0 |       0 |             0 |      1741
      460 |     +0.0% |       0 |       0 |             0 |      1731
      470 |     +0.0% |       0 |       0 |             0 |      1721
      480 |     +0.0% |       0 |       0 |             0 |      1711
      490 |     +0.0% |       0 |       0 |             0 |      1701
      500 |     +0.0% |       0 |       0 |             0 |      1691
      510 |     +0.0% |       0 |       0 |             0 |      1681
      520 |     +0.0% |       0 |       0 |             0 |      1671
      530 |     +0.0% |       0 |       0 |             0 |      1661
      540 |     +0.0% |       0 |       0 |             0 |      1651
      550 |     +0.0% |       0 |       0 |             0 |      1641
      560 |     +0.0% |       0 |       0 |             0 |      1631
      570 |     +0.0% |       0 |       0 |             0 |      1621
      580 |     +0.0% |       0 |       0 |             0 |      1611
      590 |     +0.0% |       0 |       0 |             0 |      1601
      600 |     +0.0% |       0 |       0 |             0 |      1591
      610 |     +0.0% |       0 |       0 |             0 |      1581
      620 |     +0.0% |       0 |       0 |             0 |      1571
      630 |     +0.0% |       0 |       0 |             0 |      1561
      640 |     +0.0% |       0 |       0 |             0 |      1551
      650 |     +0.0% |       0 |       0 |             0 |      1541
      660 |     +0.0% |       0 |       0 |             0 |      1531
      670 |     +0.0% |       0 |       0 |             0 |      1521
      680 |     +0.0% |       0 |       0 |             0 |      1511
      690 |     +0.0% |       0 |       0 |             0 |      1501
      700 |     +0.0% |       0 |       0 |             0 |      1491
      710 |     +0.0% |       0 |       0 |             0 |      1481
      720 |     +0.0% |       0 |       0 |             0 |      1471
      730 |     +0.0% |       0 |       0 |             0 |      1461
      740 |     +0.0% |       0 |       0 |             0 |      1451
      750 |     +0.0% |       0 |       0 |             0 |      1441
      760 |     +0.0% |       0 |       0 |             0 |      1431
      770 |     +0.0% |       0 |       0 |             0 |      1421
      780 |     +0.0% |       0 |       0 |             0 |      1411
      790 |     +0.0% |       0 |       0 |             0 |      1401
      800 |     +0.0% |       0 |       0 |             0 |      1391
      810 |     +0.0% |       0 |       0 |             0 |      1381
      820 |     +0.0% |       0 |       0 |             0 |      1371
      830 |     +0.0% |       0 |       0 |             0 |      1361
      840 |     +0.0% |       0 |       0 |             0 |      1351
      850 |     +0.0% |       0 |       0 |             0 |      1341
      860 |     +0.0% |       0 |       0 |             0 |      1331
      870 |     +0.0% |       0 |       0 |             0 |      1321
      880 |     +0.0% |       0 |       0 |             0 |      1311
      890 |     +0.0% |       0 |       0 |             0 |      1301
      900 |     +0.0% |       0 |       0 |             0 |      1291
      910 |     +0.0% |       0 |       0 |             0 |      1281
      920 |     +0.0% |       0 |       0 |             0 |      1271
      930 |     +0.0% |       0 |       0 |             0 |      1261
      940 |     +0.0% |       0 |       0 |             0 |      1251
      950 |     +0.0% |       0 |       0 |             0 |      1241
      960 |     +0.0% |       0 |       0 |             0 |      1231
      970 |     +0.0% |       0 |       0 |             0 |      1221
      980 |     +0.0% |       0 |       0 |             0 |      1211
      990 |     +0.0% |       0 |       0 |             0 |      1201
     1000 |     +0.0% |       0 |       0 |             0 |      1191
     1010 |     +0.0% |       0 |       0 |             0 |      1181
     1020 |     +0.0% |       0 |       0 |             0 |      1171
     1030 |     +0.0% |       0 |       0 |             0 |      1161
     1040 |     +0.0% |       0 |       0 |             0 |      1151
     1050 |     +0.0% |       0 |       0 |             0 |      1141
     1060 |     +0.0% |       0 |       0 |             0 |      1131
     1070 |     +0.0% |       0 |       0 |             0 |      1121
     1080 |     +0.0% |       0 |       0 |             0 |      1111
     1090 |     +0.0% |       0 |       0 |             0 |      1101
     1100 |     +0.0% |       0 |       0 |             0 |      1091
     1110 |     +0.0% |       0 |       0 |             0 |      1081
     1120 |     +0.0% |       0 |       0 |             0 |      1071
     1130 |     +0.0% |       0 |       0 |             0 |      1061
     1140 |     +0.0% |       0 |       0 |             0 |      1051
     1150 |     +0.0% |       0 |       0 |             0 |      1041
     1160 |     +0.0% |       0 |       0 |             0 |      1031
     1170 |     +0.0% |       0 |       0 |             0 |      1021
     1180 |     +0.0% |       0 |       0 |             0 |      1011
     1190 |     +0.0% |       0 |       0 |             0 |      1001
     1200 |     +0.0% |       0 |       0 |             0 |       991
     1210 |     +0.0% |       0 |       0 |             0 |       981
     1220 |     +0.0% |       0 |       0 |             0 |       971
     1230 |     +0.0% |       0 |       0 |             0 |       961
     1240 |     +0.0% |       0 |       0 |             0 |       951
     1250 |     +0.0% |       0 |       0 |             0 |       941
     1260 |     +0.0% |       0 |       0 |             0 |       931
     1270 |     +0.0% |       0 |       0 |             0 |       921
     1280 |     +0.0% |       0 |       0 |             0 |       911
     1290 |     +0.0% |       0 |       0 |             0 |       901
     1300 |     +0.0% |       0 |       0 |             0 |       891
     1310 |     +0.0% |       0 |       0 |             0 |       881
     1320 |     +0.0% |       0 |       0 |             0 |       871
     1330 |     +0.0% |       0 |       0 |             0 |       861
     1340 |     +0.0% |       0 |       0 |             0 |       851
     1350 |     +0.0% |       0 |       0 |             0 |       841
     1360 |     +0.0% |       0 |       0 |             0 |       831
     1370 |     +0.0% |       0 |       0 |             0 |       821
     1380 |     +0.0% |       0 |       0 |             0 |       811
     1390 |     +0.0% |       0 |       0 |             0 |       801
     1400 |     +0.0% |       0 |       0 |             0 |       791
     1410 |     +0.0% |       0 |       0 |             0 |       781
     1420 |     +0.0% |       0 |       0 |             0 |       771
     1430 |     +0.0% |       0 |       0 |             0 |       761
     1440 |     +0.0% |       0 |       0 |             0 |       751
     1450 |     +0.0% |       0 |       0 |             0 |       741
     1460 |     +0.0% |       0 |       0 |             0 |       731
     1470 |     +0.0% |       0 |       0 |             0 |       721
     1480 |     +0.0% |       0 |       0 |             0 |       711
     1490 |     +0.0% |       0 |       0 |             0 |       701
     1500 |     +0.0% |       0 |       0 |             0 |       691
     1510 |     +0.0% |       0 |       0 |             0 |       681
     1520 |     +0.0% |       0 |       0 |             0 |       671
     1530 |     +0.0% |       0 |       0 |             0 |       661
     1540 |     +0.0% |       0 |       0 |             0 |       651
     1550 |     +0.0% |       0 |       0 |             0 |       641
     1560 |     +0.0% |       0 |       0 |             0 |       631
     1570 |     +0.0% |       0 |       0 |             0 |       621
     1580 |     +0.0% |       0 |       0 |             0 |       611
     1590 |     +0.0% |       0 |       0 |             0 |       601
     1600 |     +0.0% |       0 |       0 |             0 |       591
     1610 |     +0.0% |       0 |       0 |             0 |       581
     1620 |     +0.0% |       0 |       0 |             0 |       571
     1630 |     +0.0% |       0 |       0 |             0 |       561
     1640 |     +0.0% |       0 |       0 |             0 |       551
     1650 |     +0.0% |       0 |       0 |             0 |       541
     1660 |     +0.0% |       0 |       0 |             0 |       531
     1670 |     +0.0% |       0 |       0 |             0 |       521
     1680 |     +0.0% |       0 |       0 |             0 |       511
     1690 |     +0.0% |       0 |       0 |             0 |       501
     1700 |     +0.0% |       0 |       0 |             0 |       491
     1710 |     +0.0% |       0 |       0 |             0 |       481
     1720 |     +0.0% |       0 |       0 |             0 |       471
     1730 |     +0.0% |       0 |       0 |             0 |       461
     1740 |     +0.0% |       0 |       0 |             0 |       451
     1750 |     +0.0% |       0 |       0 |             0 |       441
     1760 |     +0.0% |       0 |       0 |             0 |       431
     1770 |     +0.0% |       0 |       0 |             0 |       421
     1780 |     +0.0% |       0 |       0 |             0 |       411
     1790 |     +0.0% |       0 |       0 |             0 |       401
     1800 |     +0.0% |       0 |       0 |             0 |       391
     1810 |     +0.0% |       0 |       0 |             0 |       381
     1820 |     +0.0% |       0 |       0 |             0 |       371
     1830 |     +0.0% |       0 |       0 |             0 |       361
     1840 |     +0.0% |       0 |       0 |             0 |       351
     1850 |     +0.0% |       0 |       0 |             0 |       341
     1860 |     +0.0% |       0 |       0 |             0 |       331
     1870 |     +0.0% |       0 |       0 |             0 |       321
     1880 |     +0.0% |       0 |       0 |             0 |       311
     1890 |     +0.0% |       0 |       0 |             0 |       301
     1900 |     +0.0% |       0 |       0 |             0 |       291
     1910 |     +0.0% |       0 |       0 |             0 |       281
     1920 |     +0.0% |       0 |       0 |             0 |       271
     1930 |     +0.0% |       0 |       0 |             0 |       261
     1940 |     +0.0% |       0 |       0 |             0 |       251
     1950 |     +0.0% |       0 |       0 |             0 |       241
     1960 |     +0.0% |       0 |       0 |             0 |       231
     1970 |     +0.0% |       0 |       0 |             0 |       221
     1980 |     +0.0% |       0 |       0 |             0 |       211
     1990 |     +0.0% |       0 |       0 |             0 |       201
     2000 |     +0.0% |       0 |       0 |             0 |       191
     2010 |     +0.0% |       0 |       0 |             0 |       181
     2020 |     +0.0% |       0 |       0 |             0 |       171
     2030 |     +0.0% |       0 |       0 |             0 |       161
     2040 |     +0.0% |       0 |       0 |             0 |       151
     2050 |     +0.0% |       0 |       0 |             0 |       141
     2060 |     +0.0% |       0 |       0 |             0 |       131
     2070 |     +0.0% |       0 |       0 |             0 |       121
     2080 |     +0.0% |       0 |       0 |             0 |       111
     2090 |     +0.0% |       0 |       0 |             0 |       101
     2100 |     +0.0% |       0 |       0 |             0 |        91
     2110 |     +0.0% |       0 |       0 |             0 |        81
     2120 |     +0.0% |       0 |       0 |             0 |        71
     2130 |     +0.0% |       0 |       0 |             0 |        61
     2140 |     +0.0% |       0 |       0 |             0 |        51
     2150 |     +0.0% |       0 |       0 |             0 |        41
     2160 |     +0.0% |       0 |       0 |             0 |        31
     2170 |     +0.0% |       0 |       0 |             0 |        21
     2180 |     +0.0% |       0 |       0 |             0 |        11
     2190 |     +0.0% |       0 |       0 |             0 |         1
    final |     +0.0% |       0 |       0 |             0 |         0
---------------------------------------------------------------------
global_route -start_incremental
detailed_placement
[INFO DPL-0006] Core area: 6921.05 um^2, Instances area: 2600.42 um^2, Utilization: 37.6%
[INFO DPL-0005] Diamond search max displacement: +/- 500 sites horizontally, +/- 100 rows vertically.
[INFO DPL-1101] Legalizing using diamond search.
Movements Summary
---------------------------------------
Total cells:                    1967
Diamond Move Success:           1967 (100.00%)
Diamond Move Failure:              0
Rip-up and replace Success:        0 (  0.00% of diamond failures)
Rip-up and replace Failure:        0
Total Placement Failures:          0
---------------------------------------
Placement Analysis
---------------------------------
total displacement          0.0 u
average displacement        0.0 u
max displacement            0.0 u
original HPWL           29887.2 u
legalized HPWL          29887.2 u
delta HPWL                    0 %

global_route -end_incremental -congestion_report_file ./reports/nangate45/s5378/phase0c_f3e7b516a_s13_k8_R_ac39a06b_7f655d61/congestion_post_repair_design.rpt
Repair setup and hold violations...
estimate_parasitics -global_routing
repair_timing -setup_margin 0 -hold_margin 0 -repair_tns 100 -verbose
[INFO RSZ-0100] Repair move sequence: UnbufferMove SizeUpMove SwapPinsMove BufferMove CloneMove SplitLoadMove 
[INFO RSZ-0098] No setup violations found
[INFO RSZ-0046] Found 1 endpoints with hold violations.
Iteration | Resized | Buffers | Cloned Gates |   Area   |   WNS   |   TNS   | Endpoint
--------------------------------------------------------------------------------------
        0 |       0 |       0 |            0 |    +0.0% |  -0.001 |  -0.001 | U_n667gat/D
    final |       0 |       1 |            0 |    +0.0% |   0.003 |   0.000 | U_n861gat/D
--------------------------------------------------------------------------------------
[INFO RSZ-0032] Inserted 1 hold buffers.
global_route -start_incremental
detailed_placement
[INFO DPL-0006] Core area: 6921.05 um^2, Instances area: 2601.21 um^2, Utilization: 37.6%
[INFO DPL-0005] Diamond search max displacement: +/- 500 sites horizontally, +/- 100 rows vertically.
[INFO DPL-1101] Legalizing using diamond search.
Movements Summary
---------------------------------------
Total cells:                    1968
Diamond Move Success:           1968 (100.00%)
Diamond Move Failure:              0
Rip-up and replace Success:        0 (  0.00% of diamond failures)
Rip-up and replace Failure:        0
Total Placement Failures:          0
---------------------------------------
Placement Analysis
---------------------------------
total displacement          3.6 u
average displacement        0.0 u
max displacement            3.0 u
original HPWL           29887.6 u
legalized HPWL          29893.2 u
delta HPWL                    0 %

check_placement -verbose
global_route -end_incremental -congestion_report_file ./reports/nangate45/s5378/phase0c_f3e7b516a_s13_k8_R_ac39a06b_7f655d61/congestion_post_repair_timing.rpt
estimate_parasitics -global_routing
global_route -start_incremental
global_route -end_incremental -congestion_report_file ./reports/nangate45/s5378/phase0c_f3e7b516a_s13_k8_R_ac39a06b_7f655d61/congestion_post_recover_power.rpt
Repair antennas...
[WARNING GRT-0246] No diode with LEF class CORE ANTENNACELL found.
[INFO ANT-0002] Found 0 net violations.
[INFO ANT-0001] Found 0 pin violations.
Estimate parasitics...
estimate_parasitics -global_routing
Report metrics stage 5, global route...

==========================================================================
global route report_design_area
--------------------------------------------------------------------------
Design area 2601 um^2 38% utilization.
[INFO FLW-0007] clock clk period 10.000000
[INFO FLW-0008] Clock clk period 0.896
[INFO FLW-0009] Clock clk slack 9.057
write_sdc -no_timestamp ./results/nangate45/s5378/phase0c_f3e7b516a_s13_k8_R_ac39a06b_7f655d61/updated_clks.sdc
[INFO FLW-0011] Path endpoint path count 788
write_db ./results/nangate45/s5378/phase0c_f3e7b516a_s13_k8_R_ac39a06b_7f655d61/5_1_grt.odb
write_sdc -no_timestamp ./results/nangate45/s5378/phase0c_f3e7b516a_s13_k8_R_ac39a06b_7f655d61/5_1_grt.sdc
Log                       Ext     Elapsed/s Peak Memory/MB sha1sum result [0:20)
5_1_grt                   .odb            7            304 ed903c0dab4151d19872
5_1_grt                   .sdc                             dc3b136b356fec3f3ef5
/root/pact-deps/OpenROAD-flow-scripts/flow/scripts/flow.sh 5_2_route detail_route
Running detail_route.tcl, stage 5_2_route
read_liberty /root/pact-deps/OpenROAD-flow-scripts/flow/platforms/nangate45/lib/NangateOpenCellLibrary_typical.lib
read_db ./results/nangate45/s5378/phase0c_f3e7b516a_s13_k8_R_ac39a06b_7f655d61/5_1_grt.odb
read_sdc ./results/nangate45/s5378/phase0c_f3e7b516a_s13_k8_R_ac39a06b_7f655d61/5_1_grt.sdc
source /root/pact-deps/OpenROAD-flow-scripts/flow/platforms/nangate45/setRC.tcl
detailed_route -output_drc ./reports/nangate45/s5378/phase0c_f3e7b516a_s13_k8_R_ac39a06b_7f655d61/5_route_drc.rpt -output_maze ./results/nangate45/s5378/phase0c_f3e7b516a_s13_k8_R_ac39a06b_7f655d61/maze.log -droute_end_iter 64 -verbose 1 -drc_report_iter_step 5
[INFO DRT-0149] Reading tech and libs.

Units:                2000
Number of layers:     21
Number of macros:     135
Number of vias:       33
Number of viarulegen: 19

[INFO DRT-0150] Reading design.

Design:                   s5378
Die area:                 ( 0 0 ) ( 171970 171970 )
Number of track patterns: 20
Number of DEF vias:       0
Number of components:     2086
Number of terminals:      104
Number of snets:          2
Number of nets:           1998

[INFO DRT-0167] List of default vias:
  Layer via2
    default via: via2_5
  Layer via3
    default via: via3_2
  Layer via4
    default via: via4_0
  Layer via5
    default via: via5_0
  Layer via6
    default via: via6_0
  Layer via7
    default via: via7_0
  Layer via8
    default via: via8_0
  Layer via9
    default via: via9_0
[INFO DRT-0162] Library cell analysis.
[INFO DRT-0163] Instance analysis.
[INFO DRT-0164] Number of unique instances = 32.
[INFO DRT-0168] Init region query.
[INFO DRT-0024]   Complete active.
[INFO DRT-0024]   Complete Fr_VIA.
[INFO DRT-0024]   Complete metal1.
[INFO DRT-0024]   Complete via1.
[INFO DRT-0024]   Complete metal2.
[INFO DRT-0024]   Complete via2.
[INFO DRT-0024]   Complete metal3.
[INFO DRT-0024]   Complete via3.
[INFO DRT-0024]   Complete metal4.
[INFO DRT-0024]   Complete via4.
[INFO DRT-0024]   Complete metal5.
[INFO DRT-0024]   Complete via5.
[INFO DRT-0024]   Complete metal6.
[INFO DRT-0024]   Complete via6.
[INFO DRT-0024]   Complete metal7.
[INFO DRT-0024]   Complete via7.
[INFO DRT-0024]   Complete metal8.
[INFO DRT-0024]   Complete via8.
[INFO DRT-0024]   Complete metal9.
[INFO DRT-0024]   Complete via9.
[INFO DRT-0024]   Complete metal10.
[INFO DRT-0033] active shape region query size = 0.
[INFO DRT-0033] FR_VIA shape region query size = 0.
[INFO DRT-0033] metal1 shape region query size = 29378.
[INFO DRT-0033] via1 shape region query size = 270.
[INFO DRT-0033] metal2 shape region query size = 180.
[INFO DRT-0033] via2 shape region query size = 270.
[INFO DRT-0033] metal3 shape region query size = 180.
[INFO DRT-0033] via3 shape region query size = 270.
[INFO DRT-0033] metal4 shape region query size = 102.
[INFO DRT-0033] via4 shape region query size = 90.
[INFO DRT-0033] metal5 shape region query size = 77.
[INFO DRT-0033] via5 shape region query size = 90.
[INFO DRT-0033] metal6 shape region query size = 61.
[INFO DRT-0033] via6 shape region query size = 36.
[INFO DRT-0033] metal7 shape region query size = 21.
[INFO DRT-0033] via7 shape region query size = 0.
[INFO DRT-0033] metal8 shape region query size = 0.
[INFO DRT-0033] via8 shape region query size = 0.
[INFO DRT-0033] metal9 shape region query size = 0.
[INFO DRT-0033] via9 shape region query size = 0.
[INFO DRT-0033] metal10 shape region query size = 0.
[INFO DRT-0165] Start pin access.
[INFO DRT-0078]   Complete 152 pins.
[INFO DRT-0081]   Complete 32 unique inst patterns.
[INFO DRT-0084]   Complete 1141 groups.
#scanned instances     = 2086
#unique  instances     = 32
#stdCellGenAp          = 621
#stdCellValidPlanarAp  = 0
#stdCellValidViaAp     = 496
#stdCellPinNoAp        = 0
#stdCellPinCnt         = 5891
#instTermValidViaApCnt = 0
#macroGenAp            = 0
#macroValidPlanarAp    = 0
#macroValidViaAp       = 0
#macroNoAp             = 0
[INFO DRT-0166] Complete pin access.
[INFO DRT-0267] cpu time = 00:00:13, elapsed time = 00:00:01, memory = 262.21 (MB), peak = 261.77 (MB)

[INFO DRT-0157] Number of guides:     17144

[INFO DRT-0169] Post process guides.
[INFO DRT-0176] GCELLGRID X 0 DO 30 STEP 5700 ;
[INFO DRT-0177] GCELLGRID Y 0 DO 30 STEP 5700 ;
[INFO DRT-0028]   Complete active.
[INFO DRT-0028]   Complete Fr_VIA.
[INFO DRT-0028]   Complete metal1.
[INFO DRT-0028]   Complete via1.
[INFO DRT-0028]   Complete metal2.
[INFO DRT-0028]   Complete via2.
[INFO DRT-0028]   Complete metal3.
[INFO DRT-0028]   Complete via3.
[INFO DRT-0028]   Complete metal4.
[INFO DRT-0028]   Complete via4.
[INFO DRT-0028]   Complete metal5.
[INFO DRT-0028]   Complete via5.
[INFO DRT-0028]   Complete metal6.
[INFO DRT-0028]   Complete via6.
[INFO DRT-0028]   Complete metal7.
[INFO DRT-0028]   Complete via7.
[INFO DRT-0028]   Complete metal8.
[INFO DRT-0028]   Complete via8.
[INFO DRT-0028]   Complete metal9.
[INFO DRT-0028]   Complete via9.
[INFO DRT-0028]   Complete metal10.
[INFO DRT-0178] Init guide query.
[INFO DRT-0035]   Complete active (guide).
[INFO DRT-0035]   Complete Fr_VIA (guide).
[INFO DRT-0035]   Complete metal1 (guide).
[INFO DRT-0035]   Complete via1 (guide).
[INFO DRT-0035]   Complete metal2 (guide).
[INFO DRT-0035]   Complete via2 (guide).
[INFO DRT-0035]   Complete metal3 (guide).
[INFO DRT-0035]   Complete via3 (guide).
[INFO DRT-0035]   Complete metal4 (guide).
[INFO DRT-0035]   Complete via4 (guide).
[INFO DRT-0035]   Complete metal5 (guide).
[INFO DRT-0035]   Complete via5 (guide).
[INFO DRT-0035]   Complete metal6 (guide).
[INFO DRT-0035]   Complete via6 (guide).
[INFO DRT-0035]   Complete metal7 (guide).
[INFO DRT-0035]   Complete via7 (guide).
[INFO DRT-0035]   Complete metal8 (guide).
[INFO DRT-0035]   Complete via8 (guide).
[INFO DRT-0035]   Complete metal9 (guide).
[INFO DRT-0035]   Complete via9 (guide).
[INFO DRT-0035]   Complete metal10 (guide).
[INFO DRT-0036] active guide region query size = 0.
[INFO DRT-0036] FR_VIA guide region query size = 0.
[INFO DRT-0036] metal1 guide region query size = 5254.
[INFO DRT-0036] via1 guide region query size = 0.
[INFO DRT-0036] metal2 guide region query size = 4846.
[INFO DRT-0036] via2 guide region query size = 0.
[INFO DRT-0036] metal3 guide region query size = 2905.
[INFO DRT-0036] via3 guide region query size = 0.
[INFO DRT-0036] metal4 guide region query size = 725.
[INFO DRT-0036] via4 guide region query size = 0.
[INFO DRT-0036] metal5 guide region query size = 308.
[INFO DRT-0036] via5 guide region query size = 0.
[INFO DRT-0036] metal6 guide region query size = 84.
[INFO DRT-0036] via6 guide region query size = 0.
[INFO DRT-0036] metal7 guide region query size = 0.
[INFO DRT-0036] via7 guide region query size = 0.
[INFO DRT-0036] metal8 guide region query size = 0.
[INFO DRT-0036] via8 guide region query size = 0.
[INFO DRT-0036] metal9 guide region query size = 0.
[INFO DRT-0036] via9 guide region query size = 0.
[INFO DRT-0036] metal10 guide region query size = 0.
[INFO DRT-0179] Init gr pin query.
[INFO DRT-0267] cpu time = 00:00:00, elapsed time = 00:00:00, memory = 268.23 (MB), peak = 267.66 (MB)
[INFO DRT-0245] skipped writing guide updates to database.
[INFO DRT-0181] Start track assignment.
[INFO DRT-0184] Done with 5655 vertical wires in 1 frboxes and 8467 horizontal wires in 1 frboxes.
[INFO DRT-0186] Done with 1689 vertical wires in 1 frboxes and 1818 horizontal wires in 1 frboxes.
[INFO DRT-0182] Complete track assignment.
[INFO DRT-0267] cpu time = 00:00:01, elapsed time = 00:00:01, memory = 289.97 (MB), peak = 289.50 (MB)
[INFO DRT-0187] Start routing data preparation.
[INFO DRT-0267] cpu time = 00:00:00, elapsed time = 00:00:00, memory = 291.50 (MB), peak = 291.00 (MB)
[INFO DRT-0194] Start detail routing.
[INFO DRT-0195] Start 0th optimization iteration.
    Completing 10% with 0 violations.
    elapsed time = 00:00:00, memory = 337.25 (MB).
    Completing 20% with 0 violations.
    elapsed time = 00:00:00, memory = 347.68 (MB).
    Completing 30% with 0 violations.
    elapsed time = 00:00:02, memory = 336.25 (MB).
    Completing 40% with 85 violations.
    elapsed time = 00:00:05, memory = 381.19 (MB).
    Completing 50% with 85 violations.
    elapsed time = 00:00:06, memory = 369.61 (MB).
    Completing 60% with 85 violations.
    elapsed time = 00:00:09, memory = 343.67 (MB).
    Completing 70% with 190 violations.
    elapsed time = 00:00:10, memory = 389.38 (MB).
    Completing 80% with 190 violations.
    elapsed time = 00:00:13, memory = 376.88 (MB).
    Completing 90% with 281 violations.
    elapsed time = 00:00:17, memory = 401.62 (MB).
    Completing 100% with 357 violations.
    elapsed time = 00:00:17, memory = 361.73 (MB).
[INFO DRT-0199]   Number of violations = 492.
Viol/Layer      metal2   via2 metal3 metal4 metal5
Metal Spacing       28      0      7      2      5
Recheck             63      0     60      7      5
Short              252      1     36     18      8
[INFO DRT-0267] cpu time = 00:00:42, elapsed time = 00:00:19, memory = 903.47 (MB), peak = 903.16 (MB)
Total wire length = 33044 um.
Total wire length on LAYER metal1 = 0 um.
Total wire length on LAYER metal2 = 10508 um.
Total wire length on LAYER metal3 = 13197 um.
Total wire length on LAYER metal4 = 5215 um.
Total wire length on LAYER metal5 = 3277 um.
Total wire length on LAYER metal6 = 845 um.
Total wire length on LAYER metal7 = 0 um.
Total wire length on LAYER metal8 = 0 um.
Total wire length on LAYER metal9 = 0 um.
Total wire length on LAYER metal10 = 0 um.
Total number of vias = 13976.
Up-via summary (total 13976):

----------------
 active        0
 metal1     5925
 metal2     6501
 metal3     1020
 metal4      415
 metal5      115
 metal6        0
 metal7        0
 metal8        0
 metal9        0
----------------
       13976


[INFO DRT-0195] Start 1st optimization iteration.
    Completing 10% with 492 violations.
    elapsed time = 00:00:00, memory = 926.62 (MB).
    Completing 20% with 492 violations.
    elapsed time = 00:00:00, memory = 926.62 (MB).
    Completing 30% with 492 violations.
    elapsed time = 00:00:01, memory = 926.63 (MB).
    Completing 40% with 426 violations.
    elapsed time = 00:00:04, memory = 951.13 (MB).
    Completing 50% with 426 violations.
    elapsed time = 00:00:05, memory = 951.13 (MB).
    Completing 60% with 426 violations.
    elapsed time = 00:00:08, memory = 926.92 (MB).
    Completing 70% with 321 violations.
    elapsed time = 00:00:08, memory = 951.94 (MB).
    Completing 80% with 321 violations.
    elapsed time = 00:00:09, memory = 951.95 (MB).
    Completing 90% with 258 violations.
    elapsed time = 00:00:15, memory = 950.18 (MB).
    Completing 100% with 146 violations.
    elapsed time = 00:00:16, memory = 951.16 (MB).
[INFO DRT-0199]   Number of violations = 146.
Viol/Layer      metal2 metal3
Metal Spacing       23      3
Short              102     18
[INFO DRT-0267] cpu time = 00:00:38, elapsed time = 00:00:16, memory = 954.16 (MB), peak = 953.65 (MB)
Total wire length = 32884 um.
Total wire length on LAYER metal1 = 0 um.
Total wire length on LAYER metal2 = 10461 um.
Total wire length on LAYER metal3 = 13126 um.
Total wire length on LAYER metal4 = 5181 um.
Total wire length on LAYER metal5 = 3256 um.
Total wire length on LAYER metal6 = 858 um.
Total wire length on LAYER metal7 = 0 um.
Total wire length on LAYER metal8 = 0 um.
Total wire length on LAYER metal9 = 0 um.
Total wire length on LAYER metal10 = 0 um.
Total number of vias = 13932.
Up-via summary (total 13932):

----------------
 active        0
 metal1     5927
 metal2     6457
 metal3     1019
 metal4      412
 metal5      117
 metal6        0
 metal7        0
 metal8        0
 metal9        0
----------------
       13932


[INFO DRT-0195] Start 2nd optimization iteration.
    Completing 10% with 146 violations.
    elapsed time = 00:00:00, memory = 954.16 (MB).
    Completing 20% with 146 violations.
    elapsed time = 00:00:00, memory = 954.16 (MB).
    Completing 30% with 146 violations.
    elapsed time = 00:00:02, memory = 957.05 (MB).
    Completing 40% with 131 violations.
    elapsed time = 00:00:03, memory = 957.05 (MB).
    Completing 50% with 131 violations.
    elapsed time = 00:00:04, memory = 957.05 (MB).
    Completing 60% with 131 violations.
    elapsed time = 00:00:07, memory = 958.97 (MB).
    Completing 70% with 117 violations.
    elapsed time = 00:00:07, memory = 958.97 (MB).
    Completing 80% with 117 violations.
    elapsed time = 00:00:10, memory = 962.77 (MB).
    Completing 90% with 113 violations.
    elapsed time = 00:00:14, memory = 962.77 (MB).
    Completing 100% with 119 violations.
    elapsed time = 00:00:17, memory = 966.86 (MB).
[INFO DRT-0199]   Number of violations = 119.
Viol/Layer      metal2   via2 metal3
Cut Spacing          0      1      0
Metal Spacing       24      0      0
Short               93      0      1
[INFO DRT-0267] cpu time = 00:00:34, elapsed time = 00:00:17, memory = 966.86 (MB), peak = 966.52 (MB)
Total wire length = 32786 um.
Total wire length on LAYER metal1 = 0 um.
Total wire length on LAYER metal2 = 10455 um.
Total wire length on LAYER metal3 = 13030 um.
Total wire length on LAYER metal4 = 5182 um.
Total wire length on LAYER metal5 = 3271 um.
Total wire length on LAYER metal6 = 845 um.
Total wire length on LAYER metal7 = 0 um.
Total wire length on LAYER metal8 = 0 um.
Total wire length on LAYER metal9 = 0 um.
Total wire length on LAYER metal10 = 0 um.
Total number of vias = 13802.
Up-via summary (total 13802):

----------------
 active        0
 metal1     5930
 metal2     6367
 metal3      990
 metal4      403
 metal5      112
 metal6        0
 metal7        0
 metal8        0
 metal9        0
----------------
       13802


[INFO DRT-0195] Start 3rd optimization iteration.
    Completing 10% with 119 violations.
    elapsed time = 00:00:00, memory = 966.86 (MB).
    Completing 20% with 119 violations.
    elapsed time = 00:00:00, memory = 966.86 (MB).
    Completing 30% with 119 violations.
    elapsed time = 00:00:01, memory = 966.86 (MB).
    Completing 40% with 90 violations.
    elapsed time = 00:00:02, memory = 980.46 (MB).
    Completing 50% with 90 violations.
    elapsed time = 00:00:02, memory = 980.46 (MB).
    Completing 60% with 90 violations.
    elapsed time = 00:00:04, memory = 980.46 (MB).
    Completing 70% with 60 violations.
    elapsed time = 00:00:04, memory = 980.46 (MB).
    Completing 80% with 60 violations.
    elapsed time = 00:00:05, memory = 980.46 (MB).
    Completing 90% with 48 violations.
    elapsed time = 00:00:09, memory = 983.05 (MB).
    Completing 100% with 28 violations.
    elapsed time = 00:00:10, memory = 983.05 (MB).
[INFO DRT-0199]   Number of violations = 28.
Viol/Layer      metal2
Metal Spacing        4
Short               24
[INFO DRT-0267] cpu time = 00:00:21, elapsed time = 00:00:10, memory = 983.05 (MB), peak = 982.65 (MB)
Total wire length = 32796 um.
Total wire length on LAYER metal1 = 0 um.
Total wire length on LAYER metal2 = 10373 um.
Total wire length on LAYER metal3 = 13086 um.
Total wire length on LAYER metal4 = 5248 um.
Total wire length on LAYER metal5 = 3255 um.
Total wire length on LAYER metal6 = 832 um.
Total wire length on LAYER metal7 = 0 um.
Total wire length on LAYER metal8 = 0 um.
Total wire length on LAYER metal9 = 0 um.
Total wire length on LAYER metal10 = 0 um.
Total number of vias = 13899.
Up-via summary (total 13899):

----------------
 active        0
 metal1     5929
 metal2     6425
 metal3     1036
 metal4      399
 metal5      110
 metal6        0
 metal7        0
 metal8        0
 metal9        0
----------------
       13899


[INFO DRT-0195] Start 4th guides tiles iteration.
    Completing 20% with 28 violations.
    elapsed time = 00:00:01, memory = 988.20 (MB).
    Completing 50% with 0 violations.
    elapsed time = 00:00:01, memory = 988.20 (MB).
    Completing 70% with 0 violations.
    elapsed time = 00:00:01, memory = 988.20 (MB).
    Completing 100% with 0 violations.
    elapsed time = 00:00:01, memory = 988.20 (MB).
[INFO DRT-0199]   Number of violations = 0.
[INFO DRT-0267] cpu time = 00:00:02, elapsed time = 00:00:02, memory = 988.20 (MB), peak = 987.77 (MB)
Total wire length = 32790 um.
Total wire length on LAYER metal1 = 0 um.
Total wire length on LAYER metal2 = 10330 um.
Total wire length on LAYER metal3 = 13082 um.
Total wire length on LAYER metal4 = 5288 um.
Total wire length on LAYER metal5 = 3255 um.
Total wire length on LAYER metal6 = 832 um.
Total wire length on LAYER metal7 = 0 um.
Total wire length on LAYER metal8 = 0 um.
Total wire length on LAYER metal9 = 0 um.
Total wire length on LAYER metal10 = 0 um.
Total number of vias = 13920.
Up-via summary (total 13920):

----------------
 active        0
 metal1     5929
 metal2     6436
 metal3     1046
 metal4      399
 metal5      110
 metal6        0
 metal7        0
 metal8        0
 metal9        0
----------------
       13920


[INFO DRT-0198] Complete detail routing.
Total wire length = 32790 um.
Total wire length on LAYER metal1 = 0 um.
Total wire length on LAYER metal2 = 10330 um.
Total wire length on LAYER metal3 = 13082 um.
Total wire length on LAYER metal4 = 5288 um.
Total wire length on LAYER metal5 = 3255 um.
Total wire length on LAYER metal6 = 832 um.
Total wire length on LAYER metal7 = 0 um.
Total wire length on LAYER metal8 = 0 um.
Total wire length on LAYER metal9 = 0 um.
Total wire length on LAYER metal10 = 0 um.
Total number of vias = 13920.
Up-via summary (total 13920):

----------------
 active        0
 metal1     5929
 metal2     6436
 metal3     1046
 metal4      399
 metal5      110
 metal6        0
 metal7        0
 metal8        0
 metal9        0
----------------
       13920


[INFO DRT-0267] cpu time = 00:02:19, elapsed time = 00:01:06, memory = 988.26 (MB), peak = 987.94 (MB)

[INFO DRT-0180] Post processing.
Took 70 seconds: detailed_route -output_drc ./reports/nangate45/s5378/phase0c_f3e7b516a_s13_k8_R_ac39a06b_7f655d61/5_route_drc.rpt -output_maze ./results/nangate45/s5378/phase0c_f3e7b516a_s13_k8_R_ac39a06b_7f655d61/maze.log -droute_end_iter 64 -verbose 1 -drc_report_iter_step 5
[WARNING GRT-0246] No diode with LEF class CORE ANTENNACELL found.
[INFO ANT-0002] Found 0 net violations.
[INFO ANT-0001] Found 0 pin violations.
[INFO ANT-0002] Found 0 net violations.
[INFO ANT-0001] Found 0 pin violations.
Design area 2601 um^2 38% utilization.
write_db ./results/nangate45/s5378/phase0c_f3e7b516a_s13_k8_R_ac39a06b_7f655d61/5_2_route.odb
Log                       Ext     Elapsed/s Peak Memory/MB sha1sum result [0:20)
5_2_route                 .odb           77            987 35d7a80f90bfe1e2e5c8
/root/pact-deps/OpenROAD-flow-scripts/flow/scripts/flow.sh 5_3_fillcell fillcell
Running fillcell.tcl, stage 5_3_fillcell
read_liberty /root/pact-deps/OpenROAD-flow-scripts/flow/platforms/nangate45/lib/NangateOpenCellLibrary_typical.lib
read_db ./results/nangate45/s5378/phase0c_f3e7b516a_s13_k8_R_ac39a06b_7f655d61/5_2_route.odb
read_sdc ./results/nangate45/s5378/phase0c_f3e7b516a_s13_k8_R_ac39a06b_7f655d61/5_1_grt.sdc
source /root/pact-deps/OpenROAD-flow-scripts/flow/platforms/nangate45/setRC.tcl
filler_placement "FILLCELL_X1 FILLCELL_X2 FILLCELL_X4 FILLCELL_X8 FILLCELL_X16 FILLCELL_X32"
[INFO DPL-0001] Placed 2463 filler instances.
Design area 2601 um^2 38% utilization.
write_db ./results/nangate45/s5378/phase0c_f3e7b516a_s13_k8_R_ac39a06b_7f655d61/5_3_fillcell.odb
Log                       Ext     Elapsed/s Peak Memory/MB sha1sum result [0:20)
5_3_fillcell              .odb            0            116 52dbe48c3dac938d6e54
cp ./results/nangate45/s5378/phase0c_f3e7b516a_s13_k8_R_ac39a06b_7f655d61/5_3_fillcell.odb ./results/nangate45/s5378/phase0c_f3e7b516a_s13_k8_R_ac39a06b_7f655d61/5_route.odb
cp ./results/nangate45/s5378/phase0c_f3e7b516a_s13_k8_R_ac39a06b_7f655d61/5_1_grt.sdc ./results/nangate45/s5378/phase0c_f3e7b516a_s13_k8_R_ac39a06b_7f655d61/5_route.sdc
