topology_export 0 8.36 seconds
GATE09_CAMPAIGN input b15_opt None PASS 
REUSE_PRESERVED_STAGE /mnt/c/Users/Abhinav/OneDrive/Desktop/PACT/PACT/results/pact_gate09_open_source_20261005/repair_attempts/metadata_registration_b15_opt/workers/b15_opt/campaign_input_input_namespace.json
MEASUREMENT_STAGE search 0 3657.923
GATE09_CAMPAIGN search b15_opt None PASS 
rewire 0 2.39 seconds
route 0 552.84 seconds
topology 0 3.49 seconds
extraction 0 4.39 seconds
GATE09_CAMPAIGN route b15_opt CS_C1 PASS 
MEASUREMENT_STAGE export 0 8.416
MEASUREMENT_STAGE netlist 0 1.081
GATE09_EXACT_PREPARATION b15_opt CS_C1 REFERENCE_EXPORT_AND_STIMULUS_QUALIFIED_PENDING_CPU_EXACT
GATE09_EXACT_WORKER b15_opt CS_C1 REFERENCE_EXPORT_AND_STIMULUS_QUALIFIED_PENDING_CPU_EXACT
MEASUREMENT_STAGE build_collector 0 1.707
MEASUREMENT_STAGE compile 0 41.602
MEASUREMENT_STAGE simulate 0 263.075
MEASUREMENT_STAGE analyze 0 50.795
CPU_ACTIVITY_COMPLETE b15_opt CS_C1 QUALIFIED 361.57381608499963 123535549
GATE09_EXACT_WORKER b15_opt CS_C1 QUALIFIED
rewire 0 1.88 seconds
route 0 518.83 seconds
topology 0 3.49 seconds
extraction 0 4.29 seconds
GATE09_CAMPAIGN route b15_opt CS_C2 PASS 
MEASUREMENT_STAGE export 0 8.057
MEASUREMENT_STAGE netlist 0 1.08
GATE09_EXACT_PREPARATION b15_opt CS_C2 REFERENCE_EXPORT_AND_STIMULUS_QUALIFIED_PENDING_CPU_EXACT
GATE09_EXACT_WORKER b15_opt CS_C2 REFERENCE_EXPORT_AND_STIMULUS_QUALIFIED_PENDING_CPU_EXACT
MEASUREMENT_STAGE build_collector 0 1.404
MEASUREMENT_STAGE compile 0 39.923
MEASUREMENT_STAGE simulate 0 267.906
MEASUREMENT_STAGE analyze 0 50.828
CPU_ACTIVITY_COMPLETE b15_opt CS_C2 QUALIFIED 364.3609695409996 123747059
GATE09_EXACT_WORKER b15_opt CS_C2 QUALIFIED
rewire 0 1.94 seconds
route 0 531.16 seconds
topology 0 3.54 seconds
extraction 0 4.39 seconds
GATE09_CAMPAIGN route b15_opt CS_C3 PASS 
MEASUREMENT_STAGE export 0 7.933
MEASUREMENT_STAGE netlist 0 1.08
GATE09_EXACT_PREPARATION b15_opt CS_C3 REFERENCE_EXPORT_AND_STIMULUS_QUALIFIED_PENDING_CPU_EXACT
GATE09_EXACT_WORKER b15_opt CS_C3 REFERENCE_EXPORT_AND_STIMULUS_QUALIFIED_PENDING_CPU_EXACT
MEASUREMENT_STAGE build_collector 0 1.484
MEASUREMENT_STAGE compile 0 39.909
MEASUREMENT_STAGE simulate 0 253.852
MEASUREMENT_STAGE analyze 0 49.561
CPU_ACTIVITY_COMPLETE b15_opt CS_C3 QUALIFIED 349.2262601729999 123656799
GATE09_EXACT_WORKER b15_opt CS_C3 QUALIFIED
GATE09_COMPARISON b15_opt PACT_GATE09_MIXED_GENERALIZATION PACT_ACTIVITY_MIXED
