OpenROAD 26Q2-1164-g08f67ee5ec 
Features included (+) or not (-): +GPU +GUI +Python
This program is licensed under the BSD-3 license. See the LICENSE file for details.
Components of this program may be licensed under more restrictive licenses which must be honored.
[INFO ORD-0030] Using 4 thread(s).
mkdir -p ./objects/nangate45/s15850/phase0c_f3e7b516a_s17_k1_R_5399ac3d_7f655d61
/root/pact-deps/OpenROAD-flow-scripts/flow/scripts/flow.sh 4_1_cts cts
Running cts.tcl, stage 4_1_cts
read_liberty /root/pact-deps/OpenROAD-flow-scripts/flow/platforms/nangate45/lib/NangateOpenCellLibrary_typical.lib
read_db ./results/nangate45/s15850/phase0c_f3e7b516a_s17_k1_R_5399ac3d_7f655d61/3_place.odb
read_sdc ./results/nangate45/s15850/phase0c_f3e7b516a_s17_k1_R_5399ac3d_7f655d61/3_place.sdc
source /root/pact-deps/OpenROAD-flow-scripts/flow/platforms/nangate45/setRC.tcl
clock_tree_synthesis -sink_clustering_enable -repair_clock_nets
[INFO CTS-0050] Root buffer is CLKBUF_X3.
[INFO CTS-0051] Sink buffer is CLKBUF_X3.
[INFO CTS-0052] The following clock buffers will be used for CTS:
                    CLKBUF_X3
[INFO CTS-0049] Characterization buffer is CLKBUF_X3.
[INFO CTS-0007] Net "CK" found for clock "clk".
[INFO CTS-0010]  Clock net "CK" has 534 sinks.
[INFO CTS-0008] TritonCTS found 1 clock nets.
[INFO CTS-0097] Characterization used 1 buffer(s) types.
[INFO CTS-0201] 0 blockages from hard placement blockages and placed macros will be used.
[INFO CTS-0027] Generating H-Tree topology for net CK.
[INFO CTS-0028]  Total number of sinks: 534.
[INFO CTS-0090]  Sinks will be clustered based on buffer max cap.
[INFO CTS-0030]  Number of static layers: 0.
[INFO CTS-0020]  Wire segment unit: 14000  dbu (7 um).
[INFO CTS-0206] Best clustering solution was found from max clustering size of 9 and max clustering diameter of 44.
[INFO CTS-0019]  Total number of sinks after clustering: 81.
[INFO CTS-0024]  Normalized sink region: [(2.88566, 1.75714), (19.3575, 19.2184)].
[INFO CTS-0025]     Width:  16.4718.
[INFO CTS-0026]     Height: 17.4612.
 Level 1
    Direction: Vertical
    Sinks per sub-region: 41
    Sub-region size: 16.4718 X 8.7306
[INFO CTS-0034]     Segment length (rounded): 4.
 Level 2
    Direction: Horizontal
    Sinks per sub-region: 21
    Sub-region size: 8.2359 X 8.7306
[INFO CTS-0034]     Segment length (rounded): 4.
 Level 3
    Direction: Vertical
    Sinks per sub-region: 11
    Sub-region size: 8.2359 X 4.3653
[INFO CTS-0034]     Segment length (rounded): 2.
[INFO CTS-0032]  Stop criterion found. Max number of sinks is 15.
[INFO CTS-0035]  Number of sinks covered: 81.
[INFO CTS-0018]     Created 90 clock buffers.
[INFO CTS-0012]     Minimum number of buffers in the clock path: 3.
[INFO CTS-0013]     Maximum number of buffers in the clock path: 3.
[INFO CTS-0015]     Created 90 clock nets.
[INFO CTS-0016]     Fanout distribution for the current clock = 4:3, 5:4, 6:30, 7:33, 8:10, 9:3, 10:4, 11:1, 14:1..
[INFO CTS-0017]     Max level of the clock tree: 3.
[INFO CTS-0098] Clock net "CK"
[INFO CTS-0099]  Sinks 607
[INFO CTS-0100]  Leaf buffers 81
[INFO CTS-0101]  Average sink wire length 209.06 um
[INFO CTS-0102]  Path depth 2 - 3
[INFO CTS-0207]  Dummy loads inserted 73
estimate_parasitics -placement
detailed_placement
[INFO DPL-0006] Core area: 20959.47 um^2, Instances area: 7542.70 um^2, Utilization: 36.0%
[INFO DPL-0005] Diamond search max displacement: +/- 500 sites horizontally, +/- 100 rows vertically.
[INFO DPL-1101] Legalizing using diamond search.
Movements Summary
---------------------------------------
Total cells:                    5041
Diamond Move Success:           5041 (100.00%)
Diamond Move Failure:              0
Rip-up and replace Success:        0 (  0.00% of diamond failures)
Rip-up and replace Failure:        0
Total Placement Failures:          0
---------------------------------------
Placement Analysis
---------------------------------
total displacement        231.5 u
average displacement        0.0 u
max displacement            3.5 u
original HPWL           99447.2 u
legalized HPWL          99467.4 u
delta HPWL                    0 %

estimate_parasitics -placement
repair_timing -setup_margin 0 -hold_margin 0 -repair_tns 100 -verbose
[INFO RSZ-0100] Repair move sequence: UnbufferMove SizeUpMove SwapPinsMove BufferMove CloneMove SplitLoadMove 
[INFO RSZ-0098] No setup violations found
[INFO RSZ-0046] Found 90 endpoints with hold violations.
Iteration | Resized | Buffers | Cloned Gates |   Area   |   WNS   |   TNS   | Endpoint
--------------------------------------------------------------------------------------
        0 |       0 |       0 |            0 |    +0.0% |  -0.122 |  -5.209 | U_g583/D
       10 |       0 |      22 |            0 |    +0.2% |  -0.116 |  -4.192 | U_g755/D
       20 |       0 |      43 |            0 |    +0.5% |  -0.079 |  -3.100 | U_g1056/D
       30 |       0 |      75 |            0 |    +0.8% |  -0.068 |  -2.281 | U_g1065/D
       40 |       1 |      88 |            0 |    +0.9% |  -0.058 |  -0.122 | U_g369/SI
       50 |       1 |      88 |            0 |    +0.9% |  -0.058 |  -0.122 | U_g369/SI
       60 |       1 |      88 |            0 |    +0.9% |  -0.058 |  -0.122 | U_g369/SI
       70 |       1 |      88 |            0 |    +0.9% |  -0.058 |  -0.122 | U_g369/SI
       80 |       1 |      92 |            0 |    +1.0% |  -0.058 |  -0.058 | U_g369/SI
       90 |       1 |      92 |            0 |    +1.0% |  -0.058 |  -0.058 | U_g369/SI
    final |       1 |      95 |            0 |    +1.0% |   0.001 |   0.000 | U_g70/D
--------------------------------------------------------------------------------------
[INFO RSZ-0032] Inserted 95 hold buffers.
detailed_placement
[INFO DPL-0006] Core area: 20959.47 um^2, Instances area: 7619.04 um^2, Utilization: 36.4%
[INFO DPL-0005] Diamond search max displacement: +/- 500 sites horizontally, +/- 100 rows vertically.
[INFO DPL-1101] Legalizing using diamond search.
Movements Summary
---------------------------------------
Total cells:                    5136
Diamond Move Success:           5136 (100.00%)
Diamond Move Failure:              0
Rip-up and replace Success:        0 (  0.00% of diamond failures)
Rip-up and replace Failure:        0
Total Placement Failures:          0
---------------------------------------
Placement Analysis
---------------------------------
total displacement         81.4 u
average displacement        0.0 u
max displacement            3.4 u
original HPWL           99752.1 u
legalized HPWL          99781.1 u
delta HPWL                    0 %

estimate_parasitics -placement
Report metrics stage 4, cts final...

==========================================================================
cts final report_design_area
--------------------------------------------------------------------------
Design area 7619 um^2 36% utilization.
write_db ./results/nangate45/s15850/phase0c_f3e7b516a_s17_k1_R_5399ac3d_7f655d61/4_1_cts.odb
write_sdc -no_timestamp ./results/nangate45/s15850/phase0c_f3e7b516a_s17_k1_R_5399ac3d_7f655d61/4_cts.sdc
Log                       Ext     Elapsed/s Peak Memory/MB sha1sum result [0:20)
4_1_cts                   .odb            7            254 848a3c60d4b03ddb1115
cp ./results/nangate45/s15850/phase0c_f3e7b516a_s17_k1_R_5399ac3d_7f655d61/4_1_cts.odb ./results/nangate45/s15850/phase0c_f3e7b516a_s17_k1_R_5399ac3d_7f655d61/4_cts.odb
/root/pact-deps/OpenROAD-flow-scripts/flow/scripts/flow.sh 5_1_grt global_route
Running global_route.tcl, stage 5_1_grt
read_liberty /root/pact-deps/OpenROAD-flow-scripts/flow/platforms/nangate45/lib/NangateOpenCellLibrary_typical.lib
read_db ./results/nangate45/s15850/phase0c_f3e7b516a_s17_k1_R_5399ac3d_7f655d61/4_cts.odb
read_sdc ./results/nangate45/s15850/phase0c_f3e7b516a_s17_k1_R_5399ac3d_7f655d61/4_cts.sdc
source /root/pact-deps/OpenROAD-flow-scripts/flow/platforms/nangate45/setRC.tcl
pin_access
[INFO DRT-0149] Reading tech and libs.

Units:                2000
Number of layers:     21
Number of macros:     135
Number of vias:       33
Number of viarulegen: 19

[INFO DRT-0150] Reading design.

Design:                   s15850
Die area:                 ( 0 0 ) ( 295060 295060 )
Number of track patterns: 20
Number of DEF vias:       0
Number of components:     5394
Number of terminals:      233
Number of snets:          2
Number of nets:           5143

[INFO DRT-0167] List of default vias:
  Layer via2
    default via: via2_5
  Layer via3
    default via: via3_2
  Layer via4
    default via: via4_0
  Layer via5
    default via: via5_0
  Layer via6
    default via: via6_0
  Layer via7
    default via: via7_0
  Layer via8
    default via: via8_0
  Layer via9
    default via: via9_0
[INFO DRT-0162] Library cell analysis.
[INFO DRT-0163] Instance analysis.
[INFO DRT-0164] Number of unique instances = 57.
[INFO DRT-0168] Init region query.
[INFO DRT-0024]   Complete active.
[INFO DRT-0024]   Complete Fr_VIA.
[INFO DRT-0024]   Complete metal1.
[INFO DRT-0024]   Complete via1.
[INFO DRT-0024]   Complete metal2.
[INFO DRT-0024]   Complete via2.
[INFO DRT-0024]   Complete metal3.
[INFO DRT-0024]   Complete via3.
[INFO DRT-0024]   Complete metal4.
[INFO DRT-0024]   Complete via4.
[INFO DRT-0024]   Complete metal5.
[INFO DRT-0024]   Complete via5.
[INFO DRT-0024]   Complete metal6.
[INFO DRT-0024]   Complete via6.
[INFO DRT-0024]   Complete metal7.
[INFO DRT-0024]   Complete via7.
[INFO DRT-0024]   Complete metal8.
[INFO DRT-0024]   Complete via8.
[INFO DRT-0024]   Complete metal9.
[INFO DRT-0024]   Complete via9.
[INFO DRT-0024]   Complete metal10.
[INFO DRT-0033] active shape region query size = 0.
[INFO DRT-0033] FR_VIA shape region query size = 0.
[INFO DRT-0033] metal1 shape region query size = 88198.
[INFO DRT-0033] via1 shape region query size = 936.
[INFO DRT-0033] metal2 shape region query size = 624.
[INFO DRT-0033] via2 shape region query size = 936.
[INFO DRT-0033] metal3 shape region query size = 624.
[INFO DRT-0033] via3 shape region query size = 936.
[INFO DRT-0033] metal4 shape region query size = 348.
[INFO DRT-0033] via4 shape region query size = 300.
[INFO DRT-0033] metal5 shape region query size = 134.
[INFO DRT-0033] via5 shape region query size = 300.
[INFO DRT-0033] metal6 shape region query size = 217.
[INFO DRT-0033] via6 shape region query size = 120.
[INFO DRT-0033] metal7 shape region query size = 50.
[INFO DRT-0033] via7 shape region query size = 0.
[INFO DRT-0033] metal8 shape region query size = 0.
[INFO DRT-0033] via8 shape region query size = 0.
[INFO DRT-0033] metal9 shape region query size = 0.
[INFO DRT-0033] via9 shape region query size = 0.
[INFO DRT-0033] metal10 shape region query size = 0.
[INFO DRT-0165] Start pin access.
[INFO DRT-0078]   Complete 291 pins.
[INFO DRT-0081]   Complete 57 unique inst patterns.
[INFO DRT-0084]   Complete 3082 groups.
#scanned instances     = 5394
#unique  instances     = 57
#stdCellGenAp          = 1296
#stdCellValidPlanarAp  = 0
#stdCellValidViaAp     = 1004
#stdCellPinNoAp        = 0
#stdCellPinCnt         = 15560
#instTermValidViaApCnt = 0
#macroGenAp            = 0
#macroValidPlanarAp    = 0
#macroValidViaAp       = 0
#macroNoAp             = 0
[INFO DRT-0166] Complete pin access.
[INFO DRT-0267] cpu time = 00:00:52, elapsed time = 00:00:13, memory = 127.95 (MB), peak = 127.57 (MB)
Took 14 seconds: pin_access
set_global_routing_random -seed 17
global_route -congestion_report_file ./reports/nangate45/s15850/phase0c_f3e7b516a_s17_k1_R_5399ac3d_7f655d61/congestion.rpt -congestion_iterations 30 -congestion_report_iter_step 5 -verbose
[INFO GRT-0020] Min routing layer: metal2
[INFO GRT-0021] Max routing layer: metal10
[INFO GRT-0022] Global adjustment: 0%
[INFO GRT-0023] Grid origin: (0, 0)
[INFO GRT-0088] Layer metal1  Track-Pitch = 0.1400  line-2-Via Pitch: 0.1350
[INFO GRT-0088] Layer metal2  Track-Pitch = 0.1900  line-2-Via Pitch: 0.1400
[INFO GRT-0088] Layer metal3  Track-Pitch = 0.1400  line-2-Via Pitch: 0.1400
[INFO GRT-0088] Layer metal4  Track-Pitch = 0.2800  line-2-Via Pitch: 0.2800
[INFO GRT-0088] Layer metal5  Track-Pitch = 0.2800  line-2-Via Pitch: 0.2800
[INFO GRT-0088] Layer metal6  Track-Pitch = 0.2800  line-2-Via Pitch: 0.2800
[INFO GRT-0088] Layer metal7  Track-Pitch = 0.8000  line-2-Via Pitch: 0.8000
[INFO GRT-0088] Layer metal8  Track-Pitch = 0.8000  line-2-Via Pitch: 0.8000
[INFO GRT-0088] Layer metal9  Track-Pitch = 1.6000  line-2-Via Pitch: 1.6000
[INFO GRT-0088] Layer metal10 Track-Pitch = 1.6000  line-2-Via Pitch: 1.6000
[INFO GRT-0003] Macros: 0
[INFO GRT-0004] Blockages: 0
[INFO GRT-0019] Found 91 clock nets.
[INFO GRT-0001] Minimum degree: 2
[INFO GRT-0002] Maximum degree: 59

[INFO GRT-0053] Routing resources analysis:
          Routing      Original      Derated      Resource
Layer     Direction    Resources     Resources    Reduction (%)
---------------------------------------------------------------
metal1     Horizontal          0             0          0.00%
metal2     Vertical        37850         17800          52.97%
metal3     Horizontal      52431         25727          50.93%
metal4     Vertical        25700         18200          29.18%
metal5     Horizontal      26215         18494          29.45%
metal6     Vertical        26282         18557          29.39%
metal7     Horizontal       8100          5750          29.01%
metal8     Vertical         9200          6600          28.26%
metal9     Horizontal       4550          2550          43.96%
metal10    Vertical         4550          2550          43.96%
---------------------------------------------------------------

[INFO GRT-0197] Via related to pin nodes: 30476
[INFO GRT-0198] Via related Steiner nodes: 757
[INFO GRT-0199] Via filling finished.
[INFO GRT-0111] Final number of vias: 41192
[INFO GRT-0112] Final usage 3D: 161612

[INFO GRT-0096] Final congestion report:
Layer         Resource        Demand        Usage (%)    Max H / Max V / Total Overflow
---------------------------------------------------------------------------------------
metal1               0             0            0.00%             0 /  0 /  0
metal2           17800         10293           57.83%             0 /  0 /  0
metal3           25727         13444           52.26%             0 /  0 /  0
metal4           18200          7009           38.51%             0 /  0 /  0
metal5           18494          4810           26.01%             0 /  0 /  0
metal6           18557          2182           11.76%             0 /  0 /  0
metal7            5750           247            4.30%             0 /  0 /  0
metal8            6600            19            0.29%             0 /  0 /  0
metal9            2550            32            1.25%             0 /  0 /  0
metal10           2550             0            0.00%             0 /  0 /  0
---------------------------------------------------------------------------------------
Total           116228         38036           32.73%             0 /  0 /  0

[INFO GRT-0018] Total wirelength: 149992 um
[INFO GRT-0014] Routed nets: 5143
[INFO GRT-0303] Global routing runtime = 00:00:01
estimate_parasitics -global_routing
Perform buffer insertion and gate resizing...
repair_design -verbose
Iteration |   Area    | Resized | Buffers | Nets repaired | Remaining
---------------------------------------------------------------------
        0 |     +0.0% |       0 |       0 |             0 |      5750
     1000 |     +0.0% |       0 |       0 |             0 |      4750
     2000 |     +0.0% |       0 |       0 |             0 |      3750
     3000 |     +0.0% |       0 |       0 |             0 |      2750
     4000 |     +0.0% |       0 |       0 |             0 |      1750
     5000 |     +0.0% |       0 |       0 |             0 |       750
    final |     +0.0% |       0 |       0 |             0 |         0
---------------------------------------------------------------------
global_route -start_incremental
detailed_placement
[INFO DPL-0006] Core area: 20959.47 um^2, Instances area: 7619.04 um^2, Utilization: 36.4%
[INFO DPL-0005] Diamond search max displacement: +/- 500 sites horizontally, +/- 100 rows vertically.
[INFO DPL-1101] Legalizing using diamond search.
Movements Summary
---------------------------------------
Total cells:                    5136
Diamond Move Success:           5136 (100.00%)
Diamond Move Failure:              0
Rip-up and replace Success:        0 (  0.00% of diamond failures)
Rip-up and replace Failure:        0
Total Placement Failures:          0
---------------------------------------
Placement Analysis
---------------------------------
total displacement          0.0 u
average displacement        0.0 u
max displacement            0.0 u
original HPWL           99781.1 u
legalized HPWL          99781.1 u
delta HPWL                    0 %

global_route -end_incremental -congestion_report_file ./reports/nangate45/s15850/phase0c_f3e7b516a_s17_k1_R_5399ac3d_7f655d61/congestion_post_repair_design.rpt
Repair setup and hold violations...
estimate_parasitics -global_routing
repair_timing -setup_margin 0 -hold_margin 0 -repair_tns 100 -verbose
[INFO RSZ-0100] Repair move sequence: UnbufferMove SizeUpMove SwapPinsMove BufferMove CloneMove SplitLoadMove 
[INFO RSZ-0098] No setup violations found
[INFO RSZ-0046] Found 2 endpoints with hold violations.
Iteration | Resized | Buffers | Cloned Gates |   Area   |   WNS   |   TNS   | Endpoint
--------------------------------------------------------------------------------------
        0 |       0 |       0 |            0 |    +0.0% |  -0.001 |  -0.001 | U_g1062/D
    final |       0 |       2 |            0 |    +0.0% |   0.000 |   0.000 | U_g70/D
--------------------------------------------------------------------------------------
[INFO RSZ-0032] Inserted 2 hold buffers.
global_route -start_incremental
detailed_placement
[INFO DPL-0006] Core area: 20959.47 um^2, Instances area: 7620.63 um^2, Utilization: 36.4%
[INFO DPL-0005] Diamond search max displacement: +/- 500 sites horizontally, +/- 100 rows vertically.
[INFO DPL-1101] Legalizing using diamond search.
Movements Summary
---------------------------------------
Total cells:                    5138
Diamond Move Success:           5138 (100.00%)
Diamond Move Failure:              0
Rip-up and replace Success:        0 (  0.00% of diamond failures)
Rip-up and replace Failure:        0
Total Placement Failures:          0
---------------------------------------
Placement Analysis
---------------------------------
total displacement          3.3 u
average displacement        0.0 u
max displacement            1.6 u
original HPWL           99781.8 u
legalized HPWL          99783.6 u
delta HPWL                    0 %

check_placement -verbose
global_route -end_incremental -congestion_report_file ./reports/nangate45/s15850/phase0c_f3e7b516a_s17_k1_R_5399ac3d_7f655d61/congestion_post_repair_timing.rpt
estimate_parasitics -global_routing
global_route -start_incremental
global_route -end_incremental -congestion_report_file ./reports/nangate45/s15850/phase0c_f3e7b516a_s17_k1_R_5399ac3d_7f655d61/congestion_post_recover_power.rpt
Repair antennas...
[WARNING GRT-0246] No diode with LEF class CORE ANTENNACELL found.
[INFO ANT-0002] Found 0 net violations.
[INFO ANT-0001] Found 0 pin violations.
Estimate parasitics...
estimate_parasitics -global_routing
Report metrics stage 5, global route...

==========================================================================
global route report_design_area
--------------------------------------------------------------------------
Design area 7621 um^2 36% utilization.
[INFO FLW-0007] clock clk period 10.000000
[INFO FLW-0008] Clock clk period 1.814
[INFO FLW-0009] Clock clk slack 8.091
write_sdc -no_timestamp ./results/nangate45/s15850/phase0c_f3e7b516a_s17_k1_R_5399ac3d_7f655d61/updated_clks.sdc
[INFO FLW-0011] Path endpoint path count 2360
write_db ./results/nangate45/s15850/phase0c_f3e7b516a_s17_k1_R_5399ac3d_7f655d61/5_1_grt.odb
write_sdc -no_timestamp ./results/nangate45/s15850/phase0c_f3e7b516a_s17_k1_R_5399ac3d_7f655d61/5_1_grt.sdc
Log                       Ext     Elapsed/s Peak Memory/MB sha1sum result [0:20)
5_1_grt                   .odb           22            348 67e13f429c26fcb50170
5_1_grt                   .sdc                             36c09dc3d049996e100f
/root/pact-deps/OpenROAD-flow-scripts/flow/scripts/flow.sh 5_2_route detail_route
Running detail_route.tcl, stage 5_2_route
read_liberty /root/pact-deps/OpenROAD-flow-scripts/flow/platforms/nangate45/lib/NangateOpenCellLibrary_typical.lib
read_db ./results/nangate45/s15850/phase0c_f3e7b516a_s17_k1_R_5399ac3d_7f655d61/5_1_grt.odb
read_sdc ./results/nangate45/s15850/phase0c_f3e7b516a_s17_k1_R_5399ac3d_7f655d61/5_1_grt.sdc
source /root/pact-deps/OpenROAD-flow-scripts/flow/platforms/nangate45/setRC.tcl
detailed_route -output_drc ./reports/nangate45/s15850/phase0c_f3e7b516a_s17_k1_R_5399ac3d_7f655d61/5_route_drc.rpt -output_maze ./results/nangate45/s15850/phase0c_f3e7b516a_s17_k1_R_5399ac3d_7f655d61/maze.log -droute_end_iter 64 -verbose 1 -drc_report_iter_step 5
[INFO DRT-0149] Reading tech and libs.

Units:                2000
Number of layers:     21
Number of macros:     135
Number of vias:       33
Number of viarulegen: 19

[INFO DRT-0150] Reading design.

Design:                   s15850
Die area:                 ( 0 0 ) ( 295060 295060 )
Number of track patterns: 20
Number of DEF vias:       0
Number of components:     5396
Number of terminals:      233
Number of snets:          2
Number of nets:           5145

[INFO DRT-0167] List of default vias:
  Layer via2
    default via: via2_5
  Layer via3
    default via: via3_2
  Layer via4
    default via: via4_0
  Layer via5
    default via: via5_0
  Layer via6
    default via: via6_0
  Layer via7
    default via: via7_0
  Layer via8
    default via: via8_0
  Layer via9
    default via: via9_0
[INFO DRT-0162] Library cell analysis.
[INFO DRT-0163] Instance analysis.
[INFO DRT-0164] Number of unique instances = 57.
[INFO DRT-0168] Init region query.
[INFO DRT-0024]   Complete active.
[INFO DRT-0024]   Complete Fr_VIA.
[INFO DRT-0024]   Complete metal1.
[INFO DRT-0024]   Complete via1.
[INFO DRT-0024]   Complete metal2.
[INFO DRT-0024]   Complete via2.
[INFO DRT-0024]   Complete metal3.
[INFO DRT-0024]   Complete via3.
[INFO DRT-0024]   Complete metal4.
[INFO DRT-0024]   Complete via4.
[INFO DRT-0024]   Complete metal5.
[INFO DRT-0024]   Complete via5.
[INFO DRT-0024]   Complete metal6.
[INFO DRT-0024]   Complete via6.
[INFO DRT-0024]   Complete metal7.
[INFO DRT-0024]   Complete via7.
[INFO DRT-0024]   Complete metal8.
[INFO DRT-0024]   Complete via8.
[INFO DRT-0024]   Complete metal9.
[INFO DRT-0024]   Complete via9.
[INFO DRT-0024]   Complete metal10.
[INFO DRT-0033] active shape region query size = 0.
[INFO DRT-0033] FR_VIA shape region query size = 0.
[INFO DRT-0033] metal1 shape region query size = 88220.
[INFO DRT-0033] via1 shape region query size = 936.
[INFO DRT-0033] metal2 shape region query size = 624.
[INFO DRT-0033] via2 shape region query size = 936.
[INFO DRT-0033] metal3 shape region query size = 624.
[INFO DRT-0033] via3 shape region query size = 936.
[INFO DRT-0033] metal4 shape region query size = 348.
[INFO DRT-0033] via4 shape region query size = 300.
[INFO DRT-0033] metal5 shape region query size = 134.
[INFO DRT-0033] via5 shape region query size = 300.
[INFO DRT-0033] metal6 shape region query size = 217.
[INFO DRT-0033] via6 shape region query size = 120.
[INFO DRT-0033] metal7 shape region query size = 50.
[INFO DRT-0033] via7 shape region query size = 0.
[INFO DRT-0033] metal8 shape region query size = 0.
[INFO DRT-0033] via8 shape region query size = 0.
[INFO DRT-0033] metal9 shape region query size = 0.
[INFO DRT-0033] via9 shape region query size = 0.
[INFO DRT-0033] metal10 shape region query size = 0.
[INFO DRT-0165] Start pin access.
[INFO DRT-0078]   Complete 291 pins.
[INFO DRT-0081]   Complete 57 unique inst patterns.
[INFO DRT-0084]   Complete 3083 groups.
#scanned instances     = 5396
#unique  instances     = 57
#stdCellGenAp          = 1296
#stdCellValidPlanarAp  = 0
#stdCellValidViaAp     = 1004
#stdCellPinNoAp        = 0
#stdCellPinCnt         = 15564
#instTermValidViaApCnt = 0
#macroGenAp            = 0
#macroValidPlanarAp    = 0
#macroValidViaAp       = 0
#macroNoAp             = 0
[INFO DRT-0166] Complete pin access.
[INFO DRT-0267] cpu time = 00:00:52, elapsed time = 00:00:12, memory = 284.03 (MB), peak = 284.08 (MB)

[INFO DRT-0157] Number of guides:     46211

[INFO DRT-0169] Post process guides.
[INFO DRT-0176] GCELLGRID X 0 DO 51 STEP 5700 ;
[INFO DRT-0177] GCELLGRID Y 0 DO 51 STEP 5700 ;
[INFO DRT-0028]   Complete active.
[INFO DRT-0028]   Complete Fr_VIA.
[INFO DRT-0028]   Complete metal1.
[INFO DRT-0028]   Complete via1.
[INFO DRT-0028]   Complete metal2.
[INFO DRT-0028]   Complete via2.
[INFO DRT-0028]   Complete metal3.
[INFO DRT-0028]   Complete via3.
[INFO DRT-0028]   Complete metal4.
[INFO DRT-0028]   Complete via4.
[INFO DRT-0028]   Complete metal5.
[INFO DRT-0028]   Complete via5.
[INFO DRT-0028]   Complete metal6.
[INFO DRT-0028]   Complete via6.
[INFO DRT-0028]   Complete metal7.
[INFO DRT-0028]   Complete via7.
[INFO DRT-0028]   Complete metal8.
[INFO DRT-0028]   Complete via8.
[INFO DRT-0028]   Complete metal9.
[INFO DRT-0028]   Complete via9.
[INFO DRT-0028]   Complete metal10.
[INFO DRT-0178] Init guide query.
[INFO DRT-0035]   Complete active (guide).
[INFO DRT-0035]   Complete Fr_VIA (guide).
[INFO DRT-0035]   Complete metal1 (guide).
[INFO DRT-0035]   Complete via1 (guide).
[INFO DRT-0035]   Complete metal2 (guide).
[INFO DRT-0035]   Complete via2 (guide).
[INFO DRT-0035]   Complete metal3 (guide).
[INFO DRT-0035]   Complete via3 (guide).
[INFO DRT-0035]   Complete metal4 (guide).
[INFO DRT-0035]   Complete via4 (guide).
[INFO DRT-0035]   Complete metal5 (guide).
[INFO DRT-0035]   Complete via5 (guide).
[INFO DRT-0035]   Complete metal6 (guide).
[INFO DRT-0035]   Complete via6 (guide).
[INFO DRT-0035]   Complete metal7 (guide).
[INFO DRT-0035]   Complete via7 (guide).
[INFO DRT-0035]   Complete metal8 (guide).
[INFO DRT-0035]   Complete via8 (guide).
[INFO DRT-0035]   Complete metal9 (guide).
[INFO DRT-0035]   Complete via9 (guide).
[INFO DRT-0035]   Complete metal10 (guide).
[INFO DRT-0036] active guide region query size = 0.
[INFO DRT-0036] FR_VIA guide region query size = 0.
[INFO DRT-0036] metal1 guide region query size = 13877.
[INFO DRT-0036] via1 guide region query size = 0.
[INFO DRT-0036] metal2 guide region query size = 12975.
[INFO DRT-0036] via2 guide region query size = 0.
[INFO DRT-0036] metal3 guide region query size = 7885.
[INFO DRT-0036] via3 guide region query size = 0.
[INFO DRT-0036] metal4 guide region query size = 1938.
[INFO DRT-0036] via4 guide region query size = 0.
[INFO DRT-0036] metal5 guide region query size = 900.
[INFO DRT-0036] via5 guide region query size = 0.
[INFO DRT-0036] metal6 guide region query size = 319.
[INFO DRT-0036] via6 guide region query size = 0.
[INFO DRT-0036] metal7 guide region query size = 18.
[INFO DRT-0036] via7 guide region query size = 0.
[INFO DRT-0036] metal8 guide region query size = 2.
[INFO DRT-0036] via8 guide region query size = 0.
[INFO DRT-0036] metal9 guide region query size = 1.
[INFO DRT-0036] via9 guide region query size = 0.
[INFO DRT-0036] metal10 guide region query size = 0.
[INFO DRT-0179] Init gr pin query.
[INFO DRT-0267] cpu time = 00:00:00, elapsed time = 00:00:00, memory = 300.73 (MB), peak = 300.32 (MB)
[INFO DRT-0245] skipped writing guide updates to database.
[INFO DRT-0181] Start track assignment.
[INFO DRT-0184] Done with 15234 vertical wires in 2 frboxes and 22681 horizontal wires in 2 frboxes.
[INFO DRT-0186] Done with 4295 vertical wires in 2 frboxes and 5003 horizontal wires in 2 frboxes.
[INFO DRT-0182] Complete track assignment.
[INFO DRT-0267] cpu time = 00:00:03, elapsed time = 00:00:03, memory = 379.41 (MB), peak = 405.31 (MB)
[INFO DRT-0187] Start routing data preparation.
[INFO DRT-0267] cpu time = 00:00:00, elapsed time = 00:00:00, memory = 379.47 (MB), peak = 405.31 (MB)
[INFO DRT-0194] Start detail routing.
[INFO DRT-0195] Start 0th optimization iteration.
    Completing 10% with 0 violations.
    elapsed time = 00:00:02, memory = 451.03 (MB).
    Completing 20% with 0 violations.
    elapsed time = 00:00:05, memory = 477.33 (MB).
    Completing 30% with 148 violations.
    elapsed time = 00:00:07, memory = 534.25 (MB).
    Completing 40% with 148 violations.
    elapsed time = 00:00:10, memory = 513.73 (MB).
    Completing 50% with 148 violations.
    elapsed time = 00:00:15, memory = 528.44 (MB).
    Completing 60% with 302 violations.
    elapsed time = 00:00:18, memory = 567.63 (MB).
    Completing 70% with 302 violations.
    elapsed time = 00:00:19, memory = 567.63 (MB).
    Completing 80% with 459 violations.
    elapsed time = 00:00:26, memory = 621.65 (MB).
    Completing 90% with 459 violations.
    elapsed time = 00:00:29, memory = 579.91 (MB).
    Completing 100% with 601 violations.
    elapsed time = 00:00:32, memory = 561.32 (MB).
[INFO DRT-0199]   Number of violations = 940.
Viol/Layer      metal1   via1 metal2   via2 metal3 metal4   via4 metal5 metal6 metal7
Cut Spacing          0      0      0      1      0      0      1      0      0      0
Metal Spacing        0      0     46      0     10     10      0      0      0      0
Recheck              2      0    175      0    122     19      0     17      0      4
Short                0      1    387      1    104     30      0      6      1      3
[INFO DRT-0267] cpu time = 00:01:50, elapsed time = 00:00:33, memory = 1042.02 (MB), peak = 1041.79 (MB)
Total wire length = 110850 um.
Total wire length on LAYER metal1 = 0 um.
Total wire length on LAYER metal2 = 30997 um.
Total wire length on LAYER metal3 = 39927 um.
Total wire length on LAYER metal4 = 19495 um.
Total wire length on LAYER metal5 = 13302 um.
Total wire length on LAYER metal6 = 6328 um.
Total wire length on LAYER metal7 = 652 um.
Total wire length on LAYER metal8 = 55 um.
Total wire length on LAYER metal9 = 91 um.
Total wire length on LAYER metal10 = 0 um.
Total number of vias = 37047.
Up-via summary (total 37047):

----------------
 active        0
 metal1    15648
 metal2    17114
 metal3     2578
 metal4     1216
 metal5      460
 metal6       27
 metal7        2
 metal8        2
 metal9        0
----------------
       37047


[INFO DRT-0195] Start 1st optimization iteration.
    Completing 10% with 940 violations.
    elapsed time = 00:00:02, memory = 1046.86 (MB).
    Completing 20% with 940 violations.
    elapsed time = 00:00:05, memory = 1077.55 (MB).
    Completing 30% with 706 violations.
    elapsed time = 00:00:07, memory = 1046.86 (MB).
    Completing 40% with 706 violations.
    elapsed time = 00:00:11, memory = 1050.16 (MB).
    Completing 50% with 706 violations.
    elapsed time = 00:00:14, memory = 1050.16 (MB).
    Completing 60% with 519 violations.
    elapsed time = 00:00:18, memory = 1083.16 (MB).
    Completing 70% with 519 violations.
    elapsed time = 00:00:21, memory = 1114.14 (MB).
    Completing 80% with 376 violations.
    elapsed time = 00:00:25, memory = 1052.18 (MB).
    Completing 90% with 376 violations.
    elapsed time = 00:00:27, memory = 1084.38 (MB).
    Completing 100% with 241 violations.
    elapsed time = 00:00:30, memory = 1052.19 (MB).
[INFO DRT-0199]   Number of violations = 241.
Viol/Layer        via1 metal2   via2 metal3
Cut Spacing          1      0      1      0
Metal Spacing        0     50      0      3
Short                0    158      0     28
[INFO DRT-0267] cpu time = 00:01:47, elapsed time = 00:00:31, memory = 1055.19 (MB), peak = 1113.82 (MB)
Total wire length = 110343 um.
Total wire length on LAYER metal1 = 0 um.
Total wire length on LAYER metal2 = 30884 um.
Total wire length on LAYER metal3 = 39747 um.
Total wire length on LAYER metal4 = 19375 um.
Total wire length on LAYER metal5 = 13230 um.
Total wire length on LAYER metal6 = 6305 um.
Total wire length on LAYER metal7 = 653 um.
Total wire length on LAYER metal8 = 54 um.
Total wire length on LAYER metal9 = 91 um.
Total wire length on LAYER metal10 = 0 um.
Total number of vias = 36833.
Up-via summary (total 36833):

----------------
 active        0
 metal1    15652
 metal2    16957
 metal3     2535
 metal4     1210
 metal5      449
 metal6       26
 metal7        2
 metal8        2
 metal9        0
----------------
       36833


[INFO DRT-0195] Start 2nd optimization iteration.
    Completing 10% with 241 violations.
    elapsed time = 00:00:02, memory = 1055.65 (MB).
    Completing 20% with 241 violations.
    elapsed time = 00:00:05, memory = 1086.92 (MB).
    Completing 30% with 214 violations.
    elapsed time = 00:00:06, memory = 1055.65 (MB).
    Completing 40% with 214 violations.
    elapsed time = 00:00:10, memory = 1055.65 (MB).
    Completing 50% with 214 violations.
    elapsed time = 00:00:14, memory = 1055.65 (MB).
    Completing 60% with 195 violations.
    elapsed time = 00:00:15, memory = 1055.65 (MB).
    Completing 70% with 195 violations.
    elapsed time = 00:00:18, memory = 1055.66 (MB).
    Completing 80% with 189 violations.
    elapsed time = 00:00:20, memory = 1056.25 (MB).
    Completing 90% with 189 violations.
    elapsed time = 00:00:24, memory = 1120.80 (MB).
    Completing 100% with 165 violations.
    elapsed time = 00:00:25, memory = 1056.25 (MB).
[INFO DRT-0199]   Number of violations = 165.
Viol/Layer      metal2   via2 metal3 metal6
Cut Spacing          0      1      0      0
Metal Spacing       20      0      1      0
Short              129      0     13      1
[INFO DRT-0267] cpu time = 00:01:31, elapsed time = 00:00:26, memory = 1059.25 (MB), peak = 1120.53 (MB)
Total wire length = 110212 um.
Total wire length on LAYER metal1 = 0 um.
Total wire length on LAYER metal2 = 30800 um.
Total wire length on LAYER metal3 = 39734 um.
Total wire length on LAYER metal4 = 19337 um.
Total wire length on LAYER metal5 = 13217 um.
Total wire length on LAYER metal6 = 6320 um.
Total wire length on LAYER metal7 = 655 um.
Total wire length on LAYER metal8 = 54 um.
Total wire length on LAYER metal9 = 91 um.
Total wire length on LAYER metal10 = 0 um.
Total number of vias = 36674.
Up-via summary (total 36674):

----------------
 active        0
 metal1    15648
 metal2    16831
 metal3     2519
 metal4     1195
 metal5      451
 metal6       26
 metal7        2
 metal8        2
 metal9        0
----------------
       36674


[INFO DRT-0195] Start 3rd optimization iteration.
    Completing 10% with 165 violations.
    elapsed time = 00:00:01, memory = 1059.25 (MB).
    Completing 20% with 165 violations.
    elapsed time = 00:00:01, memory = 1059.25 (MB).
    Completing 30% with 146 violations.
    elapsed time = 00:00:02, memory = 1059.25 (MB).
    Completing 40% with 146 violations.
    elapsed time = 00:00:04, memory = 1092.33 (MB).
    Completing 50% with 146 violations.
    elapsed time = 00:00:05, memory = 1059.25 (MB).
    Completing 60% with 83 violations.
    elapsed time = 00:00:07, memory = 1059.25 (MB).
    Completing 70% with 83 violations.
    elapsed time = 00:00:08, memory = 1059.25 (MB).
    Completing 80% with 31 violations.
    elapsed time = 00:00:11, memory = 1059.25 (MB).
    Completing 90% with 31 violations.
    elapsed time = 00:00:12, memory = 1092.80 (MB).
    Completing 100% with 1 violations.
    elapsed time = 00:00:13, memory = 1059.25 (MB).
[INFO DRT-0199]   Number of violations = 1.
Viol/Layer      metal2
Metal Spacing        1
[INFO DRT-0267] cpu time = 00:00:41, elapsed time = 00:00:13, memory = 1059.25 (MB), peak = 1120.53 (MB)
Total wire length = 110196 um.
Total wire length on LAYER metal1 = 0 um.
Total wire length on LAYER metal2 = 30586 um.
Total wire length on LAYER metal3 = 39772 um.
Total wire length on LAYER metal4 = 19513 um.
Total wire length on LAYER metal5 = 13199 um.
Total wire length on LAYER metal6 = 6322 um.
Total wire length on LAYER metal7 = 655 um.
Total wire length on LAYER metal8 = 54 um.
Total wire length on LAYER metal9 = 91 um.
Total wire length on LAYER metal10 = 0 um.
Total number of vias = 36837.
Up-via summary (total 36837):

----------------
 active        0
 metal1    15650
 metal2    16930
 metal3     2583
 metal4     1195
 metal5      449
 metal6       26
 metal7        2
 metal8        2
 metal9        0
----------------
       36837


[INFO DRT-0195] Start 4th guides tiles iteration.
    Completing 50% with 1 violations.
    elapsed time = 00:00:00, memory = 1059.25 (MB).
    Completing 100% with 0 violations.
    elapsed time = 00:00:00, memory = 1059.25 (MB).
[INFO DRT-0199]   Number of violations = 0.
[INFO DRT-0267] cpu time = 00:00:00, elapsed time = 00:00:00, memory = 1059.25 (MB), peak = 1120.53 (MB)
Total wire length = 110200 um.
Total wire length on LAYER metal1 = 0 um.
Total wire length on LAYER metal2 = 30591 um.
Total wire length on LAYER metal3 = 39773 um.
Total wire length on LAYER metal4 = 19512 um.
Total wire length on LAYER metal5 = 13199 um.
Total wire length on LAYER metal6 = 6322 um.
Total wire length on LAYER metal7 = 655 um.
Total wire length on LAYER metal8 = 54 um.
Total wire length on LAYER metal9 = 91 um.
Total wire length on LAYER metal10 = 0 um.
Total number of vias = 36842.
Up-via summary (total 36842):

----------------
 active        0
 metal1    15650
 metal2    16937
 metal3     2581
 metal4     1195
 metal5      449
 metal6       26
 metal7        2
 metal8        2
 metal9        0
----------------
       36842


[INFO DRT-0198] Complete detail routing.
Total wire length = 110200 um.
Total wire length on LAYER metal1 = 0 um.
Total wire length on LAYER metal2 = 30591 um.
Total wire length on LAYER metal3 = 39773 um.
Total wire length on LAYER metal4 = 19512 um.
Total wire length on LAYER metal5 = 13199 um.
Total wire length on LAYER metal6 = 6322 um.
Total wire length on LAYER metal7 = 655 um.
Total wire length on LAYER metal8 = 54 um.
Total wire length on LAYER metal9 = 91 um.
Total wire length on LAYER metal10 = 0 um.
Total number of vias = 36842.
Up-via summary (total 36842):

----------------
 active        0
 metal1    15650
 metal2    16937
 metal3     2581
 metal4     1195
 metal5      449
 metal6       26
 metal7        2
 metal8        2
 metal9        0
----------------
       36842


[INFO DRT-0267] cpu time = 00:05:51, elapsed time = 00:01:45, memory = 1059.32 (MB), peak = 1120.53 (MB)

[INFO DRT-0180] Post processing.
Took 121 seconds: detailed_route -output_drc ./reports/nangate45/s15850/phase0c_f3e7b516a_s17_k1_R_5399ac3d_7f655d61/5_route_drc.rpt -output_maze ./results/nangate45/s15850/phase0c_f3e7b516a_s17_k1_R_5399ac3d_7f655d61/maze.log -droute_end_iter 64 -verbose 1 -drc_report_iter_step 5
[WARNING GRT-0246] No diode with LEF class CORE ANTENNACELL found.
[INFO ANT-0002] Found 0 net violations.
[INFO ANT-0001] Found 0 pin violations.
[INFO ANT-0002] Found 0 net violations.
[INFO ANT-0001] Found 0 pin violations.
Design area 7621 um^2 36% utilization.
write_db ./results/nangate45/s15850/phase0c_f3e7b516a_s17_k1_R_5399ac3d_7f655d61/5_2_route.odb
Log                       Ext     Elapsed/s Peak Memory/MB sha1sum result [0:20)
5_2_route                 .odb          132           1120 ab5ef3adaf523005c3b3
/root/pact-deps/OpenROAD-flow-scripts/flow/scripts/flow.sh 5_3_fillcell fillcell
Running fillcell.tcl, stage 5_3_fillcell
read_liberty /root/pact-deps/OpenROAD-flow-scripts/flow/platforms/nangate45/lib/NangateOpenCellLibrary_typical.lib
read_db ./results/nangate45/s15850/phase0c_f3e7b516a_s17_k1_R_5399ac3d_7f655d61/5_2_route.odb
read_sdc ./results/nangate45/s15850/phase0c_f3e7b516a_s17_k1_R_5399ac3d_7f655d61/5_1_grt.sdc
source /root/pact-deps/OpenROAD-flow-scripts/flow/platforms/nangate45/setRC.tcl
filler_placement "FILLCELL_X1 FILLCELL_X2 FILLCELL_X4 FILLCELL_X8 FILLCELL_X16 FILLCELL_X32"
[INFO DPL-0001] Placed 7023 filler instances.
Design area 7621 um^2 36% utilization.
write_db ./results/nangate45/s15850/phase0c_f3e7b516a_s17_k1_R_5399ac3d_7f655d61/5_3_fillcell.odb
Log                       Ext     Elapsed/s Peak Memory/MB sha1sum result [0:20)
5_3_fillcell              .odb            1            131 52b34d0e61fb78d4a702
cp ./results/nangate45/s15850/phase0c_f3e7b516a_s17_k1_R_5399ac3d_7f655d61/5_3_fillcell.odb ./results/nangate45/s15850/phase0c_f3e7b516a_s17_k1_R_5399ac3d_7f655d61/5_route.odb
cp ./results/nangate45/s15850/phase0c_f3e7b516a_s17_k1_R_5399ac3d_7f655d61/5_1_grt.sdc ./results/nangate45/s15850/phase0c_f3e7b516a_s17_k1_R_5399ac3d_7f655d61/5_route.sdc
