
==========================================================================
global route report_tns
--------------------------------------------------------------------------
tns max 0.00

==========================================================================
global route report_wns
--------------------------------------------------------------------------
wns max 0.00

==========================================================================
global route report_worst_slack
--------------------------------------------------------------------------
worst slack max 8.73

==========================================================================
global route report_clock_min_period
--------------------------------------------------------------------------
clk period_min = 1.27 fmax = 787.03

==========================================================================
global route report_clock_skew
--------------------------------------------------------------------------
Clock clk
   0.13 source latency U_g208/CK ^
  -0.13 target latency U_g668/CK ^
   0.00 CRPR
--------------
   0.00 setup skew


==========================================================================
global route report_checks -path_delay min
--------------------------------------------------------------------------
Startpoint: g560 (input port clocked by clk)
Endpoint: U_g19 (rising edge-triggered flip-flop clocked by clk)
Path Group: clk
Path Type: min

Fanout     Cap    Slew   Delay    Time   Description
-----------------------------------------------------------------------------
                          0.00    0.00   clock clk (rise edge)
                          0.00    0.00   clock network delay (propagated)
                          0.00    0.00 ^ input external delay
     1    2.25    0.00    0.00    0.00 ^ g560 (in)
                                         g560 (net)
                  0.00    0.00    0.00 ^ input25/A (BUF_X1)
     1    1.07    0.01    0.02    0.02 ^ input25/Z (BUF_X1)
                                         net25 (net)
                  0.01    0.00    0.02 ^ U_g5209/A1 (AND2_X1)
     1    5.02    0.02    0.04    0.05 ^ U_g5209/ZN (AND2_X1)
                                         g5209 (net)
                  0.02    0.00    0.05 ^ U_I8387/A2 (OR3_X1)
     1    1.07    0.01    0.03    0.08 ^ U_I8387/ZN (OR3_X1)
                                         I8387 (net)
                  0.01    0.00    0.08 ^ U_g6483/A3 (OR3_X1)
     1    7.05    0.02    0.04    0.12 ^ U_g6483/ZN (OR3_X1)
                                         g6483 (net)
                  0.02    0.00    0.12 ^ U_g19/D (SDFF_X1)
                                  0.12   data arrival time

                          0.00    0.00   clock clk (rise edge)
                          0.00    0.00   clock source latency
     1   12.10    0.00    0.00    0.00 ^ CK (in)
                                         CK (net)
                  0.00    0.00    0.00 ^ clkbuf_0_CK/A (CLKBUF_X3)
     4   14.70    0.01    0.04    0.04 ^ clkbuf_0_CK/Z (CLKBUF_X3)
                                         clknet_0_CK (net)
                  0.01    0.00    0.04 ^ clkbuf_2_3__f_CK/A (CLKBUF_X3)
    10   26.08    0.02    0.05    0.09 ^ clkbuf_2_3__f_CK/Z (CLKBUF_X3)
                                         clknet_2_3__leaf_CK (net)
                  0.02    0.00    0.09 ^ clkbuf_leaf_12_CK/A (CLKBUF_X3)
     8   10.92    0.01    0.04    0.13 ^ clkbuf_leaf_12_CK/Z (CLKBUF_X3)
                                         clknet_leaf_12_CK (net)
                  0.01    0.00    0.13 ^ U_g19/CK (SDFF_X1)
                          0.00    0.13   clock reconvergence pessimism
                         -0.01    0.12   library hold time
                                  0.12   data required time
-----------------------------------------------------------------------------
                                  0.12   data required time
                                 -0.12   data arrival time
-----------------------------------------------------------------------------
                                  0.00   slack (MET)



==========================================================================
global route report_checks -path_delay max
--------------------------------------------------------------------------
Startpoint: U_g690 (rising edge-triggered flip-flop clocked by clk)
Endpoint: U_g127 (rising edge-triggered flip-flop clocked by clk)
Path Group: clk
Path Type: max

Fanout     Cap    Slew   Delay    Time   Description
-----------------------------------------------------------------------------
                          0.00    0.00   clock clk (rise edge)
                          0.00    0.00   clock source latency
     1   12.10    0.00    0.00    0.00 ^ CK (in)
                                         CK (net)
                  0.00    0.00    0.00 ^ clkbuf_0_CK/A (CLKBUF_X3)
     4   14.70    0.01    0.04    0.04 ^ clkbuf_0_CK/Z (CLKBUF_X3)
                                         clknet_0_CK (net)
                  0.01    0.00    0.04 ^ clkbuf_2_3__f_CK/A (CLKBUF_X3)
    10   26.08    0.02    0.05    0.09 ^ clkbuf_2_3__f_CK/Z (CLKBUF_X3)
                                         clknet_2_3__leaf_CK (net)
                  0.02    0.00    0.09 ^ clkbuf_leaf_15_CK/A (CLKBUF_X3)
     8   10.93    0.01    0.04    0.13 ^ clkbuf_leaf_15_CK/Z (CLKBUF_X3)
                                         clknet_leaf_15_CK (net)
                  0.01    0.00    0.13 ^ U_g690/CK (SDFF_X1)
    18   35.50    0.08    0.15    0.28 ^ U_g690/Q (SDFF_X1)
                                         g690 (net)
                  0.08    0.00    0.28 ^ U_g3367/A1 (AND2_X1)
     2    4.83    0.02    0.06    0.34 ^ U_g3367/ZN (AND2_X1)
                                         g3367 (net)
                  0.02    0.00    0.34 ^ U_g3925/A2 (NOR2_X1)
     1    1.73    0.01    0.01    0.35 v U_g3925/ZN (NOR2_X1)
                                         g3925 (net)
                  0.01    0.00    0.35 v U_g4168/A1 (AND2_X1)
     1    2.60    0.01    0.03    0.38 v U_g4168/ZN (AND2_X1)
                                         g4168 (net)
                  0.01    0.00    0.38 v U_g4584/A2 (NOR2_X1)
     1    2.11    0.02    0.03    0.41 ^ U_g4584/ZN (NOR2_X1)
                                         g4584 (net)
                  0.02    0.00    0.41 ^ U_g4684/A1 (AND2_X1)
     1    2.68    0.01    0.04    0.44 ^ U_g4684/ZN (AND2_X1)
                                         g4684 (net)
                  0.01    0.00    0.44 ^ U_g5093/A2 (NOR2_X1)
     1    2.66    0.01    0.01    0.46 v U_g5093/ZN (NOR2_X1)
                                         g5093 (net)
                  0.01    0.00    0.46 v U_g5169/A1 (AND2_X1)
     1    2.10    0.01    0.03    0.48 v U_g5169/ZN (AND2_X1)
                                         g5169 (net)
                  0.01    0.00    0.48 v U_g5418/A2 (NOR2_X1)
     2    4.75    0.03    0.04    0.53 ^ U_g5418/ZN (NOR2_X1)
                                         g5418 (net)
                  0.03    0.00    0.53 ^ U_I8194/A2 (NAND2_X1)
     2    4.27    0.02    0.02    0.55 v U_I8194/ZN (NAND2_X1)
                                         I8194 (net)
                  0.02    0.00    0.55 v U_I8196/A2 (NAND2_X1)
     1    2.82    0.01    0.02    0.58 ^ U_I8196/ZN (NAND2_X1)
                                         I8196 (net)
                  0.01    0.00    0.58 ^ U_g6394/A2 (NAND2_X1)
     2    3.81    0.01    0.02    0.59 v U_g6394/ZN (NAND2_X1)
                                         g6394 (net)
                  0.01    0.00    0.60 v U_g6468/A2 (AND3_X1)
     1    1.66    0.01    0.03    0.63 v U_g6468/ZN (AND3_X1)
                                         g6468 (net)
                  0.01    0.00    0.63 v U_g6545/A1 (OR2_X1)
     2    2.73    0.01    0.05    0.68 v U_g6545/ZN (OR2_X1)
                                         g6545 (net)
                  0.01    0.00    0.68 v U_g6634/A2 (AND2_X1)
     2    3.99    0.01    0.04    0.71 v U_g6634/ZN (AND2_X1)
                                         g6634 (net)
                  0.01    0.00    0.71 v U_g6670/A2 (OR4_X1)
     2    3.86    0.02    0.11    0.82 v U_g6670/ZN (OR4_X1)
                                         g6670 (net)
                  0.02    0.00    0.82 v U_g6714/A (INV_X1)
     1    1.51    0.01    0.02    0.84 ^ U_g6714/ZN (INV_X1)
                                         g6714 (net)
                  0.01    0.00    0.84 ^ U_g6737/A1 (AND3_X1)
     1    1.92    0.01    0.04    0.88 ^ U_g6737/ZN (AND3_X1)
                                         g6737 (net)
                  0.01    0.00    0.88 ^ U_g6754/A3 (OR3_X1)
     3    7.03    0.02    0.04    0.92 ^ U_g6754/ZN (OR3_X1)
                                         g6754 (net)
                  0.02    0.00    0.92 ^ U_g6774/A1 (NAND2_X1)
     2    3.68    0.01    0.02    0.94 v U_g6774/ZN (NAND2_X1)
                                         g6774 (net)
                  0.01    0.00    0.94 v U_g6846/A2 (OR2_X1)
     1    1.96    0.01    0.05    0.99 v U_g6846/ZN (OR2_X1)
                                         g6846 (net)
                  0.01    0.00    0.99 v U_g6851/A1 (AND2_X1)
     1    1.64    0.01    0.03    1.02 v U_g6851/ZN (AND2_X1)
                                         g6851 (net)
                  0.01    0.00    1.02 v U_g6855/A1 (OR2_X1)
     2    2.56    0.01    0.05    1.06 v U_g6855/ZN (OR2_X1)
                                         g6855 (net)
                  0.01    0.00    1.06 v U_g6911/A2 (AND2_X1)
     2    2.99    0.01    0.03    1.10 v U_g6911/ZN (AND2_X1)
                                         g6911 (net)
                  0.01    0.00    1.10 v U_g6917/A2 (OR2_X1)
     2    2.72    0.01    0.05    1.15 v U_g6917/ZN (OR2_X1)
                                         g6917 (net)
                  0.01    0.00    1.15 v U_g6923/A2 (AND2_X1)
     1    2.86    0.01    0.03    1.18 v U_g6923/ZN (AND2_X1)
                                         g6923 (net)
                  0.01    0.00    1.18 v U_g6926/A2 (OR2_X1)
     1    2.10    0.01    0.05    1.23 v U_g6926/ZN (OR2_X1)
                                         g6926 (net)
                  0.01    0.00    1.23 v U_g6928/A2 (NAND2_X1)
     1    1.94    0.01    0.02    1.25 ^ U_g6928/ZN (NAND2_X1)
                                         g6928 (net)
                  0.01    0.00    1.25 ^ U_g6930/A2 (OR2_X1)
     1    2.02    0.01    0.03    1.28 ^ U_g6930/ZN (OR2_X1)
                                         g6930 (net)
                  0.01    0.00    1.28 ^ U_g6935/A1 (AND2_X1)
     1    1.37    0.01    0.03    1.31 ^ U_g6935/ZN (AND2_X1)
                                         g6935 (net)
                  0.01    0.00    1.31 ^ U_g6936/A2 (OR2_X1)
     1    1.81    0.01    0.02    1.33 ^ U_g6936/ZN (OR2_X1)
                                         g6936 (net)
                  0.01    0.00    1.33 ^ U_g127/D (SDFF_X1)
                                  1.33   data arrival time

                         10.00   10.00   clock clk (rise edge)
                          0.00   10.00   clock source latency
     1   12.10    0.00    0.00   10.00 ^ CK (in)
                                         CK (net)
                  0.00    0.00   10.00 ^ clkbuf_0_CK/A (CLKBUF_X3)
     4   14.70    0.01    0.04   10.04 ^ clkbuf_0_CK/Z (CLKBUF_X3)
                                         clknet_0_CK (net)
                  0.01    0.00   10.04 ^ clkbuf_2_0__f_CK/A (CLKBUF_X3)
     8   24.36    0.02    0.05   10.09 ^ clkbuf_2_0__f_CK/Z (CLKBUF_X3)
                                         clknet_2_0__leaf_CK (net)
                  0.02    0.00   10.09 ^ clkbuf_leaf_3_CK/A (CLKBUF_X3)
     7   10.21    0.01    0.04   10.13 ^ clkbuf_leaf_3_CK/Z (CLKBUF_X3)
                                         clknet_leaf_3_CK (net)
                  0.01    0.00   10.13 ^ U_g127/CK (SDFF_X1)
                          0.00   10.13   clock reconvergence pessimism
                         -0.07   10.06   library setup time
                                 10.06   data required time
-----------------------------------------------------------------------------
                                 10.06   data required time
                                 -1.33   data arrival time
-----------------------------------------------------------------------------
                                  8.73   slack (MET)



==========================================================================
global route report_checks -unconstrained
--------------------------------------------------------------------------
Startpoint: U_g690 (rising edge-triggered flip-flop clocked by clk)
Endpoint: U_g127 (rising edge-triggered flip-flop clocked by clk)
Path Group: clk
Path Type: max

Fanout     Cap    Slew   Delay    Time   Description
-----------------------------------------------------------------------------
                          0.00    0.00   clock clk (rise edge)
                          0.00    0.00   clock source latency
     1   12.10    0.00    0.00    0.00 ^ CK (in)
                                         CK (net)
                  0.00    0.00    0.00 ^ clkbuf_0_CK/A (CLKBUF_X3)
     4   14.70    0.01    0.04    0.04 ^ clkbuf_0_CK/Z (CLKBUF_X3)
                                         clknet_0_CK (net)
                  0.01    0.00    0.04 ^ clkbuf_2_3__f_CK/A (CLKBUF_X3)
    10   26.08    0.02    0.05    0.09 ^ clkbuf_2_3__f_CK/Z (CLKBUF_X3)
                                         clknet_2_3__leaf_CK (net)
                  0.02    0.00    0.09 ^ clkbuf_leaf_15_CK/A (CLKBUF_X3)
     8   10.93    0.01    0.04    0.13 ^ clkbuf_leaf_15_CK/Z (CLKBUF_X3)
                                         clknet_leaf_15_CK (net)
                  0.01    0.00    0.13 ^ U_g690/CK (SDFF_X1)
    18   35.50    0.08    0.15    0.28 ^ U_g690/Q (SDFF_X1)
                                         g690 (net)
                  0.08    0.00    0.28 ^ U_g3367/A1 (AND2_X1)
     2    4.83    0.02    0.06    0.34 ^ U_g3367/ZN (AND2_X1)
                                         g3367 (net)
                  0.02    0.00    0.34 ^ U_g3925/A2 (NOR2_X1)
     1    1.73    0.01    0.01    0.35 v U_g3925/ZN (NOR2_X1)
                                         g3925 (net)
                  0.01    0.00    0.35 v U_g4168/A1 (AND2_X1)
     1    2.60    0.01    0.03    0.38 v U_g4168/ZN (AND2_X1)
                                         g4168 (net)
                  0.01    0.00    0.38 v U_g4584/A2 (NOR2_X1)
     1    2.11    0.02    0.03    0.41 ^ U_g4584/ZN (NOR2_X1)
                                         g4584 (net)
                  0.02    0.00    0.41 ^ U_g4684/A1 (AND2_X1)
     1    2.68    0.01    0.04    0.44 ^ U_g4684/ZN (AND2_X1)
                                         g4684 (net)
                  0.01    0.00    0.44 ^ U_g5093/A2 (NOR2_X1)
     1    2.66    0.01    0.01    0.46 v U_g5093/ZN (NOR2_X1)
                                         g5093 (net)
                  0.01    0.00    0.46 v U_g5169/A1 (AND2_X1)
     1    2.10    0.01    0.03    0.48 v U_g5169/ZN (AND2_X1)
                                         g5169 (net)
                  0.01    0.00    0.48 v U_g5418/A2 (NOR2_X1)
     2    4.75    0.03    0.04    0.53 ^ U_g5418/ZN (NOR2_X1)
                                         g5418 (net)
                  0.03    0.00    0.53 ^ U_I8194/A2 (NAND2_X1)
     2    4.27    0.02    0.02    0.55 v U_I8194/ZN (NAND2_X1)
                                         I8194 (net)
                  0.02    0.00    0.55 v U_I8196/A2 (NAND2_X1)
     1    2.82    0.01    0.02    0.58 ^ U_I8196/ZN (NAND2_X1)
                                         I8196 (net)
                  0.01    0.00    0.58 ^ U_g6394/A2 (NAND2_X1)
     2    3.81    0.01    0.02    0.59 v U_g6394/ZN (NAND2_X1)
                                         g6394 (net)
                  0.01    0.00    0.60 v U_g6468/A2 (AND3_X1)
     1    1.66    0.01    0.03    0.63 v U_g6468/ZN (AND3_X1)
                                         g6468 (net)
                  0.01    0.00    0.63 v U_g6545/A1 (OR2_X1)
     2    2.73    0.01    0.05    0.68 v U_g6545/ZN (OR2_X1)
                                         g6545 (net)
                  0.01    0.00    0.68 v U_g6634/A2 (AND2_X1)
     2    3.99    0.01    0.04    0.71 v U_g6634/ZN (AND2_X1)
                                         g6634 (net)
                  0.01    0.00    0.71 v U_g6670/A2 (OR4_X1)
     2    3.86    0.02    0.11    0.82 v U_g6670/ZN (OR4_X1)
                                         g6670 (net)
                  0.02    0.00    0.82 v U_g6714/A (INV_X1)
     1    1.51    0.01    0.02    0.84 ^ U_g6714/ZN (INV_X1)
                                         g6714 (net)
                  0.01    0.00    0.84 ^ U_g6737/A1 (AND3_X1)
     1    1.92    0.01    0.04    0.88 ^ U_g6737/ZN (AND3_X1)
                                         g6737 (net)
                  0.01    0.00    0.88 ^ U_g6754/A3 (OR3_X1)
     3    7.03    0.02    0.04    0.92 ^ U_g6754/ZN (OR3_X1)
                                         g6754 (net)
                  0.02    0.00    0.92 ^ U_g6774/A1 (NAND2_X1)
     2    3.68    0.01    0.02    0.94 v U_g6774/ZN (NAND2_X1)
                                         g6774 (net)
                  0.01    0.00    0.94 v U_g6846/A2 (OR2_X1)
     1    1.96    0.01    0.05    0.99 v U_g6846/ZN (OR2_X1)
                                         g6846 (net)
                  0.01    0.00    0.99 v U_g6851/A1 (AND2_X1)
     1    1.64    0.01    0.03    1.02 v U_g6851/ZN (AND2_X1)
                                         g6851 (net)
                  0.01    0.00    1.02 v U_g6855/A1 (OR2_X1)
     2    2.56    0.01    0.05    1.06 v U_g6855/ZN (OR2_X1)
                                         g6855 (net)
                  0.01    0.00    1.06 v U_g6911/A2 (AND2_X1)
     2    2.99    0.01    0.03    1.10 v U_g6911/ZN (AND2_X1)
                                         g6911 (net)
                  0.01    0.00    1.10 v U_g6917/A2 (OR2_X1)
     2    2.72    0.01    0.05    1.15 v U_g6917/ZN (OR2_X1)
                                         g6917 (net)
                  0.01    0.00    1.15 v U_g6923/A2 (AND2_X1)
     1    2.86    0.01    0.03    1.18 v U_g6923/ZN (AND2_X1)
                                         g6923 (net)
                  0.01    0.00    1.18 v U_g6926/A2 (OR2_X1)
     1    2.10    0.01    0.05    1.23 v U_g6926/ZN (OR2_X1)
                                         g6926 (net)
                  0.01    0.00    1.23 v U_g6928/A2 (NAND2_X1)
     1    1.94    0.01    0.02    1.25 ^ U_g6928/ZN (NAND2_X1)
                                         g6928 (net)
                  0.01    0.00    1.25 ^ U_g6930/A2 (OR2_X1)
     1    2.02    0.01    0.03    1.28 ^ U_g6930/ZN (OR2_X1)
                                         g6930 (net)
                  0.01    0.00    1.28 ^ U_g6935/A1 (AND2_X1)
     1    1.37    0.01    0.03    1.31 ^ U_g6935/ZN (AND2_X1)
                                         g6935 (net)
                  0.01    0.00    1.31 ^ U_g6936/A2 (OR2_X1)
     1    1.81    0.01    0.02    1.33 ^ U_g6936/ZN (OR2_X1)
                                         g6936 (net)
                  0.01    0.00    1.33 ^ U_g127/D (SDFF_X1)
                                  1.33   data arrival time

                         10.00   10.00   clock clk (rise edge)
                          0.00   10.00   clock source latency
     1   12.10    0.00    0.00   10.00 ^ CK (in)
                                         CK (net)
                  0.00    0.00   10.00 ^ clkbuf_0_CK/A (CLKBUF_X3)
     4   14.70    0.01    0.04   10.04 ^ clkbuf_0_CK/Z (CLKBUF_X3)
                                         clknet_0_CK (net)
                  0.01    0.00   10.04 ^ clkbuf_2_0__f_CK/A (CLKBUF_X3)
     8   24.36    0.02    0.05   10.09 ^ clkbuf_2_0__f_CK/Z (CLKBUF_X3)
                                         clknet_2_0__leaf_CK (net)
                  0.02    0.00   10.09 ^ clkbuf_leaf_3_CK/A (CLKBUF_X3)
     7   10.21    0.01    0.04   10.13 ^ clkbuf_leaf_3_CK/Z (CLKBUF_X3)
                                         clknet_leaf_3_CK (net)
                  0.01    0.00   10.13 ^ U_g127/CK (SDFF_X1)
                          0.00   10.13   clock reconvergence pessimism
                         -0.07   10.06   library setup time
                                 10.06   data required time
-----------------------------------------------------------------------------
                                 10.06   data required time
                                 -1.33   data arrival time
-----------------------------------------------------------------------------
                                  8.73   slack (MET)



==========================================================================
global route report_check_types -max_slew -max_cap -max_fanout -violators
--------------------------------------------------------------------------

==========================================================================
global route max_slew_check_slack
--------------------------------------------------------------------------
0.09190014004707336

==========================================================================
global route max_slew_check_limit
--------------------------------------------------------------------------
0.1985349953174591

==========================================================================
global route max_slew_check_slack_limit
--------------------------------------------------------------------------
0.4629

==========================================================================
global route max_fanout_check_slack
--------------------------------------------------------------------------
1.0000000150474662e+30

==========================================================================
global route max_fanout_check_limit
--------------------------------------------------------------------------
1.0000000150474662e+30

==========================================================================
global route max_capacitance_check_slack
--------------------------------------------------------------------------
5.7357497215271

==========================================================================
global route max_capacitance_check_limit
--------------------------------------------------------------------------
26.702899932861328

==========================================================================
global route max_capacitance_check_slack_limit
--------------------------------------------------------------------------
0.2148

==========================================================================
global route max_slew_violation_count
--------------------------------------------------------------------------
max slew violation count 0

==========================================================================
global route max_fanout_violation_count
--------------------------------------------------------------------------
max fanout violation count 0

==========================================================================
global route max_cap_violation_count
--------------------------------------------------------------------------
max cap violation count 0

==========================================================================
global route setup_violation_count
--------------------------------------------------------------------------
setup violation count 0

==========================================================================
global route hold_violation_count
--------------------------------------------------------------------------
hold violation count 0

==========================================================================
global route report_checks -path_delay max reg to reg
--------------------------------------------------------------------------
Startpoint: U_g690 (rising edge-triggered flip-flop clocked by clk)
Endpoint: U_g127 (rising edge-triggered flip-flop clocked by clk)
Path Group: clk
Path Type: max

  Delay    Time   Description
---------------------------------------------------------
   0.00    0.00   clock clk (rise edge)
   0.00    0.00   clock source latency
   0.00    0.00 ^ CK (in)
   0.04    0.04 ^ clkbuf_0_CK/Z (CLKBUF_X3)
   0.05    0.09 ^ clkbuf_2_3__f_CK/Z (CLKBUF_X3)
   0.04    0.13 ^ clkbuf_leaf_15_CK/Z (CLKBUF_X3)
   0.00    0.13 ^ U_g690/CK (SDFF_X1)
   0.15    0.28 ^ U_g690/Q (SDFF_X1)
   0.06    0.34 ^ U_g3367/ZN (AND2_X1)
   0.01    0.35 v U_g3925/ZN (NOR2_X1)
   0.03    0.38 v U_g4168/ZN (AND2_X1)
   0.03    0.41 ^ U_g4584/ZN (NOR2_X1)
   0.04    0.44 ^ U_g4684/ZN (AND2_X1)
   0.01    0.46 v U_g5093/ZN (NOR2_X1)
   0.03    0.48 v U_g5169/ZN (AND2_X1)
   0.04    0.53 ^ U_g5418/ZN (NOR2_X1)
   0.02    0.55 v U_I8194/ZN (NAND2_X1)
   0.02    0.58 ^ U_I8196/ZN (NAND2_X1)
   0.02    0.59 v U_g6394/ZN (NAND2_X1)
   0.03    0.63 v U_g6468/ZN (AND3_X1)
   0.05    0.68 v U_g6545/ZN (OR2_X1)
   0.04    0.71 v U_g6634/ZN (AND2_X1)
   0.11    0.82 v U_g6670/ZN (OR4_X1)
   0.02    0.84 ^ U_g6714/ZN (INV_X1)
   0.04    0.88 ^ U_g6737/ZN (AND3_X1)
   0.04    0.92 ^ U_g6754/ZN (OR3_X1)
   0.02    0.94 v U_g6774/ZN (NAND2_X1)
   0.05    0.99 v U_g6846/ZN (OR2_X1)
   0.03    1.02 v U_g6851/ZN (AND2_X1)
   0.05    1.06 v U_g6855/ZN (OR2_X1)
   0.03    1.10 v U_g6911/ZN (AND2_X1)
   0.05    1.15 v U_g6917/ZN (OR2_X1)
   0.03    1.18 v U_g6923/ZN (AND2_X1)
   0.05    1.23 v U_g6926/ZN (OR2_X1)
   0.02    1.25 ^ U_g6928/ZN (NAND2_X1)
   0.03    1.28 ^ U_g6930/ZN (OR2_X1)
   0.03    1.31 ^ U_g6935/ZN (AND2_X1)
   0.02    1.33 ^ U_g6936/ZN (OR2_X1)
   0.00    1.33 ^ U_g127/D (SDFF_X1)
           1.33   data arrival time

  10.00   10.00   clock clk (rise edge)
   0.00   10.00   clock source latency
   0.00   10.00 ^ CK (in)
   0.04   10.04 ^ clkbuf_0_CK/Z (CLKBUF_X3)
   0.05   10.09 ^ clkbuf_2_0__f_CK/Z (CLKBUF_X3)
   0.04   10.13 ^ clkbuf_leaf_3_CK/Z (CLKBUF_X3)
   0.00   10.13 ^ U_g127/CK (SDFF_X1)
   0.00   10.13   clock reconvergence pessimism
  -0.07   10.06   library setup time
          10.06   data required time
---------------------------------------------------------
          10.06   data required time
          -1.33   data arrival time
---------------------------------------------------------
           8.73   slack (MET)



==========================================================================
global route report_checks -path_delay min reg to reg
--------------------------------------------------------------------------
Startpoint: U_g327 (rising edge-triggered flip-flop clocked by clk)
Endpoint: U_g79 (rising edge-triggered flip-flop clocked by clk)
Path Group: clk
Path Type: min

  Delay    Time   Description
---------------------------------------------------------
   0.00    0.00   clock clk (rise edge)
   0.00    0.00   clock source latency
   0.00    0.00 ^ CK (in)
   0.04    0.04 ^ clkbuf_0_CK/Z (CLKBUF_X3)
   0.05    0.09 ^ clkbuf_2_2__f_CK/Z (CLKBUF_X3)
   0.04    0.13 ^ clkbuf_leaf_7_CK/Z (CLKBUF_X3)
   0.00    0.13 ^ U_g327/CK (SDFF_X1)
   0.07    0.20 ^ U_g327/Q (SDFF_X1)
   0.00    0.20 ^ U_g79/SI (SDFF_X1)
           0.20   data arrival time

   0.00    0.00   clock clk (rise edge)
   0.00    0.00   clock source latency
   0.00    0.00 ^ CK (in)
   0.04    0.04 ^ clkbuf_0_CK/Z (CLKBUF_X3)
   0.05    0.09 ^ clkbuf_2_2__f_CK/Z (CLKBUF_X3)
   0.04    0.13 ^ clkbuf_leaf_8_CK/Z (CLKBUF_X3)
   0.00    0.13 ^ U_g79/CK (SDFF_X1)
   0.00    0.13   clock reconvergence pessimism
  -0.01    0.12   library hold time
           0.12   data required time
---------------------------------------------------------
           0.12   data required time
          -0.20   data arrival time
---------------------------------------------------------
           0.08   slack (MET)



==========================================================================
global route critical path target clock latency max path
--------------------------------------------------------------------------
0.1283

==========================================================================
global route critical path target clock latency min path
--------------------------------------------------------------------------
0.1305

==========================================================================
global route critical path source clock latency min path
--------------------------------------------------------------------------
0.0000

==========================================================================
global route critical path delay
--------------------------------------------------------------------------
1.3297

==========================================================================
global route critical path slack
--------------------------------------------------------------------------
8.7294

==========================================================================
global route slack div critical path delay
--------------------------------------------------------------------------
656.493946

==========================================================================
global route report_power
--------------------------------------------------------------------------
Group                  Internal  Switching    Leakage      Total
                          Power      Power      Power      Power (Watts)
----------------------------------------------------------------
Sequential             2.56e-04   1.16e-04   2.10e-05   3.93e-04  34.9%
Combinational          3.00e-04   2.72e-04   5.36e-05   6.26e-04  55.6%
Clock                  4.87e-05   5.71e-05   1.65e-06   1.07e-04   9.5%
Macro                  0.00e+00   0.00e+00   0.00e+00   0.00e+00   0.0%
Pad                    0.00e+00   0.00e+00   0.00e+00   0.00e+00   0.0%
----------------------------------------------------------------
Total                  6.04e-04   4.45e-04   7.63e-05   1.13e-03 100.0%
                          53.7%      39.6%       6.8%
