
==================================== ERRORS ====================================
_______________ ERROR collecting tests/unit/test_optimizer_v2.py _______________
ImportError while importing test module '/mnt/c/Users/Abhinav/OneDrive/Desktop/PACT/PACT/tests/unit/test_optimizer_v2.py'.
Hint: make sure your test modules/packages have valid Python names.
Traceback:
/usr/lib/python3.12/importlib/__init__.py:90: in import_module
    return _bootstrap._gcd_import(name[level:], package, level)
           ^^^^^^^^^^^^^^^^^^^^^^^^^^^^^^^^^^^^^^^^^^^^^^^^^^^^
tests/unit/test_optimizer_v2.py:11: in <module>
    from pact.phase0d.optimizer_v2 import (
src/pact/phase0d/optimizer_v2.py:15: in <module>
    from pact.phase0d.v2_activity import (
src/pact/phase0d/v2_activity.py:23: in <module>
    from threadpoolctl import threadpool_limits
E   ModuleNotFoundError: No module named 'threadpoolctl'
______________ ERROR collecting tests/unit/test_optimizer_v2_2.py ______________
ImportError while importing test module '/mnt/c/Users/Abhinav/OneDrive/Desktop/PACT/PACT/tests/unit/test_optimizer_v2_2.py'.
Hint: make sure your test modules/packages have valid Python names.
Traceback:
/usr/lib/python3.12/importlib/__init__.py:90: in import_module
    return _bootstrap._gcd_import(name[level:], package, level)
           ^^^^^^^^^^^^^^^^^^^^^^^^^^^^^^^^^^^^^^^^^^^^^^^^^^^^
tests/unit/test_optimizer_v2_2.py:10: in <module>
    from pact.phase0d.optimizer_v2 import OptimizerV2Config, PhysicalArcCost, optimize_v2
src/pact/phase0d/optimizer_v2.py:15: in <module>
    from pact.phase0d.v2_activity import (
src/pact/phase0d/v2_activity.py:23: in <module>
    from threadpoolctl import threadpool_limits
E   ModuleNotFoundError: No module named 'threadpoolctl'
______________ ERROR collecting tests/unit/test_optimizer_v2_3.py ______________
ImportError while importing test module '/mnt/c/Users/Abhinav/OneDrive/Desktop/PACT/PACT/tests/unit/test_optimizer_v2_3.py'.
Hint: make sure your test modules/packages have valid Python names.
Traceback:
/usr/lib/python3.12/importlib/__init__.py:90: in import_module
    return _bootstrap._gcd_import(name[level:], package, level)
           ^^^^^^^^^^^^^^^^^^^^^^^^^^^^^^^^^^^^^^^^^^^^^^^^^^^^
tests/unit/test_optimizer_v2_3.py:11: in <module>
    from pact.phase0d.optimizer_v2 import OptimizerV2Config, optimize_v2
src/pact/phase0d/optimizer_v2.py:15: in <module>
    from pact.phase0d.v2_activity import (
src/pact/phase0d/v2_activity.py:23: in <module>
    from threadpoolctl import threadpool_limits
E   ModuleNotFoundError: No module named 'threadpoolctl'
=========================== short test summary info ============================
ERROR tests/unit/test_optimizer_v2.py
ERROR tests/unit/test_optimizer_v2_2.py
ERROR tests/unit/test_optimizer_v2_3.py
!!!!!!!!!!!!!!!!!!! Interrupted: 3 errors during collection !!!!!!!!!!!!!!!!!!!!
3 errors in 8.48s
