
no tests ran in 3.06s
Traceback (most recent call last):
  File "<stdin>", line 4, in <module>
  File "/root/pact-deps/pact-venv/lib/python3.12/site-packages/_pytest/config/__init__.py", line 201, in main
    return _main(args=args, plugins=plugins, prog="pytest.main()")
           ^^^^^^^^^^^^^^^^^^^^^^^^^^^^^^^^^^^^^^^^^^^^^^^^^^^^^^^
  File "/root/pact-deps/pact-venv/lib/python3.12/site-packages/_pytest/config/__init__.py", line 229, in _main
    ret: ExitCode | int = config.hook.pytest_cmdline_main(config=config)
                          ^^^^^^^^^^^^^^^^^^^^^^^^^^^^^^^^^^^^^^^^^^^^^^
  File "/root/pact-deps/pact-venv/lib/python3.12/site-packages/pluggy/_hooks.py", line 512, in __call__
    return self._hookexec(self.name, self._hookimpls.copy(), kwargs, firstresult)
           ^^^^^^^^^^^^^^^^^^^^^^^^^^^^^^^^^^^^^^^^^^^^^^^^^^^^^^^^^^^^^^^^^^^^^^
  File "/root/pact-deps/pact-venv/lib/python3.12/site-packages/pluggy/_manager.py", line 120, in _hookexec
    return self._inner_hookexec(hook_name, methods, kwargs, firstresult)
           ^^^^^^^^^^^^^^^^^^^^^^^^^^^^^^^^^^^^^^^^^^^^^^^^^^^^^^^^^^^^^
  File "/root/pact-deps/pact-venv/lib/python3.12/site-packages/pluggy/_callers.py", line 167, in _multicall
    raise exception
  File "/root/pact-deps/pact-venv/lib/python3.12/site-packages/pluggy/_callers.py", line 121, in _multicall
    res = hook_impl.function(*args)
          ^^^^^^^^^^^^^^^^^^^^^^^^^
  File "/root/pact-deps/pact-venv/lib/python3.12/site-packages/_pytest/main.py", line 377, in pytest_cmdline_main
    return wrap_session(config, _main)
           ^^^^^^^^^^^^^^^^^^^^^^^^^^^
  File "/root/pact-deps/pact-venv/lib/python3.12/site-packages/_pytest/main.py", line 372, in wrap_session
    config._ensure_unconfigure()
  File "/root/pact-deps/pact-venv/lib/python3.12/site-packages/_pytest/config/__init__.py", line 1217, in _ensure_unconfigure
    self._cleanup_stack.close()
  File "/usr/lib/python3.12/contextlib.py", line 618, in close
    self.__exit__(None, None, None)
  File "/usr/lib/python3.12/contextlib.py", line 610, in __exit__
    raise exc_details[1]
  File "/usr/lib/python3.12/contextlib.py", line 595, in __exit__
    if cb(*exc_details):
       ^^^^^^^^^^^^^^^^
  File "/usr/lib/python3.12/contextlib.py", line 478, in _exit_wrapper
    callback(*args, **kwds)
  File "/root/pact-deps/pact-venv/lib/python3.12/site-packages/_pytest/capture.py", line 778, in stop_global_capturing
    self._global_capturing.pop_outerr_to_orig()
  File "/root/pact-deps/pact-venv/lib/python3.12/site-packages/_pytest/capture.py", line 659, in pop_outerr_to_orig
    out, err = self.readouterr()
               ^^^^^^^^^^^^^^^^^
  File "/root/pact-deps/pact-venv/lib/python3.12/site-packages/_pytest/capture.py", line 706, in readouterr
    out = self.out.snap() if self.out else ""
          ^^^^^^^^^^^^^^^
  File "/root/pact-deps/pact-venv/lib/python3.12/site-packages/_pytest/capture.py", line 594, in snap
    self.tmpfile.truncate()
FileNotFoundError: [Errno 2] No such file or directory
