[  0%] Built target lodepng
[  0%] Built target stb_truetype
[  0%] Built target cli_completer
[  0%] Built target def
[  0%] Built target defzlib
[  1%] Built target utl_lib
[  2%] Built target lefzlib
[  4%] Built target lef
[ 10%] Built target OpenSTA
[ 10%] Built target linenoise
[ 14%] Built target slang_slang
[ 14%] Generating messages.checked
[ 14%] Built target openroad_messages
[ 14%] Built target Munkres
[ 14%] Built target dst_lib
[ 14%] Generating messages.checked
[ 14%] Built target utl_messages
[ 14%] Built target utl_py
[ 14%] Generating messages.checked
[ 14%] Built target dst_messages
[ 61%] Built target libabc
[ 61%] Generating messages.checked
[ 61%] Built target ppl_messages
[ 61%] Built target utl
[ 61%] Built target dst
[ 61%] Built target syn_ir
[ 61%] Built target slang_frontend
[ 67%] Built target db
[ 67%] Built target gdsout
[ 67%] Built target defout
[ 68%] Built target defin
[ 68%] Built target lefout
[ 68%] Built target cdl
[ 68%] Built target 3dblox
[ 68%] Built target gdsin
[ 68%] Built target lefin
[ 68%] Generating messages.checked
[ 68%] Built target odb_swig_common
[ 68%] Built target odb_messages
[ 68%] Built target gui_descriptors
[ 68%] Built target odb_py
[ 70%] Built target dbSta_lib
[ 70%] Built target odbtcl
[ 71%] Built target stt_lib
[ 71%] Built target ant_lib
[ 71%] Generating messages.checked
[ 71%] Built target stt_messages
[ 71%] Built target exa_lib
[ 73%] Built target dpl_lib
[ 73%] Built target tap
[ 74%] Built target rcx_lib
[ 74%] Generating messages.checked
[ 74%] Built target ant_messages
[ 74%] Built target dft_utils_scan_pin_lib
[ 74%] Built target dft_config_lib
[ 74%] Built target mpl_snapper
[ 74%] Built target mpl_pusher
[ 74%] Built target par_lib
[ 74%] Built target syn_elab
[ 74%] Built target gui_heatmap_core
[ 74%] Generating messages.checked
[ 77%] Built target drt_lib
[ 77%] Built target dbSta_messages
[ 77%] Generating messages.checked
[ 77%] Built target CUGR
[ 77%] Generating messages.checked
[ 77%] Built target dpl_messages
[ 77%] Generating messages.checked
[ 77%] Built target exa_messages
[ 77%] Built target drt_messages
[ 77%] Built target tap_py
[ 77%] Generating messages.checked
[ 79%] Built target rcx_py
[ 79%] Built target dft_clock_domain_lib
[ 79%] Built target rcx_messages
[ 79%] Built target par
[ 80%] Built target par_py
[ 82%] Built target mpl_lib
[ 82%] Built target dbSta
[ 83%] Built target est_lib
[ 83%] Built target rcx
[ 83%] Built target dft_utils_lib
[ 83%] Built target web
[ 83%] Built target dft_clock_domain_hash_lib
[ 83%] Built target dft_base_scan_cell_lib
[ 83%] Built target dft_replace_lib
[ 85%] Built target dft_cells_lib
[ 85%] Built target ord
[ 86%] Built target web_py
[ 86%] Built target upf_lib
[ 86%] Built target gui
[ 86%] Built target upf
[ 86%] Built target FastRoute4.1
[ 86%] Built target dft_architect_lib
[ 86%] Built target dft_optimizer_lib
[ 86%] Built target mpl
[ 86%] Built target ifp
[ 86%] Built target grt_lib
[ 86%] Built target pad
[ 86%] Built target stt
[ 86%] Built target dpl_py
[ 86%] Built target dpl
[ 86%] Built target exa
[ 86%] Built target exa_py
[ 86%] Built target fin
[ 86%] Built target ppl
[ 86%] Built target drt
[ 88%] Built target ppl_py
[ 88%] Built target pdn
[ 88%] Built target drt_py
[ 88%] Built target dft_stitch_lib
[ 89%] Built target ord_py
[ 89%] Built target ifp_py
[ 89%] Built target stt_py
[ 89%] Built target fin_py
[ 89%] Built target pdn_py
[ 89%] Generating messages.checked
Error: DFT 0015 used 2 times, next free message id is 20
  Appears in Dft.cpp on line 113 
  Appears in Dft.cpp on line 129 
gmake[3]: *** [src/dft/CMakeFiles/dft_messages.dir/build.make:80: src/dft/messages.checked] Error 1
gmake[2]: *** [CMakeFiles/Makefile2:9545: src/dft/CMakeFiles/dft_messages.dir/all] Error 2
gmake[2]: *** Waiting for unfinished jobs....
[ 92%] Built target rsz_lib
gmake[1]: *** [CMakeFiles/Makefile2:3762: src/CMakeFiles/openroad.dir/rule] Error 2
gmake: *** [Makefile:299: openroad] Error 2
