
==========================================================================
cts final report_tns
--------------------------------------------------------------------------
tns max 0.00

==========================================================================
cts final report_wns
--------------------------------------------------------------------------
wns max 0.00

==========================================================================
cts final report_worst_slack
--------------------------------------------------------------------------
worst slack max 8.78

==========================================================================
cts final report_clock_min_period
--------------------------------------------------------------------------
clk period_min = 1.22 fmax = 817.47

==========================================================================
cts final report_clock_skew
--------------------------------------------------------------------------
Clock clk
   0.13 source latency U_g524/CK ^
  -0.12 target latency U_g434/CK ^
   0.00 CRPR
--------------
   0.01 setup skew


==========================================================================
cts final report_checks -path_delay min
--------------------------------------------------------------------------
Startpoint: g39 (input port clocked by clk)
Endpoint: U_g689 (rising edge-triggered flip-flop clocked by clk)
Path Group: clk
Path Type: min

Fanout     Cap    Slew   Delay    Time   Description
-----------------------------------------------------------------------------
                          0.00    0.00   clock clk (rise edge)
                          0.00    0.00   clock network delay (propagated)
                          0.00    0.00 ^ input external delay
     1    1.24    0.00    0.00    0.00 ^ g39 (in)
                                         g39 (net)
                  0.00    0.00    0.00 ^ hold141/A (CLKBUF_X1)
     1    0.87    0.01    0.02    0.02 ^ hold141/Z (CLKBUF_X1)
                                         net140 (net)
                  0.01    0.00    0.02 ^ hold107/A (CLKBUF_X1)
     1    1.40    0.01    0.03    0.05 ^ hold107/Z (CLKBUF_X1)
                                         net106 (net)
                  0.01    0.00    0.05 ^ input14/A (BUF_X1)
     4    6.57    0.02    0.03    0.08 ^ input14/Z (BUF_X1)
                                         net14 (net)
                  0.02    0.00    0.08 ^ hold108/A (CLKBUF_X1)
     1    1.50    0.01    0.03    0.11 ^ hold108/Z (CLKBUF_X1)
                                         net107 (net)
                  0.01    0.00    0.11 ^ U_g689/D (SDFF_X1)
                                  0.11   data arrival time

                          0.00    0.00   clock clk (rise edge)
                          0.00    0.00   clock source latency
     1   10.97    0.00    0.00    0.00 ^ CK (in)
                                         CK (net)
                  0.00    0.00    0.00 ^ clkbuf_0_CK/A (CLKBUF_X3)
     4   13.98    0.01    0.04    0.04 ^ clkbuf_0_CK/Z (CLKBUF_X3)
                                         clknet_0_CK (net)
                  0.01    0.00    0.04 ^ clkbuf_2_3__f_CK/A (CLKBUF_X3)
    10   24.60    0.02    0.05    0.09 ^ clkbuf_2_3__f_CK/Z (CLKBUF_X3)
                                         clknet_2_3__leaf_CK (net)
                  0.02    0.00    0.09 ^ clkbuf_leaf_20_CK/A (CLKBUF_X3)
     7    9.29    0.01    0.04    0.13 ^ clkbuf_leaf_20_CK/Z (CLKBUF_X3)
                                         clknet_leaf_20_CK (net)
                  0.01    0.00    0.13 ^ U_g689/CK (SDFF_X1)
                          0.00    0.13   clock reconvergence pessimism
                         -0.01    0.11   library hold time
                                  0.11   data required time
-----------------------------------------------------------------------------
                                  0.11   data required time
                                 -0.11   data arrival time
-----------------------------------------------------------------------------
                                  0.00   slack (MET)



==========================================================================
cts final report_checks -path_delay max
--------------------------------------------------------------------------
Startpoint: U_g690 (rising edge-triggered flip-flop clocked by clk)
Endpoint: U_g127 (rising edge-triggered flip-flop clocked by clk)
Path Group: clk
Path Type: max

Fanout     Cap    Slew   Delay    Time   Description
-----------------------------------------------------------------------------
                          0.00    0.00   clock clk (rise edge)
                          0.00    0.00   clock source latency
     1   10.97    0.00    0.00    0.00 ^ CK (in)
                                         CK (net)
                  0.00    0.00    0.00 ^ clkbuf_0_CK/A (CLKBUF_X3)
     4   13.98    0.01    0.04    0.04 ^ clkbuf_0_CK/Z (CLKBUF_X3)
                                         clknet_0_CK (net)
                  0.01    0.00    0.04 ^ clkbuf_2_1__f_CK/A (CLKBUF_X3)
     8   22.55    0.02    0.05    0.08 ^ clkbuf_2_1__f_CK/Z (CLKBUF_X3)
                                         clknet_2_1__leaf_CK (net)
                  0.02    0.00    0.08 ^ clkbuf_leaf_23_CK/A (CLKBUF_X3)
     7    9.14    0.01    0.04    0.12 ^ clkbuf_leaf_23_CK/Z (CLKBUF_X3)
                                         clknet_leaf_23_CK (net)
                  0.01    0.00    0.12 ^ U_g690/CK (SDFF_X1)
    18   35.20    0.08    0.15    0.27 ^ U_g690/Q (SDFF_X1)
                                         g690 (net)
                  0.08    0.00    0.27 ^ U_g3367/A1 (AND2_X1)
     2    4.27    0.02    0.05    0.33 ^ U_g3367/ZN (AND2_X1)
                                         g3367 (net)
                  0.02    0.00    0.33 ^ U_g3965/A2 (NOR2_X1)
     1    1.89    0.01    0.01    0.34 v U_g3965/ZN (NOR2_X1)
                                         g3965 (net)
                  0.01    0.00    0.34 v U_g4183/A1 (AND2_X1)
     1    3.21    0.01    0.03    0.37 v U_g4183/ZN (AND2_X1)
                                         g4183 (net)
                  0.01    0.00    0.37 v U_g4589/A2 (NOR2_X1)
     1    2.63    0.02    0.03    0.40 ^ U_g4589/ZN (NOR2_X1)
                                         g4589 (net)
                  0.02    0.00    0.40 ^ U_g4697/A1 (AND2_X1)
     1    2.80    0.01    0.04    0.44 ^ U_g4697/ZN (AND2_X1)
                                         g4697 (net)
                  0.01    0.00    0.44 ^ U_g5088/A2 (NOR2_X1)
     1    1.08    0.01    0.01    0.45 v U_g5088/ZN (NOR2_X1)
                                         g5088 (net)
                  0.01    0.00    0.45 v U_g5162/A1 (AND2_X1)
     1    2.29    0.01    0.03    0.48 v U_g5162/ZN (AND2_X1)
                                         g5162 (net)
                  0.01    0.00    0.48 v U_g5418/A1 (NOR2_X1)
     2    4.44    0.03    0.04    0.51 ^ U_g5418/ZN (NOR2_X1)
                                         g5418 (net)
                  0.03    0.00    0.51 ^ U_I8194/A2 (NAND2_X1)
     2    4.25    0.02    0.02    0.54 v U_I8194/ZN (NAND2_X1)
                                         I8194 (net)
                  0.02    0.00    0.54 v U_I8196/A2 (NAND2_X1)
     1    2.64    0.01    0.02    0.56 ^ U_I8196/ZN (NAND2_X1)
                                         I8196 (net)
                  0.01    0.00    0.56 ^ U_g6394/A2 (NAND2_X1)
     2    3.67    0.01    0.02    0.58 v U_g6394/ZN (NAND2_X1)
                                         g6394 (net)
                  0.01    0.00    0.58 v U_g6468/A2 (AND3_X1)
     1    1.73    0.01    0.03    0.61 v U_g6468/ZN (AND3_X1)
                                         g6468 (net)
                  0.01    0.00    0.61 v U_g6545/A1 (OR2_X1)
     2    2.44    0.01    0.05    0.66 v U_g6545/ZN (OR2_X1)
                                         g6545 (net)
                  0.01    0.00    0.66 v U_g6634/A2 (AND2_X1)
     2    2.18    0.01    0.03    0.69 v U_g6634/ZN (AND2_X1)
                                         g6634 (net)
                  0.01    0.00    0.69 v U_g6670/A2 (OR4_X1)
     2    3.66    0.02    0.11    0.80 v U_g6670/ZN (OR4_X1)
                                         g6670 (net)
                  0.02    0.00    0.80 v U_g6714/A (INV_X1)
     1    0.99    0.01    0.01    0.81 ^ U_g6714/ZN (INV_X1)
                                         g6714 (net)
                  0.01    0.00    0.81 ^ U_g6737/A1 (AND3_X1)
     1    0.99    0.01    0.04    0.85 ^ U_g6737/ZN (AND3_X1)
                                         g6737 (net)
                  0.01    0.00    0.85 ^ U_g6754/A3 (OR3_X1)
     3    5.60    0.02    0.04    0.89 ^ U_g6754/ZN (OR3_X1)
                                         g6754 (net)
                  0.02    0.00    0.89 ^ U_g6774/A1 (NAND2_X1)
     2    4.28    0.01    0.02    0.91 v U_g6774/ZN (NAND2_X1)
                                         g6774 (net)
                  0.01    0.00    0.91 v U_g6846/A2 (OR2_X1)
     1    1.78    0.01    0.05    0.96 v U_g6846/ZN (OR2_X1)
                                         g6846 (net)
                  0.01    0.00    0.96 v U_g6851/A1 (AND2_X1)
     1    1.23    0.01    0.03    0.99 v U_g6851/ZN (AND2_X1)
                                         g6851 (net)
                  0.01    0.00    0.99 v U_g6855/A1 (OR2_X1)
     2    1.95    0.01    0.04    1.03 v U_g6855/ZN (OR2_X1)
                                         g6855 (net)
                  0.01    0.00    1.03 v U_g6911/A2 (AND2_X1)
     2    2.03    0.01    0.03    1.06 v U_g6911/ZN (AND2_X1)
                                         g6911 (net)
                  0.01    0.00    1.06 v U_g6917/A2 (OR2_X1)
     2    2.53    0.01    0.05    1.11 v U_g6917/ZN (OR2_X1)
                                         g6917 (net)
                  0.01    0.00    1.11 v U_g6923/A2 (AND2_X1)
     1    1.38    0.01    0.03    1.14 v U_g6923/ZN (AND2_X1)
                                         g6923 (net)
                  0.01    0.00    1.14 v U_g6926/A2 (OR2_X1)
     1    1.93    0.01    0.05    1.19 v U_g6926/ZN (OR2_X1)
                                         g6926 (net)
                  0.01    0.00    1.19 v U_g6928/A2 (NAND2_X1)
     1    1.13    0.01    0.02    1.21 ^ U_g6928/ZN (NAND2_X1)
                                         g6928 (net)
                  0.01    0.00    1.21 ^ U_g6930/A2 (OR2_X1)
     1    1.06    0.01    0.02    1.23 ^ U_g6930/ZN (OR2_X1)
                                         g6930 (net)
                  0.01    0.00    1.23 ^ U_g6935/A1 (AND2_X1)
     1    1.07    0.01    0.03    1.26 ^ U_g6935/ZN (AND2_X1)
                                         g6935 (net)
                  0.01    0.00    1.26 ^ U_g6936/A2 (OR2_X1)
     1    1.24    0.01    0.02    1.28 ^ U_g6936/ZN (OR2_X1)
                                         g6936 (net)
                  0.01    0.00    1.28 ^ U_g127/D (SDFF_X1)
                                  1.28   data arrival time

                         10.00   10.00   clock clk (rise edge)
                          0.00   10.00   clock source latency
     1   10.97    0.00    0.00   10.00 ^ CK (in)
                                         CK (net)
                  0.00    0.00   10.00 ^ clkbuf_0_CK/A (CLKBUF_X3)
     4   13.98    0.01    0.04   10.04 ^ clkbuf_0_CK/Z (CLKBUF_X3)
                                         clknet_0_CK (net)
                  0.01    0.00   10.04 ^ clkbuf_2_0__f_CK/A (CLKBUF_X3)
     8   23.70    0.02    0.05   10.09 ^ clkbuf_2_0__f_CK/Z (CLKBUF_X3)
                                         clknet_2_0__leaf_CK (net)
                  0.02    0.00   10.09 ^ clkbuf_leaf_3_CK/A (CLKBUF_X3)
     6    8.62    0.01    0.04   10.12 ^ clkbuf_leaf_3_CK/Z (CLKBUF_X3)
                                         clknet_leaf_3_CK (net)
                  0.01    0.00   10.12 ^ U_g127/CK (SDFF_X1)
                          0.00   10.12   clock reconvergence pessimism
                         -0.07   10.06   library setup time
                                 10.06   data required time
-----------------------------------------------------------------------------
                                 10.06   data required time
                                 -1.28   data arrival time
-----------------------------------------------------------------------------
                                  8.78   slack (MET)



==========================================================================
cts final report_checks -unconstrained
--------------------------------------------------------------------------
Startpoint: U_g690 (rising edge-triggered flip-flop clocked by clk)
Endpoint: U_g127 (rising edge-triggered flip-flop clocked by clk)
Path Group: clk
Path Type: max

Fanout     Cap    Slew   Delay    Time   Description
-----------------------------------------------------------------------------
                          0.00    0.00   clock clk (rise edge)
                          0.00    0.00   clock source latency
     1   10.97    0.00    0.00    0.00 ^ CK (in)
                                         CK (net)
                  0.00    0.00    0.00 ^ clkbuf_0_CK/A (CLKBUF_X3)
     4   13.98    0.01    0.04    0.04 ^ clkbuf_0_CK/Z (CLKBUF_X3)
                                         clknet_0_CK (net)
                  0.01    0.00    0.04 ^ clkbuf_2_1__f_CK/A (CLKBUF_X3)
     8   22.55    0.02    0.05    0.08 ^ clkbuf_2_1__f_CK/Z (CLKBUF_X3)
                                         clknet_2_1__leaf_CK (net)
                  0.02    0.00    0.08 ^ clkbuf_leaf_23_CK/A (CLKBUF_X3)
     7    9.14    0.01    0.04    0.12 ^ clkbuf_leaf_23_CK/Z (CLKBUF_X3)
                                         clknet_leaf_23_CK (net)
                  0.01    0.00    0.12 ^ U_g690/CK (SDFF_X1)
    18   35.20    0.08    0.15    0.27 ^ U_g690/Q (SDFF_X1)
                                         g690 (net)
                  0.08    0.00    0.27 ^ U_g3367/A1 (AND2_X1)
     2    4.27    0.02    0.05    0.33 ^ U_g3367/ZN (AND2_X1)
                                         g3367 (net)
                  0.02    0.00    0.33 ^ U_g3965/A2 (NOR2_X1)
     1    1.89    0.01    0.01    0.34 v U_g3965/ZN (NOR2_X1)
                                         g3965 (net)
                  0.01    0.00    0.34 v U_g4183/A1 (AND2_X1)
     1    3.21    0.01    0.03    0.37 v U_g4183/ZN (AND2_X1)
                                         g4183 (net)
                  0.01    0.00    0.37 v U_g4589/A2 (NOR2_X1)
     1    2.63    0.02    0.03    0.40 ^ U_g4589/ZN (NOR2_X1)
                                         g4589 (net)
                  0.02    0.00    0.40 ^ U_g4697/A1 (AND2_X1)
     1    2.80    0.01    0.04    0.44 ^ U_g4697/ZN (AND2_X1)
                                         g4697 (net)
                  0.01    0.00    0.44 ^ U_g5088/A2 (NOR2_X1)
     1    1.08    0.01    0.01    0.45 v U_g5088/ZN (NOR2_X1)
                                         g5088 (net)
                  0.01    0.00    0.45 v U_g5162/A1 (AND2_X1)
     1    2.29    0.01    0.03    0.48 v U_g5162/ZN (AND2_X1)
                                         g5162 (net)
                  0.01    0.00    0.48 v U_g5418/A1 (NOR2_X1)
     2    4.44    0.03    0.04    0.51 ^ U_g5418/ZN (NOR2_X1)
                                         g5418 (net)
                  0.03    0.00    0.51 ^ U_I8194/A2 (NAND2_X1)
     2    4.25    0.02    0.02    0.54 v U_I8194/ZN (NAND2_X1)
                                         I8194 (net)
                  0.02    0.00    0.54 v U_I8196/A2 (NAND2_X1)
     1    2.64    0.01    0.02    0.56 ^ U_I8196/ZN (NAND2_X1)
                                         I8196 (net)
                  0.01    0.00    0.56 ^ U_g6394/A2 (NAND2_X1)
     2    3.67    0.01    0.02    0.58 v U_g6394/ZN (NAND2_X1)
                                         g6394 (net)
                  0.01    0.00    0.58 v U_g6468/A2 (AND3_X1)
     1    1.73    0.01    0.03    0.61 v U_g6468/ZN (AND3_X1)
                                         g6468 (net)
                  0.01    0.00    0.61 v U_g6545/A1 (OR2_X1)
     2    2.44    0.01    0.05    0.66 v U_g6545/ZN (OR2_X1)
                                         g6545 (net)
                  0.01    0.00    0.66 v U_g6634/A2 (AND2_X1)
     2    2.18    0.01    0.03    0.69 v U_g6634/ZN (AND2_X1)
                                         g6634 (net)
                  0.01    0.00    0.69 v U_g6670/A2 (OR4_X1)
     2    3.66    0.02    0.11    0.80 v U_g6670/ZN (OR4_X1)
                                         g6670 (net)
                  0.02    0.00    0.80 v U_g6714/A (INV_X1)
     1    0.99    0.01    0.01    0.81 ^ U_g6714/ZN (INV_X1)
                                         g6714 (net)
                  0.01    0.00    0.81 ^ U_g6737/A1 (AND3_X1)
     1    0.99    0.01    0.04    0.85 ^ U_g6737/ZN (AND3_X1)
                                         g6737 (net)
                  0.01    0.00    0.85 ^ U_g6754/A3 (OR3_X1)
     3    5.60    0.02    0.04    0.89 ^ U_g6754/ZN (OR3_X1)
                                         g6754 (net)
                  0.02    0.00    0.89 ^ U_g6774/A1 (NAND2_X1)
     2    4.28    0.01    0.02    0.91 v U_g6774/ZN (NAND2_X1)
                                         g6774 (net)
                  0.01    0.00    0.91 v U_g6846/A2 (OR2_X1)
     1    1.78    0.01    0.05    0.96 v U_g6846/ZN (OR2_X1)
                                         g6846 (net)
                  0.01    0.00    0.96 v U_g6851/A1 (AND2_X1)
     1    1.23    0.01    0.03    0.99 v U_g6851/ZN (AND2_X1)
                                         g6851 (net)
                  0.01    0.00    0.99 v U_g6855/A1 (OR2_X1)
     2    1.95    0.01    0.04    1.03 v U_g6855/ZN (OR2_X1)
                                         g6855 (net)
                  0.01    0.00    1.03 v U_g6911/A2 (AND2_X1)
     2    2.03    0.01    0.03    1.06 v U_g6911/ZN (AND2_X1)
                                         g6911 (net)
                  0.01    0.00    1.06 v U_g6917/A2 (OR2_X1)
     2    2.53    0.01    0.05    1.11 v U_g6917/ZN (OR2_X1)
                                         g6917 (net)
                  0.01    0.00    1.11 v U_g6923/A2 (AND2_X1)
     1    1.38    0.01    0.03    1.14 v U_g6923/ZN (AND2_X1)
                                         g6923 (net)
                  0.01    0.00    1.14 v U_g6926/A2 (OR2_X1)
     1    1.93    0.01    0.05    1.19 v U_g6926/ZN (OR2_X1)
                                         g6926 (net)
                  0.01    0.00    1.19 v U_g6928/A2 (NAND2_X1)
     1    1.13    0.01    0.02    1.21 ^ U_g6928/ZN (NAND2_X1)
                                         g6928 (net)
                  0.01    0.00    1.21 ^ U_g6930/A2 (OR2_X1)
     1    1.06    0.01    0.02    1.23 ^ U_g6930/ZN (OR2_X1)
                                         g6930 (net)
                  0.01    0.00    1.23 ^ U_g6935/A1 (AND2_X1)
     1    1.07    0.01    0.03    1.26 ^ U_g6935/ZN (AND2_X1)
                                         g6935 (net)
                  0.01    0.00    1.26 ^ U_g6936/A2 (OR2_X1)
     1    1.24    0.01    0.02    1.28 ^ U_g6936/ZN (OR2_X1)
                                         g6936 (net)
                  0.01    0.00    1.28 ^ U_g127/D (SDFF_X1)
                                  1.28   data arrival time

                         10.00   10.00   clock clk (rise edge)
                          0.00   10.00   clock source latency
     1   10.97    0.00    0.00   10.00 ^ CK (in)
                                         CK (net)
                  0.00    0.00   10.00 ^ clkbuf_0_CK/A (CLKBUF_X3)
     4   13.98    0.01    0.04   10.04 ^ clkbuf_0_CK/Z (CLKBUF_X3)
                                         clknet_0_CK (net)
                  0.01    0.00   10.04 ^ clkbuf_2_0__f_CK/A (CLKBUF_X3)
     8   23.70    0.02    0.05   10.09 ^ clkbuf_2_0__f_CK/Z (CLKBUF_X3)
                                         clknet_2_0__leaf_CK (net)
                  0.02    0.00   10.09 ^ clkbuf_leaf_3_CK/A (CLKBUF_X3)
     6    8.62    0.01    0.04   10.12 ^ clkbuf_leaf_3_CK/Z (CLKBUF_X3)
                                         clknet_leaf_3_CK (net)
                  0.01    0.00   10.12 ^ U_g127/CK (SDFF_X1)
                          0.00   10.12   clock reconvergence pessimism
                         -0.07   10.06   library setup time
                                 10.06   data required time
-----------------------------------------------------------------------------
                                 10.06   data required time
                                 -1.28   data arrival time
-----------------------------------------------------------------------------
                                  8.78   slack (MET)



==========================================================================
cts final report_check_types -max_slew -max_cap -max_fanout -violators
--------------------------------------------------------------------------

==========================================================================
cts final max_slew_check_slack
--------------------------------------------------------------------------
0.09452612698078156

==========================================================================
cts final max_slew_check_limit
--------------------------------------------------------------------------
0.1985349953174591

==========================================================================
cts final max_slew_check_slack_limit
--------------------------------------------------------------------------
0.4761

==========================================================================
cts final max_fanout_check_slack
--------------------------------------------------------------------------
1.0000000150474662e+30

==========================================================================
cts final max_fanout_check_limit
--------------------------------------------------------------------------
1.0000000150474662e+30

==========================================================================
cts final max_capacitance_check_slack
--------------------------------------------------------------------------
7.405625820159912

==========================================================================
cts final max_capacitance_check_limit
--------------------------------------------------------------------------
10.47130012512207

==========================================================================
cts final max_capacitance_check_slack_limit
--------------------------------------------------------------------------
0.7072

==========================================================================
cts final max_slew_violation_count
--------------------------------------------------------------------------
max slew violation count 0

==========================================================================
cts final max_fanout_violation_count
--------------------------------------------------------------------------
max fanout violation count 0

==========================================================================
cts final max_cap_violation_count
--------------------------------------------------------------------------
max cap violation count 0

==========================================================================
cts final setup_violation_count
--------------------------------------------------------------------------
setup violation count 0

==========================================================================
cts final hold_violation_count
--------------------------------------------------------------------------
hold violation count 0

==========================================================================
cts final report_checks -path_delay max reg to reg
--------------------------------------------------------------------------
Startpoint: U_g690 (rising edge-triggered flip-flop clocked by clk)
Endpoint: U_g127 (rising edge-triggered flip-flop clocked by clk)
Path Group: clk
Path Type: max

  Delay    Time   Description
---------------------------------------------------------
   0.00    0.00   clock clk (rise edge)
   0.00    0.00   clock source latency
   0.00    0.00 ^ CK (in)
   0.04    0.04 ^ clkbuf_0_CK/Z (CLKBUF_X3)
   0.05    0.08 ^ clkbuf_2_1__f_CK/Z (CLKBUF_X3)
   0.04    0.12 ^ clkbuf_leaf_23_CK/Z (CLKBUF_X3)
   0.00    0.12 ^ U_g690/CK (SDFF_X1)
   0.15    0.27 ^ U_g690/Q (SDFF_X1)
   0.06    0.33 ^ U_g3367/ZN (AND2_X1)
   0.01    0.34 v U_g3965/ZN (NOR2_X1)
   0.03    0.37 v U_g4183/ZN (AND2_X1)
   0.03    0.40 ^ U_g4589/ZN (NOR2_X1)
   0.04    0.44 ^ U_g4697/ZN (AND2_X1)
   0.01    0.45 v U_g5088/ZN (NOR2_X1)
   0.03    0.48 v U_g5162/ZN (AND2_X1)
   0.04    0.51 ^ U_g5418/ZN (NOR2_X1)
   0.02    0.54 v U_I8194/ZN (NAND2_X1)
   0.02    0.56 ^ U_I8196/ZN (NAND2_X1)
   0.02    0.58 v U_g6394/ZN (NAND2_X1)
   0.03    0.61 v U_g6468/ZN (AND3_X1)
   0.05    0.66 v U_g6545/ZN (OR2_X1)
   0.03    0.69 v U_g6634/ZN (AND2_X1)
   0.11    0.80 v U_g6670/ZN (OR4_X1)
   0.01    0.81 ^ U_g6714/ZN (INV_X1)
   0.04    0.85 ^ U_g6737/ZN (AND3_X1)
   0.04    0.89 ^ U_g6754/ZN (OR3_X1)
   0.02    0.91 v U_g6774/ZN (NAND2_X1)
   0.05    0.96 v U_g6846/ZN (OR2_X1)
   0.03    0.99 v U_g6851/ZN (AND2_X1)
   0.04    1.03 v U_g6855/ZN (OR2_X1)
   0.03    1.06 v U_g6911/ZN (AND2_X1)
   0.05    1.11 v U_g6917/ZN (OR2_X1)
   0.03    1.14 v U_g6923/ZN (AND2_X1)
   0.05    1.19 v U_g6926/ZN (OR2_X1)
   0.02    1.21 ^ U_g6928/ZN (NAND2_X1)
   0.02    1.23 ^ U_g6930/ZN (OR2_X1)
   0.03    1.26 ^ U_g6935/ZN (AND2_X1)
   0.02    1.28 ^ U_g6936/ZN (OR2_X1)
   0.00    1.28 ^ U_g127/D (SDFF_X1)
           1.28   data arrival time

  10.00   10.00   clock clk (rise edge)
   0.00   10.00   clock source latency
   0.00   10.00 ^ CK (in)
   0.04   10.04 ^ clkbuf_0_CK/Z (CLKBUF_X3)
   0.05   10.09 ^ clkbuf_2_0__f_CK/Z (CLKBUF_X3)
   0.04   10.12 ^ clkbuf_leaf_3_CK/Z (CLKBUF_X3)
   0.00   10.12 ^ U_g127/CK (SDFF_X1)
   0.00   10.12   clock reconvergence pessimism
  -0.07   10.06   library setup time
          10.06   data required time
---------------------------------------------------------
          10.06   data required time
          -1.28   data arrival time
---------------------------------------------------------
           8.78   slack (MET)



==========================================================================
cts final report_checks -path_delay min reg to reg
--------------------------------------------------------------------------
Startpoint: U_g327 (rising edge-triggered flip-flop clocked by clk)
Endpoint: U_g79 (rising edge-triggered flip-flop clocked by clk)
Path Group: clk
Path Type: min

  Delay    Time   Description
---------------------------------------------------------
   0.00    0.00   clock clk (rise edge)
   0.00    0.00   clock source latency
   0.00    0.00 ^ CK (in)
   0.04    0.04 ^ clkbuf_0_CK/Z (CLKBUF_X3)
   0.05    0.09 ^ clkbuf_2_2__f_CK/Z (CLKBUF_X3)
   0.04    0.13 ^ clkbuf_leaf_8_CK/Z (CLKBUF_X3)
   0.00    0.13 ^ U_g327/CK (SDFF_X1)
   0.07    0.20 ^ U_g327/Q (SDFF_X1)
   0.00    0.20 ^ U_g79/SI (SDFF_X1)
           0.20   data arrival time

   0.00    0.00   clock clk (rise edge)
   0.00    0.00   clock source latency
   0.00    0.00 ^ CK (in)
   0.04    0.04 ^ clkbuf_0_CK/Z (CLKBUF_X3)
   0.05    0.09 ^ clkbuf_2_2__f_CK/Z (CLKBUF_X3)
   0.04    0.13 ^ clkbuf_leaf_7_CK/Z (CLKBUF_X3)
   0.00    0.13 ^ U_g79/CK (SDFF_X1)
   0.00    0.13   clock reconvergence pessimism
  -0.01    0.12   library hold time
           0.12   data required time
---------------------------------------------------------
           0.12   data required time
          -0.20   data arrival time
---------------------------------------------------------
           0.08   slack (MET)



==========================================================================
cts final critical path target clock latency max path
--------------------------------------------------------------------------
0.1282

==========================================================================
cts final critical path target clock latency min path
--------------------------------------------------------------------------
0.1262

==========================================================================
cts final critical path source clock latency min path
--------------------------------------------------------------------------
0.0000

==========================================================================
cts final critical path delay
--------------------------------------------------------------------------
1.2785

==========================================================================
cts final critical path slack
--------------------------------------------------------------------------
8.7767

==========================================================================
cts final slack div critical path delay
--------------------------------------------------------------------------
686.484161

==========================================================================
cts final report_power
--------------------------------------------------------------------------
Group                  Internal  Switching    Leakage      Total
                          Power      Power      Power      Power (Watts)
----------------------------------------------------------------
Sequential             2.55e-04   1.09e-04   2.11e-05   3.85e-04  35.4%
Combinational          3.00e-04   2.49e-04   5.36e-05   6.03e-04  55.4%
Clock                  4.52e-05   5.26e-05   1.53e-06   9.93e-05   9.1%
Macro                  0.00e+00   0.00e+00   0.00e+00   0.00e+00   0.0%
Pad                    0.00e+00   0.00e+00   0.00e+00   0.00e+00   0.0%
----------------------------------------------------------------
Total                  6.00e-04   4.11e-04   7.62e-05   1.09e-03 100.0%
                          55.2%      37.8%       7.0%
