OpenROAD 26Q2-1164-g08f67ee5ec 
Features included (+) or not (-): +GPU +GUI +Python
This program is licensed under the BSD-3 license. See the LICENSE file for details.
Components of this program may be licensed under more restrictive licenses which must be honored.
[INFO ORD-0030] Using 4 thread(s).
mkdir -p ./objects/nangate45/s9234f/phase0c_f3e7b516a_s19_k1_R_0b6306f0_7f655d61
/root/pact-deps/OpenROAD-flow-scripts/flow/scripts/flow.sh 4_1_cts cts
Running cts.tcl, stage 4_1_cts
read_liberty /root/pact-deps/OpenROAD-flow-scripts/flow/platforms/nangate45/lib/NangateOpenCellLibrary_typical.lib
read_db ./results/nangate45/s9234f/phase0c_f3e7b516a_s19_k1_R_0b6306f0_7f655d61/3_place.odb
read_sdc ./results/nangate45/s9234f/phase0c_f3e7b516a_s19_k1_R_0b6306f0_7f655d61/3_place.sdc
source /root/pact-deps/OpenROAD-flow-scripts/flow/platforms/nangate45/setRC.tcl
clock_tree_synthesis -sink_clustering_enable -repair_clock_nets
[INFO CTS-0050] Root buffer is CLKBUF_X3.
[INFO CTS-0051] Sink buffer is CLKBUF_X3.
[INFO CTS-0052] The following clock buffers will be used for CTS:
                    CLKBUF_X3
[INFO CTS-0049] Characterization buffer is CLKBUF_X3.
[INFO CTS-0007] Net "CK" found for clock "clk".
[INFO CTS-0010]  Clock net "CK" has 211 sinks.
[INFO CTS-0008] TritonCTS found 1 clock nets.
[INFO CTS-0097] Characterization used 1 buffer(s) types.
[INFO CTS-0201] 0 blockages from hard placement blockages and placed macros will be used.
[INFO CTS-0027] Generating H-Tree topology for net CK.
[INFO CTS-0028]  Total number of sinks: 211.
[INFO CTS-0090]  Sinks will be clustered based on buffer max cap.
[INFO CTS-0030]  Number of static layers: 0.
[INFO CTS-0020]  Wire segment unit: 14000  dbu (7 um).
[INFO CTS-0206] Best clustering solution was found from max clustering size of 9 and max clustering diameter of 27.
[INFO CTS-0019]  Total number of sinks after clustering: 32.
[INFO CTS-0024]  Normalized sink region: [(2.32342, 1.70571), (12.8907, 13.2905)].
[INFO CTS-0025]     Width:  10.5673.
[INFO CTS-0026]     Height: 11.5848.
 Level 1
    Direction: Vertical
    Sinks per sub-region: 16
    Sub-region size: 10.5673 X 5.7924
[INFO CTS-0034]     Segment length (rounded): 2.
 Level 2
    Direction: Horizontal
    Sinks per sub-region: 8
    Sub-region size: 5.2836 X 5.7924
[INFO CTS-0034]     Segment length (rounded): 2.
[INFO CTS-0032]  Stop criterion found. Max number of sinks is 15.
[INFO CTS-0035]  Number of sinks covered: 32.
[INFO CTS-0018]     Created 37 clock buffers.
[INFO CTS-0012]     Minimum number of buffers in the clock path: 3.
[INFO CTS-0013]     Maximum number of buffers in the clock path: 3.
[INFO CTS-0015]     Created 37 clock nets.
[INFO CTS-0016]     Fanout distribution for the current clock = 4:1, 5:4, 6:9, 7:15, 8:4, 9:2, 10:1..
[INFO CTS-0017]     Max level of the clock tree: 2.
[INFO CTS-0098] Clock net "CK"
[INFO CTS-0099]  Sinks 236
[INFO CTS-0100]  Leaf buffers 32
[INFO CTS-0101]  Average sink wire length 141.39 um
[INFO CTS-0102]  Path depth 2 - 3
[INFO CTS-0207]  Dummy loads inserted 25
estimate_parasitics -placement
detailed_placement
[INFO DPL-0006] Core area: 10208.02 um^2, Instances area: 3599.78 um^2, Utilization: 35.3%
[INFO DPL-0005] Diamond search max displacement: +/- 500 sites horizontally, +/- 100 rows vertically.
[INFO DPL-1101] Legalizing using diamond search.
Movements Summary
---------------------------------------
Total cells:                    2606
Diamond Move Success:           2606 (100.00%)
Diamond Move Failure:              0
Rip-up and replace Success:        0 (  0.00% of diamond failures)
Rip-up and replace Failure:        0
Total Placement Failures:          0
---------------------------------------
Placement Analysis
---------------------------------
total displacement        112.0 u
average displacement        0.0 u
max displacement            3.0 u
original HPWL           40545.4 u
legalized HPWL          40566.4 u
delta HPWL                    0 %

estimate_parasitics -placement
repair_timing -setup_margin 0 -hold_margin 0 -repair_tns 100 -verbose
[INFO RSZ-0100] Repair move sequence: UnbufferMove SizeUpMove SwapPinsMove BufferMove CloneMove SplitLoadMove 
[INFO RSZ-0098] No setup violations found
[INFO RSZ-0046] Found 61 endpoints with hold violations.
Iteration | Resized | Buffers | Cloned Gates |   Area   |   WNS   |   TNS   | Endpoint
--------------------------------------------------------------------------------------
        0 |       0 |       0 |            0 |    +0.0% |  -0.093 |  -1.937 | U_g666/D
       10 |       0 |      18 |            0 |    +0.4% |  -0.078 |  -1.370 | U_g687/D
       20 |       0 |      32 |            0 |    +0.7% |  -0.040 |  -0.382 | U_g666/D
       30 |       0 |      32 |            0 |    +0.7% |  -0.040 |  -0.382 | U_g666/D
       40 |       0 |      33 |            0 |    +0.7% |  -0.040 |  -0.282 | U_g666/D
       50 |       0 |      35 |            0 |    +0.8% |  -0.040 |  -0.269 | U_g666/D
       60 |       0 |      38 |            0 |    +0.8% |  -0.040 |  -0.246 | U_g666/D
       70 |       0 |      53 |            0 |    +1.2% |  -0.017 |  -0.017 | U_g687/D
    final |       0 |      54 |            0 |    +1.2% |   0.000 |   0.000 | U_g11/D
--------------------------------------------------------------------------------------
[INFO RSZ-0032] Inserted 54 hold buffers.
detailed_placement
[INFO DPL-0006] Core area: 10208.02 um^2, Instances area: 3642.87 um^2, Utilization: 35.7%
[INFO DPL-0005] Diamond search max displacement: +/- 500 sites horizontally, +/- 100 rows vertically.
[INFO DPL-1101] Legalizing using diamond search.
Movements Summary
---------------------------------------
Total cells:                    2660
Diamond Move Success:           2660 (100.00%)
Diamond Move Failure:              0
Rip-up and replace Success:        0 (  0.00% of diamond failures)
Rip-up and replace Failure:        0
Total Placement Failures:          0
---------------------------------------
Placement Analysis
---------------------------------
total displacement         79.7 u
average displacement        0.0 u
max displacement            3.0 u
original HPWL           40659.7 u
legalized HPWL          40698.3 u
delta HPWL                    0 %

estimate_parasitics -placement
Report metrics stage 4, cts final...

==========================================================================
cts final report_design_area
--------------------------------------------------------------------------
Design area 3643 um^2 36% utilization.
write_db ./results/nangate45/s9234f/phase0c_f3e7b516a_s19_k1_R_0b6306f0_7f655d61/4_1_cts.odb
write_sdc -no_timestamp ./results/nangate45/s9234f/phase0c_f3e7b516a_s19_k1_R_0b6306f0_7f655d61/4_cts.sdc
Log                       Ext     Elapsed/s Peak Memory/MB sha1sum result [0:20)
4_1_cts                   .odb            4            159 59e4f0601a4fdb244acc
cp ./results/nangate45/s9234f/phase0c_f3e7b516a_s19_k1_R_0b6306f0_7f655d61/4_1_cts.odb ./results/nangate45/s9234f/phase0c_f3e7b516a_s19_k1_R_0b6306f0_7f655d61/4_cts.odb
/root/pact-deps/OpenROAD-flow-scripts/flow/scripts/flow.sh 5_1_grt global_route
Running global_route.tcl, stage 5_1_grt
read_liberty /root/pact-deps/OpenROAD-flow-scripts/flow/platforms/nangate45/lib/NangateOpenCellLibrary_typical.lib
read_db ./results/nangate45/s9234f/phase0c_f3e7b516a_s19_k1_R_0b6306f0_7f655d61/4_cts.odb
read_sdc ./results/nangate45/s9234f/phase0c_f3e7b516a_s19_k1_R_0b6306f0_7f655d61/4_cts.sdc
source /root/pact-deps/OpenROAD-flow-scripts/flow/platforms/nangate45/setRC.tcl
pin_access
[INFO DRT-0149] Reading tech and libs.

Units:                2000
Number of layers:     21
Number of macros:     135
Number of vias:       33
Number of viarulegen: 19

[INFO DRT-0150] Reading design.

Design:                   s9234f
Die area:                 ( 0 0 ) ( 206880 206880 )
Number of track patterns: 20
Number of DEF vias:       0
Number of components:     2804
Number of terminals:      81
Number of snets:          2
Number of nets:           2674

[INFO DRT-0167] List of default vias:
  Layer via2
    default via: via2_5
  Layer via3
    default via: via3_2
  Layer via4
    default via: via4_0
  Layer via5
    default via: via5_0
  Layer via6
    default via: via6_0
  Layer via7
    default via: via7_0
  Layer via8
    default via: via8_0
  Layer via9
    default via: via9_0
[INFO DRT-0162] Library cell analysis.
[INFO DRT-0163] Instance analysis.
[INFO DRT-0164] Number of unique instances = 49.
[INFO DRT-0168] Init region query.
[INFO DRT-0024]   Complete active.
[INFO DRT-0024]   Complete Fr_VIA.
[INFO DRT-0024]   Complete metal1.
[INFO DRT-0024]   Complete via1.
[INFO DRT-0024]   Complete metal2.
[INFO DRT-0024]   Complete via2.
[INFO DRT-0024]   Complete metal3.
[INFO DRT-0024]   Complete via3.
[INFO DRT-0024]   Complete metal4.
[INFO DRT-0024]   Complete via4.
[INFO DRT-0024]   Complete metal5.
[INFO DRT-0024]   Complete via5.
[INFO DRT-0024]   Complete metal6.
[INFO DRT-0024]   Complete via6.
[INFO DRT-0024]   Complete metal7.
[INFO DRT-0024]   Complete via7.
[INFO DRT-0024]   Complete metal8.
[INFO DRT-0024]   Complete via8.
[INFO DRT-0024]   Complete metal9.
[INFO DRT-0024]   Complete via9.
[INFO DRT-0024]   Complete metal10.
[INFO DRT-0033] active shape region query size = 0.
[INFO DRT-0033] FR_VIA shape region query size = 0.
[INFO DRT-0033] metal1 shape region query size = 42638.
[INFO DRT-0033] via1 shape region query size = 438.
[INFO DRT-0033] metal2 shape region query size = 292.
[INFO DRT-0033] via2 shape region query size = 438.
[INFO DRT-0033] metal3 shape region query size = 292.
[INFO DRT-0033] via3 shape region query size = 438.
[INFO DRT-0033] metal4 shape region query size = 164.
[INFO DRT-0033] via4 shape region query size = 140.
[INFO DRT-0033] metal5 shape region query size = 62.
[INFO DRT-0033] via5 shape region query size = 140.
[INFO DRT-0033] metal6 shape region query size = 73.
[INFO DRT-0033] via6 shape region query size = 56.
[INFO DRT-0033] metal7 shape region query size = 28.
[INFO DRT-0033] via7 shape region query size = 0.
[INFO DRT-0033] metal8 shape region query size = 0.
[INFO DRT-0033] via8 shape region query size = 0.
[INFO DRT-0033] metal9 shape region query size = 0.
[INFO DRT-0033] via9 shape region query size = 0.
[INFO DRT-0033] metal10 shape region query size = 0.
[INFO DRT-0165] Start pin access.
[INFO DRT-0078]   Complete 249 pins.
[INFO DRT-0081]   Complete 49 unique inst patterns.
[INFO DRT-0084]   Complete 1562 groups.
#scanned instances     = 2804
#unique  instances     = 49
#stdCellGenAp          = 1067
#stdCellValidPlanarAp  = 0
#stdCellValidViaAp     = 854
#stdCellPinNoAp        = 0
#stdCellPinCnt         = 8137
#instTermValidViaApCnt = 0
#macroGenAp            = 0
#macroValidPlanarAp    = 0
#macroValidViaAp       = 0
#macroNoAp             = 0
[INFO DRT-0166] Complete pin access.
[INFO DRT-0267] cpu time = 00:00:29, elapsed time = 00:00:07, memory = 118.63 (MB), peak = 118.22 (MB)
Took 8 seconds: pin_access
set_global_routing_random -seed 19
global_route -congestion_report_file ./reports/nangate45/s9234f/phase0c_f3e7b516a_s19_k1_R_0b6306f0_7f655d61/congestion.rpt -congestion_iterations 30 -congestion_report_iter_step 5 -verbose
[INFO GRT-0020] Min routing layer: metal2
[INFO GRT-0021] Max routing layer: metal10
[INFO GRT-0022] Global adjustment: 0%
[INFO GRT-0023] Grid origin: (0, 0)
[INFO GRT-0088] Layer metal1  Track-Pitch = 0.1400  line-2-Via Pitch: 0.1350
[INFO GRT-0088] Layer metal2  Track-Pitch = 0.1900  line-2-Via Pitch: 0.1400
[INFO GRT-0088] Layer metal3  Track-Pitch = 0.1400  line-2-Via Pitch: 0.1400
[INFO GRT-0088] Layer metal4  Track-Pitch = 0.2800  line-2-Via Pitch: 0.2800
[INFO GRT-0088] Layer metal5  Track-Pitch = 0.2800  line-2-Via Pitch: 0.2800
[INFO GRT-0088] Layer metal6  Track-Pitch = 0.2800  line-2-Via Pitch: 0.2800
[INFO GRT-0088] Layer metal7  Track-Pitch = 0.8000  line-2-Via Pitch: 0.8000
[INFO GRT-0088] Layer metal8  Track-Pitch = 0.8000  line-2-Via Pitch: 0.8000
[INFO GRT-0088] Layer metal9  Track-Pitch = 1.6000  line-2-Via Pitch: 1.6000
[INFO GRT-0088] Layer metal10 Track-Pitch = 1.6000  line-2-Via Pitch: 1.6000
[INFO GRT-0003] Macros: 0
[INFO GRT-0004] Blockages: 0
[INFO GRT-0019] Found 38 clock nets.
[INFO GRT-0001] Minimum degree: 2
[INFO GRT-0002] Maximum degree: 63

[INFO GRT-0053] Routing resources analysis:
          Routing      Original      Derated      Resource
Layer     Direction    Resources     Resources    Reduction (%)
---------------------------------------------------------------
metal1     Horizontal          0             0          0.00%
metal2     Vertical        18585          8750          52.92%
metal3     Horizontal      25711         12607          50.97%
metal4     Vertical        12600          8890          29.44%
metal5     Horizontal      12839          9040          29.59%
metal6     Vertical        12882          9077          29.54%
metal7     Horizontal       3920          2800          28.57%
metal8     Vertical         4480          3220          28.12%
metal9     Horizontal       2240          1260          43.75%
metal10    Vertical         2240          1260          43.75%
---------------------------------------------------------------

[INFO GRT-0197] Via related to pin nodes: 15763
[INFO GRT-0198] Via related Steiner nodes: 403
[INFO GRT-0199] Via filling finished.
[INFO GRT-0111] Final number of vias: 21041
[INFO GRT-0112] Final usage 3D: 78868

[INFO GRT-0096] Final congestion report:
Layer         Resource        Demand        Usage (%)    Max H / Max V / Total Overflow
---------------------------------------------------------------------------------------
metal1               0             0            0.00%             0 /  0 /  0
metal2            8750          5117           58.48%             0 /  0 /  0
metal3           12607          6047           47.97%             0 /  0 /  0
metal4            8890          2503           28.16%             0 /  0 /  0
metal5            9040          1434           15.86%             0 /  0 /  0
metal6            9077           644            7.09%             0 /  0 /  0
metal7            2800             0            0.00%             0 /  0 /  0
metal8            3220             0            0.00%             0 /  0 /  0
metal9            1260             0            0.00%             0 /  0 /  0
metal10           1260             0            0.00%             0 /  0 /  0
---------------------------------------------------------------------------------------
Total            56904         15745           27.67%             0 /  0 /  0

[INFO GRT-0018] Total wirelength: 65926 um
[INFO GRT-0014] Routed nets: 2674
[INFO GRT-0303] Global routing runtime = 00:00:00
estimate_parasitics -global_routing
Perform buffer insertion and gate resizing...
repair_design -verbose
Iteration |   Area    | Resized | Buffers | Nets repaired | Remaining
---------------------------------------------------------------------
        0 |     +0.0% |       0 |       0 |             0 |      2910
       10 |     +0.0% |       0 |       0 |             0 |      2900
       20 |     +0.0% |       0 |       0 |             0 |      2890
       30 |     +0.0% |       0 |       0 |             0 |      2880
       40 |     +0.0% |       0 |       0 |             0 |      2870
       50 |     +0.0% |       0 |       0 |             0 |      2860
       60 |     +0.0% |       0 |       0 |             0 |      2850
       70 |     +0.0% |       0 |       0 |             0 |      2840
       80 |     +0.0% |       0 |       0 |             0 |      2830
       90 |     +0.0% |       0 |       0 |             0 |      2820
      100 |     +0.0% |       0 |       0 |             0 |      2810
      110 |     +0.0% |       0 |       0 |             0 |      2800
      120 |     +0.0% |       0 |       0 |             0 |      2790
      130 |     +0.0% |       0 |       0 |             0 |      2780
      140 |     +0.0% |       0 |       0 |             0 |      2770
      150 |     +0.0% |       0 |       0 |             0 |      2760
      160 |     +0.0% |       0 |       0 |             0 |      2750
      170 |     +0.0% |       0 |       0 |             0 |      2740
      180 |     +0.0% |       0 |       0 |             0 |      2730
      190 |     +0.0% |       0 |       0 |             0 |      2720
      200 |     +0.0% |       0 |       0 |             0 |      2710
      210 |     +0.0% |       0 |       0 |             0 |      2700
      220 |     +0.0% |       0 |       0 |             0 |      2690
      230 |     +0.0% |       0 |       0 |             0 |      2680
      240 |     +0.0% |       0 |       0 |             0 |      2670
      250 |     +0.0% |       0 |       0 |             0 |      2660
      260 |     +0.0% |       0 |       0 |             0 |      2650
      270 |     +0.0% |       0 |       0 |             0 |      2640
      280 |     +0.0% |       0 |       0 |             0 |      2630
      290 |     +0.0% |       0 |       0 |             0 |      2620
      300 |     +0.0% |       0 |       0 |             0 |      2610
      310 |     +0.0% |       0 |       0 |             0 |      2600
      320 |     +0.0% |       0 |       0 |             0 |      2590
      330 |     +0.0% |       0 |       0 |             0 |      2580
      340 |     +0.0% |       0 |       0 |             0 |      2570
      350 |     +0.0% |       0 |       0 |             0 |      2560
      360 |     +0.0% |       0 |       0 |             0 |      2550
      370 |     +0.0% |       0 |       0 |             0 |      2540
      380 |     +0.0% |       0 |       0 |             0 |      2530
      390 |     +0.0% |       0 |       0 |             0 |      2520
      400 |     +0.0% |       0 |       0 |             0 |      2510
      410 |     +0.0% |       0 |       0 |             0 |      2500
      420 |     +0.0% |       0 |       0 |             0 |      2490
      430 |     +0.0% |       0 |       0 |             0 |      2480
      440 |     +0.0% |       0 |       0 |             0 |      2470
      450 |     +0.0% |       0 |       0 |             0 |      2460
      460 |     +0.0% |       0 |       0 |             0 |      2450
      470 |     +0.0% |       0 |       0 |             0 |      2440
      480 |     +0.0% |       0 |       0 |             0 |      2430
      490 |     +0.0% |       0 |       0 |             0 |      2420
      500 |     +0.0% |       0 |       0 |             0 |      2410
      510 |     +0.0% |       0 |       0 |             0 |      2400
      520 |     +0.0% |       0 |       0 |             0 |      2390
      530 |     +0.0% |       0 |       0 |             0 |      2380
      540 |     +0.0% |       0 |       0 |             0 |      2370
      550 |     +0.0% |       0 |       0 |             0 |      2360
      560 |     +0.0% |       0 |       0 |             0 |      2350
      570 |     +0.0% |       0 |       0 |             0 |      2340
      580 |     +0.0% |       0 |       0 |             0 |      2330
      590 |     +0.0% |       0 |       0 |             0 |      2320
      600 |     +0.0% |       0 |       0 |             0 |      2310
      610 |     +0.0% |       0 |       0 |             0 |      2300
      620 |     +0.0% |       0 |       0 |             0 |      2290
      630 |     +0.0% |       0 |       0 |             0 |      2280
      640 |     +0.0% |       0 |       0 |             0 |      2270
      650 |     +0.0% |       0 |       0 |             0 |      2260
      660 |     +0.0% |       0 |       0 |             0 |      2250
      670 |     +0.0% |       0 |       0 |             0 |      2240
      680 |     +0.0% |       0 |       0 |             0 |      2230
      690 |     +0.0% |       0 |       0 |             0 |      2220
      700 |     +0.0% |       0 |       0 |             0 |      2210
      710 |     +0.0% |       0 |       0 |             0 |      2200
      720 |     +0.0% |       0 |       0 |             0 |      2190
      730 |     +0.0% |       0 |       0 |             0 |      2180
      740 |     +0.0% |       0 |       0 |             0 |      2170
      750 |     +0.0% |       0 |       0 |             0 |      2160
      760 |     +0.0% |       0 |       0 |             0 |      2150
      770 |     +0.0% |       0 |       0 |             0 |      2140
      780 |     +0.0% |       0 |       0 |             0 |      2130
      790 |     +0.0% |       0 |       0 |             0 |      2120
      800 |     +0.0% |       0 |       0 |             0 |      2110
      810 |     +0.0% |       0 |       0 |             0 |      2100
      820 |     +0.0% |       0 |       0 |             0 |      2090
      830 |     +0.0% |       0 |       0 |             0 |      2080
      840 |     +0.0% |       0 |       0 |             0 |      2070
      850 |     +0.0% |       0 |       0 |             0 |      2060
      860 |     +0.0% |       0 |       0 |             0 |      2050
      870 |     +0.0% |       0 |       0 |             0 |      2040
      880 |     +0.0% |       0 |       0 |             0 |      2030
      890 |     +0.0% |       0 |       0 |             0 |      2020
      900 |     +0.0% |       0 |       0 |             0 |      2010
      910 |     +0.0% |       0 |       0 |             0 |      2000
      920 |     +0.0% |       0 |       0 |             0 |      1990
      930 |     +0.0% |       0 |       0 |             0 |      1980
      940 |     +0.0% |       0 |       0 |             0 |      1970
      950 |     +0.0% |       0 |       0 |             0 |      1960
      960 |     +0.0% |       0 |       0 |             0 |      1950
      970 |     +0.0% |       0 |       0 |             0 |      1940
      980 |     +0.0% |       0 |       0 |             0 |      1930
      990 |     +0.0% |       0 |       0 |             0 |      1920
     1000 |     +0.0% |       0 |       0 |             0 |      1910
     1010 |     +0.0% |       0 |       0 |             0 |      1900
     1020 |     +0.0% |       0 |       0 |             0 |      1890
     1030 |     +0.0% |       0 |       0 |             0 |      1880
     1040 |     +0.0% |       0 |       0 |             0 |      1870
     1050 |     +0.0% |       0 |       0 |             0 |      1860
     1060 |     +0.0% |       0 |       0 |             0 |      1850
     1070 |     +0.0% |       0 |       0 |             0 |      1840
     1080 |     +0.0% |       0 |       0 |             0 |      1830
     1090 |     +0.0% |       0 |       0 |             0 |      1820
     1100 |     +0.0% |       0 |       0 |             0 |      1810
     1110 |     +0.0% |       0 |       0 |             0 |      1800
     1120 |     +0.0% |       0 |       0 |             0 |      1790
     1130 |     +0.0% |       0 |       0 |             0 |      1780
     1140 |     +0.0% |       0 |       0 |             0 |      1770
     1150 |     +0.0% |       0 |       0 |             0 |      1760
     1160 |     +0.0% |       0 |       0 |             0 |      1750
     1170 |     +0.0% |       0 |       0 |             0 |      1740
     1180 |     +0.0% |       0 |       0 |             0 |      1730
     1190 |     +0.0% |       0 |       0 |             0 |      1720
     1200 |     +0.0% |       0 |       0 |             0 |      1710
     1210 |     +0.0% |       0 |       0 |             0 |      1700
     1220 |     +0.0% |       0 |       0 |             0 |      1690
     1230 |     +0.0% |       0 |       0 |             0 |      1680
     1240 |     +0.0% |       0 |       0 |             0 |      1670
     1250 |     +0.0% |       0 |       0 |             0 |      1660
     1260 |     +0.0% |       0 |       0 |             0 |      1650
     1270 |     +0.0% |       0 |       0 |             0 |      1640
     1280 |     +0.0% |       0 |       0 |             0 |      1630
     1290 |     +0.0% |       0 |       0 |             0 |      1620
     1300 |     +0.0% |       0 |       0 |             0 |      1610
     1310 |     +0.0% |       0 |       0 |             0 |      1600
     1320 |     +0.0% |       0 |       0 |             0 |      1590
     1330 |     +0.0% |       0 |       0 |             0 |      1580
     1340 |     +0.0% |       0 |       0 |             0 |      1570
     1350 |     +0.0% |       0 |       0 |             0 |      1560
     1360 |     +0.0% |       0 |       0 |             0 |      1550
     1370 |     +0.0% |       0 |       0 |             0 |      1540
     1380 |     +0.0% |       0 |       0 |             0 |      1530
     1390 |     +0.0% |       0 |       0 |             0 |      1520
     1400 |     +0.0% |       0 |       0 |             0 |      1510
     1410 |     +0.0% |       0 |       0 |             0 |      1500
     1420 |     +0.0% |       0 |       0 |             0 |      1490
     1430 |     +0.0% |       0 |       0 |             0 |      1480
     1440 |     +0.0% |       0 |       0 |             0 |      1470
     1450 |     +0.0% |       0 |       0 |             0 |      1460
     1460 |     +0.0% |       0 |       0 |             0 |      1450
     1470 |     +0.0% |       0 |       0 |             0 |      1440
     1480 |     +0.0% |       0 |       0 |             0 |      1430
     1490 |     +0.0% |       0 |       0 |             0 |      1420
     1500 |     +0.0% |       0 |       0 |             0 |      1410
     1510 |     +0.0% |       0 |       0 |             0 |      1400
     1520 |     +0.0% |       0 |       0 |             0 |      1390
     1530 |     +0.0% |       0 |       0 |             0 |      1380
     1540 |     +0.0% |       0 |       0 |             0 |      1370
     1550 |     +0.0% |       0 |       0 |             0 |      1360
     1560 |     +0.0% |       0 |       0 |             0 |      1350
     1570 |     +0.0% |       0 |       0 |             0 |      1340
     1580 |     +0.0% |       0 |       0 |             0 |      1330
     1590 |     +0.0% |       0 |       0 |             0 |      1320
     1600 |     +0.0% |       0 |       0 |             0 |      1310
     1610 |     +0.0% |       0 |       0 |             0 |      1300
     1620 |     +0.0% |       0 |       0 |             0 |      1290
     1630 |     +0.0% |       0 |       0 |             0 |      1280
     1640 |     +0.0% |       0 |       0 |             0 |      1270
     1650 |     +0.0% |       0 |       0 |             0 |      1260
     1660 |     +0.0% |       0 |       0 |             0 |      1250
     1670 |     +0.0% |       0 |       0 |             0 |      1240
     1680 |     +0.0% |       0 |       0 |             0 |      1230
     1690 |     +0.0% |       0 |       0 |             0 |      1220
     1700 |     +0.0% |       0 |       0 |             0 |      1210
     1710 |     +0.0% |       0 |       0 |             0 |      1200
     1720 |     +0.0% |       0 |       0 |             0 |      1190
     1730 |     +0.0% |       0 |       0 |             0 |      1180
     1740 |     +0.0% |       0 |       0 |             0 |      1170
     1750 |     +0.0% |       0 |       0 |             0 |      1160
     1760 |     +0.0% |       0 |       0 |             0 |      1150
     1770 |     +0.0% |       0 |       0 |             0 |      1140
     1780 |     +0.0% |       0 |       0 |             0 |      1130
     1790 |     +0.0% |       0 |       0 |             0 |      1120
     1800 |     +0.0% |       0 |       0 |             0 |      1110
     1810 |     +0.0% |       0 |       0 |             0 |      1100
     1820 |     +0.0% |       0 |       0 |             0 |      1090
     1830 |     +0.0% |       0 |       0 |             0 |      1080
     1840 |     +0.0% |       0 |       0 |             0 |      1070
     1850 |     +0.0% |       0 |       0 |             0 |      1060
     1860 |     +0.0% |       0 |       0 |             0 |      1050
     1870 |     +0.0% |       0 |       0 |             0 |      1040
     1880 |     +0.0% |       0 |       0 |             0 |      1030
     1890 |     +0.0% |       0 |       0 |             0 |      1020
     1900 |     +0.0% |       0 |       0 |             0 |      1010
     1910 |     +0.0% |       0 |       0 |             0 |      1000
     1920 |     +0.0% |       0 |       0 |             0 |       990
     1930 |     +0.0% |       0 |       0 |             0 |       980
     1940 |     +0.0% |       0 |       0 |             0 |       970
     1950 |     +0.0% |       0 |       0 |             0 |       960
     1960 |     +0.0% |       0 |       0 |             0 |       950
     1970 |     +0.0% |       0 |       0 |             0 |       940
     1980 |     +0.0% |       0 |       0 |             0 |       930
     1990 |     +0.0% |       0 |       0 |             0 |       920
     2000 |     +0.0% |       0 |       0 |             0 |       910
     2010 |     +0.0% |       0 |       0 |             0 |       900
     2020 |     +0.0% |       0 |       0 |             0 |       890
     2030 |     +0.0% |       0 |       0 |             0 |       880
     2040 |     +0.0% |       0 |       0 |             0 |       870
     2050 |     +0.0% |       0 |       0 |             0 |       860
     2060 |     +0.0% |       0 |       0 |             0 |       850
     2070 |     +0.0% |       0 |       0 |             0 |       840
     2080 |     +0.0% |       0 |       0 |             0 |       830
     2090 |     +0.0% |       0 |       0 |             0 |       820
     2100 |     +0.0% |       0 |       0 |             0 |       810
     2110 |     +0.0% |       0 |       0 |             0 |       800
     2120 |     +0.0% |       0 |       0 |             0 |       790
     2130 |     +0.0% |       0 |       0 |             0 |       780
     2140 |     +0.0% |       0 |       0 |             0 |       770
     2150 |     +0.0% |       0 |       0 |             0 |       760
     2160 |     +0.0% |       0 |       0 |             0 |       750
     2170 |     +0.0% |       0 |       0 |             0 |       740
     2180 |     +0.0% |       0 |       0 |             0 |       730
     2190 |     +0.0% |       0 |       0 |             0 |       720
     2200 |     +0.0% |       0 |       0 |             0 |       710
     2210 |     +0.0% |       0 |       0 |             0 |       700
     2220 |     +0.0% |       0 |       0 |             0 |       690
     2230 |     +0.0% |       0 |       0 |             0 |       680
     2240 |     +0.0% |       0 |       0 |             0 |       670
     2250 |     +0.0% |       0 |       0 |             0 |       660
     2260 |     +0.0% |       0 |       0 |             0 |       650
     2270 |     +0.0% |       0 |       0 |             0 |       640
     2280 |     +0.0% |       0 |       0 |             0 |       630
     2290 |     +0.0% |       0 |       0 |             0 |       620
     2300 |     +0.0% |       0 |       0 |             0 |       610
     2310 |     +0.0% |       0 |       0 |             0 |       600
     2320 |     +0.0% |       0 |       0 |             0 |       590
     2330 |     +0.0% |       0 |       0 |             0 |       580
     2340 |     +0.0% |       0 |       0 |             0 |       570
     2350 |     +0.0% |       0 |       0 |             0 |       560
     2360 |     +0.0% |       0 |       0 |             0 |       550
     2370 |     +0.0% |       0 |       0 |             0 |       540
     2380 |     +0.0% |       0 |       0 |             0 |       530
     2390 |     +0.0% |       0 |       0 |             0 |       520
     2400 |     +0.0% |       0 |       0 |             0 |       510
     2410 |     +0.0% |       0 |       0 |             0 |       500
     2420 |     +0.0% |       0 |       0 |             0 |       490
     2430 |     +0.0% |       0 |       0 |             0 |       480
     2440 |     +0.0% |       0 |       0 |             0 |       470
     2450 |     +0.0% |       0 |       0 |             0 |       460
     2460 |     +0.0% |       0 |       0 |             0 |       450
     2470 |     +0.0% |       0 |       0 |             0 |       440
     2480 |     +0.0% |       0 |       0 |             0 |       430
     2490 |     +0.0% |       0 |       0 |             0 |       420
     2500 |     +0.0% |       0 |       0 |             0 |       410
     2510 |     +0.0% |       0 |       0 |             0 |       400
     2520 |     +0.0% |       0 |       0 |             0 |       390
     2530 |     +0.0% |       0 |       0 |             0 |       380
     2540 |     +0.0% |       0 |       0 |             0 |       370
     2550 |     +0.0% |       0 |       0 |             0 |       360
     2560 |     +0.0% |       0 |       0 |             0 |       350
     2570 |     +0.0% |       0 |       0 |             0 |       340
     2580 |     +0.0% |       0 |       0 |             0 |       330
     2590 |     +0.0% |       0 |       0 |             0 |       320
     2600 |     +0.0% |       0 |       0 |             0 |       310
     2610 |     +0.0% |       0 |       0 |             0 |       300
     2620 |     +0.0% |       0 |       0 |             0 |       290
     2630 |     +0.0% |       0 |       0 |             0 |       280
     2640 |     +0.0% |       0 |       0 |             0 |       270
     2650 |     +0.0% |       0 |       0 |             0 |       260
     2660 |     +0.0% |       0 |       0 |             0 |       250
     2670 |     +0.0% |       0 |       0 |             0 |       240
     2680 |     +0.0% |       0 |       0 |             0 |       230
     2690 |     +0.0% |       0 |       0 |             0 |       220
     2700 |     +0.0% |       0 |       0 |             0 |       210
     2710 |     +0.0% |       0 |       0 |             0 |       200
     2720 |     +0.0% |       0 |       0 |             0 |       190
     2730 |     +0.0% |       0 |       0 |             0 |       180
     2740 |     +0.0% |       0 |       0 |             0 |       170
     2750 |     +0.0% |       0 |       0 |             0 |       160
     2760 |     +0.0% |       0 |       0 |             0 |       150
     2770 |     +0.0% |       0 |       0 |             0 |       140
     2780 |     +0.0% |       0 |       0 |             0 |       130
     2790 |     +0.0% |       0 |       0 |             0 |       120
     2800 |     +0.0% |       0 |       0 |             0 |       110
     2810 |     +0.0% |       0 |       0 |             0 |       100
     2820 |     +0.0% |       0 |       0 |             0 |        90
     2830 |     +0.0% |       0 |       0 |             0 |        80
     2840 |     +0.0% |       0 |       0 |             0 |        70
     2850 |     +0.0% |       0 |       0 |             0 |        60
     2860 |     +0.0% |       0 |       0 |             0 |        50
     2870 |     +0.0% |       0 |       0 |             0 |        40
     2880 |     +0.0% |       0 |       0 |             0 |        30
     2890 |     +0.0% |       0 |       0 |             0 |        20
     2900 |     +0.0% |       0 |       0 |             0 |        10
     2910 |     +0.0% |       0 |       0 |             0 |         0
    final |     +0.0% |       0 |       0 |             0 |         0
---------------------------------------------------------------------
global_route -start_incremental
detailed_placement
[INFO DPL-0006] Core area: 10208.02 um^2, Instances area: 3642.87 um^2, Utilization: 35.7%
[INFO DPL-0005] Diamond search max displacement: +/- 500 sites horizontally, +/- 100 rows vertically.
[INFO DPL-1101] Legalizing using diamond search.
Movements Summary
---------------------------------------
Total cells:                    2660
Diamond Move Success:           2660 (100.00%)
Diamond Move Failure:              0
Rip-up and replace Success:        0 (  0.00% of diamond failures)
Rip-up and replace Failure:        0
Total Placement Failures:          0
---------------------------------------
Placement Analysis
---------------------------------
total displacement          0.0 u
average displacement        0.0 u
max displacement            0.0 u
original HPWL           40698.3 u
legalized HPWL          40698.3 u
delta HPWL                    0 %

global_route -end_incremental -congestion_report_file ./reports/nangate45/s9234f/phase0c_f3e7b516a_s19_k1_R_0b6306f0_7f655d61/congestion_post_repair_design.rpt
Repair setup and hold violations...
estimate_parasitics -global_routing
repair_timing -setup_margin 0 -hold_margin 0 -repair_tns 100 -verbose
[INFO RSZ-0100] Repair move sequence: UnbufferMove SizeUpMove SwapPinsMove BufferMove CloneMove SplitLoadMove 
[INFO RSZ-0098] No setup violations found
[INFO RSZ-0046] Found 2 endpoints with hold violations.
Iteration | Resized | Buffers | Cloned Gates |   Area   |   WNS   |   TNS   | Endpoint
--------------------------------------------------------------------------------------
        0 |       0 |       0 |            0 |    +0.0% |  -0.001 |  -0.001 | U_g685/D
    final |       0 |       2 |            0 |    +0.0% |   0.001 |   0.000 | U_g15/D
--------------------------------------------------------------------------------------
[INFO RSZ-0032] Inserted 2 hold buffers.
global_route -start_incremental
detailed_placement
[INFO DPL-0006] Core area: 10208.02 um^2, Instances area: 3644.47 um^2, Utilization: 35.7%
[INFO DPL-0005] Diamond search max displacement: +/- 500 sites horizontally, +/- 100 rows vertically.
[INFO DPL-1101] Legalizing using diamond search.
Movements Summary
---------------------------------------
Total cells:                    2662
Diamond Move Success:           2662 (100.00%)
Diamond Move Failure:              0
Rip-up and replace Success:        0 (  0.00% of diamond failures)
Rip-up and replace Failure:        0
Total Placement Failures:          0
---------------------------------------
Placement Analysis
---------------------------------
total displacement          8.0 u
average displacement        0.0 u
max displacement            1.6 u
original HPWL           40698.9 u
legalized HPWL          40706.9 u
delta HPWL                    0 %

check_placement -verbose
global_route -end_incremental -congestion_report_file ./reports/nangate45/s9234f/phase0c_f3e7b516a_s19_k1_R_0b6306f0_7f655d61/congestion_post_repair_timing.rpt
estimate_parasitics -global_routing
global_route -start_incremental
global_route -end_incremental -congestion_report_file ./reports/nangate45/s9234f/phase0c_f3e7b516a_s19_k1_R_0b6306f0_7f655d61/congestion_post_recover_power.rpt
Repair antennas...
[WARNING GRT-0246] No diode with LEF class CORE ANTENNACELL found.
[INFO ANT-0002] Found 0 net violations.
[INFO ANT-0001] Found 0 pin violations.
Estimate parasitics...
estimate_parasitics -global_routing
Report metrics stage 5, global route...

==========================================================================
global route report_design_area
--------------------------------------------------------------------------
Design area 3644 um^2 36% utilization.
[INFO FLW-0007] clock clk period 10.000000
[INFO FLW-0008] Clock clk period 1.216
[INFO FLW-0009] Clock clk slack 8.720
write_sdc -no_timestamp ./results/nangate45/s9234f/phase0c_f3e7b516a_s19_k1_R_0b6306f0_7f655d61/updated_clks.sdc
[INFO FLW-0011] Path endpoint path count 909
write_db ./results/nangate45/s9234f/phase0c_f3e7b516a_s19_k1_R_0b6306f0_7f655d61/5_1_grt.odb
write_sdc -no_timestamp ./results/nangate45/s9234f/phase0c_f3e7b516a_s19_k1_R_0b6306f0_7f655d61/5_1_grt.sdc
Log                       Ext     Elapsed/s Peak Memory/MB sha1sum result [0:20)
5_1_grt                   .odb           13            311 f8a51d381ce8e6033d31
5_1_grt                   .sdc                             ef79d21436d690ebafd1
/root/pact-deps/OpenROAD-flow-scripts/flow/scripts/flow.sh 5_2_route detail_route
Running detail_route.tcl, stage 5_2_route
read_liberty /root/pact-deps/OpenROAD-flow-scripts/flow/platforms/nangate45/lib/NangateOpenCellLibrary_typical.lib
read_db ./results/nangate45/s9234f/phase0c_f3e7b516a_s19_k1_R_0b6306f0_7f655d61/5_1_grt.odb
read_sdc ./results/nangate45/s9234f/phase0c_f3e7b516a_s19_k1_R_0b6306f0_7f655d61/5_1_grt.sdc
source /root/pact-deps/OpenROAD-flow-scripts/flow/platforms/nangate45/setRC.tcl
detailed_route -output_drc ./reports/nangate45/s9234f/phase0c_f3e7b516a_s19_k1_R_0b6306f0_7f655d61/5_route_drc.rpt -output_maze ./results/nangate45/s9234f/phase0c_f3e7b516a_s19_k1_R_0b6306f0_7f655d61/maze.log -droute_end_iter 64 -verbose 1 -drc_report_iter_step 5
[INFO DRT-0149] Reading tech and libs.

Units:                2000
Number of layers:     21
Number of macros:     135
Number of vias:       33
Number of viarulegen: 19

[INFO DRT-0150] Reading design.

Design:                   s9234f
Die area:                 ( 0 0 ) ( 206880 206880 )
Number of track patterns: 20
Number of DEF vias:       0
Number of components:     2806
Number of terminals:      81
Number of snets:          2
Number of nets:           2676

[INFO DRT-0167] List of default vias:
  Layer via2
    default via: via2_5
  Layer via3
    default via: via3_2
  Layer via4
    default via: via4_0
  Layer via5
    default via: via5_0
  Layer via6
    default via: via6_0
  Layer via7
    default via: via7_0
  Layer via8
    default via: via8_0
  Layer via9
    default via: via9_0
[INFO DRT-0162] Library cell analysis.
[INFO DRT-0163] Instance analysis.
[INFO DRT-0164] Number of unique instances = 49.
[INFO DRT-0168] Init region query.
[INFO DRT-0024]   Complete active.
[INFO DRT-0024]   Complete Fr_VIA.
[INFO DRT-0024]   Complete metal1.
[INFO DRT-0024]   Complete via1.
[INFO DRT-0024]   Complete metal2.
[INFO DRT-0024]   Complete via2.
[INFO DRT-0024]   Complete metal3.
[INFO DRT-0024]   Complete via3.
[INFO DRT-0024]   Complete metal4.
[INFO DRT-0024]   Complete via4.
[INFO DRT-0024]   Complete metal5.
[INFO DRT-0024]   Complete via5.
[INFO DRT-0024]   Complete metal6.
[INFO DRT-0024]   Complete via6.
[INFO DRT-0024]   Complete metal7.
[INFO DRT-0024]   Complete via7.
[INFO DRT-0024]   Complete metal8.
[INFO DRT-0024]   Complete via8.
[INFO DRT-0024]   Complete metal9.
[INFO DRT-0024]   Complete via9.
[INFO DRT-0024]   Complete metal10.
[INFO DRT-0033] active shape region query size = 0.
[INFO DRT-0033] FR_VIA shape region query size = 0.
[INFO DRT-0033] metal1 shape region query size = 42660.
[INFO DRT-0033] via1 shape region query size = 438.
[INFO DRT-0033] metal2 shape region query size = 292.
[INFO DRT-0033] via2 shape region query size = 438.
[INFO DRT-0033] metal3 shape region query size = 292.
[INFO DRT-0033] via3 shape region query size = 438.
[INFO DRT-0033] metal4 shape region query size = 164.
[INFO DRT-0033] via4 shape region query size = 140.
[INFO DRT-0033] metal5 shape region query size = 62.
[INFO DRT-0033] via5 shape region query size = 140.
[INFO DRT-0033] metal6 shape region query size = 73.
[INFO DRT-0033] via6 shape region query size = 56.
[INFO DRT-0033] metal7 shape region query size = 28.
[INFO DRT-0033] via7 shape region query size = 0.
[INFO DRT-0033] metal8 shape region query size = 0.
[INFO DRT-0033] via8 shape region query size = 0.
[INFO DRT-0033] metal9 shape region query size = 0.
[INFO DRT-0033] via9 shape region query size = 0.
[INFO DRT-0033] metal10 shape region query size = 0.
[INFO DRT-0165] Start pin access.
[INFO DRT-0078]   Complete 249 pins.
[INFO DRT-0081]   Complete 49 unique inst patterns.
[INFO DRT-0084]   Complete 1562 groups.
#scanned instances     = 2806
#unique  instances     = 49
#stdCellGenAp          = 1067
#stdCellValidPlanarAp  = 0
#stdCellValidViaAp     = 854
#stdCellPinNoAp        = 0
#stdCellPinCnt         = 8141
#instTermValidViaApCnt = 0
#macroGenAp            = 0
#macroValidPlanarAp    = 0
#macroValidViaAp       = 0
#macroNoAp             = 0
[INFO DRT-0166] Complete pin access.
[INFO DRT-0267] cpu time = 00:00:31, elapsed time = 00:00:08, memory = 267.03 (MB), peak = 266.57 (MB)

[INFO DRT-0157] Number of guides:     23287

[INFO DRT-0169] Post process guides.
[INFO DRT-0176] GCELLGRID X 0 DO 36 STEP 5700 ;
[INFO DRT-0177] GCELLGRID Y 0 DO 36 STEP 5700 ;
[INFO DRT-0028]   Complete active.
[INFO DRT-0028]   Complete Fr_VIA.
[INFO DRT-0028]   Complete metal1.
[INFO DRT-0028]   Complete via1.
[INFO DRT-0028]   Complete metal2.
[INFO DRT-0028]   Complete via2.
[INFO DRT-0028]   Complete metal3.
[INFO DRT-0028]   Complete via3.
[INFO DRT-0028]   Complete metal4.
[INFO DRT-0028]   Complete via4.
[INFO DRT-0028]   Complete metal5.
[INFO DRT-0028]   Complete via5.
[INFO DRT-0028]   Complete metal6.
[INFO DRT-0028]   Complete via6.
[INFO DRT-0028]   Complete metal7.
[INFO DRT-0028]   Complete via7.
[INFO DRT-0028]   Complete metal8.
[INFO DRT-0028]   Complete via8.
[INFO DRT-0028]   Complete metal9.
[INFO DRT-0028]   Complete via9.
[INFO DRT-0028]   Complete metal10.
[INFO DRT-0178] Init guide query.
[INFO DRT-0035]   Complete active (guide).
[INFO DRT-0035]   Complete Fr_VIA (guide).
[INFO DRT-0035]   Complete metal1 (guide).
[INFO DRT-0035]   Complete via1 (guide).
[INFO DRT-0035]   Complete metal2 (guide).
[INFO DRT-0035]   Complete via2 (guide).
[INFO DRT-0035]   Complete metal3 (guide).
[INFO DRT-0035]   Complete via3 (guide).
[INFO DRT-0035]   Complete metal4 (guide).
[INFO DRT-0035]   Complete via4 (guide).
[INFO DRT-0035]   Complete metal5 (guide).
[INFO DRT-0035]   Complete via5 (guide).
[INFO DRT-0035]   Complete metal6 (guide).
[INFO DRT-0035]   Complete via6 (guide).
[INFO DRT-0035]   Complete metal7 (guide).
[INFO DRT-0035]   Complete via7 (guide).
[INFO DRT-0035]   Complete metal8 (guide).
[INFO DRT-0035]   Complete via8 (guide).
[INFO DRT-0035]   Complete metal9 (guide).
[INFO DRT-0035]   Complete via9 (guide).
[INFO DRT-0035]   Complete metal10 (guide).
[INFO DRT-0036] active guide region query size = 0.
[INFO DRT-0036] FR_VIA guide region query size = 0.
[INFO DRT-0036] metal1 guide region query size = 7230.
[INFO DRT-0036] via1 guide region query size = 0.
[INFO DRT-0036] metal2 guide region query size = 6667.
[INFO DRT-0036] via2 guide region query size = 0.
[INFO DRT-0036] metal3 guide region query size = 3952.
[INFO DRT-0036] via3 guide region query size = 0.
[INFO DRT-0036] metal4 guide region query size = 902.
[INFO DRT-0036] via4 guide region query size = 0.
[INFO DRT-0036] metal5 guide region query size = 363.
[INFO DRT-0036] via5 guide region query size = 0.
[INFO DRT-0036] metal6 guide region query size = 98.
[INFO DRT-0036] via6 guide region query size = 0.
[INFO DRT-0036] metal7 guide region query size = 0.
[INFO DRT-0036] via7 guide region query size = 0.
[INFO DRT-0036] metal8 guide region query size = 0.
[INFO DRT-0036] via8 guide region query size = 0.
[INFO DRT-0036] metal9 guide region query size = 0.
[INFO DRT-0036] via9 guide region query size = 0.
[INFO DRT-0036] metal10 guide region query size = 0.
[INFO DRT-0179] Init gr pin query.
[INFO DRT-0267] cpu time = 00:00:00, elapsed time = 00:00:00, memory = 275.46 (MB), peak = 275.00 (MB)
[INFO DRT-0245] skipped writing guide updates to database.
[INFO DRT-0181] Start track assignment.
[INFO DRT-0184] Done with 7667 vertical wires in 1 frboxes and 11545 horizontal wires in 1 frboxes.
[INFO DRT-0186] Done with 2376 vertical wires in 1 frboxes and 2767 horizontal wires in 1 frboxes.
[INFO DRT-0182] Complete track assignment.
[INFO DRT-0267] cpu time = 00:00:02, elapsed time = 00:00:01, memory = 306.25 (MB), peak = 305.91 (MB)
[INFO DRT-0187] Start routing data preparation.
[INFO DRT-0267] cpu time = 00:00:00, elapsed time = 00:00:00, memory = 308.24 (MB), peak = 307.91 (MB)
[INFO DRT-0194] Start detail routing.
[INFO DRT-0195] Start 0th optimization iteration.
    Completing 10% with 0 violations.
    elapsed time = 00:00:01, memory = 380.63 (MB).
    Completing 20% with 0 violations.
    elapsed time = 00:00:05, memory = 385.21 (MB).
    Completing 30% with 117 violations.
    elapsed time = 00:00:05, memory = 429.49 (MB).
    Completing 40% with 117 violations.
    elapsed time = 00:00:07, memory = 454.05 (MB).
    Completing 50% with 117 violations.
    elapsed time = 00:00:09, memory = 403.47 (MB).
    Completing 60% with 187 violations.
    elapsed time = 00:00:11, memory = 436.80 (MB).
    Completing 70% with 187 violations.
    elapsed time = 00:00:13, memory = 441.04 (MB).
    Completing 80% with 303 violations.
    elapsed time = 00:00:15, memory = 494.63 (MB).
    Completing 90% with 303 violations.
    elapsed time = 00:00:15, memory = 472.45 (MB).
    Completing 100% with 394 violations.
    elapsed time = 00:00:18, memory = 446.93 (MB).
[INFO DRT-0199]   Number of violations = 529.
Viol/Layer      metal2   via2 metal3 metal4 metal5
Cut Spacing          0      1      0      0      0
Metal Spacing       40      0      5      1      3
Recheck             83      0     48      4      0
Short              275      0     64      1      4
[INFO DRT-0267] cpu time = 00:00:57, elapsed time = 00:00:19, memory = 964.77 (MB), peak = 964.68 (MB)
Total wire length = 45994 um.
Total wire length on LAYER metal1 = 0 um.
Total wire length on LAYER metal2 = 15380 um.
Total wire length on LAYER metal3 = 18029 um.
Total wire length on LAYER metal4 = 6887 um.
Total wire length on LAYER metal5 = 3858 um.
Total wire length on LAYER metal6 = 1839 um.
Total wire length on LAYER metal7 = 0 um.
Total wire length on LAYER metal8 = 0 um.
Total wire length on LAYER metal9 = 0 um.
Total wire length on LAYER metal10 = 0 um.
Total number of vias = 19102.
Up-via summary (total 19102):

----------------
 active        0
 metal1     8208
 metal2     9025
 metal3     1217
 metal4      510
 metal5      142
 metal6        0
 metal7        0
 metal8        0
 metal9        0
----------------
       19102


[INFO DRT-0195] Start 1st optimization iteration.
    Completing 10% with 529 violations.
    elapsed time = 00:00:00, memory = 964.77 (MB).
    Completing 20% with 529 violations.
    elapsed time = 00:00:04, memory = 994.00 (MB).
    Completing 30% with 461 violations.
    elapsed time = 00:00:05, memory = 998.86 (MB).
    Completing 40% with 461 violations.
    elapsed time = 00:00:07, memory = 998.86 (MB).
    Completing 50% with 461 violations.
    elapsed time = 00:00:10, memory = 998.86 (MB).
    Completing 60% with 350 violations.
    elapsed time = 00:00:12, memory = 1029.82 (MB).
    Completing 70% with 350 violations.
    elapsed time = 00:00:14, memory = 1029.89 (MB).
    Completing 80% with 261 violations.
    elapsed time = 00:00:17, memory = 1001.35 (MB).
    Completing 90% with 261 violations.
    elapsed time = 00:00:18, memory = 1001.35 (MB).
    Completing 100% with 182 violations.
    elapsed time = 00:00:19, memory = 1001.35 (MB).
[INFO DRT-0199]   Number of violations = 182.
Viol/Layer      metal2   via2 metal3
Cut Spacing          0      1      0
Metal Spacing       32      0      3
Short              127      0     19
[INFO DRT-0267] cpu time = 00:00:54, elapsed time = 00:00:20, memory = 1004.35 (MB), peak = 1029.68 (MB)
Total wire length = 45711 um.
Total wire length on LAYER metal1 = 0 um.
Total wire length on LAYER metal2 = 15291 um.
Total wire length on LAYER metal3 = 17901 um.
Total wire length on LAYER metal4 = 6843 um.
Total wire length on LAYER metal5 = 3839 um.
Total wire length on LAYER metal6 = 1834 um.
Total wire length on LAYER metal7 = 0 um.
Total wire length on LAYER metal8 = 0 um.
Total wire length on LAYER metal9 = 0 um.
Total wire length on LAYER metal10 = 0 um.
Total number of vias = 18927.
Up-via summary (total 18927):

----------------
 active        0
 metal1     8205
 metal2     8889
 metal3     1188
 metal4      499
 metal5      146
 metal6        0
 metal7        0
 metal8        0
 metal9        0
----------------
       18927


[INFO DRT-0195] Start 2nd optimization iteration.
    Completing 10% with 182 violations.
    elapsed time = 00:00:00, memory = 1004.35 (MB).
    Completing 20% with 182 violations.
    elapsed time = 00:00:04, memory = 1011.13 (MB).
    Completing 30% with 194 violations.
    elapsed time = 00:00:04, memory = 1011.13 (MB).
    Completing 40% with 194 violations.
    elapsed time = 00:00:04, memory = 1011.13 (MB).
    Completing 50% with 194 violations.
    elapsed time = 00:00:06, memory = 1013.55 (MB).
    Completing 60% with 174 violations.
    elapsed time = 00:00:08, memory = 1046.63 (MB).
    Completing 70% with 174 violations.
    elapsed time = 00:00:10, memory = 1046.63 (MB).
    Completing 80% with 162 violations.
    elapsed time = 00:00:12, memory = 1013.55 (MB).
    Completing 90% with 162 violations.
    elapsed time = 00:00:14, memory = 1013.55 (MB).
    Completing 100% with 161 violations.
    elapsed time = 00:00:17, memory = 1013.69 (MB).
[INFO DRT-0199]   Number of violations = 161.
Viol/Layer      metal2 metal3
Metal Spacing       14      1
Short              130     16
[INFO DRT-0267] cpu time = 00:00:52, elapsed time = 00:00:18, memory = 1013.69 (MB), peak = 1046.35 (MB)
Total wire length = 45702 um.
Total wire length on LAYER metal1 = 0 um.
Total wire length on LAYER metal2 = 15225 um.
Total wire length on LAYER metal3 = 17953 um.
Total wire length on LAYER metal4 = 6848 um.
Total wire length on LAYER metal5 = 3845 um.
Total wire length on LAYER metal6 = 1829 um.
Total wire length on LAYER metal7 = 0 um.
Total wire length on LAYER metal8 = 0 um.
Total wire length on LAYER metal9 = 0 um.
Total wire length on LAYER metal10 = 0 um.
Total number of vias = 18893.
Up-via summary (total 18893):

----------------
 active        0
 metal1     8198
 metal2     8848
 metal3     1206
 metal4      501
 metal5      140
 metal6        0
 metal7        0
 metal8        0
 metal9        0
----------------
       18893


[INFO DRT-0195] Start 3rd optimization iteration.
    Completing 10% with 161 violations.
    elapsed time = 00:00:00, memory = 1013.69 (MB).
    Completing 20% with 161 violations.
    elapsed time = 00:00:01, memory = 1013.69 (MB).
    Completing 30% with 128 violations.
    elapsed time = 00:00:02, memory = 1013.69 (MB).
    Completing 40% with 128 violations.
    elapsed time = 00:00:03, memory = 1013.69 (MB).
    Completing 50% with 128 violations.
    elapsed time = 00:00:05, memory = 1013.69 (MB).
    Completing 60% with 85 violations.
    elapsed time = 00:00:05, memory = 1013.69 (MB).
    Completing 70% with 85 violations.
    elapsed time = 00:00:06, memory = 1013.69 (MB).
    Completing 80% with 24 violations.
    elapsed time = 00:00:08, memory = 1015.99 (MB).
    Completing 90% with 24 violations.
    elapsed time = 00:00:08, memory = 1015.99 (MB).
    Completing 100% with 0 violations.
    elapsed time = 00:00:09, memory = 1015.99 (MB).
[INFO DRT-0199]   Number of violations = 0.
[INFO DRT-0267] cpu time = 00:00:24, elapsed time = 00:00:09, memory = 1015.99 (MB), peak = 1046.35 (MB)
Total wire length = 45698 um.
Total wire length on LAYER metal1 = 0 um.
Total wire length on LAYER metal2 = 15027 um.
Total wire length on LAYER metal3 = 17983 um.
Total wire length on LAYER metal4 = 7009 um.
Total wire length on LAYER metal5 = 3847 um.
Total wire length on LAYER metal6 = 1829 um.
Total wire length on LAYER metal7 = 0 um.
Total wire length on LAYER metal8 = 0 um.
Total wire length on LAYER metal9 = 0 um.
Total wire length on LAYER metal10 = 0 um.
Total number of vias = 19018.
Up-via summary (total 19018):

----------------
 active        0
 metal1     8198
 metal2     8915
 metal3     1262
 metal4      503
 metal5      140
 metal6        0
 metal7        0
 metal8        0
 metal9        0
----------------
       19018


[INFO DRT-0198] Complete detail routing.
Total wire length = 45698 um.
Total wire length on LAYER metal1 = 0 um.
Total wire length on LAYER metal2 = 15027 um.
Total wire length on LAYER metal3 = 17983 um.
Total wire length on LAYER metal4 = 7009 um.
Total wire length on LAYER metal5 = 3847 um.
Total wire length on LAYER metal6 = 1829 um.
Total wire length on LAYER metal7 = 0 um.
Total wire length on LAYER metal8 = 0 um.
Total wire length on LAYER metal9 = 0 um.
Total wire length on LAYER metal10 = 0 um.
Total number of vias = 19018.
Up-via summary (total 19018):

----------------
 active        0
 metal1     8198
 metal2     8915
 metal3     1262
 metal4      503
 metal5      140
 metal6        0
 metal7        0
 metal8        0
 metal9        0
----------------
       19018


[INFO DRT-0267] cpu time = 00:03:09, elapsed time = 00:01:07, memory = 1016.05 (MB), peak = 1046.35 (MB)

[INFO DRT-0180] Post processing.
Took 79 seconds: detailed_route -output_drc ./reports/nangate45/s9234f/phase0c_f3e7b516a_s19_k1_R_0b6306f0_7f655d61/5_route_drc.rpt -output_maze ./results/nangate45/s9234f/phase0c_f3e7b516a_s19_k1_R_0b6306f0_7f655d61/maze.log -droute_end_iter 64 -verbose 1 -drc_report_iter_step 5
[WARNING GRT-0246] No diode with LEF class CORE ANTENNACELL found.
[INFO ANT-0002] Found 0 net violations.
[INFO ANT-0001] Found 0 pin violations.
[INFO ANT-0002] Found 0 net violations.
[INFO ANT-0001] Found 0 pin violations.
Design area 3644 um^2 36% utilization.
write_db ./results/nangate45/s9234f/phase0c_f3e7b516a_s19_k1_R_0b6306f0_7f655d61/5_2_route.odb
Log                       Ext     Elapsed/s Peak Memory/MB sha1sum result [0:20)
5_2_route                 .odb           84           1046 256be0db1ba257135803
/root/pact-deps/OpenROAD-flow-scripts/flow/scripts/flow.sh 5_3_fillcell fillcell
Running fillcell.tcl, stage 5_3_fillcell
read_liberty /root/pact-deps/OpenROAD-flow-scripts/flow/platforms/nangate45/lib/NangateOpenCellLibrary_typical.lib
read_db ./results/nangate45/s9234f/phase0c_f3e7b516a_s19_k1_R_0b6306f0_7f655d61/5_2_route.odb
read_sdc ./results/nangate45/s9234f/phase0c_f3e7b516a_s19_k1_R_0b6306f0_7f655d61/5_1_grt.sdc
source /root/pact-deps/OpenROAD-flow-scripts/flow/platforms/nangate45/setRC.tcl
filler_placement "FILLCELL_X1 FILLCELL_X2 FILLCELL_X4 FILLCELL_X8 FILLCELL_X16 FILLCELL_X32"
[INFO DPL-0001] Placed 3424 filler instances.
Design area 3644 um^2 36% utilization.
write_db ./results/nangate45/s9234f/phase0c_f3e7b516a_s19_k1_R_0b6306f0_7f655d61/5_3_fillcell.odb
Log                       Ext     Elapsed/s Peak Memory/MB sha1sum result [0:20)
5_3_fillcell              .odb            0            119 8004cc5d1e1d50126e0a
cp ./results/nangate45/s9234f/phase0c_f3e7b516a_s19_k1_R_0b6306f0_7f655d61/5_3_fillcell.odb ./results/nangate45/s9234f/phase0c_f3e7b516a_s19_k1_R_0b6306f0_7f655d61/5_route.odb
cp ./results/nangate45/s9234f/phase0c_f3e7b516a_s19_k1_R_0b6306f0_7f655d61/5_1_grt.sdc ./results/nangate45/s9234f/phase0c_f3e7b516a_s19_k1_R_0b6306f0_7f655d61/5_route.sdc
