OpenROAD 26Q2-1164-g08f67ee5ec 
Features included (+) or not (-): +GPU +GUI +Python
This program is licensed under the BSD-3 license. See the LICENSE file for details.
Components of this program may be licensed under more restrictive licenses which must be honored.
[INFO ORD-0030] Using 4 thread(s).
mkdir -p ./objects/nangate45/s9234f/phase0c_f3e7b516a_s23_k4_B0_0683612c_7f655d61
/root/pact-deps/OpenROAD-flow-scripts/flow/scripts/flow.sh 4_1_cts cts
Running cts.tcl, stage 4_1_cts
read_liberty /root/pact-deps/OpenROAD-flow-scripts/flow/platforms/nangate45/lib/NangateOpenCellLibrary_typical.lib
read_db ./results/nangate45/s9234f/phase0c_f3e7b516a_s23_k4_B0_0683612c_7f655d61/3_place.odb
read_sdc ./results/nangate45/s9234f/phase0c_f3e7b516a_s23_k4_B0_0683612c_7f655d61/3_place.sdc
source /root/pact-deps/OpenROAD-flow-scripts/flow/platforms/nangate45/setRC.tcl
clock_tree_synthesis -sink_clustering_enable -repair_clock_nets
[INFO CTS-0050] Root buffer is CLKBUF_X3.
[INFO CTS-0051] Sink buffer is CLKBUF_X3.
[INFO CTS-0052] The following clock buffers will be used for CTS:
                    CLKBUF_X3
[INFO CTS-0049] Characterization buffer is CLKBUF_X3.
[INFO CTS-0007] Net "CK" found for clock "clk".
[INFO CTS-0010]  Clock net "CK" has 211 sinks.
[INFO CTS-0008] TritonCTS found 1 clock nets.
[INFO CTS-0097] Characterization used 1 buffer(s) types.
[INFO CTS-0201] 0 blockages from hard placement blockages and placed macros will be used.
[INFO CTS-0027] Generating H-Tree topology for net CK.
[INFO CTS-0028]  Total number of sinks: 211.
[INFO CTS-0090]  Sinks will be clustered based on buffer max cap.
[INFO CTS-0030]  Number of static layers: 0.
[INFO CTS-0020]  Wire segment unit: 14000  dbu (7 um).
[INFO CTS-0206] Best clustering solution was found from max clustering size of 8 and max clustering diameter of 33.
[INFO CTS-0019]  Total number of sinks after clustering: 33.
[INFO CTS-0024]  Normalized sink region: [(2.17064, 2.09184), (12.6966, 12.9571)].
[INFO CTS-0025]     Width:  10.5260.
[INFO CTS-0026]     Height: 10.8653.
 Level 1
    Direction: Vertical
    Sinks per sub-region: 17
    Sub-region size: 10.5260 X 5.4327
[INFO CTS-0034]     Segment length (rounded): 2.
 Level 2
    Direction: Horizontal
    Sinks per sub-region: 9
    Sub-region size: 5.2630 X 5.4327
[INFO CTS-0034]     Segment length (rounded): 2.
[INFO CTS-0032]  Stop criterion found. Max number of sinks is 15.
[INFO CTS-0035]  Number of sinks covered: 33.
[INFO CTS-0018]     Created 38 clock buffers.
[INFO CTS-0012]     Minimum number of buffers in the clock path: 3.
[INFO CTS-0013]     Maximum number of buffers in the clock path: 3.
[INFO CTS-0015]     Created 38 clock nets.
[INFO CTS-0016]     Fanout distribution for the current clock = 5:6, 6:13, 7:11, 8:5, 9:1, 10:1..
[INFO CTS-0017]     Max level of the clock tree: 2.
[INFO CTS-0098] Clock net "CK"
[INFO CTS-0099]  Sinks 237
[INFO CTS-0100]  Leaf buffers 33
[INFO CTS-0101]  Average sink wire length 142.42 um
[INFO CTS-0102]  Path depth 2 - 3
[INFO CTS-0207]  Dummy loads inserted 26
estimate_parasitics -placement
detailed_placement
[INFO DPL-0006] Core area: 10208.02 um^2, Instances area: 3601.11 um^2, Utilization: 35.3%
[INFO DPL-0005] Diamond search max displacement: +/- 500 sites horizontally, +/- 100 rows vertically.
[INFO DPL-1101] Legalizing using diamond search.
Movements Summary
---------------------------------------
Total cells:                    2608
Diamond Move Success:           2608 (100.00%)
Diamond Move Failure:              0
Rip-up and replace Success:        0 (  0.00% of diamond failures)
Rip-up and replace Failure:        0
Total Placement Failures:          0
---------------------------------------
Placement Analysis
---------------------------------
total displacement         94.7 u
average displacement        0.0 u
max displacement            3.2 u
original HPWL           35425.9 u
legalized HPWL          35453.8 u
delta HPWL                    0 %

estimate_parasitics -placement
repair_timing -setup_margin 0 -hold_margin 0 -repair_tns 100 -verbose
[INFO RSZ-0100] Repair move sequence: UnbufferMove SizeUpMove SwapPinsMove BufferMove CloneMove SplitLoadMove 
[INFO RSZ-0098] No setup violations found
[INFO RSZ-0046] Found 63 endpoints with hold violations.
Iteration | Resized | Buffers | Cloned Gates |   Area   |   WNS   |   TNS   | Endpoint
--------------------------------------------------------------------------------------
        0 |       0 |       0 |            0 |    +0.0% |  -0.097 |  -2.031 | U_g666/D
       10 |       0 |      18 |            0 |    +0.4% |  -0.080 |  -1.471 | U_g686/D
       20 |       0 |      32 |            0 |    +0.7% |  -0.045 |  -0.349 | U_g666/D
       30 |       0 |      32 |            0 |    +0.7% |  -0.045 |  -0.349 | U_g666/D
       40 |       0 |      32 |            0 |    +0.7% |  -0.045 |  -0.349 | U_g666/D
       50 |       0 |      35 |            0 |    +0.8% |  -0.045 |  -0.277 | U_g666/D
       60 |       0 |      39 |            0 |    +0.9% |  -0.045 |  -0.253 | U_g666/D
       70 |       0 |      51 |            0 |    +1.1% |  -0.022 |  -0.056 | U_g686/D
    final |       0 |      54 |            0 |    +1.2% |   0.000 |   0.000 | U_g698/D
--------------------------------------------------------------------------------------
[INFO RSZ-0032] Inserted 54 hold buffers.
detailed_placement
[INFO DPL-0006] Core area: 10208.02 um^2, Instances area: 3644.20 um^2, Utilization: 35.7%
[INFO DPL-0005] Diamond search max displacement: +/- 500 sites horizontally, +/- 100 rows vertically.
[INFO DPL-1101] Legalizing using diamond search.
Movements Summary
---------------------------------------
Total cells:                    2662
Diamond Move Success:           2662 (100.00%)
Diamond Move Failure:              0
Rip-up and replace Success:        0 (  0.00% of diamond failures)
Rip-up and replace Failure:        0
Total Placement Failures:          0
---------------------------------------
Placement Analysis
---------------------------------
total displacement         73.4 u
average displacement        0.0 u
max displacement            2.8 u
original HPWL           35517.1 u
legalized HPWL          35547.4 u
delta HPWL                    0 %

estimate_parasitics -placement
Report metrics stage 4, cts final...

==========================================================================
cts final report_design_area
--------------------------------------------------------------------------
Design area 3644 um^2 36% utilization.
write_db ./results/nangate45/s9234f/phase0c_f3e7b516a_s23_k4_B0_0683612c_7f655d61/4_1_cts.odb
write_sdc -no_timestamp ./results/nangate45/s9234f/phase0c_f3e7b516a_s23_k4_B0_0683612c_7f655d61/4_cts.sdc
Log                       Ext     Elapsed/s Peak Memory/MB sha1sum result [0:20)
4_1_cts                   .odb            4            159 e747ee03f1260bf237ed
cp ./results/nangate45/s9234f/phase0c_f3e7b516a_s23_k4_B0_0683612c_7f655d61/4_1_cts.odb ./results/nangate45/s9234f/phase0c_f3e7b516a_s23_k4_B0_0683612c_7f655d61/4_cts.odb
/root/pact-deps/OpenROAD-flow-scripts/flow/scripts/flow.sh 5_1_grt global_route
Running global_route.tcl, stage 5_1_grt
read_liberty /root/pact-deps/OpenROAD-flow-scripts/flow/platforms/nangate45/lib/NangateOpenCellLibrary_typical.lib
read_db ./results/nangate45/s9234f/phase0c_f3e7b516a_s23_k4_B0_0683612c_7f655d61/4_cts.odb
read_sdc ./results/nangate45/s9234f/phase0c_f3e7b516a_s23_k4_B0_0683612c_7f655d61/4_cts.sdc
source /root/pact-deps/OpenROAD-flow-scripts/flow/platforms/nangate45/setRC.tcl
pin_access
[INFO DRT-0149] Reading tech and libs.

Units:                2000
Number of layers:     21
Number of macros:     135
Number of vias:       33
Number of viarulegen: 19

[INFO DRT-0150] Reading design.

Design:                   s9234f
Die area:                 ( 0 0 ) ( 206880 206880 )
Number of track patterns: 20
Number of DEF vias:       0
Number of components:     2806
Number of terminals:      87
Number of snets:          2
Number of nets:           2678

[INFO DRT-0167] List of default vias:
  Layer via2
    default via: via2_5
  Layer via3
    default via: via3_2
  Layer via4
    default via: via4_0
  Layer via5
    default via: via5_0
  Layer via6
    default via: via6_0
  Layer via7
    default via: via7_0
  Layer via8
    default via: via8_0
  Layer via9
    default via: via9_0
[INFO DRT-0162] Library cell analysis.
[INFO DRT-0163] Instance analysis.
[INFO DRT-0164] Number of unique instances = 48.
[INFO DRT-0168] Init region query.
[INFO DRT-0024]   Complete active.
[INFO DRT-0024]   Complete Fr_VIA.
[INFO DRT-0024]   Complete metal1.
[INFO DRT-0024]   Complete via1.
[INFO DRT-0024]   Complete metal2.
[INFO DRT-0024]   Complete via2.
[INFO DRT-0024]   Complete metal3.
[INFO DRT-0024]   Complete via3.
[INFO DRT-0024]   Complete metal4.
[INFO DRT-0024]   Complete via4.
[INFO DRT-0024]   Complete metal5.
[INFO DRT-0024]   Complete via5.
[INFO DRT-0024]   Complete metal6.
[INFO DRT-0024]   Complete via6.
[INFO DRT-0024]   Complete metal7.
[INFO DRT-0024]   Complete via7.
[INFO DRT-0024]   Complete metal8.
[INFO DRT-0024]   Complete via8.
[INFO DRT-0024]   Complete metal9.
[INFO DRT-0024]   Complete via9.
[INFO DRT-0024]   Complete metal10.
[INFO DRT-0033] active shape region query size = 0.
[INFO DRT-0033] FR_VIA shape region query size = 0.
[INFO DRT-0033] metal1 shape region query size = 42666.
[INFO DRT-0033] via1 shape region query size = 438.
[INFO DRT-0033] metal2 shape region query size = 292.
[INFO DRT-0033] via2 shape region query size = 438.
[INFO DRT-0033] metal3 shape region query size = 292.
[INFO DRT-0033] via3 shape region query size = 438.
[INFO DRT-0033] metal4 shape region query size = 164.
[INFO DRT-0033] via4 shape region query size = 140.
[INFO DRT-0033] metal5 shape region query size = 68.
[INFO DRT-0033] via5 shape region query size = 140.
[INFO DRT-0033] metal6 shape region query size = 73.
[INFO DRT-0033] via6 shape region query size = 56.
[INFO DRT-0033] metal7 shape region query size = 28.
[INFO DRT-0033] via7 shape region query size = 0.
[INFO DRT-0033] metal8 shape region query size = 0.
[INFO DRT-0033] via8 shape region query size = 0.
[INFO DRT-0033] metal9 shape region query size = 0.
[INFO DRT-0033] via9 shape region query size = 0.
[INFO DRT-0033] metal10 shape region query size = 0.
[INFO DRT-0165] Start pin access.
[INFO DRT-0078]   Complete 245 pins.
[INFO DRT-0081]   Complete 48 unique inst patterns.
[INFO DRT-0084]   Complete 1519 groups.
#scanned instances     = 2806
#unique  instances     = 48
#stdCellGenAp          = 1064
#stdCellValidPlanarAp  = 0
#stdCellValidViaAp     = 851
#stdCellPinNoAp        = 0
#stdCellPinCnt         = 8140
#instTermValidViaApCnt = 0
#macroGenAp            = 0
#macroValidPlanarAp    = 0
#macroValidViaAp       = 0
#macroNoAp             = 0
[INFO DRT-0166] Complete pin access.
[INFO DRT-0267] cpu time = 00:00:29, elapsed time = 00:00:06, memory = 119.25 (MB), peak = 118.91 (MB)
Took 6 seconds: pin_access
set_global_routing_random -seed 23
global_route -congestion_report_file ./reports/nangate45/s9234f/phase0c_f3e7b516a_s23_k4_B0_0683612c_7f655d61/congestion.rpt -congestion_iterations 30 -congestion_report_iter_step 5 -verbose
[INFO GRT-0020] Min routing layer: metal2
[INFO GRT-0021] Max routing layer: metal10
[INFO GRT-0022] Global adjustment: 0%
[INFO GRT-0023] Grid origin: (0, 0)
[INFO GRT-0088] Layer metal1  Track-Pitch = 0.1400  line-2-Via Pitch: 0.1350
[INFO GRT-0088] Layer metal2  Track-Pitch = 0.1900  line-2-Via Pitch: 0.1400
[INFO GRT-0088] Layer metal3  Track-Pitch = 0.1400  line-2-Via Pitch: 0.1400
[INFO GRT-0088] Layer metal4  Track-Pitch = 0.2800  line-2-Via Pitch: 0.2800
[INFO GRT-0088] Layer metal5  Track-Pitch = 0.2800  line-2-Via Pitch: 0.2800
[INFO GRT-0088] Layer metal6  Track-Pitch = 0.2800  line-2-Via Pitch: 0.2800
[INFO GRT-0088] Layer metal7  Track-Pitch = 0.8000  line-2-Via Pitch: 0.8000
[INFO GRT-0088] Layer metal8  Track-Pitch = 0.8000  line-2-Via Pitch: 0.8000
[INFO GRT-0088] Layer metal9  Track-Pitch = 1.6000  line-2-Via Pitch: 1.6000
[INFO GRT-0088] Layer metal10 Track-Pitch = 1.6000  line-2-Via Pitch: 1.6000
[INFO GRT-0003] Macros: 0
[INFO GRT-0004] Blockages: 0
[INFO GRT-0019] Found 39 clock nets.
[INFO GRT-0001] Minimum degree: 2
[INFO GRT-0002] Maximum degree: 63

[INFO GRT-0053] Routing resources analysis:
          Routing      Original      Derated      Resource
Layer     Direction    Resources     Resources    Reduction (%)
---------------------------------------------------------------
metal1     Horizontal          0             0          0.00%
metal2     Vertical        18585          8750          52.92%
metal3     Horizontal      25711         12607          50.97%
metal4     Vertical        12600          8890          29.44%
metal5     Horizontal      12839          9040          29.59%
metal6     Vertical        12882          9077          29.54%
metal7     Horizontal       3920          2800          28.57%
metal8     Vertical         4480          3220          28.12%
metal9     Horizontal       2240          1260          43.75%
metal10    Vertical         2240          1260          43.75%
---------------------------------------------------------------

[INFO GRT-0197] Via related to pin nodes: 15566
[INFO GRT-0198] Via related Steiner nodes: 342
[INFO GRT-0199] Via filling finished.
[INFO GRT-0111] Final number of vias: 20295
[INFO GRT-0112] Final usage 3D: 74681

[INFO GRT-0096] Final congestion report:
Layer         Resource        Demand        Usage (%)    Max H / Max V / Total Overflow
---------------------------------------------------------------------------------------
metal1               0             0            0.00%             0 /  0 /  0
metal2            8750          4745           54.23%             0 /  0 /  0
metal3           12607          5521           43.79%             0 /  0 /  0
metal4            8890          1756           19.75%             0 /  0 /  0
metal5            9040          1208           13.36%             0 /  0 /  0
metal6            9077           556            6.13%             0 /  0 /  0
metal7            2800            10            0.36%             0 /  0 /  0
metal8            3220             0            0.00%             0 /  0 /  0
metal9            1260             0            0.00%             0 /  0 /  0
metal10           1260             0            0.00%             0 /  0 /  0
---------------------------------------------------------------------------------------
Total            56904         13796           24.24%             0 /  0 /  0

[INFO GRT-0018] Total wirelength: 58784 um
[INFO GRT-0014] Routed nets: 2678
[INFO GRT-0303] Global routing runtime = 00:00:00
estimate_parasitics -global_routing
Perform buffer insertion and gate resizing...
repair_design -verbose
Iteration |   Area    | Resized | Buffers | Nets repaired | Remaining
---------------------------------------------------------------------
        0 |     +0.0% |       0 |       0 |             0 |      2915
       10 |     +0.0% |       0 |       0 |             0 |      2905
       20 |     +0.0% |       0 |       0 |             0 |      2895
       30 |     +0.0% |       0 |       0 |             0 |      2885
       40 |     +0.0% |       0 |       0 |             0 |      2875
       50 |     +0.0% |       0 |       0 |             0 |      2865
       60 |     +0.0% |       0 |       0 |             0 |      2855
       70 |     +0.0% |       0 |       0 |             0 |      2845
       80 |     +0.0% |       0 |       0 |             0 |      2835
       90 |     +0.0% |       0 |       0 |             0 |      2825
      100 |     +0.0% |       0 |       0 |             0 |      2815
      110 |     +0.0% |       0 |       0 |             0 |      2805
      120 |     +0.0% |       0 |       0 |             0 |      2795
      130 |     +0.0% |       0 |       0 |             0 |      2785
      140 |     +0.0% |       0 |       0 |             0 |      2775
      150 |     +0.0% |       0 |       0 |             0 |      2765
      160 |     +0.0% |       0 |       0 |             0 |      2755
      170 |     +0.0% |       0 |       0 |             0 |      2745
      180 |     +0.0% |       0 |       0 |             0 |      2735
      190 |     +0.0% |       0 |       0 |             0 |      2725
      200 |     +0.0% |       0 |       0 |             0 |      2715
      210 |     +0.0% |       0 |       0 |             0 |      2705
      220 |     +0.0% |       0 |       0 |             0 |      2695
      230 |     +0.0% |       0 |       0 |             0 |      2685
      240 |     +0.0% |       0 |       0 |             0 |      2675
      250 |     +0.0% |       0 |       0 |             0 |      2665
      260 |     +0.0% |       0 |       0 |             0 |      2655
      270 |     +0.0% |       0 |       0 |             0 |      2645
      280 |     +0.0% |       0 |       0 |             0 |      2635
      290 |     +0.0% |       0 |       0 |             0 |      2625
      300 |     +0.0% |       0 |       0 |             0 |      2615
      310 |     +0.0% |       0 |       0 |             0 |      2605
      320 |     +0.0% |       0 |       0 |             0 |      2595
      330 |     +0.0% |       0 |       0 |             0 |      2585
      340 |     +0.0% |       0 |       0 |             0 |      2575
      350 |     +0.0% |       0 |       0 |             0 |      2565
      360 |     +0.0% |       0 |       0 |             0 |      2555
      370 |     +0.0% |       0 |       0 |             0 |      2545
      380 |     +0.0% |       0 |       0 |             0 |      2535
      390 |     +0.0% |       0 |       0 |             0 |      2525
      400 |     +0.0% |       0 |       0 |             0 |      2515
      410 |     +0.0% |       0 |       0 |             0 |      2505
      420 |     +0.0% |       0 |       0 |             0 |      2495
      430 |     +0.0% |       0 |       0 |             0 |      2485
      440 |     +0.0% |       0 |       0 |             0 |      2475
      450 |     +0.0% |       0 |       0 |             0 |      2465
      460 |     +0.0% |       0 |       0 |             0 |      2455
      470 |     +0.0% |       0 |       0 |             0 |      2445
      480 |     +0.0% |       0 |       0 |             0 |      2435
      490 |     +0.0% |       0 |       0 |             0 |      2425
      500 |     +0.0% |       0 |       0 |             0 |      2415
      510 |     +0.0% |       0 |       0 |             0 |      2405
      520 |     +0.0% |       0 |       0 |             0 |      2395
      530 |     +0.0% |       0 |       0 |             0 |      2385
      540 |     +0.0% |       0 |       0 |             0 |      2375
      550 |     +0.0% |       0 |       0 |             0 |      2365
      560 |     +0.0% |       0 |       0 |             0 |      2355
      570 |     +0.0% |       0 |       0 |             0 |      2345
      580 |     +0.0% |       0 |       0 |             0 |      2335
      590 |     +0.0% |       0 |       0 |             0 |      2325
      600 |     +0.0% |       0 |       0 |             0 |      2315
      610 |     +0.0% |       0 |       0 |             0 |      2305
      620 |     +0.0% |       0 |       0 |             0 |      2295
      630 |     +0.0% |       0 |       0 |             0 |      2285
      640 |     +0.0% |       0 |       0 |             0 |      2275
      650 |     +0.0% |       0 |       0 |             0 |      2265
      660 |     +0.0% |       0 |       0 |             0 |      2255
      670 |     +0.0% |       0 |       0 |             0 |      2245
      680 |     +0.0% |       0 |       0 |             0 |      2235
      690 |     +0.0% |       0 |       0 |             0 |      2225
      700 |     +0.0% |       0 |       0 |             0 |      2215
      710 |     +0.0% |       0 |       0 |             0 |      2205
      720 |     +0.0% |       0 |       0 |             0 |      2195
      730 |     +0.0% |       0 |       0 |             0 |      2185
      740 |     +0.0% |       0 |       0 |             0 |      2175
      750 |     +0.0% |       0 |       0 |             0 |      2165
      760 |     +0.0% |       0 |       0 |             0 |      2155
      770 |     +0.0% |       0 |       0 |             0 |      2145
      780 |     +0.0% |       0 |       0 |             0 |      2135
      790 |     +0.0% |       0 |       0 |             0 |      2125
      800 |     +0.0% |       0 |       0 |             0 |      2115
      810 |     +0.0% |       0 |       0 |             0 |      2105
      820 |     +0.0% |       0 |       0 |             0 |      2095
      830 |     +0.0% |       0 |       0 |             0 |      2085
      840 |     +0.0% |       0 |       0 |             0 |      2075
      850 |     +0.0% |       0 |       0 |             0 |      2065
      860 |     +0.0% |       0 |       0 |             0 |      2055
      870 |     +0.0% |       0 |       0 |             0 |      2045
      880 |     +0.0% |       0 |       0 |             0 |      2035
      890 |     +0.0% |       0 |       0 |             0 |      2025
      900 |     +0.0% |       0 |       0 |             0 |      2015
      910 |     +0.0% |       0 |       0 |             0 |      2005
      920 |     +0.0% |       0 |       0 |             0 |      1995
      930 |     +0.0% |       0 |       0 |             0 |      1985
      940 |     +0.0% |       0 |       0 |             0 |      1975
      950 |     +0.0% |       0 |       0 |             0 |      1965
      960 |     +0.0% |       0 |       0 |             0 |      1955
      970 |     +0.0% |       0 |       0 |             0 |      1945
      980 |     +0.0% |       0 |       0 |             0 |      1935
      990 |     +0.0% |       0 |       0 |             0 |      1925
     1000 |     +0.0% |       0 |       0 |             0 |      1915
     1010 |     +0.0% |       0 |       0 |             0 |      1905
     1020 |     +0.0% |       0 |       0 |             0 |      1895
     1030 |     +0.0% |       0 |       0 |             0 |      1885
     1040 |     +0.0% |       0 |       0 |             0 |      1875
     1050 |     +0.0% |       0 |       0 |             0 |      1865
     1060 |     +0.0% |       0 |       0 |             0 |      1855
     1070 |     +0.0% |       0 |       0 |             0 |      1845
     1080 |     +0.0% |       0 |       0 |             0 |      1835
     1090 |     +0.0% |       0 |       0 |             0 |      1825
     1100 |     +0.0% |       0 |       0 |             0 |      1815
     1110 |     +0.0% |       0 |       0 |             0 |      1805
     1120 |     +0.0% |       0 |       0 |             0 |      1795
     1130 |     +0.0% |       0 |       0 |             0 |      1785
     1140 |     +0.0% |       0 |       0 |             0 |      1775
     1150 |     +0.0% |       0 |       0 |             0 |      1765
     1160 |     +0.0% |       0 |       0 |             0 |      1755
     1170 |     +0.0% |       0 |       0 |             0 |      1745
     1180 |     +0.0% |       0 |       0 |             0 |      1735
     1190 |     +0.0% |       0 |       0 |             0 |      1725
     1200 |     +0.0% |       0 |       0 |             0 |      1715
     1210 |     +0.0% |       0 |       0 |             0 |      1705
     1220 |     +0.0% |       0 |       0 |             0 |      1695
     1230 |     +0.0% |       0 |       0 |             0 |      1685
     1240 |     +0.0% |       0 |       0 |             0 |      1675
     1250 |     +0.0% |       0 |       0 |             0 |      1665
     1260 |     +0.0% |       0 |       0 |             0 |      1655
     1270 |     +0.0% |       0 |       0 |             0 |      1645
     1280 |     +0.0% |       0 |       0 |             0 |      1635
     1290 |     +0.0% |       0 |       0 |             0 |      1625
     1300 |     +0.0% |       0 |       0 |             0 |      1615
     1310 |     +0.0% |       0 |       0 |             0 |      1605
     1320 |     +0.0% |       0 |       0 |             0 |      1595
     1330 |     +0.0% |       0 |       0 |             0 |      1585
     1340 |     +0.0% |       0 |       0 |             0 |      1575
     1350 |     +0.0% |       0 |       0 |             0 |      1565
     1360 |     +0.0% |       0 |       0 |             0 |      1555
     1370 |     +0.0% |       0 |       0 |             0 |      1545
     1380 |     +0.0% |       0 |       0 |             0 |      1535
     1390 |     +0.0% |       0 |       0 |             0 |      1525
     1400 |     +0.0% |       0 |       0 |             0 |      1515
     1410 |     +0.0% |       0 |       0 |             0 |      1505
     1420 |     +0.0% |       0 |       0 |             0 |      1495
     1430 |     +0.0% |       0 |       0 |             0 |      1485
     1440 |     +0.0% |       0 |       0 |             0 |      1475
     1450 |     +0.0% |       0 |       0 |             0 |      1465
     1460 |     +0.0% |       0 |       0 |             0 |      1455
     1470 |     +0.0% |       0 |       0 |             0 |      1445
     1480 |     +0.0% |       0 |       0 |             0 |      1435
     1490 |     +0.0% |       0 |       0 |             0 |      1425
     1500 |     +0.0% |       0 |       0 |             0 |      1415
     1510 |     +0.0% |       0 |       0 |             0 |      1405
     1520 |     +0.0% |       0 |       0 |             0 |      1395
     1530 |     +0.0% |       0 |       0 |             0 |      1385
     1540 |     +0.0% |       0 |       0 |             0 |      1375
     1550 |     +0.0% |       0 |       0 |             0 |      1365
     1560 |     +0.0% |       0 |       0 |             0 |      1355
     1570 |     +0.0% |       0 |       0 |             0 |      1345
     1580 |     +0.0% |       0 |       0 |             0 |      1335
     1590 |     +0.0% |       0 |       0 |             0 |      1325
     1600 |     +0.0% |       0 |       0 |             0 |      1315
     1610 |     +0.0% |       0 |       0 |             0 |      1305
     1620 |     +0.0% |       0 |       0 |             0 |      1295
     1630 |     +0.0% |       0 |       0 |             0 |      1285
     1640 |     +0.0% |       0 |       0 |             0 |      1275
     1650 |     +0.0% |       0 |       0 |             0 |      1265
     1660 |     +0.0% |       0 |       0 |             0 |      1255
     1670 |     +0.0% |       0 |       0 |             0 |      1245
     1680 |     +0.0% |       0 |       0 |             0 |      1235
     1690 |     +0.0% |       0 |       0 |             0 |      1225
     1700 |     +0.0% |       0 |       0 |             0 |      1215
     1710 |     +0.0% |       0 |       0 |             0 |      1205
     1720 |     +0.0% |       0 |       0 |             0 |      1195
     1730 |     +0.0% |       0 |       0 |             0 |      1185
     1740 |     +0.0% |       0 |       0 |             0 |      1175
     1750 |     +0.0% |       0 |       0 |             0 |      1165
     1760 |     +0.0% |       0 |       0 |             0 |      1155
     1770 |     +0.0% |       0 |       0 |             0 |      1145
     1780 |     +0.0% |       0 |       0 |             0 |      1135
     1790 |     +0.0% |       0 |       0 |             0 |      1125
     1800 |     +0.0% |       0 |       0 |             0 |      1115
     1810 |     +0.0% |       0 |       0 |             0 |      1105
     1820 |     +0.0% |       0 |       0 |             0 |      1095
     1830 |     +0.0% |       0 |       0 |             0 |      1085
     1840 |     +0.0% |       0 |       0 |             0 |      1075
     1850 |     +0.0% |       0 |       0 |             0 |      1065
     1860 |     +0.0% |       0 |       0 |             0 |      1055
     1870 |     +0.0% |       0 |       0 |             0 |      1045
     1880 |     +0.0% |       0 |       0 |             0 |      1035
     1890 |     +0.0% |       0 |       0 |             0 |      1025
     1900 |     +0.0% |       0 |       0 |             0 |      1015
     1910 |     +0.0% |       0 |       0 |             0 |      1005
     1920 |     +0.0% |       0 |       0 |             0 |       995
     1930 |     +0.0% |       0 |       0 |             0 |       985
     1940 |     +0.0% |       0 |       0 |             0 |       975
     1950 |     +0.0% |       0 |       0 |             0 |       965
     1960 |     +0.0% |       0 |       0 |             0 |       955
     1970 |     +0.0% |       0 |       0 |             0 |       945
     1980 |     +0.0% |       0 |       0 |             0 |       935
     1990 |     +0.0% |       0 |       0 |             0 |       925
     2000 |     +0.0% |       0 |       0 |             0 |       915
     2010 |     +0.0% |       0 |       0 |             0 |       905
     2020 |     +0.0% |       0 |       0 |             0 |       895
     2030 |     +0.0% |       0 |       0 |             0 |       885
     2040 |     +0.0% |       0 |       0 |             0 |       875
     2050 |     +0.0% |       0 |       0 |             0 |       865
     2060 |     +0.0% |       0 |       0 |             0 |       855
     2070 |     +0.0% |       0 |       0 |             0 |       845
     2080 |     +0.0% |       0 |       0 |             0 |       835
     2090 |     +0.0% |       0 |       0 |             0 |       825
     2100 |     +0.0% |       0 |       0 |             0 |       815
     2110 |     +0.0% |       0 |       0 |             0 |       805
     2120 |     +0.0% |       0 |       0 |             0 |       795
     2130 |     +0.0% |       0 |       0 |             0 |       785
     2140 |     +0.0% |       0 |       0 |             0 |       775
     2150 |     +0.0% |       0 |       0 |             0 |       765
     2160 |     +0.0% |       0 |       0 |             0 |       755
     2170 |     +0.0% |       0 |       0 |             0 |       745
     2180 |     +0.0% |       0 |       0 |             0 |       735
     2190 |     +0.0% |       0 |       0 |             0 |       725
     2200 |     +0.0% |       0 |       0 |             0 |       715
     2210 |     +0.0% |       0 |       0 |             0 |       705
     2220 |     +0.0% |       0 |       0 |             0 |       695
     2230 |     +0.0% |       0 |       0 |             0 |       685
     2240 |     +0.0% |       0 |       0 |             0 |       675
     2250 |     +0.0% |       0 |       0 |             0 |       665
     2260 |     +0.0% |       0 |       0 |             0 |       655
     2270 |     +0.0% |       0 |       0 |             0 |       645
     2280 |     +0.0% |       0 |       0 |             0 |       635
     2290 |     +0.0% |       0 |       0 |             0 |       625
     2300 |     +0.0% |       0 |       0 |             0 |       615
     2310 |     +0.0% |       0 |       0 |             0 |       605
     2320 |     +0.0% |       0 |       0 |             0 |       595
     2330 |     +0.0% |       0 |       0 |             0 |       585
     2340 |     +0.0% |       0 |       0 |             0 |       575
     2350 |     +0.0% |       0 |       0 |             0 |       565
     2360 |     +0.0% |       0 |       0 |             0 |       555
     2370 |     +0.0% |       0 |       0 |             0 |       545
     2380 |     +0.0% |       0 |       0 |             0 |       535
     2390 |     +0.0% |       0 |       0 |             0 |       525
     2400 |     +0.0% |       0 |       0 |             0 |       515
     2410 |     +0.0% |       0 |       0 |             0 |       505
     2420 |     +0.0% |       0 |       0 |             0 |       495
     2430 |     +0.0% |       0 |       0 |             0 |       485
     2440 |     +0.0% |       0 |       0 |             0 |       475
     2450 |     +0.0% |       0 |       0 |             0 |       465
     2460 |     +0.0% |       0 |       0 |             0 |       455
     2470 |     +0.0% |       0 |       0 |             0 |       445
     2480 |     +0.0% |       0 |       0 |             0 |       435
     2490 |     +0.0% |       0 |       0 |             0 |       425
     2500 |     +0.0% |       0 |       0 |             0 |       415
     2510 |     +0.0% |       0 |       0 |             0 |       405
     2520 |     +0.0% |       0 |       0 |             0 |       395
     2530 |     +0.0% |       0 |       0 |             0 |       385
     2540 |     +0.0% |       0 |       0 |             0 |       375
     2550 |     +0.0% |       0 |       0 |             0 |       365
     2560 |     +0.0% |       0 |       0 |             0 |       355
     2570 |     +0.0% |       0 |       0 |             0 |       345
     2580 |     +0.0% |       0 |       0 |             0 |       335
     2590 |     +0.0% |       0 |       0 |             0 |       325
     2600 |     +0.0% |       0 |       0 |             0 |       315
     2610 |     +0.0% |       0 |       0 |             0 |       305
     2620 |     +0.0% |       0 |       0 |             0 |       295
     2630 |     +0.0% |       0 |       0 |             0 |       285
     2640 |     +0.0% |       0 |       0 |             0 |       275
     2650 |     +0.0% |       0 |       0 |             0 |       265
     2660 |     +0.0% |       0 |       0 |             0 |       255
     2670 |     +0.0% |       0 |       0 |             0 |       245
     2680 |     +0.0% |       0 |       0 |             0 |       235
     2690 |     +0.0% |       0 |       0 |             0 |       225
     2700 |     +0.0% |       0 |       0 |             0 |       215
     2710 |     +0.0% |       0 |       0 |             0 |       205
     2720 |     +0.0% |       0 |       0 |             0 |       195
     2730 |     +0.0% |       0 |       0 |             0 |       185
     2740 |     +0.0% |       0 |       0 |             0 |       175
     2750 |     +0.0% |       0 |       0 |             0 |       165
     2760 |     +0.0% |       0 |       0 |             0 |       155
     2770 |     +0.0% |       0 |       0 |             0 |       145
     2780 |     +0.0% |       0 |       0 |             0 |       135
     2790 |     +0.0% |       0 |       0 |             0 |       125
     2800 |     +0.0% |       0 |       0 |             0 |       115
     2810 |     +0.0% |       0 |       0 |             0 |       105
     2820 |     +0.0% |       0 |       0 |             0 |        95
     2830 |     +0.0% |       0 |       0 |             0 |        85
     2840 |     +0.0% |       0 |       0 |             0 |        75
     2850 |     +0.0% |       0 |       0 |             0 |        65
     2860 |     +0.0% |       0 |       0 |             0 |        55
     2870 |     +0.0% |       0 |       0 |             0 |        45
     2880 |     +0.0% |       0 |       0 |             0 |        35
     2890 |     +0.0% |       0 |       0 |             0 |        25
     2900 |     +0.0% |       0 |       0 |             0 |        15
     2910 |     +0.0% |       0 |       0 |             0 |         5
    final |     +0.0% |       0 |       0 |             0 |         0
---------------------------------------------------------------------
global_route -start_incremental
detailed_placement
[INFO DPL-0006] Core area: 10208.02 um^2, Instances area: 3644.20 um^2, Utilization: 35.7%
[INFO DPL-0005] Diamond search max displacement: +/- 500 sites horizontally, +/- 100 rows vertically.
[INFO DPL-1101] Legalizing using diamond search.
Movements Summary
---------------------------------------
Total cells:                    2662
Diamond Move Success:           2662 (100.00%)
Diamond Move Failure:              0
Rip-up and replace Success:        0 (  0.00% of diamond failures)
Rip-up and replace Failure:        0
Total Placement Failures:          0
---------------------------------------
Placement Analysis
---------------------------------
total displacement          0.0 u
average displacement        0.0 u
max displacement            0.0 u
original HPWL           35547.4 u
legalized HPWL          35547.4 u
delta HPWL                    0 %

global_route -end_incremental -congestion_report_file ./reports/nangate45/s9234f/phase0c_f3e7b516a_s23_k4_B0_0683612c_7f655d61/congestion_post_repair_design.rpt
Repair setup and hold violations...
estimate_parasitics -global_routing
repair_timing -setup_margin 0 -hold_margin 0 -repair_tns 100 -verbose
[INFO RSZ-0100] Repair move sequence: UnbufferMove SizeUpMove SwapPinsMove BufferMove CloneMove SplitLoadMove 
[INFO RSZ-0098] No setup violations found
[INFO RSZ-0046] Found 3 endpoints with hold violations.
Iteration | Resized | Buffers | Cloned Gates |   Area   |   WNS   |   TNS   | Endpoint
--------------------------------------------------------------------------------------
        0 |       0 |       0 |            0 |    +0.0% |  -0.003 |  -0.004 | U_g574/SE
    final |       0 |       2 |            0 |    +0.0% |   0.002 |   0.000 | U_g685/D
--------------------------------------------------------------------------------------
[INFO RSZ-0032] Inserted 2 hold buffers.
global_route -start_incremental
detailed_placement
[INFO DPL-0006] Core area: 10208.02 um^2, Instances area: 3645.80 um^2, Utilization: 35.7%
[INFO DPL-0005] Diamond search max displacement: +/- 500 sites horizontally, +/- 100 rows vertically.
[INFO DPL-1101] Legalizing using diamond search.
Movements Summary
---------------------------------------
Total cells:                    2664
Diamond Move Success:           2664 (100.00%)
Diamond Move Failure:              0
Rip-up and replace Success:        0 (  0.00% of diamond failures)
Rip-up and replace Failure:        0
Total Placement Failures:          0
---------------------------------------
Placement Analysis
---------------------------------
total displacement          3.8 u
average displacement        0.0 u
max displacement            1.6 u
original HPWL           35548.1 u
legalized HPWL          35554.6 u
delta HPWL                    0 %

check_placement -verbose
global_route -end_incremental -congestion_report_file ./reports/nangate45/s9234f/phase0c_f3e7b516a_s23_k4_B0_0683612c_7f655d61/congestion_post_repair_timing.rpt
estimate_parasitics -global_routing
global_route -start_incremental
global_route -end_incremental -congestion_report_file ./reports/nangate45/s9234f/phase0c_f3e7b516a_s23_k4_B0_0683612c_7f655d61/congestion_post_recover_power.rpt
Repair antennas...
[WARNING GRT-0246] No diode with LEF class CORE ANTENNACELL found.
[INFO ANT-0002] Found 0 net violations.
[INFO ANT-0001] Found 0 pin violations.
Estimate parasitics...
estimate_parasitics -global_routing
Report metrics stage 5, global route...

==========================================================================
global route report_design_area
--------------------------------------------------------------------------
Design area 3646 um^2 36% utilization.
[INFO FLW-0007] clock clk period 10.000000
[INFO FLW-0008] Clock clk period 1.204
[INFO FLW-0009] Clock clk slack 8.732
write_sdc -no_timestamp ./results/nangate45/s9234f/phase0c_f3e7b516a_s23_k4_B0_0683612c_7f655d61/updated_clks.sdc
[INFO FLW-0011] Path endpoint path count 913
write_db ./results/nangate45/s9234f/phase0c_f3e7b516a_s23_k4_B0_0683612c_7f655d61/5_1_grt.odb
write_sdc -no_timestamp ./results/nangate45/s9234f/phase0c_f3e7b516a_s23_k4_B0_0683612c_7f655d61/5_1_grt.sdc
Log                       Ext     Elapsed/s Peak Memory/MB sha1sum result [0:20)
5_1_grt                   .odb           12            311 e22cd33304350f50b83a
5_1_grt                   .sdc                             ef79d21436d690ebafd1
/root/pact-deps/OpenROAD-flow-scripts/flow/scripts/flow.sh 5_2_route detail_route
Running detail_route.tcl, stage 5_2_route
read_liberty /root/pact-deps/OpenROAD-flow-scripts/flow/platforms/nangate45/lib/NangateOpenCellLibrary_typical.lib
read_db ./results/nangate45/s9234f/phase0c_f3e7b516a_s23_k4_B0_0683612c_7f655d61/5_1_grt.odb
read_sdc ./results/nangate45/s9234f/phase0c_f3e7b516a_s23_k4_B0_0683612c_7f655d61/5_1_grt.sdc
source /root/pact-deps/OpenROAD-flow-scripts/flow/platforms/nangate45/setRC.tcl
detailed_route -output_drc ./reports/nangate45/s9234f/phase0c_f3e7b516a_s23_k4_B0_0683612c_7f655d61/5_route_drc.rpt -output_maze ./results/nangate45/s9234f/phase0c_f3e7b516a_s23_k4_B0_0683612c_7f655d61/maze.log -droute_end_iter 64 -verbose 1 -drc_report_iter_step 5
[INFO DRT-0149] Reading tech and libs.

Units:                2000
Number of layers:     21
Number of macros:     135
Number of vias:       33
Number of viarulegen: 19

[INFO DRT-0150] Reading design.

Design:                   s9234f
Die area:                 ( 0 0 ) ( 206880 206880 )
Number of track patterns: 20
Number of DEF vias:       0
Number of components:     2808
Number of terminals:      87
Number of snets:          2
Number of nets:           2680

[INFO DRT-0167] List of default vias:
  Layer via2
    default via: via2_5
  Layer via3
    default via: via3_2
  Layer via4
    default via: via4_0
  Layer via5
    default via: via5_0
  Layer via6
    default via: via6_0
  Layer via7
    default via: via7_0
  Layer via8
    default via: via8_0
  Layer via9
    default via: via9_0
[INFO DRT-0162] Library cell analysis.
[INFO DRT-0163] Instance analysis.
[INFO DRT-0164] Number of unique instances = 48.
[INFO DRT-0168] Init region query.
[INFO DRT-0024]   Complete active.
[INFO DRT-0024]   Complete Fr_VIA.
[INFO DRT-0024]   Complete metal1.
[INFO DRT-0024]   Complete via1.
[INFO DRT-0024]   Complete metal2.
[INFO DRT-0024]   Complete via2.
[INFO DRT-0024]   Complete metal3.
[INFO DRT-0024]   Complete via3.
[INFO DRT-0024]   Complete metal4.
[INFO DRT-0024]   Complete via4.
[INFO DRT-0024]   Complete metal5.
[INFO DRT-0024]   Complete via5.
[INFO DRT-0024]   Complete metal6.
[INFO DRT-0024]   Complete via6.
[INFO DRT-0024]   Complete metal7.
[INFO DRT-0024]   Complete via7.
[INFO DRT-0024]   Complete metal8.
[INFO DRT-0024]   Complete via8.
[INFO DRT-0024]   Complete metal9.
[INFO DRT-0024]   Complete via9.
[INFO DRT-0024]   Complete metal10.
[INFO DRT-0033] active shape region query size = 0.
[INFO DRT-0033] FR_VIA shape region query size = 0.
[INFO DRT-0033] metal1 shape region query size = 42688.
[INFO DRT-0033] via1 shape region query size = 438.
[INFO DRT-0033] metal2 shape region query size = 292.
[INFO DRT-0033] via2 shape region query size = 438.
[INFO DRT-0033] metal3 shape region query size = 292.
[INFO DRT-0033] via3 shape region query size = 438.
[INFO DRT-0033] metal4 shape region query size = 164.
[INFO DRT-0033] via4 shape region query size = 140.
[INFO DRT-0033] metal5 shape region query size = 68.
[INFO DRT-0033] via5 shape region query size = 140.
[INFO DRT-0033] metal6 shape region query size = 73.
[INFO DRT-0033] via6 shape region query size = 56.
[INFO DRT-0033] metal7 shape region query size = 28.
[INFO DRT-0033] via7 shape region query size = 0.
[INFO DRT-0033] metal8 shape region query size = 0.
[INFO DRT-0033] via8 shape region query size = 0.
[INFO DRT-0033] metal9 shape region query size = 0.
[INFO DRT-0033] via9 shape region query size = 0.
[INFO DRT-0033] metal10 shape region query size = 0.
[INFO DRT-0165] Start pin access.
[INFO DRT-0078]   Complete 245 pins.
[INFO DRT-0081]   Complete 48 unique inst patterns.
[INFO DRT-0084]   Complete 1520 groups.
#scanned instances     = 2808
#unique  instances     = 48
#stdCellGenAp          = 1064
#stdCellValidPlanarAp  = 0
#stdCellValidViaAp     = 851
#stdCellPinNoAp        = 0
#stdCellPinCnt         = 8144
#instTermValidViaApCnt = 0
#macroGenAp            = 0
#macroValidPlanarAp    = 0
#macroValidViaAp       = 0
#macroNoAp             = 0
[INFO DRT-0166] Complete pin access.
[INFO DRT-0267] cpu time = 00:00:28, elapsed time = 00:00:07, memory = 266.57 (MB), peak = 266.24 (MB)

[INFO DRT-0157] Number of guides:     22085

[INFO DRT-0169] Post process guides.
[INFO DRT-0176] GCELLGRID X 0 DO 36 STEP 5700 ;
[INFO DRT-0177] GCELLGRID Y 0 DO 36 STEP 5700 ;
[INFO DRT-0028]   Complete active.
[INFO DRT-0028]   Complete Fr_VIA.
[INFO DRT-0028]   Complete metal1.
[INFO DRT-0028]   Complete via1.
[INFO DRT-0028]   Complete metal2.
[INFO DRT-0028]   Complete via2.
[INFO DRT-0028]   Complete metal3.
[INFO DRT-0028]   Complete via3.
[INFO DRT-0028]   Complete metal4.
[INFO DRT-0028]   Complete via4.
[INFO DRT-0028]   Complete metal5.
[INFO DRT-0028]   Complete via5.
[INFO DRT-0028]   Complete metal6.
[INFO DRT-0028]   Complete via6.
[INFO DRT-0028]   Complete metal7.
[INFO DRT-0028]   Complete via7.
[INFO DRT-0028]   Complete metal8.
[INFO DRT-0028]   Complete via8.
[INFO DRT-0028]   Complete metal9.
[INFO DRT-0028]   Complete via9.
[INFO DRT-0028]   Complete metal10.
[INFO DRT-0178] Init guide query.
[INFO DRT-0035]   Complete active (guide).
[INFO DRT-0035]   Complete Fr_VIA (guide).
[INFO DRT-0035]   Complete metal1 (guide).
[INFO DRT-0035]   Complete via1 (guide).
[INFO DRT-0035]   Complete metal2 (guide).
[INFO DRT-0035]   Complete via2 (guide).
[INFO DRT-0035]   Complete metal3 (guide).
[INFO DRT-0035]   Complete via3 (guide).
[INFO DRT-0035]   Complete metal4 (guide).
[INFO DRT-0035]   Complete via4 (guide).
[INFO DRT-0035]   Complete metal5 (guide).
[INFO DRT-0035]   Complete via5 (guide).
[INFO DRT-0035]   Complete metal6 (guide).
[INFO DRT-0035]   Complete via6 (guide).
[INFO DRT-0035]   Complete metal7 (guide).
[INFO DRT-0035]   Complete via7 (guide).
[INFO DRT-0035]   Complete metal8 (guide).
[INFO DRT-0035]   Complete via8 (guide).
[INFO DRT-0035]   Complete metal9 (guide).
[INFO DRT-0035]   Complete via9 (guide).
[INFO DRT-0035]   Complete metal10 (guide).
[INFO DRT-0036] active guide region query size = 0.
[INFO DRT-0036] FR_VIA guide region query size = 0.
[INFO DRT-0036] metal1 guide region query size = 7134.
[INFO DRT-0036] via1 guide region query size = 0.
[INFO DRT-0036] metal2 guide region query size = 6463.
[INFO DRT-0036] via2 guide region query size = 0.
[INFO DRT-0036] metal3 guide region query size = 3701.
[INFO DRT-0036] via3 guide region query size = 0.
[INFO DRT-0036] metal4 guide region query size = 749.
[INFO DRT-0036] via4 guide region query size = 0.
[INFO DRT-0036] metal5 guide region query size = 330.
[INFO DRT-0036] via5 guide region query size = 0.
[INFO DRT-0036] metal6 guide region query size = 95.
[INFO DRT-0036] via6 guide region query size = 0.
[INFO DRT-0036] metal7 guide region query size = 1.
[INFO DRT-0036] via7 guide region query size = 0.
[INFO DRT-0036] metal8 guide region query size = 0.
[INFO DRT-0036] via8 guide region query size = 0.
[INFO DRT-0036] metal9 guide region query size = 0.
[INFO DRT-0036] via9 guide region query size = 0.
[INFO DRT-0036] metal10 guide region query size = 0.
[INFO DRT-0179] Init gr pin query.
[INFO DRT-0267] cpu time = 00:00:00, elapsed time = 00:00:00, memory = 274.74 (MB), peak = 274.42 (MB)
[INFO DRT-0245] skipped writing guide updates to database.
[INFO DRT-0181] Start track assignment.
[INFO DRT-0184] Done with 7307 vertical wires in 1 frboxes and 11166 horizontal wires in 1 frboxes.
[INFO DRT-0186] Done with 2159 vertical wires in 1 frboxes and 2679 horizontal wires in 1 frboxes.
[INFO DRT-0182] Complete track assignment.
[INFO DRT-0267] cpu time = 00:00:01, elapsed time = 00:00:01, memory = 319.47 (MB), peak = 319.35 (MB)
[INFO DRT-0187] Start routing data preparation.
[INFO DRT-0267] cpu time = 00:00:00, elapsed time = 00:00:00, memory = 321.09 (MB), peak = 320.72 (MB)
[INFO DRT-0194] Start detail routing.
[INFO DRT-0195] Start 0th optimization iteration.
    Completing 10% with 0 violations.
    elapsed time = 00:00:01, memory = 370.74 (MB).
    Completing 20% with 0 violations.
    elapsed time = 00:00:03, memory = 380.94 (MB).
    Completing 30% with 91 violations.
    elapsed time = 00:00:04, memory = 416.93 (MB).
    Completing 40% with 91 violations.
    elapsed time = 00:00:07, memory = 435.29 (MB).
    Completing 50% with 91 violations.
    elapsed time = 00:00:10, memory = 396.38 (MB).
    Completing 60% with 147 violations.
    elapsed time = 00:00:10, memory = 437.64 (MB).
    Completing 70% with 147 violations.
    elapsed time = 00:00:13, memory = 445.32 (MB).
    Completing 80% with 245 violations.
    elapsed time = 00:00:16, memory = 493.04 (MB).
    Completing 90% with 245 violations.
    elapsed time = 00:00:16, memory = 493.04 (MB).
    Completing 100% with 363 violations.
    elapsed time = 00:00:19, memory = 467.04 (MB).
[INFO DRT-0199]   Number of violations = 513.
Viol/Layer      metal1 metal2   via2 metal3 metal4 metal5
Cut Spacing          0      0      1      0      0      0
Metal Spacing        0     34      0      5      0      2
Recheck              2     88      0     56      1      3
Short                0    248      1     67      5      0
[INFO DRT-0267] cpu time = 00:00:56, elapsed time = 00:00:21, memory = 980.74 (MB), peak = 980.31 (MB)
Total wire length = 40429 um.
Total wire length on LAYER metal1 = 0 um.
Total wire length on LAYER metal2 = 14204 um.
Total wire length on LAYER metal3 = 16610 um.
Total wire length on LAYER metal4 = 4846 um.
Total wire length on LAYER metal5 = 3184 um.
Total wire length on LAYER metal6 = 1555 um.
Total wire length on LAYER metal7 = 27 um.
Total wire length on LAYER metal8 = 0 um.
Total wire length on LAYER metal9 = 0 um.
Total wire length on LAYER metal10 = 0 um.
Total number of vias = 18408.
Up-via summary (total 18408):

----------------
 active        0
 metal1     8195
 metal2     8641
 metal3      987
 metal4      440
 metal5      143
 metal6        2
 metal7        0
 metal8        0
 metal9        0
----------------
       18408


[INFO DRT-0195] Start 1st optimization iteration.
    Completing 10% with 513 violations.
    elapsed time = 00:00:00, memory = 1008.65 (MB).
    Completing 20% with 513 violations.
    elapsed time = 00:00:03, memory = 989.60 (MB).
    Completing 30% with 432 violations.
    elapsed time = 00:00:05, memory = 992.45 (MB).
    Completing 40% with 432 violations.
    elapsed time = 00:00:07, memory = 992.45 (MB).
    Completing 50% with 432 violations.
    elapsed time = 00:00:10, memory = 992.45 (MB).
    Completing 60% with 320 violations.
    elapsed time = 00:00:12, memory = 1024.08 (MB).
    Completing 70% with 320 violations.
    elapsed time = 00:00:13, memory = 1024.08 (MB).
    Completing 80% with 239 violations.
    elapsed time = 00:00:16, memory = 997.37 (MB).
    Completing 90% with 239 violations.
    elapsed time = 00:00:17, memory = 997.37 (MB).
    Completing 100% with 125 violations.
    elapsed time = 00:00:19, memory = 1001.56 (MB).
[INFO DRT-0199]   Number of violations = 125.
Viol/Layer      metal2 metal3
Metal Spacing       16      3
Short              101      5
[INFO DRT-0267] cpu time = 00:00:50, elapsed time = 00:00:20, memory = 1004.56 (MB), peak = 1023.65 (MB)
Total wire length = 40080 um.
Total wire length on LAYER metal1 = 0 um.
Total wire length on LAYER metal2 = 14032 um.
Total wire length on LAYER metal3 = 16531 um.
Total wire length on LAYER metal4 = 4837 um.
Total wire length on LAYER metal5 = 3119 um.
Total wire length on LAYER metal6 = 1531 um.
Total wire length on LAYER metal7 = 27 um.
Total wire length on LAYER metal8 = 0 um.
Total wire length on LAYER metal9 = 0 um.
Total wire length on LAYER metal10 = 0 um.
Total number of vias = 18232.
Up-via summary (total 18232):

----------------
 active        0
 metal1     8195
 metal2     8483
 metal3      983
 metal4      430
 metal5      139
 metal6        2
 metal7        0
 metal8        0
 metal9        0
----------------
       18232


[INFO DRT-0195] Start 2nd optimization iteration.
    Completing 10% with 125 violations.
    elapsed time = 00:00:00, memory = 1004.56 (MB).
    Completing 20% with 125 violations.
    elapsed time = 00:00:01, memory = 1007.09 (MB).
    Completing 30% with 109 violations.
    elapsed time = 00:00:01, memory = 1007.09 (MB).
    Completing 40% with 109 violations.
    elapsed time = 00:00:02, memory = 1007.09 (MB).
    Completing 50% with 109 violations.
    elapsed time = 00:00:06, memory = 1007.09 (MB).
    Completing 60% with 121 violations.
    elapsed time = 00:00:06, memory = 1007.09 (MB).
    Completing 70% with 121 violations.
    elapsed time = 00:00:09, memory = 1007.09 (MB).
    Completing 80% with 123 violations.
    elapsed time = 00:00:12, memory = 1007.09 (MB).
    Completing 90% with 123 violations.
    elapsed time = 00:00:14, memory = 1007.09 (MB).
    Completing 100% with 107 violations.
    elapsed time = 00:00:15, memory = 1008.94 (MB).
[INFO DRT-0199]   Number of violations = 107.
Viol/Layer      metal2 metal3 metal4
Metal Spacing       14      1      3
Short               84      5      0
[INFO DRT-0267] cpu time = 00:00:44, elapsed time = 00:00:16, memory = 1008.94 (MB), peak = 1023.65 (MB)
Total wire length = 40063 um.
Total wire length on LAYER metal1 = 0 um.
Total wire length on LAYER metal2 = 14022 um.
Total wire length on LAYER metal3 = 16492 um.
Total wire length on LAYER metal4 = 4865 um.
Total wire length on LAYER metal5 = 3124 um.
Total wire length on LAYER metal6 = 1531 um.
Total wire length on LAYER metal7 = 27 um.
Total wire length on LAYER metal8 = 0 um.
Total wire length on LAYER metal9 = 0 um.
Total wire length on LAYER metal10 = 0 um.
Total number of vias = 18197.
Up-via summary (total 18197):

----------------
 active        0
 metal1     8204
 metal2     8458
 metal3      970
 metal4      426
 metal5      137
 metal6        2
 metal7        0
 metal8        0
 metal9        0
----------------
       18197


[INFO DRT-0195] Start 3rd optimization iteration.
    Completing 10% with 107 violations.
    elapsed time = 00:00:00, memory = 1009.14 (MB).
    Completing 20% with 107 violations.
    elapsed time = 00:00:01, memory = 1009.14 (MB).
    Completing 30% with 92 violations.
    elapsed time = 00:00:02, memory = 1009.14 (MB).
    Completing 40% with 92 violations.
    elapsed time = 00:00:03, memory = 1009.14 (MB).
    Completing 50% with 92 violations.
    elapsed time = 00:00:04, memory = 1009.14 (MB).
    Completing 60% with 72 violations.
    elapsed time = 00:00:05, memory = 1009.14 (MB).
    Completing 70% with 72 violations.
    elapsed time = 00:00:06, memory = 1009.15 (MB).
    Completing 80% with 30 violations.
    elapsed time = 00:00:07, memory = 1009.15 (MB).
    Completing 90% with 30 violations.
    elapsed time = 00:00:07, memory = 1009.15 (MB).
    Completing 100% with 0 violations.
    elapsed time = 00:00:09, memory = 1012.29 (MB).
[INFO DRT-0199]   Number of violations = 0.
[INFO DRT-0267] cpu time = 00:00:23, elapsed time = 00:00:10, memory = 1012.29 (MB), peak = 1023.65 (MB)
Total wire length = 40058 um.
Total wire length on LAYER metal1 = 0 um.
Total wire length on LAYER metal2 = 13880 um.
Total wire length on LAYER metal3 = 16521 um.
Total wire length on LAYER metal4 = 4973 um.
Total wire length on LAYER metal5 = 3125 um.
Total wire length on LAYER metal6 = 1531 um.
Total wire length on LAYER metal7 = 27 um.
Total wire length on LAYER metal8 = 0 um.
Total wire length on LAYER metal9 = 0 um.
Total wire length on LAYER metal10 = 0 um.
Total number of vias = 18268.
Up-via summary (total 18268):

----------------
 active        0
 metal1     8205
 metal2     8490
 metal3     1009
 metal4      425
 metal5      137
 metal6        2
 metal7        0
 metal8        0
 metal9        0
----------------
       18268


[INFO DRT-0198] Complete detail routing.
Total wire length = 40058 um.
Total wire length on LAYER metal1 = 0 um.
Total wire length on LAYER metal2 = 13880 um.
Total wire length on LAYER metal3 = 16521 um.
Total wire length on LAYER metal4 = 4973 um.
Total wire length on LAYER metal5 = 3125 um.
Total wire length on LAYER metal6 = 1531 um.
Total wire length on LAYER metal7 = 27 um.
Total wire length on LAYER metal8 = 0 um.
Total wire length on LAYER metal9 = 0 um.
Total wire length on LAYER metal10 = 0 um.
Total number of vias = 18268.
Up-via summary (total 18268):

----------------
 active        0
 metal1     8205
 metal2     8490
 metal3     1009
 metal4      425
 metal5      137
 metal6        2
 metal7        0
 metal8        0
 metal9        0
----------------
       18268


[INFO DRT-0267] cpu time = 00:02:56, elapsed time = 00:01:07, memory = 1012.36 (MB), peak = 1023.65 (MB)

[INFO DRT-0180] Post processing.
Took 77 seconds: detailed_route -output_drc ./reports/nangate45/s9234f/phase0c_f3e7b516a_s23_k4_B0_0683612c_7f655d61/5_route_drc.rpt -output_maze ./results/nangate45/s9234f/phase0c_f3e7b516a_s23_k4_B0_0683612c_7f655d61/maze.log -droute_end_iter 64 -verbose 1 -drc_report_iter_step 5
[WARNING GRT-0246] No diode with LEF class CORE ANTENNACELL found.
[INFO ANT-0002] Found 0 net violations.
[INFO ANT-0001] Found 0 pin violations.
[INFO ANT-0002] Found 0 net violations.
[INFO ANT-0001] Found 0 pin violations.
Design area 3646 um^2 36% utilization.
write_db ./results/nangate45/s9234f/phase0c_f3e7b516a_s23_k4_B0_0683612c_7f655d61/5_2_route.odb
Log                       Ext     Elapsed/s Peak Memory/MB sha1sum result [0:20)
5_2_route                 .odb           82           1023 4a86a606cebb3b7d7adc
/root/pact-deps/OpenROAD-flow-scripts/flow/scripts/flow.sh 5_3_fillcell fillcell
Running fillcell.tcl, stage 5_3_fillcell
read_liberty /root/pact-deps/OpenROAD-flow-scripts/flow/platforms/nangate45/lib/NangateOpenCellLibrary_typical.lib
read_db ./results/nangate45/s9234f/phase0c_f3e7b516a_s23_k4_B0_0683612c_7f655d61/5_2_route.odb
read_sdc ./results/nangate45/s9234f/phase0c_f3e7b516a_s23_k4_B0_0683612c_7f655d61/5_1_grt.sdc
source /root/pact-deps/OpenROAD-flow-scripts/flow/platforms/nangate45/setRC.tcl
filler_placement "FILLCELL_X1 FILLCELL_X2 FILLCELL_X4 FILLCELL_X8 FILLCELL_X16 FILLCELL_X32"
[INFO DPL-0001] Placed 3334 filler instances.
Design area 3646 um^2 36% utilization.
write_db ./results/nangate45/s9234f/phase0c_f3e7b516a_s23_k4_B0_0683612c_7f655d61/5_3_fillcell.odb
Log                       Ext     Elapsed/s Peak Memory/MB sha1sum result [0:20)
5_3_fillcell              .odb            0            119 8c19bd5d1cfe1c90096d
cp ./results/nangate45/s9234f/phase0c_f3e7b516a_s23_k4_B0_0683612c_7f655d61/5_3_fillcell.odb ./results/nangate45/s9234f/phase0c_f3e7b516a_s23_k4_B0_0683612c_7f655d61/5_route.odb
cp ./results/nangate45/s9234f/phase0c_f3e7b516a_s23_k4_B0_0683612c_7f655d61/5_1_grt.sdc ./results/nangate45/s9234f/phase0c_f3e7b516a_s23_k4_B0_0683612c_7f655d61/5_route.sdc
