OpenROAD 26Q2-1164-g08f67ee5ec 
Features included (+) or not (-): +GPU +GUI +Python
This program is licensed under the BSD-3 license. See the LICENSE file for details.
Components of this program may be licensed under more restrictive licenses which must be honored.
[INFO ORD-0030] Using 4 thread(s).
mkdir -p /mnt/c/Users/Abhinav/OneDrive/Desktop/PACT/PACT/results/phase2d_independent_gp/raw/orfs/objects/nangate45/s15850/phase2c_s29_0fd3dde8ed21
/root/pact-deps/OpenROAD-flow-scripts/flow/scripts/flow.sh 4_1_cts cts
Running cts.tcl, stage 4_1_cts
read_liberty /root/pact-deps/OpenROAD-flow-scripts/flow/platforms/nangate45/lib/NangateOpenCellLibrary_typical.lib
read_db /mnt/c/Users/Abhinav/OneDrive/Desktop/PACT/PACT/results/phase2d_independent_gp/raw/orfs/results/nangate45/s15850/phase2c_s29_0fd3dde8ed21/3_place.odb
read_sdc /mnt/c/Users/Abhinav/OneDrive/Desktop/PACT/PACT/results/phase2d_independent_gp/raw/orfs/results/nangate45/s15850/phase2c_s29_0fd3dde8ed21/3_place.sdc
source /root/pact-deps/OpenROAD-flow-scripts/flow/platforms/nangate45/setRC.tcl
clock_tree_synthesis -sink_clustering_enable -repair_clock_nets
[INFO CTS-0050] Root buffer is CLKBUF_X3.
[INFO CTS-0051] Sink buffer is CLKBUF_X3.
[INFO CTS-0052] The following clock buffers will be used for CTS:
                    CLKBUF_X3
[INFO CTS-0049] Characterization buffer is CLKBUF_X3.
[INFO CTS-0007] Net "CK" found for clock "clk".
[INFO CTS-0010]  Clock net "CK" has 534 sinks.
[INFO CTS-0008] TritonCTS found 1 clock nets.
[INFO CTS-0097] Characterization used 1 buffer(s) types.
[INFO CTS-0201] 0 blockages from hard placement blockages and placed macros will be used.
[INFO CTS-0027] Generating H-Tree topology for net CK.
[INFO CTS-0028]  Total number of sinks: 534.
[INFO CTS-0090]  Sinks will be clustered based on buffer max cap.
[INFO CTS-0030]  Number of static layers: 0.
[INFO CTS-0020]  Wire segment unit: 14000  dbu (7 um).
[INFO CTS-0206] Best clustering solution was found from max clustering size of 9 and max clustering diameter of 45.
[INFO CTS-0019]  Total number of sinks after clustering: 82.
[INFO CTS-0024]  Normalized sink region: [(1.64352, 2.69048), (19.2911, 19.2959)].
[INFO CTS-0025]     Width:  17.6476.
[INFO CTS-0026]     Height: 16.6054.
 Level 1
    Direction: Horizontal
    Sinks per sub-region: 41
    Sub-region size: 8.8238 X 16.6054
[INFO CTS-0034]     Segment length (rounded): 4.
 Level 2
    Direction: Vertical
    Sinks per sub-region: 21
    Sub-region size: 8.8238 X 8.3027
[INFO CTS-0034]     Segment length (rounded): 4.
 Level 3
    Direction: Horizontal
    Sinks per sub-region: 11
    Sub-region size: 4.4119 X 8.3027
[INFO CTS-0034]     Segment length (rounded): 2.
[INFO CTS-0032]  Stop criterion found. Max number of sinks is 15.
[INFO CTS-0035]  Number of sinks covered: 82.
[INFO CTS-0018]     Created 91 clock buffers.
[INFO CTS-0012]     Minimum number of buffers in the clock path: 3.
[INFO CTS-0013]     Maximum number of buffers in the clock path: 3.
[INFO CTS-0015]     Created 91 clock nets.
[INFO CTS-0016]     Fanout distribution for the current clock = 3:1, 4:1, 5:6, 6:31, 7:35, 8:9, 9:1, 10:1, 11:3, 12:2..
[INFO CTS-0017]     Max level of the clock tree: 3.
[INFO CTS-0098] Clock net "CK"
[INFO CTS-0099]  Sinks 608
[INFO CTS-0100]  Leaf buffers 82
[INFO CTS-0101]  Average sink wire length 209.96 um
[INFO CTS-0102]  Path depth 2 - 3
[INFO CTS-0207]  Dummy loads inserted 74
estimate_parasitics -placement
detailed_placement
[INFO DPL-0006] Core area: 20959.47 um^2, Instances area: 7544.29 um^2, Utilization: 36.0%
[INFO DPL-0005] Diamond search max displacement: +/- 500 sites horizontally, +/- 100 rows vertically.
[INFO DPL-1101] Legalizing using diamond search.
Movements Summary
---------------------------------------
Total cells:                    5048
Diamond Move Success:           5048 (100.00%)
Diamond Move Failure:              0
Rip-up and replace Success:        0 (  0.00% of diamond failures)
Rip-up and replace Failure:        0
Total Placement Failures:          0
---------------------------------------
Placement Analysis
---------------------------------
total displacement        209.6 u
average displacement        0.0 u
max displacement            2.4 u
original HPWL           56442.2 u
legalized HPWL          57150.6 u
delta HPWL                    1 %

estimate_parasitics -placement
repair_timing -setup_margin 0 -hold_margin 0 -repair_tns 100 -verbose
[INFO RSZ-0100] Repair move sequence: UnbufferMove SizeUpMove SwapPinsMove BufferMove CloneMove SplitLoadMove 
[INFO RSZ-0098] No setup violations found
[INFO RSZ-0046] Found 67 endpoints with hold violations.
Iteration | Resized | Buffers | Cloned Gates |   Area   |   WNS   |   TNS   | Endpoint
--------------------------------------------------------------------------------------
        0 |       0 |       0 |            0 |    +0.0% |  -0.120 |  -4.359 | U_g579/D
       10 |       0 |      22 |            0 |    +0.2% |  -0.111 |  -3.293 | U_g584/D
       20 |       0 |      43 |            0 |    +0.5% |  -0.076 |  -2.275 | U_g26/D
       30 |       0 |      71 |            0 |    +0.8% |  -0.059 |  -1.670 | U_g1038/D
       40 |       1 |      82 |            0 |    +0.9% |  -0.046 |  -0.231 | U_g1703/D
       50 |       1 |      84 |            0 |    +0.9% |  -0.045 |  -0.117 | U_g471/SI
       60 |       1 |      86 |            0 |    +0.9% |  -0.045 |  -0.075 | U_g471/SI
    final |       1 |      90 |            0 |    +1.0% |   0.001 |   0.000 | U_g1059/D
--------------------------------------------------------------------------------------
[INFO RSZ-0032] Inserted 90 hold buffers.
detailed_placement
[INFO DPL-0006] Core area: 20959.47 um^2, Instances area: 7616.64 um^2, Utilization: 36.3%
[INFO DPL-0005] Diamond search max displacement: +/- 500 sites horizontally, +/- 100 rows vertically.
[INFO DPL-1101] Legalizing using diamond search.
Movements Summary
---------------------------------------
Total cells:                    5138
Diamond Move Success:           5138 (100.00%)
Diamond Move Failure:              0
Rip-up and replace Success:        0 (  0.00% of diamond failures)
Rip-up and replace Failure:        0
Total Placement Failures:          0
---------------------------------------
Placement Analysis
---------------------------------
total displacement        114.4 u
average displacement        0.0 u
max displacement            2.7 u
original HPWL           57314.0 u
legalized HPWL          57383.7 u
delta HPWL                    0 %

estimate_parasitics -placement
Report metrics stage 4, cts final...

==========================================================================
cts final report_design_area
--------------------------------------------------------------------------
Design area 7617 um^2 36% utilization.
write_db /mnt/c/Users/Abhinav/OneDrive/Desktop/PACT/PACT/results/phase2d_independent_gp/raw/orfs/results/nangate45/s15850/phase2c_s29_0fd3dde8ed21/4_1_cts.odb
write_sdc -no_timestamp /mnt/c/Users/Abhinav/OneDrive/Desktop/PACT/PACT/results/phase2d_independent_gp/raw/orfs/results/nangate45/s15850/phase2c_s29_0fd3dde8ed21/4_cts.sdc
Log                       Ext     Elapsed/s Peak Memory/MB sha1sum result [0:20)
4_1_cts                   .odb            9            168 74a1945c4a3a663e7cb3
cp /mnt/c/Users/Abhinav/OneDrive/Desktop/PACT/PACT/results/phase2d_independent_gp/raw/orfs/results/nangate45/s15850/phase2c_s29_0fd3dde8ed21/4_1_cts.odb /mnt/c/Users/Abhinav/OneDrive/Desktop/PACT/PACT/results/phase2d_independent_gp/raw/orfs/results/nangate45/s15850/phase2c_s29_0fd3dde8ed21/4_cts.odb
/root/pact-deps/OpenROAD-flow-scripts/flow/scripts/flow.sh 5_1_grt global_route
Running global_route.tcl, stage 5_1_grt
read_liberty /root/pact-deps/OpenROAD-flow-scripts/flow/platforms/nangate45/lib/NangateOpenCellLibrary_typical.lib
read_db /mnt/c/Users/Abhinav/OneDrive/Desktop/PACT/PACT/results/phase2d_independent_gp/raw/orfs/results/nangate45/s15850/phase2c_s29_0fd3dde8ed21/4_cts.odb
read_sdc /mnt/c/Users/Abhinav/OneDrive/Desktop/PACT/PACT/results/phase2d_independent_gp/raw/orfs/results/nangate45/s15850/phase2c_s29_0fd3dde8ed21/4_cts.sdc
source /root/pact-deps/OpenROAD-flow-scripts/flow/platforms/nangate45/setRC.tcl
pin_access
[INFO DRT-0149] Reading tech and libs.

Units:                2000
Number of layers:     21
Number of macros:     135
Number of vias:       33
Number of viarulegen: 19

[INFO DRT-0150] Reading design.

Design:                   s15850
Die area:                 ( 0 0 ) ( 295060 295060 )
Number of track patterns: 20
Number of DEF vias:       0
Number of components:     5396
Number of terminals:      235
Number of snets:          2
Number of nets:           5145

[INFO DRT-0167] List of default vias:
  Layer via2
    default via: via2_5
  Layer via3
    default via: via3_2
  Layer via4
    default via: via4_0
  Layer via5
    default via: via5_0
  Layer via6
    default via: via6_0
  Layer via7
    default via: via7_0
  Layer via8
    default via: via8_0
  Layer via9
    default via: via9_0
[INFO DRT-0162] Library cell analysis.
[INFO DRT-0163] Instance analysis.
[INFO DRT-0164] Number of unique instances = 57.
[INFO DRT-0168] Init region query.
[INFO DRT-0024]   Complete active.
[INFO DRT-0024]   Complete Fr_VIA.
[INFO DRT-0024]   Complete metal1.
[INFO DRT-0024]   Complete via1.
[INFO DRT-0024]   Complete metal2.
[INFO DRT-0024]   Complete via2.
[INFO DRT-0024]   Complete metal3.
[INFO DRT-0024]   Complete via3.
[INFO DRT-0024]   Complete metal4.
[INFO DRT-0024]   Complete via4.
[INFO DRT-0024]   Complete metal5.
[INFO DRT-0024]   Complete via5.
[INFO DRT-0024]   Complete metal6.
[INFO DRT-0024]   Complete via6.
[INFO DRT-0024]   Complete metal7.
[INFO DRT-0024]   Complete via7.
[INFO DRT-0024]   Complete metal8.
[INFO DRT-0024]   Complete via8.
[INFO DRT-0024]   Complete metal9.
[INFO DRT-0024]   Complete via9.
[INFO DRT-0024]   Complete metal10.
[INFO DRT-0033] active shape region query size = 0.
[INFO DRT-0033] FR_VIA shape region query size = 0.
[INFO DRT-0033] metal1 shape region query size = 88230.
[INFO DRT-0033] via1 shape region query size = 936.
[INFO DRT-0033] metal2 shape region query size = 624.
[INFO DRT-0033] via2 shape region query size = 936.
[INFO DRT-0033] metal3 shape region query size = 624.
[INFO DRT-0033] via3 shape region query size = 936.
[INFO DRT-0033] metal4 shape region query size = 348.
[INFO DRT-0033] via4 shape region query size = 300.
[INFO DRT-0033] metal5 shape region query size = 227.
[INFO DRT-0033] via5 shape region query size = 300.
[INFO DRT-0033] metal6 shape region query size = 126.
[INFO DRT-0033] via6 shape region query size = 120.
[INFO DRT-0033] metal7 shape region query size = 50.
[INFO DRT-0033] via7 shape region query size = 0.
[INFO DRT-0033] metal8 shape region query size = 0.
[INFO DRT-0033] via8 shape region query size = 0.
[INFO DRT-0033] metal9 shape region query size = 0.
[INFO DRT-0033] via9 shape region query size = 0.
[INFO DRT-0033] metal10 shape region query size = 0.
[INFO DRT-0165] Start pin access.
[INFO DRT-0078]   Complete 292 pins.
[INFO DRT-0081]   Complete 57 unique inst patterns.
[INFO DRT-0084]   Complete 2757 groups.
#scanned instances     = 5396
#unique  instances     = 57
#stdCellGenAp          = 1307
#stdCellValidPlanarAp  = 0
#stdCellValidViaAp     = 1013
#stdCellPinNoAp        = 0
#stdCellPinCnt         = 15563
#instTermValidViaApCnt = 0
#macroGenAp            = 0
#macroValidPlanarAp    = 0
#macroValidViaAp       = 0
#macroNoAp             = 0
[INFO DRT-0166] Complete pin access.
[INFO DRT-0267] cpu time = 00:00:54, elapsed time = 00:00:13, memory = 128.57 (MB), peak = 128.23 (MB)
Took 14 seconds: pin_access
set_global_routing_random -seed 29
global_route -congestion_report_file /mnt/c/Users/Abhinav/OneDrive/Desktop/PACT/PACT/results/phase2d_independent_gp/raw/orfs/reports/nangate45/s15850/phase2c_s29_0fd3dde8ed21/congestion.rpt -congestion_iterations 30 -congestion_report_iter_step 5 -verbose
[INFO GRT-0020] Min routing layer: metal2
[INFO GRT-0021] Max routing layer: metal10
[INFO GRT-0022] Global adjustment: 0%
[INFO GRT-0023] Grid origin: (0, 0)
[INFO GRT-0088] Layer metal1  Track-Pitch = 0.1400  line-2-Via Pitch: 0.1350
[INFO GRT-0088] Layer metal2  Track-Pitch = 0.1900  line-2-Via Pitch: 0.1400
[INFO GRT-0088] Layer metal3  Track-Pitch = 0.1400  line-2-Via Pitch: 0.1400
[INFO GRT-0088] Layer metal4  Track-Pitch = 0.2800  line-2-Via Pitch: 0.2800
[INFO GRT-0088] Layer metal5  Track-Pitch = 0.2800  line-2-Via Pitch: 0.2800
[INFO GRT-0088] Layer metal6  Track-Pitch = 0.2800  line-2-Via Pitch: 0.2800
[INFO GRT-0088] Layer metal7  Track-Pitch = 0.8000  line-2-Via Pitch: 0.8000
[INFO GRT-0088] Layer metal8  Track-Pitch = 0.8000  line-2-Via Pitch: 0.8000
[INFO GRT-0088] Layer metal9  Track-Pitch = 1.6000  line-2-Via Pitch: 1.6000
[INFO GRT-0088] Layer metal10 Track-Pitch = 1.6000  line-2-Via Pitch: 1.6000
[INFO GRT-0003] Macros: 0
[INFO GRT-0004] Blockages: 0
[INFO GRT-0019] Found 92 clock nets.
[INFO GRT-0001] Minimum degree: 2
[INFO GRT-0002] Maximum degree: 52

[INFO GRT-0053] Routing resources analysis:
          Routing      Original      Derated      Resource
Layer     Direction    Resources     Resources    Reduction (%)
---------------------------------------------------------------
metal1     Horizontal          0             0          0.00%
metal2     Vertical        37850         17800          52.97%
metal3     Horizontal      52431         25727          50.93%
metal4     Vertical        25700         18200          29.18%
metal5     Horizontal      26215         18494          29.45%
metal6     Vertical        26282         18557          29.39%
metal7     Horizontal       8100          5750          29.01%
metal8     Vertical         9200          6600          28.26%
metal9     Horizontal       4550          2550          43.96%
metal10    Vertical         4550          2550          43.96%
---------------------------------------------------------------

[INFO GRT-0197] Via related to pin nodes: 24381
[INFO GRT-0198] Via related Steiner nodes: 521
[INFO GRT-0199] Via filling finished.
[INFO GRT-0111] Final number of vias: 30363
[INFO GRT-0112] Final usage 3D: 114383

[INFO GRT-0096] Final congestion report:
Layer         Resource        Demand        Usage (%)    Max H / Max V / Total Overflow
---------------------------------------------------------------------------------------
metal1               0             0            0.00%             0 /  0 /  0
metal2           17800          8300           46.63%             0 /  0 /  0
metal3           25727          9785           38.03%             0 /  0 /  0
metal4           18200          3307           18.17%             0 /  0 /  0
metal5           18494          1597            8.64%             0 /  0 /  0
metal6           18557           236            1.27%             0 /  0 /  0
metal7            5750            55            0.96%             0 /  0 /  0
metal8            6600            14            0.21%             0 /  0 /  0
metal9            2550             0            0.00%             0 /  0 /  0
metal10           2550             0            0.00%             0 /  0 /  0
---------------------------------------------------------------------------------------
Total           116228         23294           20.04%             0 /  0 /  0

[INFO GRT-0018] Total wirelength: 94853 um
[INFO GRT-0014] Routed nets: 5145
[INFO GRT-0303] Global routing runtime = 00:00:00
estimate_parasitics -global_routing
Perform buffer insertion and gate resizing...
repair_design -verbose
Iteration |   Area    | Resized | Buffers | Nets repaired | Remaining
---------------------------------------------------------------------
        0 |     +0.0% |       0 |       0 |             0 |      5753
     1000 |     +0.0% |       0 |       0 |             0 |      4753
     2000 |     +0.0% |       0 |       0 |             0 |      3753
     3000 |     +0.0% |       0 |       0 |             0 |      2753
     4000 |     +0.0% |       0 |       0 |             0 |      1753
     5000 |     +0.0% |       0 |       0 |             0 |       753
    final |     +0.0% |       0 |       0 |             0 |         0
---------------------------------------------------------------------
global_route -start_incremental
detailed_placement
[INFO DPL-0006] Core area: 20959.47 um^2, Instances area: 7616.64 um^2, Utilization: 36.3%
[INFO DPL-0005] Diamond search max displacement: +/- 500 sites horizontally, +/- 100 rows vertically.
[INFO DPL-1101] Legalizing using diamond search.
Movements Summary
---------------------------------------
Total cells:                    5138
Diamond Move Success:           5138 (100.00%)
Diamond Move Failure:              0
Rip-up and replace Success:        0 (  0.00% of diamond failures)
Rip-up and replace Failure:        0
Total Placement Failures:          0
---------------------------------------
Placement Analysis
---------------------------------
total displacement          0.0 u
average displacement        0.0 u
max displacement            0.0 u
original HPWL           57383.7 u
legalized HPWL          57383.7 u
delta HPWL                    0 %

global_route -end_incremental -congestion_report_file /mnt/c/Users/Abhinav/OneDrive/Desktop/PACT/PACT/results/phase2d_independent_gp/raw/orfs/reports/nangate45/s15850/phase2c_s29_0fd3dde8ed21/congestion_post_repair_design.rpt
Repair setup and hold violations...
estimate_parasitics -global_routing
repair_timing -setup_margin 0 -hold_margin 0 -repair_tns 100 -verbose
[INFO RSZ-0100] Repair move sequence: UnbufferMove SizeUpMove SwapPinsMove BufferMove CloneMove SplitLoadMove 
[INFO RSZ-0098] No setup violations found
[INFO RSZ-0046] Found 7 endpoints with hold violations.
Iteration | Resized | Buffers | Cloned Gates |   Area   |   WNS   |   TNS   | Endpoint
--------------------------------------------------------------------------------------
        0 |       0 |       0 |            0 |    +0.0% |  -0.007 |  -0.015 | U_g1428/SE
    final |       0 |       3 |            0 |    +0.0% |   0.001 |   0.000 | U_g1062/D
--------------------------------------------------------------------------------------
[INFO RSZ-0032] Inserted 3 hold buffers.
global_route -start_incremental
detailed_placement
[INFO DPL-0006] Core area: 20959.47 um^2, Instances area: 7619.04 um^2, Utilization: 36.4%
[INFO DPL-0005] Diamond search max displacement: +/- 500 sites horizontally, +/- 100 rows vertically.
[INFO DPL-1101] Legalizing using diamond search.
Movements Summary
---------------------------------------
Total cells:                    5141
Diamond Move Success:           5141 (100.00%)
Diamond Move Failure:              0
Rip-up and replace Success:        0 (  0.00% of diamond failures)
Rip-up and replace Failure:        0
Total Placement Failures:          0
---------------------------------------
Placement Analysis
---------------------------------
total displacement          4.2 u
average displacement        0.0 u
max displacement            1.1 u
original HPWL           57382.9 u
legalized HPWL          57385.7 u
delta HPWL                    0 %

check_placement -verbose
global_route -end_incremental -congestion_report_file /mnt/c/Users/Abhinav/OneDrive/Desktop/PACT/PACT/results/phase2d_independent_gp/raw/orfs/reports/nangate45/s15850/phase2c_s29_0fd3dde8ed21/congestion_post_repair_timing.rpt
estimate_parasitics -global_routing
global_route -start_incremental
global_route -end_incremental -congestion_report_file /mnt/c/Users/Abhinav/OneDrive/Desktop/PACT/PACT/results/phase2d_independent_gp/raw/orfs/reports/nangate45/s15850/phase2c_s29_0fd3dde8ed21/congestion_post_recover_power.rpt
Repair antennas...
[WARNING GRT-0246] No diode with LEF class CORE ANTENNACELL found.
[INFO ANT-0002] Found 0 net violations.
[INFO ANT-0001] Found 0 pin violations.
Estimate parasitics...
estimate_parasitics -global_routing
Report metrics stage 5, global route...

==========================================================================
global route report_design_area
--------------------------------------------------------------------------
Design area 7619 um^2 36% utilization.
[INFO FLW-0007] clock clk period 10.000000
[INFO FLW-0008] Clock clk period 1.721
[INFO FLW-0009] Clock clk slack 8.188
write_sdc -no_timestamp /mnt/c/Users/Abhinav/OneDrive/Desktop/PACT/PACT/results/phase2d_independent_gp/raw/orfs/results/nangate45/s15850/phase2c_s29_0fd3dde8ed21/updated_clks.sdc
[INFO FLW-0011] Path endpoint path count 2362
write_db /mnt/c/Users/Abhinav/OneDrive/Desktop/PACT/PACT/results/phase2d_independent_gp/raw/orfs/results/nangate45/s15850/phase2c_s29_0fd3dde8ed21/5_1_grt.odb
write_sdc -no_timestamp /mnt/c/Users/Abhinav/OneDrive/Desktop/PACT/PACT/results/phase2d_independent_gp/raw/orfs/results/nangate45/s15850/phase2c_s29_0fd3dde8ed21/5_1_grt.sdc
Log                       Ext     Elapsed/s Peak Memory/MB sha1sum result [0:20)
5_1_grt                   .odb           25            340 631446f628806d1214b9
5_1_grt                   .sdc                             36c09dc3d049996e100f
/root/pact-deps/OpenROAD-flow-scripts/flow/scripts/flow.sh 5_2_route detail_route
Running detail_route.tcl, stage 5_2_route
read_liberty /root/pact-deps/OpenROAD-flow-scripts/flow/platforms/nangate45/lib/NangateOpenCellLibrary_typical.lib
read_db /mnt/c/Users/Abhinav/OneDrive/Desktop/PACT/PACT/results/phase2d_independent_gp/raw/orfs/results/nangate45/s15850/phase2c_s29_0fd3dde8ed21/5_1_grt.odb
read_sdc /mnt/c/Users/Abhinav/OneDrive/Desktop/PACT/PACT/results/phase2d_independent_gp/raw/orfs/results/nangate45/s15850/phase2c_s29_0fd3dde8ed21/5_1_grt.sdc
source /root/pact-deps/OpenROAD-flow-scripts/flow/platforms/nangate45/setRC.tcl
detailed_route -output_drc /mnt/c/Users/Abhinav/OneDrive/Desktop/PACT/PACT/results/phase2d_independent_gp/raw/orfs/reports/nangate45/s15850/phase2c_s29_0fd3dde8ed21/5_route_drc.rpt -output_maze /mnt/c/Users/Abhinav/OneDrive/Desktop/PACT/PACT/results/phase2d_independent_gp/raw/orfs/results/nangate45/s15850/phase2c_s29_0fd3dde8ed21/maze.log -droute_end_iter 64 -verbose 1 -drc_report_iter_step 5
[INFO DRT-0149] Reading tech and libs.

Units:                2000
Number of layers:     21
Number of macros:     135
Number of vias:       33
Number of viarulegen: 19

[INFO DRT-0150] Reading design.

Design:                   s15850
Die area:                 ( 0 0 ) ( 295060 295060 )
Number of track patterns: 20
Number of DEF vias:       0
Number of components:     5399
Number of terminals:      235
Number of snets:          2
Number of nets:           5148

[INFO DRT-0167] List of default vias:
  Layer via2
    default via: via2_5
  Layer via3
    default via: via3_2
  Layer via4
    default via: via4_0
  Layer via5
    default via: via5_0
  Layer via6
    default via: via6_0
  Layer via7
    default via: via7_0
  Layer via8
    default via: via8_0
  Layer via9
    default via: via9_0
[INFO DRT-0162] Library cell analysis.
[INFO DRT-0163] Instance analysis.
[INFO DRT-0164] Number of unique instances = 57.
[INFO DRT-0168] Init region query.
[INFO DRT-0024]   Complete active.
[INFO DRT-0024]   Complete Fr_VIA.
[INFO DRT-0024]   Complete metal1.
[INFO DRT-0024]   Complete via1.
[INFO DRT-0024]   Complete metal2.
[INFO DRT-0024]   Complete via2.
[INFO DRT-0024]   Complete metal3.
[INFO DRT-0024]   Complete via3.
[INFO DRT-0024]   Complete metal4.
[INFO DRT-0024]   Complete via4.
[INFO DRT-0024]   Complete metal5.
[INFO DRT-0024]   Complete via5.
[INFO DRT-0024]   Complete metal6.
[INFO DRT-0024]   Complete via6.
[INFO DRT-0024]   Complete metal7.
[INFO DRT-0024]   Complete via7.
[INFO DRT-0024]   Complete metal8.
[INFO DRT-0024]   Complete via8.
[INFO DRT-0024]   Complete metal9.
[INFO DRT-0024]   Complete via9.
[INFO DRT-0024]   Complete metal10.
[INFO DRT-0033] active shape region query size = 0.
[INFO DRT-0033] FR_VIA shape region query size = 0.
[INFO DRT-0033] metal1 shape region query size = 88263.
[INFO DRT-0033] via1 shape region query size = 936.
[INFO DRT-0033] metal2 shape region query size = 624.
[INFO DRT-0033] via2 shape region query size = 936.
[INFO DRT-0033] metal3 shape region query size = 624.
[INFO DRT-0033] via3 shape region query size = 936.
[INFO DRT-0033] metal4 shape region query size = 348.
[INFO DRT-0033] via4 shape region query size = 300.
[INFO DRT-0033] metal5 shape region query size = 227.
[INFO DRT-0033] via5 shape region query size = 300.
[INFO DRT-0033] metal6 shape region query size = 126.
[INFO DRT-0033] via6 shape region query size = 120.
[INFO DRT-0033] metal7 shape region query size = 50.
[INFO DRT-0033] via7 shape region query size = 0.
[INFO DRT-0033] metal8 shape region query size = 0.
[INFO DRT-0033] via8 shape region query size = 0.
[INFO DRT-0033] metal9 shape region query size = 0.
[INFO DRT-0033] via9 shape region query size = 0.
[INFO DRT-0033] metal10 shape region query size = 0.
[INFO DRT-0165] Start pin access.
[INFO DRT-0078]   Complete 292 pins.
[INFO DRT-0081]   Complete 57 unique inst patterns.
[INFO DRT-0084]   Complete 2757 groups.
#scanned instances     = 5399
#unique  instances     = 57
#stdCellGenAp          = 1307
#stdCellValidPlanarAp  = 0
#stdCellValidViaAp     = 1013
#stdCellPinNoAp        = 0
#stdCellPinCnt         = 15569
#instTermValidViaApCnt = 0
#macroGenAp            = 0
#macroValidPlanarAp    = 0
#macroValidViaAp       = 0
#macroNoAp             = 0
[INFO DRT-0166] Complete pin access.
[INFO DRT-0267] cpu time = 00:00:56, elapsed time = 00:00:14, memory = 283.14 (MB), peak = 282.96 (MB)

[INFO DRT-0157] Number of guides:     35406

[INFO DRT-0169] Post process guides.
[INFO DRT-0176] GCELLGRID X 0 DO 51 STEP 5700 ;
[INFO DRT-0177] GCELLGRID Y 0 DO 51 STEP 5700 ;
[INFO DRT-0028]   Complete active.
[INFO DRT-0028]   Complete Fr_VIA.
[INFO DRT-0028]   Complete metal1.
[INFO DRT-0028]   Complete via1.
[INFO DRT-0028]   Complete metal2.
[INFO DRT-0028]   Complete via2.
[INFO DRT-0028]   Complete metal3.
[INFO DRT-0028]   Complete via3.
[INFO DRT-0028]   Complete metal4.
[INFO DRT-0028]   Complete via4.
[INFO DRT-0028]   Complete metal5.
[INFO DRT-0028]   Complete via5.
[INFO DRT-0028]   Complete metal6.
[INFO DRT-0028]   Complete via6.
[INFO DRT-0028]   Complete metal7.
[INFO DRT-0028]   Complete via7.
[INFO DRT-0028]   Complete metal8.
[INFO DRT-0028]   Complete via8.
[INFO DRT-0028]   Complete metal9.
[INFO DRT-0028]   Complete via9.
[INFO DRT-0028]   Complete metal10.
[INFO DRT-0178] Init guide query.
[INFO DRT-0035]   Complete active (guide).
[INFO DRT-0035]   Complete Fr_VIA (guide).
[INFO DRT-0035]   Complete metal1 (guide).
[INFO DRT-0035]   Complete via1 (guide).
[INFO DRT-0035]   Complete metal2 (guide).
[INFO DRT-0035]   Complete via2 (guide).
[INFO DRT-0035]   Complete metal3 (guide).
[INFO DRT-0035]   Complete via3 (guide).
[INFO DRT-0035]   Complete metal4 (guide).
[INFO DRT-0035]   Complete via4 (guide).
[INFO DRT-0035]   Complete metal5 (guide).
[INFO DRT-0035]   Complete via5 (guide).
[INFO DRT-0035]   Complete metal6 (guide).
[INFO DRT-0035]   Complete via6 (guide).
[INFO DRT-0035]   Complete metal7 (guide).
[INFO DRT-0035]   Complete via7 (guide).
[INFO DRT-0035]   Complete metal8 (guide).
[INFO DRT-0035]   Complete via8 (guide).
[INFO DRT-0035]   Complete metal9 (guide).
[INFO DRT-0035]   Complete via9 (guide).
[INFO DRT-0035]   Complete metal10 (guide).
[INFO DRT-0036] active guide region query size = 0.
[INFO DRT-0036] FR_VIA guide region query size = 0.
[INFO DRT-0036] metal1 guide region query size = 12108.
[INFO DRT-0036] via1 guide region query size = 0.
[INFO DRT-0036] metal2 guide region query size = 9637.
[INFO DRT-0036] via2 guide region query size = 0.
[INFO DRT-0036] metal3 guide region query size = 5315.
[INFO DRT-0036] via3 guide region query size = 0.
[INFO DRT-0036] metal4 guide region query size = 912.
[INFO DRT-0036] via4 guide region query size = 0.
[INFO DRT-0036] metal5 guide region query size = 452.
[INFO DRT-0036] via5 guide region query size = 0.
[INFO DRT-0036] metal6 guide region query size = 93.
[INFO DRT-0036] via6 guide region query size = 0.
[INFO DRT-0036] metal7 guide region query size = 5.
[INFO DRT-0036] via7 guide region query size = 0.
[INFO DRT-0036] metal8 guide region query size = 1.
[INFO DRT-0036] via8 guide region query size = 0.
[INFO DRT-0036] metal9 guide region query size = 0.
[INFO DRT-0036] via9 guide region query size = 0.
[INFO DRT-0036] metal10 guide region query size = 0.
[INFO DRT-0179] Init gr pin query.
[INFO DRT-0267] cpu time = 00:00:00, elapsed time = 00:00:00, memory = 296.57 (MB), peak = 296.20 (MB)
[INFO DRT-0245] skipped writing guide updates to database.
[INFO DRT-0181] Start track assignment.
[INFO DRT-0184] Done with 10643 vertical wires in 2 frboxes and 17880 horizontal wires in 2 frboxes.
[INFO DRT-0186] Done with 2430 vertical wires in 2 frboxes and 3129 horizontal wires in 2 frboxes.
[INFO DRT-0182] Complete track assignment.
[INFO DRT-0267] cpu time = 00:00:02, elapsed time = 00:00:02, memory = 357.44 (MB), peak = 357.04 (MB)
[INFO DRT-0187] Start routing data preparation.
[INFO DRT-0267] cpu time = 00:00:00, elapsed time = 00:00:00, memory = 357.44 (MB), peak = 357.04 (MB)
[INFO DRT-0194] Start detail routing.
[INFO DRT-0195] Start 0th optimization iteration.
    Completing 10% with 0 violations.
    elapsed time = 00:00:01, memory = 418.97 (MB).
    Completing 20% with 0 violations.
    elapsed time = 00:00:04, memory = 453.98 (MB).
    Completing 30% with 105 violations.
    elapsed time = 00:00:08, memory = 515.98 (MB).
    Completing 40% with 105 violations.
    elapsed time = 00:00:10, memory = 499.38 (MB).
    Completing 50% with 105 violations.
    elapsed time = 00:00:13, memory = 480.49 (MB).
    Completing 60% with 240 violations.
    elapsed time = 00:00:16, memory = 523.73 (MB).
    Completing 70% with 240 violations.
    elapsed time = 00:00:18, memory = 524.33 (MB).
    Completing 80% with 349 violations.
    elapsed time = 00:00:21, memory = 585.39 (MB).
    Completing 90% with 349 violations.
    elapsed time = 00:00:24, memory = 564.90 (MB).
    Completing 100% with 483 violations.
    elapsed time = 00:00:26, memory = 517.24 (MB).
[INFO DRT-0199]   Number of violations = 734.
Viol/Layer      metal1   via1 metal2   via2 metal3 metal4   via4 metal5
Cut Spacing          0      0      0      1      0      0      3      0
Metal Spacing        0      0     34      0      6      0      0      0
Recheck              1      0    146      0     96      6      0      2
Short                0      1    372      2     61      2      0      1
[INFO DRT-0267] cpu time = 00:01:30, elapsed time = 00:00:27, memory = 1011.71 (MB), peak = 1011.37 (MB)
Total wire length = 67406 um.
Total wire length on LAYER metal1 = 0 um.
Total wire length on LAYER metal2 = 24449 um.
Total wire length on LAYER metal3 = 28656 um.
Total wire length on LAYER metal4 = 9126 um.
Total wire length on LAYER metal5 = 4249 um.
Total wire length on LAYER metal6 = 733 um.
Total wire length on LAYER metal7 = 153 um.
Total wire length on LAYER metal8 = 37 um.
Total wire length on LAYER metal9 = 0 um.
Total wire length on LAYER metal10 = 0 um.
Total number of vias = 30893.
Up-via summary (total 30893):

----------------
 active        0
 metal1    15655
 metal2    13320
 metal3     1208
 metal4      593
 metal5      108
 metal6        7
 metal7        2
 metal8        0
 metal9        0
----------------
       30893


[INFO DRT-0195] Start 1st optimization iteration.
    Completing 10% with 734 violations.
    elapsed time = 00:00:01, memory = 1036.62 (MB).
    Completing 20% with 734 violations.
    elapsed time = 00:00:04, memory = 1011.71 (MB).
    Completing 30% with 635 violations.
    elapsed time = 00:00:05, memory = 1011.71 (MB).
    Completing 40% with 635 violations.
    elapsed time = 00:00:07, memory = 1014.09 (MB).
    Completing 50% with 635 violations.
    elapsed time = 00:00:10, memory = 1014.09 (MB).
    Completing 60% with 493 violations.
    elapsed time = 00:00:14, memory = 1039.87 (MB).
    Completing 70% with 493 violations.
    elapsed time = 00:00:16, memory = 1014.09 (MB).
    Completing 80% with 363 violations.
    elapsed time = 00:00:20, memory = 1025.16 (MB).
    Completing 90% with 363 violations.
    elapsed time = 00:00:22, memory = 1025.16 (MB).
    Completing 100% with 196 violations.
    elapsed time = 00:00:24, memory = 1025.16 (MB).
[INFO DRT-0199]   Number of violations = 196.
Viol/Layer      metal2 metal3   via4
Cut Spacing          0      0      1
Metal Spacing       49      1      0
Short              130     15      0
[INFO DRT-0267] cpu time = 00:01:28, elapsed time = 00:00:24, memory = 1028.16 (MB), peak = 1061.87 (MB)
Total wire length = 67073 um.
Total wire length on LAYER metal1 = 0 um.
Total wire length on LAYER metal2 = 24270 um.
Total wire length on LAYER metal3 = 28578 um.
Total wire length on LAYER metal4 = 9075 um.
Total wire length on LAYER metal5 = 4228 um.
Total wire length on LAYER metal6 = 730 um.
Total wire length on LAYER metal7 = 153 um.
Total wire length on LAYER metal8 = 37 um.
Total wire length on LAYER metal9 = 0 um.
Total wire length on LAYER metal10 = 0 um.
Total number of vias = 30701.
Up-via summary (total 30701):

----------------
 active        0
 metal1    15646
 metal2    13177
 metal3     1172
 metal4      587
 metal5      110
 metal6        7
 metal7        2
 metal8        0
 metal9        0
----------------
       30701


[INFO DRT-0195] Start 2nd optimization iteration.
    Completing 10% with 196 violations.
    elapsed time = 00:00:01, memory = 1028.16 (MB).
    Completing 20% with 196 violations.
    elapsed time = 00:00:04, memory = 1028.16 (MB).
    Completing 30% with 206 violations.
    elapsed time = 00:00:06, memory = 1028.16 (MB).
    Completing 40% with 206 violations.
    elapsed time = 00:00:08, memory = 1028.16 (MB).
    Completing 50% with 206 violations.
    elapsed time = 00:00:09, memory = 1028.16 (MB).
    Completing 60% with 202 violations.
    elapsed time = 00:00:11, memory = 1045.98 (MB).
    Completing 70% with 202 violations.
    elapsed time = 00:00:13, memory = 1047.67 (MB).
    Completing 80% with 162 violations.
    elapsed time = 00:00:17, memory = 1047.67 (MB).
    Completing 90% with 162 violations.
    elapsed time = 00:00:19, memory = 1051.33 (MB).
    Completing 100% with 142 violations.
    elapsed time = 00:00:21, memory = 1051.33 (MB).
[INFO DRT-0199]   Number of violations = 142.
Viol/Layer      metal2 metal3
Metal Spacing       24      1
Short              113      4
[INFO DRT-0267] cpu time = 00:01:14, elapsed time = 00:00:22, memory = 1054.33 (MB), peak = 1061.87 (MB)
Total wire length = 67005 um.
Total wire length on LAYER metal1 = 0 um.
Total wire length on LAYER metal2 = 24229 um.
Total wire length on LAYER metal3 = 28587 um.
Total wire length on LAYER metal4 = 9095 um.
Total wire length on LAYER metal5 = 4190 um.
Total wire length on LAYER metal6 = 711 um.
Total wire length on LAYER metal7 = 153 um.
Total wire length on LAYER metal8 = 37 um.
Total wire length on LAYER metal9 = 0 um.
Total wire length on LAYER metal10 = 0 um.
Total number of vias = 30618.
Up-via summary (total 30618):

----------------
 active        0
 metal1    15645
 metal2    13093
 metal3     1177
 metal4      588
 metal5      106
 metal6        7
 metal7        2
 metal8        0
 metal9        0
----------------
       30618


[INFO DRT-0195] Start 3rd optimization iteration.
    Completing 10% with 142 violations.
    elapsed time = 00:00:00, memory = 1054.33 (MB).
    Completing 20% with 142 violations.
    elapsed time = 00:00:01, memory = 1054.33 (MB).
    Completing 30% with 122 violations.
    elapsed time = 00:00:02, memory = 1054.33 (MB).
    Completing 40% with 122 violations.
    elapsed time = 00:00:03, memory = 1054.33 (MB).
    Completing 50% with 122 violations.
    elapsed time = 00:00:04, memory = 1054.33 (MB).
    Completing 60% with 91 violations.
    elapsed time = 00:00:05, memory = 1054.33 (MB).
    Completing 70% with 91 violations.
    elapsed time = 00:00:05, memory = 1054.33 (MB).
    Completing 80% with 47 violations.
    elapsed time = 00:00:07, memory = 1054.33 (MB).
    Completing 90% with 47 violations.
    elapsed time = 00:00:08, memory = 1054.33 (MB).
    Completing 100% with 0 violations.
    elapsed time = 00:00:09, memory = 1054.33 (MB).
[INFO DRT-0199]   Number of violations = 0.
[INFO DRT-0267] cpu time = 00:00:31, elapsed time = 00:00:09, memory = 1054.33 (MB), peak = 1061.87 (MB)
Total wire length = 67003 um.
Total wire length on LAYER metal1 = 0 um.
Total wire length on LAYER metal2 = 23933 um.
Total wire length on LAYER metal3 = 28614 um.
Total wire length on LAYER metal4 = 9362 um.
Total wire length on LAYER metal5 = 4190 um.
Total wire length on LAYER metal6 = 711 um.
Total wire length on LAYER metal7 = 153 um.
Total wire length on LAYER metal8 = 37 um.
Total wire length on LAYER metal9 = 0 um.
Total wire length on LAYER metal10 = 0 um.
Total number of vias = 30803.
Up-via summary (total 30803):

----------------
 active        0
 metal1    15647
 metal2    13194
 metal3     1259
 metal4      588
 metal5      106
 metal6        7
 metal7        2
 metal8        0
 metal9        0
----------------
       30803


[INFO DRT-0198] Complete detail routing.
Total wire length = 67003 um.
Total wire length on LAYER metal1 = 0 um.
Total wire length on LAYER metal2 = 23933 um.
Total wire length on LAYER metal3 = 28614 um.
Total wire length on LAYER metal4 = 9362 um.
Total wire length on LAYER metal5 = 4190 um.
Total wire length on LAYER metal6 = 711 um.
Total wire length on LAYER metal7 = 153 um.
Total wire length on LAYER metal8 = 37 um.
Total wire length on LAYER metal9 = 0 um.
Total wire length on LAYER metal10 = 0 um.
Total number of vias = 30803.
Up-via summary (total 30803):

----------------
 active        0
 metal1    15647
 metal2    13194
 metal3     1259
 metal4      588
 metal5      106
 metal6        7
 metal7        2
 metal8        0
 metal9        0
----------------
       30803


[INFO DRT-0267] cpu time = 00:04:46, elapsed time = 00:01:24, memory = 1054.45 (MB), peak = 1061.87 (MB)

[INFO DRT-0180] Post processing.
Took 101 seconds: detailed_route -output_drc /mnt/c/Users/Abhinav/OneDrive/Desktop/PACT/PACT/results/phase2d_independent_gp/raw/orfs/reports/nangate45/s15850/phase2c_s29_0fd3dde8ed21/5_route_drc.rpt -output_maze /mnt/c/Users/Abhinav/OneDrive/Desktop/PACT/PACT/results/phase2d_independent_gp/raw/orfs/results/nangate45/s15850/phase2c_s29_0fd3dde8ed21/maze.log -droute_end_iter 64 -verbose 1 -drc_report_iter_step 5
[WARNING GRT-0246] No diode with LEF class CORE ANTENNACELL found.
[INFO ANT-0002] Found 0 net violations.
[INFO ANT-0001] Found 0 pin violations.
[INFO ANT-0002] Found 0 net violations.
[INFO ANT-0001] Found 0 pin violations.
Design area 7619 um^2 36% utilization.
write_db /mnt/c/Users/Abhinav/OneDrive/Desktop/PACT/PACT/results/phase2d_independent_gp/raw/orfs/results/nangate45/s15850/phase2c_s29_0fd3dde8ed21/5_2_route.odb
Log                       Ext     Elapsed/s Peak Memory/MB sha1sum result [0:20)
5_2_route                 .odb          107           1061 fddeb8f1af2f78720b7e
/root/pact-deps/OpenROAD-flow-scripts/flow/scripts/flow.sh 5_3_fillcell fillcell
Running fillcell.tcl, stage 5_3_fillcell
read_liberty /root/pact-deps/OpenROAD-flow-scripts/flow/platforms/nangate45/lib/NangateOpenCellLibrary_typical.lib
read_db /mnt/c/Users/Abhinav/OneDrive/Desktop/PACT/PACT/results/phase2d_independent_gp/raw/orfs/results/nangate45/s15850/phase2c_s29_0fd3dde8ed21/5_2_route.odb
read_sdc /mnt/c/Users/Abhinav/OneDrive/Desktop/PACT/PACT/results/phase2d_independent_gp/raw/orfs/results/nangate45/s15850/phase2c_s29_0fd3dde8ed21/5_1_grt.sdc
source /root/pact-deps/OpenROAD-flow-scripts/flow/platforms/nangate45/setRC.tcl
filler_placement "FILLCELL_X1 FILLCELL_X2 FILLCELL_X4 FILLCELL_X8 FILLCELL_X16 FILLCELL_X32"
[INFO DPL-0001] Placed 6315 filler instances.
Design area 7619 um^2 36% utilization.
write_db /mnt/c/Users/Abhinav/OneDrive/Desktop/PACT/PACT/results/phase2d_independent_gp/raw/orfs/results/nangate45/s15850/phase2c_s29_0fd3dde8ed21/5_3_fillcell.odb
Log                       Ext     Elapsed/s Peak Memory/MB sha1sum result [0:20)
5_3_fillcell              .odb            2            130 5204bc333f00f7a1d33b
cp /mnt/c/Users/Abhinav/OneDrive/Desktop/PACT/PACT/results/phase2d_independent_gp/raw/orfs/results/nangate45/s15850/phase2c_s29_0fd3dde8ed21/5_3_fillcell.odb /mnt/c/Users/Abhinav/OneDrive/Desktop/PACT/PACT/results/phase2d_independent_gp/raw/orfs/results/nangate45/s15850/phase2c_s29_0fd3dde8ed21/5_route.odb
cp /mnt/c/Users/Abhinav/OneDrive/Desktop/PACT/PACT/results/phase2d_independent_gp/raw/orfs/results/nangate45/s15850/phase2c_s29_0fd3dde8ed21/5_1_grt.sdc /mnt/c/Users/Abhinav/OneDrive/Desktop/PACT/PACT/results/phase2d_independent_gp/raw/orfs/results/nangate45/s15850/phase2c_s29_0fd3dde8ed21/5_route.sdc
