OpenROAD 26Q2-1164-g08f67ee5ec 
Features included (+) or not (-): +GPU +GUI +Python
This program is licensed under the BSD-3 license. See the LICENSE file for details.
Components of this program may be licensed under more restrictive licenses which must be honored.
[INFO ORD-0030] Using 4 thread(s).
read_liberty /root/pact-deps/OpenROAD-flow-scripts/flow/platforms/nangate45/lib/NangateOpenCellLibrary_typical.lib
read_db /mnt/c/Users/Abhinav/OneDrive/Desktop/PACT/PACT/results/phase2c_repair_multiseed/raw/orfs/results/nangate45/s15850/phase2c_s13_239ff0f69b2e/4_cts.odb
read_sdc /mnt/c/Users/Abhinav/OneDrive/Desktop/PACT/PACT/results/phase2c_repair_multiseed/raw/orfs/results/nangate45/s15850/phase2c_s13_239ff0f69b2e/4_cts.sdc
source /root/pact-deps/OpenROAD-flow-scripts/flow/platforms/nangate45/setRC.tcl
pin_access
[INFO DRT-0149] Reading tech and libs.

Units:                2000
Number of layers:     21
Number of macros:     135
Number of vias:       33
Number of viarulegen: 19

[INFO DRT-0150] Reading design.

Design:                   s15850
Die area:                 ( 0 0 ) ( 295060 295060 )
Number of track patterns: 20
Number of DEF vias:       0
Number of components:     5391
Number of terminals:      235
Number of snets:          2
Number of nets:           5145

[INFO DRT-0167] List of default vias:
  Layer via2
    default via: via2_5
  Layer via3
    default via: via3_2
  Layer via4
    default via: via4_0
  Layer via5
    default via: via5_0
  Layer via6
    default via: via6_0
  Layer via7
    default via: via7_0
  Layer via8
    default via: via8_0
  Layer via9
    default via: via9_0
[INFO DRT-0162] Library cell analysis.
[INFO DRT-0163] Instance analysis.
[INFO DRT-0164] Number of unique instances = 57.
[INFO DRT-0168] Init region query.
[INFO DRT-0024]   Complete active.
[INFO DRT-0024]   Complete Fr_VIA.
[INFO DRT-0024]   Complete metal1.
[INFO DRT-0024]   Complete via1.
[INFO DRT-0024]   Complete metal2.
[INFO DRT-0024]   Complete via2.
[INFO DRT-0024]   Complete metal3.
[INFO DRT-0024]   Complete via3.
[INFO DRT-0024]   Complete metal4.
[INFO DRT-0024]   Complete via4.
[INFO DRT-0024]   Complete metal5.
[INFO DRT-0024]   Complete via5.
[INFO DRT-0024]   Complete metal6.
[INFO DRT-0024]   Complete via6.
[INFO DRT-0024]   Complete metal7.
[INFO DRT-0024]   Complete via7.
[INFO DRT-0024]   Complete metal8.
[INFO DRT-0024]   Complete via8.
[INFO DRT-0024]   Complete metal9.
[INFO DRT-0024]   Complete via9.
[INFO DRT-0024]   Complete metal10.
[INFO DRT-0033] active shape region query size = 0.
[INFO DRT-0033] FR_VIA shape region query size = 0.
[INFO DRT-0033] metal1 shape region query size = 88246.
[INFO DRT-0033] via1 shape region query size = 936.
[INFO DRT-0033] metal2 shape region query size = 624.
[INFO DRT-0033] via2 shape region query size = 936.
[INFO DRT-0033] metal3 shape region query size = 624.
[INFO DRT-0033] via3 shape region query size = 936.
[INFO DRT-0033] metal4 shape region query size = 348.
[INFO DRT-0033] via4 shape region query size = 300.
[INFO DRT-0033] metal5 shape region query size = 136.
[INFO DRT-0033] via5 shape region query size = 300.
[INFO DRT-0033] metal6 shape region query size = 217.
[INFO DRT-0033] via6 shape region query size = 120.
[INFO DRT-0033] metal7 shape region query size = 50.
[INFO DRT-0033] via7 shape region query size = 0.
[INFO DRT-0033] metal8 shape region query size = 0.
[INFO DRT-0033] via8 shape region query size = 0.
[INFO DRT-0033] metal9 shape region query size = 0.
[INFO DRT-0033] via9 shape region query size = 0.
[INFO DRT-0033] metal10 shape region query size = 0.
[INFO DRT-0165] Start pin access.
[INFO DRT-0078]   Complete 292 pins.
[INFO DRT-0081]   Complete 57 unique inst patterns.
[INFO DRT-0084]   Complete 3148 groups.
#scanned instances     = 5391
#unique  instances     = 57
#stdCellGenAp          = 1307
#stdCellValidPlanarAp  = 0
#stdCellValidViaAp     = 1013
#stdCellPinNoAp        = 0
#stdCellPinCnt         = 15558
#instTermValidViaApCnt = 0
#macroGenAp            = 0
#macroValidPlanarAp    = 0
#macroValidViaAp       = 0
#macroNoAp             = 0
[INFO DRT-0166] Complete pin access.
[INFO DRT-0267] cpu time = 00:00:51, elapsed time = 00:00:15, memory = 128.09 (MB), peak = 127.70 (MB)
Took 16 seconds: pin_access
set_global_routing_random -seed 13
global_route -congestion_report_file /mnt/c/Users/Abhinav/OneDrive/Desktop/PACT/PACT/results/phase2c_repair_multiseed/raw/orfs/reports/nangate45/s15850/phase2c_s13_239ff0f69b2e/congestion.rpt -congestion_iterations 30 -congestion_report_iter_step 5 -verbose
[INFO GRT-0020] Min routing layer: metal2
[INFO GRT-0021] Max routing layer: metal10
[INFO GRT-0022] Global adjustment: 0%
[INFO GRT-0023] Grid origin: (0, 0)
[INFO GRT-0088] Layer metal1  Track-Pitch = 0.1400  line-2-Via Pitch: 0.1350
[INFO GRT-0088] Layer metal2  Track-Pitch = 0.1900  line-2-Via Pitch: 0.1400
[INFO GRT-0088] Layer metal3  Track-Pitch = 0.1400  line-2-Via Pitch: 0.1400
[INFO GRT-0088] Layer metal4  Track-Pitch = 0.2800  line-2-Via Pitch: 0.2800
[INFO GRT-0088] Layer metal5  Track-Pitch = 0.2800  line-2-Via Pitch: 0.2800
[INFO GRT-0088] Layer metal6  Track-Pitch = 0.2800  line-2-Via Pitch: 0.2800
[INFO GRT-0088] Layer metal7  Track-Pitch = 0.8000  line-2-Via Pitch: 0.8000
[INFO GRT-0088] Layer metal8  Track-Pitch = 0.8000  line-2-Via Pitch: 0.8000
[INFO GRT-0088] Layer metal9  Track-Pitch = 1.6000  line-2-Via Pitch: 1.6000
[INFO GRT-0088] Layer metal10 Track-Pitch = 1.6000  line-2-Via Pitch: 1.6000
[INFO GRT-0003] Macros: 0
[INFO GRT-0004] Blockages: 0
[INFO GRT-0019] Found 94 clock nets.
[INFO GRT-0001] Minimum degree: 2
[INFO GRT-0002] Maximum degree: 59

[INFO GRT-0053] Routing resources analysis:
          Routing      Original      Derated      Resource
Layer     Direction    Resources     Resources    Reduction (%)
---------------------------------------------------------------
metal1     Horizontal          0             0          0.00%
metal2     Vertical        37850         17800          52.97%
metal3     Horizontal      52431         25727          50.93%
metal4     Vertical        25700         18200          29.18%
metal5     Horizontal      26215         18494          29.45%
metal6     Vertical        26282         18557          29.39%
metal7     Horizontal       8100          5750          29.01%
metal8     Vertical         9200          6600          28.26%
metal9     Horizontal       4550          2550          43.96%
metal10    Vertical         4550          2550          43.96%
---------------------------------------------------------------

[INFO GRT-0197] Via related to pin nodes: 29718
[INFO GRT-0198] Via related Steiner nodes: 783
[INFO GRT-0199] Via filling finished.
[INFO GRT-0111] Final number of vias: 39069
[INFO GRT-0112] Final usage 3D: 145252

[INFO GRT-0096] Final congestion report:
Layer         Resource        Demand        Usage (%)    Max H / Max V / Total Overflow
---------------------------------------------------------------------------------------
metal1               0             0            0.00%             0 /  0 /  0
metal2           17800          9940           55.84%             0 /  0 /  0
metal3           25727         11280           43.84%             0 /  0 /  0
metal4           18200          3875           21.29%             0 /  0 /  0
metal5           18494          2015           10.90%             0 /  0 /  0
metal6           18557           866            4.67%             0 /  0 /  0
metal7            5750            69            1.20%             0 /  0 /  0
metal8            6600             0            0.00%             0 /  0 /  0
metal9            2550             0            0.00%             0 /  0 /  0
metal10           2550             0            0.00%             0 /  0 /  0
---------------------------------------------------------------------------------------
Total           116228         28045           24.13%             0 /  0 /  0

[INFO GRT-0018] Total wirelength: 118728 um
[INFO GRT-0014] Routed nets: 5145
[INFO GRT-0303] Global routing runtime = 00:00:00
estimate_parasitics -global_routing
Perform buffer insertion and gate resizing...
repair_design -verbose
Iteration |   Area    | Resized | Buffers | Nets repaired | Remaining
---------------------------------------------------------------------
        0 |     +0.0% |       0 |       0 |             0 |      5748
     1000 |     +0.0% |       0 |       0 |             0 |      4748
     2000 |     +0.0% |       0 |       0 |             0 |      3748
     3000 |     +0.0% |       0 |       0 |             0 |      2748
     4000 |     +0.0% |       0 |       0 |             0 |      1748
     5000 |     +0.0% |       0 |       0 |             0 |       748
    final |     +0.0% |       0 |       0 |             0 |         0
---------------------------------------------------------------------
global_route -start_incremental
detailed_placement
[INFO DPL-0006] Core area: 20959.47 um^2, Instances area: 7619.30 um^2, Utilization: 36.4%
[INFO DPL-0005] Diamond search max displacement: +/- 500 sites horizontally, +/- 100 rows vertically.
[INFO DPL-1101] Legalizing using diamond search.
Movements Summary
---------------------------------------
Total cells:                    5133
Diamond Move Success:           5133 (100.00%)
Diamond Move Failure:              0
Rip-up and replace Success:        0 (  0.00% of diamond failures)
Rip-up and replace Failure:        0
Total Placement Failures:          0
---------------------------------------
Placement Analysis
---------------------------------
total displacement          0.0 u
average displacement        0.0 u
max displacement            0.0 u
original HPWL           72222.8 u
legalized HPWL          72222.8 u
delta HPWL                    0 %

global_route -end_incremental -congestion_report_file /mnt/c/Users/Abhinav/OneDrive/Desktop/PACT/PACT/results/phase2c_repair_multiseed/raw/orfs/reports/nangate45/s15850/phase2c_s13_239ff0f69b2e/congestion_post_repair_design.rpt
Repair setup and hold violations...
estimate_parasitics -global_routing
repair_timing -setup_margin 0 -hold_margin 0 -repair_tns 100 -verbose
[INFO RSZ-0100] Repair move sequence: UnbufferMove SizeUpMove SwapPinsMove BufferMove CloneMove SplitLoadMove 
[INFO RSZ-0098] No setup violations found
[INFO RSZ-0046] Found 1 endpoints with hold violations.
Iteration | Resized | Buffers | Cloned Gates |   Area   |   WNS   |   TNS   | Endpoint
--------------------------------------------------------------------------------------
        0 |       0 |       0 |            0 |    +0.0% |  -0.000 |  -0.000 | U_g26/D
    final |       0 |       1 |            0 |    +0.0% |   0.000 |   0.000 | U_g12/D
--------------------------------------------------------------------------------------
[INFO RSZ-0032] Inserted 1 hold buffers.
global_route -start_incremental
detailed_placement
[INFO DPL-0006] Core area: 20959.47 um^2, Instances area: 7620.10 um^2, Utilization: 36.4%
[INFO DPL-0005] Diamond search max displacement: +/- 500 sites horizontally, +/- 100 rows vertically.
[INFO DPL-1101] Legalizing using diamond search.
Movements Summary
---------------------------------------
Total cells:                    5134
Diamond Move Success:           5134 (100.00%)
Diamond Move Failure:              0
Rip-up and replace Success:        0 (  0.00% of diamond failures)
Rip-up and replace Failure:        0
Total Placement Failures:          0
---------------------------------------
Placement Analysis
---------------------------------
total displacement          2.7 u
average displacement        0.0 u
max displacement            1.6 u
original HPWL           72223.1 u
legalized HPWL          72225.7 u
delta HPWL                    0 %

check_placement -verbose
global_route -end_incremental -congestion_report_file /mnt/c/Users/Abhinav/OneDrive/Desktop/PACT/PACT/results/phase2c_repair_multiseed/raw/orfs/reports/nangate45/s15850/phase2c_s13_239ff0f69b2e/congestion_post_repair_timing.rpt
estimate_parasitics -global_routing
global_route -start_incremental
global_route -end_incremental -congestion_report_file /mnt/c/Users/Abhinav/OneDrive/Desktop/PACT/PACT/results/phase2c_repair_multiseed/raw/orfs/reports/nangate45/s15850/phase2c_s13_239ff0f69b2e/congestion_post_recover_power.rpt
Repair antennas...
[WARNING GRT-0246] No diode with LEF class CORE ANTENNACELL found.
[INFO ANT-0002] Found 0 net violations.
[INFO ANT-0001] Found 0 pin violations.
Estimate parasitics...
estimate_parasitics -global_routing
Report metrics stage 5, global route...

==========================================================================
global route report_design_area
--------------------------------------------------------------------------
Design area 7620 um^2 36% utilization.
[INFO FLW-0007] clock clk period 10.000000
[INFO FLW-0008] Clock clk period 1.809
[INFO FLW-0009] Clock clk slack 8.095
write_sdc -no_timestamp /mnt/c/Users/Abhinav/OneDrive/Desktop/PACT/PACT/results/phase2c_repair_multiseed/raw/orfs/results/nangate45/s15850/phase2c_s13_239ff0f69b2e/updated_clks.sdc
[INFO FLW-0011] Path endpoint path count 2357
write_db /mnt/c/Users/Abhinav/OneDrive/Desktop/PACT/PACT/results/phase2c_repair_multiseed/raw/orfs/results/nangate45/s15850/phase2c_s13_239ff0f69b2e/5_1_grt.odb
write_sdc -no_timestamp /mnt/c/Users/Abhinav/OneDrive/Desktop/PACT/PACT/results/phase2c_repair_multiseed/raw/orfs/results/nangate45/s15850/phase2c_s13_239ff0f69b2e/5_1_grt.sdc
Elapsed time: 0:28.78[h:]min:sec. CPU time: user 65.90 sys 2.56 (237%). Peak memory: 349876KB.
Log                       Ext     Elapsed/s Peak Memory/MB sha1sum result [0:20)
5_1_grt                   .odb           28            341 149dd06fe23f96d389e0
5_1_grt                   .sdc                             36c09dc3d049996e100f
