OpenROAD 26Q2-1164-g08f67ee5ec 
Features included (+) or not (-): +GPU +GUI +Python
This program is licensed under the BSD-3 license. See the LICENSE file for details.
Components of this program may be licensed under more restrictive licenses which must be honored.
[INFO ORD-0030] Using 4 thread(s).
read_liberty /root/pact-deps/OpenROAD-flow-scripts/flow/platforms/nangate45/lib/NangateOpenCellLibrary_typical.lib
read_db /mnt/c/Users/Abhinav/OneDrive/Desktop/PACT/PACT/results/phase2c_repair_multiseed/raw/orfs/results/nangate45/s15850/phase2c_s13_239ff0f69b2e/5_1_grt.odb
read_sdc /mnt/c/Users/Abhinav/OneDrive/Desktop/PACT/PACT/results/phase2c_repair_multiseed/raw/orfs/results/nangate45/s15850/phase2c_s13_239ff0f69b2e/5_1_grt.sdc
source /root/pact-deps/OpenROAD-flow-scripts/flow/platforms/nangate45/setRC.tcl
detailed_route -output_drc /mnt/c/Users/Abhinav/OneDrive/Desktop/PACT/PACT/results/phase2c_repair_multiseed/raw/orfs/reports/nangate45/s15850/phase2c_s13_239ff0f69b2e/5_route_drc.rpt -output_maze /mnt/c/Users/Abhinav/OneDrive/Desktop/PACT/PACT/results/phase2c_repair_multiseed/raw/orfs/results/nangate45/s15850/phase2c_s13_239ff0f69b2e/maze.log -droute_end_iter 64 -verbose 1 -drc_report_iter_step 5
[INFO DRT-0149] Reading tech and libs.

Units:                2000
Number of layers:     21
Number of macros:     135
Number of vias:       33
Number of viarulegen: 19

[INFO DRT-0150] Reading design.

Design:                   s15850
Die area:                 ( 0 0 ) ( 295060 295060 )
Number of track patterns: 20
Number of DEF vias:       0
Number of components:     5392
Number of terminals:      235
Number of snets:          2
Number of nets:           5146

[INFO DRT-0167] List of default vias:
  Layer via2
    default via: via2_5
  Layer via3
    default via: via3_2
  Layer via4
    default via: via4_0
  Layer via5
    default via: via5_0
  Layer via6
    default via: via6_0
  Layer via7
    default via: via7_0
  Layer via8
    default via: via8_0
  Layer via9
    default via: via9_0
[INFO DRT-0162] Library cell analysis.
[INFO DRT-0163] Instance analysis.
[INFO DRT-0164] Number of unique instances = 57.
[INFO DRT-0168] Init region query.
[INFO DRT-0024]   Complete active.
[INFO DRT-0024]   Complete Fr_VIA.
[INFO DRT-0024]   Complete metal1.
[INFO DRT-0024]   Complete via1.
[INFO DRT-0024]   Complete metal2.
[INFO DRT-0024]   Complete via2.
[INFO DRT-0024]   Complete metal3.
[INFO DRT-0024]   Complete via3.
[INFO DRT-0024]   Complete metal4.
[INFO DRT-0024]   Complete via4.
[INFO DRT-0024]   Complete metal5.
[INFO DRT-0024]   Complete via5.
[INFO DRT-0024]   Complete metal6.
[INFO DRT-0024]   Complete via6.
[INFO DRT-0024]   Complete metal7.
[INFO DRT-0024]   Complete via7.
[INFO DRT-0024]   Complete metal8.
[INFO DRT-0024]   Complete via8.
[INFO DRT-0024]   Complete metal9.
[INFO DRT-0024]   Complete via9.
[INFO DRT-0024]   Complete metal10.
[INFO DRT-0033] active shape region query size = 0.
[INFO DRT-0033] FR_VIA shape region query size = 0.
[INFO DRT-0033] metal1 shape region query size = 88257.
[INFO DRT-0033] via1 shape region query size = 936.
[INFO DRT-0033] metal2 shape region query size = 624.
[INFO DRT-0033] via2 shape region query size = 936.
[INFO DRT-0033] metal3 shape region query size = 624.
[INFO DRT-0033] via3 shape region query size = 936.
[INFO DRT-0033] metal4 shape region query size = 348.
[INFO DRT-0033] via4 shape region query size = 300.
[INFO DRT-0033] metal5 shape region query size = 136.
[INFO DRT-0033] via5 shape region query size = 300.
[INFO DRT-0033] metal6 shape region query size = 217.
[INFO DRT-0033] via6 shape region query size = 120.
[INFO DRT-0033] metal7 shape region query size = 50.
[INFO DRT-0033] via7 shape region query size = 0.
[INFO DRT-0033] metal8 shape region query size = 0.
[INFO DRT-0033] via8 shape region query size = 0.
[INFO DRT-0033] metal9 shape region query size = 0.
[INFO DRT-0033] via9 shape region query size = 0.
[INFO DRT-0033] metal10 shape region query size = 0.
[INFO DRT-0165] Start pin access.
[INFO DRT-0078]   Complete 292 pins.
[INFO DRT-0081]   Complete 57 unique inst patterns.
[INFO DRT-0084]   Complete 3148 groups.
#scanned instances     = 5392
#unique  instances     = 57
#stdCellGenAp          = 1307
#stdCellValidPlanarAp  = 0
#stdCellValidViaAp     = 1013
#stdCellPinNoAp        = 0
#stdCellPinCnt         = 15560
#instTermValidViaApCnt = 0
#macroGenAp            = 0
#macroValidPlanarAp    = 0
#macroValidViaAp       = 0
#macroNoAp             = 0
[INFO DRT-0166] Complete pin access.
[INFO DRT-0267] cpu time = 00:00:51, elapsed time = 00:00:17, memory = 283.70 (MB), peak = 283.38 (MB)

[INFO DRT-0157] Number of guides:     43374

[INFO DRT-0169] Post process guides.
[INFO DRT-0176] GCELLGRID X 0 DO 51 STEP 5700 ;
[INFO DRT-0177] GCELLGRID Y 0 DO 51 STEP 5700 ;
[INFO DRT-0028]   Complete active.
[INFO DRT-0028]   Complete Fr_VIA.
[INFO DRT-0028]   Complete metal1.
[INFO DRT-0028]   Complete via1.
[INFO DRT-0028]   Complete metal2.
[INFO DRT-0028]   Complete via2.
[INFO DRT-0028]   Complete metal3.
[INFO DRT-0028]   Complete via3.
[INFO DRT-0028]   Complete metal4.
[INFO DRT-0028]   Complete via4.
[INFO DRT-0028]   Complete metal5.
[INFO DRT-0028]   Complete via5.
[INFO DRT-0028]   Complete metal6.
[INFO DRT-0028]   Complete via6.
[INFO DRT-0028]   Complete metal7.
[INFO DRT-0028]   Complete via7.
[INFO DRT-0028]   Complete metal8.
[INFO DRT-0028]   Complete via8.
[INFO DRT-0028]   Complete metal9.
[INFO DRT-0028]   Complete via9.
[INFO DRT-0028]   Complete metal10.
[INFO DRT-0178] Init guide query.
[INFO DRT-0035]   Complete active (guide).
[INFO DRT-0035]   Complete Fr_VIA (guide).
[INFO DRT-0035]   Complete metal1 (guide).
[INFO DRT-0035]   Complete via1 (guide).
[INFO DRT-0035]   Complete metal2 (guide).
[INFO DRT-0035]   Complete via2 (guide).
[INFO DRT-0035]   Complete metal3 (guide).
[INFO DRT-0035]   Complete via3 (guide).
[INFO DRT-0035]   Complete metal4 (guide).
[INFO DRT-0035]   Complete via4 (guide).
[INFO DRT-0035]   Complete metal5 (guide).
[INFO DRT-0035]   Complete via5 (guide).
[INFO DRT-0035]   Complete metal6 (guide).
[INFO DRT-0035]   Complete via6 (guide).
[INFO DRT-0035]   Complete metal7 (guide).
[INFO DRT-0035]   Complete via7 (guide).
[INFO DRT-0035]   Complete metal8 (guide).
[INFO DRT-0035]   Complete via8 (guide).
[INFO DRT-0035]   Complete metal9 (guide).
[INFO DRT-0035]   Complete via9 (guide).
[INFO DRT-0035]   Complete metal10 (guide).
[INFO DRT-0036] active guide region query size = 0.
[INFO DRT-0036] FR_VIA guide region query size = 0.
[INFO DRT-0036] metal1 guide region query size = 13847.
[INFO DRT-0036] via1 guide region query size = 0.
[INFO DRT-0036] metal2 guide region query size = 12696.
[INFO DRT-0036] via2 guide region query size = 0.
[INFO DRT-0036] metal3 guide region query size = 7250.
[INFO DRT-0036] via3 guide region query size = 0.
[INFO DRT-0036] metal4 guide region query size = 1362.
[INFO DRT-0036] via4 guide region query size = 0.
[INFO DRT-0036] metal5 guide region query size = 606.
[INFO DRT-0036] via5 guide region query size = 0.
[INFO DRT-0036] metal6 guide region query size = 226.
[INFO DRT-0036] via6 guide region query size = 0.
[INFO DRT-0036] metal7 guide region query size = 4.
[INFO DRT-0036] via7 guide region query size = 0.
[INFO DRT-0036] metal8 guide region query size = 0.
[INFO DRT-0036] via8 guide region query size = 0.
[INFO DRT-0036] metal9 guide region query size = 0.
[INFO DRT-0036] via9 guide region query size = 0.
[INFO DRT-0036] metal10 guide region query size = 0.
[INFO DRT-0179] Init gr pin query.
[INFO DRT-0267] cpu time = 00:00:00, elapsed time = 00:00:00, memory = 299.62 (MB), peak = 299.25 (MB)
[INFO DRT-0245] skipped writing guide updates to database.
[INFO DRT-0181] Start track assignment.
[INFO DRT-0184] Done with 14284 vertical wires in 2 frboxes and 21707 horizontal wires in 2 frboxes.
[INFO DRT-0186] Done with 3943 vertical wires in 2 frboxes and 4930 horizontal wires in 2 frboxes.
[INFO DRT-0182] Complete track assignment.
[INFO DRT-0267] cpu time = 00:00:04, elapsed time = 00:00:05, memory = 375.15 (MB), peak = 374.75 (MB)
[INFO DRT-0187] Start routing data preparation.
[INFO DRT-0267] cpu time = 00:00:00, elapsed time = 00:00:00, memory = 375.15 (MB), peak = 374.75 (MB)
[INFO DRT-0194] Start detail routing.
[INFO DRT-0195] Start 0th optimization iteration.
    Completing 10% with 0 violations.
    elapsed time = 00:00:04, memory = 432.35 (MB).
    Completing 20% with 0 violations.
    elapsed time = 00:00:08, memory = 467.84 (MB).
    Completing 30% with 141 violations.
    elapsed time = 00:00:13, memory = 519.73 (MB).
    Completing 40% with 141 violations.
    elapsed time = 00:00:18, memory = 504.83 (MB).
    Completing 50% with 141 violations.
    elapsed time = 00:00:23, memory = 531.46 (MB).
    Completing 60% with 265 violations.
    elapsed time = 00:00:28, memory = 548.95 (MB).
    Completing 70% with 265 violations.
    elapsed time = 00:00:29, memory = 552.29 (MB).
    Completing 80% with 401 violations.
    elapsed time = 00:00:33, memory = 569.80 (MB).
    Completing 90% with 401 violations.
    elapsed time = 00:00:42, memory = 573.96 (MB).
    Completing 100% with 553 violations.
    elapsed time = 00:00:45, memory = 548.28 (MB).
[INFO DRT-0199]   Number of violations = 816.
Viol/Layer      metal1 metal2   via2 metal3   via3 metal4   via4 metal5 metal7
Cut Spacing          0      0      2      0      0      0      1      0      0
Metal Spacing        0     40      0      7      0      1      0      1      0
Recheck              1    145      0    103      0     11      0      1      2
Short                0    433      3     58      1      4      0      0      2
[INFO DRT-0267] cpu time = 00:01:43, elapsed time = 00:00:46, memory = 1028.47 (MB), peak = 1028.15 (MB)
Total wire length = 82148 um.
Total wire length on LAYER metal1 = 0 um.
Total wire length on LAYER metal2 = 29725 um.
Total wire length on LAYER metal3 = 33692 um.
Total wire length on LAYER metal4 = 10615 um.
Total wire length on LAYER metal5 = 5331 um.
Total wire length on LAYER metal6 = 2603 um.
Total wire length on LAYER metal7 = 180 um.
Total wire length on LAYER metal8 = 0 um.
Total wire length on LAYER metal9 = 0 um.
Total wire length on LAYER metal10 = 0 um.
Total number of vias = 35247.
Up-via summary (total 35247):

----------------
 active        0
 metal1    15660
 metal2    16676
 metal3     1819
 metal4      796
 metal5      288
 metal6        8
 metal7        0
 metal8        0
 metal9        0
----------------
       35247


[INFO DRT-0195] Start 1st optimization iteration.
    Completing 10% with 816 violations.
    elapsed time = 00:00:03, memory = 1028.47 (MB).
    Completing 20% with 816 violations.
    elapsed time = 00:00:08, memory = 1028.47 (MB).
    Completing 30% with 646 violations.
    elapsed time = 00:00:11, memory = 1028.47 (MB).
    Completing 40% with 646 violations.
    elapsed time = 00:00:15, memory = 1028.47 (MB).
    Completing 50% with 646 violations.
    elapsed time = 00:00:22, memory = 1028.47 (MB).
    Completing 60% with 458 violations.
    elapsed time = 00:00:27, memory = 1028.47 (MB).
    Completing 70% with 458 violations.
    elapsed time = 00:00:31, memory = 1028.47 (MB).
    Completing 80% with 363 violations.
    elapsed time = 00:00:38, memory = 1028.47 (MB).
    Completing 90% with 363 violations.
    elapsed time = 00:00:42, memory = 1028.47 (MB).
    Completing 100% with 199 violations.
    elapsed time = 00:00:46, memory = 1028.47 (MB).
[INFO DRT-0199]   Number of violations = 199.
Viol/Layer      metal2   via2 metal3
Cut Spacing          0      1      0
Metal Spacing       29      0      3
Short              161      0      5
[INFO DRT-0267] cpu time = 00:01:35, elapsed time = 00:00:47, memory = 1031.47 (MB), peak = 1031.15 (MB)
Total wire length = 81671 um.
Total wire length on LAYER metal1 = 0 um.
Total wire length on LAYER metal2 = 29522 um.
Total wire length on LAYER metal3 = 33521 um.
Total wire length on LAYER metal4 = 10570 um.
Total wire length on LAYER metal5 = 5267 um.
Total wire length on LAYER metal6 = 2599 um.
Total wire length on LAYER metal7 = 190 um.
Total wire length on LAYER metal8 = 0 um.
Total wire length on LAYER metal9 = 0 um.
Total wire length on LAYER metal10 = 0 um.
Total number of vias = 34931.
Up-via summary (total 34931):

----------------
 active        0
 metal1    15660
 metal2    16385
 metal3     1812
 metal4      784
 metal5      282
 metal6        8
 metal7        0
 metal8        0
 metal9        0
----------------
       34931


[INFO DRT-0195] Start 2nd optimization iteration.
    Completing 10% with 199 violations.
    elapsed time = 00:00:00, memory = 1031.47 (MB).
    Completing 20% with 199 violations.
    elapsed time = 00:00:04, memory = 1031.47 (MB).
    Completing 30% with 199 violations.
    elapsed time = 00:00:08, memory = 1031.47 (MB).
    Completing 40% with 199 violations.
    elapsed time = 00:00:15, memory = 1031.47 (MB).
    Completing 50% with 199 violations.
    elapsed time = 00:00:19, memory = 1031.47 (MB).
    Completing 60% with 183 violations.
    elapsed time = 00:00:23, memory = 1061.28 (MB).
    Completing 70% with 183 violations.
    elapsed time = 00:00:25, memory = 1058.21 (MB).
    Completing 80% with 180 violations.
    elapsed time = 00:00:31, memory = 1031.47 (MB).
    Completing 90% with 180 violations.
    elapsed time = 00:00:37, memory = 1031.47 (MB).
    Completing 100% with 150 violations.
    elapsed time = 00:00:41, memory = 1031.47 (MB).
[INFO DRT-0199]   Number of violations = 150.
Viol/Layer      metal2 metal3
Metal Spacing       48      1
Short               94      7
[INFO DRT-0267] cpu time = 00:01:23, elapsed time = 00:00:41, memory = 1034.47 (MB), peak = 1087.65 (MB)
Total wire length = 81596 um.
Total wire length on LAYER metal1 = 0 um.
Total wire length on LAYER metal2 = 29433 um.
Total wire length on LAYER metal3 = 33550 um.
Total wire length on LAYER metal4 = 10570 um.
Total wire length on LAYER metal5 = 5272 um.
Total wire length on LAYER metal6 = 2579 um.
Total wire length on LAYER metal7 = 190 um.
Total wire length on LAYER metal8 = 0 um.
Total wire length on LAYER metal9 = 0 um.
Total wire length on LAYER metal10 = 0 um.
Total number of vias = 34873.
Up-via summary (total 34873):

----------------
 active        0
 metal1    15655
 metal2    16350
 metal3     1796
 metal4      785
 metal5      279
 metal6        8
 metal7        0
 metal8        0
 metal9        0
----------------
       34873


[INFO DRT-0195] Start 3rd optimization iteration.
    Completing 10% with 150 violations.
    elapsed time = 00:00:01, memory = 1034.47 (MB).
    Completing 20% with 150 violations.
    elapsed time = 00:00:02, memory = 1034.47 (MB).
    Completing 30% with 129 violations.
    elapsed time = 00:00:03, memory = 1034.47 (MB).
    Completing 40% with 129 violations.
    elapsed time = 00:00:07, memory = 1034.47 (MB).
    Completing 50% with 129 violations.
    elapsed time = 00:00:09, memory = 1034.47 (MB).
    Completing 60% with 85 violations.
    elapsed time = 00:00:11, memory = 1034.47 (MB).
    Completing 70% with 85 violations.
    elapsed time = 00:00:12, memory = 1034.47 (MB).
    Completing 80% with 67 violations.
    elapsed time = 00:00:18, memory = 1034.47 (MB).
    Completing 90% with 67 violations.
    elapsed time = 00:00:21, memory = 1034.47 (MB).
    Completing 100% with 4 violations.
    elapsed time = 00:00:22, memory = 1034.47 (MB).
[INFO DRT-0199]   Number of violations = 4.
Viol/Layer      metal2
Metal Spacing        1
Short                3
[INFO DRT-0267] cpu time = 00:00:40, elapsed time = 00:00:23, memory = 1034.47 (MB), peak = 1087.65 (MB)
Total wire length = 81587 um.
Total wire length on LAYER metal1 = 0 um.
Total wire length on LAYER metal2 = 29226 um.
Total wire length on LAYER metal3 = 33592 um.
Total wire length on LAYER metal4 = 10727 um.
Total wire length on LAYER metal5 = 5270 um.
Total wire length on LAYER metal6 = 2579 um.
Total wire length on LAYER metal7 = 190 um.
Total wire length on LAYER metal8 = 0 um.
Total wire length on LAYER metal9 = 0 um.
Total wire length on LAYER metal10 = 0 um.
Total number of vias = 35023.
Up-via summary (total 35023):

----------------
 active        0
 metal1    15654
 metal2    16439
 metal3     1858
 metal4      785
 metal5      279
 metal6        8
 metal7        0
 metal8        0
 metal9        0
----------------
       35023


[INFO DRT-0195] Start 4th guides tiles iteration.
    Completing 30% with 4 violations.
    elapsed time = 00:00:00, memory = 1034.47 (MB).
    Completing 60% with 4 violations.
    elapsed time = 00:00:00, memory = 1034.47 (MB).
    Completing 100% with 0 violations.
    elapsed time = 00:00:00, memory = 1034.47 (MB).
[INFO DRT-0199]   Number of violations = 0.
[INFO DRT-0267] cpu time = 00:00:00, elapsed time = 00:00:00, memory = 1034.47 (MB), peak = 1087.65 (MB)
Total wire length = 81586 um.
Total wire length on LAYER metal1 = 0 um.
Total wire length on LAYER metal2 = 29225 um.
Total wire length on LAYER metal3 = 33592 um.
Total wire length on LAYER metal4 = 10728 um.
Total wire length on LAYER metal5 = 5270 um.
Total wire length on LAYER metal6 = 2579 um.
Total wire length on LAYER metal7 = 190 um.
Total wire length on LAYER metal8 = 0 um.
Total wire length on LAYER metal9 = 0 um.
Total wire length on LAYER metal10 = 0 um.
Total number of vias = 35023.
Up-via summary (total 35023):

----------------
 active        0
 metal1    15654
 metal2    16439
 metal3     1858
 metal4      785
 metal5      279
 metal6        8
 metal7        0
 metal8        0
 metal9        0
----------------
       35023


[INFO DRT-0198] Complete detail routing.
Total wire length = 81586 um.
Total wire length on LAYER metal1 = 0 um.
Total wire length on LAYER metal2 = 29225 um.
Total wire length on LAYER metal3 = 33592 um.
Total wire length on LAYER metal4 = 10728 um.
Total wire length on LAYER metal5 = 5270 um.
Total wire length on LAYER metal6 = 2579 um.
Total wire length on LAYER metal7 = 190 um.
Total wire length on LAYER metal8 = 0 um.
Total wire length on LAYER metal9 = 0 um.
Total wire length on LAYER metal10 = 0 um.
Total number of vias = 35023.
Up-via summary (total 35023):

----------------
 active        0
 metal1    15654
 metal2    16439
 metal3     1858
 metal4      785
 metal5      279
 metal6        8
 metal7        0
 metal8        0
 metal9        0
----------------
       35023


[INFO DRT-0267] cpu time = 00:05:24, elapsed time = 00:02:39, memory = 1034.59 (MB), peak = 1087.65 (MB)

[INFO DRT-0180] Post processing.
Took 182 seconds: detailed_route -output_drc /mnt/c/Users/Abhinav/OneDrive/Desktop/PACT/PACT/results/phase2c_repair_multiseed/raw/orfs/reports/nangate45/s15850/phase2c_s13_239ff0f69b2e/5_route_drc.rpt -output_maze /mnt/c/Users/Abhinav/OneDrive/Desktop/PACT/PACT/results/phase2c_repair_multiseed/raw/orfs/results/nangate45/s15850/phase2c_s13_239ff0f69b2e/maze.log -droute_end_iter 64 -verbose 1 -drc_report_iter_step 5
[WARNING GRT-0246] No diode with LEF class CORE ANTENNACELL found.
[INFO ANT-0002] Found 0 net violations.
[INFO ANT-0001] Found 0 pin violations.
[INFO ANT-0002] Found 0 net violations.
[INFO ANT-0001] Found 0 pin violations.
Design area 7620 um^2 36% utilization.
write_db /mnt/c/Users/Abhinav/OneDrive/Desktop/PACT/PACT/results/phase2c_repair_multiseed/raw/orfs/results/nangate45/s15850/phase2c_s13_239ff0f69b2e/5_2_route.odb
Elapsed time: 3:12.59[h:]min:sec. CPU time: user 387.23 sys 2.99 (202%). Peak memory: 1113752KB.
Log                       Ext     Elapsed/s Peak Memory/MB sha1sum result [0:20)
5_2_route                 .odb          192           1087 c73033faceff8c6cf3dc
