OpenROAD 26Q2-1164-g08f67ee5ec 
Features included (+) or not (-): +GPU +GUI +Python
This program is licensed under the BSD-3 license. See the LICENSE file for details.
Components of this program may be licensed under more restrictive licenses which must be honored.
[INFO ORD-0030] Using 2 thread(s).
mkdir -p /mnt/c/Users/Abhinav/OneDrive/Desktop/PACT/PACT/results/phase2d_independent_gp/orfs/objects/nangate45/s15850/phase2d_gp29
/root/pact-deps/OpenROAD-flow-scripts/flow/scripts/flow.sh 3_1_place_gp_skip_io global_place_skip_io
Running global_place_skip_io.tcl, stage 3_1_place_gp_skip_io
read_liberty /root/pact-deps/OpenROAD-flow-scripts/flow/platforms/nangate45/lib/NangateOpenCellLibrary_typical.lib
read_db /mnt/c/Users/Abhinav/OneDrive/Desktop/PACT/PACT/results/phase2d_independent_gp/orfs/results/nangate45/s15850/phase2d_gp29/2_floorplan.odb
read_sdc /mnt/c/Users/Abhinav/OneDrive/Desktop/PACT/PACT/results/phase2d_independent_gp/orfs/results/nangate45/s15850/phase2d_gp29/2_floorplan.sdc
source /root/pact-deps/OpenROAD-flow-scripts/flow/platforms/nangate45/setRC.tcl
source /mnt/c/Users/Abhinav/OneDrive/Desktop/PACT/PACT/scripts/phase2d_gp_hook.tcl
[INFO GPL-0022] Initialize gpl and calculate uniform density.
Placement density is 0.5379999971389771, computed from PLACE_DENSITY_LB_ADDON  0.20 and lower bound 0.4099999964237213
global_placement -skip_io -density 0.5379999971389771 -pad_left 0 -pad_right 0 -skip_initial_place
PHASE2D_GP_FROM_FRESH_ANCESTRY: -skip_io -density 0.5379999971389771 -pad_left 0 -pad_right 0 -skip_initial_place
[INFO GPL-0001] ---- Initialize GPL Main Data Structures
[INFO GPL-0002] DBU: 2000
[INFO GPL-0003] SiteSize: (  0.190  1.400 ) um
[INFO GPL-0004] CoreBBox: (  1.140  1.400 ) ( 146.490 145.600 ) um
[INFO GPL-0036] Movable instances area:       7412.888 um^2
[INFO GPL-0037] Total instances area:         7481.516 um^2
[INFO GPL-0035] Pin density area adjust:       949.680 um^2
[INFO GPL-0032] ---- Initialize Region: Top-level
[INFO GPL-0006] Number of instances:              5059
[INFO GPL-0007] Movable instances:                4801
[INFO GPL-0008] Fixed instances:                   258
[INFO GPL-0009] Dummy instances:                     0
[INFO GPL-0010] Number of nets:                   4881
[INFO GPL-0011] Number of pins:                  14963
[INFO GPL-0012] Die BBox:  (  0.000  0.000 ) ( 147.530 147.530 ) um
[INFO GPL-0013] Core BBox: (  1.140  1.400 ) ( 146.490 145.600 ) um
[INFO GPL-0016] Core area:                   20959.470 um^2
[INFO GPL-0014] Region name: top-level.
[INFO GPL-0015] Region area:                 20959.470 um^2
[INFO GPL-0017] Fixed instances area:           68.628 um^2
[INFO GPL-0018] Movable instances area:       8362.568 um^2
[INFO GPL-0019] Utilization:                    40.030 %
[INFO GPL-0020] Standard cells area:          8362.568 um^2
[INFO GPL-0021] Large instances area:            0.000 um^2
[INFO GPL-0005] ---- Execute Conjugate Gradient Initial Placement.
[INFO GPL-0051] Source of initial instance position counters:
	Odb location = 4801	Core center = 0	Region center = 0
[INFO GPL-0033] ---- Initialize Nesterov Region: Top-level
[INFO GPL-0023] Placement target density:       0.5380
[INFO GPL-0024] Movable insts average area:      1.742 um^2
[INFO GPL-0025] Ideal bin area:                  3.238 um^2
[INFO GPL-0026] Ideal bin count:                  6473
[INFO GPL-0027] Total bin area:              20959.470 um^2
[INFO GPL-0028] Bin count (X, Y):          64 ,     64
[INFO GPL-0029] Bin size (W * H):       2.271 *  2.253 um
[INFO GPL-0030] Number of bins:                   4096
[INFO GPL-0084] ---- Execute Nesterov Global Placement.
[INFO GPL-0031] HPWL: Half-Perimeter Wirelength
Iteration | Overflow |     HPWL (um) |  HPWL(%) |   Penalty | Group
---------------------------------------------------------------
        0 |   0.2722 |  3.876496e+05 |   +0.00% |  2.48e-11 |      
       10 |   0.9546 |  1.753247e+04 |  -95.48% |  3.65e-11 |      
       20 |   0.9242 |  1.956844e+04 |  +11.61% |  5.38e-11 |      
       30 |   0.8891 |  2.135492e+04 |   +9.13% |  7.92e-11 |      
       40 |   0.8622 |  2.327721e+04 |   +9.00% |  1.17e-10 |      
       50 |   0.8326 |  2.597896e+04 |  +11.61% |  1.72e-10 |      
       60 |   0.8072 |  2.859079e+04 |  +10.05% |  2.53e-10 |      
       70 |   0.7706 |  3.154864e+04 |  +10.35% |  3.72e-10 |      
       80 |   0.7355 |  3.389735e+04 |   +7.44% |  5.48e-10 |      
       90 |   0.6983 |  3.662256e+04 |   +8.04% |  8.07e-10 |      
      100 |   0.6557 |  3.915791e+04 |   +6.92% |  1.19e-09 |      
      110 |   0.6139 |  4.133345e+04 |   +5.56% |  1.75e-09 |      
      120 |   0.5571 |  4.320261e+04 |   +4.52% |  2.58e-09 |      
      130 |   0.5002 |  4.476685e+04 |   +3.62% |  3.80e-09 |      
      140 |   0.4434 |  4.731210e+04 |   +5.69% |  5.59e-09 |      
      150 |   0.3997 |  4.905324e+04 |   +3.68% |  8.23e-09 |      
      160 |   0.3632 |  5.028398e+04 |   +2.51% |  1.21e-08 |      
      170 |   0.3329 |  5.142949e+04 |   +2.28% |  1.79e-08 |      
      180 |   0.3028 |  5.210733e+04 |   +1.32% |  2.63e-08 |      
      190 |   0.2762 |  5.246381e+04 |   +0.68% |  3.87e-08 |      
      200 |   0.2487 |  5.287311e+04 |   +0.78% |  5.71e-08 |      
      210 |   0.2205 |  5.317634e+04 |   +0.57% |  8.41e-08 |      
      220 |   0.1948 |  5.331280e+04 |   +0.26% |  1.24e-07 |      
      230 |   0.1706 |  5.349912e+04 |   +0.35% |  1.82e-07 |      
      240 |   0.1502 |  5.361744e+04 |   +0.22% |  2.69e-07 |      
      250 |   0.1309 |  5.371764e+04 |   +0.19% |  3.96e-07 |      
      260 |   0.1132 |  5.383201e+04 |   +0.21% |  5.83e-07 |      
      268 |   0.0986 |  5.388891e+04 |          |  8.26e-07 |      
---------------------------------------------------------------
[INFO GPL-1001] Global placement finished at iteration 268
[INFO GPL-1002] Placed Cell Area             8362.5678
[INFO GPL-1003] Available Free Area         20890.8420
[INFO GPL-1004] Minimum Feasible Density        0.4100 (cell_area / free_area)
[INFO GPL-1006]   Suggested Target Densities:
[INFO GPL-1007]     - For 90% usage of free space: 0.4448
[INFO GPL-1008]     - For 80% usage of free space: 0.5004
[INFO GPL-1009]     - For 50% usage of free space: 0.8006
[INFO GPL-1014] Final placement area: 8362.57 (+0.00%)
Design area 7482 um^2 36% utilization.
write_db /mnt/c/Users/Abhinav/OneDrive/Desktop/PACT/PACT/results/phase2d_independent_gp/orfs/results/nangate45/s15850/phase2d_gp29/3_1_place_gp_skip_io.odb
Log                       Ext     Elapsed/s Peak Memory/MB sha1sum result [0:20)
3_1_place_gp_skip_io      .odb            2            122 5c9bf2912154095afaac
/root/pact-deps/OpenROAD-flow-scripts/flow/scripts/flow.sh 3_2_place_iop io_placement
Running io_placement.tcl, stage 3_2_place_iop
read_liberty /root/pact-deps/OpenROAD-flow-scripts/flow/platforms/nangate45/lib/NangateOpenCellLibrary_typical.lib
read_db /mnt/c/Users/Abhinav/OneDrive/Desktop/PACT/PACT/results/phase2d_independent_gp/orfs/results/nangate45/s15850/phase2d_gp29/3_1_place_gp_skip_io.odb
read_sdc /mnt/c/Users/Abhinav/OneDrive/Desktop/PACT/PACT/results/phase2d_independent_gp/orfs/results/nangate45/s15850/phase2d_gp29/2_floorplan.sdc
source /root/pact-deps/OpenROAD-flow-scripts/flow/platforms/nangate45/setRC.tcl
place_pins -hor_layers metal5 -ver_layers metal6
Found 0 macro blocks.
Using 2 tracks default min distance between IO pins.
[INFO PPL-0001] Number of available slots 1040
[INFO PPL-0002] Number of I/O             231
[INFO PPL-0003] Number of I/O w/sink      231
[INFO PPL-0004] Number of I/O w/o sink    0
[INFO PPL-0005] Slots per section         200
[INFO PPL-0008] Successfully assigned pins to sections.
[INFO PPL-0012] I/O nets HPWL: 6920.72 um.
Design area 7482 um^2 36% utilization.
write_db /mnt/c/Users/Abhinav/OneDrive/Desktop/PACT/PACT/results/phase2d_independent_gp/orfs/results/nangate45/s15850/phase2d_gp29/3_2_place_iop.odb
Log                       Ext     Elapsed/s Peak Memory/MB sha1sum result [0:20)
3_2_place_iop             .odb            1            115 ea08d34bf910bd3489f8
/root/pact-deps/OpenROAD-flow-scripts/flow/scripts/flow.sh 3_3_place_gp global_place
Running global_place.tcl, stage 3_3_place_gp
read_liberty /root/pact-deps/OpenROAD-flow-scripts/flow/platforms/nangate45/lib/NangateOpenCellLibrary_typical.lib
read_db /mnt/c/Users/Abhinav/OneDrive/Desktop/PACT/PACT/results/phase2d_independent_gp/orfs/results/nangate45/s15850/phase2d_gp29/3_2_place_iop.odb
read_sdc /mnt/c/Users/Abhinav/OneDrive/Desktop/PACT/PACT/results/phase2d_independent_gp/orfs/results/nangate45/s15850/phase2d_gp29/2_floorplan.sdc
source /root/pact-deps/OpenROAD-flow-scripts/flow/platforms/nangate45/setRC.tcl
source /mnt/c/Users/Abhinav/OneDrive/Desktop/PACT/PACT/scripts/phase2d_gp_hook.tcl
[INFO RSZ-0026] Removed 173 buffers.
Perform port buffering...
[INFO RSZ-0027] Inserted 79 BUF_X1 input buffers.
[INFO RSZ-0028] Inserted 151 BUF_X1 output buffers.
[INFO GPL-0022] Initialize gpl and calculate uniform density.
Placement density is 0.5219999885559082, computed from PLACE_DENSITY_LB_ADDON  0.20 and lower bound 0.38999998569488525
global_placement -density 0.5219999885559082 -pad_left 0 -pad_right 0 -routability_driven -timing_driven -force_center_initial_place -min_phi_coef 0.95 -max_phi_coef 1.05 -skip_initial_place
PHASE2D_GP_FROM_FRESH_ANCESTRY: -density 0.5219999885559082 -pad_left 0 -pad_right 0 -routability_driven -timing_driven -min_phi_coef 0.95 -max_phi_coef 1.05 -skip_initial_place
[INFO GPL-0001] ---- Initialize GPL Main Data Structures
[INFO GPL-0002] DBU: 2000
[INFO GPL-0003] SiteSize: (  0.190  1.400 ) um
[INFO GPL-0004] CoreBBox: (  1.140  1.400 ) ( 146.490 145.600 ) um
[INFO GPL-0036] Movable instances area:       7274.302 um^2
[INFO GPL-0037] Total instances area:         7342.930 um^2
[INFO GPL-0035] Pin density area adjust:       869.164 um^2
[INFO GPL-0032] ---- Initialize Region: Top-level
[INFO GPL-0006] Number of instances:              5116
[INFO GPL-0007] Movable instances:                4858
[INFO GPL-0008] Fixed instances:                   258
[INFO GPL-0009] Dummy instances:                     0
[INFO GPL-0010] Number of nets:                   4938
[INFO GPL-0011] Number of pins:                  15308
[INFO GPL-0012] Die BBox:  (  0.000  0.000 ) ( 147.530 147.530 ) um
[INFO GPL-0013] Core BBox: (  1.140  1.400 ) ( 146.490 145.600 ) um
[INFO GPL-0016] Core area:                   20959.470 um^2
[INFO GPL-0014] Region name: top-level.
[INFO GPL-0015] Region area:                 20959.470 um^2
[INFO GPL-0017] Fixed instances area:           68.628 um^2
[INFO GPL-0018] Movable instances area:       8143.466 um^2
[INFO GPL-0019] Utilization:                    38.981 %
[INFO GPL-0020] Standard cells area:          8143.466 um^2
[INFO GPL-0021] Large instances area:            0.000 um^2
[INFO GPL-0005] ---- Execute Conjugate Gradient Initial Placement.
[INFO GPL-0051] Source of initial instance position counters:
	Odb location = 4858	Core center = 0	Region center = 0
[INFO GPL-0033] ---- Initialize Nesterov Region: Top-level
[INFO GPL-0023] Placement target density:       0.5220
[INFO GPL-0024] Movable insts average area:      1.676 um^2
[INFO GPL-0025] Ideal bin area:                  3.211 um^2
[INFO GPL-0026] Ideal bin count:                  6526
[INFO GPL-0027] Total bin area:              20959.470 um^2
[INFO GPL-0028] Bin count (X, Y):          64 ,     64
[INFO GPL-0029] Bin size (W * H):       2.271 *  2.253 um
[INFO GPL-0030] Number of bins:                   4096
[INFO GPL-0084] ---- Execute Nesterov Global Placement.
[INFO GPL-0031] HPWL: Half-Perimeter Wirelength
Iteration | Overflow |     HPWL (um) |  HPWL(%) |   Penalty | Group
---------------------------------------------------------------
        0 |   0.1250 |  5.860881e+04 |   +0.00% |  4.29e-12 |      
[INFO GPL-0100] Timing-driven iteration 1/2, virtual: false.
[INFO GPL-0101]    Iter: 1, overflow: 0.125, keep resizer changes at: 1, HPWL: 117217623
Iteration |   Area    | Resized | Buffers | Nets repaired | Remaining
---------------------------------------------------------------------
        0 |     +0.0% |       0 |       0 |             0 |      5472
    final |     +0.3% |       1 |      11 |             5 |         0
---------------------------------------------------------------------
[INFO RSZ-0034] Found 1 slew violations.
[INFO RSZ-0036] Found 5 capacitance violations.
[INFO RSZ-0039] Resized 1 instances.
[INFO RSZ-0038] Inserted 11 buffers in 5 nets.
   Iter   |    Area   | Removed | Inserted |   Pins
          |           | Buffers | Buffers  | Remaining
-------------------------------------------------------
        0 |     +0.0% |       0 |        0 |      4858
      480 |     +0.0% |       0 |        0 |      4378
      960 |     +0.0% |       0 |        0 |      3898
     1440 |     +0.0% |       0 |        0 |      3418
     1920 |     +0.0% |       0 |        0 |      2938
     2400 |     +0.0% |       0 |        0 |      2458
     2880 |     +0.0% |       0 |        0 |      1978
     3360 |     +0.0% |       0 |        0 |      1498
     3840 |     -0.0% |       1 |        1 |      1018
     4320 |     -0.0% |       1 |        2 |       538
     4800 |     +0.1% |       9 |       23 |        58
    final |     +0.1% |      11 |       25 |         0
-------------------------------------------------------
[INFO GPL-0106] Timing-driven: worst slack 8.07363e-09
[INFO GPL-0107] Timing-driven: repair_design delta area: 26.068 um^2 (+0.32%)
[INFO GPL-0108] Timing-driven: repair_design, gpl delta gcells: 25 (+0.51%)
[INFO GPL-0109] Timing-driven: repair_design, gcells created: 36, deleted: 11
[INFO GPL-0110] Timing-driven: new target density: 0.52324784
[INFO GPL-0038] Routability snapshot saved at iter = 1
        0 |   0.1250 |  6.016844e+04 |          |           |      
[INFO GPL-0040] Routability iteration: 1
[INFO GPL-0041] Total routing overflow: 0.0000
[INFO GPL-0042] Number of overflowed tiles: 0 (0.00%)
[INFO GPL-0043] Average top 0.5% routing congestion: 0.8051
[INFO GPL-0044] Average top 1.0% routing congestion: 0.7845
[INFO GPL-0045] Average top 2.0% routing congestion: 0.7661
[INFO GPL-0046] Average top 5.0% routing congestion: 0.7410
[INFO GPL-0047] Routability iteration weighted routing congestion: 0.7948
[INFO GPL-0050] Weighted routing congestion is lower than target routing congestion(1.0100), end routability optimization.
[INFO GPL-0090] Routability finished. Target routing congestion achieved succesfully.
Iteration | Overflow |     HPWL (um) |  HPWL(%) |   Penalty | Group
---------------------------------------------------------------
       10 |   0.2107 |  5.810889e+04 |   -0.85% |  6.31e-12 |      
       20 |   0.3087 |  5.672035e+04 |   -2.39% |  9.30e-12 |      
       30 |   0.3850 |  5.465423e+04 |   -3.64% |  1.37e-11 |      
       40 |   0.4546 |  5.142979e+04 |   -5.90% |  2.02e-11 |      
       50 |   0.5597 |  4.758533e+04 |   -7.48% |  2.97e-11 |      
       60 |   0.6996 |  4.245819e+04 |  -10.77% |  4.38e-11 |      
       70 |   0.7961 |  3.469171e+04 |  -18.29% |  6.45e-11 |      
       80 |   0.8260 |  3.189462e+04 |   -8.06% |  9.50e-11 |      
       90 |   0.8085 |  3.481594e+04 |   +9.16% |  1.40e-10 |      
      100 |   0.7723 |  3.813719e+04 |   +9.54% |  2.06e-10 |      
      110 |   0.7391 |  3.989358e+04 |   +4.61% |  3.03e-10 |      
      120 |   0.7069 |  4.113628e+04 |   +3.12% |  4.47e-10 |      
      130 |   0.6784 |  4.251207e+04 |   +3.34% |  6.58e-10 |      
      140 |   0.6475 |  4.437284e+04 |   +4.38% |  9.69e-10 |      
      150 |   0.6135 |  4.638068e+04 |   +4.52% |  1.43e-09 |      
      160 |   0.5699 |  4.802473e+04 |   +3.54% |  2.10e-09 |      
      170 |   0.5246 |  4.923653e+04 |   +2.52% |  3.10e-09 |      
      180 |   0.4683 |  5.073487e+04 |   +3.04% |  4.56e-09 |      
      190 |   0.4110 |  5.222190e+04 |   +2.93% |  6.72e-09 |      
      200 |   0.3757 |  5.441604e+04 |   +4.20% |  9.89e-09 |      
      210 |   0.3369 |  5.611040e+04 |   +3.11% |  1.46e-08 |      
      220 |   0.3147 |  5.689952e+04 |   +1.41% |  2.15e-08 |      
      230 |   0.2960 |  5.701912e+04 |   +0.21% |  3.16e-08 |      
      240 |   0.2750 |  5.699952e+04 |   -0.03% |  4.66e-08 |      
      250 |   0.2469 |  5.729758e+04 |   +0.52% |  6.86e-08 |      
      260 |   0.2250 |  5.761626e+04 |   +0.56% |  1.01e-07 |      
      270 |   0.2000 |  5.754680e+04 |   -0.12% |  1.49e-07 |      
      280 |   0.1784 |  5.765203e+04 |   +0.18% |  2.19e-07 |      
      290 |   0.1568 |  5.770364e+04 |   +0.09% |  3.23e-07 |      
      300 |   0.1370 |  5.774747e+04 |   +0.08% |  4.76e-07 |      
      310 |   0.1203 |  5.774770e+04 |   +0.00% |  7.01e-07 |      
      320 |   0.1010 |  5.780731e+04 |   +0.10% |  1.03e-06 |      
      321 |   0.0993 |  5.781004e+04 |          |  1.12e-06 |      
---------------------------------------------------------------
[INFO GPL-1001] Global placement finished at iteration 321
[INFO GPL-1017] Routability mode iteration count: 209
[INFO GPL-1005] Routability final weighted congestion: 0.7789
[INFO GPL-1002] Placed Cell Area             8169.5345
[INFO GPL-1003] Available Free Area         20890.8420
[INFO GPL-1004] Minimum Feasible Density        0.3900 (cell_area / free_area)
[INFO GPL-1006]   Suggested Target Densities:
[INFO GPL-1007]     - For 90% usage of free space: 0.4345
[INFO GPL-1008]     - For 80% usage of free space: 0.4888
[INFO GPL-1009]     - For 50% usage of free space: 0.7821
[INFO GPL-1011] Original area (um^2): 8143.47
[INFO GPL-1012] Total routability artificial inflation: 0.00 (+0.00%)
[INFO GPL-1013] Total timing-driven delta area: 26.07 (+0.32%)
[INFO GPL-1014] Final placement area: 8169.53 (+0.32%)
estimate_parasitics -placement
Report metrics stage 3, global place...

==========================================================================
global place report_design_area
--------------------------------------------------------------------------
Design area 7369 um^2 35% utilization.
write_db /mnt/c/Users/Abhinav/OneDrive/Desktop/PACT/PACT/results/phase2d_independent_gp/orfs/results/nangate45/s15850/phase2d_gp29/3_3_place_gp.odb
Log                       Ext     Elapsed/s Peak Memory/MB sha1sum result [0:20)
3_3_place_gp              .odb            7            290 cafc4f5482b70995fbad
/root/pact-deps/OpenROAD-flow-scripts/flow/scripts/flow.sh 3_4_place_resized resize
Running resize.tcl, stage 3_4_place_resized
read_liberty /root/pact-deps/OpenROAD-flow-scripts/flow/platforms/nangate45/lib/NangateOpenCellLibrary_typical.lib
read_db /mnt/c/Users/Abhinav/OneDrive/Desktop/PACT/PACT/results/phase2d_independent_gp/orfs/results/nangate45/s15850/phase2d_gp29/3_3_place_gp.odb
read_sdc /mnt/c/Users/Abhinav/OneDrive/Desktop/PACT/PACT/results/phase2d_independent_gp/orfs/results/nangate45/s15850/phase2d_gp29/2_floorplan.sdc
source /root/pact-deps/OpenROAD-flow-scripts/flow/platforms/nangate45/setRC.tcl
estimate_parasitics -placement
Perform buffer insertion and gate resizing...
repair_design -verbose
Iteration |   Area    | Resized | Buffers | Nets repaired | Remaining
---------------------------------------------------------------------
        0 |     +0.0% |       0 |       0 |             0 |      5497
     1000 |     +0.0% |       0 |       0 |             0 |      4497
     2000 |     +0.0% |       0 |       0 |             0 |      3497
     3000 |     +0.0% |       0 |       0 |             0 |      2497
     4000 |     +0.0% |       0 |       0 |             0 |      1497
     5000 |     +0.0% |       0 |       0 |             0 |       497
    final |     +0.0% |       0 |       0 |             0 |         0
---------------------------------------------------------------------
Floating nets: 
Report metrics stage 3, resizer...

==========================================================================
resizer report_design_area
--------------------------------------------------------------------------
Design area 7369 um^2 35% utilization.
Instance count before 5141, after 5141
Pin count before 15661, after 15661
write_db /mnt/c/Users/Abhinav/OneDrive/Desktop/PACT/PACT/results/phase2d_independent_gp/orfs/results/nangate45/s15850/phase2d_gp29/3_4_place_resized.odb
Log                       Ext     Elapsed/s Peak Memory/MB sha1sum result [0:20)
3_4_place_resized         .odb            7            140 cafc4f5482b70995fbad
/root/pact-deps/OpenROAD-flow-scripts/flow/scripts/flow.sh 3_5_place_dp detail_place
Running detail_place.tcl, stage 3_5_place_dp
read_liberty /root/pact-deps/OpenROAD-flow-scripts/flow/platforms/nangate45/lib/NangateOpenCellLibrary_typical.lib
read_db /mnt/c/Users/Abhinav/OneDrive/Desktop/PACT/PACT/results/phase2d_independent_gp/orfs/results/nangate45/s15850/phase2d_gp29/3_4_place_resized.odb
read_sdc /mnt/c/Users/Abhinav/OneDrive/Desktop/PACT/PACT/results/phase2d_independent_gp/orfs/results/nangate45/s15850/phase2d_gp29/2_floorplan.sdc
source /root/pact-deps/OpenROAD-flow-scripts/flow/platforms/nangate45/setRC.tcl
detailed_placement
[INFO DPL-0006] Core area: 20959.47 um^2, Instances area: 7369.00 um^2, Utilization: 35.2%
[INFO DPL-0005] Diamond search max displacement: +/- 500 sites horizontally, +/- 100 rows vertically.
[INFO DPL-1101] Legalizing using diamond search.
Movements Summary
---------------------------------------
Total cells:                    4883
Diamond Move Success:           4883 (100.00%)
Diamond Move Failure:              0
Rip-up and replace Success:        0 (  0.00% of diamond failures)
Rip-up and replace Failure:        0
Total Placement Failures:          0
---------------------------------------
Placement Analysis
---------------------------------
total displacement       3558.1 u
average displacement        0.7 u
max displacement            2.5 u
original HPWL           57887.0 u
legalized HPWL          60093.6 u
delta HPWL                    4 %

improve_placement -max_displacement "5 1"
Detailed placement improvement.
[INFO DPL-0401] Setting random seed to 1.
[INFO DPL-0402] Setting maximum displacement 5 1 to 14000 2800 units.
[INFO DPL-0320] Collected 489 fixed cells.
[INFO DPL-0318] Collected 4883 single height cells.
[INFO DPL-0321] Collected 0 wide cells.
[INFO DPL-0322] Image (2280, 2800) - (292980, 291200)
[INFO DPL-0310] Assigned 4883 cells into segments.  Movement in X-direction is 0.000000, movement in Y-direction is 0.000000.
[INFO DPL-0313] Found 0 cells in wrong regions.
[INFO DPL-0315] Found 0 row alignment problems.
[INFO DPL-0314] Found 0 site alignment problems.
[INFO DPL-0311] Found 0 overlaps between adjacent cells.
[INFO DPL-0312] Found 0 edge spacing violations and 0 padding violations.
[INFO DPL-0303] Running algorithm for independent set matching.
[INFO DPL-0300] Set matching objective is wirelength.
[INFO DPL-0301] Pass   1 of matching; objective is 1.201368e+08.
[INFO DPL-0302] End of matching; objective is 1.200016e+08, improvement is 0.11 percent.
[INFO DPL-0303] Running algorithm for global swaps.
[INFO DPL-0306] Pass   1 of global swaps; hpwl is 1.186175e+08.
[INFO DPL-0306] Pass   2 of global swaps; hpwl is 1.183158e+08.
[INFO DPL-0307] End of global swaps; objective is 1.183158e+08, improvement is 1.40 percent.
[INFO DPL-0303] Running algorithm for vertical swaps.
[INFO DPL-0308] Pass   1 of vertical swaps; hpwl is 1.180389e+08.
[INFO DPL-0309] End of vertical swaps; objective is 1.180389e+08, improvement is 0.23 percent.
[INFO DPL-0303] Running algorithm for reordering.
[INFO DPL-0304] Pass   1 of reordering; objective is 1.178885e+08.
[INFO DPL-0305] End of reordering; objective is 1.178885e+08, improvement is 0.13 percent.
[INFO DPL-0303] Running algorithm for random improvement.
[INFO DPL-0324] Random improver is using random generator.
[INFO DPL-0325] Random improver is using hpwl objective.
[INFO DPL-0326] Random improver cost string is (a).
[INFO DPL-0332] End of pass, Generator random called 97660 times.
[INFO DPL-0335] Generator random, Cumulative attempts 97660, swaps 10199, moves 37984 since last reset.
[INFO DPL-0333] End of pass, Objective hpwl, Initial cost 1.173546e+08, Scratch cost 1.164881e+08, Incremental cost 1.164881e+08, Mismatch? N
[INFO DPL-0338] End of pass, Total cost is 1.164881e+08.
[INFO DPL-0327] Pass   1 of random improver; improvement in cost is 0.74 percent.
[INFO DPL-0328] End of random improver; improvement is 0.738428 percent.
[INFO DPL-0380] Cell flipping.
[INFO DPL-0382] Changed 0 cell orientations for row compatibility.
[INFO DPL-0383] Performed 1516 cell flips.
[INFO DPL-0384] End of flipping; objective is 1.153266e+08, improvement is 1.45 percent.
[INFO DPL-0313] Found 0 cells in wrong regions.
[INFO DPL-0315] Found 0 row alignment problems.
[INFO DPL-0314] Found 0 site alignment problems.
[INFO DPL-0311] Found 0 overlaps between adjacent cells.
[INFO DPL-0312] Found 0 edge spacing violations and 0 padding violations.
Detailed Improvement Results
------------------------------------------
Original HPWL            60093.6 u (   31235.7,    28857.9)
Final HPWL               57692.8 u (   29638.3,    28054.5)
Delta HPWL                  -4.0 % (      -5.1,       -2.8)

optimize_mirroring
[INFO DPL-0020] Mirrored 137 instances
[INFO DPL-0021] HPWL before           57692.8 u
[INFO DPL-0022] HPWL after            57682.5 u
[INFO DPL-0023] HPWL delta               -0.0 %
[INFO FLW-0012] Placement violations .
estimate_parasitics -placement
Report metrics stage 3, detailed place...

==========================================================================
detailed place report_design_area
--------------------------------------------------------------------------
Design area 7369 um^2 35% utilization.
write_db /mnt/c/Users/Abhinav/OneDrive/Desktop/PACT/PACT/results/phase2d_independent_gp/orfs/results/nangate45/s15850/phase2d_gp29/3_5_place_dp.odb
write_sdc -no_timestamp /mnt/c/Users/Abhinav/OneDrive/Desktop/PACT/PACT/results/phase2d_independent_gp/orfs/results/nangate45/s15850/phase2d_gp29/3_place.sdc
Log                       Ext     Elapsed/s Peak Memory/MB sha1sum result [0:20)
3_5_place_dp              .odb            7            140 d486797a67bf5ff4667e
cp /mnt/c/Users/Abhinav/OneDrive/Desktop/PACT/PACT/results/phase2d_independent_gp/orfs/results/nangate45/s15850/phase2d_gp29/3_5_place_dp.odb /mnt/c/Users/Abhinav/OneDrive/Desktop/PACT/PACT/results/phase2d_independent_gp/orfs/results/nangate45/s15850/phase2d_gp29/3_place.odb
