[  0%] Built target lodepng
[  0%] Built target stb_truetype
[  0%] Built target cli_completer
[  0%] Built target def
[  1%] Built target utl_lib
[  1%] Built target defzlib
[  2%] Built target lefzlib
[  4%] Built target lef
[ 10%] Built target OpenSTA
[ 10%] Built target linenoise
[ 14%] Built target slang_slang
[ 14%] Generating messages.checked
[ 14%] Built target openroad_messages
[ 14%] Built target Munkres
[ 14%] Built target dst_lib
[ 14%] Generating messages.checked
[ 14%] Built target utl_messages
[ 14%] Built target utl_py
[ 14%] Generating messages.checked
[ 14%] Built target dst_messages
[ 61%] Built target libabc
[ 61%] Generating messages.checked
[ 61%] Built target ppl_messages
[ 61%] Built target utl
[ 61%] Built target dst
[ 61%] Built target syn_ir
[ 61%] Built target slang_frontend
[ 67%] Built target db
[ 67%] Built target gdsout
[ 67%] Built target defout
[ 68%] Built target defin
[ 68%] Built target lefout
[ 68%] Built target cdl
[ 68%] Built target 3dblox
[ 68%] Built target gdsin
[ 68%] Built target lefin
[ 68%] Generating messages.checked
[ 68%] Built target odb_swig_common
[ 68%] Built target odb_messages
[ 68%] Built target gui_descriptors
[ 68%] Built target odb_py
[ 70%] Built target dbSta_lib
[ 70%] Built target odbtcl
[ 71%] Built target stt_lib
[ 71%] Built target ant_lib
[ 71%] Generating messages.checked
[ 71%] Built target stt_messages
[ 71%] Built target exa_lib
[ 73%] Built target dpl_lib
[ 73%] Built target tap
[ 74%] Built target rcx_lib
[ 74%] Generating messages.checked
[ 74%] Built target ant_messages
[ 74%] Built target dft_utils_scan_pin_lib
[ 74%] Built target dft_config_lib
[ 74%] Built target mpl_snapper
[ 74%] Built target mpl_pusher
[ 74%] Built target par_lib
[ 74%] Built target syn_elab
[ 77%] Built target drt_lib
[ 77%] Built target gui_heatmap_core
[ 77%] Generating messages.checked
[ 77%] Built target CUGR
[ 77%] Generating messages.checked
[ 77%] Built target dbSta_messages
[ 77%] Generating messages.checked
[ 77%] Built target exa_messages
[ 77%] Generating messages.checked
[ 77%] Built target dpl_messages
[ 77%] Built target tap_py
[ 77%] Generating messages.checked
[ 77%] Built target drt_messages
[ 79%] Built target rcx_py
[ 79%] Built target dft_clock_domain_lib
[ 79%] Built target rcx_messages
[ 79%] Built target par
[ 80%] Built target par_py
[ 82%] Built target mpl_lib
[ 82%] Built target dbSta
[ 83%] Built target est_lib
[ 83%] Built target rcx
[ 83%] Built target web
[ 83%] Built target dft_utils_lib
[ 83%] Built target dft_base_scan_cell_lib
[ 83%] Built target dft_clock_domain_hash_lib
[ 85%] Built target dft_cells_lib
[ 85%] Built target dft_replace_lib
[ 86%] Built target web_py
[ 86%] Built target ord
[ 86%] Built target upf_lib
[ 86%] Built target gui
[ 86%] Built target upf
[ 86%] Built target FastRoute4.1
[ 86%] Built target dft_architect_lib
[ 86%] Built target dft_optimizer_lib
[ 86%] Built target mpl
[ 86%] Built target ifp
[ 86%] Built target grt_lib
[ 86%] Built target pad
[ 86%] Built target stt
[ 86%] Built target dpl_py
[ 86%] Built target dpl
[ 86%] Built target exa
[ 86%] Built target exa_py
[ 86%] Built target fin
[ 86%] Built target ppl
[ 86%] Built target drt
[ 86%] Built target pdn
[ 88%] Built target ppl_py
[ 88%] Built target drt_py
[ 88%] Built target pdn_py
[ 88%] Built target dft_stitch_lib
[ 89%] Built target ord_py
[ 89%] Built target ifp_py
[ 89%] Built target stt_py
[ 89%] Built target fin_py
[ 89%] Generating messages.checked
[ 89%] Built target dft_messages
[ 89%] Built target dft
[ 89%] Built target dft_py
[ 92%] Built target rsz_lib
[ 92%] Generating messages.checked
[ 92%] Generating messages.checked
[ 92%] Built target est_messages
[ 92%] Generating messages.checked
[ 92%] Built target grt_messages
[ 92%] Built target rsz_messages
[ 92%] Built target rsz_py
[ 92%] Built target cut
[ 92%] Built target gpl_lib
[ 94%] Built target grt_py
[ 95%] Built target cts_lib
[ 97%] Built target ant
[ 97%] Built target psm
[ 97%] Built target syn_flow
[ 97%] Built target est
[ 97%] Built target cgt
[ 97%] Generating messages.checked
[ 97%] Built target rmp_lib
[ 97%] Built target cts_messages
[ 97%] Built target psm_py
[ 97%] Built target syn_lib
[ 97%] Built target grt
[ 97%] Built target rmp
[ 97%] Built target cgt_py
[ 97%] Generating messages.checked
[ 97%] Built target cts
[ 97%] Built target syn_messages
[ 98%] Built target syn_py
[ 98%] Built target syn
[ 98%] Built target rsz
[ 98%] Built target gpl_py
[100%] Built target gpl
[100%] Built target ram
[100%] Built target rmp_py
[100%] Built target ant_py
[100%] Built target cts_py
[100%] Building CXX object src/CMakeFiles/openroad.dir/OpenRoad.cc.o
[100%] Linking CXX executable ../bin/openroad
lto-wrapper: warning: using serial compilation of 82 LTRANS jobs
/usr/bin/ld: warning: libbz2.so.1, needed by /opt/or-tools/lib/libortools.so.9.14.6206, may conflict with libbz2.so.1.0
[100%] Built target openroad
