[  0%] Built target def
[  0%] Built target defzlib
[  7%] Built target lef
[ 14%] Built target utl_lib
[ 21%] Built target lefzlib
[ 21%] Building CXX object src/sta/CMakeFiles/OpenSTA.dir/app/StaMain.cc.o
[ 50%] Built target db
[ 50%] Building CXX object src/sta/CMakeFiles/OpenSTA.dir/dcalc/ArcDcalcWaveforms.cc.o
[ 50%] Building CXX object src/sta/CMakeFiles/OpenSTA.dir/dcalc/ArcDelayCalc.cc.o
[ 50%] Building CXX object src/sta/CMakeFiles/OpenSTA.dir/dcalc/ArnoldiDelayCalc.cc.o
[ 50%] Building CXX object src/sta/CMakeFiles/OpenSTA.dir/dcalc/ArnoldiReduce.cc.o
[ 50%] Building CXX object src/sta/CMakeFiles/OpenSTA.dir/dcalc/CcsCeffDelayCalc.cc.o
[ 50%] Building CXX object src/sta/CMakeFiles/OpenSTA.dir/dcalc/Delay.cc.o
[ 50%] Building CXX object src/sta/CMakeFiles/OpenSTA.dir/dcalc/DelayCalc.cc.o
[ 50%] Building CXX object src/sta/CMakeFiles/OpenSTA.dir/dcalc/DelayCalcBase.cc.o
[ 50%] Building CXX object src/sta/CMakeFiles/OpenSTA.dir/dcalc/DelayNormal.cc.o
[ 50%] Building CXX object src/sta/CMakeFiles/OpenSTA.dir/dcalc/DelayScalar.cc.o
[ 50%] Building CXX object src/sta/CMakeFiles/OpenSTA.dir/dcalc/DelaySkewNormal.cc.o
[ 50%] Building CXX object src/sta/CMakeFiles/OpenSTA.dir/dcalc/DmpCeff.cc.o
[ 50%] Building CXX object src/sta/CMakeFiles/OpenSTA.dir/dcalc/DmpDelayCalc.cc.o
[ 50%] Building CXX object src/sta/CMakeFiles/OpenSTA.dir/dcalc/GraphDelayCalc.cc.o
[ 50%] Building CXX object src/sta/CMakeFiles/OpenSTA.dir/dcalc/LumpedCapDelayCalc.cc.o
[ 50%] Building CXX object src/sta/CMakeFiles/OpenSTA.dir/dcalc/ParallelDelayCalc.cc.o
[ 50%] Building CXX object src/sta/CMakeFiles/OpenSTA.dir/dcalc/PrimaDelayCalc.cc.o
[ 50%] Building CXX object src/sta/CMakeFiles/OpenSTA.dir/dcalc/UnitDelayCalc.cc.o
[ 50%] Building CXX object src/sta/CMakeFiles/OpenSTA.dir/graph/Graph.cc.o
[ 50%] Building CXX object src/sta/CMakeFiles/OpenSTA.dir/graph/GraphCmp.cc.o
[ 50%] Building CXX object src/sta/CMakeFiles/OpenSTA.dir/liberty/EquivCells.cc.o
[ 50%] Building CXX object src/sta/CMakeFiles/OpenSTA.dir/liberty/FuncExpr.cc.o
[ 50%] Building CXX object src/sta/CMakeFiles/OpenSTA.dir/liberty/InternalPower.cc.o
[ 50%] Building CXX object src/sta/CMakeFiles/OpenSTA.dir/liberty/LeakagePower.cc.o
[ 50%] Building CXX object src/sta/CMakeFiles/OpenSTA.dir/liberty/Liberty.cc.o
[ 50%] Building CXX object src/sta/CMakeFiles/OpenSTA.dir/liberty/LibertyBuilder.cc.o
[ 50%] Building CXX object src/sta/CMakeFiles/OpenSTA.dir/liberty/LibExprReader.cc.o
[ 50%] Building CXX object src/sta/CMakeFiles/OpenSTA.dir/liberty/LibertyParser.cc.o
[ 50%] Built target gdsout
[ 57%] Built target defin
[ 57%] Building CXX object src/sta/CMakeFiles/OpenSTA.dir/liberty/LibertyReader.cc.o
[ 57%] Building CXX object src/sta/CMakeFiles/OpenSTA.dir/liberty/LibertyWriter.cc.o
[ 57%] Building CXX object src/sta/CMakeFiles/OpenSTA.dir/liberty/LinearModel.cc.o
[ 57%] Building CXX object src/sta/CMakeFiles/OpenSTA.dir/liberty/TableModel.cc.o
[ 57%] Building CXX object src/sta/CMakeFiles/OpenSTA.dir/liberty/TimingArc.cc.o
[ 57%] Building CXX object src/sta/CMakeFiles/OpenSTA.dir/liberty/TimingModel.cc.o
[ 64%] Building CXX object src/sta/CMakeFiles/OpenSTA.dir/liberty/Units.cc.o
[ 64%] Built target defout
[ 64%] Building CXX object src/sta/CMakeFiles/OpenSTA.dir/liberty/Wireload.cc.o
[ 64%] Built target lefin
[ 64%] Building CXX object src/sta/CMakeFiles/OpenSTA.dir/network/ConcreteLibrary.cc.o
[ 64%] Built target lefout
[ 64%] Built target cdl
[ 64%] Built target gdsin
[ 64%] Building CXX object src/sta/CMakeFiles/OpenSTA.dir/network/ConcreteNetwork.cc.o
[ 64%] Building CXX object src/sta/CMakeFiles/OpenSTA.dir/network/HpinDrvrLoad.cc.o
[ 64%] Building CXX object src/sta/CMakeFiles/OpenSTA.dir/network/Network.cc.o
[ 64%] Building CXX object src/sta/CMakeFiles/OpenSTA.dir/network/NetworkCmp.cc.o
[ 64%] Building CXX object src/sta/CMakeFiles/OpenSTA.dir/network/SdcNetwork.cc.o
[ 64%] Building CXX object src/sta/CMakeFiles/OpenSTA.dir/parasitics/ConcreteParasitics.cc.o
[ 64%] Building CXX object src/sta/CMakeFiles/OpenSTA.dir/parasitics/EstimateParasitics.cc.o
[ 64%] Building CXX object src/sta/CMakeFiles/OpenSTA.dir/parasitics/Parasitics.cc.o
[ 64%] Building CXX object src/sta/CMakeFiles/OpenSTA.dir/parasitics/ReduceParasitics.cc.o
[ 64%] Building CXX object src/sta/CMakeFiles/OpenSTA.dir/parasitics/ReportParasiticAnnotation.cc.o
[ 64%] Building CXX object src/sta/CMakeFiles/OpenSTA.dir/parasitics/SpefReader.cc.o
[ 64%] Building CXX object src/sta/CMakeFiles/OpenSTA.dir/power/Power.cc.o
[ 64%] Building CXX object src/sta/CMakeFiles/OpenSTA.dir/power/ReportPower.cc.o
[ 64%] Building CXX object src/sta/CMakeFiles/OpenSTA.dir/power/VcdReader.cc.o
[ 64%] Building CXX object src/sta/CMakeFiles/OpenSTA.dir/power/SaifReader.cc.o
[ 64%] Building CXX object src/sta/CMakeFiles/OpenSTA.dir/power/VcdParse.cc.o
[ 64%] Building CXX object src/sta/CMakeFiles/OpenSTA.dir/sdc/Clock.cc.o
[ 64%] Building CXX object src/sta/CMakeFiles/OpenSTA.dir/sdc/ClockGatingCheck.cc.o
[ 64%] Building CXX object src/sta/CMakeFiles/OpenSTA.dir/sdc/ClockGroups.cc.o
[ 64%] Building CXX object src/sta/CMakeFiles/OpenSTA.dir/sdc/ClockInsertion.cc.o
[ 64%] Building CXX object src/sta/CMakeFiles/OpenSTA.dir/sdc/ClockLatency.cc.o
[ 64%] Building CXX object src/sta/CMakeFiles/OpenSTA.dir/sdc/CycleAccting.cc.o
[ 64%] Building CXX object src/sta/CMakeFiles/OpenSTA.dir/sdc/DataCheck.cc.o
[ 64%] Building CXX object src/sta/CMakeFiles/OpenSTA.dir/sdc/DeratingFactors.cc.o
[ 64%] Building CXX object src/sta/CMakeFiles/OpenSTA.dir/sdc/DisabledPorts.cc.o
[ 64%] Building CXX object src/sta/CMakeFiles/OpenSTA.dir/sdc/ExceptionPath.cc.o
[ 64%] Building CXX object src/sta/CMakeFiles/OpenSTA.dir/sdc/FilterObjects.cc.o
[ 64%] Building CXX object src/sta/CMakeFiles/OpenSTA.dir/sdc/InputDrive.cc.o
[ 64%] Building CXX object src/sta/CMakeFiles/OpenSTA.dir/sdc/PinPair.cc.o
[ 64%] Building CXX object src/sta/CMakeFiles/OpenSTA.dir/sdc/PortDelay.cc.o
[ 64%] Building CXX object src/sta/CMakeFiles/OpenSTA.dir/sdc/PortExtCap.cc.o
[ 64%] Building CXX object src/sta/CMakeFiles/OpenSTA.dir/sdc/Sdc.cc.o
[ 64%] Building CXX object src/sta/CMakeFiles/OpenSTA.dir/sdc/WriteSdc.cc.o
[ 64%] Building CXX object src/sta/CMakeFiles/OpenSTA.dir/sdf/ReportAnnotation.cc.o
[ 71%] Building CXX object src/sta/CMakeFiles/OpenSTA.dir/sdf/SdfReader.cc.o
[ 71%] Building CXX object src/sta/CMakeFiles/OpenSTA.dir/sdf/SdfWriter.cc.o
[ 71%] Building CXX object src/sta/CMakeFiles/OpenSTA.dir/search/Bdd.cc.o
[ 71%] Building CXX object src/sta/CMakeFiles/OpenSTA.dir/search/Bfs.cc.o
[ 71%] Building CXX object src/sta/CMakeFiles/OpenSTA.dir/search/CheckMaxSkews.cc.o
[ 71%] Building CXX object src/sta/CMakeFiles/OpenSTA.dir/search/CheckMinPeriods.cc.o
[ 71%] Building CXX object src/sta/CMakeFiles/OpenSTA.dir/search/CheckMinPulseWidths.cc.o
[ 71%] Building CXX object src/sta/CMakeFiles/OpenSTA.dir/search/CheckCapacitances.cc.o
[ 71%] Building CXX object src/sta/CMakeFiles/OpenSTA.dir/search/CheckFanouts.cc.o
[ 71%] Building CXX object src/sta/CMakeFiles/OpenSTA.dir/search/CheckSlews.cc.o
[ 71%] Building CXX object src/sta/CMakeFiles/OpenSTA.dir/search/CheckTiming.cc.o
[ 71%] Building CXX object src/sta/CMakeFiles/OpenSTA.dir/search/ClkInfo.cc.o
[ 71%] Building CXX object src/sta/CMakeFiles/OpenSTA.dir/search/ClkLatency.cc.o
[ 71%] Building CXX object src/sta/CMakeFiles/OpenSTA.dir/search/ClkNetwork.cc.o
[ 71%] Building CXX object src/sta/CMakeFiles/OpenSTA.dir/search/ClkSkew.cc.o
[ 71%] Building CXX object src/sta/CMakeFiles/OpenSTA.dir/search/Crpr.cc.o
[ 71%] Building CXX object src/sta/CMakeFiles/OpenSTA.dir/search/FindRegister.cc.o
[ 71%] Building CXX object src/sta/CMakeFiles/OpenSTA.dir/search/GatedClk.cc.o
[ 71%] Building CXX object src/sta/CMakeFiles/OpenSTA.dir/search/Genclks.cc.o
[ 71%] Building CXX object src/sta/CMakeFiles/OpenSTA.dir/search/Latches.cc.o
[ 71%] Building CXX object src/sta/CMakeFiles/OpenSTA.dir/search/Levelize.cc.o
[ 71%] Building CXX object src/sta/CMakeFiles/OpenSTA.dir/search/MakeTimingModel.cc.o
[ 71%] Building CXX object src/sta/CMakeFiles/OpenSTA.dir/search/Mode.cc.o
[ 71%] Building CXX object src/sta/CMakeFiles/OpenSTA.dir/search/Path.cc.o
[ 71%] Building CXX object src/sta/CMakeFiles/OpenSTA.dir/search/PathEnd.cc.o
[ 71%] Building CXX object src/sta/CMakeFiles/OpenSTA.dir/search/PathEnum.cc.o
[ 71%] Building CXX object src/sta/CMakeFiles/OpenSTA.dir/search/PathExpanded.cc.o
[ 71%] Building CXX object src/sta/CMakeFiles/OpenSTA.dir/search/PathGroup.cc.o
[ 71%] Building CXX object src/sta/CMakeFiles/OpenSTA.dir/search/Property.cc.o
[ 71%] Building CXX object src/sta/CMakeFiles/OpenSTA.dir/search/ReportPath.cc.o
[ 71%] Building CXX object src/sta/CMakeFiles/OpenSTA.dir/search/Search.cc.o
[ 71%] Building CXX object src/sta/CMakeFiles/OpenSTA.dir/search/SearchPred.cc.o
[ 71%] Building CXX object src/sta/CMakeFiles/OpenSTA.dir/search/Scene.cc.o
[ 71%] Building CXX object src/sta/CMakeFiles/OpenSTA.dir/search/Sim.cc.o
[ 71%] Building CXX object src/sta/CMakeFiles/OpenSTA.dir/search/Sta.cc.o
[ 71%] Building CXX object src/sta/CMakeFiles/OpenSTA.dir/search/StaState.cc.o
[ 71%] Building CXX object src/sta/CMakeFiles/OpenSTA.dir/search/Tag.cc.o
[ 71%] Building CXX object src/sta/CMakeFiles/OpenSTA.dir/search/TagGroup.cc.o
[ 71%] Building CXX object src/sta/CMakeFiles/OpenSTA.dir/search/VertexVisitor.cc.o
[ 71%] Building CXX object src/sta/CMakeFiles/OpenSTA.dir/search/VisitPathEnds.cc.o
[ 71%] Building CXX object src/sta/CMakeFiles/OpenSTA.dir/search/WorstSlack.cc.o
[ 71%] Building CXX object src/sta/CMakeFiles/OpenSTA.dir/spice/WritePathSpice.cc.o
[ 78%] Building CXX object src/sta/CMakeFiles/OpenSTA.dir/spice/WriteSpice.cc.o
[ 78%] Building CXX object src/sta/CMakeFiles/OpenSTA.dir/spice/Xyce.cc.o
[ 78%] Building CXX object src/sta/CMakeFiles/OpenSTA.dir/tcl/TclTypeHelpers.cc.o
[ 78%] Building CXX object src/sta/CMakeFiles/OpenSTA.dir/util/Debug.cc.o
[ 78%] Building CXX object src/sta/CMakeFiles/OpenSTA.dir/util/Error.cc.o
[ 78%] Building CXX object src/sta/CMakeFiles/OpenSTA.dir/util/PatternMatch.cc.o
[ 78%] Building CXX object src/sta/CMakeFiles/OpenSTA.dir/util/Report.cc.o
[ 78%] Building CXX object src/sta/CMakeFiles/OpenSTA.dir/util/ReportStd.cc.o
[ 78%] Building CXX object src/sta/CMakeFiles/OpenSTA.dir/util/ReportTcl.cc.o
[ 78%] Building CXX object src/sta/CMakeFiles/OpenSTA.dir/util/RiseFallMinMaxDelay.cc.o
[ 78%] Building CXX object src/sta/CMakeFiles/OpenSTA.dir/util/Stats.cc.o
[ 78%] Building CXX object src/sta/CMakeFiles/OpenSTA.dir/verilog/VerilogReader.cc.o
[ 78%] Building CXX object src/sta/CMakeFiles/OpenSTA.dir/verilog/VerilogWriter.cc.o
[ 78%] Building CXX object src/sta/CMakeFiles/OpenSTA.dir/util/MachineLinux.cc.o
[ 78%] Building CXX object src/sta/CMakeFiles/OpenSTA.dir/LibExprLex.cc.o
[ 78%] Building CXX object src/sta/CMakeFiles/OpenSTA.dir/LibertyLex.cc.o
[ 78%] Building CXX object src/sta/CMakeFiles/OpenSTA.dir/LibertyParse.cc.o
[ 78%] Building CXX object src/sta/CMakeFiles/OpenSTA.dir/SpefLex.cc.o
[ 78%] Building CXX object src/sta/CMakeFiles/OpenSTA.dir/SpefParse.cc.o
[ 78%] Building CXX object src/sta/CMakeFiles/OpenSTA.dir/SdfLex.cc.o
[ 78%] Building CXX object src/sta/CMakeFiles/OpenSTA.dir/SdfParse.cc.o
[ 78%] Building CXX object src/sta/CMakeFiles/OpenSTA.dir/VerilogLex.cc.o
[ 78%] Building CXX object src/sta/CMakeFiles/OpenSTA.dir/VerilogParse.cc.o
[ 78%] Building CXX object src/sta/CMakeFiles/OpenSTA.dir/SaifLex.cc.o
[ 78%] Building CXX object src/sta/CMakeFiles/OpenSTA.dir/SaifParse.cc.o
[ 78%] Linking CXX static library libOpenSTA.a
[ 85%] Built target OpenSTA
[ 85%] Building CXX object src/odb/src/3dblox/CMakeFiles/3dblox.dir/3dblox.cpp.o
[ 85%] Linking CXX static library lib3dblox.a
[ 85%] Built target 3dblox
[ 85%] Generating messages.checked
[ 85%] Built target odb_messages
[ 85%] Built target dft_config_lib
[ 85%] Built target dft_clock_domain_lib
[ 85%] Building CXX object src/dbSta/src/CMakeFiles/dbSta_lib.dir/dbSta.cc.o
[ 85%] Building CXX object src/dbSta/src/CMakeFiles/dbSta_lib.dir/dbNetwork.cc.o
[ 92%] Building CXX object src/dbSta/src/CMakeFiles/dbSta_lib.dir/dbSdcNetwork.cc.o
[ 92%] Building CXX object src/dbSta/src/CMakeFiles/dbSta_lib.dir/dbEditHierarchy.cc.o
[ 92%] Building CXX object src/dbSta/src/CMakeFiles/dbSta_lib.dir/dbReadVerilog.cc.o
[ 92%] Building CXX object src/dbSta/src/CMakeFiles/dbSta_lib.dir/SpefWriter.cc.o
[ 92%] Building CXX object src/dbSta/src/CMakeFiles/dbSta_lib.dir/IpChecker.cc.o
[ 92%] Linking CXX static library libdbSta_lib.a
[ 92%] Built target dbSta_lib
[ 92%] Generating messages.checked
[ 92%] Built target dbSta_messages
[ 92%] Building CXX object src/dbSta/src/CMakeFiles/dbSta.dir/CMakeFiles/dbSta.dir/dbStaTCL_wrap.cxx.o
[ 92%] Building CXX object src/dbSta/src/CMakeFiles/dbSta.dir/MakeDbSta.cc.o
[ 92%] Linking CXX static library dbSta.a
[ 92%] Built target dbSta
[ 92%] Building CXX object src/dft/src/utils/CMakeFiles/dft_utils_lib.dir/Utils.cpp.o
[ 92%] Linking CXX static library libdft_utils_lib.a
[ 92%] Built target dft_utils_lib
[ 92%] Building CXX object src/dft/src/cells/CMakeFiles/dft_cells_lib.dir/OneBitScanCell.cpp.o
[ 92%] Building CXX object src/dft/src/cells/CMakeFiles/dft_cells_lib.dir/ScanCellFactory.cpp.o
[100%] Linking CXX static library libdft_cells_lib.a
[100%] Built target dft_cells_lib
