OpenROAD 26Q2-1164-g08f67ee5ec 
Features included (+) or not (-): +GPU +GUI +Python
This program is licensed under the BSD-3 license. See the LICENSE file for details.
Components of this program may be licensed under more restrictive licenses which must be honored.
[INFO ORD-0030] Using 4 thread(s).
read_liberty /root/pact-deps/OpenROAD-flow-scripts/flow/platforms/nangate45/lib/NangateOpenCellLibrary_typical.lib
read_db /mnt/c/Users/Abhinav/OneDrive/Desktop/PACT/PACT/results/phase2d_independent_gp/raw/orfs/results/nangate45/s5378/phase2c_s29_83e0d5f5bd6a/5_1_grt.odb
read_sdc /mnt/c/Users/Abhinav/OneDrive/Desktop/PACT/PACT/results/phase2d_independent_gp/raw/orfs/results/nangate45/s5378/phase2c_s29_83e0d5f5bd6a/5_1_grt.sdc
source /root/pact-deps/OpenROAD-flow-scripts/flow/platforms/nangate45/setRC.tcl
detailed_route -output_drc /mnt/c/Users/Abhinav/OneDrive/Desktop/PACT/PACT/results/phase2d_independent_gp/raw/orfs/reports/nangate45/s5378/phase2c_s29_83e0d5f5bd6a/5_route_drc.rpt -output_maze /mnt/c/Users/Abhinav/OneDrive/Desktop/PACT/PACT/results/phase2d_independent_gp/raw/orfs/results/nangate45/s5378/phase2c_s29_83e0d5f5bd6a/maze.log -droute_end_iter 64 -verbose 1 -drc_report_iter_step 5
[INFO DRT-0149] Reading tech and libs.

Units:                2000
Number of layers:     21
Number of macros:     135
Number of vias:       33
Number of viarulegen: 19

[INFO DRT-0150] Reading design.

Design:                   s5378
Die area:                 ( 0 0 ) ( 171970 171970 )
Number of track patterns: 20
Number of DEF vias:       0
Number of components:     2091
Number of terminals:      92
Number of snets:          2
Number of nets:           1997

[INFO DRT-0167] List of default vias:
  Layer via2
    default via: via2_5
  Layer via3
    default via: via3_2
  Layer via4
    default via: via4_0
  Layer via5
    default via: via5_0
  Layer via6
    default via: via6_0
  Layer via7
    default via: via7_0
  Layer via8
    default via: via8_0
  Layer via9
    default via: via9_0
[INFO DRT-0162] Library cell analysis.
[INFO DRT-0163] Instance analysis.
[INFO DRT-0164] Number of unique instances = 32.
[INFO DRT-0168] Init region query.
[INFO DRT-0024]   Complete active.
[INFO DRT-0024]   Complete Fr_VIA.
[INFO DRT-0024]   Complete metal1.
[INFO DRT-0024]   Complete via1.
[INFO DRT-0024]   Complete metal2.
[INFO DRT-0024]   Complete via2.
[INFO DRT-0024]   Complete metal3.
[INFO DRT-0024]   Complete via3.
[INFO DRT-0024]   Complete metal4.
[INFO DRT-0024]   Complete via4.
[INFO DRT-0024]   Complete metal5.
[INFO DRT-0024]   Complete via5.
[INFO DRT-0024]   Complete metal6.
[INFO DRT-0024]   Complete via6.
[INFO DRT-0024]   Complete metal7.
[INFO DRT-0024]   Complete via7.
[INFO DRT-0024]   Complete metal8.
[INFO DRT-0024]   Complete via8.
[INFO DRT-0024]   Complete metal9.
[INFO DRT-0024]   Complete via9.
[INFO DRT-0024]   Complete metal10.
[INFO DRT-0033] active shape region query size = 0.
[INFO DRT-0033] FR_VIA shape region query size = 0.
[INFO DRT-0033] metal1 shape region query size = 29330.
[INFO DRT-0033] via1 shape region query size = 270.
[INFO DRT-0033] metal2 shape region query size = 180.
[INFO DRT-0033] via2 shape region query size = 270.
[INFO DRT-0033] metal3 shape region query size = 180.
[INFO DRT-0033] via3 shape region query size = 270.
[INFO DRT-0033] metal4 shape region query size = 102.
[INFO DRT-0033] via4 shape region query size = 90.
[INFO DRT-0033] metal5 shape region query size = 75.
[INFO DRT-0033] via5 shape region query size = 90.
[INFO DRT-0033] metal6 shape region query size = 51.
[INFO DRT-0033] via6 shape region query size = 36.
[INFO DRT-0033] metal7 shape region query size = 21.
[INFO DRT-0033] via7 shape region query size = 0.
[INFO DRT-0033] metal8 shape region query size = 0.
[INFO DRT-0033] via8 shape region query size = 0.
[INFO DRT-0033] metal9 shape region query size = 0.
[INFO DRT-0033] via9 shape region query size = 0.
[INFO DRT-0033] metal10 shape region query size = 0.
[INFO DRT-0165] Start pin access.
[INFO DRT-0078]   Complete 152 pins.
[INFO DRT-0081]   Complete 32 unique inst patterns.
[INFO DRT-0084]   Complete 1055 groups.
#scanned instances     = 2091
#unique  instances     = 32
#stdCellGenAp          = 613
#stdCellValidPlanarAp  = 0
#stdCellValidViaAp     = 487
#stdCellPinNoAp        = 0
#stdCellPinCnt         = 5901
#instTermValidViaApCnt = 0
#macroGenAp            = 0
#macroValidPlanarAp    = 0
#macroValidViaAp       = 0
#macroNoAp             = 0
[INFO DRT-0166] Complete pin access.
[INFO DRT-0267] cpu time = 00:00:15, elapsed time = 00:00:03, memory = 261.12 (MB), peak = 260.75 (MB)

[INFO DRT-0157] Number of guides:     12876

[INFO DRT-0169] Post process guides.
[INFO DRT-0176] GCELLGRID X 0 DO 30 STEP 5700 ;
[INFO DRT-0177] GCELLGRID Y 0 DO 30 STEP 5700 ;
[INFO DRT-0028]   Complete active.
[INFO DRT-0028]   Complete Fr_VIA.
[INFO DRT-0028]   Complete metal1.
[INFO DRT-0028]   Complete via1.
[INFO DRT-0028]   Complete metal2.
[INFO DRT-0028]   Complete via2.
[INFO DRT-0028]   Complete metal3.
[INFO DRT-0028]   Complete via3.
[INFO DRT-0028]   Complete metal4.
[INFO DRT-0028]   Complete via4.
[INFO DRT-0028]   Complete metal5.
[INFO DRT-0028]   Complete via5.
[INFO DRT-0028]   Complete metal6.
[INFO DRT-0028]   Complete via6.
[INFO DRT-0028]   Complete metal7.
[INFO DRT-0028]   Complete via7.
[INFO DRT-0028]   Complete metal8.
[INFO DRT-0028]   Complete via8.
[INFO DRT-0028]   Complete metal9.
[INFO DRT-0028]   Complete via9.
[INFO DRT-0028]   Complete metal10.
[INFO DRT-0178] Init guide query.
[INFO DRT-0035]   Complete active (guide).
[INFO DRT-0035]   Complete Fr_VIA (guide).
[INFO DRT-0035]   Complete metal1 (guide).
[INFO DRT-0035]   Complete via1 (guide).
[INFO DRT-0035]   Complete metal2 (guide).
[INFO DRT-0035]   Complete via2 (guide).
[INFO DRT-0035]   Complete metal3 (guide).
[INFO DRT-0035]   Complete via3 (guide).
[INFO DRT-0035]   Complete metal4 (guide).
[INFO DRT-0035]   Complete via4 (guide).
[INFO DRT-0035]   Complete metal5 (guide).
[INFO DRT-0035]   Complete via5 (guide).
[INFO DRT-0035]   Complete metal6 (guide).
[INFO DRT-0035]   Complete via6 (guide).
[INFO DRT-0035]   Complete metal7 (guide).
[INFO DRT-0035]   Complete via7 (guide).
[INFO DRT-0035]   Complete metal8 (guide).
[INFO DRT-0035]   Complete via8 (guide).
[INFO DRT-0035]   Complete metal9 (guide).
[INFO DRT-0035]   Complete via9 (guide).
[INFO DRT-0035]   Complete metal10 (guide).
[INFO DRT-0036] active guide region query size = 0.
[INFO DRT-0036] FR_VIA guide region query size = 0.
[INFO DRT-0036] metal1 guide region query size = 4597.
[INFO DRT-0036] via1 guide region query size = 0.
[INFO DRT-0036] metal2 guide region query size = 3596.
[INFO DRT-0036] via2 guide region query size = 0.
[INFO DRT-0036] metal3 guide region query size = 1873.
[INFO DRT-0036] via3 guide region query size = 0.
[INFO DRT-0036] metal4 guide region query size = 283.
[INFO DRT-0036] via4 guide region query size = 0.
[INFO DRT-0036] metal5 guide region query size = 138.
[INFO DRT-0036] via5 guide region query size = 0.
[INFO DRT-0036] metal6 guide region query size = 41.
[INFO DRT-0036] via6 guide region query size = 0.
[INFO DRT-0036] metal7 guide region query size = 0.
[INFO DRT-0036] via7 guide region query size = 0.
[INFO DRT-0036] metal8 guide region query size = 0.
[INFO DRT-0036] via8 guide region query size = 0.
[INFO DRT-0036] metal9 guide region query size = 0.
[INFO DRT-0036] via9 guide region query size = 0.
[INFO DRT-0036] metal10 guide region query size = 0.
[INFO DRT-0179] Init gr pin query.
[INFO DRT-0267] cpu time = 00:00:00, elapsed time = 00:00:00, memory = 265.84 (MB), peak = 265.38 (MB)
[INFO DRT-0245] skipped writing guide updates to database.
[INFO DRT-0181] Start track assignment.
[INFO DRT-0184] Done with 3920 vertical wires in 1 frboxes and 6608 horizontal wires in 1 frboxes.
[INFO DRT-0186] Done with 953 vertical wires in 1 frboxes and 1067 horizontal wires in 1 frboxes.
[INFO DRT-0182] Complete track assignment.
[INFO DRT-0267] cpu time = 00:00:01, elapsed time = 00:00:01, memory = 283.15 (MB), peak = 282.71 (MB)
[INFO DRT-0187] Start routing data preparation.
[INFO DRT-0267] cpu time = 00:00:00, elapsed time = 00:00:00, memory = 283.74 (MB), peak = 283.34 (MB)
[INFO DRT-0194] Start detail routing.
[INFO DRT-0195] Start 0th optimization iteration.
    Completing 10% with 0 violations.
    elapsed time = 00:00:00, memory = 326.93 (MB).
    Completing 20% with 0 violations.
    elapsed time = 00:00:00, memory = 330.57 (MB).
    Completing 30% with 0 violations.
    elapsed time = 00:00:02, memory = 327.44 (MB).
    Completing 40% with 66 violations.
    elapsed time = 00:00:03, memory = 361.47 (MB).
    Completing 50% with 66 violations.
    elapsed time = 00:00:04, memory = 362.46 (MB).
    Completing 60% with 66 violations.
    elapsed time = 00:00:04, memory = 336.75 (MB).
    Completing 70% with 112 violations.
    elapsed time = 00:00:05, memory = 376.68 (MB).
    Completing 80% with 112 violations.
    elapsed time = 00:00:06, memory = 361.97 (MB).
    Completing 90% with 172 violations.
    elapsed time = 00:00:09, memory = 395.24 (MB).
    Completing 100% with 243 violations.
    elapsed time = 00:00:11, memory = 374.57 (MB).
[INFO DRT-0199]   Number of violations = 332.
Viol/Layer        via1 metal2 metal3 metal4 metal5
Metal Spacing        0     23      9      0      0
Recheck              0     64     22      2      1
Short                1    188     19      2      1
[INFO DRT-0267] cpu time = 00:00:31, elapsed time = 00:00:12, memory = 903.36 (MB), peak = 902.98 (MB)
Total wire length = 19670 um.
Total wire length on LAYER metal1 = 0 um.
Total wire length on LAYER metal2 = 7523 um.
Total wire length on LAYER metal3 = 8703 um.
Total wire length on LAYER metal4 = 2545 um.
Total wire length on LAYER metal5 = 678 um.
Total wire length on LAYER metal6 = 219 um.
Total wire length on LAYER metal7 = 0 um.
Total wire length on LAYER metal8 = 0 um.
Total wire length on LAYER metal9 = 0 um.
Total wire length on LAYER metal10 = 0 um.
Total number of vias = 11536.
Up-via summary (total 11536):

----------------
 active        0
 metal1     5932
 metal2     4978
 metal3      418
 metal4      162
 metal5       46
 metal6        0
 metal7        0
 metal8        0
 metal9        0
----------------
       11536


[INFO DRT-0195] Start 1st optimization iteration.
    Completing 10% with 332 violations.
    elapsed time = 00:00:00, memory = 911.05 (MB).
    Completing 20% with 332 violations.
    elapsed time = 00:00:00, memory = 911.05 (MB).
    Completing 30% with 332 violations.
    elapsed time = 00:00:01, memory = 911.05 (MB).
    Completing 40% with 283 violations.
    elapsed time = 00:00:03, memory = 914.23 (MB).
    Completing 50% with 283 violations.
    elapsed time = 00:00:04, memory = 914.23 (MB).
    Completing 60% with 283 violations.
    elapsed time = 00:00:05, memory = 915.37 (MB).
    Completing 70% with 222 violations.
    elapsed time = 00:00:05, memory = 940.17 (MB).
    Completing 80% with 222 violations.
    elapsed time = 00:00:09, memory = 940.17 (MB).
    Completing 90% with 189 violations.
    elapsed time = 00:00:11, memory = 930.91 (MB).
    Completing 100% with 91 violations.
    elapsed time = 00:00:12, memory = 930.91 (MB).
[INFO DRT-0199]   Number of violations = 91.
Viol/Layer      metal2   via2
Cut Spacing          0      1
Metal Spacing       29      0
Short               61      0
[INFO DRT-0267] cpu time = 00:00:30, elapsed time = 00:00:12, memory = 933.91 (MB), peak = 939.73 (MB)
Total wire length = 19582 um.
Total wire length on LAYER metal1 = 0 um.
Total wire length on LAYER metal2 = 7527 um.
Total wire length on LAYER metal3 = 8650 um.
Total wire length on LAYER metal4 = 2521 um.
Total wire length on LAYER metal5 = 661 um.
Total wire length on LAYER metal6 = 221 um.
Total wire length on LAYER metal7 = 0 um.
Total wire length on LAYER metal8 = 0 um.
Total wire length on LAYER metal9 = 0 um.
Total wire length on LAYER metal10 = 0 um.
Total number of vias = 11479.
Up-via summary (total 11479):

----------------
 active        0
 metal1     5930
 metal2     4936
 metal3      406
 metal4      161
 metal5       46
 metal6        0
 metal7        0
 metal8        0
 metal9        0
----------------
       11479


[INFO DRT-0195] Start 2nd optimization iteration.
    Completing 10% with 91 violations.
    elapsed time = 00:00:00, memory = 933.91 (MB).
    Completing 20% with 91 violations.
    elapsed time = 00:00:00, memory = 933.91 (MB).
    Completing 30% with 91 violations.
    elapsed time = 00:00:01, memory = 933.91 (MB).
    Completing 40% with 77 violations.
    elapsed time = 00:00:02, memory = 933.91 (MB).
    Completing 50% with 77 violations.
    elapsed time = 00:00:04, memory = 933.91 (MB).
    Completing 60% with 77 violations.
    elapsed time = 00:00:05, memory = 933.91 (MB).
    Completing 70% with 78 violations.
    elapsed time = 00:00:05, memory = 933.91 (MB).
    Completing 80% with 78 violations.
    elapsed time = 00:00:07, memory = 941.84 (MB).
    Completing 90% with 71 violations.
    elapsed time = 00:00:10, memory = 941.84 (MB).
    Completing 100% with 70 violations.
    elapsed time = 00:00:11, memory = 943.00 (MB).
[INFO DRT-0199]   Number of violations = 70.
Viol/Layer      metal2 metal3
Metal Spacing       16      0
Short               52      2
[INFO DRT-0267] cpu time = 00:00:24, elapsed time = 00:00:11, memory = 943.00 (MB), peak = 942.48 (MB)
Total wire length = 19513 um.
Total wire length on LAYER metal1 = 0 um.
Total wire length on LAYER metal2 = 7476 um.
Total wire length on LAYER metal3 = 8646 um.
Total wire length on LAYER metal4 = 2512 um.
Total wire length on LAYER metal5 = 658 um.
Total wire length on LAYER metal6 = 220 um.
Total wire length on LAYER metal7 = 0 um.
Total wire length on LAYER metal8 = 0 um.
Total wire length on LAYER metal9 = 0 um.
Total wire length on LAYER metal10 = 0 um.
Total number of vias = 11483.
Up-via summary (total 11483):

----------------
 active        0
 metal1     5936
 metal2     4933
 metal3      407
 metal4      160
 metal5       47
 metal6        0
 metal7        0
 metal8        0
 metal9        0
----------------
       11483


[INFO DRT-0195] Start 3rd guides tiles iteration.
    Completing 10% with 70 violations.
    elapsed time = 00:00:00, memory = 943.00 (MB).
    Completing 20% with 70 violations.
    elapsed time = 00:00:00, memory = 943.00 (MB).
    Completing 30% with 70 violations.
    elapsed time = 00:00:00, memory = 943.00 (MB).
    Completing 40% with 70 violations.
    elapsed time = 00:00:00, memory = 946.61 (MB).
    Completing 50% with 18 violations.
    elapsed time = 00:00:00, memory = 946.61 (MB).
    Completing 60% with 18 violations.
    elapsed time = 00:00:00, memory = 946.61 (MB).
    Completing 70% with 18 violations.
    elapsed time = 00:00:01, memory = 946.61 (MB).
    Completing 80% with 12 violations.
    elapsed time = 00:00:01, memory = 946.61 (MB).
    Completing 90% with 12 violations.
    elapsed time = 00:00:01, memory = 976.52 (MB).
    Completing 100% with 0 violations.
    elapsed time = 00:00:04, memory = 946.62 (MB).
[INFO DRT-0199]   Number of violations = 0.
[INFO DRT-0267] cpu time = 00:00:07, elapsed time = 00:00:04, memory = 946.62 (MB), peak = 975.98 (MB)
Total wire length = 19515 um.
Total wire length on LAYER metal1 = 0 um.
Total wire length on LAYER metal2 = 7362 um.
Total wire length on LAYER metal3 = 8655 um.
Total wire length on LAYER metal4 = 2606 um.
Total wire length on LAYER metal5 = 666 um.
Total wire length on LAYER metal6 = 224 um.
Total wire length on LAYER metal7 = 0 um.
Total wire length on LAYER metal8 = 0 um.
Total wire length on LAYER metal9 = 0 um.
Total wire length on LAYER metal10 = 0 um.
Total number of vias = 11561.
Up-via summary (total 11561):

----------------
 active        0
 metal1     5937
 metal2     4987
 metal3      430
 metal4      160
 metal5       47
 metal6        0
 metal7        0
 metal8        0
 metal9        0
----------------
       11561


[INFO DRT-0198] Complete detail routing.
Total wire length = 19515 um.
Total wire length on LAYER metal1 = 0 um.
Total wire length on LAYER metal2 = 7362 um.
Total wire length on LAYER metal3 = 8655 um.
Total wire length on LAYER metal4 = 2606 um.
Total wire length on LAYER metal5 = 666 um.
Total wire length on LAYER metal6 = 224 um.
Total wire length on LAYER metal7 = 0 um.
Total wire length on LAYER metal8 = 0 um.
Total wire length on LAYER metal9 = 0 um.
Total wire length on LAYER metal10 = 0 um.
Total number of vias = 11561.
Up-via summary (total 11561):

----------------
 active        0
 metal1     5937
 metal2     4987
 metal3      430
 metal4      160
 metal5       47
 metal6        0
 metal7        0
 metal8        0
 metal9        0
----------------
       11561


[INFO DRT-0267] cpu time = 00:01:34, elapsed time = 00:00:41, memory = 946.69 (MB), peak = 975.98 (MB)

[INFO DRT-0180] Post processing.
Took 46 seconds: detailed_route -output_drc /mnt/c/Users/Abhinav/OneDrive/Desktop/PACT/PACT/results/phase2d_independent_gp/raw/orfs/reports/nangate45/s5378/phase2c_s29_83e0d5f5bd6a/5_route_drc.rpt -output_maze /mnt/c/Users/Abhinav/OneDrive/Desktop/PACT/PACT/results/phase2d_independent_gp/raw/orfs/results/nangate45/s5378/phase2c_s29_83e0d5f5bd6a/maze.log -droute_end_iter 64 -verbose 1 -drc_report_iter_step 5
[WARNING GRT-0246] No diode with LEF class CORE ANTENNACELL found.
[INFO ANT-0002] Found 0 net violations.
[INFO ANT-0001] Found 0 pin violations.
[INFO ANT-0002] Found 0 net violations.
[INFO ANT-0001] Found 0 pin violations.
Design area 2587 um^2 37% utilization.
write_db /mnt/c/Users/Abhinav/OneDrive/Desktop/PACT/PACT/results/phase2d_independent_gp/raw/orfs/results/nangate45/s5378/phase2c_s29_83e0d5f5bd6a/5_2_route.odb
Elapsed time: 0:50.52[h:]min:sec. CPU time: user 113.10 sys 2.13 (228%). Peak memory: 999400KB.
Log                       Ext     Elapsed/s Peak Memory/MB sha1sum result [0:20)
5_2_route                 .odb           50            975 513fce2feb52eac68596
