OpenROAD 26Q2-1164-g08f67ee5ec 
Features included (+) or not (-): +GPU +GUI +Python
This program is licensed under the BSD-3 license. See the LICENSE file for details.
Components of this program may be licensed under more restrictive licenses which must be honored.
[INFO ORD-0030] Using 4 thread(s).
mkdir -p ./objects/nangate45/s15850/phase0c_f3e7b516a_s11_k1_J50_85adaf29_7f655d61
/root/pact-deps/OpenROAD-flow-scripts/flow/scripts/flow.sh 4_1_cts cts
Running cts.tcl, stage 4_1_cts
read_liberty /root/pact-deps/OpenROAD-flow-scripts/flow/platforms/nangate45/lib/NangateOpenCellLibrary_typical.lib
read_db ./results/nangate45/s15850/phase0c_f3e7b516a_s11_k1_J50_85adaf29_7f655d61/3_place.odb
read_sdc ./results/nangate45/s15850/phase0c_f3e7b516a_s11_k1_J50_85adaf29_7f655d61/3_place.sdc
source /root/pact-deps/OpenROAD-flow-scripts/flow/platforms/nangate45/setRC.tcl
clock_tree_synthesis -sink_clustering_enable -repair_clock_nets
[INFO CTS-0050] Root buffer is CLKBUF_X3.
[INFO CTS-0051] Sink buffer is CLKBUF_X3.
[INFO CTS-0052] The following clock buffers will be used for CTS:
                    CLKBUF_X3
[INFO CTS-0049] Characterization buffer is CLKBUF_X3.
[INFO CTS-0007] Net "CK" found for clock "clk".
[INFO CTS-0010]  Clock net "CK" has 534 sinks.
[INFO CTS-0008] TritonCTS found 1 clock nets.
[INFO CTS-0097] Characterization used 1 buffer(s) types.
[INFO CTS-0201] 0 blockages from hard placement blockages and placed macros will be used.
[INFO CTS-0027] Generating H-Tree topology for net CK.
[INFO CTS-0028]  Total number of sinks: 534.
[INFO CTS-0090]  Sinks will be clustered based on buffer max cap.
[INFO CTS-0030]  Number of static layers: 0.
[INFO CTS-0020]  Wire segment unit: 14000  dbu (7 um).
[INFO CTS-0206] Best clustering solution was found from max clustering size of 8 and max clustering diameter of 42.
[INFO CTS-0019]  Total number of sinks after clustering: 81.
[INFO CTS-0024]  Normalized sink region: [(2.61579, 1.42381), (19.4457, 18.9898)].
[INFO CTS-0025]     Width:  16.8299.
[INFO CTS-0026]     Height: 17.5660.
 Level 1
    Direction: Vertical
    Sinks per sub-region: 41
    Sub-region size: 16.8299 X 8.7830
[INFO CTS-0034]     Segment length (rounded): 4.
 Level 2
    Direction: Horizontal
    Sinks per sub-region: 21
    Sub-region size: 8.4150 X 8.7830
[INFO CTS-0034]     Segment length (rounded): 4.
 Level 3
    Direction: Vertical
    Sinks per sub-region: 11
    Sub-region size: 8.4150 X 4.3915
[INFO CTS-0034]     Segment length (rounded): 2.
[INFO CTS-0032]  Stop criterion found. Max number of sinks is 15.
[INFO CTS-0035]  Number of sinks covered: 81.
[INFO CTS-0018]     Created 90 clock buffers.
[INFO CTS-0012]     Minimum number of buffers in the clock path: 3.
[INFO CTS-0013]     Maximum number of buffers in the clock path: 3.
[INFO CTS-0015]     Created 90 clock nets.
[INFO CTS-0016]     Fanout distribution for the current clock = 3:1, 5:8, 6:26, 7:33, 8:15, 9:2, 10:1, 11:1, 13:2..
[INFO CTS-0017]     Max level of the clock tree: 3.
[INFO CTS-0098] Clock net "CK"
[INFO CTS-0099]  Sinks 604
[INFO CTS-0100]  Leaf buffers 81
[INFO CTS-0101]  Average sink wire length 207.82 um
[INFO CTS-0102]  Path depth 2 - 3
[INFO CTS-0207]  Dummy loads inserted 70
estimate_parasitics -placement
detailed_placement
[INFO DPL-0006] Core area: 20959.47 um^2, Instances area: 7538.97 um^2, Utilization: 36.0%
[INFO DPL-0005] Diamond search max displacement: +/- 500 sites horizontally, +/- 100 rows vertically.
[INFO DPL-1101] Legalizing using diamond search.
Movements Summary
---------------------------------------
Total cells:                    5038
Diamond Move Success:           5038 (100.00%)
Diamond Move Failure:              0
Rip-up and replace Success:        0 (  0.00% of diamond failures)
Rip-up and replace Failure:        0
Total Placement Failures:          0
---------------------------------------
Placement Analysis
---------------------------------
total displacement        208.6 u
average displacement        0.0 u
max displacement            4.7 u
original HPWL           73890.9 u
legalized HPWL          73925.8 u
delta HPWL                    0 %

estimate_parasitics -placement
repair_timing -setup_margin 0 -hold_margin 0 -repair_tns 100 -verbose
[INFO RSZ-0100] Repair move sequence: UnbufferMove SizeUpMove SwapPinsMove BufferMove CloneMove SplitLoadMove 
[INFO RSZ-0098] No setup violations found
[INFO RSZ-0046] Found 88 endpoints with hold violations.
Iteration | Resized | Buffers | Cloned Gates |   Area   |   WNS   |   TNS   | Endpoint
--------------------------------------------------------------------------------------
        0 |       0 |       0 |            0 |    +0.0% |  -0.124 |  -5.163 | U_g471/SI
       10 |       0 |      22 |            0 |    +0.2% |  -0.113 |  -4.161 | U_g584/D
       20 |       0 |      43 |            0 |    +0.5% |  -0.077 |  -3.093 | U_g1711/D
       30 |       0 |      75 |            0 |    +0.8% |  -0.067 |  -2.404 | U_g471/SI
       40 |       1 |      86 |            0 |    +0.9% |  -0.067 |  -0.236 | U_g471/SI
       50 |       1 |      86 |            0 |    +0.9% |  -0.067 |  -0.236 | U_g471/SI
       60 |       1 |      86 |            0 |    +0.9% |  -0.067 |  -0.236 | U_g471/SI
       70 |       1 |      90 |            0 |    +1.0% |  -0.067 |  -0.118 | U_g471/SI
       80 |       1 |      93 |            0 |    +1.0% |  -0.067 |  -0.067 | U_g471/SI
    final |       1 |      96 |            0 |    +1.0% |   0.001 |   0.000 | U_g1711/D
--------------------------------------------------------------------------------------
[INFO RSZ-0032] Inserted 96 hold buffers.
detailed_placement
[INFO DPL-0006] Core area: 20959.47 um^2, Instances area: 7616.11 um^2, Utilization: 36.3%
[INFO DPL-0005] Diamond search max displacement: +/- 500 sites horizontally, +/- 100 rows vertically.
[INFO DPL-1101] Legalizing using diamond search.
Movements Summary
---------------------------------------
Total cells:                    5134
Diamond Move Success:           5134 (100.00%)
Diamond Move Failure:              0
Rip-up and replace Success:        0 (  0.00% of diamond failures)
Rip-up and replace Failure:        0
Total Placement Failures:          0
---------------------------------------
Placement Analysis
---------------------------------
total displacement         78.3 u
average displacement        0.0 u
max displacement            2.6 u
original HPWL           74167.0 u
legalized HPWL          74199.9 u
delta HPWL                    0 %

estimate_parasitics -placement
Report metrics stage 4, cts final...

==========================================================================
cts final report_design_area
--------------------------------------------------------------------------
Design area 7616 um^2 36% utilization.
write_db ./results/nangate45/s15850/phase0c_f3e7b516a_s11_k1_J50_85adaf29_7f655d61/4_1_cts.odb
write_sdc -no_timestamp ./results/nangate45/s15850/phase0c_f3e7b516a_s11_k1_J50_85adaf29_7f655d61/4_cts.sdc
Log                       Ext     Elapsed/s Peak Memory/MB sha1sum result [0:20)
4_1_cts                   .odb            6            169 f7b0fdf9c8807f046d97
cp ./results/nangate45/s15850/phase0c_f3e7b516a_s11_k1_J50_85adaf29_7f655d61/4_1_cts.odb ./results/nangate45/s15850/phase0c_f3e7b516a_s11_k1_J50_85adaf29_7f655d61/4_cts.odb
/root/pact-deps/OpenROAD-flow-scripts/flow/scripts/flow.sh 5_1_grt global_route
Running global_route.tcl, stage 5_1_grt
read_liberty /root/pact-deps/OpenROAD-flow-scripts/flow/platforms/nangate45/lib/NangateOpenCellLibrary_typical.lib
read_db ./results/nangate45/s15850/phase0c_f3e7b516a_s11_k1_J50_85adaf29_7f655d61/4_cts.odb
read_sdc ./results/nangate45/s15850/phase0c_f3e7b516a_s11_k1_J50_85adaf29_7f655d61/4_cts.sdc
source /root/pact-deps/OpenROAD-flow-scripts/flow/platforms/nangate45/setRC.tcl
pin_access
[INFO DRT-0149] Reading tech and libs.

Units:                2000
Number of layers:     21
Number of macros:     135
Number of vias:       33
Number of viarulegen: 19

[INFO DRT-0150] Reading design.

Design:                   s15850
Die area:                 ( 0 0 ) ( 295060 295060 )
Number of track patterns: 20
Number of DEF vias:       0
Number of components:     5392
Number of terminals:      233
Number of snets:          2
Number of nets:           5144

[INFO DRT-0167] List of default vias:
  Layer via2
    default via: via2_5
  Layer via3
    default via: via3_2
  Layer via4
    default via: via4_0
  Layer via5
    default via: via5_0
  Layer via6
    default via: via6_0
  Layer via7
    default via: via7_0
  Layer via8
    default via: via8_0
  Layer via9
    default via: via9_0
[INFO DRT-0162] Library cell analysis.
[INFO DRT-0163] Instance analysis.
[INFO DRT-0164] Number of unique instances = 55.
[INFO DRT-0168] Init region query.
[INFO DRT-0024]   Complete active.
[INFO DRT-0024]   Complete Fr_VIA.
[INFO DRT-0024]   Complete metal1.
[INFO DRT-0024]   Complete via1.
[INFO DRT-0024]   Complete metal2.
[INFO DRT-0024]   Complete via2.
[INFO DRT-0024]   Complete metal3.
[INFO DRT-0024]   Complete via3.
[INFO DRT-0024]   Complete metal4.
[INFO DRT-0024]   Complete via4.
[INFO DRT-0024]   Complete metal5.
[INFO DRT-0024]   Complete via5.
[INFO DRT-0024]   Complete metal6.
[INFO DRT-0024]   Complete via6.
[INFO DRT-0024]   Complete metal7.
[INFO DRT-0024]   Complete via7.
[INFO DRT-0024]   Complete metal8.
[INFO DRT-0024]   Complete via8.
[INFO DRT-0024]   Complete metal9.
[INFO DRT-0024]   Complete via9.
[INFO DRT-0024]   Complete metal10.
[INFO DRT-0033] active shape region query size = 0.
[INFO DRT-0033] FR_VIA shape region query size = 0.
[INFO DRT-0033] metal1 shape region query size = 88201.
[INFO DRT-0033] via1 shape region query size = 936.
[INFO DRT-0033] metal2 shape region query size = 624.
[INFO DRT-0033] via2 shape region query size = 936.
[INFO DRT-0033] metal3 shape region query size = 624.
[INFO DRT-0033] via3 shape region query size = 936.
[INFO DRT-0033] metal4 shape region query size = 348.
[INFO DRT-0033] via4 shape region query size = 300.
[INFO DRT-0033] metal5 shape region query size = 134.
[INFO DRT-0033] via5 shape region query size = 300.
[INFO DRT-0033] metal6 shape region query size = 217.
[INFO DRT-0033] via6 shape region query size = 120.
[INFO DRT-0033] metal7 shape region query size = 50.
[INFO DRT-0033] via7 shape region query size = 0.
[INFO DRT-0033] metal8 shape region query size = 0.
[INFO DRT-0033] via8 shape region query size = 0.
[INFO DRT-0033] metal9 shape region query size = 0.
[INFO DRT-0033] via9 shape region query size = 0.
[INFO DRT-0033] metal10 shape region query size = 0.
[INFO DRT-0165] Start pin access.
[INFO DRT-0078]   Complete 281 pins.
[INFO DRT-0081]   Complete 55 unique inst patterns.
[INFO DRT-0084]   Complete 3169 groups.
#scanned instances     = 5392
#unique  instances     = 55
#stdCellGenAp          = 1243
#stdCellValidPlanarAp  = 0
#stdCellValidViaAp     = 973
#stdCellPinNoAp        = 0
#stdCellPinCnt         = 15559
#instTermValidViaApCnt = 0
#macroGenAp            = 0
#macroValidPlanarAp    = 0
#macroValidViaAp       = 0
#macroNoAp             = 0
[INFO DRT-0166] Complete pin access.
[INFO DRT-0267] cpu time = 00:00:50, elapsed time = 00:00:12, memory = 127.62 (MB), peak = 127.50 (MB)
Took 13 seconds: pin_access
set_global_routing_random -seed 11
global_route -congestion_report_file ./reports/nangate45/s15850/phase0c_f3e7b516a_s11_k1_J50_85adaf29_7f655d61/congestion.rpt -congestion_iterations 30 -congestion_report_iter_step 5 -verbose
[INFO GRT-0020] Min routing layer: metal2
[INFO GRT-0021] Max routing layer: metal10
[INFO GRT-0022] Global adjustment: 0%
[INFO GRT-0023] Grid origin: (0, 0)
[INFO GRT-0088] Layer metal1  Track-Pitch = 0.1400  line-2-Via Pitch: 0.1350
[INFO GRT-0088] Layer metal2  Track-Pitch = 0.1900  line-2-Via Pitch: 0.1400
[INFO GRT-0088] Layer metal3  Track-Pitch = 0.1400  line-2-Via Pitch: 0.1400
[INFO GRT-0088] Layer metal4  Track-Pitch = 0.2800  line-2-Via Pitch: 0.2800
[INFO GRT-0088] Layer metal5  Track-Pitch = 0.2800  line-2-Via Pitch: 0.2800
[INFO GRT-0088] Layer metal6  Track-Pitch = 0.2800  line-2-Via Pitch: 0.2800
[INFO GRT-0088] Layer metal7  Track-Pitch = 0.8000  line-2-Via Pitch: 0.8000
[INFO GRT-0088] Layer metal8  Track-Pitch = 0.8000  line-2-Via Pitch: 0.8000
[INFO GRT-0088] Layer metal9  Track-Pitch = 1.6000  line-2-Via Pitch: 1.6000
[INFO GRT-0088] Layer metal10 Track-Pitch = 1.6000  line-2-Via Pitch: 1.6000
[INFO GRT-0003] Macros: 0
[INFO GRT-0004] Blockages: 0
[INFO GRT-0019] Found 91 clock nets.
[INFO GRT-0001] Minimum degree: 2
[INFO GRT-0002] Maximum degree: 59

[INFO GRT-0053] Routing resources analysis:
          Routing      Original      Derated      Resource
Layer     Direction    Resources     Resources    Reduction (%)
---------------------------------------------------------------
metal1     Horizontal          0             0          0.00%
metal2     Vertical        37850         17800          52.97%
metal3     Horizontal      52431         25727          50.93%
metal4     Vertical        25700         18200          29.18%
metal5     Horizontal      26215         18494          29.45%
metal6     Vertical        26282         18557          29.39%
metal7     Horizontal       8100          5750          29.01%
metal8     Vertical         9200          6600          28.26%
metal9     Horizontal       4550          2550          43.96%
metal10    Vertical         4550          2550          43.96%
---------------------------------------------------------------

[INFO GRT-0197] Via related to pin nodes: 29888
[INFO GRT-0198] Via related Steiner nodes: 770
[INFO GRT-0199] Via filling finished.
[INFO GRT-0111] Final number of vias: 39310
[INFO GRT-0112] Final usage 3D: 146638

[INFO GRT-0096] Final congestion report:
Layer         Resource        Demand        Usage (%)    Max H / Max V / Total Overflow
---------------------------------------------------------------------------------------
metal1               0             0            0.00%             0 /  0 /  0
metal2           17800          9991           56.13%             0 /  0 /  0
metal3           25727         11521           44.78%             0 /  0 /  0
metal4           18200          4159           22.85%             0 /  0 /  0
metal5           18494          2106           11.39%             0 /  0 /  0
metal6           18557           885            4.77%             0 /  0 /  0
metal7            5750            46            0.80%             0 /  0 /  0
metal8            6600             0            0.00%             0 /  0 /  0
metal9            2550             0            0.00%             0 /  0 /  0
metal10           2550             0            0.00%             0 /  0 /  0
---------------------------------------------------------------------------------------
Total           116228         28708           24.70%             0 /  0 /  0

[INFO GRT-0018] Total wirelength: 120671 um
[INFO GRT-0014] Routed nets: 5144
[INFO GRT-0303] Global routing runtime = 00:00:01
estimate_parasitics -global_routing
Perform buffer insertion and gate resizing...
repair_design -verbose
Iteration |   Area    | Resized | Buffers | Nets repaired | Remaining
---------------------------------------------------------------------
        0 |     +0.0% |       0 |       0 |             0 |      5748
     1000 |     +0.0% |       0 |       0 |             0 |      4748
     2000 |     +0.0% |       0 |       0 |             0 |      3748
     3000 |     +0.0% |       0 |       0 |             0 |      2748
     4000 |     +0.0% |       0 |       0 |             0 |      1748
     5000 |     +0.0% |       0 |       0 |             0 |       748
    final |     +0.0% |       0 |       0 |             0 |         0
---------------------------------------------------------------------
global_route -start_incremental
detailed_placement
[INFO DPL-0006] Core area: 20959.47 um^2, Instances area: 7616.11 um^2, Utilization: 36.3%
[INFO DPL-0005] Diamond search max displacement: +/- 500 sites horizontally, +/- 100 rows vertically.
[INFO DPL-1101] Legalizing using diamond search.
Movements Summary
---------------------------------------
Total cells:                    5134
Diamond Move Success:           5134 (100.00%)
Diamond Move Failure:              0
Rip-up and replace Success:        0 (  0.00% of diamond failures)
Rip-up and replace Failure:        0
Total Placement Failures:          0
---------------------------------------
Placement Analysis
---------------------------------
total displacement          0.0 u
average displacement        0.0 u
max displacement            0.0 u
original HPWL           74199.9 u
legalized HPWL          74199.9 u
delta HPWL                    0 %

global_route -end_incremental -congestion_report_file ./reports/nangate45/s15850/phase0c_f3e7b516a_s11_k1_J50_85adaf29_7f655d61/congestion_post_repair_design.rpt
Repair setup and hold violations...
estimate_parasitics -global_routing
repair_timing -setup_margin 0 -hold_margin 0 -repair_tns 100 -verbose
[INFO RSZ-0100] Repair move sequence: UnbufferMove SizeUpMove SwapPinsMove BufferMove CloneMove SplitLoadMove 
[INFO RSZ-0098] No setup violations found
[INFO RSZ-0046] Found 3 endpoints with hold violations.
Iteration | Resized | Buffers | Cloned Gates |   Area   |   WNS   |   TNS   | Endpoint
--------------------------------------------------------------------------------------
        0 |       0 |       0 |            0 |    +0.0% |  -0.001 |  -0.003 | U_g1129/SE
    final |       0 |       2 |            0 |    +0.0% |   0.001 |   0.000 | U_g1711/D
--------------------------------------------------------------------------------------
[INFO RSZ-0032] Inserted 2 hold buffers.
global_route -start_incremental
detailed_placement
[INFO DPL-0006] Core area: 20959.47 um^2, Instances area: 7617.71 um^2, Utilization: 36.3%
[INFO DPL-0005] Diamond search max displacement: +/- 500 sites horizontally, +/- 100 rows vertically.
[INFO DPL-1101] Legalizing using diamond search.
Movements Summary
---------------------------------------
Total cells:                    5136
Diamond Move Success:           5136 (100.00%)
Diamond Move Failure:              0
Rip-up and replace Success:        0 (  0.00% of diamond failures)
Rip-up and replace Failure:        0
Total Placement Failures:          0
---------------------------------------
Placement Analysis
---------------------------------
total displacement          1.9 u
average displacement        0.0 u
max displacement            1.1 u
original HPWL           74199.9 u
legalized HPWL          74200.2 u
delta HPWL                    0 %

check_placement -verbose
global_route -end_incremental -congestion_report_file ./reports/nangate45/s15850/phase0c_f3e7b516a_s11_k1_J50_85adaf29_7f655d61/congestion_post_repair_timing.rpt
estimate_parasitics -global_routing
global_route -start_incremental
global_route -end_incremental -congestion_report_file ./reports/nangate45/s15850/phase0c_f3e7b516a_s11_k1_J50_85adaf29_7f655d61/congestion_post_recover_power.rpt
Repair antennas...
[WARNING GRT-0246] No diode with LEF class CORE ANTENNACELL found.
[INFO ANT-0002] Found 0 net violations.
[INFO ANT-0001] Found 0 pin violations.
Estimate parasitics...
estimate_parasitics -global_routing
Report metrics stage 5, global route...

==========================================================================
global route report_design_area
--------------------------------------------------------------------------
Design area 7618 um^2 36% utilization.
[INFO FLW-0007] clock clk period 10.000000
[INFO FLW-0008] Clock clk period 1.775
[INFO FLW-0009] Clock clk slack 8.132
write_sdc -no_timestamp ./results/nangate45/s15850/phase0c_f3e7b516a_s11_k1_J50_85adaf29_7f655d61/updated_clks.sdc
[INFO FLW-0011] Path endpoint path count 2357
write_db ./results/nangate45/s15850/phase0c_f3e7b516a_s11_k1_J50_85adaf29_7f655d61/5_1_grt.odb
write_sdc -no_timestamp ./results/nangate45/s15850/phase0c_f3e7b516a_s11_k1_J50_85adaf29_7f655d61/5_1_grt.sdc
Log                       Ext     Elapsed/s Peak Memory/MB sha1sum result [0:20)
5_1_grt                   .odb           22            341 da8dbb182c746fdaeb8d
5_1_grt                   .sdc                             36c09dc3d049996e100f
/root/pact-deps/OpenROAD-flow-scripts/flow/scripts/flow.sh 5_2_route detail_route
Running detail_route.tcl, stage 5_2_route
read_liberty /root/pact-deps/OpenROAD-flow-scripts/flow/platforms/nangate45/lib/NangateOpenCellLibrary_typical.lib
read_db ./results/nangate45/s15850/phase0c_f3e7b516a_s11_k1_J50_85adaf29_7f655d61/5_1_grt.odb
read_sdc ./results/nangate45/s15850/phase0c_f3e7b516a_s11_k1_J50_85adaf29_7f655d61/5_1_grt.sdc
source /root/pact-deps/OpenROAD-flow-scripts/flow/platforms/nangate45/setRC.tcl
detailed_route -output_drc ./reports/nangate45/s15850/phase0c_f3e7b516a_s11_k1_J50_85adaf29_7f655d61/5_route_drc.rpt -output_maze ./results/nangate45/s15850/phase0c_f3e7b516a_s11_k1_J50_85adaf29_7f655d61/maze.log -droute_end_iter 64 -verbose 1 -drc_report_iter_step 5
[INFO DRT-0149] Reading tech and libs.

Units:                2000
Number of layers:     21
Number of macros:     135
Number of vias:       33
Number of viarulegen: 19

[INFO DRT-0150] Reading design.

Design:                   s15850
Die area:                 ( 0 0 ) ( 295060 295060 )
Number of track patterns: 20
Number of DEF vias:       0
Number of components:     5394
Number of terminals:      233
Number of snets:          2
Number of nets:           5146

[INFO DRT-0167] List of default vias:
  Layer via2
    default via: via2_5
  Layer via3
    default via: via3_2
  Layer via4
    default via: via4_0
  Layer via5
    default via: via5_0
  Layer via6
    default via: via6_0
  Layer via7
    default via: via7_0
  Layer via8
    default via: via8_0
  Layer via9
    default via: via9_0
[INFO DRT-0162] Library cell analysis.
[INFO DRT-0163] Instance analysis.
[INFO DRT-0164] Number of unique instances = 55.
[INFO DRT-0168] Init region query.
[INFO DRT-0024]   Complete active.
[INFO DRT-0024]   Complete Fr_VIA.
[INFO DRT-0024]   Complete metal1.
[INFO DRT-0024]   Complete via1.
[INFO DRT-0024]   Complete metal2.
[INFO DRT-0024]   Complete via2.
[INFO DRT-0024]   Complete metal3.
[INFO DRT-0024]   Complete via3.
[INFO DRT-0024]   Complete metal4.
[INFO DRT-0024]   Complete via4.
[INFO DRT-0024]   Complete metal5.
[INFO DRT-0024]   Complete via5.
[INFO DRT-0024]   Complete metal6.
[INFO DRT-0024]   Complete via6.
[INFO DRT-0024]   Complete metal7.
[INFO DRT-0024]   Complete via7.
[INFO DRT-0024]   Complete metal8.
[INFO DRT-0024]   Complete via8.
[INFO DRT-0024]   Complete metal9.
[INFO DRT-0024]   Complete via9.
[INFO DRT-0024]   Complete metal10.
[INFO DRT-0033] active shape region query size = 0.
[INFO DRT-0033] FR_VIA shape region query size = 0.
[INFO DRT-0033] metal1 shape region query size = 88223.
[INFO DRT-0033] via1 shape region query size = 936.
[INFO DRT-0033] metal2 shape region query size = 624.
[INFO DRT-0033] via2 shape region query size = 936.
[INFO DRT-0033] metal3 shape region query size = 624.
[INFO DRT-0033] via3 shape region query size = 936.
[INFO DRT-0033] metal4 shape region query size = 348.
[INFO DRT-0033] via4 shape region query size = 300.
[INFO DRT-0033] metal5 shape region query size = 134.
[INFO DRT-0033] via5 shape region query size = 300.
[INFO DRT-0033] metal6 shape region query size = 217.
[INFO DRT-0033] via6 shape region query size = 120.
[INFO DRT-0033] metal7 shape region query size = 50.
[INFO DRT-0033] via7 shape region query size = 0.
[INFO DRT-0033] metal8 shape region query size = 0.
[INFO DRT-0033] via8 shape region query size = 0.
[INFO DRT-0033] metal9 shape region query size = 0.
[INFO DRT-0033] via9 shape region query size = 0.
[INFO DRT-0033] metal10 shape region query size = 0.
[INFO DRT-0165] Start pin access.
[INFO DRT-0078]   Complete 281 pins.
[INFO DRT-0081]   Complete 55 unique inst patterns.
[INFO DRT-0084]   Complete 3170 groups.
#scanned instances     = 5394
#unique  instances     = 55
#stdCellGenAp          = 1243
#stdCellValidPlanarAp  = 0
#stdCellValidViaAp     = 973
#stdCellPinNoAp        = 0
#stdCellPinCnt         = 15563
#instTermValidViaApCnt = 0
#macroGenAp            = 0
#macroValidPlanarAp    = 0
#macroValidViaAp       = 0
#macroNoAp             = 0
[INFO DRT-0166] Complete pin access.
[INFO DRT-0267] cpu time = 00:00:52, elapsed time = 00:00:13, memory = 282.97 (MB), peak = 283.14 (MB)

[INFO DRT-0157] Number of guides:     43613

[INFO DRT-0169] Post process guides.
[INFO DRT-0176] GCELLGRID X 0 DO 51 STEP 5700 ;
[INFO DRT-0177] GCELLGRID Y 0 DO 51 STEP 5700 ;
[INFO DRT-0028]   Complete active.
[INFO DRT-0028]   Complete Fr_VIA.
[INFO DRT-0028]   Complete metal1.
[INFO DRT-0028]   Complete via1.
[INFO DRT-0028]   Complete metal2.
[INFO DRT-0028]   Complete via2.
[INFO DRT-0028]   Complete metal3.
[INFO DRT-0028]   Complete via3.
[INFO DRT-0028]   Complete metal4.
[INFO DRT-0028]   Complete via4.
[INFO DRT-0028]   Complete metal5.
[INFO DRT-0028]   Complete via5.
[INFO DRT-0028]   Complete metal6.
[INFO DRT-0028]   Complete via6.
[INFO DRT-0028]   Complete metal7.
[INFO DRT-0028]   Complete via7.
[INFO DRT-0028]   Complete metal8.
[INFO DRT-0028]   Complete via8.
[INFO DRT-0028]   Complete metal9.
[INFO DRT-0028]   Complete via9.
[INFO DRT-0028]   Complete metal10.
[INFO DRT-0178] Init guide query.
[INFO DRT-0035]   Complete active (guide).
[INFO DRT-0035]   Complete Fr_VIA (guide).
[INFO DRT-0035]   Complete metal1 (guide).
[INFO DRT-0035]   Complete via1 (guide).
[INFO DRT-0035]   Complete metal2 (guide).
[INFO DRT-0035]   Complete via2 (guide).
[INFO DRT-0035]   Complete metal3 (guide).
[INFO DRT-0035]   Complete via3 (guide).
[INFO DRT-0035]   Complete metal4 (guide).
[INFO DRT-0035]   Complete via4 (guide).
[INFO DRT-0035]   Complete metal5 (guide).
[INFO DRT-0035]   Complete via5 (guide).
[INFO DRT-0035]   Complete metal6 (guide).
[INFO DRT-0035]   Complete via6 (guide).
[INFO DRT-0035]   Complete metal7 (guide).
[INFO DRT-0035]   Complete via7 (guide).
[INFO DRT-0035]   Complete metal8 (guide).
[INFO DRT-0035]   Complete via8 (guide).
[INFO DRT-0035]   Complete metal9 (guide).
[INFO DRT-0035]   Complete via9 (guide).
[INFO DRT-0035]   Complete metal10 (guide).
[INFO DRT-0036] active guide region query size = 0.
[INFO DRT-0036] FR_VIA guide region query size = 0.
[INFO DRT-0036] metal1 guide region query size = 13885.
[INFO DRT-0036] via1 guide region query size = 0.
[INFO DRT-0036] metal2 guide region query size = 12736.
[INFO DRT-0036] via2 guide region query size = 0.
[INFO DRT-0036] metal3 guide region query size = 7320.
[INFO DRT-0036] via3 guide region query size = 0.
[INFO DRT-0036] metal4 guide region query size = 1428.
[INFO DRT-0036] via4 guide region query size = 0.
[INFO DRT-0036] metal5 guide region query size = 626.
[INFO DRT-0036] via5 guide region query size = 0.
[INFO DRT-0036] metal6 guide region query size = 227.
[INFO DRT-0036] via6 guide region query size = 0.
[INFO DRT-0036] metal7 guide region query size = 2.
[INFO DRT-0036] via7 guide region query size = 0.
[INFO DRT-0036] metal8 guide region query size = 0.
[INFO DRT-0036] via8 guide region query size = 0.
[INFO DRT-0036] metal9 guide region query size = 0.
[INFO DRT-0036] via9 guide region query size = 0.
[INFO DRT-0036] metal10 guide region query size = 0.
[INFO DRT-0179] Init gr pin query.
[INFO DRT-0267] cpu time = 00:00:00, elapsed time = 00:00:00, memory = 298.94 (MB), peak = 298.64 (MB)
[INFO DRT-0245] skipped writing guide updates to database.
[INFO DRT-0181] Start track assignment.
[INFO DRT-0184] Done with 14391 vertical wires in 2 frboxes and 21833 horizontal wires in 2 frboxes.
[INFO DRT-0186] Done with 4050 vertical wires in 2 frboxes and 4913 horizontal wires in 2 frboxes.
[INFO DRT-0182] Complete track assignment.
[INFO DRT-0267] cpu time = 00:00:04, elapsed time = 00:00:03, memory = 405.46 (MB), peak = 404.95 (MB)
[INFO DRT-0187] Start routing data preparation.
[INFO DRT-0267] cpu time = 00:00:00, elapsed time = 00:00:00, memory = 405.53 (MB), peak = 405.08 (MB)
[INFO DRT-0194] Start detail routing.
[INFO DRT-0195] Start 0th optimization iteration.
    Completing 10% with 0 violations.
    elapsed time = 00:00:02, memory = 448.57 (MB).
    Completing 20% with 0 violations.
    elapsed time = 00:00:04, memory = 477.42 (MB).
    Completing 30% with 116 violations.
    elapsed time = 00:00:07, memory = 507.06 (MB).
    Completing 40% with 116 violations.
    elapsed time = 00:00:10, memory = 507.93 (MB).
    Completing 50% with 116 violations.
    elapsed time = 00:00:13, memory = 473.66 (MB).
    Completing 60% with 250 violations.
    elapsed time = 00:00:18, memory = 532.91 (MB).
    Completing 70% with 250 violations.
    elapsed time = 00:00:19, memory = 534.77 (MB).
    Completing 80% with 429 violations.
    elapsed time = 00:00:25, memory = 559.20 (MB).
    Completing 90% with 429 violations.
    elapsed time = 00:00:28, memory = 585.80 (MB).
    Completing 100% with 601 violations.
    elapsed time = 00:00:30, memory = 514.72 (MB).
[INFO DRT-0199]   Number of violations = 820.
Viol/Layer      metal1   via1 metal2   via2 metal3 metal4   via4 metal5 metal6   via6 metal7
Cut Spacing          0      0      0      3      0      0      9      0      0      0      0
Metal Spacing        0      0     66      0      5      1      0      1      0      0      0
Recheck              3      0    106      0     80      8      0     18      4      0      0
Short                0      2    422      1     64     16      0      6      0      2      3
[INFO DRT-0267] cpu time = 00:01:46, elapsed time = 00:00:31, memory = 1023.67 (MB), peak = 1023.23 (MB)
Total wire length = 84294 um.
Total wire length on LAYER metal1 = 0 um.
Total wire length on LAYER metal2 = 29914 um.
Total wire length on LAYER metal3 = 34574 um.
Total wire length on LAYER metal4 = 11429 um.
Total wire length on LAYER metal5 = 5629 um.
Total wire length on LAYER metal6 = 2651 um.
Total wire length on LAYER metal7 = 91 um.
Total wire length on LAYER metal8 = 2 um.
Total wire length on LAYER metal9 = 0 um.
Total wire length on LAYER metal10 = 0 um.
Total number of vias = 35349.
Up-via summary (total 35349):

----------------
 active        0
 metal1    15633
 metal2    16673
 metal3     1912
 metal4      835
 metal5      290
 metal6        4
 metal7        2
 metal8        0
 metal9        0
----------------
       35349


[INFO DRT-0195] Start 1st optimization iteration.
    Completing 10% with 820 violations.
    elapsed time = 00:00:02, memory = 1054.51 (MB).
    Completing 20% with 820 violations.
    elapsed time = 00:00:05, memory = 1039.00 (MB).
    Completing 30% with 725 violations.
    elapsed time = 00:00:07, memory = 1041.60 (MB).
    Completing 40% with 725 violations.
    elapsed time = 00:00:11, memory = 1041.60 (MB).
    Completing 50% with 725 violations.
    elapsed time = 00:00:14, memory = 1041.60 (MB).
    Completing 60% with 594 violations.
    elapsed time = 00:00:17, memory = 1041.70 (MB).
    Completing 70% with 594 violations.
    elapsed time = 00:00:21, memory = 1041.70 (MB).
    Completing 80% with 459 violations.
    elapsed time = 00:00:24, memory = 1041.70 (MB).
    Completing 90% with 459 violations.
    elapsed time = 00:00:28, memory = 1071.07 (MB).
    Completing 100% with 315 violations.
    elapsed time = 00:00:29, memory = 1043.50 (MB).
[INFO DRT-0199]   Number of violations = 315.
Viol/Layer      metal2   via2 metal3 metal4
Cut Spacing          0      1      0      0
Metal Spacing       57      0      2      3
NS Metal             0      0      0      2
Short              218      0     27      5
[INFO DRT-0267] cpu time = 00:01:49, elapsed time = 00:00:30, memory = 1046.50 (MB), peak = 1075.53 (MB)
Total wire length = 83699 um.
Total wire length on LAYER metal1 = 0 um.
Total wire length on LAYER metal2 = 29650 um.
Total wire length on LAYER metal3 = 34367 um.
Total wire length on LAYER metal4 = 11391 um.
Total wire length on LAYER metal5 = 5589 um.
Total wire length on LAYER metal6 = 2616 um.
Total wire length on LAYER metal7 = 84 um.
Total wire length on LAYER metal8 = 0 um.
Total wire length on LAYER metal9 = 0 um.
Total wire length on LAYER metal10 = 0 um.
Total number of vias = 35071.
Up-via summary (total 35071):

----------------
 active        0
 metal1    15639
 metal2    16399
 metal3     1903
 metal4      836
 metal5      290
 metal6        4
 metal7        0
 metal8        0
 metal9        0
----------------
       35071


[INFO DRT-0195] Start 2nd optimization iteration.
    Completing 10% with 315 violations.
    elapsed time = 00:00:00, memory = 1046.50 (MB).
    Completing 20% with 315 violations.
    elapsed time = 00:00:03, memory = 1046.50 (MB).
    Completing 30% with 316 violations.
    elapsed time = 00:00:06, memory = 1048.64 (MB).
    Completing 40% with 316 violations.
    elapsed time = 00:00:09, memory = 1048.64 (MB).
    Completing 50% with 316 violations.
    elapsed time = 00:00:15, memory = 1048.64 (MB).
    Completing 60% with 289 violations.
    elapsed time = 00:00:17, memory = 1078.19 (MB).
    Completing 70% with 289 violations.
    elapsed time = 00:00:18, memory = 1078.19 (MB).
    Completing 80% with 242 violations.
    elapsed time = 00:00:22, memory = 1049.70 (MB).
    Completing 90% with 242 violations.
    elapsed time = 00:00:26, memory = 1049.70 (MB).
    Completing 100% with 222 violations.
    elapsed time = 00:00:28, memory = 1049.70 (MB).
[INFO DRT-0199]   Number of violations = 222.
Viol/Layer      metal2 metal3   via4
Cut Spacing          0      0      1
Metal Spacing       47      3      0
Short              163      8      0
[INFO DRT-0267] cpu time = 00:01:31, elapsed time = 00:00:29, memory = 1049.70 (MB), peak = 1077.79 (MB)
Total wire length = 83551 um.
Total wire length on LAYER metal1 = 0 um.
Total wire length on LAYER metal2 = 29645 um.
Total wire length on LAYER metal3 = 34301 um.
Total wire length on LAYER metal4 = 11345 um.
Total wire length on LAYER metal5 = 5563 um.
Total wire length on LAYER metal6 = 2619 um.
Total wire length on LAYER metal7 = 75 um.
Total wire length on LAYER metal8 = 0 um.
Total wire length on LAYER metal9 = 0 um.
Total wire length on LAYER metal10 = 0 um.
Total number of vias = 34952.
Up-via summary (total 34952):

----------------
 active        0
 metal1    15641
 metal2    16327
 metal3     1868
 metal4      823
 metal5      289
 metal6        4
 metal7        0
 metal8        0
 metal9        0
----------------
       34952


[INFO DRT-0195] Start 3rd optimization iteration.
    Completing 10% with 222 violations.
    elapsed time = 00:00:00, memory = 1049.70 (MB).
    Completing 20% with 222 violations.
    elapsed time = 00:00:01, memory = 1049.70 (MB).
    Completing 30% with 179 violations.
    elapsed time = 00:00:02, memory = 1049.70 (MB).
    Completing 40% with 179 violations.
    elapsed time = 00:00:04, memory = 1049.70 (MB).
    Completing 50% with 179 violations.
    elapsed time = 00:00:07, memory = 1049.70 (MB).
    Completing 60% with 146 violations.
    elapsed time = 00:00:09, memory = 1049.70 (MB).
    Completing 70% with 146 violations.
    elapsed time = 00:00:09, memory = 1049.70 (MB).
    Completing 80% with 72 violations.
    elapsed time = 00:00:11, memory = 1049.70 (MB).
    Completing 90% with 72 violations.
    elapsed time = 00:00:12, memory = 1049.70 (MB).
    Completing 100% with 3 violations.
    elapsed time = 00:00:13, memory = 1049.70 (MB).
[INFO DRT-0199]   Number of violations = 3.
Viol/Layer      metal2
Short                3
[INFO DRT-0267] cpu time = 00:00:46, elapsed time = 00:00:14, memory = 1049.70 (MB), peak = 1077.79 (MB)
Total wire length = 83553 um.
Total wire length on LAYER metal1 = 0 um.
Total wire length on LAYER metal2 = 29390 um.
Total wire length on LAYER metal3 = 34369 um.
Total wire length on LAYER metal4 = 11547 um.
Total wire length on LAYER metal5 = 5552 um.
Total wire length on LAYER metal6 = 2617 um.
Total wire length on LAYER metal7 = 75 um.
Total wire length on LAYER metal8 = 0 um.
Total wire length on LAYER metal9 = 0 um.
Total wire length on LAYER metal10 = 0 um.
Total number of vias = 35179.
Up-via summary (total 35179):

----------------
 active        0
 metal1    15642
 metal2    16475
 metal3     1950
 metal4      819
 metal5      289
 metal6        4
 metal7        0
 metal8        0
 metal9        0
----------------
       35179


[INFO DRT-0195] Start 4th guides tiles iteration.
    Completing 20% with 3 violations.
    elapsed time = 00:00:00, memory = 1049.70 (MB).
    Completing 40% with 0 violations.
    elapsed time = 00:00:00, memory = 1049.70 (MB).
    Completing 60% with 0 violations.
    elapsed time = 00:00:00, memory = 1049.70 (MB).
    Completing 80% with 0 violations.
    elapsed time = 00:00:00, memory = 1049.70 (MB).
    Completing 100% with 0 violations.
    elapsed time = 00:00:00, memory = 1049.70 (MB).
[INFO DRT-0199]   Number of violations = 0.
[INFO DRT-0267] cpu time = 00:00:00, elapsed time = 00:00:00, memory = 1049.70 (MB), peak = 1077.79 (MB)
Total wire length = 83551 um.
Total wire length on LAYER metal1 = 0 um.
Total wire length on LAYER metal2 = 29377 um.
Total wire length on LAYER metal3 = 34368 um.
Total wire length on LAYER metal4 = 11558 um.
Total wire length on LAYER metal5 = 5552 um.
Total wire length on LAYER metal6 = 2617 um.
Total wire length on LAYER metal7 = 75 um.
Total wire length on LAYER metal8 = 0 um.
Total wire length on LAYER metal9 = 0 um.
Total wire length on LAYER metal10 = 0 um.
Total number of vias = 35178.
Up-via summary (total 35178):

----------------
 active        0
 metal1    15642
 metal2    16472
 metal3     1952
 metal4      819
 metal5      289
 metal6        4
 metal7        0
 metal8        0
 metal9        0
----------------
       35178


[INFO DRT-0198] Complete detail routing.
Total wire length = 83551 um.
Total wire length on LAYER metal1 = 0 um.
Total wire length on LAYER metal2 = 29377 um.
Total wire length on LAYER metal3 = 34368 um.
Total wire length on LAYER metal4 = 11558 um.
Total wire length on LAYER metal5 = 5552 um.
Total wire length on LAYER metal6 = 2617 um.
Total wire length on LAYER metal7 = 75 um.
Total wire length on LAYER metal8 = 0 um.
Total wire length on LAYER metal9 = 0 um.
Total wire length on LAYER metal10 = 0 um.
Total number of vias = 35178.
Up-via summary (total 35178):

----------------
 active        0
 metal1    15642
 metal2    16472
 metal3     1952
 metal4      819
 metal5      289
 metal6        4
 metal7        0
 metal8        0
 metal9        0
----------------
       35178


[INFO DRT-0267] cpu time = 00:05:54, elapsed time = 00:01:46, memory = 1049.76 (MB), peak = 1077.79 (MB)

[INFO DRT-0180] Post processing.
Took 123 seconds: detailed_route -output_drc ./reports/nangate45/s15850/phase0c_f3e7b516a_s11_k1_J50_85adaf29_7f655d61/5_route_drc.rpt -output_maze ./results/nangate45/s15850/phase0c_f3e7b516a_s11_k1_J50_85adaf29_7f655d61/maze.log -droute_end_iter 64 -verbose 1 -drc_report_iter_step 5
[WARNING GRT-0246] No diode with LEF class CORE ANTENNACELL found.
[INFO ANT-0002] Found 0 net violations.
[INFO ANT-0001] Found 0 pin violations.
[INFO ANT-0002] Found 0 net violations.
[INFO ANT-0001] Found 0 pin violations.
Design area 7618 um^2 36% utilization.
write_db ./results/nangate45/s15850/phase0c_f3e7b516a_s11_k1_J50_85adaf29_7f655d61/5_2_route.odb
Log                       Ext     Elapsed/s Peak Memory/MB sha1sum result [0:20)
5_2_route                 .odb          126           1077 497a7dd3e4ae31c985a9
/root/pact-deps/OpenROAD-flow-scripts/flow/scripts/flow.sh 5_3_fillcell fillcell
Running fillcell.tcl, stage 5_3_fillcell
read_liberty /root/pact-deps/OpenROAD-flow-scripts/flow/platforms/nangate45/lib/NangateOpenCellLibrary_typical.lib
read_db ./results/nangate45/s15850/phase0c_f3e7b516a_s11_k1_J50_85adaf29_7f655d61/5_2_route.odb
read_sdc ./results/nangate45/s15850/phase0c_f3e7b516a_s11_k1_J50_85adaf29_7f655d61/5_1_grt.sdc
source /root/pact-deps/OpenROAD-flow-scripts/flow/platforms/nangate45/setRC.tcl
filler_placement "FILLCELL_X1 FILLCELL_X2 FILLCELL_X4 FILLCELL_X8 FILLCELL_X16 FILLCELL_X32"
[INFO DPL-0001] Placed 7109 filler instances.
Design area 7618 um^2 36% utilization.
write_db ./results/nangate45/s15850/phase0c_f3e7b516a_s11_k1_J50_85adaf29_7f655d61/5_3_fillcell.odb
Log                       Ext     Elapsed/s Peak Memory/MB sha1sum result [0:20)
5_3_fillcell              .odb            0            131 58619f9a97891d32924a
cp ./results/nangate45/s15850/phase0c_f3e7b516a_s11_k1_J50_85adaf29_7f655d61/5_3_fillcell.odb ./results/nangate45/s15850/phase0c_f3e7b516a_s11_k1_J50_85adaf29_7f655d61/5_route.odb
cp ./results/nangate45/s15850/phase0c_f3e7b516a_s11_k1_J50_85adaf29_7f655d61/5_1_grt.sdc ./results/nangate45/s15850/phase0c_f3e7b516a_s11_k1_J50_85adaf29_7f655d61/5_route.sdc
