OpenROAD 26Q2-1164-g08f67ee5ec 
Features included (+) or not (-): +GPU +GUI +Python
This program is licensed under the BSD-3 license. See the LICENSE file for details.
Components of this program may be licensed under more restrictive licenses which must be honored.
[INFO ORD-0030] Using 4 thread(s).
mkdir -p ./objects/nangate45/s5378/phase0c_f3e7b516a_s13_k2_J50_8f6c8bc0_7f655d61
/root/pact-deps/OpenROAD-flow-scripts/flow/scripts/flow.sh 4_1_cts cts
Running cts.tcl, stage 4_1_cts
read_liberty /root/pact-deps/OpenROAD-flow-scripts/flow/platforms/nangate45/lib/NangateOpenCellLibrary_typical.lib
read_db ./results/nangate45/s5378/phase0c_f3e7b516a_s13_k2_J50_8f6c8bc0_7f655d61/3_place.odb
read_sdc ./results/nangate45/s5378/phase0c_f3e7b516a_s13_k2_J50_8f6c8bc0_7f655d61/3_place.sdc
source /root/pact-deps/OpenROAD-flow-scripts/flow/platforms/nangate45/setRC.tcl
clock_tree_synthesis -sink_clustering_enable -repair_clock_nets
[INFO CTS-0050] Root buffer is CLKBUF_X3.
[INFO CTS-0051] Sink buffer is CLKBUF_X3.
[INFO CTS-0052] The following clock buffers will be used for CTS:
                    CLKBUF_X3
[INFO CTS-0049] Characterization buffer is CLKBUF_X3.
[INFO CTS-0007] Net "CK" found for clock "clk".
[INFO CTS-0010]  Clock net "CK" has 179 sinks.
[INFO CTS-0008] TritonCTS found 1 clock nets.
[INFO CTS-0097] Characterization used 1 buffer(s) types.
[INFO CTS-0201] 0 blockages from hard placement blockages and placed macros will be used.
[INFO CTS-0027] Generating H-Tree topology for net CK.
[INFO CTS-0028]  Total number of sinks: 179.
[INFO CTS-0090]  Sinks will be clustered based on buffer max cap.
[INFO CTS-0030]  Number of static layers: 0.
[INFO CTS-0020]  Wire segment unit: 14000  dbu (7 um).
[INFO CTS-0023]  Original sink region: [(6905, 20600), (164985, 158600)].
[INFO CTS-0024]  Normalized sink region: [(0.493214, 1.47143), (11.7846, 11.3286)].
[INFO CTS-0025]     Width:  11.2914.
[INFO CTS-0026]     Height: 9.8571.
 Level 1
    Direction: Horizontal
    Sinks per sub-region: 90
    Sub-region size: 5.6457 X 9.8571
[INFO CTS-0034]     Segment length (rounded): 2.
 Level 2
    Direction: Vertical
    Sinks per sub-region: 45
    Sub-region size: 5.6457 X 4.9286
[INFO CTS-0034]     Segment length (rounded): 2.
 Level 3
    Direction: Horizontal
    Sinks per sub-region: 23
    Sub-region size: 2.8229 X 4.9286
[INFO CTS-0034]     Segment length (rounded): 1.
 Level 4
    Direction: Vertical
    Sinks per sub-region: 12
    Sub-region size: 2.8229 X 2.4643
[INFO CTS-0034]     Segment length (rounded): 1.
[INFO CTS-0032]  Stop criterion found. Max number of sinks is 15.
[INFO CTS-0035]  Number of sinks covered: 179.
[INFO CTS-0018]     Created 17 clock buffers.
[INFO CTS-0012]     Minimum number of buffers in the clock path: 2.
[INFO CTS-0013]     Maximum number of buffers in the clock path: 2.
[INFO CTS-0015]     Created 17 clock nets.
[INFO CTS-0016]     Fanout distribution for the current clock = 6:1, 7:2, 9:4, 10:1, 11:1, 12:3, 13:1, 15:1, 16:1, 22:1..
[INFO CTS-0017]     Max level of the clock tree: 4.
[INFO CTS-0098] Clock net "CK"
[INFO CTS-0099]  Sinks 194
[INFO CTS-0100]  Leaf buffers 0
[INFO CTS-0101]  Average sink wire length 117.22 um
[INFO CTS-0102]  Path depth 2 - 2
[INFO CTS-0207]  Dummy loads inserted 15
estimate_parasitics -placement
detailed_placement
[INFO DPL-0006] Core area: 6921.05 um^2, Instances area: 2568.50 um^2, Utilization: 37.1%
[INFO DPL-0005] Diamond search max displacement: +/- 500 sites horizontally, +/- 100 rows vertically.
[INFO DPL-1101] Legalizing using diamond search.
Movements Summary
---------------------------------------
Total cells:                    1927
Diamond Move Success:           1927 (100.00%)
Diamond Move Failure:              0
Rip-up and replace Success:        0 (  0.00% of diamond failures)
Rip-up and replace Failure:        0
Total Placement Failures:          0
---------------------------------------
Placement Analysis
---------------------------------
total displacement         81.8 u
average displacement        0.0 u
max displacement            2.9 u
original HPWL           23898.2 u
legalized HPWL          23942.6 u
delta HPWL                    0 %

estimate_parasitics -placement
repair_timing -setup_margin 0 -hold_margin 0 -repair_tns 100 -verbose
[INFO RSZ-0100] Repair move sequence: UnbufferMove SizeUpMove SwapPinsMove BufferMove CloneMove SplitLoadMove 
[INFO RSZ-0098] No setup violations found
[INFO RSZ-0046] Found 90 endpoints with hold violations.
Iteration | Resized | Buffers | Cloned Gates |   Area   |   WNS   |   TNS   | Endpoint
--------------------------------------------------------------------------------------
        0 |       0 |       0 |            0 |    +0.0% |  -0.075 |  -2.365 | U_n165gat/D
       10 |       0 |      14 |            0 |    +0.4% |  -0.066 |  -1.669 | U_n722gat/D
       20 |       0 |      25 |            0 |    +0.8% |  -0.058 |  -0.936 | U_n491gat/D
       30 |       0 |      31 |            0 |    +1.0% |  -0.022 |  -0.584 | U_n861gat/D
       40 |       0 |      35 |            0 |    +1.1% |  -0.015 |  -0.385 | U_n1080gat/D
       50 |       0 |      38 |            0 |    +1.2% |  -0.012 |  -0.285 | U_n148gat/SE
       60 |       0 |      39 |            0 |    +1.2% |  -0.007 |  -0.007 | U_n1332gat/SI
       70 |       0 |      39 |            0 |    +1.2% |  -0.007 |  -0.007 | U_n1332gat/SI
       80 |       0 |      39 |            0 |    +1.2% |  -0.007 |  -0.007 | U_n1332gat/SI
       90 |       0 |      39 |            0 |    +1.2% |  -0.007 |  -0.007 | U_n1332gat/SI
    final |       0 |      40 |            0 |    +1.2% |   0.001 |   0.000 | U_n667gat/D
--------------------------------------------------------------------------------------
[INFO RSZ-0032] Inserted 40 hold buffers.
detailed_placement
[INFO DPL-0006] Core area: 6921.05 um^2, Instances area: 2600.42 um^2, Utilization: 37.6%
[INFO DPL-0005] Diamond search max displacement: +/- 500 sites horizontally, +/- 100 rows vertically.
[INFO DPL-1101] Legalizing using diamond search.
Movements Summary
---------------------------------------
Total cells:                    1967
Diamond Move Success:           1967 (100.00%)
Diamond Move Failure:              0
Rip-up and replace Success:        0 (  0.00% of diamond failures)
Rip-up and replace Failure:        0
Total Placement Failures:          0
---------------------------------------
Placement Analysis
---------------------------------
total displacement         39.6 u
average displacement        0.0 u
max displacement            2.8 u
original HPWL           24205.5 u
legalized HPWL          24223.5 u
delta HPWL                    0 %

estimate_parasitics -placement
Report metrics stage 4, cts final...

==========================================================================
cts final report_design_area
--------------------------------------------------------------------------
Design area 2600 um^2 38% utilization.
write_db ./results/nangate45/s5378/phase0c_f3e7b516a_s13_k2_J50_8f6c8bc0_7f655d61/4_1_cts.odb
write_sdc -no_timestamp ./results/nangate45/s5378/phase0c_f3e7b516a_s13_k2_J50_8f6c8bc0_7f655d61/4_cts.sdc
Log                       Ext     Elapsed/s Peak Memory/MB sha1sum result [0:20)
4_1_cts                   .odb            3            147 1aee68916adc16f9aa02
cp ./results/nangate45/s5378/phase0c_f3e7b516a_s13_k2_J50_8f6c8bc0_7f655d61/4_1_cts.odb ./results/nangate45/s5378/phase0c_f3e7b516a_s13_k2_J50_8f6c8bc0_7f655d61/4_cts.odb
/root/pact-deps/OpenROAD-flow-scripts/flow/scripts/flow.sh 5_1_grt global_route
Running global_route.tcl, stage 5_1_grt
read_liberty /root/pact-deps/OpenROAD-flow-scripts/flow/platforms/nangate45/lib/NangateOpenCellLibrary_typical.lib
read_db ./results/nangate45/s5378/phase0c_f3e7b516a_s13_k2_J50_8f6c8bc0_7f655d61/4_cts.odb
read_sdc ./results/nangate45/s5378/phase0c_f3e7b516a_s13_k2_J50_8f6c8bc0_7f655d61/4_cts.sdc
source /root/pact-deps/OpenROAD-flow-scripts/flow/platforms/nangate45/setRC.tcl
pin_access
[INFO DRT-0149] Reading tech and libs.

Units:                2000
Number of layers:     21
Number of macros:     135
Number of vias:       33
Number of viarulegen: 19

[INFO DRT-0150] Reading design.

Design:                   s5378
Die area:                 ( 0 0 ) ( 171970 171970 )
Number of track patterns: 20
Number of DEF vias:       0
Number of components:     2085
Number of terminals:      92
Number of snets:          2
Number of nets:           1991

[INFO DRT-0167] List of default vias:
  Layer via2
    default via: via2_5
  Layer via3
    default via: via3_2
  Layer via4
    default via: via4_0
  Layer via5
    default via: via5_0
  Layer via6
    default via: via6_0
  Layer via7
    default via: via7_0
  Layer via8
    default via: via8_0
  Layer via9
    default via: via9_0
[INFO DRT-0162] Library cell analysis.
[INFO DRT-0163] Instance analysis.
[INFO DRT-0164] Number of unique instances = 32.
[INFO DRT-0168] Init region query.
[INFO DRT-0024]   Complete active.
[INFO DRT-0024]   Complete Fr_VIA.
[INFO DRT-0024]   Complete metal1.
[INFO DRT-0024]   Complete via1.
[INFO DRT-0024]   Complete metal2.
[INFO DRT-0024]   Complete via2.
[INFO DRT-0024]   Complete metal3.
[INFO DRT-0024]   Complete via3.
[INFO DRT-0024]   Complete metal4.
[INFO DRT-0024]   Complete via4.
[INFO DRT-0024]   Complete metal5.
[INFO DRT-0024]   Complete via5.
[INFO DRT-0024]   Complete metal6.
[INFO DRT-0024]   Complete via6.
[INFO DRT-0024]   Complete metal7.
[INFO DRT-0024]   Complete via7.
[INFO DRT-0024]   Complete metal8.
[INFO DRT-0024]   Complete via8.
[INFO DRT-0024]   Complete metal9.
[INFO DRT-0024]   Complete via9.
[INFO DRT-0024]   Complete metal10.
[INFO DRT-0033] active shape region query size = 0.
[INFO DRT-0033] FR_VIA shape region query size = 0.
[INFO DRT-0033] metal1 shape region query size = 29367.
[INFO DRT-0033] via1 shape region query size = 270.
[INFO DRT-0033] metal2 shape region query size = 180.
[INFO DRT-0033] via2 shape region query size = 270.
[INFO DRT-0033] metal3 shape region query size = 180.
[INFO DRT-0033] via3 shape region query size = 270.
[INFO DRT-0033] metal4 shape region query size = 102.
[INFO DRT-0033] via4 shape region query size = 90.
[INFO DRT-0033] metal5 shape region query size = 65.
[INFO DRT-0033] via5 shape region query size = 90.
[INFO DRT-0033] metal6 shape region query size = 61.
[INFO DRT-0033] via6 shape region query size = 36.
[INFO DRT-0033] metal7 shape region query size = 21.
[INFO DRT-0033] via7 shape region query size = 0.
[INFO DRT-0033] metal8 shape region query size = 0.
[INFO DRT-0033] via8 shape region query size = 0.
[INFO DRT-0033] metal9 shape region query size = 0.
[INFO DRT-0033] via9 shape region query size = 0.
[INFO DRT-0033] metal10 shape region query size = 0.
[INFO DRT-0165] Start pin access.
[INFO DRT-0078]   Complete 152 pins.
[INFO DRT-0081]   Complete 32 unique inst patterns.
[INFO DRT-0084]   Complete 1142 groups.
#scanned instances     = 2085
#unique  instances     = 32
#stdCellGenAp          = 621
#stdCellValidPlanarAp  = 0
#stdCellValidViaAp     = 496
#stdCellPinNoAp        = 0
#stdCellPinCnt         = 5889
#instTermValidViaApCnt = 0
#macroGenAp            = 0
#macroValidPlanarAp    = 0
#macroValidViaAp       = 0
#macroNoAp             = 0
[INFO DRT-0166] Complete pin access.
[INFO DRT-0267] cpu time = 00:00:13, elapsed time = 00:00:03, memory = 116.62 (MB), peak = 116.04 (MB)
set_global_routing_random -seed 13
global_route -congestion_report_file ./reports/nangate45/s5378/phase0c_f3e7b516a_s13_k2_J50_8f6c8bc0_7f655d61/congestion.rpt -congestion_iterations 30 -congestion_report_iter_step 5 -verbose
[INFO GRT-0020] Min routing layer: metal2
[INFO GRT-0021] Max routing layer: metal10
[INFO GRT-0022] Global adjustment: 0%
[INFO GRT-0023] Grid origin: (0, 0)
[INFO GRT-0088] Layer metal1  Track-Pitch = 0.1400  line-2-Via Pitch: 0.1350
[INFO GRT-0088] Layer metal2  Track-Pitch = 0.1900  line-2-Via Pitch: 0.1400
[INFO GRT-0088] Layer metal3  Track-Pitch = 0.1400  line-2-Via Pitch: 0.1400
[INFO GRT-0088] Layer metal4  Track-Pitch = 0.2800  line-2-Via Pitch: 0.2800
[INFO GRT-0088] Layer metal5  Track-Pitch = 0.2800  line-2-Via Pitch: 0.2800
[INFO GRT-0088] Layer metal6  Track-Pitch = 0.2800  line-2-Via Pitch: 0.2800
[INFO GRT-0088] Layer metal7  Track-Pitch = 0.8000  line-2-Via Pitch: 0.8000
[INFO GRT-0088] Layer metal8  Track-Pitch = 0.8000  line-2-Via Pitch: 0.8000
[INFO GRT-0088] Layer metal9  Track-Pitch = 1.6000  line-2-Via Pitch: 1.6000
[INFO GRT-0088] Layer metal10 Track-Pitch = 1.6000  line-2-Via Pitch: 1.6000
[INFO GRT-0003] Macros: 0
[INFO GRT-0004] Blockages: 0
[INFO GRT-0019] Found 18 clock nets.
[INFO GRT-0001] Minimum degree: 2
[INFO GRT-0002] Maximum degree: 59

[INFO GRT-0053] Routing resources analysis:
          Routing      Original      Derated      Resource
Layer     Direction    Resources     Resources    Reduction (%)
---------------------------------------------------------------
metal1     Horizontal          0             0          0.00%
metal2     Vertical        12818          6032          52.94%
metal3     Horizontal      17709          8695          50.90%
metal4     Vertical         8700          6148          29.33%
metal5     Horizontal       8855          6255          29.36%
metal6     Vertical         8880          6276          29.32%
metal7     Horizontal       2726          1972          27.66%
metal8     Vertical         3103          2233          28.04%
metal9     Horizontal       1537           870          43.40%
metal10    Vertical         1537           870          43.40%
---------------------------------------------------------------

[INFO GRT-0197] Via related to pin nodes: 11491
[INFO GRT-0198] Via related Steiner nodes: 244
[INFO GRT-0199] Via filling finished.
[INFO GRT-0111] Final number of vias: 15033
[INFO GRT-0112] Final usage 3D: 54469

[INFO GRT-0096] Final congestion report:
Layer         Resource        Demand        Usage (%)    Max H / Max V / Total Overflow
---------------------------------------------------------------------------------------
metal1               0             0            0.00%             0 /  0 /  0
metal2            6032          3358           55.67%             0 /  0 /  0
metal3            8695          3892           44.76%             0 /  0 /  0
metal4            6148          1317           21.42%             0 /  0 /  0
metal5            6255           541            8.65%             0 /  0 /  0
metal6            6276           262            4.17%             0 /  0 /  0
metal7            1972             0            0.00%             0 /  0 /  0
metal8            2233             0            0.00%             0 /  0 /  0
metal9             870             0            0.00%             0 /  0 /  0
metal10            870             0            0.00%             0 /  0 /  0
---------------------------------------------------------------------------------------
Total            39351          9370           23.81%             0 /  0 /  0

[INFO GRT-0018] Total wirelength: 41040 um
[INFO GRT-0014] Routed nets: 1991
[INFO GRT-0303] Global routing runtime = 00:00:00
estimate_parasitics -global_routing
Perform buffer insertion and gate resizing...
repair_design -verbose
Iteration |   Area    | Resized | Buffers | Nets repaired | Remaining
---------------------------------------------------------------------
        0 |     +0.0% |       0 |       0 |             0 |      2185
       10 |     +0.0% |       0 |       0 |             0 |      2175
       20 |     +0.0% |       0 |       0 |             0 |      2165
       30 |     +0.0% |       0 |       0 |             0 |      2155
       40 |     +0.0% |       0 |       0 |             0 |      2145
       50 |     +0.0% |       0 |       0 |             0 |      2135
       60 |     +0.0% |       0 |       0 |             0 |      2125
       70 |     +0.0% |       0 |       0 |             0 |      2115
       80 |     +0.0% |       0 |       0 |             0 |      2105
       90 |     +0.0% |       0 |       0 |             0 |      2095
      100 |     +0.0% |       0 |       0 |             0 |      2085
      110 |     +0.0% |       0 |       0 |             0 |      2075
      120 |     +0.0% |       0 |       0 |             0 |      2065
      130 |     +0.0% |       0 |       0 |             0 |      2055
      140 |     +0.0% |       0 |       0 |             0 |      2045
      150 |     +0.0% |       0 |       0 |             0 |      2035
      160 |     +0.0% |       0 |       0 |             0 |      2025
      170 |     +0.0% |       0 |       0 |             0 |      2015
      180 |     +0.0% |       0 |       0 |             0 |      2005
      190 |     +0.0% |       0 |       0 |             0 |      1995
      200 |     +0.0% |       0 |       0 |             0 |      1985
      210 |     +0.0% |       0 |       0 |             0 |      1975
      220 |     +0.0% |       0 |       0 |             0 |      1965
      230 |     +0.0% |       0 |       0 |             0 |      1955
      240 |     +0.0% |       0 |       0 |             0 |      1945
      250 |     +0.0% |       0 |       0 |             0 |      1935
      260 |     +0.0% |       0 |       0 |             0 |      1925
      270 |     +0.0% |       0 |       0 |             0 |      1915
      280 |     +0.0% |       0 |       0 |             0 |      1905
      290 |     +0.0% |       0 |       0 |             0 |      1895
      300 |     +0.0% |       0 |       0 |             0 |      1885
      310 |     +0.0% |       0 |       0 |             0 |      1875
      320 |     +0.0% |       0 |       0 |             0 |      1865
      330 |     +0.0% |       0 |       0 |             0 |      1855
      340 |     +0.0% |       0 |       0 |             0 |      1845
      350 |     +0.0% |       0 |       0 |             0 |      1835
      360 |     +0.0% |       0 |       0 |             0 |      1825
      370 |     +0.0% |       0 |       0 |             0 |      1815
      380 |     +0.0% |       0 |       0 |             0 |      1805
      390 |     +0.0% |       0 |       0 |             0 |      1795
      400 |     +0.0% |       0 |       0 |             0 |      1785
      410 |     +0.0% |       0 |       0 |             0 |      1775
      420 |     +0.0% |       0 |       0 |             0 |      1765
      430 |     +0.0% |       0 |       0 |             0 |      1755
      440 |     +0.0% |       0 |       0 |             0 |      1745
      450 |     +0.0% |       0 |       0 |             0 |      1735
      460 |     +0.0% |       0 |       0 |             0 |      1725
      470 |     +0.0% |       0 |       0 |             0 |      1715
      480 |     +0.0% |       0 |       0 |             0 |      1705
      490 |     +0.0% |       0 |       0 |             0 |      1695
      500 |     +0.0% |       0 |       0 |             0 |      1685
      510 |     +0.0% |       0 |       0 |             0 |      1675
      520 |     +0.0% |       0 |       0 |             0 |      1665
      530 |     +0.0% |       0 |       0 |             0 |      1655
      540 |     +0.0% |       0 |       0 |             0 |      1645
      550 |     +0.0% |       0 |       0 |             0 |      1635
      560 |     +0.0% |       0 |       0 |             0 |      1625
      570 |     +0.0% |       0 |       0 |             0 |      1615
      580 |     +0.0% |       0 |       0 |             0 |      1605
      590 |     +0.0% |       0 |       0 |             0 |      1595
      600 |     +0.0% |       0 |       0 |             0 |      1585
      610 |     +0.0% |       0 |       0 |             0 |      1575
      620 |     +0.0% |       0 |       0 |             0 |      1565
      630 |     +0.0% |       0 |       0 |             0 |      1555
      640 |     +0.0% |       0 |       0 |             0 |      1545
      650 |     +0.0% |       0 |       0 |             0 |      1535
      660 |     +0.0% |       0 |       0 |             0 |      1525
      670 |     +0.0% |       0 |       0 |             0 |      1515
      680 |     +0.0% |       0 |       0 |             0 |      1505
      690 |     +0.0% |       0 |       0 |             0 |      1495
      700 |     +0.0% |       0 |       0 |             0 |      1485
      710 |     +0.0% |       0 |       0 |             0 |      1475
      720 |     +0.0% |       0 |       0 |             0 |      1465
      730 |     +0.0% |       0 |       0 |             0 |      1455
      740 |     +0.0% |       0 |       0 |             0 |      1445
      750 |     +0.0% |       0 |       0 |             0 |      1435
      760 |     +0.0% |       0 |       0 |             0 |      1425
      770 |     +0.0% |       0 |       0 |             0 |      1415
      780 |     +0.0% |       0 |       0 |             0 |      1405
      790 |     +0.0% |       0 |       0 |             0 |      1395
      800 |     +0.0% |       0 |       0 |             0 |      1385
      810 |     +0.0% |       0 |       0 |             0 |      1375
      820 |     +0.0% |       0 |       0 |             0 |      1365
      830 |     +0.0% |       0 |       0 |             0 |      1355
      840 |     +0.0% |       0 |       0 |             0 |      1345
      850 |     +0.0% |       0 |       0 |             0 |      1335
      860 |     +0.0% |       0 |       0 |             0 |      1325
      870 |     +0.0% |       0 |       0 |             0 |      1315
      880 |     +0.0% |       0 |       0 |             0 |      1305
      890 |     +0.0% |       0 |       0 |             0 |      1295
      900 |     +0.0% |       0 |       0 |             0 |      1285
      910 |     +0.0% |       0 |       0 |             0 |      1275
      920 |     +0.0% |       0 |       0 |             0 |      1265
      930 |     +0.0% |       0 |       0 |             0 |      1255
      940 |     +0.0% |       0 |       0 |             0 |      1245
      950 |     +0.0% |       0 |       0 |             0 |      1235
      960 |     +0.0% |       0 |       0 |             0 |      1225
      970 |     +0.0% |       0 |       0 |             0 |      1215
      980 |     +0.0% |       0 |       0 |             0 |      1205
      990 |     +0.0% |       0 |       0 |             0 |      1195
     1000 |     +0.0% |       0 |       0 |             0 |      1185
     1010 |     +0.0% |       0 |       0 |             0 |      1175
     1020 |     +0.0% |       0 |       0 |             0 |      1165
     1030 |     +0.0% |       0 |       0 |             0 |      1155
     1040 |     +0.0% |       0 |       0 |             0 |      1145
     1050 |     +0.0% |       0 |       0 |             0 |      1135
     1060 |     +0.0% |       0 |       0 |             0 |      1125
     1070 |     +0.0% |       0 |       0 |             0 |      1115
     1080 |     +0.0% |       0 |       0 |             0 |      1105
     1090 |     +0.0% |       0 |       0 |             0 |      1095
     1100 |     +0.0% |       0 |       0 |             0 |      1085
     1110 |     +0.0% |       0 |       0 |             0 |      1075
     1120 |     +0.0% |       0 |       0 |             0 |      1065
     1130 |     +0.0% |       0 |       0 |             0 |      1055
     1140 |     +0.0% |       0 |       0 |             0 |      1045
     1150 |     +0.0% |       0 |       0 |             0 |      1035
     1160 |     +0.0% |       0 |       0 |             0 |      1025
     1170 |     +0.0% |       0 |       0 |             0 |      1015
     1180 |     +0.0% |       0 |       0 |             0 |      1005
     1190 |     +0.0% |       0 |       0 |             0 |       995
     1200 |     +0.0% |       0 |       0 |             0 |       985
     1210 |     +0.0% |       0 |       0 |             0 |       975
     1220 |     +0.0% |       0 |       0 |             0 |       965
     1230 |     +0.0% |       0 |       0 |             0 |       955
     1240 |     +0.0% |       0 |       0 |             0 |       945
     1250 |     +0.0% |       0 |       0 |             0 |       935
     1260 |     +0.0% |       0 |       0 |             0 |       925
     1270 |     +0.0% |       0 |       0 |             0 |       915
     1280 |     +0.0% |       0 |       0 |             0 |       905
     1290 |     +0.0% |       0 |       0 |             0 |       895
     1300 |     +0.0% |       0 |       0 |             0 |       885
     1310 |     +0.0% |       0 |       0 |             0 |       875
     1320 |     +0.0% |       0 |       0 |             0 |       865
     1330 |     +0.0% |       0 |       0 |             0 |       855
     1340 |     +0.0% |       0 |       0 |             0 |       845
     1350 |     +0.0% |       0 |       0 |             0 |       835
     1360 |     +0.0% |       0 |       0 |             0 |       825
     1370 |     +0.0% |       0 |       0 |             0 |       815
     1380 |     +0.0% |       0 |       0 |             0 |       805
     1390 |     +0.0% |       0 |       0 |             0 |       795
     1400 |     +0.0% |       0 |       0 |             0 |       785
     1410 |     +0.0% |       0 |       0 |             0 |       775
     1420 |     +0.0% |       0 |       0 |             0 |       765
     1430 |     +0.0% |       0 |       0 |             0 |       755
     1440 |     +0.0% |       0 |       0 |             0 |       745
     1450 |     +0.0% |       0 |       0 |             0 |       735
     1460 |     +0.0% |       0 |       0 |             0 |       725
     1470 |     +0.0% |       0 |       0 |             0 |       715
     1480 |     +0.0% |       0 |       0 |             0 |       705
     1490 |     +0.0% |       0 |       0 |             0 |       695
     1500 |     +0.0% |       0 |       0 |             0 |       685
     1510 |     +0.0% |       0 |       0 |             0 |       675
     1520 |     +0.0% |       0 |       0 |             0 |       665
     1530 |     +0.0% |       0 |       0 |             0 |       655
     1540 |     +0.0% |       0 |       0 |             0 |       645
     1550 |     +0.0% |       0 |       0 |             0 |       635
     1560 |     +0.0% |       0 |       0 |             0 |       625
     1570 |     +0.0% |       0 |       0 |             0 |       615
     1580 |     +0.0% |       0 |       0 |             0 |       605
     1590 |     +0.0% |       0 |       0 |             0 |       595
     1600 |     +0.0% |       0 |       0 |             0 |       585
     1610 |     +0.0% |       0 |       0 |             0 |       575
     1620 |     +0.0% |       0 |       0 |             0 |       565
     1630 |     +0.0% |       0 |       0 |             0 |       555
     1640 |     +0.0% |       0 |       0 |             0 |       545
     1650 |     +0.0% |       0 |       0 |             0 |       535
     1660 |     +0.0% |       0 |       0 |             0 |       525
     1670 |     +0.0% |       0 |       0 |             0 |       515
     1680 |     +0.0% |       0 |       0 |             0 |       505
     1690 |     +0.0% |       0 |       0 |             0 |       495
     1700 |     +0.0% |       0 |       0 |             0 |       485
     1710 |     +0.0% |       0 |       0 |             0 |       475
     1720 |     +0.0% |       0 |       0 |             0 |       465
     1730 |     +0.0% |       0 |       0 |             0 |       455
     1740 |     +0.0% |       0 |       0 |             0 |       445
     1750 |     +0.0% |       0 |       0 |             0 |       435
     1760 |     +0.0% |       0 |       0 |             0 |       425
     1770 |     +0.0% |       0 |       0 |             0 |       415
     1780 |     +0.0% |       0 |       0 |             0 |       405
     1790 |     +0.0% |       0 |       0 |             0 |       395
     1800 |     +0.0% |       0 |       0 |             0 |       385
     1810 |     +0.0% |       0 |       0 |             0 |       375
     1820 |     +0.0% |       0 |       0 |             0 |       365
     1830 |     +0.0% |       0 |       0 |             0 |       355
     1840 |     +0.0% |       0 |       0 |             0 |       345
     1850 |     +0.0% |       0 |       0 |             0 |       335
     1860 |     +0.0% |       0 |       0 |             0 |       325
     1870 |     +0.0% |       0 |       0 |             0 |       315
     1880 |     +0.0% |       0 |       0 |             0 |       305
     1890 |     +0.0% |       0 |       0 |             0 |       295
     1900 |     +0.0% |       0 |       0 |             0 |       285
     1910 |     +0.0% |       0 |       0 |             0 |       275
     1920 |     +0.0% |       0 |       0 |             0 |       265
     1930 |     +0.0% |       0 |       0 |             0 |       255
     1940 |     +0.0% |       0 |       0 |             0 |       245
     1950 |     +0.0% |       0 |       0 |             0 |       235
     1960 |     +0.0% |       0 |       0 |             0 |       225
     1970 |     +0.0% |       0 |       0 |             0 |       215
     1980 |     +0.0% |       0 |       0 |             0 |       205
     1990 |     +0.0% |       0 |       0 |             0 |       195
     2000 |     +0.0% |       0 |       0 |             0 |       185
     2010 |     +0.0% |       0 |       0 |             0 |       175
     2020 |     +0.0% |       0 |       0 |             0 |       165
     2030 |     +0.0% |       0 |       0 |             0 |       155
     2040 |     +0.0% |       0 |       0 |             0 |       145
     2050 |     +0.0% |       0 |       0 |             0 |       135
     2060 |     +0.0% |       0 |       0 |             0 |       125
     2070 |     +0.0% |       0 |       0 |             0 |       115
     2080 |     +0.0% |       0 |       0 |             0 |       105
     2090 |     +0.0% |       0 |       0 |             0 |        95
     2100 |     +0.0% |       0 |       0 |             0 |        85
     2110 |     +0.0% |       0 |       0 |             0 |        75
     2120 |     +0.0% |       0 |       0 |             0 |        65
     2130 |     +0.0% |       0 |       0 |             0 |        55
     2140 |     +0.0% |       0 |       0 |             0 |        45
     2150 |     +0.0% |       0 |       0 |             0 |        35
     2160 |     +0.0% |       0 |       0 |             0 |        25
     2170 |     +0.0% |       0 |       0 |             0 |        15
     2180 |     +0.0% |       0 |       0 |             0 |         5
    final |     +0.0% |       0 |       0 |             0 |         0
---------------------------------------------------------------------
global_route -start_incremental
detailed_placement
[INFO DPL-0006] Core area: 6921.05 um^2, Instances area: 2600.42 um^2, Utilization: 37.6%
[INFO DPL-0005] Diamond search max displacement: +/- 500 sites horizontally, +/- 100 rows vertically.
[INFO DPL-1101] Legalizing using diamond search.
Movements Summary
---------------------------------------
Total cells:                    1967
Diamond Move Success:           1967 (100.00%)
Diamond Move Failure:              0
Rip-up and replace Success:        0 (  0.00% of diamond failures)
Rip-up and replace Failure:        0
Total Placement Failures:          0
---------------------------------------
Placement Analysis
---------------------------------
total displacement          0.0 u
average displacement        0.0 u
max displacement            0.0 u
original HPWL           24223.5 u
legalized HPWL          24223.5 u
delta HPWL                    0 %

global_route -end_incremental -congestion_report_file ./reports/nangate45/s5378/phase0c_f3e7b516a_s13_k2_J50_8f6c8bc0_7f655d61/congestion_post_repair_design.rpt
Repair setup and hold violations...
estimate_parasitics -global_routing
repair_timing -setup_margin 0 -hold_margin 0 -repair_tns 100 -verbose
[INFO RSZ-0100] Repair move sequence: UnbufferMove SizeUpMove SwapPinsMove BufferMove CloneMove SplitLoadMove 
[INFO RSZ-0098] No setup violations found
[INFO RSZ-0046] Found 1 endpoints with hold violations.
Iteration | Resized | Buffers | Cloned Gates |   Area   |   WNS   |   TNS   | Endpoint
--------------------------------------------------------------------------------------
        0 |       0 |       0 |            0 |    +0.0% |  -0.000 |  -0.000 | U_n667gat/D
    final |       0 |       1 |            0 |    +0.0% |   0.003 |   0.000 | U_n861gat/D
--------------------------------------------------------------------------------------
[INFO RSZ-0032] Inserted 1 hold buffers.
global_route -start_incremental
detailed_placement
[INFO DPL-0006] Core area: 6921.05 um^2, Instances area: 2601.21 um^2, Utilization: 37.6%
[INFO DPL-0005] Diamond search max displacement: +/- 500 sites horizontally, +/- 100 rows vertically.
[INFO DPL-1101] Legalizing using diamond search.
Movements Summary
---------------------------------------
Total cells:                    1968
Diamond Move Success:           1968 (100.00%)
Diamond Move Failure:              0
Rip-up and replace Success:        0 (  0.00% of diamond failures)
Rip-up and replace Failure:        0
Total Placement Failures:          0
---------------------------------------
Placement Analysis
---------------------------------
total displacement          3.6 u
average displacement        0.0 u
max displacement            3.0 u
original HPWL           24223.9 u
legalized HPWL          24229.5 u
delta HPWL                    0 %

check_placement -verbose
global_route -end_incremental -congestion_report_file ./reports/nangate45/s5378/phase0c_f3e7b516a_s13_k2_J50_8f6c8bc0_7f655d61/congestion_post_repair_timing.rpt
estimate_parasitics -global_routing
global_route -start_incremental
global_route -end_incremental -congestion_report_file ./reports/nangate45/s5378/phase0c_f3e7b516a_s13_k2_J50_8f6c8bc0_7f655d61/congestion_post_recover_power.rpt
Repair antennas...
[WARNING GRT-0246] No diode with LEF class CORE ANTENNACELL found.
[INFO ANT-0002] Found 0 net violations.
[INFO ANT-0001] Found 0 pin violations.
Estimate parasitics...
estimate_parasitics -global_routing
Report metrics stage 5, global route...

==========================================================================
global route report_design_area
--------------------------------------------------------------------------
Design area 2601 um^2 38% utilization.
[INFO FLW-0007] clock clk period 10.000000
[INFO FLW-0008] Clock clk period 0.886
[INFO FLW-0009] Clock clk slack 9.068
write_sdc -no_timestamp ./results/nangate45/s5378/phase0c_f3e7b516a_s13_k2_J50_8f6c8bc0_7f655d61/updated_clks.sdc
[INFO FLW-0011] Path endpoint path count 782
write_db ./results/nangate45/s5378/phase0c_f3e7b516a_s13_k2_J50_8f6c8bc0_7f655d61/5_1_grt.odb
write_sdc -no_timestamp ./results/nangate45/s5378/phase0c_f3e7b516a_s13_k2_J50_8f6c8bc0_7f655d61/5_1_grt.sdc
Log                       Ext     Elapsed/s Peak Memory/MB sha1sum result [0:20)
5_1_grt                   .odb            7            302 93742b051ed636a59839
5_1_grt                   .sdc                             dc3b136b356fec3f3ef5
/root/pact-deps/OpenROAD-flow-scripts/flow/scripts/flow.sh 5_2_route detail_route
Running detail_route.tcl, stage 5_2_route
read_liberty /root/pact-deps/OpenROAD-flow-scripts/flow/platforms/nangate45/lib/NangateOpenCellLibrary_typical.lib
read_db ./results/nangate45/s5378/phase0c_f3e7b516a_s13_k2_J50_8f6c8bc0_7f655d61/5_1_grt.odb
read_sdc ./results/nangate45/s5378/phase0c_f3e7b516a_s13_k2_J50_8f6c8bc0_7f655d61/5_1_grt.sdc
source /root/pact-deps/OpenROAD-flow-scripts/flow/platforms/nangate45/setRC.tcl
detailed_route -output_drc ./reports/nangate45/s5378/phase0c_f3e7b516a_s13_k2_J50_8f6c8bc0_7f655d61/5_route_drc.rpt -output_maze ./results/nangate45/s5378/phase0c_f3e7b516a_s13_k2_J50_8f6c8bc0_7f655d61/maze.log -droute_end_iter 64 -verbose 1 -drc_report_iter_step 5
[INFO DRT-0149] Reading tech and libs.

Units:                2000
Number of layers:     21
Number of macros:     135
Number of vias:       33
Number of viarulegen: 19

[INFO DRT-0150] Reading design.

Design:                   s5378
Die area:                 ( 0 0 ) ( 171970 171970 )
Number of track patterns: 20
Number of DEF vias:       0
Number of components:     2086
Number of terminals:      92
Number of snets:          2
Number of nets:           1992

[INFO DRT-0167] List of default vias:
  Layer via2
    default via: via2_5
  Layer via3
    default via: via3_2
  Layer via4
    default via: via4_0
  Layer via5
    default via: via5_0
  Layer via6
    default via: via6_0
  Layer via7
    default via: via7_0
  Layer via8
    default via: via8_0
  Layer via9
    default via: via9_0
[INFO DRT-0162] Library cell analysis.
[INFO DRT-0163] Instance analysis.
[INFO DRT-0164] Number of unique instances = 32.
[INFO DRT-0168] Init region query.
[INFO DRT-0024]   Complete active.
[INFO DRT-0024]   Complete Fr_VIA.
[INFO DRT-0024]   Complete metal1.
[INFO DRT-0024]   Complete via1.
[INFO DRT-0024]   Complete metal2.
[INFO DRT-0024]   Complete via2.
[INFO DRT-0024]   Complete metal3.
[INFO DRT-0024]   Complete via3.
[INFO DRT-0024]   Complete metal4.
[INFO DRT-0024]   Complete via4.
[INFO DRT-0024]   Complete metal5.
[INFO DRT-0024]   Complete via5.
[INFO DRT-0024]   Complete metal6.
[INFO DRT-0024]   Complete via6.
[INFO DRT-0024]   Complete metal7.
[INFO DRT-0024]   Complete via7.
[INFO DRT-0024]   Complete metal8.
[INFO DRT-0024]   Complete via8.
[INFO DRT-0024]   Complete metal9.
[INFO DRT-0024]   Complete via9.
[INFO DRT-0024]   Complete metal10.
[INFO DRT-0033] active shape region query size = 0.
[INFO DRT-0033] FR_VIA shape region query size = 0.
[INFO DRT-0033] metal1 shape region query size = 29378.
[INFO DRT-0033] via1 shape region query size = 270.
[INFO DRT-0033] metal2 shape region query size = 180.
[INFO DRT-0033] via2 shape region query size = 270.
[INFO DRT-0033] metal3 shape region query size = 180.
[INFO DRT-0033] via3 shape region query size = 270.
[INFO DRT-0033] metal4 shape region query size = 102.
[INFO DRT-0033] via4 shape region query size = 90.
[INFO DRT-0033] metal5 shape region query size = 65.
[INFO DRT-0033] via5 shape region query size = 90.
[INFO DRT-0033] metal6 shape region query size = 61.
[INFO DRT-0033] via6 shape region query size = 36.
[INFO DRT-0033] metal7 shape region query size = 21.
[INFO DRT-0033] via7 shape region query size = 0.
[INFO DRT-0033] metal8 shape region query size = 0.
[INFO DRT-0033] via8 shape region query size = 0.
[INFO DRT-0033] metal9 shape region query size = 0.
[INFO DRT-0033] via9 shape region query size = 0.
[INFO DRT-0033] metal10 shape region query size = 0.
[INFO DRT-0165] Start pin access.
[INFO DRT-0078]   Complete 152 pins.
[INFO DRT-0081]   Complete 32 unique inst patterns.
[INFO DRT-0084]   Complete 1142 groups.
#scanned instances     = 2086
#unique  instances     = 32
#stdCellGenAp          = 621
#stdCellValidPlanarAp  = 0
#stdCellValidViaAp     = 496
#stdCellPinNoAp        = 0
#stdCellPinCnt         = 5891
#instTermValidViaApCnt = 0
#macroGenAp            = 0
#macroValidPlanarAp    = 0
#macroValidViaAp       = 0
#macroNoAp             = 0
[INFO DRT-0166] Complete pin access.
[INFO DRT-0267] cpu time = 00:00:13, elapsed time = 00:00:03, memory = 261.78 (MB), peak = 261.25 (MB)

[INFO DRT-0157] Number of guides:     16412

[INFO DRT-0169] Post process guides.
[INFO DRT-0176] GCELLGRID X 0 DO 30 STEP 5700 ;
[INFO DRT-0177] GCELLGRID Y 0 DO 30 STEP 5700 ;
[INFO DRT-0028]   Complete active.
[INFO DRT-0028]   Complete Fr_VIA.
[INFO DRT-0028]   Complete metal1.
[INFO DRT-0028]   Complete via1.
[INFO DRT-0028]   Complete metal2.
[INFO DRT-0028]   Complete via2.
[INFO DRT-0028]   Complete metal3.
[INFO DRT-0028]   Complete via3.
[INFO DRT-0028]   Complete metal4.
[INFO DRT-0028]   Complete via4.
[INFO DRT-0028]   Complete metal5.
[INFO DRT-0028]   Complete via5.
[INFO DRT-0028]   Complete metal6.
[INFO DRT-0028]   Complete via6.
[INFO DRT-0028]   Complete metal7.
[INFO DRT-0028]   Complete via7.
[INFO DRT-0028]   Complete metal8.
[INFO DRT-0028]   Complete via8.
[INFO DRT-0028]   Complete metal9.
[INFO DRT-0028]   Complete via9.
[INFO DRT-0028]   Complete metal10.
[INFO DRT-0178] Init guide query.
[INFO DRT-0035]   Complete active (guide).
[INFO DRT-0035]   Complete Fr_VIA (guide).
[INFO DRT-0035]   Complete metal1 (guide).
[INFO DRT-0035]   Complete via1 (guide).
[INFO DRT-0035]   Complete metal2 (guide).
[INFO DRT-0035]   Complete via2 (guide).
[INFO DRT-0035]   Complete metal3 (guide).
[INFO DRT-0035]   Complete via3 (guide).
[INFO DRT-0035]   Complete metal4 (guide).
[INFO DRT-0035]   Complete via4 (guide).
[INFO DRT-0035]   Complete metal5 (guide).
[INFO DRT-0035]   Complete via5 (guide).
[INFO DRT-0035]   Complete metal6 (guide).
[INFO DRT-0035]   Complete via6 (guide).
[INFO DRT-0035]   Complete metal7 (guide).
[INFO DRT-0035]   Complete via7 (guide).
[INFO DRT-0035]   Complete metal8 (guide).
[INFO DRT-0035]   Complete via8 (guide).
[INFO DRT-0035]   Complete metal9 (guide).
[INFO DRT-0035]   Complete via9 (guide).
[INFO DRT-0035]   Complete metal10 (guide).
[INFO DRT-0036] active guide region query size = 0.
[INFO DRT-0036] FR_VIA guide region query size = 0.
[INFO DRT-0036] metal1 guide region query size = 5246.
[INFO DRT-0036] via1 guide region query size = 0.
[INFO DRT-0036] metal2 guide region query size = 4785.
[INFO DRT-0036] via2 guide region query size = 0.
[INFO DRT-0036] metal3 guide region query size = 2745.
[INFO DRT-0036] via3 guide region query size = 0.
[INFO DRT-0036] metal4 guide region query size = 552.
[INFO DRT-0036] via4 guide region query size = 0.
[INFO DRT-0036] metal5 guide region query size = 222.
[INFO DRT-0036] via5 guide region query size = 0.
[INFO DRT-0036] metal6 guide region query size = 73.
[INFO DRT-0036] via6 guide region query size = 0.
[INFO DRT-0036] metal7 guide region query size = 0.
[INFO DRT-0036] via7 guide region query size = 0.
[INFO DRT-0036] metal8 guide region query size = 0.
[INFO DRT-0036] via8 guide region query size = 0.
[INFO DRT-0036] metal9 guide region query size = 0.
[INFO DRT-0036] via9 guide region query size = 0.
[INFO DRT-0036] metal10 guide region query size = 0.
[INFO DRT-0179] Init gr pin query.
[INFO DRT-0267] cpu time = 00:00:00, elapsed time = 00:00:00, memory = 267.61 (MB), peak = 267.30 (MB)
[INFO DRT-0245] skipped writing guide updates to database.
[INFO DRT-0181] Start track assignment.
[INFO DRT-0184] Done with 5410 vertical wires in 1 frboxes and 8213 horizontal wires in 1 frboxes.
[INFO DRT-0186] Done with 1646 vertical wires in 1 frboxes and 1790 horizontal wires in 1 frboxes.
[INFO DRT-0182] Complete track assignment.
[INFO DRT-0267] cpu time = 00:00:01, elapsed time = 00:00:01, memory = 317.84 (MB), peak = 317.49 (MB)
[INFO DRT-0187] Start routing data preparation.
[INFO DRT-0267] cpu time = 00:00:00, elapsed time = 00:00:00, memory = 317.90 (MB), peak = 317.49 (MB)
[INFO DRT-0194] Start detail routing.
[INFO DRT-0195] Start 0th optimization iteration.
    Completing 10% with 0 violations.
    elapsed time = 00:00:00, memory = 352.72 (MB).
    Completing 20% with 0 violations.
    elapsed time = 00:00:00, memory = 353.87 (MB).
    Completing 30% with 0 violations.
    elapsed time = 00:00:02, memory = 342.60 (MB).
    Completing 40% with 90 violations.
    elapsed time = 00:00:04, memory = 384.30 (MB).
    Completing 50% with 90 violations.
    elapsed time = 00:00:05, memory = 370.23 (MB).
    Completing 60% with 90 violations.
    elapsed time = 00:00:07, memory = 346.93 (MB).
    Completing 70% with 150 violations.
    elapsed time = 00:00:08, memory = 391.14 (MB).
    Completing 80% with 150 violations.
    elapsed time = 00:00:11, memory = 377.43 (MB).
    Completing 90% with 259 violations.
    elapsed time = 00:00:14, memory = 408.81 (MB).
    Completing 100% with 332 violations.
    elapsed time = 00:00:16, memory = 371.93 (MB).
[INFO DRT-0199]   Number of violations = 462.
Viol/Layer      metal1 metal2   via2 metal3 metal4   via4
Cut Spacing          0      0      0      0      0      1
Metal Spacing        0     27      0      9      2      0
Recheck              1     80      0     46      3      0
Short                0    259      3     29      2      0
[INFO DRT-0267] cpu time = 00:00:40, elapsed time = 00:00:16, memory = 904.05 (MB), peak = 903.62 (MB)
Total wire length = 27208 um.
Total wire length on LAYER metal1 = 0 um.
Total wire length on LAYER metal2 = 10068 um.
Total wire length on LAYER metal3 = 11602 um.
Total wire length on LAYER metal4 = 3475 um.
Total wire length on LAYER metal5 = 1307 um.
Total wire length on LAYER metal6 = 755 um.
Total wire length on LAYER metal7 = 0 um.
Total wire length on LAYER metal8 = 0 um.
Total wire length on LAYER metal9 = 0 um.
Total wire length on LAYER metal10 = 0 um.
Total number of vias = 13417.
Up-via summary (total 13417):

----------------
 active        0
 metal1     5928
 metal2     6306
 metal3      794
 metal4      287
 metal5      102
 metal6        0
 metal7        0
 metal8        0
 metal9        0
----------------
       13417


[INFO DRT-0195] Start 1st optimization iteration.
    Completing 10% with 462 violations.
    elapsed time = 00:00:00, memory = 930.85 (MB).
    Completing 20% with 462 violations.
    elapsed time = 00:00:00, memory = 930.85 (MB).
    Completing 30% with 462 violations.
    elapsed time = 00:00:02, memory = 935.87 (MB).
    Completing 40% with 400 violations.
    elapsed time = 00:00:04, memory = 941.62 (MB).
    Completing 50% with 400 violations.
    elapsed time = 00:00:05, memory = 941.62 (MB).
    Completing 60% with 400 violations.
    elapsed time = 00:00:07, memory = 923.61 (MB).
    Completing 70% with 329 violations.
    elapsed time = 00:00:07, memory = 947.45 (MB).
    Completing 80% with 329 violations.
    elapsed time = 00:00:10, memory = 947.45 (MB).
    Completing 90% with 240 violations.
    elapsed time = 00:00:15, memory = 937.46 (MB).
    Completing 100% with 125 violations.
    elapsed time = 00:00:17, memory = 937.46 (MB).
[INFO DRT-0199]   Number of violations = 125.
Viol/Layer      metal2 metal3
Metal Spacing       22      1
Short               93      9
[INFO DRT-0267] cpu time = 00:00:36, elapsed time = 00:00:17, memory = 940.46 (MB), peak = 947.29 (MB)
Total wire length = 27007 um.
Total wire length on LAYER metal1 = 0 um.
Total wire length on LAYER metal2 = 9997 um.
Total wire length on LAYER metal3 = 11523 um.
Total wire length on LAYER metal4 = 3458 um.
Total wire length on LAYER metal5 = 1273 um.
Total wire length on LAYER metal6 = 754 um.
Total wire length on LAYER metal7 = 0 um.
Total wire length on LAYER metal8 = 0 um.
Total wire length on LAYER metal9 = 0 um.
Total wire length on LAYER metal10 = 0 um.
Total number of vias = 13420.
Up-via summary (total 13420):

----------------
 active        0
 metal1     5931
 metal2     6324
 metal3      787
 metal4      280
 metal5       98
 metal6        0
 metal7        0
 metal8        0
 metal9        0
----------------
       13420


[INFO DRT-0195] Start 2nd optimization iteration.
    Completing 10% with 125 violations.
    elapsed time = 00:00:00, memory = 940.46 (MB).
    Completing 20% with 125 violations.
    elapsed time = 00:00:00, memory = 940.46 (MB).
    Completing 30% with 125 violations.
    elapsed time = 00:00:03, memory = 944.71 (MB).
    Completing 40% with 123 violations.
    elapsed time = 00:00:03, memory = 944.71 (MB).
    Completing 50% with 123 violations.
    elapsed time = 00:00:04, memory = 944.71 (MB).
    Completing 60% with 123 violations.
    elapsed time = 00:00:06, memory = 946.06 (MB).
    Completing 70% with 114 violations.
    elapsed time = 00:00:06, memory = 946.06 (MB).
    Completing 80% with 114 violations.
    elapsed time = 00:00:10, memory = 959.29 (MB).
    Completing 90% with 124 violations.
    elapsed time = 00:00:13, memory = 962.68 (MB).
    Completing 100% with 109 violations.
    elapsed time = 00:00:12, memory = 962.68 (MB).
[INFO DRT-0199]   Number of violations = 109.
Viol/Layer      metal2 metal3
Metal Spacing       13      0
Short               89      7
[INFO DRT-0267] cpu time = 00:00:31, elapsed time = 00:00:13, memory = 962.68 (MB), peak = 962.33 (MB)
Total wire length = 26945 um.
Total wire length on LAYER metal1 = 0 um.
Total wire length on LAYER metal2 = 10028 um.
Total wire length on LAYER metal3 = 11450 um.
Total wire length on LAYER metal4 = 3439 um.
Total wire length on LAYER metal5 = 1275 um.
Total wire length on LAYER metal6 = 751 um.
Total wire length on LAYER metal7 = 0 um.
Total wire length on LAYER metal8 = 0 um.
Total wire length on LAYER metal9 = 0 um.
Total wire length on LAYER metal10 = 0 um.
Total number of vias = 13327.
Up-via summary (total 13327):

----------------
 active        0
 metal1     5932
 metal2     6236
 metal3      785
 metal4      275
 metal5       99
 metal6        0
 metal7        0
 metal8        0
 metal9        0
----------------
       13327


[INFO DRT-0195] Start 3rd optimization iteration.
    Completing 10% with 109 violations.
    elapsed time = 00:00:00, memory = 962.68 (MB).
    Completing 20% with 109 violations.
    elapsed time = 00:00:00, memory = 962.68 (MB).
    Completing 30% with 109 violations.
    elapsed time = 00:00:01, memory = 962.68 (MB).
    Completing 40% with 87 violations.
    elapsed time = 00:00:02, memory = 962.68 (MB).
    Completing 50% with 87 violations.
    elapsed time = 00:00:02, memory = 962.68 (MB).
    Completing 60% with 87 violations.
    elapsed time = 00:00:03, memory = 962.68 (MB).
    Completing 70% with 50 violations.
    elapsed time = 00:00:03, memory = 962.68 (MB).
    Completing 80% with 50 violations.
    elapsed time = 00:00:04, memory = 962.68 (MB).
    Completing 90% with 12 violations.
    elapsed time = 00:00:07, memory = 969.29 (MB).
    Completing 100% with 0 violations.
    elapsed time = 00:00:07, memory = 969.29 (MB).
[INFO DRT-0199]   Number of violations = 0.
[INFO DRT-0267] cpu time = 00:00:17, elapsed time = 00:00:07, memory = 969.29 (MB), peak = 968.96 (MB)
Total wire length = 26932 um.
Total wire length on LAYER metal1 = 0 um.
Total wire length on LAYER metal2 = 9870 um.
Total wire length on LAYER metal3 = 11474 um.
Total wire length on LAYER metal4 = 3572 um.
Total wire length on LAYER metal5 = 1268 um.
Total wire length on LAYER metal6 = 747 um.
Total wire length on LAYER metal7 = 0 um.
Total wire length on LAYER metal8 = 0 um.
Total wire length on LAYER metal9 = 0 um.
Total wire length on LAYER metal10 = 0 um.
Total number of vias = 13404.
Up-via summary (total 13404):

----------------
 active        0
 metal1     5931
 metal2     6269
 metal3      832
 metal4      273
 metal5       99
 metal6        0
 metal7        0
 metal8        0
 metal9        0
----------------
       13404


[INFO DRT-0198] Complete detail routing.
Total wire length = 26932 um.
Total wire length on LAYER metal1 = 0 um.
Total wire length on LAYER metal2 = 9870 um.
Total wire length on LAYER metal3 = 11474 um.
Total wire length on LAYER metal4 = 3572 um.
Total wire length on LAYER metal5 = 1268 um.
Total wire length on LAYER metal6 = 747 um.
Total wire length on LAYER metal7 = 0 um.
Total wire length on LAYER metal8 = 0 um.
Total wire length on LAYER metal9 = 0 um.
Total wire length on LAYER metal10 = 0 um.
Total number of vias = 13404.
Up-via summary (total 13404):

----------------
 active        0
 metal1     5931
 metal2     6269
 metal3      832
 metal4      273
 metal5       99
 metal6        0
 metal7        0
 metal8        0
 metal9        0
----------------
       13404


[INFO DRT-0267] cpu time = 00:02:04, elapsed time = 00:00:55, memory = 969.35 (MB), peak = 969.08 (MB)

[INFO DRT-0180] Post processing.
Took 61 seconds: detailed_route -output_drc ./reports/nangate45/s5378/phase0c_f3e7b516a_s13_k2_J50_8f6c8bc0_7f655d61/5_route_drc.rpt -output_maze ./results/nangate45/s5378/phase0c_f3e7b516a_s13_k2_J50_8f6c8bc0_7f655d61/maze.log -droute_end_iter 64 -verbose 1 -drc_report_iter_step 5
[WARNING GRT-0246] No diode with LEF class CORE ANTENNACELL found.
[INFO ANT-0002] Found 0 net violations.
[INFO ANT-0001] Found 0 pin violations.
[INFO ANT-0002] Found 0 net violations.
[INFO ANT-0001] Found 0 pin violations.
Design area 2601 um^2 38% utilization.
write_db ./results/nangate45/s5378/phase0c_f3e7b516a_s13_k2_J50_8f6c8bc0_7f655d61/5_2_route.odb
Log                       Ext     Elapsed/s Peak Memory/MB sha1sum result [0:20)
5_2_route                 .odb           65            969 bbc67b909136e1f63650
/root/pact-deps/OpenROAD-flow-scripts/flow/scripts/flow.sh 5_3_fillcell fillcell
Running fillcell.tcl, stage 5_3_fillcell
read_liberty /root/pact-deps/OpenROAD-flow-scripts/flow/platforms/nangate45/lib/NangateOpenCellLibrary_typical.lib
read_db ./results/nangate45/s5378/phase0c_f3e7b516a_s13_k2_J50_8f6c8bc0_7f655d61/5_2_route.odb
read_sdc ./results/nangate45/s5378/phase0c_f3e7b516a_s13_k2_J50_8f6c8bc0_7f655d61/5_1_grt.sdc
source /root/pact-deps/OpenROAD-flow-scripts/flow/platforms/nangate45/setRC.tcl
filler_placement "FILLCELL_X1 FILLCELL_X2 FILLCELL_X4 FILLCELL_X8 FILLCELL_X16 FILLCELL_X32"
[INFO DPL-0001] Placed 2467 filler instances.
Design area 2601 um^2 38% utilization.
write_db ./results/nangate45/s5378/phase0c_f3e7b516a_s13_k2_J50_8f6c8bc0_7f655d61/5_3_fillcell.odb
Log                       Ext     Elapsed/s Peak Memory/MB sha1sum result [0:20)
5_3_fillcell              .odb            0            116 6bb802bc2a0c10d2466b
cp ./results/nangate45/s5378/phase0c_f3e7b516a_s13_k2_J50_8f6c8bc0_7f655d61/5_3_fillcell.odb ./results/nangate45/s5378/phase0c_f3e7b516a_s13_k2_J50_8f6c8bc0_7f655d61/5_route.odb
cp ./results/nangate45/s5378/phase0c_f3e7b516a_s13_k2_J50_8f6c8bc0_7f655d61/5_1_grt.sdc ./results/nangate45/s5378/phase0c_f3e7b516a_s13_k2_J50_8f6c8bc0_7f655d61/5_route.sdc
