OpenROAD 26Q2-1164-g08f67ee5ec 
Features included (+) or not (-): +GPU +GUI +Python
This program is licensed under the BSD-3 license. See the LICENSE file for details.
Components of this program may be licensed under more restrictive licenses which must be honored.
[INFO ORD-0030] Using 2 thread(s).
mkdir -p /mnt/c/Users/Abhinav/OneDrive/Desktop/PACT/PACT/results/phase2d_independent_gp/orfs/objects/nangate45/s9234f/phase2d_gp29
/root/pact-deps/OpenROAD-flow-scripts/flow/scripts/flow.sh 3_1_place_gp_skip_io global_place_skip_io
Running global_place_skip_io.tcl, stage 3_1_place_gp_skip_io
read_liberty /root/pact-deps/OpenROAD-flow-scripts/flow/platforms/nangate45/lib/NangateOpenCellLibrary_typical.lib
read_db /mnt/c/Users/Abhinav/OneDrive/Desktop/PACT/PACT/results/phase2d_independent_gp/orfs/results/nangate45/s9234f/phase2d_gp29/2_floorplan.odb
read_sdc /mnt/c/Users/Abhinav/OneDrive/Desktop/PACT/PACT/results/phase2d_independent_gp/orfs/results/nangate45/s9234f/phase2d_gp29/2_floorplan.sdc
source /root/pact-deps/OpenROAD-flow-scripts/flow/platforms/nangate45/setRC.tcl
source /mnt/c/Users/Abhinav/OneDrive/Desktop/PACT/PACT/scripts/phase2d_gp_hook.tcl
[INFO GPL-0022] Initialize gpl and calculate uniform density.
Placement density is 0.5379999971389771, computed from PLACE_DENSITY_LB_ADDON  0.20 and lower bound 0.4099999964237213
global_placement -skip_io -density 0.5379999971389771 -pad_left 0 -pad_right 0 -skip_initial_place
PHASE2D_GP_FROM_FRESH_ANCESTRY: -skip_io -density 0.5379999971389771 -pad_left 0 -pad_right 0 -skip_initial_place
[INFO GPL-0001] ---- Initialize GPL Main Data Structures
[INFO GPL-0002] DBU: 2000
[INFO GPL-0003] SiteSize: (  0.190  1.400 ) um
[INFO GPL-0004] CoreBBox: (  1.140  1.400 ) ( 102.410 102.200 ) um
[INFO GPL-0036] Movable instances area:       3601.640 um^2
[INFO GPL-0037] Total instances area:         3639.944 um^2
[INFO GPL-0035] Pin density area adjust:       467.574 um^2
[INFO GPL-0032] ---- Initialize Region: Top-level
[INFO GPL-0006] Number of instances:              2697
[INFO GPL-0007] Movable instances:                2553
[INFO GPL-0008] Fixed instances:                   144
[INFO GPL-0009] Dummy instances:                     0
[INFO GPL-0010] Number of nets:                   2592
[INFO GPL-0011] Number of pins:                   7948
[INFO GPL-0012] Die BBox:  (  0.000  0.000 ) ( 103.440 103.440 ) um
[INFO GPL-0013] Core BBox: (  1.140  1.400 ) ( 102.410 102.200 ) um
[INFO GPL-0016] Core area:                   10208.016 um^2
[INFO GPL-0014] Region name: top-level.
[INFO GPL-0015] Region area:                 10208.016 um^2
[INFO GPL-0017] Fixed instances area:           38.304 um^2
[INFO GPL-0018] Movable instances area:       4069.214 um^2
[INFO GPL-0019] Utilization:                    40.013 %
[INFO GPL-0020] Standard cells area:          4069.214 um^2
[INFO GPL-0021] Large instances area:            0.000 um^2
[INFO GPL-0005] ---- Execute Conjugate Gradient Initial Placement.
[INFO GPL-0051] Source of initial instance position counters:
	Odb location = 2553	Core center = 0	Region center = 0
[INFO GPL-0033] ---- Initialize Nesterov Region: Top-level
[INFO GPL-0023] Placement target density:       0.5380
[INFO GPL-0024] Movable insts average area:      1.594 um^2
[INFO GPL-0025] Ideal bin area:                  2.963 um^2
[INFO GPL-0026] Ideal bin count:                  3445
[INFO GPL-0027] Total bin area:              10208.016 um^2
[INFO GPL-0028] Bin count (X, Y):          32 ,     32
[INFO GPL-0029] Bin size (W * H):       3.165 *  3.150 um
[INFO GPL-0030] Number of bins:                   1024
[INFO GPL-0084] ---- Execute Nesterov Global Placement.
[INFO GPL-0031] HPWL: Half-Perimeter Wirelength
Iteration | Overflow |     HPWL (um) |  HPWL(%) |   Penalty | Group
---------------------------------------------------------------
        0 |   0.2499 |  1.381981e+05 |   +0.00% |  6.56e-11 |      
       10 |   0.9298 |  8.709997e+03 |  -93.70% |  9.66e-11 |      
       20 |   0.8658 |  9.787139e+03 |  +12.37% |  1.42e-10 |      
       30 |   0.8315 |  1.001766e+04 |   +2.36% |  2.10e-10 |      
       40 |   0.8038 |  1.106272e+04 |  +10.43% |  3.09e-10 |      
       50 |   0.7687 |  1.201452e+04 |   +8.60% |  4.55e-10 |      
       60 |   0.7334 |  1.291026e+04 |   +7.46% |  6.70e-10 |      
       70 |   0.6926 |  1.386301e+04 |   +7.38% |  9.86e-10 |      
       80 |   0.6535 |  1.453537e+04 |   +4.85% |  1.45e-09 |      
       90 |   0.6061 |  1.536785e+04 |   +5.73% |  2.14e-09 |      
      100 |   0.5600 |  1.595453e+04 |   +3.82% |  3.15e-09 |      
      110 |   0.5152 |  1.674040e+04 |   +4.93% |  4.64e-09 |      
      120 |   0.4774 |  1.735288e+04 |   +3.66% |  6.84e-09 |      
      130 |   0.4224 |  1.782629e+04 |   +2.73% |  1.01e-08 |      
      140 |   0.3671 |  1.821881e+04 |   +2.20% |  1.48e-08 |      
      150 |   0.3347 |  1.862475e+04 |   +2.23% |  2.19e-08 |      
      160 |   0.3018 |  1.900222e+04 |   +2.03% |  3.22e-08 |      
      170 |   0.2664 |  1.928291e+04 |   +1.48% |  4.74e-08 |      
      180 |   0.2403 |  1.945551e+04 |   +0.90% |  6.99e-08 |      
      190 |   0.2061 |  1.958258e+04 |   +0.65% |  1.03e-07 |      
      200 |   0.1816 |  1.978978e+04 |   +1.06% |  1.52e-07 |      
      210 |   0.1566 |  1.987281e+04 |   +0.42% |  2.23e-07 |      
      220 |   0.1348 |  1.991247e+04 |   +0.20% |  3.29e-07 |      
      230 |   0.1182 |  2.000059e+04 |   +0.44% |  4.85e-07 |      
      240 |   0.1010 |  2.009041e+04 |   +0.45% |  7.14e-07 |      
      241 |   0.0995 |  2.009773e+04 |          |  7.71e-07 |      
---------------------------------------------------------------
[INFO GPL-1001] Global placement finished at iteration 241
[INFO GPL-1002] Placed Cell Area             4069.2141
[INFO GPL-1003] Available Free Area         10169.7120
[INFO GPL-1004] Minimum Feasible Density        0.4100 (cell_area / free_area)
[INFO GPL-1006]   Suggested Target Densities:
[INFO GPL-1007]     - For 90% usage of free space: 0.4446
[INFO GPL-1008]     - For 80% usage of free space: 0.5002
[INFO GPL-1009]     - For 50% usage of free space: 0.8003
[INFO GPL-1014] Final placement area: 4069.21 (+0.00%)
Design area 3640 um^2 36% utilization.
write_db /mnt/c/Users/Abhinav/OneDrive/Desktop/PACT/PACT/results/phase2d_independent_gp/orfs/results/nangate45/s9234f/phase2d_gp29/3_1_place_gp_skip_io.odb
Log                       Ext     Elapsed/s Peak Memory/MB sha1sum result [0:20)
3_1_place_gp_skip_io      .odb            1            115 7bcf19f133ceab1c1af3
/root/pact-deps/OpenROAD-flow-scripts/flow/scripts/flow.sh 3_2_place_iop io_placement
Running io_placement.tcl, stage 3_2_place_iop
read_liberty /root/pact-deps/OpenROAD-flow-scripts/flow/platforms/nangate45/lib/NangateOpenCellLibrary_typical.lib
read_db /mnt/c/Users/Abhinav/OneDrive/Desktop/PACT/PACT/results/phase2d_independent_gp/orfs/results/nangate45/s9234f/phase2d_gp29/3_1_place_gp_skip_io.odb
read_sdc /mnt/c/Users/Abhinav/OneDrive/Desktop/PACT/PACT/results/phase2d_independent_gp/orfs/results/nangate45/s9234f/phase2d_gp29/2_floorplan.sdc
source /root/pact-deps/OpenROAD-flow-scripts/flow/platforms/nangate45/setRC.tcl
place_pins -hor_layers metal5 -ver_layers metal6
Found 0 macro blocks.
Using 2 tracks default min distance between IO pins.
[INFO PPL-0001] Number of available slots 724
[INFO PPL-0002] Number of I/O             79
[INFO PPL-0003] Number of I/O w/sink      79
[INFO PPL-0004] Number of I/O w/o sink    0
[INFO PPL-0005] Slots per section         200
[INFO PPL-0008] Successfully assigned pins to sections.
[INFO PPL-0012] I/O nets HPWL: 2025.07 um.
Design area 3640 um^2 36% utilization.
write_db /mnt/c/Users/Abhinav/OneDrive/Desktop/PACT/PACT/results/phase2d_independent_gp/orfs/results/nangate45/s9234f/phase2d_gp29/3_2_place_iop.odb
Log                       Ext     Elapsed/s Peak Memory/MB sha1sum result [0:20)
3_2_place_iop             .odb            1            111 7e92e297985fd50e13e4
/root/pact-deps/OpenROAD-flow-scripts/flow/scripts/flow.sh 3_3_place_gp global_place
Running global_place.tcl, stage 3_3_place_gp
read_liberty /root/pact-deps/OpenROAD-flow-scripts/flow/platforms/nangate45/lib/NangateOpenCellLibrary_typical.lib
read_db /mnt/c/Users/Abhinav/OneDrive/Desktop/PACT/PACT/results/phase2d_independent_gp/orfs/results/nangate45/s9234f/phase2d_gp29/3_2_place_iop.odb
read_sdc /mnt/c/Users/Abhinav/OneDrive/Desktop/PACT/PACT/results/phase2d_independent_gp/orfs/results/nangate45/s9234f/phase2d_gp29/2_floorplan.sdc
source /root/pact-deps/OpenROAD-flow-scripts/flow/platforms/nangate45/setRC.tcl
source /mnt/c/Users/Abhinav/OneDrive/Desktop/PACT/PACT/scripts/phase2d_gp_hook.tcl
[INFO RSZ-0026] Removed 97 buffers.
Perform port buffering...
[INFO RSZ-0027] Inserted 38 BUF_X1 input buffers.
[INFO RSZ-0028] Inserted 40 BUF_X1 output buffers.
[INFO GPL-0022] Initialize gpl and calculate uniform density.
Placement density is 0.5219999885559082, computed from PLACE_DENSITY_LB_ADDON  0.20 and lower bound 0.38999998569488525
global_placement -density 0.5219999885559082 -pad_left 0 -pad_right 0 -routability_driven -timing_driven -force_center_initial_place -min_phi_coef 0.95 -max_phi_coef 1.05 -skip_initial_place
PHASE2D_GP_FROM_FRESH_ANCESTRY: -density 0.5219999885559082 -pad_left 0 -pad_right 0 -routability_driven -timing_driven -min_phi_coef 0.95 -max_phi_coef 1.05 -skip_initial_place
[INFO GPL-0001] ---- Initialize GPL Main Data Structures
[INFO GPL-0002] DBU: 2000
[INFO GPL-0003] SiteSize: (  0.190  1.400 ) um
[INFO GPL-0004] CoreBBox: (  1.140  1.400 ) ( 102.410 102.200 ) um
[INFO GPL-0036] Movable instances area:       3483.270 um^2
[INFO GPL-0037] Total instances area:         3521.574 um^2
[INFO GPL-0035] Pin density area adjust:       417.988 um^2
[INFO GPL-0032] ---- Initialize Region: Top-level
[INFO GPL-0006] Number of instances:              2678
[INFO GPL-0007] Movable instances:                2534
[INFO GPL-0008] Fixed instances:                   144
[INFO GPL-0009] Dummy instances:                     0
[INFO GPL-0010] Number of nets:                   2573
[INFO GPL-0011] Number of pins:                   7989
[INFO GPL-0012] Die BBox:  (  0.000  0.000 ) ( 103.440 103.440 ) um
[INFO GPL-0013] Core BBox: (  1.140  1.400 ) ( 102.410 102.200 ) um
[INFO GPL-0016] Core area:                   10208.016 um^2
[INFO GPL-0014] Region name: top-level.
[INFO GPL-0015] Region area:                 10208.016 um^2
[INFO GPL-0017] Fixed instances area:           38.304 um^2
[INFO GPL-0018] Movable instances area:       3901.258 um^2
[INFO GPL-0019] Utilization:                    38.362 %
[INFO GPL-0020] Standard cells area:          3901.258 um^2
[INFO GPL-0021] Large instances area:            0.000 um^2
[INFO GPL-0005] ---- Execute Conjugate Gradient Initial Placement.
[INFO GPL-0051] Source of initial instance position counters:
	Odb location = 2534	Core center = 0	Region center = 0
[INFO GPL-0033] ---- Initialize Nesterov Region: Top-level
[INFO GPL-0023] Placement target density:       0.5220
[INFO GPL-0024] Movable insts average area:      1.540 um^2
[INFO GPL-0025] Ideal bin area:                  2.949 um^2
[INFO GPL-0026] Ideal bin count:                  3461
[INFO GPL-0027] Total bin area:              10208.016 um^2
[INFO GPL-0028] Bin count (X, Y):          32 ,     32
[INFO GPL-0029] Bin size (W * H):       3.165 *  3.150 um
[INFO GPL-0030] Number of bins:                   1024
[INFO GPL-0084] ---- Execute Nesterov Global Placement.
[INFO GPL-0031] HPWL: Half-Perimeter Wirelength
Iteration | Overflow |     HPWL (um) |  HPWL(%) |   Penalty | Group
---------------------------------------------------------------
        0 |   0.1124 |  2.100789e+04 |   +0.00% |  7.95e-12 |      
[INFO GPL-0100] Timing-driven iteration 1/2, virtual: false.
[INFO GPL-0101]    Iter: 1, overflow: 0.112, keep resizer changes at: 1, HPWL: 42015771
Iteration |   Area    | Resized | Buffers | Nets repaired | Remaining
---------------------------------------------------------------------
        0 |     +0.0% |       0 |       0 |             0 |      2784
    final |     +0.2% |       1 |       3 |             2 |         0
---------------------------------------------------------------------
[INFO RSZ-0034] Found 1 slew violations.
[INFO RSZ-0036] Found 2 capacitance violations.
[INFO RSZ-0039] Resized 1 instances.
[INFO RSZ-0038] Inserted 3 buffers in 2 nets.
   Iter   |    Area   | Removed | Inserted |   Pins
          |           | Buffers | Buffers  | Remaining
-------------------------------------------------------
        0 |     +0.0% |       0 |        0 |      2534
      250 |     +0.0% |       0 |        0 |      2284
      500 |     -0.0% |       1 |        1 |      2034
      750 |     -0.0% |       1 |        1 |      1784
     1000 |     -0.0% |       1 |        1 |      1534
     1250 |     -0.0% |       1 |        1 |      1284
     1500 |     -0.0% |       1 |        1 |      1034
     1750 |     -0.0% |       1 |        1 |       784
     2000 |     -0.0% |       1 |        1 |       534
     2250 |     -0.0% |       1 |        1 |       284
     2500 |     +0.1% |       1 |        7 |        34
    final |     +0.2% |       3 |       14 |         0
-------------------------------------------------------
[INFO GPL-0106] Timing-driven: worst slack 8.774301e-09
[INFO GPL-0107] Timing-driven: repair_design delta area: 12.768 um^2 (+0.33%)
[INFO GPL-0108] Timing-driven: repair_design, gpl delta gcells: 14 (+0.55%)
[INFO GPL-0109] Timing-driven: repair_design, gcells created: 17, deleted: 3
[INFO GPL-0110] Timing-driven: new target density: 0.52325547
[INFO GPL-0038] Routability snapshot saved at iter = 1
        0 |   0.1124 |  2.179890e+04 |          |           |      
[INFO GPL-0040] Routability iteration: 1
[INFO GPL-0041] Total routing overflow: 0.0000
[INFO GPL-0042] Number of overflowed tiles: 0 (0.00%)
[INFO GPL-0043] Average top 0.5% routing congestion: 0.7808
[INFO GPL-0044] Average top 1.0% routing congestion: 0.7629
[INFO GPL-0045] Average top 2.0% routing congestion: 0.7403
[INFO GPL-0046] Average top 5.0% routing congestion: 0.7011
[INFO GPL-0047] Routability iteration weighted routing congestion: 0.7719
[INFO GPL-0050] Weighted routing congestion is lower than target routing congestion(1.0100), end routability optimization.
[INFO GPL-0090] Routability finished. Target routing congestion achieved succesfully.
Iteration | Overflow |     HPWL (um) |  HPWL(%) |   Penalty | Group
---------------------------------------------------------------
       10 |   0.2017 |  2.061044e+04 |   -1.89% |  1.17e-11 |      
       20 |   0.3028 |  1.990037e+04 |   -3.45% |  1.72e-11 |      
       30 |   0.4188 |  1.905802e+04 |   -4.23% |  2.54e-11 |      
       40 |   0.5581 |  1.732995e+04 |   -9.07% |  3.74e-11 |      
       50 |   0.7257 |  1.392537e+04 |  -19.65% |  5.51e-11 |      
       60 |   0.8211 |  1.066925e+04 |  -23.38% |  8.12e-11 |      
       70 |   0.8463 |  1.019716e+04 |   -4.42% |  1.20e-10 |      
       80 |   0.8249 |  1.156110e+04 |  +13.38% |  1.76e-10 |      
       90 |   0.7843 |  1.291086e+04 |  +11.67% |  2.60e-10 |      
      100 |   0.7461 |  1.358374e+04 |   +5.21% |  3.82e-10 |      
      110 |   0.7184 |  1.408513e+04 |   +3.69% |  5.63e-10 |      
      120 |   0.6927 |  1.481742e+04 |   +5.20% |  8.29e-10 |      
      130 |   0.6569 |  1.576014e+04 |   +6.36% |  1.22e-09 |      
      140 |   0.6253 |  1.661672e+04 |   +5.44% |  1.80e-09 |      
      150 |   0.5883 |  1.737635e+04 |   +4.57% |  2.65e-09 |      
      160 |   0.5500 |  1.806974e+04 |   +3.99% |  3.90e-09 |      
      170 |   0.5069 |  1.874643e+04 |   +3.74% |  5.75e-09 |      
      180 |   0.4593 |  1.935372e+04 |   +3.24% |  8.47e-09 |      
      190 |   0.4039 |  1.978629e+04 |   +2.24% |  1.25e-08 |      
      200 |   0.3594 |  2.022316e+04 |   +2.21% |  1.84e-08 |      
      210 |   0.3109 |  2.080610e+04 |   +2.88% |  2.71e-08 |      
      220 |   0.2783 |  2.110755e+04 |   +1.45% |  3.99e-08 |      
      230 |   0.2482 |  2.129974e+04 |   +0.91% |  5.87e-08 |      
      240 |   0.2267 |  2.138868e+04 |   +0.42% |  8.65e-08 |      
      250 |   0.1964 |  2.152938e+04 |   +0.66% |  1.27e-07 |      
      260 |   0.1701 |  2.169444e+04 |   +0.77% |  1.88e-07 |      
      270 |   0.1542 |  2.170923e+04 |   +0.07% |  2.77e-07 |      
      280 |   0.1323 |  2.178593e+04 |   +0.35% |  4.07e-07 |      
      290 |   0.1152 |  2.179949e+04 |   +0.06% |  6.00e-07 |      
      299 |   0.0993 |  2.182667e+04 |          |  8.84e-07 |      
---------------------------------------------------------------
[INFO GPL-1001] Global placement finished at iteration 299
[INFO GPL-1017] Routability mode iteration count: 193
[INFO GPL-1005] Routability final weighted congestion: 0.7560
[INFO GPL-1002] Placed Cell Area             3914.0260
[INFO GPL-1003] Available Free Area         10169.7120
[INFO GPL-1004] Minimum Feasible Density        0.3900 (cell_area / free_area)
[INFO GPL-1006]   Suggested Target Densities:
[INFO GPL-1007]     - For 90% usage of free space: 0.4276
[INFO GPL-1008]     - For 80% usage of free space: 0.4811
[INFO GPL-1009]     - For 50% usage of free space: 0.7697
[INFO GPL-1011] Original area (um^2): 3901.26
[INFO GPL-1012] Total routability artificial inflation: 0.00 (+0.00%)
[INFO GPL-1013] Total timing-driven delta area: 12.77 (+0.33%)
[INFO GPL-1014] Final placement area: 3914.03 (+0.33%)
estimate_parasitics -placement
Report metrics stage 3, global place...

==========================================================================
global place report_design_area
--------------------------------------------------------------------------
Design area 3534 um^2 35% utilization.
write_db /mnt/c/Users/Abhinav/OneDrive/Desktop/PACT/PACT/results/phase2d_independent_gp/orfs/results/nangate45/s9234f/phase2d_gp29/3_3_place_gp.odb
Log                       Ext     Elapsed/s Peak Memory/MB sha1sum result [0:20)
3_3_place_gp              .odb            4            270 7607bcd13cad8077413d
/root/pact-deps/OpenROAD-flow-scripts/flow/scripts/flow.sh 3_4_place_resized resize
Running resize.tcl, stage 3_4_place_resized
read_liberty /root/pact-deps/OpenROAD-flow-scripts/flow/platforms/nangate45/lib/NangateOpenCellLibrary_typical.lib
read_db /mnt/c/Users/Abhinav/OneDrive/Desktop/PACT/PACT/results/phase2d_independent_gp/orfs/results/nangate45/s9234f/phase2d_gp29/3_3_place_gp.odb
read_sdc /mnt/c/Users/Abhinav/OneDrive/Desktop/PACT/PACT/results/phase2d_independent_gp/orfs/results/nangate45/s9234f/phase2d_gp29/2_floorplan.sdc
source /root/pact-deps/OpenROAD-flow-scripts/flow/platforms/nangate45/setRC.tcl
estimate_parasitics -placement
Perform buffer insertion and gate resizing...
repair_design -verbose
Iteration |   Area    | Resized | Buffers | Nets repaired | Remaining
---------------------------------------------------------------------
        0 |     +0.0% |       0 |       0 |             0 |      2798
       10 |     +0.0% |       0 |       0 |             0 |      2788
       20 |     +0.0% |       0 |       0 |             0 |      2778
       30 |     +0.0% |       0 |       0 |             0 |      2768
       40 |     +0.0% |       0 |       0 |             0 |      2758
       50 |     +0.0% |       0 |       0 |             0 |      2748
       60 |     +0.0% |       0 |       0 |             0 |      2738
       70 |     +0.0% |       0 |       0 |             0 |      2728
       80 |     +0.0% |       0 |       0 |             0 |      2718
       90 |     +0.0% |       0 |       0 |             0 |      2708
      100 |     +0.0% |       0 |       0 |             0 |      2698
      110 |     +0.0% |       0 |       0 |             0 |      2688
      120 |     +0.0% |       0 |       0 |             0 |      2678
      130 |     +0.0% |       0 |       0 |             0 |      2668
      140 |     +0.0% |       0 |       0 |             0 |      2658
      150 |     +0.0% |       0 |       0 |             0 |      2648
      160 |     +0.0% |       0 |       0 |             0 |      2638
      170 |     +0.0% |       0 |       0 |             0 |      2628
      180 |     +0.0% |       0 |       0 |             0 |      2618
      190 |     +0.0% |       0 |       0 |             0 |      2608
      200 |     +0.0% |       0 |       0 |             0 |      2598
      210 |     +0.0% |       0 |       0 |             0 |      2588
      220 |     +0.0% |       0 |       0 |             0 |      2578
      230 |     +0.0% |       0 |       0 |             0 |      2568
      240 |     +0.0% |       0 |       0 |             0 |      2558
      250 |     +0.0% |       0 |       0 |             0 |      2548
      260 |     +0.0% |       0 |       0 |             0 |      2538
      270 |     +0.0% |       0 |       0 |             0 |      2528
      280 |     +0.0% |       0 |       0 |             0 |      2518
      290 |     +0.0% |       0 |       0 |             0 |      2508
      300 |     +0.0% |       0 |       0 |             0 |      2498
      310 |     +0.0% |       0 |       0 |             0 |      2488
      320 |     +0.0% |       0 |       0 |             0 |      2478
      330 |     +0.0% |       0 |       0 |             0 |      2468
      340 |     +0.0% |       0 |       0 |             0 |      2458
      350 |     +0.0% |       0 |       0 |             0 |      2448
      360 |     +0.0% |       0 |       0 |             0 |      2438
      370 |     +0.0% |       0 |       0 |             0 |      2428
      380 |     +0.0% |       0 |       0 |             0 |      2418
      390 |     +0.0% |       0 |       0 |             0 |      2408
      400 |     +0.0% |       0 |       0 |             0 |      2398
      410 |     +0.0% |       0 |       0 |             0 |      2388
      420 |     +0.0% |       0 |       0 |             0 |      2378
      430 |     +0.0% |       0 |       0 |             0 |      2368
      440 |     +0.0% |       0 |       0 |             0 |      2358
      450 |     +0.0% |       0 |       0 |             0 |      2348
      460 |     +0.0% |       0 |       0 |             0 |      2338
      470 |     +0.0% |       0 |       0 |             0 |      2328
      480 |     +0.0% |       0 |       0 |             0 |      2318
      490 |     +0.0% |       0 |       0 |             0 |      2308
      500 |     +0.0% |       0 |       0 |             0 |      2298
      510 |     +0.0% |       0 |       0 |             0 |      2288
      520 |     +0.0% |       0 |       0 |             0 |      2278
      530 |     +0.0% |       0 |       0 |             0 |      2268
      540 |     +0.0% |       0 |       0 |             0 |      2258
      550 |     +0.0% |       0 |       0 |             0 |      2248
      560 |     +0.0% |       0 |       0 |             0 |      2238
      570 |     +0.0% |       0 |       0 |             0 |      2228
      580 |     +0.0% |       0 |       0 |             0 |      2218
      590 |     +0.0% |       0 |       0 |             0 |      2208
      600 |     +0.0% |       0 |       0 |             0 |      2198
      610 |     +0.0% |       0 |       0 |             0 |      2188
      620 |     +0.0% |       0 |       0 |             0 |      2178
      630 |     +0.0% |       0 |       0 |             0 |      2168
      640 |     +0.0% |       0 |       0 |             0 |      2158
      650 |     +0.0% |       0 |       0 |             0 |      2148
      660 |     +0.0% |       0 |       0 |             0 |      2138
      670 |     +0.0% |       0 |       0 |             0 |      2128
      680 |     +0.0% |       0 |       0 |             0 |      2118
      690 |     +0.0% |       0 |       0 |             0 |      2108
      700 |     +0.0% |       0 |       0 |             0 |      2098
      710 |     +0.0% |       0 |       0 |             0 |      2088
      720 |     +0.0% |       0 |       0 |             0 |      2078
      730 |     +0.0% |       0 |       0 |             0 |      2068
      740 |     +0.0% |       0 |       0 |             0 |      2058
      750 |     +0.0% |       0 |       0 |             0 |      2048
      760 |     +0.0% |       0 |       0 |             0 |      2038
      770 |     +0.0% |       0 |       0 |             0 |      2028
      780 |     +0.0% |       0 |       0 |             0 |      2018
      790 |     +0.0% |       0 |       0 |             0 |      2008
      800 |     +0.0% |       0 |       0 |             0 |      1998
      810 |     +0.0% |       0 |       0 |             0 |      1988
      820 |     +0.0% |       0 |       0 |             0 |      1978
      830 |     +0.0% |       0 |       0 |             0 |      1968
      840 |     +0.0% |       0 |       0 |             0 |      1958
      850 |     +0.0% |       0 |       0 |             0 |      1948
      860 |     +0.0% |       0 |       0 |             0 |      1938
      870 |     +0.0% |       0 |       0 |             0 |      1928
      880 |     +0.0% |       0 |       0 |             0 |      1918
      890 |     +0.0% |       0 |       0 |             0 |      1908
      900 |     +0.0% |       0 |       0 |             0 |      1898
      910 |     +0.0% |       0 |       0 |             0 |      1888
      920 |     +0.0% |       0 |       0 |             0 |      1878
      930 |     +0.0% |       0 |       0 |             0 |      1868
      940 |     +0.0% |       0 |       0 |             0 |      1858
      950 |     +0.0% |       0 |       0 |             0 |      1848
      960 |     +0.0% |       0 |       0 |             0 |      1838
      970 |     +0.0% |       0 |       0 |             0 |      1828
      980 |     +0.0% |       0 |       0 |             0 |      1818
      990 |     +0.0% |       0 |       0 |             0 |      1808
     1000 |     +0.0% |       0 |       0 |             0 |      1798
     1010 |     +0.0% |       0 |       0 |             0 |      1788
     1020 |     +0.0% |       0 |       0 |             0 |      1778
     1030 |     +0.0% |       0 |       0 |             0 |      1768
     1040 |     +0.0% |       0 |       0 |             0 |      1758
     1050 |     +0.0% |       0 |       0 |             0 |      1748
     1060 |     +0.0% |       0 |       0 |             0 |      1738
     1070 |     +0.0% |       0 |       0 |             0 |      1728
     1080 |     +0.0% |       0 |       0 |             0 |      1718
     1090 |     +0.0% |       0 |       0 |             0 |      1708
     1100 |     +0.0% |       0 |       0 |             0 |      1698
     1110 |     +0.0% |       0 |       0 |             0 |      1688
     1120 |     +0.0% |       0 |       0 |             0 |      1678
     1130 |     +0.0% |       0 |       0 |             0 |      1668
     1140 |     +0.0% |       0 |       0 |             0 |      1658
     1150 |     +0.0% |       0 |       0 |             0 |      1648
     1160 |     +0.0% |       0 |       0 |             0 |      1638
     1170 |     +0.0% |       0 |       0 |             0 |      1628
     1180 |     +0.0% |       0 |       0 |             0 |      1618
     1190 |     +0.0% |       0 |       0 |             0 |      1608
     1200 |     +0.0% |       0 |       0 |             0 |      1598
     1210 |     +0.0% |       0 |       0 |             0 |      1588
     1220 |     +0.0% |       0 |       0 |             0 |      1578
     1230 |     +0.0% |       0 |       0 |             0 |      1568
     1240 |     +0.0% |       0 |       0 |             0 |      1558
     1250 |     +0.0% |       0 |       0 |             0 |      1548
     1260 |     +0.0% |       0 |       0 |             0 |      1538
     1270 |     +0.0% |       0 |       0 |             0 |      1528
     1280 |     +0.0% |       0 |       0 |             0 |      1518
     1290 |     +0.0% |       0 |       0 |             0 |      1508
     1300 |     +0.0% |       0 |       0 |             0 |      1498
     1310 |     +0.0% |       0 |       0 |             0 |      1488
     1320 |     +0.0% |       0 |       0 |             0 |      1478
     1330 |     +0.0% |       0 |       0 |             0 |      1468
     1340 |     +0.0% |       0 |       0 |             0 |      1458
     1350 |     +0.0% |       0 |       0 |             0 |      1448
     1360 |     +0.0% |       0 |       0 |             0 |      1438
     1370 |     +0.0% |       0 |       0 |             0 |      1428
     1380 |     +0.0% |       0 |       0 |             0 |      1418
     1390 |     +0.0% |       0 |       0 |             0 |      1408
     1400 |     +0.0% |       0 |       0 |             0 |      1398
     1410 |     +0.0% |       0 |       0 |             0 |      1388
     1420 |     +0.0% |       0 |       0 |             0 |      1378
     1430 |     +0.0% |       0 |       0 |             0 |      1368
     1440 |     +0.0% |       0 |       0 |             0 |      1358
     1450 |     +0.0% |       0 |       0 |             0 |      1348
     1460 |     +0.0% |       0 |       0 |             0 |      1338
     1470 |     +0.0% |       0 |       0 |             0 |      1328
     1480 |     +0.0% |       0 |       0 |             0 |      1318
     1490 |     +0.0% |       0 |       0 |             0 |      1308
     1500 |     +0.0% |       0 |       0 |             0 |      1298
     1510 |     +0.0% |       0 |       0 |             0 |      1288
     1520 |     +0.0% |       0 |       0 |             0 |      1278
     1530 |     +0.0% |       0 |       0 |             0 |      1268
     1540 |     +0.0% |       0 |       0 |             0 |      1258
     1550 |     +0.0% |       0 |       0 |             0 |      1248
     1560 |     +0.0% |       0 |       0 |             0 |      1238
     1570 |     +0.0% |       0 |       0 |             0 |      1228
     1580 |     +0.0% |       0 |       0 |             0 |      1218
     1590 |     +0.0% |       0 |       0 |             0 |      1208
     1600 |     +0.0% |       0 |       0 |             0 |      1198
     1610 |     +0.0% |       0 |       0 |             0 |      1188
     1620 |     +0.0% |       0 |       0 |             0 |      1178
     1630 |     +0.0% |       0 |       0 |             0 |      1168
     1640 |     +0.0% |       0 |       0 |             0 |      1158
     1650 |     +0.0% |       0 |       0 |             0 |      1148
     1660 |     +0.0% |       0 |       0 |             0 |      1138
     1670 |     +0.0% |       0 |       0 |             0 |      1128
     1680 |     +0.0% |       0 |       0 |             0 |      1118
     1690 |     +0.0% |       0 |       0 |             0 |      1108
     1700 |     +0.0% |       0 |       0 |             0 |      1098
     1710 |     +0.0% |       0 |       0 |             0 |      1088
     1720 |     +0.0% |       0 |       0 |             0 |      1078
     1730 |     +0.0% |       0 |       0 |             0 |      1068
     1740 |     +0.0% |       0 |       0 |             0 |      1058
     1750 |     +0.0% |       0 |       0 |             0 |      1048
     1760 |     +0.0% |       0 |       0 |             0 |      1038
     1770 |     +0.0% |       0 |       0 |             0 |      1028
     1780 |     +0.0% |       0 |       0 |             0 |      1018
     1790 |     +0.0% |       0 |       0 |             0 |      1008
     1800 |     +0.0% |       0 |       0 |             0 |       998
     1810 |     +0.0% |       0 |       0 |             0 |       988
     1820 |     +0.0% |       0 |       0 |             0 |       978
     1830 |     +0.0% |       0 |       0 |             0 |       968
     1840 |     +0.0% |       0 |       0 |             0 |       958
     1850 |     +0.0% |       0 |       0 |             0 |       948
     1860 |     +0.0% |       0 |       0 |             0 |       938
     1870 |     +0.0% |       0 |       0 |             0 |       928
     1880 |     +0.0% |       0 |       0 |             0 |       918
     1890 |     +0.0% |       0 |       0 |             0 |       908
     1900 |     +0.0% |       0 |       0 |             0 |       898
     1910 |     +0.0% |       0 |       0 |             0 |       888
     1920 |     +0.0% |       0 |       0 |             0 |       878
     1930 |     +0.0% |       0 |       0 |             0 |       868
     1940 |     +0.0% |       0 |       0 |             0 |       858
     1950 |     +0.0% |       0 |       0 |             0 |       848
     1960 |     +0.0% |       0 |       0 |             0 |       838
     1970 |     +0.0% |       0 |       0 |             0 |       828
     1980 |     +0.0% |       0 |       0 |             0 |       818
     1990 |     +0.0% |       0 |       0 |             0 |       808
     2000 |     +0.0% |       0 |       0 |             0 |       798
     2010 |     +0.0% |       0 |       0 |             0 |       788
     2020 |     +0.0% |       0 |       0 |             0 |       778
     2030 |     +0.0% |       0 |       0 |             0 |       768
     2040 |     +0.0% |       0 |       0 |             0 |       758
     2050 |     +0.0% |       0 |       0 |             0 |       748
     2060 |     +0.0% |       0 |       0 |             0 |       738
     2070 |     +0.0% |       0 |       0 |             0 |       728
     2080 |     +0.0% |       0 |       0 |             0 |       718
     2090 |     +0.0% |       0 |       0 |             0 |       708
     2100 |     +0.0% |       0 |       0 |             0 |       698
     2110 |     +0.0% |       0 |       0 |             0 |       688
     2120 |     +0.0% |       0 |       0 |             0 |       678
     2130 |     +0.0% |       0 |       0 |             0 |       668
     2140 |     +0.0% |       0 |       0 |             0 |       658
     2150 |     +0.0% |       0 |       0 |             0 |       648
     2160 |     +0.0% |       0 |       0 |             0 |       638
     2170 |     +0.0% |       0 |       0 |             0 |       628
     2180 |     +0.0% |       0 |       0 |             0 |       618
     2190 |     +0.0% |       0 |       0 |             0 |       608
     2200 |     +0.0% |       0 |       0 |             0 |       598
     2210 |     +0.0% |       0 |       0 |             0 |       588
     2220 |     +0.0% |       0 |       0 |             0 |       578
     2230 |     +0.0% |       0 |       0 |             0 |       568
     2240 |     +0.0% |       0 |       0 |             0 |       558
     2250 |     +0.0% |       0 |       0 |             0 |       548
     2260 |     +0.0% |       0 |       0 |             0 |       538
     2270 |     +0.0% |       0 |       0 |             0 |       528
     2280 |     +0.0% |       0 |       0 |             0 |       518
     2290 |     +0.0% |       0 |       0 |             0 |       508
     2300 |     +0.0% |       0 |       0 |             0 |       498
     2310 |     +0.0% |       0 |       0 |             0 |       488
     2320 |     +0.0% |       0 |       0 |             0 |       478
     2330 |     +0.0% |       0 |       0 |             0 |       468
     2340 |     +0.0% |       0 |       0 |             0 |       458
     2350 |     +0.0% |       0 |       0 |             0 |       448
     2360 |     +0.0% |       0 |       0 |             0 |       438
     2370 |     +0.0% |       0 |       0 |             0 |       428
     2380 |     +0.0% |       0 |       0 |             0 |       418
     2390 |     +0.0% |       0 |       0 |             0 |       408
     2400 |     +0.0% |       0 |       0 |             0 |       398
     2410 |     +0.0% |       0 |       0 |             0 |       388
     2420 |     +0.0% |       0 |       0 |             0 |       378
     2430 |     +0.0% |       0 |       0 |             0 |       368
     2440 |     +0.0% |       0 |       0 |             0 |       358
     2450 |     +0.0% |       0 |       0 |             0 |       348
     2460 |     +0.0% |       0 |       0 |             0 |       338
     2470 |     +0.0% |       0 |       0 |             0 |       328
     2480 |     +0.0% |       0 |       0 |             0 |       318
     2490 |     +0.0% |       0 |       0 |             0 |       308
     2500 |     +0.0% |       0 |       0 |             0 |       298
     2510 |     +0.0% |       0 |       0 |             0 |       288
     2520 |     +0.0% |       0 |       0 |             0 |       278
     2530 |     +0.0% |       0 |       0 |             0 |       268
     2540 |     +0.0% |       0 |       0 |             0 |       258
     2550 |     +0.0% |       0 |       0 |             0 |       248
     2560 |     +0.0% |       0 |       0 |             0 |       238
     2570 |     +0.0% |       0 |       0 |             0 |       228
     2580 |     +0.0% |       0 |       0 |             0 |       218
     2590 |     +0.0% |       0 |       0 |             0 |       208
     2600 |     +0.0% |       0 |       0 |             0 |       198
     2610 |     +0.0% |       0 |       0 |             0 |       188
     2620 |     +0.0% |       0 |       0 |             0 |       178
     2630 |     +0.0% |       0 |       0 |             0 |       168
     2640 |     +0.0% |       0 |       0 |             0 |       158
     2650 |     +0.0% |       0 |       0 |             0 |       148
     2660 |     +0.0% |       0 |       0 |             0 |       138
     2670 |     +0.0% |       0 |       0 |             0 |       128
     2680 |     +0.0% |       0 |       0 |             0 |       118
     2690 |     +0.0% |       0 |       0 |             0 |       108
     2700 |     +0.0% |       0 |       0 |             0 |        98
     2710 |     +0.0% |       0 |       0 |             0 |        88
     2720 |     +0.0% |       0 |       0 |             0 |        78
     2730 |     +0.0% |       0 |       0 |             0 |        68
     2740 |     +0.0% |       0 |       0 |             0 |        58
     2750 |     +0.0% |       0 |       0 |             0 |        48
     2760 |     +0.0% |       0 |       0 |             0 |        38
     2770 |     +0.0% |       0 |       0 |             0 |        28
     2780 |     +0.0% |       0 |       0 |             0 |        18
     2790 |     +0.0% |       0 |       0 |             0 |         8
    final |     +0.0% |       0 |       0 |             0 |         0
---------------------------------------------------------------------
Floating nets: 
Report metrics stage 3, resizer...

==========================================================================
resizer report_design_area
--------------------------------------------------------------------------
Design area 3534 um^2 35% utilization.
Instance count before 2692, after 2692
Pin count before 8149, after 8149
write_db /mnt/c/Users/Abhinav/OneDrive/Desktop/PACT/PACT/results/phase2d_independent_gp/orfs/results/nangate45/s9234f/phase2d_gp29/3_4_place_resized.odb
Log                       Ext     Elapsed/s Peak Memory/MB sha1sum result [0:20)
3_4_place_resized         .odb            4            133 7607bcd13cad8077413d
/root/pact-deps/OpenROAD-flow-scripts/flow/scripts/flow.sh 3_5_place_dp detail_place
Running detail_place.tcl, stage 3_5_place_dp
read_liberty /root/pact-deps/OpenROAD-flow-scripts/flow/platforms/nangate45/lib/NangateOpenCellLibrary_typical.lib
read_db /mnt/c/Users/Abhinav/OneDrive/Desktop/PACT/PACT/results/phase2d_independent_gp/orfs/results/nangate45/s9234f/phase2d_gp29/3_4_place_resized.odb
read_sdc /mnt/c/Users/Abhinav/OneDrive/Desktop/PACT/PACT/results/phase2d_independent_gp/orfs/results/nangate45/s9234f/phase2d_gp29/2_floorplan.sdc
source /root/pact-deps/OpenROAD-flow-scripts/flow/platforms/nangate45/setRC.tcl
detailed_placement
[INFO DPL-0006] Core area: 10208.02 um^2, Instances area: 3534.34 um^2, Utilization: 34.6%
[INFO DPL-0005] Diamond search max displacement: +/- 500 sites horizontally, +/- 100 rows vertically.
[INFO DPL-1101] Legalizing using diamond search.
Movements Summary
---------------------------------------
Total cells:                    2548
Diamond Move Success:           2548 (100.00%)
Diamond Move Failure:              0
Rip-up and replace Success:        0 (  0.00% of diamond failures)
Rip-up and replace Failure:        0
Total Placement Failures:          0
---------------------------------------
Placement Analysis
---------------------------------
total displacement       2225.1 u
average displacement        0.8 u
max displacement            4.5 u
original HPWL           21847.9 u
legalized HPWL          23531.6 u
delta HPWL                    8 %

improve_placement -max_displacement "5 1"
Detailed placement improvement.
[INFO DPL-0401] Setting random seed to 1.
[INFO DPL-0402] Setting maximum displacement 5 1 to 14000 2800 units.
[INFO DPL-0320] Collected 223 fixed cells.
[INFO DPL-0318] Collected 2548 single height cells.
[INFO DPL-0321] Collected 0 wide cells.
[INFO DPL-0322] Image (2280, 2800) - (204820, 204400)
[INFO DPL-0310] Assigned 2548 cells into segments.  Movement in X-direction is 0.000000, movement in Y-direction is 0.000000.
[INFO DPL-0313] Found 0 cells in wrong regions.
[INFO DPL-0315] Found 0 row alignment problems.
[INFO DPL-0314] Found 0 site alignment problems.
[INFO DPL-0311] Found 0 overlaps between adjacent cells.
[INFO DPL-0312] Found 0 edge spacing violations and 0 padding violations.
[INFO DPL-0303] Running algorithm for independent set matching.
[INFO DPL-0300] Set matching objective is wirelength.
[INFO DPL-0301] Pass   1 of matching; objective is 4.703430e+07.
[INFO DPL-0302] End of matching; objective is 4.690172e+07, improvement is 0.28 percent.
[INFO DPL-0303] Running algorithm for global swaps.
[INFO DPL-0306] Pass   1 of global swaps; hpwl is 4.601258e+07.
[INFO DPL-0306] Pass   2 of global swaps; hpwl is 4.580486e+07.
[INFO DPL-0307] End of global swaps; objective is 4.580486e+07, improvement is 2.34 percent.
[INFO DPL-0303] Running algorithm for vertical swaps.
[INFO DPL-0308] Pass   1 of vertical swaps; hpwl is 4.562604e+07.
[INFO DPL-0309] End of vertical swaps; objective is 4.562604e+07, improvement is 0.39 percent.
[INFO DPL-0303] Running algorithm for reordering.
[INFO DPL-0304] Pass   1 of reordering; objective is 4.549272e+07.
[INFO DPL-0305] End of reordering; objective is 4.549272e+07, improvement is 0.29 percent.
[INFO DPL-0303] Running algorithm for random improvement.
[INFO DPL-0324] Random improver is using random generator.
[INFO DPL-0325] Random improver is using hpwl objective.
[INFO DPL-0326] Random improver cost string is (a).
[INFO DPL-0332] End of pass, Generator random called 50960 times.
[INFO DPL-0335] Generator random, Cumulative attempts 50960, swaps 6815, moves 17839 since last reset.
[INFO DPL-0333] End of pass, Objective hpwl, Initial cost 4.514180e+07, Scratch cost 4.456276e+07, Incremental cost 4.456276e+07, Mismatch? N
[INFO DPL-0338] End of pass, Total cost is 4.456276e+07.
[INFO DPL-0327] Pass   1 of random improver; improvement in cost is 1.28 percent.
[INFO DPL-0332] End of pass, Generator random called 50960 times.
[INFO DPL-0335] Generator random, Cumulative attempts 101920, swaps 13550, moves 35552 since last reset.
[INFO DPL-0333] End of pass, Objective hpwl, Initial cost 4.456276e+07, Scratch cost 4.427306e+07, Incremental cost 4.427306e+07, Mismatch? N
[INFO DPL-0338] End of pass, Total cost is 4.427306e+07.
[INFO DPL-0327] Pass   2 of random improver; improvement in cost is 0.65 percent.
[INFO DPL-0328] End of random improver; improvement is 1.924469 percent.
[INFO DPL-0380] Cell flipping.
[INFO DPL-0382] Changed 0 cell orientations for row compatibility.
[INFO DPL-0383] Performed 642 cell flips.
[INFO DPL-0384] End of flipping; objective is 4.399746e+07, improvement is 1.40 percent.
[INFO DPL-0313] Found 0 cells in wrong regions.
[INFO DPL-0315] Found 0 row alignment problems.
[INFO DPL-0314] Found 0 site alignment problems.
[INFO DPL-0311] Found 0 overlaps between adjacent cells.
[INFO DPL-0312] Found 0 edge spacing violations and 0 padding violations.
Detailed Improvement Results
------------------------------------------
Original HPWL            23531.6 u (   11511.7,    12019.9)
Final HPWL               22021.1 u (   10652.3,    11368.7)
Delta HPWL                  -6.4 % (      -7.5,       -5.4)

optimize_mirroring
[INFO DPL-0020] Mirrored 77 instances
[INFO DPL-0021] HPWL before           22021.1 u
[INFO DPL-0022] HPWL after            22015.1 u
[INFO DPL-0023] HPWL delta               -0.0 %
[INFO FLW-0012] Placement violations .
estimate_parasitics -placement
Report metrics stage 3, detailed place...

==========================================================================
detailed place report_design_area
--------------------------------------------------------------------------
Design area 3534 um^2 35% utilization.
write_db /mnt/c/Users/Abhinav/OneDrive/Desktop/PACT/PACT/results/phase2d_independent_gp/orfs/results/nangate45/s9234f/phase2d_gp29/3_5_place_dp.odb
write_sdc -no_timestamp /mnt/c/Users/Abhinav/OneDrive/Desktop/PACT/PACT/results/phase2d_independent_gp/orfs/results/nangate45/s9234f/phase2d_gp29/3_place.sdc
Log                       Ext     Elapsed/s Peak Memory/MB sha1sum result [0:20)
3_5_place_dp              .odb            5            125 bcf9da1124422e3cacff
cp /mnt/c/Users/Abhinav/OneDrive/Desktop/PACT/PACT/results/phase2d_independent_gp/orfs/results/nangate45/s9234f/phase2d_gp29/3_5_place_dp.odb /mnt/c/Users/Abhinav/OneDrive/Desktop/PACT/PACT/results/phase2d_independent_gp/orfs/results/nangate45/s9234f/phase2d_gp29/3_place.odb
