OpenROAD 26Q2-1164-g08f67ee5ec 
Features included (+) or not (-): +GPU +GUI +Python
This program is licensed under the BSD-3 license. See the LICENSE file for details.
Components of this program may be licensed under more restrictive licenses which must be honored.
[INFO ORD-0030] Using 4 thread(s).
mkdir -p ./objects/nangate45/s15850/phase0c_f3e7b516a_s23_k8_R_268ede77_7f655d61
/root/pact-deps/OpenROAD-flow-scripts/flow/scripts/flow.sh 4_1_cts cts
Running cts.tcl, stage 4_1_cts
read_liberty /root/pact-deps/OpenROAD-flow-scripts/flow/platforms/nangate45/lib/NangateOpenCellLibrary_typical.lib
read_db ./results/nangate45/s15850/phase0c_f3e7b516a_s23_k8_R_268ede77_7f655d61/3_place.odb
read_sdc ./results/nangate45/s15850/phase0c_f3e7b516a_s23_k8_R_268ede77_7f655d61/3_place.sdc
source /root/pact-deps/OpenROAD-flow-scripts/flow/platforms/nangate45/setRC.tcl
clock_tree_synthesis -sink_clustering_enable -repair_clock_nets
[INFO CTS-0050] Root buffer is CLKBUF_X3.
[INFO CTS-0051] Sink buffer is CLKBUF_X3.
[INFO CTS-0052] The following clock buffers will be used for CTS:
                    CLKBUF_X3
[INFO CTS-0049] Characterization buffer is CLKBUF_X3.
[INFO CTS-0007] Net "CK" found for clock "clk".
[INFO CTS-0010]  Clock net "CK" has 534 sinks.
[INFO CTS-0008] TritonCTS found 1 clock nets.
[INFO CTS-0097] Characterization used 1 buffer(s) types.
[INFO CTS-0201] 0 blockages from hard placement blockages and placed macros will be used.
[INFO CTS-0027] Generating H-Tree topology for net CK.
[INFO CTS-0028]  Total number of sinks: 534.
[INFO CTS-0090]  Sinks will be clustered based on buffer max cap.
[INFO CTS-0030]  Number of static layers: 0.
[INFO CTS-0020]  Wire segment unit: 14000  dbu (7 um).
[INFO CTS-0206] Best clustering solution was found from max clustering size of 8 and max clustering diameter of 41.
[INFO CTS-0019]  Total number of sinks after clustering: 83.
[INFO CTS-0024]  Normalized sink region: [(2.3715, 1.8), (19.9384, 19.1143)].
[INFO CTS-0025]     Width:  17.5669.
[INFO CTS-0026]     Height: 17.3143.
 Level 1
    Direction: Horizontal
    Sinks per sub-region: 42
    Sub-region size: 8.7834 X 17.3143
[INFO CTS-0034]     Segment length (rounded): 4.
 Level 2
    Direction: Vertical
    Sinks per sub-region: 21
    Sub-region size: 8.7834 X 8.6571
[INFO CTS-0034]     Segment length (rounded): 4.
 Level 3
    Direction: Horizontal
    Sinks per sub-region: 11
    Sub-region size: 4.3917 X 8.6571
[INFO CTS-0034]     Segment length (rounded): 2.
[INFO CTS-0032]  Stop criterion found. Max number of sinks is 15.
[INFO CTS-0035]  Number of sinks covered: 83.
[INFO CTS-0018]     Created 92 clock buffers.
[INFO CTS-0012]     Minimum number of buffers in the clock path: 3.
[INFO CTS-0013]     Maximum number of buffers in the clock path: 3.
[INFO CTS-0015]     Created 92 clock nets.
[INFO CTS-0016]     Fanout distribution for the current clock = 3:2, 4:1, 5:11, 6:21, 7:41, 8:7, 9:2, 10:3, 11:1, 12:2..
[INFO CTS-0017]     Max level of the clock tree: 3.
[INFO CTS-0098] Clock net "CK"
[INFO CTS-0099]  Sinks 601
[INFO CTS-0100]  Leaf buffers 83
[INFO CTS-0101]  Average sink wire length 209.29 um
[INFO CTS-0102]  Path depth 2 - 3
[INFO CTS-0207]  Dummy loads inserted 67
estimate_parasitics -placement
detailed_placement
[INFO DPL-0006] Core area: 20959.47 um^2, Instances area: 7539.77 um^2, Utilization: 36.0%
[INFO DPL-0005] Diamond search max displacement: +/- 500 sites horizontally, +/- 100 rows vertically.
[INFO DPL-1101] Legalizing using diamond search.
Movements Summary
---------------------------------------
Total cells:                    5037
Diamond Move Success:           5037 (100.00%)
Diamond Move Failure:              0
Rip-up and replace Success:        0 (  0.00% of diamond failures)
Rip-up and replace Failure:        0
Total Placement Failures:          0
---------------------------------------
Placement Analysis
---------------------------------
total displacement        241.3 u
average displacement        0.0 u
max displacement            3.4 u
original HPWL          100018.1 u
legalized HPWL         100103.0 u
delta HPWL                    0 %

estimate_parasitics -placement
repair_timing -setup_margin 0 -hold_margin 0 -repair_tns 100 -verbose
[INFO RSZ-0100] Repair move sequence: UnbufferMove SizeUpMove SwapPinsMove BufferMove CloneMove SplitLoadMove 
[INFO RSZ-0098] No setup violations found
[INFO RSZ-0046] Found 88 endpoints with hold violations.
Iteration | Resized | Buffers | Cloned Gates |   Area   |   WNS   |   TNS   | Endpoint
--------------------------------------------------------------------------------------
        0 |       0 |       0 |            0 |    +0.0% |  -0.117 |  -4.779 | U_g585/D
       10 |       0 |      22 |            0 |    +0.2% |  -0.111 |  -3.790 | U_g586/D
       20 |       0 |      42 |            0 |    +0.4% |  -0.073 |  -2.758 | U_g1059/D
       30 |       0 |      72 |            0 |    +0.8% |  -0.061 |  -2.082 | U_g1065/D
       40 |       1 |      83 |            0 |    +0.9% |  -0.055 |  -0.199 | U_g369/SI
       50 |       1 |      85 |            0 |    +0.9% |  -0.055 |  -0.099 | U_g369/SI
       60 |       1 |      85 |            0 |    +0.9% |  -0.055 |  -0.099 | U_g369/SI
       70 |       1 |      85 |            0 |    +0.9% |  -0.055 |  -0.099 | U_g369/SI
       80 |       1 |      87 |            0 |    +0.9% |  -0.055 |  -0.055 | U_g369/SI
    final |       1 |      90 |            0 |    +1.0% |   0.001 |   0.000 | U_g113/D
--------------------------------------------------------------------------------------
[INFO RSZ-0032] Inserted 90 hold buffers.
detailed_placement
[INFO DPL-0006] Core area: 20959.47 um^2, Instances area: 7612.12 um^2, Utilization: 36.3%
[INFO DPL-0005] Diamond search max displacement: +/- 500 sites horizontally, +/- 100 rows vertically.
[INFO DPL-1101] Legalizing using diamond search.
Movements Summary
---------------------------------------
Total cells:                    5127
Diamond Move Success:           5127 (100.00%)
Diamond Move Failure:              0
Rip-up and replace Success:        0 (  0.00% of diamond failures)
Rip-up and replace Failure:        0
Total Placement Failures:          0
---------------------------------------
Placement Analysis
---------------------------------
total displacement         85.6 u
average displacement        0.0 u
max displacement            3.4 u
original HPWL          100335.8 u
legalized HPWL         100388.9 u
delta HPWL                    0 %

estimate_parasitics -placement
Report metrics stage 4, cts final...

==========================================================================
cts final report_design_area
--------------------------------------------------------------------------
Design area 7612 um^2 36% utilization.
write_db ./results/nangate45/s15850/phase0c_f3e7b516a_s23_k8_R_268ede77_7f655d61/4_1_cts.odb
write_sdc -no_timestamp ./results/nangate45/s15850/phase0c_f3e7b516a_s23_k8_R_268ede77_7f655d61/4_cts.sdc
Log                       Ext     Elapsed/s Peak Memory/MB sha1sum result [0:20)
4_1_cts                   .odb            7            169 cc0121245c6cbef61391
cp ./results/nangate45/s15850/phase0c_f3e7b516a_s23_k8_R_268ede77_7f655d61/4_1_cts.odb ./results/nangate45/s15850/phase0c_f3e7b516a_s23_k8_R_268ede77_7f655d61/4_cts.odb
/root/pact-deps/OpenROAD-flow-scripts/flow/scripts/flow.sh 5_1_grt global_route
Running global_route.tcl, stage 5_1_grt
read_liberty /root/pact-deps/OpenROAD-flow-scripts/flow/platforms/nangate45/lib/NangateOpenCellLibrary_typical.lib
read_db ./results/nangate45/s15850/phase0c_f3e7b516a_s23_k8_R_268ede77_7f655d61/4_cts.odb
read_sdc ./results/nangate45/s15850/phase0c_f3e7b516a_s23_k8_R_268ede77_7f655d61/4_cts.sdc
source /root/pact-deps/OpenROAD-flow-scripts/flow/platforms/nangate45/setRC.tcl
pin_access
[INFO DRT-0149] Reading tech and libs.

Units:                2000
Number of layers:     21
Number of macros:     135
Number of vias:       33
Number of viarulegen: 19

[INFO DRT-0150] Reading design.

Design:                   s15850
Die area:                 ( 0 0 ) ( 295060 295060 )
Number of track patterns: 20
Number of DEF vias:       0
Number of components:     5385
Number of terminals:      247
Number of snets:          2
Number of nets:           5147

[INFO DRT-0167] List of default vias:
  Layer via2
    default via: via2_5
  Layer via3
    default via: via3_2
  Layer via4
    default via: via4_0
  Layer via5
    default via: via5_0
  Layer via6
    default via: via6_0
  Layer via7
    default via: via7_0
  Layer via8
    default via: via8_0
  Layer via9
    default via: via9_0
[INFO DRT-0162] Library cell analysis.
[INFO DRT-0163] Instance analysis.
[INFO DRT-0164] Number of unique instances = 57.
[INFO DRT-0168] Init region query.
[INFO DRT-0024]   Complete active.
[INFO DRT-0024]   Complete Fr_VIA.
[INFO DRT-0024]   Complete metal1.
[INFO DRT-0024]   Complete via1.
[INFO DRT-0024]   Complete metal2.
[INFO DRT-0024]   Complete via2.
[INFO DRT-0024]   Complete metal3.
[INFO DRT-0024]   Complete via3.
[INFO DRT-0024]   Complete metal4.
[INFO DRT-0024]   Complete via4.
[INFO DRT-0024]   Complete metal5.
[INFO DRT-0024]   Complete via5.
[INFO DRT-0024]   Complete metal6.
[INFO DRT-0024]   Complete via6.
[INFO DRT-0024]   Complete metal7.
[INFO DRT-0024]   Complete via7.
[INFO DRT-0024]   Complete metal8.
[INFO DRT-0024]   Complete via8.
[INFO DRT-0024]   Complete metal9.
[INFO DRT-0024]   Complete via9.
[INFO DRT-0024]   Complete metal10.
[INFO DRT-0033] active shape region query size = 0.
[INFO DRT-0033] FR_VIA shape region query size = 0.
[INFO DRT-0033] metal1 shape region query size = 88150.
[INFO DRT-0033] via1 shape region query size = 936.
[INFO DRT-0033] metal2 shape region query size = 624.
[INFO DRT-0033] via2 shape region query size = 936.
[INFO DRT-0033] metal3 shape region query size = 624.
[INFO DRT-0033] via3 shape region query size = 936.
[INFO DRT-0033] metal4 shape region query size = 348.
[INFO DRT-0033] via4 shape region query size = 300.
[INFO DRT-0033] metal5 shape region query size = 148.
[INFO DRT-0033] via5 shape region query size = 300.
[INFO DRT-0033] metal6 shape region query size = 217.
[INFO DRT-0033] via6 shape region query size = 120.
[INFO DRT-0033] metal7 shape region query size = 50.
[INFO DRT-0033] via7 shape region query size = 0.
[INFO DRT-0033] metal8 shape region query size = 0.
[INFO DRT-0033] via8 shape region query size = 0.
[INFO DRT-0033] metal9 shape region query size = 0.
[INFO DRT-0033] via9 shape region query size = 0.
[INFO DRT-0033] metal10 shape region query size = 0.
[INFO DRT-0165] Start pin access.
[INFO DRT-0078]   Complete 292 pins.
[INFO DRT-0081]   Complete 57 unique inst patterns.
[INFO DRT-0084]   Complete 3176 groups.
#scanned instances     = 5385
#unique  instances     = 57
#stdCellGenAp          = 1307
#stdCellValidPlanarAp  = 0
#stdCellValidViaAp     = 1013
#stdCellPinNoAp        = 0
#stdCellPinCnt         = 15548
#instTermValidViaApCnt = 0
#macroGenAp            = 0
#macroValidPlanarAp    = 0
#macroValidViaAp       = 0
#macroNoAp             = 0
[INFO DRT-0166] Complete pin access.
[INFO DRT-0267] cpu time = 00:00:49, elapsed time = 00:00:13, memory = 128.04 (MB), peak = 127.78 (MB)
Took 13 seconds: pin_access
set_global_routing_random -seed 23
global_route -congestion_report_file ./reports/nangate45/s15850/phase0c_f3e7b516a_s23_k8_R_268ede77_7f655d61/congestion.rpt -congestion_iterations 30 -congestion_report_iter_step 5 -verbose
[INFO GRT-0020] Min routing layer: metal2
[INFO GRT-0021] Max routing layer: metal10
[INFO GRT-0022] Global adjustment: 0%
[INFO GRT-0023] Grid origin: (0, 0)
[INFO GRT-0088] Layer metal1  Track-Pitch = 0.1400  line-2-Via Pitch: 0.1350
[INFO GRT-0088] Layer metal2  Track-Pitch = 0.1900  line-2-Via Pitch: 0.1400
[INFO GRT-0088] Layer metal3  Track-Pitch = 0.1400  line-2-Via Pitch: 0.1400
[INFO GRT-0088] Layer metal4  Track-Pitch = 0.2800  line-2-Via Pitch: 0.2800
[INFO GRT-0088] Layer metal5  Track-Pitch = 0.2800  line-2-Via Pitch: 0.2800
[INFO GRT-0088] Layer metal6  Track-Pitch = 0.2800  line-2-Via Pitch: 0.2800
[INFO GRT-0088] Layer metal7  Track-Pitch = 0.8000  line-2-Via Pitch: 0.8000
[INFO GRT-0088] Layer metal8  Track-Pitch = 0.8000  line-2-Via Pitch: 0.8000
[INFO GRT-0088] Layer metal9  Track-Pitch = 1.6000  line-2-Via Pitch: 1.6000
[INFO GRT-0088] Layer metal10 Track-Pitch = 1.6000  line-2-Via Pitch: 1.6000
[INFO GRT-0003] Macros: 0
[INFO GRT-0004] Blockages: 0
[INFO GRT-0019] Found 93 clock nets.
[INFO GRT-0001] Minimum degree: 2
[INFO GRT-0002] Maximum degree: 59

[INFO GRT-0053] Routing resources analysis:
          Routing      Original      Derated      Resource
Layer     Direction    Resources     Resources    Reduction (%)
---------------------------------------------------------------
metal1     Horizontal          0             0          0.00%
metal2     Vertical        37850         17800          52.97%
metal3     Horizontal      52431         25727          50.93%
metal4     Vertical        25700         18200          29.18%
metal5     Horizontal      26215         18494          29.45%
metal6     Vertical        26282         18557          29.39%
metal7     Horizontal       8100          5750          29.01%
metal8     Vertical         9200          6600          28.26%
metal9     Horizontal       4550          2550          43.96%
metal10    Vertical         4550          2550          43.96%
---------------------------------------------------------------

[INFO GRT-0197] Via related to pin nodes: 30353
[INFO GRT-0198] Via related Steiner nodes: 743
[INFO GRT-0199] Via filling finished.
[INFO GRT-0111] Final number of vias: 40921
[INFO GRT-0112] Final usage 3D: 160868

[INFO GRT-0096] Final congestion report:
Layer         Resource        Demand        Usage (%)    Max H / Max V / Total Overflow
---------------------------------------------------------------------------------------
metal1               0             0            0.00%             0 /  0 /  0
metal2           17800         10418           58.53%             0 /  0 /  0
metal3           25727         13251           51.51%             0 /  0 /  0
metal4           18200          7011           38.52%             0 /  0 /  0
metal5           18494          5125           27.71%             0 /  0 /  0
metal6           18557          2094           11.28%             0 /  0 /  0
metal7            5750           184            3.20%             0 /  0 /  0
metal8            6600             8            0.12%             0 /  0 /  0
metal9            2550            14            0.55%             0 /  0 /  0
metal10           2550             0            0.00%             0 /  0 /  0
---------------------------------------------------------------------------------------
Total           116228         38105           32.78%             0 /  0 /  0

[INFO GRT-0018] Total wirelength: 149696 um
[INFO GRT-0014] Routed nets: 5147
[INFO GRT-0303] Global routing runtime = 00:00:01
estimate_parasitics -global_routing
Perform buffer insertion and gate resizing...
repair_design -verbose
Iteration |   Area    | Resized | Buffers | Nets repaired | Remaining
---------------------------------------------------------------------
        0 |     +0.0% |       0 |       0 |             0 |      5748
     1000 |     +0.0% |       0 |       0 |             0 |      4748
     2000 |     +0.0% |       0 |       0 |             0 |      3748
     3000 |     +0.0% |       0 |       0 |             0 |      2748
     4000 |     +0.0% |       0 |       0 |             0 |      1748
     5000 |     +0.0% |       0 |       0 |             0 |       748
    final |     +0.0% |       0 |       0 |             0 |         0
---------------------------------------------------------------------
global_route -start_incremental
detailed_placement
[INFO DPL-0006] Core area: 20959.47 um^2, Instances area: 7612.12 um^2, Utilization: 36.3%
[INFO DPL-0005] Diamond search max displacement: +/- 500 sites horizontally, +/- 100 rows vertically.
[INFO DPL-1101] Legalizing using diamond search.
Movements Summary
---------------------------------------
Total cells:                    5127
Diamond Move Success:           5127 (100.00%)
Diamond Move Failure:              0
Rip-up and replace Success:        0 (  0.00% of diamond failures)
Rip-up and replace Failure:        0
Total Placement Failures:          0
---------------------------------------
Placement Analysis
---------------------------------
total displacement          0.0 u
average displacement        0.0 u
max displacement            0.0 u
original HPWL          100388.9 u
legalized HPWL         100388.9 u
delta HPWL                    0 %

global_route -end_incremental -congestion_report_file ./reports/nangate45/s15850/phase0c_f3e7b516a_s23_k8_R_268ede77_7f655d61/congestion_post_repair_design.rpt
Repair setup and hold violations...
estimate_parasitics -global_routing
repair_timing -setup_margin 0 -hold_margin 0 -repair_tns 100 -verbose
[INFO RSZ-0100] Repair move sequence: UnbufferMove SizeUpMove SwapPinsMove BufferMove CloneMove SplitLoadMove 
[INFO RSZ-0098] No setup violations found
[INFO RSZ-0046] Found 2 endpoints with hold violations.
Iteration | Resized | Buffers | Cloned Gates |   Area   |   WNS   |   TNS   | Endpoint
--------------------------------------------------------------------------------------
        0 |       0 |       0 |            0 |    +0.0% |  -0.002 |  -0.003 | U_g1711/D
    final |       0 |       2 |            0 |    +0.0% |   0.002 |   0.000 | U_g1062/D
--------------------------------------------------------------------------------------
[INFO RSZ-0032] Inserted 2 hold buffers.
global_route -start_incremental
detailed_placement
[INFO DPL-0006] Core area: 20959.47 um^2, Instances area: 7613.72 um^2, Utilization: 36.3%
[INFO DPL-0005] Diamond search max displacement: +/- 500 sites horizontally, +/- 100 rows vertically.
[INFO DPL-1101] Legalizing using diamond search.
Movements Summary
---------------------------------------
Total cells:                    5129
Diamond Move Success:           5129 (100.00%)
Diamond Move Failure:              0
Rip-up and replace Success:        0 (  0.00% of diamond failures)
Rip-up and replace Failure:        0
Total Placement Failures:          0
---------------------------------------
Placement Analysis
---------------------------------
total displacement          1.7 u
average displacement        0.0 u
max displacement            0.8 u
original HPWL          100390.0 u
legalized HPWL         100391.8 u
delta HPWL                    0 %

check_placement -verbose
global_route -end_incremental -congestion_report_file ./reports/nangate45/s15850/phase0c_f3e7b516a_s23_k8_R_268ede77_7f655d61/congestion_post_repair_timing.rpt
estimate_parasitics -global_routing
global_route -start_incremental
global_route -end_incremental -congestion_report_file ./reports/nangate45/s15850/phase0c_f3e7b516a_s23_k8_R_268ede77_7f655d61/congestion_post_recover_power.rpt
Repair antennas...
[WARNING GRT-0246] No diode with LEF class CORE ANTENNACELL found.
[INFO ANT-0002] Found 0 net violations.
[INFO ANT-0001] Found 0 pin violations.
Estimate parasitics...
estimate_parasitics -global_routing
Report metrics stage 5, global route...

==========================================================================
global route report_design_area
--------------------------------------------------------------------------
Design area 7614 um^2 36% utilization.
[INFO FLW-0007] clock clk period 10.000000
[INFO FLW-0008] Clock clk period 1.780
[INFO FLW-0009] Clock clk slack 8.126
write_sdc -no_timestamp ./results/nangate45/s15850/phase0c_f3e7b516a_s23_k8_R_268ede77_7f655d61/updated_clks.sdc
[INFO FLW-0011] Path endpoint path count 2361
write_db ./results/nangate45/s15850/phase0c_f3e7b516a_s23_k8_R_268ede77_7f655d61/5_1_grt.odb
write_sdc -no_timestamp ./results/nangate45/s15850/phase0c_f3e7b516a_s23_k8_R_268ede77_7f655d61/5_1_grt.sdc
Log                       Ext     Elapsed/s Peak Memory/MB sha1sum result [0:20)
5_1_grt                   .odb           23            349 18e27f710c6f87784aa4
5_1_grt                   .sdc                             36c09dc3d049996e100f
/root/pact-deps/OpenROAD-flow-scripts/flow/scripts/flow.sh 5_2_route detail_route
Running detail_route.tcl, stage 5_2_route
read_liberty /root/pact-deps/OpenROAD-flow-scripts/flow/platforms/nangate45/lib/NangateOpenCellLibrary_typical.lib
read_db ./results/nangate45/s15850/phase0c_f3e7b516a_s23_k8_R_268ede77_7f655d61/5_1_grt.odb
read_sdc ./results/nangate45/s15850/phase0c_f3e7b516a_s23_k8_R_268ede77_7f655d61/5_1_grt.sdc
source /root/pact-deps/OpenROAD-flow-scripts/flow/platforms/nangate45/setRC.tcl
detailed_route -output_drc ./reports/nangate45/s15850/phase0c_f3e7b516a_s23_k8_R_268ede77_7f655d61/5_route_drc.rpt -output_maze ./results/nangate45/s15850/phase0c_f3e7b516a_s23_k8_R_268ede77_7f655d61/maze.log -droute_end_iter 64 -verbose 1 -drc_report_iter_step 5
[INFO DRT-0149] Reading tech and libs.

Units:                2000
Number of layers:     21
Number of macros:     135
Number of vias:       33
Number of viarulegen: 19

[INFO DRT-0150] Reading design.

Design:                   s15850
Die area:                 ( 0 0 ) ( 295060 295060 )
Number of track patterns: 20
Number of DEF vias:       0
Number of components:     5387
Number of terminals:      247
Number of snets:          2
Number of nets:           5149

[INFO DRT-0167] List of default vias:
  Layer via2
    default via: via2_5
  Layer via3
    default via: via3_2
  Layer via4
    default via: via4_0
  Layer via5
    default via: via5_0
  Layer via6
    default via: via6_0
  Layer via7
    default via: via7_0
  Layer via8
    default via: via8_0
  Layer via9
    default via: via9_0
[INFO DRT-0162] Library cell analysis.
[INFO DRT-0163] Instance analysis.
[INFO DRT-0164] Number of unique instances = 57.
[INFO DRT-0168] Init region query.
[INFO DRT-0024]   Complete active.
[INFO DRT-0024]   Complete Fr_VIA.
[INFO DRT-0024]   Complete metal1.
[INFO DRT-0024]   Complete via1.
[INFO DRT-0024]   Complete metal2.
[INFO DRT-0024]   Complete via2.
[INFO DRT-0024]   Complete metal3.
[INFO DRT-0024]   Complete via3.
[INFO DRT-0024]   Complete metal4.
[INFO DRT-0024]   Complete via4.
[INFO DRT-0024]   Complete metal5.
[INFO DRT-0024]   Complete via5.
[INFO DRT-0024]   Complete metal6.
[INFO DRT-0024]   Complete via6.
[INFO DRT-0024]   Complete metal7.
[INFO DRT-0024]   Complete via7.
[INFO DRT-0024]   Complete metal8.
[INFO DRT-0024]   Complete via8.
[INFO DRT-0024]   Complete metal9.
[INFO DRT-0024]   Complete via9.
[INFO DRT-0024]   Complete metal10.
[INFO DRT-0033] active shape region query size = 0.
[INFO DRT-0033] FR_VIA shape region query size = 0.
[INFO DRT-0033] metal1 shape region query size = 88172.
[INFO DRT-0033] via1 shape region query size = 936.
[INFO DRT-0033] metal2 shape region query size = 624.
[INFO DRT-0033] via2 shape region query size = 936.
[INFO DRT-0033] metal3 shape region query size = 624.
[INFO DRT-0033] via3 shape region query size = 936.
[INFO DRT-0033] metal4 shape region query size = 348.
[INFO DRT-0033] via4 shape region query size = 300.
[INFO DRT-0033] metal5 shape region query size = 148.
[INFO DRT-0033] via5 shape region query size = 300.
[INFO DRT-0033] metal6 shape region query size = 217.
[INFO DRT-0033] via6 shape region query size = 120.
[INFO DRT-0033] metal7 shape region query size = 50.
[INFO DRT-0033] via7 shape region query size = 0.
[INFO DRT-0033] metal8 shape region query size = 0.
[INFO DRT-0033] via8 shape region query size = 0.
[INFO DRT-0033] metal9 shape region query size = 0.
[INFO DRT-0033] via9 shape region query size = 0.
[INFO DRT-0033] metal10 shape region query size = 0.
[INFO DRT-0165] Start pin access.
[INFO DRT-0078]   Complete 292 pins.
[INFO DRT-0081]   Complete 57 unique inst patterns.
[INFO DRT-0084]   Complete 3176 groups.
#scanned instances     = 5387
#unique  instances     = 57
#stdCellGenAp          = 1307
#stdCellValidPlanarAp  = 0
#stdCellValidViaAp     = 1013
#stdCellPinNoAp        = 0
#stdCellPinCnt         = 15552
#instTermValidViaApCnt = 0
#macroGenAp            = 0
#macroValidPlanarAp    = 0
#macroValidViaAp       = 0
#macroNoAp             = 0
[INFO DRT-0166] Complete pin access.
[INFO DRT-0267] cpu time = 00:00:49, elapsed time = 00:00:11, memory = 284.56 (MB), peak = 284.29 (MB)

[INFO DRT-0157] Number of guides:     45859

[INFO DRT-0169] Post process guides.
[INFO DRT-0176] GCELLGRID X 0 DO 51 STEP 5700 ;
[INFO DRT-0177] GCELLGRID Y 0 DO 51 STEP 5700 ;
[INFO DRT-0028]   Complete active.
[INFO DRT-0028]   Complete Fr_VIA.
[INFO DRT-0028]   Complete metal1.
[INFO DRT-0028]   Complete via1.
[INFO DRT-0028]   Complete metal2.
[INFO DRT-0028]   Complete via2.
[INFO DRT-0028]   Complete metal3.
[INFO DRT-0028]   Complete via3.
[INFO DRT-0028]   Complete metal4.
[INFO DRT-0028]   Complete via4.
[INFO DRT-0028]   Complete metal5.
[INFO DRT-0028]   Complete via5.
[INFO DRT-0028]   Complete metal6.
[INFO DRT-0028]   Complete via6.
[INFO DRT-0028]   Complete metal7.
[INFO DRT-0028]   Complete via7.
[INFO DRT-0028]   Complete metal8.
[INFO DRT-0028]   Complete via8.
[INFO DRT-0028]   Complete metal9.
[INFO DRT-0028]   Complete via9.
[INFO DRT-0028]   Complete metal10.
[INFO DRT-0178] Init guide query.
[INFO DRT-0035]   Complete active (guide).
[INFO DRT-0035]   Complete Fr_VIA (guide).
[INFO DRT-0035]   Complete metal1 (guide).
[INFO DRT-0035]   Complete via1 (guide).
[INFO DRT-0035]   Complete metal2 (guide).
[INFO DRT-0035]   Complete via2 (guide).
[INFO DRT-0035]   Complete metal3 (guide).
[INFO DRT-0035]   Complete via3 (guide).
[INFO DRT-0035]   Complete metal4 (guide).
[INFO DRT-0035]   Complete via4 (guide).
[INFO DRT-0035]   Complete metal5 (guide).
[INFO DRT-0035]   Complete via5 (guide).
[INFO DRT-0035]   Complete metal6 (guide).
[INFO DRT-0035]   Complete via6 (guide).
[INFO DRT-0035]   Complete metal7 (guide).
[INFO DRT-0035]   Complete via7 (guide).
[INFO DRT-0035]   Complete metal8 (guide).
[INFO DRT-0035]   Complete via8 (guide).
[INFO DRT-0035]   Complete metal9 (guide).
[INFO DRT-0035]   Complete via9 (guide).
[INFO DRT-0035]   Complete metal10 (guide).
[INFO DRT-0036] active guide region query size = 0.
[INFO DRT-0036] FR_VIA guide region query size = 0.
[INFO DRT-0036] metal1 guide region query size = 13818.
[INFO DRT-0036] via1 guide region query size = 0.
[INFO DRT-0036] metal2 guide region query size = 12808.
[INFO DRT-0036] via2 guide region query size = 0.
[INFO DRT-0036] metal3 guide region query size = 7702.
[INFO DRT-0036] via3 guide region query size = 0.
[INFO DRT-0036] metal4 guide region query size = 1931.
[INFO DRT-0036] via4 guide region query size = 0.
[INFO DRT-0036] metal5 guide region query size = 951.
[INFO DRT-0036] via5 guide region query size = 0.
[INFO DRT-0036] metal6 guide region query size = 332.
[INFO DRT-0036] via6 guide region query size = 0.
[INFO DRT-0036] metal7 guide region query size = 12.
[INFO DRT-0036] via7 guide region query size = 0.
[INFO DRT-0036] metal8 guide region query size = 2.
[INFO DRT-0036] via8 guide region query size = 0.
[INFO DRT-0036] metal9 guide region query size = 1.
[INFO DRT-0036] via9 guide region query size = 0.
[INFO DRT-0036] metal10 guide region query size = 0.
[INFO DRT-0179] Init gr pin query.
[INFO DRT-0267] cpu time = 00:00:00, elapsed time = 00:00:00, memory = 301.11 (MB), peak = 300.60 (MB)
[INFO DRT-0245] skipped writing guide updates to database.
[INFO DRT-0181] Start track assignment.
[INFO DRT-0184] Done with 15073 vertical wires in 2 frboxes and 22484 horizontal wires in 2 frboxes.
[INFO DRT-0186] Done with 4209 vertical wires in 2 frboxes and 4945 horizontal wires in 2 frboxes.
[INFO DRT-0182] Complete track assignment.
[INFO DRT-0267] cpu time = 00:00:04, elapsed time = 00:00:04, memory = 397.45 (MB), peak = 397.02 (MB)
[INFO DRT-0187] Start routing data preparation.
[INFO DRT-0267] cpu time = 00:00:00, elapsed time = 00:00:00, memory = 397.52 (MB), peak = 397.14 (MB)
[INFO DRT-0194] Start detail routing.
[INFO DRT-0195] Start 0th optimization iteration.
    Completing 10% with 0 violations.
    elapsed time = 00:00:02, memory = 446.68 (MB).
    Completing 20% with 0 violations.
    elapsed time = 00:00:06, memory = 481.84 (MB).
    Completing 30% with 208 violations.
    elapsed time = 00:00:08, memory = 513.48 (MB).
    Completing 40% with 208 violations.
    elapsed time = 00:00:12, memory = 515.23 (MB).
    Completing 50% with 208 violations.
    elapsed time = 00:00:16, memory = 519.62 (MB).
    Completing 60% with 369 violations.
    elapsed time = 00:00:20, memory = 536.39 (MB).
    Completing 70% with 369 violations.
    elapsed time = 00:00:21, memory = 536.40 (MB).
    Completing 80% with 570 violations.
    elapsed time = 00:00:28, memory = 568.16 (MB).
    Completing 90% with 570 violations.
    elapsed time = 00:00:31, memory = 597.94 (MB).
    Completing 100% with 781 violations.
    elapsed time = 00:00:34, memory = 551.37 (MB).
[INFO DRT-0199]   Number of violations = 1138.
Viol/Layer      metal1   via1 metal2   via2 metal3   via3 metal4   via4 metal5 metal6   via6 metal7
Cut Spacing          0      0      0      1      0      0      0      4      0      0      0      0
Metal Spacing        0      0     60      0      4      0      2      0      2      1      0      2
Recheck              1      0    194      0    119      0     24      0     12      2      0      5
Short                0      1    580      1     73      1     27      0     16      0      1      5
[INFO DRT-0267] cpu time = 00:02:02, elapsed time = 00:00:36, memory = 1037.60 (MB), peak = 1037.20 (MB)
Total wire length = 111309 um.
Total wire length on LAYER metal1 = 0 um.
Total wire length on LAYER metal2 = 31315 um.
Total wire length on LAYER metal3 = 39592 um.
Total wire length on LAYER metal4 = 19707 um.
Total wire length on LAYER metal5 = 14145 um.
Total wire length on LAYER metal6 = 6062 um.
Total wire length on LAYER metal7 = 423 um.
Total wire length on LAYER metal8 = 24 um.
Total wire length on LAYER metal9 = 39 um.
Total wire length on LAYER metal10 = 0 um.
Total number of vias = 37095.
Up-via summary (total 37095):

----------------
 active        0
 metal1    15652
 metal2    17093
 metal3     2551
 metal4     1275
 metal5      498
 metal6       22
 metal7        2
 metal8        2
 metal9        0
----------------
       37095


[INFO DRT-0195] Start 1st optimization iteration.
    Completing 10% with 1138 violations.
    elapsed time = 00:00:01, memory = 1047.75 (MB).
    Completing 20% with 1138 violations.
    elapsed time = 00:00:06, memory = 1049.58 (MB).
    Completing 30% with 906 violations.
    elapsed time = 00:00:08, memory = 1053.96 (MB).
    Completing 40% with 906 violations.
    elapsed time = 00:00:11, memory = 1056.51 (MB).
    Completing 50% with 906 violations.
    elapsed time = 00:00:15, memory = 1056.51 (MB).
    Completing 60% with 744 violations.
    elapsed time = 00:00:18, memory = 1056.51 (MB).
    Completing 70% with 744 violations.
    elapsed time = 00:00:20, memory = 1056.51 (MB).
    Completing 80% with 467 violations.
    elapsed time = 00:00:24, memory = 1056.51 (MB).
    Completing 90% with 467 violations.
    elapsed time = 00:00:27, memory = 1089.14 (MB).
    Completing 100% with 256 violations.
    elapsed time = 00:00:28, memory = 1056.51 (MB).
[INFO DRT-0199]   Number of violations = 256.
Viol/Layer      metal2   via2 metal3 metal4 metal5
Cut Spacing          0      1      0      0      0
Metal Spacing       42      0      1      0      0
Short              187      0     20      4      1
[INFO DRT-0267] cpu time = 00:01:45, elapsed time = 00:00:28, memory = 1059.51 (MB), peak = 1088.65 (MB)
Total wire length = 110728 um.
Total wire length on LAYER metal1 = 0 um.
Total wire length on LAYER metal2 = 31130 um.
Total wire length on LAYER metal3 = 39342 um.
Total wire length on LAYER metal4 = 19630 um.
Total wire length on LAYER metal5 = 14077 um.
Total wire length on LAYER metal6 = 6053 um.
Total wire length on LAYER metal7 = 433 um.
Total wire length on LAYER metal8 = 21 um.
Total wire length on LAYER metal9 = 39 um.
Total wire length on LAYER metal10 = 0 um.
Total number of vias = 36770.
Up-via summary (total 36770):

----------------
 active        0
 metal1    15645
 metal2    16750
 metal3     2596
 metal4     1273
 metal5      483
 metal6       19
 metal7        2
 metal8        2
 metal9        0
----------------
       36770


[INFO DRT-0195] Start 2nd optimization iteration.
    Completing 10% with 256 violations.
    elapsed time = 00:00:02, memory = 1059.51 (MB).
    Completing 20% with 256 violations.
    elapsed time = 00:00:06, memory = 1059.51 (MB).
    Completing 30% with 208 violations.
    elapsed time = 00:00:08, memory = 1059.51 (MB).
    Completing 40% with 208 violations.
    elapsed time = 00:00:11, memory = 1059.51 (MB).
    Completing 50% with 208 violations.
    elapsed time = 00:00:16, memory = 1059.51 (MB).
    Completing 60% with 234 violations.
    elapsed time = 00:00:17, memory = 1092.64 (MB).
    Completing 70% with 234 violations.
    elapsed time = 00:00:19, memory = 1059.51 (MB).
    Completing 80% with 234 violations.
    elapsed time = 00:00:22, memory = 1059.51 (MB).
    Completing 90% with 234 violations.
    elapsed time = 00:00:25, memory = 1091.67 (MB).
    Completing 100% with 219 violations.
    elapsed time = 00:00:27, memory = 1059.51 (MB).
[INFO DRT-0199]   Number of violations = 219.
Viol/Layer      metal2 metal3 metal4 metal5
Metal Spacing       30      3      2      3
Short              158     18      4      1
[INFO DRT-0267] cpu time = 00:01:32, elapsed time = 00:00:28, memory = 1062.52 (MB), peak = 1092.21 (MB)
Total wire length = 110656 um.
Total wire length on LAYER metal1 = 0 um.
Total wire length on LAYER metal2 = 31055 um.
Total wire length on LAYER metal3 = 39348 um.
Total wire length on LAYER metal4 = 19652 um.
Total wire length on LAYER metal5 = 14053 um.
Total wire length on LAYER metal6 = 6051 um.
Total wire length on LAYER metal7 = 432 um.
Total wire length on LAYER metal8 = 24 um.
Total wire length on LAYER metal9 = 39 um.
Total wire length on LAYER metal10 = 0 um.
Total number of vias = 36610.
Up-via summary (total 36610):

----------------
 active        0
 metal1    15636
 metal2    16627
 metal3     2588
 metal4     1246
 metal5      491
 metal6       18
 metal7        2
 metal8        2
 metal9        0
----------------
       36610


[INFO DRT-0195] Start 3rd optimization iteration.
    Completing 10% with 219 violations.
    elapsed time = 00:00:00, memory = 1062.52 (MB).
    Completing 20% with 219 violations.
    elapsed time = 00:00:02, memory = 1062.52 (MB).
    Completing 30% with 171 violations.
    elapsed time = 00:00:09, memory = 1062.52 (MB).
    Completing 40% with 171 violations.
    elapsed time = 00:00:10, memory = 1094.68 (MB).
    Completing 50% with 171 violations.
    elapsed time = 00:00:11, memory = 1062.52 (MB).
    Completing 60% with 141 violations.
    elapsed time = 00:00:13, memory = 1062.52 (MB).
    Completing 70% with 141 violations.
    elapsed time = 00:00:13, memory = 1062.52 (MB).
    Completing 80% with 56 violations.
    elapsed time = 00:00:16, memory = 1062.52 (MB).
    Completing 90% with 56 violations.
    elapsed time = 00:00:17, memory = 1062.52 (MB).
    Completing 100% with 1 violations.
    elapsed time = 00:00:18, memory = 1062.52 (MB).
[INFO DRT-0199]   Number of violations = 1.
Viol/Layer      metal2
Short                1
[INFO DRT-0267] cpu time = 00:00:46, elapsed time = 00:00:18, memory = 1062.52 (MB), peak = 1094.21 (MB)
Total wire length = 110637 um.
Total wire length on LAYER metal1 = 0 um.
Total wire length on LAYER metal2 = 30755 um.
Total wire length on LAYER metal3 = 39393 um.
Total wire length on LAYER metal4 = 19887 um.
Total wire length on LAYER metal5 = 14055 um.
Total wire length on LAYER metal6 = 6049 um.
Total wire length on LAYER metal7 = 432 um.
Total wire length on LAYER metal8 = 24 um.
Total wire length on LAYER metal9 = 39 um.
Total wire length on LAYER metal10 = 0 um.
Total number of vias = 36787.
Up-via summary (total 36787):

----------------
 active        0
 metal1    15637
 metal2    16722
 metal3     2665
 metal4     1250
 metal5      491
 metal6       18
 metal7        2
 metal8        2
 metal9        0
----------------
       36787


[INFO DRT-0195] Start 4th guides tiles iteration.
    Completing 50% with 1 violations.
    elapsed time = 00:00:00, memory = 1062.52 (MB).
    Completing 100% with 0 violations.
    elapsed time = 00:00:00, memory = 1062.52 (MB).
[INFO DRT-0199]   Number of violations = 0.
[INFO DRT-0267] cpu time = 00:00:00, elapsed time = 00:00:00, memory = 1062.52 (MB), peak = 1094.21 (MB)
Total wire length = 110636 um.
Total wire length on LAYER metal1 = 0 um.
Total wire length on LAYER metal2 = 30748 um.
Total wire length on LAYER metal3 = 39393 um.
Total wire length on LAYER metal4 = 19894 um.
Total wire length on LAYER metal5 = 14055 um.
Total wire length on LAYER metal6 = 6049 um.
Total wire length on LAYER metal7 = 432 um.
Total wire length on LAYER metal8 = 24 um.
Total wire length on LAYER metal9 = 39 um.
Total wire length on LAYER metal10 = 0 um.
Total number of vias = 36791.
Up-via summary (total 36791):

----------------
 active        0
 metal1    15637
 metal2    16724
 metal3     2667
 metal4     1250
 metal5      491
 metal6       18
 metal7        2
 metal8        2
 metal9        0
----------------
       36791


[INFO DRT-0198] Complete detail routing.
Total wire length = 110636 um.
Total wire length on LAYER metal1 = 0 um.
Total wire length on LAYER metal2 = 30748 um.
Total wire length on LAYER metal3 = 39393 um.
Total wire length on LAYER metal4 = 19894 um.
Total wire length on LAYER metal5 = 14055 um.
Total wire length on LAYER metal6 = 6049 um.
Total wire length on LAYER metal7 = 432 um.
Total wire length on LAYER metal8 = 24 um.
Total wire length on LAYER metal9 = 39 um.
Total wire length on LAYER metal10 = 0 um.
Total number of vias = 36791.
Up-via summary (total 36791):

----------------
 active        0
 metal1    15637
 metal2    16724
 metal3     2667
 metal4     1250
 metal5      491
 metal6       18
 metal7        2
 metal8        2
 metal9        0
----------------
       36791


[INFO DRT-0267] cpu time = 00:06:06, elapsed time = 00:01:52, memory = 1062.58 (MB), peak = 1094.21 (MB)

[INFO DRT-0180] Post processing.
Took 128 seconds: detailed_route -output_drc ./reports/nangate45/s15850/phase0c_f3e7b516a_s23_k8_R_268ede77_7f655d61/5_route_drc.rpt -output_maze ./results/nangate45/s15850/phase0c_f3e7b516a_s23_k8_R_268ede77_7f655d61/maze.log -droute_end_iter 64 -verbose 1 -drc_report_iter_step 5
[WARNING GRT-0246] No diode with LEF class CORE ANTENNACELL found.
[INFO ANT-0002] Found 0 net violations.
[INFO ANT-0001] Found 0 pin violations.
[INFO ANT-0002] Found 0 net violations.
[INFO ANT-0001] Found 0 pin violations.
Design area 7614 um^2 36% utilization.
write_db ./results/nangate45/s15850/phase0c_f3e7b516a_s23_k8_R_268ede77_7f655d61/5_2_route.odb
Log                       Ext     Elapsed/s Peak Memory/MB sha1sum result [0:20)
5_2_route                 .odb          138           1094 957cdf8c6870fbd09858
/root/pact-deps/OpenROAD-flow-scripts/flow/scripts/flow.sh 5_3_fillcell fillcell
Running fillcell.tcl, stage 5_3_fillcell
read_liberty /root/pact-deps/OpenROAD-flow-scripts/flow/platforms/nangate45/lib/NangateOpenCellLibrary_typical.lib
read_db ./results/nangate45/s15850/phase0c_f3e7b516a_s23_k8_R_268ede77_7f655d61/5_2_route.odb
read_sdc ./results/nangate45/s15850/phase0c_f3e7b516a_s23_k8_R_268ede77_7f655d61/5_1_grt.sdc
source /root/pact-deps/OpenROAD-flow-scripts/flow/platforms/nangate45/setRC.tcl
filler_placement "FILLCELL_X1 FILLCELL_X2 FILLCELL_X4 FILLCELL_X8 FILLCELL_X16 FILLCELL_X32"
[INFO DPL-0001] Placed 7162 filler instances.
Design area 7614 um^2 36% utilization.
write_db ./results/nangate45/s15850/phase0c_f3e7b516a_s23_k8_R_268ede77_7f655d61/5_3_fillcell.odb
Log                       Ext     Elapsed/s Peak Memory/MB sha1sum result [0:20)
5_3_fillcell              .odb            0            131 906e5a45a454e889aee0
cp ./results/nangate45/s15850/phase0c_f3e7b516a_s23_k8_R_268ede77_7f655d61/5_3_fillcell.odb ./results/nangate45/s15850/phase0c_f3e7b516a_s23_k8_R_268ede77_7f655d61/5_route.odb
cp ./results/nangate45/s15850/phase0c_f3e7b516a_s23_k8_R_268ede77_7f655d61/5_1_grt.sdc ./results/nangate45/s15850/phase0c_f3e7b516a_s23_k8_R_268ede77_7f655d61/5_route.sdc
