
==========================================================================
cts final report_tns
--------------------------------------------------------------------------
tns max 0.00

==========================================================================
cts final report_wns
--------------------------------------------------------------------------
wns max 0.00

==========================================================================
cts final report_worst_slack
--------------------------------------------------------------------------
worst slack max 8.27

==========================================================================
cts final report_clock_min_period
--------------------------------------------------------------------------
clk period_min = 1.73 fmax = 577.21

==========================================================================
cts final report_clock_skew
--------------------------------------------------------------------------
Clock clk
   0.15 source latency U_g1607/CK ^
  -0.16 target latency U_g406/CK ^
   0.00 CRPR
--------------
  -0.01 setup skew


==========================================================================
cts final report_checks -path_delay min
--------------------------------------------------------------------------
Startpoint: g90 (input port clocked by clk)
Endpoint: U_g1056 (rising edge-triggered flip-flop clocked by clk)
Path Group: clk
Path Type: min

Fanout     Cap    Slew   Delay    Time   Description
-----------------------------------------------------------------------------
                          0.00    0.00   clock clk (rise edge)
                          0.00    0.00   clock network delay (propagated)
                          0.00    0.00 ^ input external delay
     1    1.00    0.00    0.00    0.00 ^ g90 (in)
                                         g90 (net)
                  0.00    0.00    0.00 ^ hold307/A (CLKBUF_X1)
     1    1.19    0.01    0.02    0.02 ^ hold307/Z (CLKBUF_X1)
                                         net306 (net)
                  0.01    0.00    0.02 ^ input61/A (BUF_X1)
     2    2.63    0.01    0.02    0.05 ^ input61/Z (BUF_X1)
                                         net61 (net)
                  0.01    0.00    0.05 ^ hold308/A (CLKBUF_X1)
     1    0.95    0.01    0.03    0.07 ^ hold308/Z (CLKBUF_X1)
                                         net307 (net)
                  0.01    0.00    0.07 ^ U_g6673/A1 (AND2_X1)
     1    0.99    0.01    0.03    0.10 ^ U_g6673/ZN (AND2_X1)
                                         g6673 (net)
                  0.01    0.00    0.10 ^ hold309/A (CLKBUF_X1)
     1    1.08    0.01    0.03    0.13 ^ hold309/Z (CLKBUF_X1)
                                         net308 (net)
                  0.01    0.00    0.13 ^ U_g7231/A1 (OR2_X1)
     1    1.79    0.01    0.02    0.15 ^ U_g7231/ZN (OR2_X1)
                                         g7231 (net)
                  0.01    0.00    0.15 ^ U_g1056/D (SDFF_X1)
                                  0.15   data arrival time

                          0.00    0.00   clock clk (rise edge)
                          0.00    0.00   clock source latency
     1   15.77    0.00    0.00    0.00 ^ CK (in)
                                         CK (net)
                  0.00    0.00    0.00 ^ clkbuf_0_CK/A (CLKBUF_X3)
     8   36.19    0.03    0.05    0.05 ^ clkbuf_0_CK/Z (CLKBUF_X3)
                                         clknet_0_CK (net)
                  0.03    0.00    0.06 ^ clkbuf_3_0__f_CK/A (CLKBUF_X3)
    12   32.86    0.03    0.06    0.12 ^ clkbuf_3_0__f_CK/Z (CLKBUF_X3)
                                         clknet_3_0__leaf_CK (net)
                  0.03    0.00    0.12 ^ clkbuf_leaf_81_CK/A (CLKBUF_X3)
     6    9.09    0.01    0.04    0.16 ^ clkbuf_leaf_81_CK/Z (CLKBUF_X3)
                                         clknet_leaf_81_CK (net)
                  0.01    0.00    0.16 ^ U_g1056/CK (SDFF_X1)
                          0.00    0.16   clock reconvergence pessimism
                         -0.01    0.15   library hold time
                                  0.15   data required time
-----------------------------------------------------------------------------
                                  0.15   data required time
                                 -0.15   data arrival time
-----------------------------------------------------------------------------
                                  0.00   slack (VIOLATED)



==========================================================================
cts final report_checks -path_delay max
--------------------------------------------------------------------------
Startpoint: g48 (input port clocked by clk)
Endpoint: U_g336 (rising edge-triggered flip-flop clocked by clk)
Path Group: clk
Path Type: max

Fanout     Cap    Slew   Delay    Time   Description
-----------------------------------------------------------------------------
                          0.00    0.00   clock clk (rise edge)
                          0.00    0.00   clock network delay (propagated)
                          0.00    0.00 v input external delay
     1    1.23    0.00    0.00    0.00 v g48 (in)
                                         g48 (net)
                  0.00    0.00    0.00 v input38/A (BUF_X1)
    12   26.69    0.03    0.06    0.06 v input38/Z (BUF_X1)
                                         net38 (net)
                  0.03    0.00    0.06 v U_g6351/A2 (AND2_X1)
     1    1.77    0.01    0.04    0.10 v U_g6351/ZN (AND2_X1)
                                         g6351 (net)
                  0.01    0.00    0.10 v U_I11360/A (INV_X1)
    16   21.40    0.05    0.06    0.16 ^ U_I11360/ZN (INV_X1)
                                         I11360 (net)
                  0.05    0.00    0.16 ^ U_g8109/A2 (NAND2_X1)
     1    0.95    0.02    0.02    0.17 v U_g8109/ZN (NAND2_X1)
                                         g8109 (net)
                  0.02    0.00    0.17 v U_g8289/A2 (AND3_X1)
     1    1.58    0.01    0.04    0.21 v U_g8289/ZN (AND3_X1)
                                         g8289 (net)
                  0.01    0.00    0.21 v U_g8465/A (INV_X1)
     3    4.52    0.01    0.02    0.23 ^ U_g8465/ZN (INV_X1)
                                         g8465 (net)
                  0.01    0.00    0.23 ^ U_g8617/A (INV_X1)
     4    6.70    0.01    0.02    0.24 v U_g8617/ZN (INV_X1)
                                         g8617 (net)
                  0.01    0.00    0.24 v U_g8744/A1 (NAND3_X1)
     1    1.80    0.01    0.02    0.26 ^ U_g8744/ZN (NAND3_X1)
                                         g8744 (net)
                  0.01    0.00    0.26 ^ U_g8828/A (INV_X1)
     8    9.96    0.01    0.02    0.28 v U_g8828/ZN (INV_X1)
                                         g8828 (net)
                  0.01    0.00    0.28 v U_g8960/A3 (AND3_X1)
     1    1.62    0.01    0.04    0.32 v U_g8960/ZN (AND3_X1)
                                         g8960 (net)
                  0.01    0.00    0.32 v U_g9223/A2 (AND2_X2)
    10   12.83    0.01    0.04    0.35 v U_g9223/ZN (AND2_X2)
                                         g9223 (net)
                  0.01    0.00    0.35 v U_g9388/A2 (OR2_X1)
     1    0.92    0.01    0.05    0.40 v U_g9388/ZN (OR2_X1)
                                         g9388 (net)
                  0.01    0.00    0.40 v U_g9785/A3 (OR4_X1)
    14   17.86    0.03    0.15    0.55 v U_g9785/ZN (OR4_X1)
                                         g9785 (net)
                  0.03    0.00    0.55 v U_I15051/A4 (OR4_X1)
     1    1.86    0.02    0.12    0.67 v U_I15051/ZN (OR4_X1)
                                         I15051 (net)
                  0.02    0.00    0.67 v U_g9880/A4 (NOR4_X1)
     1    1.12    0.04    0.08    0.75 ^ U_g9880/ZN (NOR4_X1)
                                         g9880 (net)
                  0.04    0.00    0.75 ^ U_I15200/A4 (OR4_X1)
     1    0.99    0.01    0.04    0.79 ^ U_I15200/ZN (OR4_X1)
                                         I15200 (net)
                  0.01    0.00    0.79 ^ U_g9995/A2 (OR2_X1)
     6   11.12    0.03    0.05    0.83 ^ U_g9995/ZN (OR2_X1)
                                         g9995 (net)
                  0.03    0.00    0.83 ^ U_I15503/A (INV_X1)
     5    7.49    0.01    0.02    0.85 v U_I15503/ZN (INV_X1)
                                         I15503 (net)
                  0.01    0.00    0.85 v U_g10430/A1 (NOR2_X1)
     7   12.56    0.06    0.08    0.93 ^ U_g10430/ZN (NOR2_X1)
                                         g10430 (net)
                  0.06    0.00    0.93 ^ U_I16030/A2 (NAND2_X1)
     2    3.13    0.02    0.03    0.96 v U_I16030/ZN (NAND2_X1)
                                         I16030 (net)
                  0.02    0.00    0.96 v U_I16032/A2 (NAND2_X1)
     1    1.79    0.01    0.02    0.98 ^ U_I16032/ZN (NAND2_X1)
                                         I16032 (net)
                  0.01    0.00    0.98 ^ U_g10475/A2 (NAND2_X1)
     1    1.16    0.01    0.01    0.99 v U_g10475/ZN (NAND2_X1)
                                         g10475 (net)
                  0.01    0.00    0.99 v U_I16161/A4 (OR4_X1)
     1    0.95    0.02    0.11    1.10 v U_I16161/ZN (OR4_X1)
                                         I16161 (net)
                  0.02    0.00    1.10 v U_g10529/A2 (OR2_X1)
     1    2.22    0.01    0.05    1.16 v U_g10529/ZN (OR2_X1)
                                         g10529 (net)
                  0.01    0.00    1.16 v U_g10562/A2 (NOR2_X1)
     1    5.39    0.03    0.05    1.21 ^ U_g10562/ZN (NOR2_X1)
                                         g10562 (net)
                  0.03    0.00    1.21 ^ U_g10702/A1 (OR2_X2)
    24   40.57    0.05    0.07    1.28 ^ U_g10702/ZN (OR2_X2)
                                         g10702 (net)
                  0.05    0.00    1.28 ^ FE_OFC10_g10702/A (INV_X1)
     4    4.95    0.01    0.02    1.30 v FE_OFC10_g10702/ZN (INV_X1)
                                         FE_OFN10_g10702 (net)
                  0.01    0.00    1.30 v FE_OFC13_g10702/A (INV_X1)
    23   32.67    0.07    0.09    1.39 ^ FE_OFC13_g10702/ZN (INV_X1)
                                         FE_OFN13_g10702 (net)
                  0.07    0.00    1.39 ^ U_g11006/A2 (AND2_X1)
     1    1.10    0.01    0.04    1.43 ^ U_g11006/ZN (AND2_X1)
                                         g11006 (net)
                  0.01    0.00    1.43 ^ U_g11219/A2 (OR2_X1)
     3    5.01    0.01    0.03    1.47 ^ U_g11219/ZN (OR2_X1)
                                         g11219 (net)
                  0.01    0.00    1.47 ^ U_I17281/A2 (NAND2_X1)
     2    3.14    0.01    0.02    1.48 v U_I17281/ZN (NAND2_X1)
                                         I17281 (net)
                  0.01    0.00    1.48 v U_I17283/A2 (NAND2_X1)
     1    1.83    0.01    0.02    1.50 ^ U_I17283/ZN (NAND2_X1)
                                         I17283 (net)
                  0.01    0.00    1.50 ^ U_g11414/A2 (NAND2_X1)
     2    3.14    0.01    0.02    1.52 v U_g11414/ZN (NAND2_X1)
                                         g11414 (net)
                  0.01    0.00    1.52 v U_I17393/A2 (NAND2_X1)
     2    3.46    0.01    0.02    1.54 ^ U_I17393/ZN (NAND2_X1)
                                         I17393 (net)
                  0.01    0.00    1.54 ^ U_I17395/A2 (NAND2_X1)
     1    1.63    0.01    0.01    1.55 v U_I17395/ZN (NAND2_X1)
                                         I17395 (net)
                  0.01    0.00    1.55 v U_g11448/A2 (NAND2_X1)
     2    3.39    0.01    0.02    1.57 ^ U_g11448/ZN (NAND2_X1)
                                         g11448 (net)
                  0.01    0.00    1.57 ^ U_I17459/A2 (NAND2_X1)
     2    3.29    0.01    0.02    1.59 v U_I17459/ZN (NAND2_X1)
                                         I17459 (net)
                  0.01    0.00    1.59 v U_I17461/A2 (NAND2_X1)
     1    1.87    0.01    0.02    1.61 ^ U_I17461/ZN (NAND2_X1)
                                         I17461 (net)
                  0.01    0.00    1.61 ^ U_g11474/A2 (NAND2_X1)
     2    3.27    0.01    0.02    1.63 v U_g11474/ZN (NAND2_X1)
                                         g11474 (net)
                  0.01    0.00    1.63 v U_I17485/A2 (NAND2_X1)
     2    3.54    0.01    0.02    1.65 ^ U_I17485/ZN (NAND2_X1)
                                         I17485 (net)
                  0.01    0.00    1.65 ^ U_I17487/A2 (NAND2_X1)
     1    1.70    0.01    0.01    1.66 v U_I17487/ZN (NAND2_X1)
                                         I17487 (net)
                  0.01    0.00    1.66 v U_g11490/A2 (NAND2_X1)
     1    1.80    0.01    0.02    1.68 ^ U_g11490/ZN (NAND2_X1)
                                         g11490 (net)
                  0.01    0.00    1.68 ^ U_g11515/A (INV_X1)
     3    4.29    0.01    0.01    1.69 v U_g11515/ZN (INV_X1)
                                         g11515 (net)
                  0.01    0.00    1.69 v U_g11544/A1 (AND2_X1)
     1    1.02    0.01    0.03    1.72 v U_g11544/ZN (AND2_X1)
                                         g11544 (net)
                  0.01    0.00    1.72 v U_g11580/A2 (OR2_X1)
     1    1.71    0.01    0.05    1.76 v U_g11580/ZN (OR2_X1)
                                         g11580 (net)
                  0.01    0.00    1.76 v U_g11596/A (INV_X1)
     1    1.02    0.01    0.01    1.77 ^ U_g11596/ZN (INV_X1)
                                         g11596 (net)
                  0.01    0.00    1.77 ^ U_g11637/A1 (AND2_X1)
     1    1.10    0.01    0.03    1.80 ^ U_g11637/ZN (AND2_X1)
                                         g11637 (net)
                  0.01    0.00    1.80 ^ U_g11647/A2 (OR2_X1)
     1    1.24    0.01    0.02    1.82 ^ U_g11647/ZN (OR2_X1)
                                         g11647 (net)
                  0.01    0.00    1.82 ^ U_g336/D (SDFF_X1)
                                  1.82   data arrival time

                         10.00   10.00   clock clk (rise edge)
                          0.00   10.00   clock source latency
     1   15.77    0.00    0.00   10.00 ^ CK (in)
                                         CK (net)
                  0.00    0.00   10.00 ^ clkbuf_0_CK/A (CLKBUF_X3)
     8   36.19    0.03    0.05   10.05 ^ clkbuf_0_CK/Z (CLKBUF_X3)
                                         clknet_0_CK (net)
                  0.03    0.00   10.06 ^ clkbuf_3_1__f_CK/A (CLKBUF_X3)
    12   31.84    0.03    0.06   10.12 ^ clkbuf_3_1__f_CK/Z (CLKBUF_X3)
                                         clknet_3_1__leaf_CK (net)
                  0.03    0.00   10.12 ^ clkbuf_leaf_70_CK/A (CLKBUF_X3)
     8    9.98    0.01    0.04   10.16 ^ clkbuf_leaf_70_CK/Z (CLKBUF_X3)
                                         clknet_leaf_70_CK (net)
                  0.01    0.00   10.16 ^ U_g336/CK (SDFF_X1)
                          0.00   10.16   clock reconvergence pessimism
                         -0.07   10.09   library setup time
                                 10.09   data required time
-----------------------------------------------------------------------------
                                 10.09   data required time
                                 -1.82   data arrival time
-----------------------------------------------------------------------------
                                  8.27   slack (MET)



==========================================================================
cts final report_checks -unconstrained
--------------------------------------------------------------------------
Startpoint: g48 (input port clocked by clk)
Endpoint: U_g336 (rising edge-triggered flip-flop clocked by clk)
Path Group: clk
Path Type: max

Fanout     Cap    Slew   Delay    Time   Description
-----------------------------------------------------------------------------
                          0.00    0.00   clock clk (rise edge)
                          0.00    0.00   clock network delay (propagated)
                          0.00    0.00 v input external delay
     1    1.23    0.00    0.00    0.00 v g48 (in)
                                         g48 (net)
                  0.00    0.00    0.00 v input38/A (BUF_X1)
    12   26.69    0.03    0.06    0.06 v input38/Z (BUF_X1)
                                         net38 (net)
                  0.03    0.00    0.06 v U_g6351/A2 (AND2_X1)
     1    1.77    0.01    0.04    0.10 v U_g6351/ZN (AND2_X1)
                                         g6351 (net)
                  0.01    0.00    0.10 v U_I11360/A (INV_X1)
    16   21.40    0.05    0.06    0.16 ^ U_I11360/ZN (INV_X1)
                                         I11360 (net)
                  0.05    0.00    0.16 ^ U_g8109/A2 (NAND2_X1)
     1    0.95    0.02    0.02    0.17 v U_g8109/ZN (NAND2_X1)
                                         g8109 (net)
                  0.02    0.00    0.17 v U_g8289/A2 (AND3_X1)
     1    1.58    0.01    0.04    0.21 v U_g8289/ZN (AND3_X1)
                                         g8289 (net)
                  0.01    0.00    0.21 v U_g8465/A (INV_X1)
     3    4.52    0.01    0.02    0.23 ^ U_g8465/ZN (INV_X1)
                                         g8465 (net)
                  0.01    0.00    0.23 ^ U_g8617/A (INV_X1)
     4    6.70    0.01    0.02    0.24 v U_g8617/ZN (INV_X1)
                                         g8617 (net)
                  0.01    0.00    0.24 v U_g8744/A1 (NAND3_X1)
     1    1.80    0.01    0.02    0.26 ^ U_g8744/ZN (NAND3_X1)
                                         g8744 (net)
                  0.01    0.00    0.26 ^ U_g8828/A (INV_X1)
     8    9.96    0.01    0.02    0.28 v U_g8828/ZN (INV_X1)
                                         g8828 (net)
                  0.01    0.00    0.28 v U_g8960/A3 (AND3_X1)
     1    1.62    0.01    0.04    0.32 v U_g8960/ZN (AND3_X1)
                                         g8960 (net)
                  0.01    0.00    0.32 v U_g9223/A2 (AND2_X2)
    10   12.83    0.01    0.04    0.35 v U_g9223/ZN (AND2_X2)
                                         g9223 (net)
                  0.01    0.00    0.35 v U_g9388/A2 (OR2_X1)
     1    0.92    0.01    0.05    0.40 v U_g9388/ZN (OR2_X1)
                                         g9388 (net)
                  0.01    0.00    0.40 v U_g9785/A3 (OR4_X1)
    14   17.86    0.03    0.15    0.55 v U_g9785/ZN (OR4_X1)
                                         g9785 (net)
                  0.03    0.00    0.55 v U_I15051/A4 (OR4_X1)
     1    1.86    0.02    0.12    0.67 v U_I15051/ZN (OR4_X1)
                                         I15051 (net)
                  0.02    0.00    0.67 v U_g9880/A4 (NOR4_X1)
     1    1.12    0.04    0.08    0.75 ^ U_g9880/ZN (NOR4_X1)
                                         g9880 (net)
                  0.04    0.00    0.75 ^ U_I15200/A4 (OR4_X1)
     1    0.99    0.01    0.04    0.79 ^ U_I15200/ZN (OR4_X1)
                                         I15200 (net)
                  0.01    0.00    0.79 ^ U_g9995/A2 (OR2_X1)
     6   11.12    0.03    0.05    0.83 ^ U_g9995/ZN (OR2_X1)
                                         g9995 (net)
                  0.03    0.00    0.83 ^ U_I15503/A (INV_X1)
     5    7.49    0.01    0.02    0.85 v U_I15503/ZN (INV_X1)
                                         I15503 (net)
                  0.01    0.00    0.85 v U_g10430/A1 (NOR2_X1)
     7   12.56    0.06    0.08    0.93 ^ U_g10430/ZN (NOR2_X1)
                                         g10430 (net)
                  0.06    0.00    0.93 ^ U_I16030/A2 (NAND2_X1)
     2    3.13    0.02    0.03    0.96 v U_I16030/ZN (NAND2_X1)
                                         I16030 (net)
                  0.02    0.00    0.96 v U_I16032/A2 (NAND2_X1)
     1    1.79    0.01    0.02    0.98 ^ U_I16032/ZN (NAND2_X1)
                                         I16032 (net)
                  0.01    0.00    0.98 ^ U_g10475/A2 (NAND2_X1)
     1    1.16    0.01    0.01    0.99 v U_g10475/ZN (NAND2_X1)
                                         g10475 (net)
                  0.01    0.00    0.99 v U_I16161/A4 (OR4_X1)
     1    0.95    0.02    0.11    1.10 v U_I16161/ZN (OR4_X1)
                                         I16161 (net)
                  0.02    0.00    1.10 v U_g10529/A2 (OR2_X1)
     1    2.22    0.01    0.05    1.16 v U_g10529/ZN (OR2_X1)
                                         g10529 (net)
                  0.01    0.00    1.16 v U_g10562/A2 (NOR2_X1)
     1    5.39    0.03    0.05    1.21 ^ U_g10562/ZN (NOR2_X1)
                                         g10562 (net)
                  0.03    0.00    1.21 ^ U_g10702/A1 (OR2_X2)
    24   40.57    0.05    0.07    1.28 ^ U_g10702/ZN (OR2_X2)
                                         g10702 (net)
                  0.05    0.00    1.28 ^ FE_OFC10_g10702/A (INV_X1)
     4    4.95    0.01    0.02    1.30 v FE_OFC10_g10702/ZN (INV_X1)
                                         FE_OFN10_g10702 (net)
                  0.01    0.00    1.30 v FE_OFC13_g10702/A (INV_X1)
    23   32.67    0.07    0.09    1.39 ^ FE_OFC13_g10702/ZN (INV_X1)
                                         FE_OFN13_g10702 (net)
                  0.07    0.00    1.39 ^ U_g11006/A2 (AND2_X1)
     1    1.10    0.01    0.04    1.43 ^ U_g11006/ZN (AND2_X1)
                                         g11006 (net)
                  0.01    0.00    1.43 ^ U_g11219/A2 (OR2_X1)
     3    5.01    0.01    0.03    1.47 ^ U_g11219/ZN (OR2_X1)
                                         g11219 (net)
                  0.01    0.00    1.47 ^ U_I17281/A2 (NAND2_X1)
     2    3.14    0.01    0.02    1.48 v U_I17281/ZN (NAND2_X1)
                                         I17281 (net)
                  0.01    0.00    1.48 v U_I17283/A2 (NAND2_X1)
     1    1.83    0.01    0.02    1.50 ^ U_I17283/ZN (NAND2_X1)
                                         I17283 (net)
                  0.01    0.00    1.50 ^ U_g11414/A2 (NAND2_X1)
     2    3.14    0.01    0.02    1.52 v U_g11414/ZN (NAND2_X1)
                                         g11414 (net)
                  0.01    0.00    1.52 v U_I17393/A2 (NAND2_X1)
     2    3.46    0.01    0.02    1.54 ^ U_I17393/ZN (NAND2_X1)
                                         I17393 (net)
                  0.01    0.00    1.54 ^ U_I17395/A2 (NAND2_X1)
     1    1.63    0.01    0.01    1.55 v U_I17395/ZN (NAND2_X1)
                                         I17395 (net)
                  0.01    0.00    1.55 v U_g11448/A2 (NAND2_X1)
     2    3.39    0.01    0.02    1.57 ^ U_g11448/ZN (NAND2_X1)
                                         g11448 (net)
                  0.01    0.00    1.57 ^ U_I17459/A2 (NAND2_X1)
     2    3.29    0.01    0.02    1.59 v U_I17459/ZN (NAND2_X1)
                                         I17459 (net)
                  0.01    0.00    1.59 v U_I17461/A2 (NAND2_X1)
     1    1.87    0.01    0.02    1.61 ^ U_I17461/ZN (NAND2_X1)
                                         I17461 (net)
                  0.01    0.00    1.61 ^ U_g11474/A2 (NAND2_X1)
     2    3.27    0.01    0.02    1.63 v U_g11474/ZN (NAND2_X1)
                                         g11474 (net)
                  0.01    0.00    1.63 v U_I17485/A2 (NAND2_X1)
     2    3.54    0.01    0.02    1.65 ^ U_I17485/ZN (NAND2_X1)
                                         I17485 (net)
                  0.01    0.00    1.65 ^ U_I17487/A2 (NAND2_X1)
     1    1.70    0.01    0.01    1.66 v U_I17487/ZN (NAND2_X1)
                                         I17487 (net)
                  0.01    0.00    1.66 v U_g11490/A2 (NAND2_X1)
     1    1.80    0.01    0.02    1.68 ^ U_g11490/ZN (NAND2_X1)
                                         g11490 (net)
                  0.01    0.00    1.68 ^ U_g11515/A (INV_X1)
     3    4.29    0.01    0.01    1.69 v U_g11515/ZN (INV_X1)
                                         g11515 (net)
                  0.01    0.00    1.69 v U_g11544/A1 (AND2_X1)
     1    1.02    0.01    0.03    1.72 v U_g11544/ZN (AND2_X1)
                                         g11544 (net)
                  0.01    0.00    1.72 v U_g11580/A2 (OR2_X1)
     1    1.71    0.01    0.05    1.76 v U_g11580/ZN (OR2_X1)
                                         g11580 (net)
                  0.01    0.00    1.76 v U_g11596/A (INV_X1)
     1    1.02    0.01    0.01    1.77 ^ U_g11596/ZN (INV_X1)
                                         g11596 (net)
                  0.01    0.00    1.77 ^ U_g11637/A1 (AND2_X1)
     1    1.10    0.01    0.03    1.80 ^ U_g11637/ZN (AND2_X1)
                                         g11637 (net)
                  0.01    0.00    1.80 ^ U_g11647/A2 (OR2_X1)
     1    1.24    0.01    0.02    1.82 ^ U_g11647/ZN (OR2_X1)
                                         g11647 (net)
                  0.01    0.00    1.82 ^ U_g336/D (SDFF_X1)
                                  1.82   data arrival time

                         10.00   10.00   clock clk (rise edge)
                          0.00   10.00   clock source latency
     1   15.77    0.00    0.00   10.00 ^ CK (in)
                                         CK (net)
                  0.00    0.00   10.00 ^ clkbuf_0_CK/A (CLKBUF_X3)
     8   36.19    0.03    0.05   10.05 ^ clkbuf_0_CK/Z (CLKBUF_X3)
                                         clknet_0_CK (net)
                  0.03    0.00   10.06 ^ clkbuf_3_1__f_CK/A (CLKBUF_X3)
    12   31.84    0.03    0.06   10.12 ^ clkbuf_3_1__f_CK/Z (CLKBUF_X3)
                                         clknet_3_1__leaf_CK (net)
                  0.03    0.00   10.12 ^ clkbuf_leaf_70_CK/A (CLKBUF_X3)
     8    9.98    0.01    0.04   10.16 ^ clkbuf_leaf_70_CK/Z (CLKBUF_X3)
                                         clknet_leaf_70_CK (net)
                  0.01    0.00   10.16 ^ U_g336/CK (SDFF_X1)
                          0.00   10.16   clock reconvergence pessimism
                         -0.07   10.09   library setup time
                                 10.09   data required time
-----------------------------------------------------------------------------
                                 10.09   data required time
                                 -1.82   data arrival time
-----------------------------------------------------------------------------
                                  8.27   slack (MET)



==========================================================================
cts final report_check_types -max_slew -max_cap -max_fanout -violators
--------------------------------------------------------------------------

==========================================================================
cts final max_slew_check_slack
--------------------------------------------------------------------------
0.06497712433338165

==========================================================================
cts final max_slew_check_limit
--------------------------------------------------------------------------
0.1985349953174591

==========================================================================
cts final max_slew_check_slack_limit
--------------------------------------------------------------------------
0.3273

==========================================================================
cts final max_fanout_check_slack
--------------------------------------------------------------------------
1.0000000150474662e+30

==========================================================================
cts final max_fanout_check_limit
--------------------------------------------------------------------------
1.0000000150474662e+30

==========================================================================
cts final max_capacitance_check_slack
--------------------------------------------------------------------------
0.6665132641792297

==========================================================================
cts final max_capacitance_check_limit
--------------------------------------------------------------------------
60.65370559692383

==========================================================================
cts final max_capacitance_check_slack_limit
--------------------------------------------------------------------------
0.0110

==========================================================================
cts final max_slew_violation_count
--------------------------------------------------------------------------
max slew violation count 0

==========================================================================
cts final max_fanout_violation_count
--------------------------------------------------------------------------
max fanout violation count 0

==========================================================================
cts final max_cap_violation_count
--------------------------------------------------------------------------
max cap violation count 0

==========================================================================
cts final setup_violation_count
--------------------------------------------------------------------------
setup violation count 0

==========================================================================
cts final hold_violation_count
--------------------------------------------------------------------------
hold violation count 1

==========================================================================
cts final report_checks -path_delay max reg to reg
--------------------------------------------------------------------------
Startpoint: U_g928 (rising edge-triggered flip-flop clocked by clk)
Endpoint: U_g336 (rising edge-triggered flip-flop clocked by clk)
Path Group: clk
Path Type: max

  Delay    Time   Description
---------------------------------------------------------
   0.00    0.00   clock clk (rise edge)
   0.00    0.00   clock source latency
   0.00    0.00 ^ CK (in)
   0.05    0.05 ^ clkbuf_0_CK/Z (CLKBUF_X3)
   0.06    0.12 ^ clkbuf_3_5__f_CK/Z (CLKBUF_X3)
   0.04    0.16 ^ clkbuf_leaf_51_CK/Z (CLKBUF_X3)
   0.00    0.16 ^ U_g928/CK (SDFF_X1)
   0.08    0.24 v U_g928/Q (SDFF_X1)
   0.03    0.27 v U_g9596/ZN (AND2_X1)
   0.11    0.38 v U_I14855/ZN (OR4_X1)
   0.12    0.50 v U_g9722/ZN (OR4_X1)
   0.03    0.53 v U_g9828/ZN (AND2_X1)
   0.12    0.65 v U_I15199/ZN (OR4_X1)
   0.07    0.72 v U_g9995/ZN (OR2_X1)
   0.03    0.75 ^ U_I15503/ZN (INV_X1)
   0.03    0.78 v U_g10430/ZN (NOR2_X1)
   0.02    0.80 ^ U_I16032/ZN (NAND2_X1)
   0.01    0.81 v U_g10475/ZN (NAND2_X1)
   0.11    0.92 v U_I16161/ZN (OR4_X1)
   0.05    0.98 v U_g10529/ZN (OR2_X1)
   0.05    1.02 ^ U_g10562/ZN (NOR2_X1)
   0.07    1.10 ^ U_g10702/ZN (OR2_X2)
   0.02    1.12 v FE_OFC10_g10702/ZN (INV_X1)
   0.09    1.21 ^ FE_OFC13_g10702/ZN (INV_X1)
   0.04    1.25 ^ U_g11006/ZN (AND2_X1)
   0.03    1.28 ^ U_g11219/ZN (OR2_X1)
   0.02    1.30 v U_I17281/ZN (NAND2_X1)
   0.02    1.32 ^ U_I17283/ZN (NAND2_X1)
   0.02    1.34 v U_g11414/ZN (NAND2_X1)
   0.02    1.36 ^ U_I17393/ZN (NAND2_X1)
   0.01    1.37 v U_I17395/ZN (NAND2_X1)
   0.02    1.39 ^ U_g11448/ZN (NAND2_X1)
   0.02    1.41 v U_I17459/ZN (NAND2_X1)
   0.02    1.43 ^ U_I17461/ZN (NAND2_X1)
   0.02    1.44 v U_g11474/ZN (NAND2_X1)
   0.02    1.47 ^ U_I17485/ZN (NAND2_X1)
   0.01    1.48 v U_I17487/ZN (NAND2_X1)
   0.02    1.50 ^ U_g11490/ZN (NAND2_X1)
   0.01    1.51 v U_g11515/ZN (INV_X1)
   0.03    1.53 v U_g11544/ZN (AND2_X1)
   0.05    1.58 v U_g11580/ZN (OR2_X1)
   0.01    1.59 ^ U_g11596/ZN (INV_X1)
   0.03    1.62 ^ U_g11637/ZN (AND2_X1)
   0.02    1.64 ^ U_g11647/ZN (OR2_X1)
   0.00    1.64 ^ U_g336/D (SDFF_X1)
           1.64   data arrival time

  10.00   10.00   clock clk (rise edge)
   0.00   10.00   clock source latency
   0.00   10.00 ^ CK (in)
   0.05   10.05 ^ clkbuf_0_CK/Z (CLKBUF_X3)
   0.06   10.12 ^ clkbuf_3_1__f_CK/Z (CLKBUF_X3)
   0.04   10.16 ^ clkbuf_leaf_70_CK/Z (CLKBUF_X3)
   0.00   10.16 ^ U_g336/CK (SDFF_X1)
   0.00   10.16   clock reconvergence pessimism
  -0.07   10.09   library setup time
          10.09   data required time
---------------------------------------------------------
          10.09   data required time
          -1.64   data arrival time
---------------------------------------------------------
           8.45   slack (MET)



==========================================================================
cts final report_checks -path_delay min reg to reg
--------------------------------------------------------------------------
Startpoint: U_g259 (rising edge-triggered flip-flop clocked by clk)
Endpoint: U_g324 (rising edge-triggered flip-flop clocked by clk)
Path Group: clk
Path Type: min

  Delay    Time   Description
---------------------------------------------------------
   0.00    0.00   clock clk (rise edge)
   0.00    0.00   clock source latency
   0.00    0.00 ^ CK (in)
   0.05    0.05 ^ clkbuf_0_CK/Z (CLKBUF_X3)
   0.06    0.12 ^ clkbuf_3_3__f_CK/Z (CLKBUF_X3)
   0.04    0.16 ^ clkbuf_leaf_26_CK/Z (CLKBUF_X3)
   0.00    0.16 ^ U_g259/CK (SDFF_X1)
   0.07    0.23 ^ U_g259/Q (SDFF_X1)
   0.00    0.23 ^ U_g324/D (SDFF_X1)
           0.23   data arrival time

   0.00    0.00   clock clk (rise edge)
   0.00    0.00   clock source latency
   0.00    0.00 ^ CK (in)
   0.05    0.05 ^ clkbuf_0_CK/Z (CLKBUF_X3)
   0.06    0.12 ^ clkbuf_3_3__f_CK/Z (CLKBUF_X3)
   0.04    0.16 ^ clkbuf_leaf_26_CK/Z (CLKBUF_X3)
   0.00    0.16 ^ U_g324/CK (SDFF_X1)
   0.00    0.16   clock reconvergence pessimism
  -0.01    0.15   library hold time
           0.15   data required time
---------------------------------------------------------
           0.15   data required time
          -0.23   data arrival time
---------------------------------------------------------
           0.08   slack (MET)



==========================================================================
cts final critical path target clock latency max path
--------------------------------------------------------------------------
0.1600

==========================================================================
cts final critical path target clock latency min path
--------------------------------------------------------------------------
0.1605

==========================================================================
cts final critical path source clock latency min path
--------------------------------------------------------------------------
0.0000

==========================================================================
cts final critical path delay
--------------------------------------------------------------------------
1.8235

==========================================================================
cts final critical path slack
--------------------------------------------------------------------------
8.2675

==========================================================================
cts final slack div critical path delay
--------------------------------------------------------------------------
453.386345

==========================================================================
cts final report_power
--------------------------------------------------------------------------
Group                  Internal  Switching    Leakage      Total
                          Power      Power      Power      Power (Watts)
----------------------------------------------------------------
Sequential             5.46e-04   1.57e-04   5.02e-05   7.54e-04  45.1%
Combinational          3.19e-04   2.41e-04   1.01e-04   6.60e-04  39.5%
Clock                  1.18e-04   1.36e-04   4.06e-06   2.58e-04  15.4%
Macro                  0.00e+00   0.00e+00   0.00e+00   0.00e+00   0.0%
Pad                    0.00e+00   0.00e+00   0.00e+00   0.00e+00   0.0%
----------------------------------------------------------------
Total                  9.83e-04   5.34e-04   1.55e-04   1.67e-03 100.0%
                          58.8%      31.9%       9.3%
