topology_export 0 7.25 seconds
GATE09_CAMPAIGN input b14_opt None PASS 
MEASUREMENT_STAGE search 0 3176.082
GATE09_CAMPAIGN search b14_opt None PASS 
rewire 0 2.24 seconds
route 0 317.49 seconds
topology 0 3.34 seconds
extraction 0 2.74 seconds
GATE09_CAMPAIGN route b14_opt CS_C1 PASS 
MEASUREMENT_STAGE export 0 6.724
MEASUREMENT_STAGE netlist 0 0.899
GATE09_EXACT_PREPARATION b14_opt CS_C1 REFERENCE_EXPORT_AND_STIMULUS_QUALIFIED_PENDING_CPU_EXACT
GATE09_EXACT_WORKER b14_opt CS_C1 REFERENCE_EXPORT_AND_STIMULUS_QUALIFIED_PENDING_CPU_EXACT
MEASUREMENT_STAGE build_collector 0 1.586
MEASUREMENT_STAGE compile 0 21.384
MEASUREMENT_STAGE simulate 0 110.689
MEASUREMENT_STAGE analyze 0 22.519
CPU_ACTIVITY_COMPLETE b14_opt CS_C1 QUALIFIED 159.07843276899985 56272306
GATE09_EXACT_WORKER b14_opt CS_C1 QUALIFIED
rewire 0 1.64 seconds
route 0 323.62 seconds
topology 0 3.24 seconds
extraction 0 2.69 seconds
GATE09_CAMPAIGN route b14_opt CS_C2 PASS 
MEASUREMENT_STAGE export 0 6.748
MEASUREMENT_STAGE netlist 0 0.86
GATE09_EXACT_PREPARATION b14_opt CS_C2 REFERENCE_EXPORT_AND_STIMULUS_QUALIFIED_PENDING_CPU_EXACT
GATE09_EXACT_WORKER b14_opt CS_C2 REFERENCE_EXPORT_AND_STIMULUS_QUALIFIED_PENDING_CPU_EXACT
MEASUREMENT_STAGE build_collector 0 1.444
MEASUREMENT_STAGE compile 0 22.026
MEASUREMENT_STAGE simulate 0 121.593
MEASUREMENT_STAGE analyze 0 23.564
CPU_ACTIVITY_COMPLETE b14_opt CS_C2 QUALIFIED 171.45286540800043 55884710
GATE09_EXACT_WORKER b14_opt CS_C2 QUALIFIED
rewire 0 1.58 seconds
route 0 327.3 seconds
topology 0 3.59 seconds
extraction 0 2.89 seconds
GATE09_CAMPAIGN route b14_opt CS_C3 PASS 
MEASUREMENT_STAGE export 0 7.779
MEASUREMENT_STAGE netlist 0 0.982
GATE09_EXACT_PREPARATION b14_opt CS_C3 REFERENCE_EXPORT_AND_STIMULUS_QUALIFIED_PENDING_CPU_EXACT
GATE09_EXACT_WORKER b14_opt CS_C3 REFERENCE_EXPORT_AND_STIMULUS_QUALIFIED_PENDING_CPU_EXACT
MEASUREMENT_STAGE build_collector 0 1.442
MEASUREMENT_STAGE compile 0 22.044
MEASUREMENT_STAGE simulate 0 133.77
MEASUREMENT_STAGE analyze 0 24.209
CPU_ACTIVITY_COMPLETE b14_opt CS_C3 QUALIFIED 184.36842195400004 56305136
GATE09_EXACT_WORKER b14_opt CS_C3 QUALIFIED
GATE09_COMPARISON b14_opt PACT_GATE09_COMPETITIVE_COMPARISON_COMPLETE PACT_ACTIVITY_IMPROVEMENT_ALL_COORDINATES
