OpenROAD 26Q2-1164-g08f67ee5ec 
Features included (+) or not (-): +GPU +GUI +Python
This program is licensed under the BSD-3 license. See the LICENSE file for details.
Components of this program may be licensed under more restrictive licenses which must be honored.
[INFO ORD-0030] Using 4 thread(s).
read_liberty /root/pact-deps/OpenROAD-flow-scripts/flow/platforms/nangate45/lib/NangateOpenCellLibrary_typical.lib
read_db /mnt/c/Users/Abhinav/OneDrive/Desktop/PACT/PACT/results/phase2c_repair_multiseed/raw/orfs/results/nangate45/s15850/phase2c_s13_ad0eb1d73411/5_1_grt.odb
read_sdc /mnt/c/Users/Abhinav/OneDrive/Desktop/PACT/PACT/results/phase2c_repair_multiseed/raw/orfs/results/nangate45/s15850/phase2c_s13_ad0eb1d73411/5_1_grt.sdc
source /root/pact-deps/OpenROAD-flow-scripts/flow/platforms/nangate45/setRC.tcl
detailed_route -output_drc /mnt/c/Users/Abhinav/OneDrive/Desktop/PACT/PACT/results/phase2c_repair_multiseed/raw/orfs/reports/nangate45/s15850/phase2c_s13_ad0eb1d73411/5_route_drc.rpt -output_maze /mnt/c/Users/Abhinav/OneDrive/Desktop/PACT/PACT/results/phase2c_repair_multiseed/raw/orfs/results/nangate45/s15850/phase2c_s13_ad0eb1d73411/maze.log -droute_end_iter 64 -verbose 1 -drc_report_iter_step 5
[INFO DRT-0149] Reading tech and libs.

Units:                2000
Number of layers:     21
Number of macros:     135
Number of vias:       33
Number of viarulegen: 19

[INFO DRT-0150] Reading design.

Design:                   s15850
Die area:                 ( 0 0 ) ( 295060 295060 )
Number of track patterns: 20
Number of DEF vias:       0
Number of components:     5391
Number of terminals:      235
Number of snets:          2
Number of nets:           5145

[INFO DRT-0167] List of default vias:
  Layer via2
    default via: via2_5
  Layer via3
    default via: via3_2
  Layer via4
    default via: via4_0
  Layer via5
    default via: via5_0
  Layer via6
    default via: via6_0
  Layer via7
    default via: via7_0
  Layer via8
    default via: via8_0
  Layer via9
    default via: via9_0
[INFO DRT-0162] Library cell analysis.
[INFO DRT-0163] Instance analysis.
[INFO DRT-0164] Number of unique instances = 57.
[INFO DRT-0168] Init region query.
[INFO DRT-0024]   Complete active.
[INFO DRT-0024]   Complete Fr_VIA.
[INFO DRT-0024]   Complete metal1.
[INFO DRT-0024]   Complete via1.
[INFO DRT-0024]   Complete metal2.
[INFO DRT-0024]   Complete via2.
[INFO DRT-0024]   Complete metal3.
[INFO DRT-0024]   Complete via3.
[INFO DRT-0024]   Complete metal4.
[INFO DRT-0024]   Complete via4.
[INFO DRT-0024]   Complete metal5.
[INFO DRT-0024]   Complete via5.
[INFO DRT-0024]   Complete metal6.
[INFO DRT-0024]   Complete via6.
[INFO DRT-0024]   Complete metal7.
[INFO DRT-0024]   Complete via7.
[INFO DRT-0024]   Complete metal8.
[INFO DRT-0024]   Complete via8.
[INFO DRT-0024]   Complete metal9.
[INFO DRT-0024]   Complete via9.
[INFO DRT-0024]   Complete metal10.
[INFO DRT-0033] active shape region query size = 0.
[INFO DRT-0033] FR_VIA shape region query size = 0.
[INFO DRT-0033] metal1 shape region query size = 88246.
[INFO DRT-0033] via1 shape region query size = 936.
[INFO DRT-0033] metal2 shape region query size = 624.
[INFO DRT-0033] via2 shape region query size = 936.
[INFO DRT-0033] metal3 shape region query size = 624.
[INFO DRT-0033] via3 shape region query size = 936.
[INFO DRT-0033] metal4 shape region query size = 348.
[INFO DRT-0033] via4 shape region query size = 300.
[INFO DRT-0033] metal5 shape region query size = 136.
[INFO DRT-0033] via5 shape region query size = 300.
[INFO DRT-0033] metal6 shape region query size = 217.
[INFO DRT-0033] via6 shape region query size = 120.
[INFO DRT-0033] metal7 shape region query size = 50.
[INFO DRT-0033] via7 shape region query size = 0.
[INFO DRT-0033] metal8 shape region query size = 0.
[INFO DRT-0033] via8 shape region query size = 0.
[INFO DRT-0033] metal9 shape region query size = 0.
[INFO DRT-0033] via9 shape region query size = 0.
[INFO DRT-0033] metal10 shape region query size = 0.
[INFO DRT-0165] Start pin access.
[INFO DRT-0078]   Complete 292 pins.
[INFO DRT-0081]   Complete 57 unique inst patterns.
[INFO DRT-0084]   Complete 3148 groups.
#scanned instances     = 5391
#unique  instances     = 57
#stdCellGenAp          = 1307
#stdCellValidPlanarAp  = 0
#stdCellValidViaAp     = 1013
#stdCellPinNoAp        = 0
#stdCellPinCnt         = 15558
#instTermValidViaApCnt = 0
#macroGenAp            = 0
#macroValidPlanarAp    = 0
#macroValidViaAp       = 0
#macroNoAp             = 0
[INFO DRT-0166] Complete pin access.
[INFO DRT-0267] cpu time = 00:00:51, elapsed time = 00:00:23, memory = 283.63 (MB), peak = 283.39 (MB)

[INFO DRT-0157] Number of guides:     43790

[INFO DRT-0169] Post process guides.
[INFO DRT-0176] GCELLGRID X 0 DO 51 STEP 5700 ;
[INFO DRT-0177] GCELLGRID Y 0 DO 51 STEP 5700 ;
[INFO DRT-0028]   Complete active.
[INFO DRT-0028]   Complete Fr_VIA.
[INFO DRT-0028]   Complete metal1.
[INFO DRT-0028]   Complete via1.
[INFO DRT-0028]   Complete metal2.
[INFO DRT-0028]   Complete via2.
[INFO DRT-0028]   Complete metal3.
[INFO DRT-0028]   Complete via3.
[INFO DRT-0028]   Complete metal4.
[INFO DRT-0028]   Complete via4.
[INFO DRT-0028]   Complete metal5.
[INFO DRT-0028]   Complete via5.
[INFO DRT-0028]   Complete metal6.
[INFO DRT-0028]   Complete via6.
[INFO DRT-0028]   Complete metal7.
[INFO DRT-0028]   Complete via7.
[INFO DRT-0028]   Complete metal8.
[INFO DRT-0028]   Complete via8.
[INFO DRT-0028]   Complete metal9.
[INFO DRT-0028]   Complete via9.
[INFO DRT-0028]   Complete metal10.
[INFO DRT-0178] Init guide query.
[INFO DRT-0035]   Complete active (guide).
[INFO DRT-0035]   Complete Fr_VIA (guide).
[INFO DRT-0035]   Complete metal1 (guide).
[INFO DRT-0035]   Complete via1 (guide).
[INFO DRT-0035]   Complete metal2 (guide).
[INFO DRT-0035]   Complete via2 (guide).
[INFO DRT-0035]   Complete metal3 (guide).
[INFO DRT-0035]   Complete via3 (guide).
[INFO DRT-0035]   Complete metal4 (guide).
[INFO DRT-0035]   Complete via4 (guide).
[INFO DRT-0035]   Complete metal5 (guide).
[INFO DRT-0035]   Complete via5 (guide).
[INFO DRT-0035]   Complete metal6 (guide).
[INFO DRT-0035]   Complete via6 (guide).
[INFO DRT-0035]   Complete metal7 (guide).
[INFO DRT-0035]   Complete via7 (guide).
[INFO DRT-0035]   Complete metal8 (guide).
[INFO DRT-0035]   Complete via8 (guide).
[INFO DRT-0035]   Complete metal9 (guide).
[INFO DRT-0035]   Complete via9 (guide).
[INFO DRT-0035]   Complete metal10 (guide).
[INFO DRT-0036] active guide region query size = 0.
[INFO DRT-0036] FR_VIA guide region query size = 0.
[INFO DRT-0036] metal1 guide region query size = 13871.
[INFO DRT-0036] via1 guide region query size = 0.
[INFO DRT-0036] metal2 guide region query size = 12748.
[INFO DRT-0036] via2 guide region query size = 0.
[INFO DRT-0036] metal3 guide region query size = 7346.
[INFO DRT-0036] via3 guide region query size = 0.
[INFO DRT-0036] metal4 guide region query size = 1440.
[INFO DRT-0036] via4 guide region query size = 0.
[INFO DRT-0036] metal5 guide region query size = 638.
[INFO DRT-0036] via5 guide region query size = 0.
[INFO DRT-0036] metal6 guide region query size = 234.
[INFO DRT-0036] via6 guide region query size = 0.
[INFO DRT-0036] metal7 guide region query size = 5.
[INFO DRT-0036] via7 guide region query size = 0.
[INFO DRT-0036] metal8 guide region query size = 0.
[INFO DRT-0036] via8 guide region query size = 0.
[INFO DRT-0036] metal9 guide region query size = 0.
[INFO DRT-0036] via9 guide region query size = 0.
[INFO DRT-0036] metal10 guide region query size = 0.
[INFO DRT-0179] Init gr pin query.
[INFO DRT-0267] cpu time = 00:00:00, elapsed time = 00:00:00, memory = 299.69 (MB), peak = 299.33 (MB)
[INFO DRT-0245] skipped writing guide updates to database.
[INFO DRT-0181] Start track assignment.
[INFO DRT-0184] Done with 14422 vertical wires in 2 frboxes and 21860 horizontal wires in 2 frboxes.
[INFO DRT-0186] Done with 4044 vertical wires in 2 frboxes and 4972 horizontal wires in 2 frboxes.
[INFO DRT-0182] Complete track assignment.
[INFO DRT-0267] cpu time = 00:00:04, elapsed time = 00:00:04, memory = 374.73 (MB), peak = 374.41 (MB)
[INFO DRT-0187] Start routing data preparation.
[INFO DRT-0267] cpu time = 00:00:00, elapsed time = 00:00:00, memory = 374.79 (MB), peak = 374.53 (MB)
[INFO DRT-0194] Start detail routing.
[INFO DRT-0195] Start 0th optimization iteration.
    Completing 10% with 0 violations.
    elapsed time = 00:00:05, memory = 432.98 (MB).
    Completing 20% with 0 violations.
    elapsed time = 00:00:08, memory = 470.75 (MB).
    Completing 30% with 135 violations.
    elapsed time = 00:00:12, memory = 522.97 (MB).
    Completing 40% with 135 violations.
    elapsed time = 00:00:18, memory = 526.59 (MB).
    Completing 50% with 135 violations.
    elapsed time = 00:00:24, memory = 505.93 (MB).
    Completing 60% with 305 violations.
    elapsed time = 00:00:32, memory = 551.67 (MB).
    Completing 70% with 305 violations.
    elapsed time = 00:00:35, memory = 551.67 (MB).
    Completing 80% with 452 violations.
    elapsed time = 00:00:43, memory = 598.04 (MB).
    Completing 90% with 452 violations.
    elapsed time = 00:00:50, memory = 581.90 (MB).
    Completing 100% with 622 violations.
    elapsed time = 00:00:52, memory = 555.36 (MB).
[INFO DRT-0199]   Number of violations = 928.
Viol/Layer      metal1   via1 metal2   via2 metal3 metal4   via4 metal5 metal6
Cut Spacing          0      0      0      2      0      0      3      0      0
Metal Spacing        0      0     55      0      8      5      0      0      0
Recheck              4      0    177      0     93      9      0     22      1
Short                0      1    489      0     54      4      0      1      0
[INFO DRT-0267] cpu time = 00:01:45, elapsed time = 00:00:54, memory = 1044.38 (MB), peak = 1043.90 (MB)
Total wire length = 85118 um.
Total wire length on LAYER metal1 = 0 um.
Total wire length on LAYER metal2 = 30086 um.
Total wire length on LAYER metal3 = 34729 um.
Total wire length on LAYER metal4 = 11678 um.
Total wire length on LAYER metal5 = 5686 um.
Total wire length on LAYER metal6 = 2683 um.
Total wire length on LAYER metal7 = 254 um.
Total wire length on LAYER metal8 = 0 um.
Total wire length on LAYER metal9 = 0 um.
Total wire length on LAYER metal10 = 0 um.
Total number of vias = 35487.
Up-via summary (total 35487):

----------------
 active        0
 metal1    15648
 metal2    16729
 metal3     1947
 metal4      858
 metal5      297
 metal6        8
 metal7        0
 metal8        0
 metal9        0
----------------
       35487


[INFO DRT-0195] Start 1st optimization iteration.
    Completing 10% with 928 violations.
    elapsed time = 00:00:03, memory = 1044.38 (MB).
    Completing 20% with 928 violations.
    elapsed time = 00:00:09, memory = 1047.67 (MB).
    Completing 30% with 694 violations.
    elapsed time = 00:00:11, memory = 1047.67 (MB).
    Completing 40% with 694 violations.
    elapsed time = 00:00:17, memory = 1047.67 (MB).
    Completing 50% with 694 violations.
    elapsed time = 00:00:21, memory = 1047.67 (MB).
    Completing 60% with 505 violations.
    elapsed time = 00:00:26, memory = 1047.67 (MB).
    Completing 70% with 505 violations.
    elapsed time = 00:00:30, memory = 1047.67 (MB).
    Completing 80% with 386 violations.
    elapsed time = 00:00:35, memory = 1047.67 (MB).
    Completing 90% with 386 violations.
    elapsed time = 00:00:37, memory = 1047.67 (MB).
    Completing 100% with 200 violations.
    elapsed time = 00:00:39, memory = 1047.67 (MB).
[INFO DRT-0199]   Number of violations = 200.
Viol/Layer      metal2 metal3
Metal Spacing       38      4
Short              141     17
[INFO DRT-0267] cpu time = 00:01:40, elapsed time = 00:00:40, memory = 1050.67 (MB), peak = 1050.27 (MB)
Total wire length = 84608 um.
Total wire length on LAYER metal1 = 0 um.
Total wire length on LAYER metal2 = 29922 um.
Total wire length on LAYER metal3 = 34520 um.
Total wire length on LAYER metal4 = 11621 um.
Total wire length on LAYER metal5 = 5633 um.
Total wire length on LAYER metal6 = 2657 um.
Total wire length on LAYER metal7 = 253 um.
Total wire length on LAYER metal8 = 0 um.
Total wire length on LAYER metal9 = 0 um.
Total wire length on LAYER metal10 = 0 um.
Total number of vias = 35189.
Up-via summary (total 35189):

----------------
 active        0
 metal1    15645
 metal2    16474
 metal3     1945
 metal4      824
 metal5      293
 metal6        8
 metal7        0
 metal8        0
 metal9        0
----------------
       35189


[INFO DRT-0195] Start 2nd optimization iteration.
    Completing 10% with 200 violations.
    elapsed time = 00:00:02, memory = 1050.67 (MB).
    Completing 20% with 200 violations.
    elapsed time = 00:00:06, memory = 1050.67 (MB).
    Completing 30% with 191 violations.
    elapsed time = 00:00:08, memory = 1050.67 (MB).
    Completing 40% with 191 violations.
    elapsed time = 00:00:12, memory = 1050.67 (MB).
    Completing 50% with 191 violations.
    elapsed time = 00:00:15, memory = 1050.67 (MB).
    Completing 60% with 178 violations.
    elapsed time = 00:00:18, memory = 1079.85 (MB).
    Completing 70% with 178 violations.
    elapsed time = 00:00:20, memory = 1079.85 (MB).
    Completing 80% with 171 violations.
    elapsed time = 00:00:22, memory = 1050.68 (MB).
    Completing 90% with 171 violations.
    elapsed time = 00:00:26, memory = 1051.29 (MB).
    Completing 100% with 153 violations.
    elapsed time = 00:00:29, memory = 1051.29 (MB).
[INFO DRT-0199]   Number of violations = 153.
Viol/Layer      metal2 metal3
Metal Spacing       26      1
Short              123      3
[INFO DRT-0267] cpu time = 00:01:27, elapsed time = 00:00:29, memory = 1054.29 (MB), peak = 1079.52 (MB)
Total wire length = 84476 um.
Total wire length on LAYER metal1 = 0 um.
Total wire length on LAYER metal2 = 29918 um.
Total wire length on LAYER metal3 = 34448 um.
Total wire length on LAYER metal4 = 11586 um.
Total wire length on LAYER metal5 = 5633 um.
Total wire length on LAYER metal6 = 2637 um.
Total wire length on LAYER metal7 = 253 um.
Total wire length on LAYER metal8 = 0 um.
Total wire length on LAYER metal9 = 0 um.
Total wire length on LAYER metal10 = 0 um.
Total number of vias = 35190.
Up-via summary (total 35190):

----------------
 active        0
 metal1    15640
 metal2    16491
 metal3     1930
 metal4      831
 metal5      290
 metal6        8
 metal7        0
 metal8        0
 metal9        0
----------------
       35190


[INFO DRT-0195] Start 3rd optimization iteration.
    Completing 10% with 153 violations.
    elapsed time = 00:00:00, memory = 1054.29 (MB).
    Completing 20% with 153 violations.
    elapsed time = 00:00:01, memory = 1054.29 (MB).
    Completing 30% with 136 violations.
    elapsed time = 00:00:02, memory = 1054.29 (MB).
    Completing 40% with 136 violations.
    elapsed time = 00:00:04, memory = 1054.29 (MB).
    Completing 50% with 136 violations.
    elapsed time = 00:00:06, memory = 1054.29 (MB).
    Completing 60% with 100 violations.
    elapsed time = 00:00:07, memory = 1054.29 (MB).
    Completing 70% with 100 violations.
    elapsed time = 00:00:09, memory = 1054.29 (MB).
    Completing 80% with 53 violations.
    elapsed time = 00:00:11, memory = 1054.29 (MB).
    Completing 90% with 53 violations.
    elapsed time = 00:00:12, memory = 1054.29 (MB).
    Completing 100% with 0 violations.
    elapsed time = 00:00:14, memory = 1054.29 (MB).
[INFO DRT-0199]   Number of violations = 0.
[INFO DRT-0267] cpu time = 00:00:38, elapsed time = 00:00:15, memory = 1054.29 (MB), peak = 1079.52 (MB)
Total wire length = 84453 um.
Total wire length on LAYER metal1 = 0 um.
Total wire length on LAYER metal2 = 29708 um.
Total wire length on LAYER metal3 = 34493 um.
Total wire length on LAYER metal4 = 11733 um.
Total wire length on LAYER metal5 = 5628 um.
Total wire length on LAYER metal6 = 2637 um.
Total wire length on LAYER metal7 = 253 um.
Total wire length on LAYER metal8 = 0 um.
Total wire length on LAYER metal9 = 0 um.
Total wire length on LAYER metal10 = 0 um.
Total number of vias = 35333.
Up-via summary (total 35333):

----------------
 active        0
 metal1    15640
 metal2    16570
 metal3     1994
 metal4      831
 metal5      290
 metal6        8
 metal7        0
 metal8        0
 metal9        0
----------------
       35333


[INFO DRT-0198] Complete detail routing.
Total wire length = 84453 um.
Total wire length on LAYER metal1 = 0 um.
Total wire length on LAYER metal2 = 29708 um.
Total wire length on LAYER metal3 = 34493 um.
Total wire length on LAYER metal4 = 11733 um.
Total wire length on LAYER metal5 = 5628 um.
Total wire length on LAYER metal6 = 2637 um.
Total wire length on LAYER metal7 = 253 um.
Total wire length on LAYER metal8 = 0 um.
Total wire length on LAYER metal9 = 0 um.
Total wire length on LAYER metal10 = 0 um.
Total number of vias = 35333.
Up-via summary (total 35333):

----------------
 active        0
 metal1    15640
 metal2    16570
 metal3     1994
 metal4      831
 metal5      290
 metal6        8
 metal7        0
 metal8        0
 metal9        0
----------------
       35333


[INFO DRT-0267] cpu time = 00:05:31, elapsed time = 00:02:18, memory = 1054.41 (MB), peak = 1079.52 (MB)

[INFO DRT-0180] Post processing.
Took 169 seconds: detailed_route -output_drc /mnt/c/Users/Abhinav/OneDrive/Desktop/PACT/PACT/results/phase2c_repair_multiseed/raw/orfs/reports/nangate45/s15850/phase2c_s13_ad0eb1d73411/5_route_drc.rpt -output_maze /mnt/c/Users/Abhinav/OneDrive/Desktop/PACT/PACT/results/phase2c_repair_multiseed/raw/orfs/results/nangate45/s15850/phase2c_s13_ad0eb1d73411/maze.log -droute_end_iter 64 -verbose 1 -drc_report_iter_step 5
[WARNING GRT-0246] No diode with LEF class CORE ANTENNACELL found.
[INFO ANT-0002] Found 0 net violations.
[INFO ANT-0001] Found 0 pin violations.
[INFO ANT-0002] Found 0 net violations.
[INFO ANT-0001] Found 0 pin violations.
Design area 7619 um^2 36% utilization.
write_db /mnt/c/Users/Abhinav/OneDrive/Desktop/PACT/PACT/results/phase2c_repair_multiseed/raw/orfs/results/nangate45/s15850/phase2c_s13_ad0eb1d73411/5_2_route.odb
Elapsed time: 2:58.43[h:]min:sec. CPU time: user 393.75 sys 3.54 (222%). Peak memory: 1105432KB.
Log                       Ext     Elapsed/s Peak Memory/MB sha1sum result [0:20)
5_2_route                 .odb          178           1079 9ad5c6817a4925c4fe84
