OpenROAD 26Q2-1164-g08f67ee5ec 
Features included (+) or not (-): +GPU +GUI +Python
This program is licensed under the BSD-3 license. See the LICENSE file for details.
Components of this program may be licensed under more restrictive licenses which must be honored.
[INFO ORD-0030] Using 4 thread(s).
read_liberty /root/pact-deps/OpenROAD-flow-scripts/flow/platforms/nangate45/lib/NangateOpenCellLibrary_typical.lib
read_db /mnt/c/Users/Abhinav/OneDrive/Desktop/PACT/PACT/results/phase2c_repair_multiseed/raw/orfs/results/nangate45/s9234f/phase2c_s17_4209638f5720/5_1_grt.odb
read_sdc /mnt/c/Users/Abhinav/OneDrive/Desktop/PACT/PACT/results/phase2c_repair_multiseed/raw/orfs/results/nangate45/s9234f/phase2c_s17_4209638f5720/5_1_grt.sdc
source /root/pact-deps/OpenROAD-flow-scripts/flow/platforms/nangate45/setRC.tcl
detailed_route -output_drc /mnt/c/Users/Abhinav/OneDrive/Desktop/PACT/PACT/results/phase2c_repair_multiseed/raw/orfs/reports/nangate45/s9234f/phase2c_s17_4209638f5720/5_route_drc.rpt -output_maze /mnt/c/Users/Abhinav/OneDrive/Desktop/PACT/PACT/results/phase2c_repair_multiseed/raw/orfs/results/nangate45/s9234f/phase2c_s17_4209638f5720/maze.log -droute_end_iter 64 -verbose 1 -drc_report_iter_step 5
[INFO DRT-0149] Reading tech and libs.

Units:                2000
Number of layers:     21
Number of macros:     135
Number of vias:       33
Number of viarulegen: 19

[INFO DRT-0150] Reading design.

Design:                   s9234f
Die area:                 ( 0 0 ) ( 206880 206880 )
Number of track patterns: 20
Number of DEF vias:       0
Number of components:     2807
Number of terminals:      83
Number of snets:          2
Number of nets:           2673

[INFO DRT-0167] List of default vias:
  Layer via2
    default via: via2_5
  Layer via3
    default via: via3_2
  Layer via4
    default via: via4_0
  Layer via5
    default via: via5_0
  Layer via6
    default via: via6_0
  Layer via7
    default via: via7_0
  Layer via8
    default via: via8_0
  Layer via9
    default via: via9_0
[INFO DRT-0162] Library cell analysis.
[INFO DRT-0163] Instance analysis.
[INFO DRT-0164] Number of unique instances = 49.
[INFO DRT-0168] Init region query.
[INFO DRT-0024]   Complete active.
[INFO DRT-0024]   Complete Fr_VIA.
[INFO DRT-0024]   Complete metal1.
[INFO DRT-0024]   Complete via1.
[INFO DRT-0024]   Complete metal2.
[INFO DRT-0024]   Complete via2.
[INFO DRT-0024]   Complete metal3.
[INFO DRT-0024]   Complete via3.
[INFO DRT-0024]   Complete metal4.
[INFO DRT-0024]   Complete via4.
[INFO DRT-0024]   Complete metal5.
[INFO DRT-0024]   Complete via5.
[INFO DRT-0024]   Complete metal6.
[INFO DRT-0024]   Complete via6.
[INFO DRT-0024]   Complete metal7.
[INFO DRT-0024]   Complete via7.
[INFO DRT-0024]   Complete metal8.
[INFO DRT-0024]   Complete via8.
[INFO DRT-0024]   Complete metal9.
[INFO DRT-0024]   Complete via9.
[INFO DRT-0024]   Complete metal10.
[INFO DRT-0033] active shape region query size = 0.
[INFO DRT-0033] FR_VIA shape region query size = 0.
[INFO DRT-0033] metal1 shape region query size = 42671.
[INFO DRT-0033] via1 shape region query size = 438.
[INFO DRT-0033] metal2 shape region query size = 292.
[INFO DRT-0033] via2 shape region query size = 438.
[INFO DRT-0033] metal3 shape region query size = 292.
[INFO DRT-0033] via3 shape region query size = 438.
[INFO DRT-0033] metal4 shape region query size = 164.
[INFO DRT-0033] via4 shape region query size = 140.
[INFO DRT-0033] metal5 shape region query size = 64.
[INFO DRT-0033] via5 shape region query size = 140.
[INFO DRT-0033] metal6 shape region query size = 73.
[INFO DRT-0033] via6 shape region query size = 56.
[INFO DRT-0033] metal7 shape region query size = 28.
[INFO DRT-0033] via7 shape region query size = 0.
[INFO DRT-0033] metal8 shape region query size = 0.
[INFO DRT-0033] via8 shape region query size = 0.
[INFO DRT-0033] metal9 shape region query size = 0.
[INFO DRT-0033] via9 shape region query size = 0.
[INFO DRT-0033] metal10 shape region query size = 0.
[INFO DRT-0165] Start pin access.
[INFO DRT-0078]   Complete 249 pins.
[INFO DRT-0081]   Complete 49 unique inst patterns.
[INFO DRT-0084]   Complete 1505 groups.
#scanned instances     = 2807
#unique  instances     = 49
#stdCellGenAp          = 1067
#stdCellValidPlanarAp  = 0
#stdCellValidViaAp     = 854
#stdCellPinNoAp        = 0
#stdCellPinCnt         = 8138
#instTermValidViaApCnt = 0
#macroGenAp            = 0
#macroValidPlanarAp    = 0
#macroValidViaAp       = 0
#macroNoAp             = 0
[INFO DRT-0166] Complete pin access.
[INFO DRT-0267] cpu time = 00:00:31, elapsed time = 00:00:12, memory = 266.70 (MB), peak = 266.48 (MB)

[INFO DRT-0157] Number of guides:     22366

[INFO DRT-0169] Post process guides.
[INFO DRT-0176] GCELLGRID X 0 DO 36 STEP 5700 ;
[INFO DRT-0177] GCELLGRID Y 0 DO 36 STEP 5700 ;
[INFO DRT-0028]   Complete active.
[INFO DRT-0028]   Complete Fr_VIA.
[INFO DRT-0028]   Complete metal1.
[INFO DRT-0028]   Complete via1.
[INFO DRT-0028]   Complete metal2.
[INFO DRT-0028]   Complete via2.
[INFO DRT-0028]   Complete metal3.
[INFO DRT-0028]   Complete via3.
[INFO DRT-0028]   Complete metal4.
[INFO DRT-0028]   Complete via4.
[INFO DRT-0028]   Complete metal5.
[INFO DRT-0028]   Complete via5.
[INFO DRT-0028]   Complete metal6.
[INFO DRT-0028]   Complete via6.
[INFO DRT-0028]   Complete metal7.
[INFO DRT-0028]   Complete via7.
[INFO DRT-0028]   Complete metal8.
[INFO DRT-0028]   Complete via8.
[INFO DRT-0028]   Complete metal9.
[INFO DRT-0028]   Complete via9.
[INFO DRT-0028]   Complete metal10.
[INFO DRT-0178] Init guide query.
[INFO DRT-0035]   Complete active (guide).
[INFO DRT-0035]   Complete Fr_VIA (guide).
[INFO DRT-0035]   Complete metal1 (guide).
[INFO DRT-0035]   Complete via1 (guide).
[INFO DRT-0035]   Complete metal2 (guide).
[INFO DRT-0035]   Complete via2 (guide).
[INFO DRT-0035]   Complete metal3 (guide).
[INFO DRT-0035]   Complete via3 (guide).
[INFO DRT-0035]   Complete metal4 (guide).
[INFO DRT-0035]   Complete via4 (guide).
[INFO DRT-0035]   Complete metal5 (guide).
[INFO DRT-0035]   Complete via5 (guide).
[INFO DRT-0035]   Complete metal6 (guide).
[INFO DRT-0035]   Complete via6 (guide).
[INFO DRT-0035]   Complete metal7 (guide).
[INFO DRT-0035]   Complete via7 (guide).
[INFO DRT-0035]   Complete metal8 (guide).
[INFO DRT-0035]   Complete via8 (guide).
[INFO DRT-0035]   Complete metal9 (guide).
[INFO DRT-0035]   Complete via9 (guide).
[INFO DRT-0035]   Complete metal10 (guide).
[INFO DRT-0036] active guide region query size = 0.
[INFO DRT-0036] FR_VIA guide region query size = 0.
[INFO DRT-0036] metal1 guide region query size = 7159.
[INFO DRT-0036] via1 guide region query size = 0.
[INFO DRT-0036] metal2 guide region query size = 6565.
[INFO DRT-0036] via2 guide region query size = 0.
[INFO DRT-0036] metal3 guide region query size = 3799.
[INFO DRT-0036] via3 guide region query size = 0.
[INFO DRT-0036] metal4 guide region query size = 706.
[INFO DRT-0036] via4 guide region query size = 0.
[INFO DRT-0036] metal5 guide region query size = 282.
[INFO DRT-0036] via5 guide region query size = 0.
[INFO DRT-0036] metal6 guide region query size = 71.
[INFO DRT-0036] via6 guide region query size = 0.
[INFO DRT-0036] metal7 guide region query size = 0.
[INFO DRT-0036] via7 guide region query size = 0.
[INFO DRT-0036] metal8 guide region query size = 0.
[INFO DRT-0036] via8 guide region query size = 0.
[INFO DRT-0036] metal9 guide region query size = 0.
[INFO DRT-0036] via9 guide region query size = 0.
[INFO DRT-0036] metal10 guide region query size = 0.
[INFO DRT-0179] Init gr pin query.
[INFO DRT-0267] cpu time = 00:00:00, elapsed time = 00:00:00, memory = 274.91 (MB), peak = 274.60 (MB)
[INFO DRT-0245] skipped writing guide updates to database.
[INFO DRT-0181] Start track assignment.
[INFO DRT-0184] Done with 7342 vertical wires in 1 frboxes and 11240 horizontal wires in 1 frboxes.
[INFO DRT-0186] Done with 2236 vertical wires in 1 frboxes and 2806 horizontal wires in 1 frboxes.
[INFO DRT-0182] Complete track assignment.
[INFO DRT-0267] cpu time = 00:00:02, elapsed time = 00:00:02, memory = 327.63 (MB), peak = 327.31 (MB)
[INFO DRT-0187] Start routing data preparation.
[INFO DRT-0267] cpu time = 00:00:00, elapsed time = 00:00:00, memory = 327.69 (MB), peak = 327.31 (MB)
[INFO DRT-0194] Start detail routing.
[INFO DRT-0195] Start 0th optimization iteration.
    Completing 10% with 0 violations.
    elapsed time = 00:00:01, memory = 369.80 (MB).
    Completing 20% with 0 violations.
    elapsed time = 00:00:06, memory = 380.57 (MB).
    Completing 30% with 102 violations.
    elapsed time = 00:00:07, memory = 415.66 (MB).
    Completing 40% with 102 violations.
    elapsed time = 00:00:10, memory = 433.09 (MB).
    Completing 50% with 102 violations.
    elapsed time = 00:00:14, memory = 396.02 (MB).
    Completing 60% with 193 violations.
    elapsed time = 00:00:15, memory = 419.51 (MB).
    Completing 70% with 193 violations.
    elapsed time = 00:00:20, memory = 430.89 (MB).
    Completing 80% with 283 violations.
    elapsed time = 00:00:23, memory = 489.09 (MB).
    Completing 90% with 283 violations.
    elapsed time = 00:00:23, memory = 489.17 (MB).
    Completing 100% with 368 violations.
    elapsed time = 00:00:28, memory = 463.85 (MB).
[INFO DRT-0199]   Number of violations = 525.
Viol/Layer      metal1 metal2   via2 metal3   via3 metal4   via4
Cut Spacing          0      0      0      0      0      0      3
Metal Spacing        0     24      0      5      0      0      0
Recheck              3    107      0     45      0      2      0
Short                0    291      2     41      1      1      0
[INFO DRT-0267] cpu time = 00:00:58, elapsed time = 00:00:30, memory = 968.65 (MB), peak = 968.42 (MB)
Total wire length = 39068 um.
Total wire length on LAYER metal1 = 0 um.
Total wire length on LAYER metal2 = 14668 um.
Total wire length on LAYER metal3 = 17003 um.
Total wire length on LAYER metal4 = 4592 um.
Total wire length on LAYER metal5 = 2259 um.
Total wire length on LAYER metal6 = 544 um.
Total wire length on LAYER metal7 = 0 um.
Total wire length on LAYER metal8 = 0 um.
Total wire length on LAYER metal9 = 0 um.
Total wire length on LAYER metal10 = 0 um.
Total number of vias = 18542.
Up-via summary (total 18542):

----------------
 active        0
 metal1     8183
 metal2     8926
 metal3      961
 metal4      378
 metal5       94
 metal6        0
 metal7        0
 metal8        0
 metal9        0
----------------
       18542


[INFO DRT-0195] Start 1st optimization iteration.
    Completing 10% with 525 violations.
    elapsed time = 00:00:00, memory = 990.79 (MB).
    Completing 20% with 525 violations.
    elapsed time = 00:00:05, memory = 990.79 (MB).
    Completing 30% with 464 violations.
    elapsed time = 00:00:06, memory = 992.84 (MB).
    Completing 40% with 464 violations.
    elapsed time = 00:00:09, memory = 992.84 (MB).
    Completing 50% with 464 violations.
    elapsed time = 00:00:13, memory = 992.84 (MB).
    Completing 60% with 332 violations.
    elapsed time = 00:00:14, memory = 992.84 (MB).
    Completing 70% with 332 violations.
    elapsed time = 00:00:18, memory = 992.84 (MB).
    Completing 80% with 259 violations.
    elapsed time = 00:00:23, memory = 993.47 (MB).
    Completing 90% with 259 violations.
    elapsed time = 00:00:24, memory = 993.47 (MB).
    Completing 100% with 171 violations.
    elapsed time = 00:00:27, memory = 993.47 (MB).
[INFO DRT-0199]   Number of violations = 171.
Viol/Layer      metal2 metal3
Metal Spacing       18      3
Short              139     11
[INFO DRT-0267] cpu time = 00:00:57, elapsed time = 00:00:28, memory = 996.47 (MB), peak = 996.17 (MB)
Total wire length = 38699 um.
Total wire length on LAYER metal1 = 0 um.
Total wire length on LAYER metal2 = 14528 um.
Total wire length on LAYER metal3 = 16838 um.
Total wire length on LAYER metal4 = 4591 um.
Total wire length on LAYER metal5 = 2200 um.
Total wire length on LAYER metal6 = 540 um.
Total wire length on LAYER metal7 = 0 um.
Total wire length on LAYER metal8 = 0 um.
Total wire length on LAYER metal9 = 0 um.
Total wire length on LAYER metal10 = 0 um.
Total number of vias = 18298.
Up-via summary (total 18298):

----------------
 active        0
 metal1     8183
 metal2     8702
 metal3      955
 metal4      366
 metal5       92
 metal6        0
 metal7        0
 metal8        0
 metal9        0
----------------
       18298


[INFO DRT-0195] Start 2nd optimization iteration.
    Completing 10% with 171 violations.
    elapsed time = 00:00:00, memory = 996.47 (MB).
    Completing 20% with 171 violations.
    elapsed time = 00:00:04, memory = 996.47 (MB).
    Completing 30% with 206 violations.
    elapsed time = 00:00:06, memory = 996.47 (MB).
    Completing 40% with 206 violations.
    elapsed time = 00:00:09, memory = 997.84 (MB).
    Completing 50% with 206 violations.
    elapsed time = 00:00:11, memory = 1000.32 (MB).
    Completing 60% with 219 violations.
    elapsed time = 00:00:12, memory = 1000.32 (MB).
    Completing 70% with 219 violations.
    elapsed time = 00:00:14, memory = 1000.32 (MB).
    Completing 80% with 226 violations.
    elapsed time = 00:00:17, memory = 1000.32 (MB).
    Completing 90% with 226 violations.
    elapsed time = 00:00:21, memory = 1001.37 (MB).
    Completing 100% with 221 violations.
    elapsed time = 00:00:23, memory = 1002.48 (MB).
[INFO DRT-0199]   Number of violations = 221.
Viol/Layer      metal2 metal3 metal4
Metal Spacing       27      4      6
Short              161     19      4
[INFO DRT-0267] cpu time = 00:00:48, elapsed time = 00:00:24, memory = 1002.48 (MB), peak = 1002.05 (MB)
Total wire length = 38655 um.
Total wire length on LAYER metal1 = 0 um.
Total wire length on LAYER metal2 = 14448 um.
Total wire length on LAYER metal3 = 16837 um.
Total wire length on LAYER metal4 = 4621 um.
Total wire length on LAYER metal5 = 2205 um.
Total wire length on LAYER metal6 = 542 um.
Total wire length on LAYER metal7 = 0 um.
Total wire length on LAYER metal8 = 0 um.
Total wire length on LAYER metal9 = 0 um.
Total wire length on LAYER metal10 = 0 um.
Total number of vias = 18203.
Up-via summary (total 18203):

----------------
 active        0
 metal1     8187
 metal2     8614
 metal3      945
 metal4      366
 metal5       91
 metal6        0
 metal7        0
 metal8        0
 metal9        0
----------------
       18203


[INFO DRT-0195] Start 3rd optimization iteration.
    Completing 10% with 221 violations.
    elapsed time = 00:00:00, memory = 1002.48 (MB).
    Completing 20% with 221 violations.
    elapsed time = 00:00:02, memory = 1028.32 (MB).
    Completing 30% with 177 violations.
    elapsed time = 00:00:04, memory = 1002.48 (MB).
    Completing 40% with 177 violations.
    elapsed time = 00:00:05, memory = 1006.09 (MB).
    Completing 50% with 177 violations.
    elapsed time = 00:00:11, memory = 1011.91 (MB).
    Completing 60% with 114 violations.
    elapsed time = 00:00:11, memory = 1011.91 (MB).
    Completing 70% with 114 violations.
    elapsed time = 00:00:12, memory = 1014.18 (MB).
    Completing 80% with 56 violations.
    elapsed time = 00:00:13, memory = 1015.61 (MB).
    Completing 90% with 56 violations.
    elapsed time = 00:00:14, memory = 1041.83 (MB).
    Completing 100% with 8 violations.
    elapsed time = 00:00:15, memory = 1015.61 (MB).
[INFO DRT-0199]   Number of violations = 8.
Viol/Layer      metal2
Metal Spacing        1
Short                7
[INFO DRT-0267] cpu time = 00:00:30, elapsed time = 00:00:15, memory = 1015.61 (MB), peak = 1041.45 (MB)
Total wire length = 38632 um.
Total wire length on LAYER metal1 = 0 um.
Total wire length on LAYER metal2 = 14190 um.
Total wire length on LAYER metal3 = 16856 um.
Total wire length on LAYER metal4 = 4844 um.
Total wire length on LAYER metal5 = 2197 um.
Total wire length on LAYER metal6 = 542 um.
Total wire length on LAYER metal7 = 0 um.
Total wire length on LAYER metal8 = 0 um.
Total wire length on LAYER metal9 = 0 um.
Total wire length on LAYER metal10 = 0 um.
Total number of vias = 18342.
Up-via summary (total 18342):

----------------
 active        0
 metal1     8188
 metal2     8658
 metal3     1038
 metal4      367
 metal5       91
 metal6        0
 metal7        0
 metal8        0
 metal9        0
----------------
       18342


[INFO DRT-0195] Start 4th guides tiles iteration.
    Completing 20% with 8 violations.
    elapsed time = 00:00:00, memory = 1015.61 (MB).
    Completing 50% with 8 violations.
    elapsed time = 00:00:00, memory = 1015.61 (MB).
    Completing 70% with 0 violations.
    elapsed time = 00:00:00, memory = 1015.61 (MB).
    Completing 100% with 0 violations.
    elapsed time = 00:00:00, memory = 1015.61 (MB).
[INFO DRT-0199]   Number of violations = 0.
[INFO DRT-0267] cpu time = 00:00:00, elapsed time = 00:00:00, memory = 1015.61 (MB), peak = 1041.45 (MB)
Total wire length = 38630 um.
Total wire length on LAYER metal1 = 0 um.
Total wire length on LAYER metal2 = 14190 um.
Total wire length on LAYER metal3 = 16854 um.
Total wire length on LAYER metal4 = 4844 um.
Total wire length on LAYER metal5 = 2197 um.
Total wire length on LAYER metal6 = 542 um.
Total wire length on LAYER metal7 = 0 um.
Total wire length on LAYER metal8 = 0 um.
Total wire length on LAYER metal9 = 0 um.
Total wire length on LAYER metal10 = 0 um.
Total number of vias = 18343.
Up-via summary (total 18343):

----------------
 active        0
 metal1     8188
 metal2     8659
 metal3     1038
 metal4      367
 metal5       91
 metal6        0
 metal7        0
 metal8        0
 metal9        0
----------------
       18343


[INFO DRT-0198] Complete detail routing.
Total wire length = 38630 um.
Total wire length on LAYER metal1 = 0 um.
Total wire length on LAYER metal2 = 14190 um.
Total wire length on LAYER metal3 = 16854 um.
Total wire length on LAYER metal4 = 4844 um.
Total wire length on LAYER metal5 = 2197 um.
Total wire length on LAYER metal6 = 542 um.
Total wire length on LAYER metal7 = 0 um.
Total wire length on LAYER metal8 = 0 um.
Total wire length on LAYER metal9 = 0 um.
Total wire length on LAYER metal10 = 0 um.
Total number of vias = 18343.
Up-via summary (total 18343):

----------------
 active        0
 metal1     8188
 metal2     8659
 metal3     1038
 metal4      367
 metal5       91
 metal6        0
 metal7        0
 metal8        0
 metal9        0
----------------
       18343


[INFO DRT-0267] cpu time = 00:03:15, elapsed time = 00:01:39, memory = 1015.74 (MB), peak = 1041.45 (MB)

[INFO DRT-0180] Post processing.
Took 113 seconds: detailed_route -output_drc /mnt/c/Users/Abhinav/OneDrive/Desktop/PACT/PACT/results/phase2c_repair_multiseed/raw/orfs/reports/nangate45/s9234f/phase2c_s17_4209638f5720/5_route_drc.rpt -output_maze /mnt/c/Users/Abhinav/OneDrive/Desktop/PACT/PACT/results/phase2c_repair_multiseed/raw/orfs/results/nangate45/s9234f/phase2c_s17_4209638f5720/maze.log -droute_end_iter 64 -verbose 1 -drc_report_iter_step 5
[WARNING GRT-0246] No diode with LEF class CORE ANTENNACELL found.
[INFO ANT-0002] Found 0 net violations.
[INFO ANT-0001] Found 0 pin violations.
[INFO ANT-0002] Found 0 net violations.
[INFO ANT-0001] Found 0 pin violations.
Design area 3645 um^2 36% utilization.
write_db /mnt/c/Users/Abhinav/OneDrive/Desktop/PACT/PACT/results/phase2c_repair_multiseed/raw/orfs/results/nangate45/s9234f/phase2c_s17_4209638f5720/5_2_route.odb
Elapsed time: 1:58.49[h:]min:sec. CPU time: user 231.79 sys 2.19 (197%). Peak memory: 1066440KB.
Log                       Ext     Elapsed/s Peak Memory/MB sha1sum result [0:20)
5_2_route                 .odb          118           1041 4a2b7e11433397fac88e
