OpenROAD 26Q2-1164-g08f67ee5ec 
Features included (+) or not (-): +GPU +GUI +Python
This program is licensed under the BSD-3 license. See the LICENSE file for details.
Components of this program may be licensed under more restrictive licenses which must be honored.
[INFO ORD-0030] Using 4 thread(s).
mkdir -p ./objects/nangate45/s5378/phase0c_s11_k4_T_e69bd87b_7f655d61
/root/pact-deps/OpenROAD-flow-scripts/flow/scripts/flow.sh 4_1_cts cts
Running cts.tcl, stage 4_1_cts
read_liberty /root/pact-deps/OpenROAD-flow-scripts/flow/platforms/nangate45/lib/NangateOpenCellLibrary_typical.lib
read_db ./results/nangate45/s5378/phase0c_s11_k4_T_e69bd87b_7f655d61/3_place.odb
read_sdc ./results/nangate45/s5378/phase0c_s11_k4_T_e69bd87b_7f655d61/3_place.sdc
source /root/pact-deps/OpenROAD-flow-scripts/flow/platforms/nangate45/setRC.tcl
clock_tree_synthesis -sink_clustering_enable -repair_clock_nets
[INFO CTS-0050] Root buffer is CLKBUF_X3.
[INFO CTS-0051] Sink buffer is CLKBUF_X3.
[INFO CTS-0052] The following clock buffers will be used for CTS:
                    CLKBUF_X3
[INFO CTS-0049] Characterization buffer is CLKBUF_X3.
[INFO CTS-0007] Net "CK" found for clock "clk".
[INFO CTS-0010]  Clock net "CK" has 179 sinks.
[INFO CTS-0008] TritonCTS found 1 clock nets.
[INFO CTS-0097] Characterization used 1 buffer(s) types.
[INFO CTS-0201] 0 blockages from hard placement blockages and placed macros will be used.
[INFO CTS-0027] Generating H-Tree topology for net CK.
[INFO CTS-0028]  Total number of sinks: 179.
[INFO CTS-0090]  Sinks will be clustered based on buffer max cap.
[INFO CTS-0030]  Number of static layers: 0.
[INFO CTS-0020]  Wire segment unit: 14000  dbu (7 um).
[INFO CTS-0023]  Original sink region: [(6905, 15000), (161945, 158600)].
[INFO CTS-0024]  Normalized sink region: [(0.493214, 1.07143), (11.5675, 11.3286)].
[INFO CTS-0025]     Width:  11.0743.
[INFO CTS-0026]     Height: 10.2571.
 Level 1
    Direction: Horizontal
    Sinks per sub-region: 90
    Sub-region size: 5.5371 X 10.2571
[INFO CTS-0034]     Segment length (rounded): 2.
 Level 2
    Direction: Vertical
    Sinks per sub-region: 45
    Sub-region size: 5.5371 X 5.1286
[INFO CTS-0034]     Segment length (rounded): 2.
 Level 3
    Direction: Horizontal
    Sinks per sub-region: 23
    Sub-region size: 2.7686 X 5.1286
[INFO CTS-0034]     Segment length (rounded): 1.
 Level 4
    Direction: Vertical
    Sinks per sub-region: 12
    Sub-region size: 2.7686 X 2.5643
[INFO CTS-0034]     Segment length (rounded): 1.
[INFO CTS-0032]  Stop criterion found. Max number of sinks is 15.
[INFO CTS-0035]  Number of sinks covered: 179.
[INFO CTS-0018]     Created 17 clock buffers.
[INFO CTS-0012]     Minimum number of buffers in the clock path: 2.
[INFO CTS-0013]     Maximum number of buffers in the clock path: 2.
[INFO CTS-0015]     Created 17 clock nets.
[INFO CTS-0016]     Fanout distribution for the current clock = 7:3, 8:1, 9:2, 10:2, 11:2, 12:1, 13:2, 15:1, 16:1, 21:1..
[INFO CTS-0017]     Max level of the clock tree: 4.
[INFO CTS-0098] Clock net "CK"
[INFO CTS-0099]  Sinks 194
[INFO CTS-0100]  Leaf buffers 0
[INFO CTS-0101]  Average sink wire length 117.95 um
[INFO CTS-0102]  Path depth 2 - 2
[INFO CTS-0207]  Dummy loads inserted 15
estimate_parasitics -placement
detailed_placement
[INFO DPL-0006] Core area: 6921.05 um^2, Instances area: 2566.37 um^2, Utilization: 37.1%
[INFO DPL-0005] Diamond search max displacement: +/- 500 sites horizontally, +/- 100 rows vertically.
[INFO DPL-1101] Legalizing using diamond search.
Movements Summary
---------------------------------------
Total cells:                    1927
Diamond Move Success:           1927 (100.00%)
Diamond Move Failure:              0
Rip-up and replace Success:        0 (  0.00% of diamond failures)
Rip-up and replace Failure:        0
Total Placement Failures:          0
---------------------------------------
Placement Analysis
---------------------------------
total displacement         59.5 u
average displacement        0.0 u
max displacement            3.3 u
original HPWL           23819.2 u
legalized HPWL          23832.3 u
delta HPWL                    0 %

estimate_parasitics -placement
repair_timing -setup_margin 0 -hold_margin 0 -repair_tns 100 -verbose
[INFO RSZ-0100] Repair move sequence: UnbufferMove SizeUpMove SwapPinsMove BufferMove CloneMove SplitLoadMove 
[INFO RSZ-0098] No setup violations found
[INFO RSZ-0046] Found 91 endpoints with hold violations.
Iteration | Resized | Buffers | Cloned Gates |   Area   |   WNS   |   TNS   | Endpoint
--------------------------------------------------------------------------------------
        0 |       0 |       0 |            0 |    +0.0% |  -0.075 |  -2.364 | U_n160gat/D
       10 |       0 |      16 |            0 |    +0.5% |  -0.063 |  -1.554 | U_n626gat/D
       20 |       0 |      26 |            0 |    +0.8% |  -0.059 |  -0.930 | U_n491gat/D
       30 |       0 |      33 |            0 |    +1.0% |  -0.024 |  -0.612 | U_n816gat/D
       40 |       0 |      41 |            0 |    +1.3% |  -0.012 |  -0.274 | U_n618gat/SE
       50 |       0 |      42 |            0 |    +1.3% |  -0.003 |  -0.003 | U_n1740gat/SI
       60 |       0 |      42 |            0 |    +1.3% |  -0.003 |  -0.003 | U_n1740gat/SI
       70 |       0 |      42 |            0 |    +1.3% |  -0.003 |  -0.003 | U_n1740gat/SI
       80 |       0 |      42 |            0 |    +1.3% |  -0.003 |  -0.003 | U_n1740gat/SI
       90 |       0 |      42 |            0 |    +1.3% |  -0.003 |  -0.003 | U_n1740gat/SI
    final |       0 |      43 |            0 |    +1.3% |   0.004 |   0.000 | U_n2588gat/D
--------------------------------------------------------------------------------------
[INFO RSZ-0032] Inserted 43 hold buffers.
detailed_placement
[INFO DPL-0006] Core area: 6921.05 um^2, Instances area: 2600.68 um^2, Utilization: 37.6%
[INFO DPL-0005] Diamond search max displacement: +/- 500 sites horizontally, +/- 100 rows vertically.
[INFO DPL-1101] Legalizing using diamond search.
Movements Summary
---------------------------------------
Total cells:                    1970
Diamond Move Success:           1970 (100.00%)
Diamond Move Failure:              0
Rip-up and replace Success:        0 (  0.00% of diamond failures)
Rip-up and replace Failure:        0
Total Placement Failures:          0
---------------------------------------
Placement Analysis
---------------------------------
total displacement         47.2 u
average displacement        0.0 u
max displacement            2.4 u
original HPWL           24091.5 u
legalized HPWL          24116.2 u
delta HPWL                    0 %

estimate_parasitics -placement
Report metrics stage 4, cts final...

==========================================================================
cts final report_design_area
--------------------------------------------------------------------------
Design area 2601 um^2 38% utilization.
write_db ./results/nangate45/s5378/phase0c_s11_k4_T_e69bd87b_7f655d61/4_1_cts.odb
write_sdc -no_timestamp ./results/nangate45/s5378/phase0c_s11_k4_T_e69bd87b_7f655d61/4_cts.sdc
Log                       Ext     Elapsed/s Peak Memory/MB sha1sum result [0:20)
4_1_cts                   .odb            3            148 a0f192bef08ea6dc7548
cp ./results/nangate45/s5378/phase0c_s11_k4_T_e69bd87b_7f655d61/4_1_cts.odb ./results/nangate45/s5378/phase0c_s11_k4_T_e69bd87b_7f655d61/4_cts.odb
/root/pact-deps/OpenROAD-flow-scripts/flow/scripts/flow.sh 5_1_grt global_route
Running global_route.tcl, stage 5_1_grt
read_liberty /root/pact-deps/OpenROAD-flow-scripts/flow/platforms/nangate45/lib/NangateOpenCellLibrary_typical.lib
read_db ./results/nangate45/s5378/phase0c_s11_k4_T_e69bd87b_7f655d61/4_cts.odb
read_sdc ./results/nangate45/s5378/phase0c_s11_k4_T_e69bd87b_7f655d61/4_cts.sdc
source /root/pact-deps/OpenROAD-flow-scripts/flow/platforms/nangate45/setRC.tcl
pin_access
[INFO DRT-0149] Reading tech and libs.

Units:                2000
Number of layers:     21
Number of macros:     135
Number of vias:       33
Number of viarulegen: 19

[INFO DRT-0150] Reading design.

Design:                   s5378
Die area:                 ( 0 0 ) ( 171970 171970 )
Number of track patterns: 20
Number of DEF vias:       0
Number of components:     2088
Number of terminals:      96
Number of snets:          2
Number of nets:           1996

[INFO DRT-0167] List of default vias:
  Layer via2
    default via: via2_5
  Layer via3
    default via: via3_2
  Layer via4
    default via: via4_0
  Layer via5
    default via: via5_0
  Layer via6
    default via: via6_0
  Layer via7
    default via: via7_0
  Layer via8
    default via: via8_0
  Layer via9
    default via: via9_0
[INFO DRT-0162] Library cell analysis.
[INFO DRT-0163] Instance analysis.
[INFO DRT-0164] Number of unique instances = 32.
[INFO DRT-0168] Init region query.
[INFO DRT-0024]   Complete active.
[INFO DRT-0024]   Complete Fr_VIA.
[INFO DRT-0024]   Complete metal1.
[INFO DRT-0024]   Complete via1.
[INFO DRT-0024]   Complete metal2.
[INFO DRT-0024]   Complete via2.
[INFO DRT-0024]   Complete metal3.
[INFO DRT-0024]   Complete via3.
[INFO DRT-0024]   Complete metal4.
[INFO DRT-0024]   Complete via4.
[INFO DRT-0024]   Complete metal5.
[INFO DRT-0024]   Complete via5.
[INFO DRT-0024]   Complete metal6.
[INFO DRT-0024]   Complete via6.
[INFO DRT-0024]   Complete metal7.
[INFO DRT-0024]   Complete via7.
[INFO DRT-0024]   Complete metal8.
[INFO DRT-0024]   Complete via8.
[INFO DRT-0024]   Complete metal9.
[INFO DRT-0024]   Complete via9.
[INFO DRT-0024]   Complete metal10.
[INFO DRT-0033] active shape region query size = 0.
[INFO DRT-0033] FR_VIA shape region query size = 0.
[INFO DRT-0033] metal1 shape region query size = 29390.
[INFO DRT-0033] via1 shape region query size = 270.
[INFO DRT-0033] metal2 shape region query size = 180.
[INFO DRT-0033] via2 shape region query size = 270.
[INFO DRT-0033] metal3 shape region query size = 180.
[INFO DRT-0033] via3 shape region query size = 270.
[INFO DRT-0033] metal4 shape region query size = 102.
[INFO DRT-0033] via4 shape region query size = 90.
[INFO DRT-0033] metal5 shape region query size = 69.
[INFO DRT-0033] via5 shape region query size = 90.
[INFO DRT-0033] metal6 shape region query size = 61.
[INFO DRT-0033] via6 shape region query size = 36.
[INFO DRT-0033] metal7 shape region query size = 21.
[INFO DRT-0033] via7 shape region query size = 0.
[INFO DRT-0033] metal8 shape region query size = 0.
[INFO DRT-0033] via8 shape region query size = 0.
[INFO DRT-0033] metal9 shape region query size = 0.
[INFO DRT-0033] via9 shape region query size = 0.
[INFO DRT-0033] metal10 shape region query size = 0.
[INFO DRT-0165] Start pin access.
[INFO DRT-0078]   Complete 152 pins.
[INFO DRT-0081]   Complete 32 unique inst patterns.
[INFO DRT-0084]   Complete 1185 groups.
#scanned instances     = 2088
#unique  instances     = 32
#stdCellGenAp          = 621
#stdCellValidPlanarAp  = 0
#stdCellValidViaAp     = 496
#stdCellPinNoAp        = 0
#stdCellPinCnt         = 5895
#instTermValidViaApCnt = 0
#macroGenAp            = 0
#macroValidPlanarAp    = 0
#macroValidViaAp       = 0
#macroNoAp             = 0
[INFO DRT-0166] Complete pin access.
[INFO DRT-0267] cpu time = 00:00:13, elapsed time = 00:00:03, memory = 116.07 (MB), peak = 115.74 (MB)
set_global_routing_random -seed 11
global_route -congestion_report_file ./reports/nangate45/s5378/phase0c_s11_k4_T_e69bd87b_7f655d61/congestion.rpt -congestion_iterations 30 -congestion_report_iter_step 5 -verbose
[INFO GRT-0020] Min routing layer: metal2
[INFO GRT-0021] Max routing layer: metal10
[INFO GRT-0022] Global adjustment: 0%
[INFO GRT-0023] Grid origin: (0, 0)
[INFO GRT-0088] Layer metal1  Track-Pitch = 0.1400  line-2-Via Pitch: 0.1350
[INFO GRT-0088] Layer metal2  Track-Pitch = 0.1900  line-2-Via Pitch: 0.1400
[INFO GRT-0088] Layer metal3  Track-Pitch = 0.1400  line-2-Via Pitch: 0.1400
[INFO GRT-0088] Layer metal4  Track-Pitch = 0.2800  line-2-Via Pitch: 0.2800
[INFO GRT-0088] Layer metal5  Track-Pitch = 0.2800  line-2-Via Pitch: 0.2800
[INFO GRT-0088] Layer metal6  Track-Pitch = 0.2800  line-2-Via Pitch: 0.2800
[INFO GRT-0088] Layer metal7  Track-Pitch = 0.8000  line-2-Via Pitch: 0.8000
[INFO GRT-0088] Layer metal8  Track-Pitch = 0.8000  line-2-Via Pitch: 0.8000
[INFO GRT-0088] Layer metal9  Track-Pitch = 1.6000  line-2-Via Pitch: 1.6000
[INFO GRT-0088] Layer metal10 Track-Pitch = 1.6000  line-2-Via Pitch: 1.6000
[INFO GRT-0003] Macros: 0
[INFO GRT-0004] Blockages: 0
[INFO GRT-0019] Found 18 clock nets.
[INFO GRT-0001] Minimum degree: 2
[INFO GRT-0002] Maximum degree: 59

[INFO GRT-0053] Routing resources analysis:
          Routing      Original      Derated      Resource
Layer     Direction    Resources     Resources    Reduction (%)
---------------------------------------------------------------
metal1     Horizontal          0             0          0.00%
metal2     Vertical        12818          6032          52.94%
metal3     Horizontal      17709          8695          50.90%
metal4     Vertical         8700          6148          29.33%
metal5     Horizontal       8855          6255          29.36%
metal6     Vertical         8880          6276          29.32%
metal7     Horizontal       2726          1972          27.66%
metal8     Vertical         3103          2233          28.04%
metal9     Horizontal       1537           870          43.40%
metal10    Vertical         1537           870          43.40%
---------------------------------------------------------------

[INFO GRT-0197] Via related to pin nodes: 11529
[INFO GRT-0198] Via related Steiner nodes: 235
[INFO GRT-0199] Via filling finished.
[INFO GRT-0111] Final number of vias: 14958
[INFO GRT-0112] Final usage 3D: 54226

[INFO GRT-0096] Final congestion report:
Layer         Resource        Demand        Usage (%)    Max H / Max V / Total Overflow
---------------------------------------------------------------------------------------
metal1               0             0            0.00%             0 /  0 /  0
metal2            6032          3388           56.17%             0 /  0 /  0
metal3            8695          3951           45.44%             0 /  0 /  0
metal4            6148          1213           19.73%             0 /  0 /  0
metal5            6255           567            9.06%             0 /  0 /  0
metal6            6276           230            3.66%             0 /  0 /  0
metal7            1972             3            0.15%             0 /  0 /  0
metal8            2233             0            0.00%             0 /  0 /  0
metal9             870             0            0.00%             0 /  0 /  0
metal10            870             0            0.00%             0 /  0 /  0
---------------------------------------------------------------------------------------
Total            39351          9352           23.77%             0 /  0 /  0

[INFO GRT-0018] Total wirelength: 41074 um
[INFO GRT-0014] Routed nets: 1996
[INFO GRT-0303] Global routing runtime = 00:00:00
estimate_parasitics -global_routing
Perform buffer insertion and gate resizing...
repair_design -verbose
Iteration |   Area    | Resized | Buffers | Nets repaired | Remaining
---------------------------------------------------------------------
        0 |     +0.0% |       0 |       0 |             0 |      2190
       10 |     +0.0% |       0 |       0 |             0 |      2180
       20 |     +0.0% |       0 |       0 |             0 |      2170
       30 |     +0.0% |       0 |       0 |             0 |      2160
       40 |     +0.0% |       0 |       0 |             0 |      2150
       50 |     +0.0% |       0 |       0 |             0 |      2140
       60 |     +0.0% |       0 |       0 |             0 |      2130
       70 |     +0.0% |       0 |       0 |             0 |      2120
       80 |     +0.0% |       0 |       0 |             0 |      2110
       90 |     +0.0% |       0 |       0 |             0 |      2100
      100 |     +0.0% |       0 |       0 |             0 |      2090
      110 |     +0.0% |       0 |       0 |             0 |      2080
      120 |     +0.0% |       0 |       0 |             0 |      2070
      130 |     +0.0% |       0 |       0 |             0 |      2060
      140 |     +0.0% |       0 |       0 |             0 |      2050
      150 |     +0.0% |       0 |       0 |             0 |      2040
      160 |     +0.0% |       0 |       0 |             0 |      2030
      170 |     +0.0% |       0 |       0 |             0 |      2020
      180 |     +0.0% |       0 |       0 |             0 |      2010
      190 |     +0.0% |       0 |       0 |             0 |      2000
      200 |     +0.0% |       0 |       0 |             0 |      1990
      210 |     +0.0% |       0 |       0 |             0 |      1980
      220 |     +0.0% |       0 |       0 |             0 |      1970
      230 |     +0.0% |       0 |       0 |             0 |      1960
      240 |     +0.0% |       0 |       0 |             0 |      1950
      250 |     +0.0% |       0 |       0 |             0 |      1940
      260 |     +0.0% |       0 |       0 |             0 |      1930
      270 |     +0.0% |       0 |       0 |             0 |      1920
      280 |     +0.0% |       0 |       0 |             0 |      1910
      290 |     +0.0% |       0 |       0 |             0 |      1900
      300 |     +0.0% |       0 |       0 |             0 |      1890
      310 |     +0.0% |       0 |       0 |             0 |      1880
      320 |     +0.0% |       0 |       0 |             0 |      1870
      330 |     +0.0% |       0 |       0 |             0 |      1860
      340 |     +0.0% |       0 |       0 |             0 |      1850
      350 |     +0.0% |       0 |       0 |             0 |      1840
      360 |     +0.0% |       0 |       0 |             0 |      1830
      370 |     +0.0% |       0 |       0 |             0 |      1820
      380 |     +0.0% |       0 |       0 |             0 |      1810
      390 |     +0.0% |       0 |       0 |             0 |      1800
      400 |     +0.0% |       0 |       0 |             0 |      1790
      410 |     +0.0% |       0 |       0 |             0 |      1780
      420 |     +0.0% |       0 |       0 |             0 |      1770
      430 |     +0.0% |       0 |       0 |             0 |      1760
      440 |     +0.0% |       0 |       0 |             0 |      1750
      450 |     +0.0% |       0 |       0 |             0 |      1740
      460 |     +0.0% |       0 |       0 |             0 |      1730
      470 |     +0.0% |       0 |       0 |             0 |      1720
      480 |     +0.0% |       0 |       0 |             0 |      1710
      490 |     +0.0% |       0 |       0 |             0 |      1700
      500 |     +0.0% |       0 |       0 |             0 |      1690
      510 |     +0.0% |       0 |       0 |             0 |      1680
      520 |     +0.0% |       0 |       0 |             0 |      1670
      530 |     +0.0% |       0 |       0 |             0 |      1660
      540 |     +0.0% |       0 |       0 |             0 |      1650
      550 |     +0.0% |       0 |       0 |             0 |      1640
      560 |     +0.0% |       0 |       0 |             0 |      1630
      570 |     +0.0% |       0 |       0 |             0 |      1620
      580 |     +0.0% |       0 |       0 |             0 |      1610
      590 |     +0.0% |       0 |       0 |             0 |      1600
      600 |     +0.0% |       0 |       0 |             0 |      1590
      610 |     +0.0% |       0 |       0 |             0 |      1580
      620 |     +0.0% |       0 |       0 |             0 |      1570
      630 |     +0.0% |       0 |       0 |             0 |      1560
      640 |     +0.0% |       0 |       0 |             0 |      1550
      650 |     +0.0% |       0 |       0 |             0 |      1540
      660 |     +0.0% |       0 |       0 |             0 |      1530
      670 |     +0.0% |       0 |       0 |             0 |      1520
      680 |     +0.0% |       0 |       0 |             0 |      1510
      690 |     +0.0% |       0 |       0 |             0 |      1500
      700 |     +0.0% |       0 |       0 |             0 |      1490
      710 |     +0.0% |       0 |       0 |             0 |      1480
      720 |     +0.0% |       0 |       0 |             0 |      1470
      730 |     +0.0% |       0 |       0 |             0 |      1460
      740 |     +0.0% |       0 |       0 |             0 |      1450
      750 |     +0.0% |       0 |       0 |             0 |      1440
      760 |     +0.0% |       0 |       0 |             0 |      1430
      770 |     +0.0% |       0 |       0 |             0 |      1420
      780 |     +0.0% |       0 |       0 |             0 |      1410
      790 |     +0.0% |       0 |       0 |             0 |      1400
      800 |     +0.0% |       0 |       0 |             0 |      1390
      810 |     +0.0% |       0 |       0 |             0 |      1380
      820 |     +0.0% |       0 |       0 |             0 |      1370
      830 |     +0.0% |       0 |       0 |             0 |      1360
      840 |     +0.0% |       0 |       0 |             0 |      1350
      850 |     +0.0% |       0 |       0 |             0 |      1340
      860 |     +0.0% |       0 |       0 |             0 |      1330
      870 |     +0.0% |       0 |       0 |             0 |      1320
      880 |     +0.0% |       0 |       0 |             0 |      1310
      890 |     +0.0% |       0 |       0 |             0 |      1300
      900 |     +0.0% |       0 |       0 |             0 |      1290
      910 |     +0.0% |       0 |       0 |             0 |      1280
      920 |     +0.0% |       0 |       0 |             0 |      1270
      930 |     +0.0% |       0 |       0 |             0 |      1260
      940 |     +0.0% |       0 |       0 |             0 |      1250
      950 |     +0.0% |       0 |       0 |             0 |      1240
      960 |     +0.0% |       0 |       0 |             0 |      1230
      970 |     +0.0% |       0 |       0 |             0 |      1220
      980 |     +0.0% |       0 |       0 |             0 |      1210
      990 |     +0.0% |       0 |       0 |             0 |      1200
     1000 |     +0.0% |       0 |       0 |             0 |      1190
     1010 |     +0.0% |       0 |       0 |             0 |      1180
     1020 |     +0.0% |       0 |       0 |             0 |      1170
     1030 |     +0.0% |       0 |       0 |             0 |      1160
     1040 |     +0.0% |       0 |       0 |             0 |      1150
     1050 |     +0.0% |       0 |       0 |             0 |      1140
     1060 |     +0.0% |       0 |       0 |             0 |      1130
     1070 |     +0.0% |       0 |       0 |             0 |      1120
     1080 |     +0.0% |       0 |       0 |             0 |      1110
     1090 |     +0.0% |       0 |       0 |             0 |      1100
     1100 |     +0.0% |       0 |       0 |             0 |      1090
     1110 |     +0.0% |       0 |       0 |             0 |      1080
     1120 |     +0.0% |       0 |       0 |             0 |      1070
     1130 |     +0.0% |       0 |       0 |             0 |      1060
     1140 |     +0.0% |       0 |       0 |             0 |      1050
     1150 |     +0.0% |       0 |       0 |             0 |      1040
     1160 |     +0.0% |       0 |       0 |             0 |      1030
     1170 |     +0.0% |       0 |       0 |             0 |      1020
     1180 |     +0.0% |       0 |       0 |             0 |      1010
     1190 |     +0.0% |       0 |       0 |             0 |      1000
     1200 |     +0.0% |       0 |       0 |             0 |       990
     1210 |     +0.0% |       0 |       0 |             0 |       980
     1220 |     +0.0% |       0 |       0 |             0 |       970
     1230 |     +0.0% |       0 |       0 |             0 |       960
     1240 |     +0.0% |       0 |       0 |             0 |       950
     1250 |     +0.0% |       0 |       0 |             0 |       940
     1260 |     +0.0% |       0 |       0 |             0 |       930
     1270 |     +0.0% |       0 |       0 |             0 |       920
     1280 |     +0.0% |       0 |       0 |             0 |       910
     1290 |     +0.0% |       0 |       0 |             0 |       900
     1300 |     +0.0% |       0 |       0 |             0 |       890
     1310 |     +0.0% |       0 |       0 |             0 |       880
     1320 |     +0.0% |       0 |       0 |             0 |       870
     1330 |     +0.0% |       0 |       0 |             0 |       860
     1340 |     +0.0% |       0 |       0 |             0 |       850
     1350 |     +0.0% |       0 |       0 |             0 |       840
     1360 |     +0.0% |       0 |       0 |             0 |       830
     1370 |     +0.0% |       0 |       0 |             0 |       820
     1380 |     +0.0% |       0 |       0 |             0 |       810
     1390 |     +0.0% |       0 |       0 |             0 |       800
     1400 |     +0.0% |       0 |       0 |             0 |       790
     1410 |     +0.0% |       0 |       0 |             0 |       780
     1420 |     +0.0% |       0 |       0 |             0 |       770
     1430 |     +0.0% |       0 |       0 |             0 |       760
     1440 |     +0.0% |       0 |       0 |             0 |       750
     1450 |     +0.0% |       0 |       0 |             0 |       740
     1460 |     +0.0% |       0 |       0 |             0 |       730
     1470 |     +0.0% |       0 |       0 |             0 |       720
     1480 |     +0.0% |       0 |       0 |             0 |       710
     1490 |     +0.0% |       0 |       0 |             0 |       700
     1500 |     +0.0% |       0 |       0 |             0 |       690
     1510 |     +0.0% |       0 |       0 |             0 |       680
     1520 |     +0.0% |       0 |       0 |             0 |       670
     1530 |     +0.0% |       0 |       0 |             0 |       660
     1540 |     +0.0% |       0 |       0 |             0 |       650
     1550 |     +0.0% |       0 |       0 |             0 |       640
     1560 |     +0.0% |       0 |       0 |             0 |       630
     1570 |     +0.0% |       0 |       0 |             0 |       620
     1580 |     +0.0% |       0 |       0 |             0 |       610
     1590 |     +0.0% |       0 |       0 |             0 |       600
     1600 |     +0.0% |       0 |       0 |             0 |       590
     1610 |     +0.0% |       0 |       0 |             0 |       580
     1620 |     +0.0% |       0 |       0 |             0 |       570
     1630 |     +0.0% |       0 |       0 |             0 |       560
     1640 |     +0.0% |       0 |       0 |             0 |       550
     1650 |     +0.0% |       0 |       0 |             0 |       540
     1660 |     +0.0% |       0 |       0 |             0 |       530
     1670 |     +0.0% |       0 |       0 |             0 |       520
     1680 |     +0.0% |       0 |       0 |             0 |       510
     1690 |     +0.0% |       0 |       0 |             0 |       500
     1700 |     +0.0% |       0 |       0 |             0 |       490
     1710 |     +0.0% |       0 |       0 |             0 |       480
     1720 |     +0.0% |       0 |       0 |             0 |       470
     1730 |     +0.0% |       0 |       0 |             0 |       460
     1740 |     +0.0% |       0 |       0 |             0 |       450
     1750 |     +0.0% |       0 |       0 |             0 |       440
     1760 |     +0.0% |       0 |       0 |             0 |       430
     1770 |     +0.0% |       0 |       0 |             0 |       420
     1780 |     +0.0% |       0 |       0 |             0 |       410
     1790 |     +0.0% |       0 |       0 |             0 |       400
     1800 |     +0.0% |       0 |       0 |             0 |       390
     1810 |     +0.0% |       0 |       0 |             0 |       380
     1820 |     +0.0% |       0 |       0 |             0 |       370
     1830 |     +0.0% |       0 |       0 |             0 |       360
     1840 |     +0.0% |       0 |       0 |             0 |       350
     1850 |     +0.0% |       0 |       0 |             0 |       340
     1860 |     +0.0% |       0 |       0 |             0 |       330
     1870 |     +0.0% |       0 |       0 |             0 |       320
     1880 |     +0.0% |       0 |       0 |             0 |       310
     1890 |     +0.0% |       0 |       0 |             0 |       300
     1900 |     +0.0% |       0 |       0 |             0 |       290
     1910 |     +0.0% |       0 |       0 |             0 |       280
     1920 |     +0.0% |       0 |       0 |             0 |       270
     1930 |     +0.0% |       0 |       0 |             0 |       260
     1940 |     +0.0% |       0 |       0 |             0 |       250
     1950 |     +0.0% |       0 |       0 |             0 |       240
     1960 |     +0.0% |       0 |       0 |             0 |       230
     1970 |     +0.0% |       0 |       0 |             0 |       220
     1980 |     +0.0% |       0 |       0 |             0 |       210
     1990 |     +0.0% |       0 |       0 |             0 |       200
     2000 |     +0.0% |       0 |       0 |             0 |       190
     2010 |     +0.0% |       0 |       0 |             0 |       180
     2020 |     +0.0% |       0 |       0 |             0 |       170
     2030 |     +0.0% |       0 |       0 |             0 |       160
     2040 |     +0.0% |       0 |       0 |             0 |       150
     2050 |     +0.0% |       0 |       0 |             0 |       140
     2060 |     +0.0% |       0 |       0 |             0 |       130
     2070 |     +0.0% |       0 |       0 |             0 |       120
     2080 |     +0.0% |       0 |       0 |             0 |       110
     2090 |     +0.0% |       0 |       0 |             0 |       100
     2100 |     +0.0% |       0 |       0 |             0 |        90
     2110 |     +0.0% |       0 |       0 |             0 |        80
     2120 |     +0.0% |       0 |       0 |             0 |        70
     2130 |     +0.0% |       0 |       0 |             0 |        60
     2140 |     +0.0% |       0 |       0 |             0 |        50
     2150 |     +0.0% |       0 |       0 |             0 |        40
     2160 |     +0.0% |       0 |       0 |             0 |        30
     2170 |     +0.0% |       0 |       0 |             0 |        20
     2180 |     +0.0% |       0 |       0 |             0 |        10
     2190 |     +0.0% |       0 |       0 |             0 |         0
    final |     +0.0% |       0 |       0 |             0 |         0
---------------------------------------------------------------------
global_route -start_incremental
detailed_placement
[INFO DPL-0006] Core area: 6921.05 um^2, Instances area: 2600.68 um^2, Utilization: 37.6%
[INFO DPL-0005] Diamond search max displacement: +/- 500 sites horizontally, +/- 100 rows vertically.
[INFO DPL-1101] Legalizing using diamond search.
Movements Summary
---------------------------------------
Total cells:                    1970
Diamond Move Success:           1970 (100.00%)
Diamond Move Failure:              0
Rip-up and replace Success:        0 (  0.00% of diamond failures)
Rip-up and replace Failure:        0
Total Placement Failures:          0
---------------------------------------
Placement Analysis
---------------------------------
total displacement          0.0 u
average displacement        0.0 u
max displacement            0.0 u
original HPWL           24116.2 u
legalized HPWL          24116.2 u
delta HPWL                    0 %

global_route -end_incremental -congestion_report_file ./reports/nangate45/s5378/phase0c_s11_k4_T_e69bd87b_7f655d61/congestion_post_repair_design.rpt
Repair setup and hold violations...
estimate_parasitics -global_routing
repair_timing -setup_margin 0 -hold_margin 0 -repair_tns 100 -verbose
[INFO RSZ-0100] Repair move sequence: UnbufferMove SizeUpMove SwapPinsMove BufferMove CloneMove SplitLoadMove 
[INFO RSZ-0098] No setup violations found
[INFO RSZ-0033] No hold violations found.
global_route -start_incremental
detailed_placement
[INFO DPL-0006] Core area: 6921.05 um^2, Instances area: 2600.68 um^2, Utilization: 37.6%
[INFO DPL-0005] Diamond search max displacement: +/- 500 sites horizontally, +/- 100 rows vertically.
[INFO DPL-1101] Legalizing using diamond search.
Movements Summary
---------------------------------------
Total cells:                    1970
Diamond Move Success:           1970 (100.00%)
Diamond Move Failure:              0
Rip-up and replace Success:        0 (  0.00% of diamond failures)
Rip-up and replace Failure:        0
Total Placement Failures:          0
---------------------------------------
Placement Analysis
---------------------------------
total displacement          0.0 u
average displacement        0.0 u
max displacement            0.0 u
original HPWL           24116.2 u
legalized HPWL          24116.2 u
delta HPWL                    0 %

check_placement -verbose
global_route -end_incremental -congestion_report_file ./reports/nangate45/s5378/phase0c_s11_k4_T_e69bd87b_7f655d61/congestion_post_repair_timing.rpt
estimate_parasitics -global_routing
global_route -start_incremental
global_route -end_incremental -congestion_report_file ./reports/nangate45/s5378/phase0c_s11_k4_T_e69bd87b_7f655d61/congestion_post_recover_power.rpt
Repair antennas...
[WARNING GRT-0246] No diode with LEF class CORE ANTENNACELL found.
[INFO ANT-0002] Found 0 net violations.
[INFO ANT-0001] Found 0 pin violations.
Estimate parasitics...
estimate_parasitics -global_routing
Report metrics stage 5, global route...

==========================================================================
global route report_design_area
--------------------------------------------------------------------------
Design area 2601 um^2 38% utilization.
[INFO FLW-0007] clock clk period 10.000000
[INFO FLW-0008] Clock clk period 0.867
[INFO FLW-0009] Clock clk slack 9.088
write_sdc -no_timestamp ./results/nangate45/s5378/phase0c_s11_k4_T_e69bd87b_7f655d61/updated_clks.sdc
[INFO FLW-0011] Path endpoint path count 784
write_db ./results/nangate45/s5378/phase0c_s11_k4_T_e69bd87b_7f655d61/5_1_grt.odb
write_sdc -no_timestamp ./results/nangate45/s5378/phase0c_s11_k4_T_e69bd87b_7f655d61/5_1_grt.sdc
Log                       Ext     Elapsed/s Peak Memory/MB sha1sum result [0:20)
5_1_grt                   .odb            7            302 32be1d183f3a9a0b6f5c
5_1_grt                   .sdc                             dc3b136b356fec3f3ef5
/root/pact-deps/OpenROAD-flow-scripts/flow/scripts/flow.sh 5_2_route detail_route
Running detail_route.tcl, stage 5_2_route
read_liberty /root/pact-deps/OpenROAD-flow-scripts/flow/platforms/nangate45/lib/NangateOpenCellLibrary_typical.lib
read_db ./results/nangate45/s5378/phase0c_s11_k4_T_e69bd87b_7f655d61/5_1_grt.odb
read_sdc ./results/nangate45/s5378/phase0c_s11_k4_T_e69bd87b_7f655d61/5_1_grt.sdc
source /root/pact-deps/OpenROAD-flow-scripts/flow/platforms/nangate45/setRC.tcl
detailed_route -output_drc ./reports/nangate45/s5378/phase0c_s11_k4_T_e69bd87b_7f655d61/5_route_drc.rpt -output_maze ./results/nangate45/s5378/phase0c_s11_k4_T_e69bd87b_7f655d61/maze.log -droute_end_iter 64 -verbose 1 -drc_report_iter_step 5
[INFO DRT-0149] Reading tech and libs.

Units:                2000
Number of layers:     21
Number of macros:     135
Number of vias:       33
Number of viarulegen: 19

[INFO DRT-0150] Reading design.

Design:                   s5378
Die area:                 ( 0 0 ) ( 171970 171970 )
Number of track patterns: 20
Number of DEF vias:       0
Number of components:     2088
Number of terminals:      96
Number of snets:          2
Number of nets:           1996

[INFO DRT-0167] List of default vias:
  Layer via2
    default via: via2_5
  Layer via3
    default via: via3_2
  Layer via4
    default via: via4_0
  Layer via5
    default via: via5_0
  Layer via6
    default via: via6_0
  Layer via7
    default via: via7_0
  Layer via8
    default via: via8_0
  Layer via9
    default via: via9_0
[INFO DRT-0162] Library cell analysis.
[INFO DRT-0163] Instance analysis.
[INFO DRT-0164] Number of unique instances = 32.
[INFO DRT-0168] Init region query.
[INFO DRT-0024]   Complete active.
[INFO DRT-0024]   Complete Fr_VIA.
[INFO DRT-0024]   Complete metal1.
[INFO DRT-0024]   Complete via1.
[INFO DRT-0024]   Complete metal2.
[INFO DRT-0024]   Complete via2.
[INFO DRT-0024]   Complete metal3.
[INFO DRT-0024]   Complete via3.
[INFO DRT-0024]   Complete metal4.
[INFO DRT-0024]   Complete via4.
[INFO DRT-0024]   Complete metal5.
[INFO DRT-0024]   Complete via5.
[INFO DRT-0024]   Complete metal6.
[INFO DRT-0024]   Complete via6.
[INFO DRT-0024]   Complete metal7.
[INFO DRT-0024]   Complete via7.
[INFO DRT-0024]   Complete metal8.
[INFO DRT-0024]   Complete via8.
[INFO DRT-0024]   Complete metal9.
[INFO DRT-0024]   Complete via9.
[INFO DRT-0024]   Complete metal10.
[INFO DRT-0033] active shape region query size = 0.
[INFO DRT-0033] FR_VIA shape region query size = 0.
[INFO DRT-0033] metal1 shape region query size = 29390.
[INFO DRT-0033] via1 shape region query size = 270.
[INFO DRT-0033] metal2 shape region query size = 180.
[INFO DRT-0033] via2 shape region query size = 270.
[INFO DRT-0033] metal3 shape region query size = 180.
[INFO DRT-0033] via3 shape region query size = 270.
[INFO DRT-0033] metal4 shape region query size = 102.
[INFO DRT-0033] via4 shape region query size = 90.
[INFO DRT-0033] metal5 shape region query size = 69.
[INFO DRT-0033] via5 shape region query size = 90.
[INFO DRT-0033] metal6 shape region query size = 61.
[INFO DRT-0033] via6 shape region query size = 36.
[INFO DRT-0033] metal7 shape region query size = 21.
[INFO DRT-0033] via7 shape region query size = 0.
[INFO DRT-0033] metal8 shape region query size = 0.
[INFO DRT-0033] via8 shape region query size = 0.
[INFO DRT-0033] metal9 shape region query size = 0.
[INFO DRT-0033] via9 shape region query size = 0.
[INFO DRT-0033] metal10 shape region query size = 0.
[INFO DRT-0165] Start pin access.
[INFO DRT-0078]   Complete 152 pins.
[INFO DRT-0081]   Complete 32 unique inst patterns.
[INFO DRT-0084]   Complete 1185 groups.
#scanned instances     = 2088
#unique  instances     = 32
#stdCellGenAp          = 621
#stdCellValidPlanarAp  = 0
#stdCellValidViaAp     = 496
#stdCellPinNoAp        = 0
#stdCellPinCnt         = 5895
#instTermValidViaApCnt = 0
#macroGenAp            = 0
#macroValidPlanarAp    = 0
#macroValidViaAp       = 0
#macroNoAp             = 0
[INFO DRT-0166] Complete pin access.
[INFO DRT-0267] cpu time = 00:00:14, elapsed time = 00:00:03, memory = 261.83 (MB), peak = 261.41 (MB)

[INFO DRT-0157] Number of guides:     16440

[INFO DRT-0169] Post process guides.
[INFO DRT-0176] GCELLGRID X 0 DO 30 STEP 5700 ;
[INFO DRT-0177] GCELLGRID Y 0 DO 30 STEP 5700 ;
[INFO DRT-0028]   Complete active.
[INFO DRT-0028]   Complete Fr_VIA.
[INFO DRT-0028]   Complete metal1.
[INFO DRT-0028]   Complete via1.
[INFO DRT-0028]   Complete metal2.
[INFO DRT-0028]   Complete via2.
[INFO DRT-0028]   Complete metal3.
[INFO DRT-0028]   Complete via3.
[INFO DRT-0028]   Complete metal4.
[INFO DRT-0028]   Complete via4.
[INFO DRT-0028]   Complete metal5.
[INFO DRT-0028]   Complete via5.
[INFO DRT-0028]   Complete metal6.
[INFO DRT-0028]   Complete via6.
[INFO DRT-0028]   Complete metal7.
[INFO DRT-0028]   Complete via7.
[INFO DRT-0028]   Complete metal8.
[INFO DRT-0028]   Complete via8.
[INFO DRT-0028]   Complete metal9.
[INFO DRT-0028]   Complete via9.
[INFO DRT-0028]   Complete metal10.
[INFO DRT-0178] Init guide query.
[INFO DRT-0035]   Complete active (guide).
[INFO DRT-0035]   Complete Fr_VIA (guide).
[INFO DRT-0035]   Complete metal1 (guide).
[INFO DRT-0035]   Complete via1 (guide).
[INFO DRT-0035]   Complete metal2 (guide).
[INFO DRT-0035]   Complete via2 (guide).
[INFO DRT-0035]   Complete metal3 (guide).
[INFO DRT-0035]   Complete via3 (guide).
[INFO DRT-0035]   Complete metal4 (guide).
[INFO DRT-0035]   Complete via4 (guide).
[INFO DRT-0035]   Complete metal5 (guide).
[INFO DRT-0035]   Complete via5 (guide).
[INFO DRT-0035]   Complete metal6 (guide).
[INFO DRT-0035]   Complete via6 (guide).
[INFO DRT-0035]   Complete metal7 (guide).
[INFO DRT-0035]   Complete via7 (guide).
[INFO DRT-0035]   Complete metal8 (guide).
[INFO DRT-0035]   Complete via8 (guide).
[INFO DRT-0035]   Complete metal9 (guide).
[INFO DRT-0035]   Complete via9 (guide).
[INFO DRT-0035]   Complete metal10 (guide).
[INFO DRT-0036] active guide region query size = 0.
[INFO DRT-0036] FR_VIA guide region query size = 0.
[INFO DRT-0036] metal1 guide region query size = 5294.
[INFO DRT-0036] via1 guide region query size = 0.
[INFO DRT-0036] metal2 guide region query size = 4854.
[INFO DRT-0036] via2 guide region query size = 0.
[INFO DRT-0036] metal3 guide region query size = 2775.
[INFO DRT-0036] via3 guide region query size = 0.
[INFO DRT-0036] metal4 guide region query size = 509.
[INFO DRT-0036] via4 guide region query size = 0.
[INFO DRT-0036] metal5 guide region query size = 216.
[INFO DRT-0036] via5 guide region query size = 0.
[INFO DRT-0036] metal6 guide region query size = 66.
[INFO DRT-0036] via6 guide region query size = 0.
[INFO DRT-0036] metal7 guide region query size = 1.
[INFO DRT-0036] via7 guide region query size = 0.
[INFO DRT-0036] metal8 guide region query size = 0.
[INFO DRT-0036] via8 guide region query size = 0.
[INFO DRT-0036] metal9 guide region query size = 0.
[INFO DRT-0036] via9 guide region query size = 0.
[INFO DRT-0036] metal10 guide region query size = 0.
[INFO DRT-0179] Init gr pin query.
[INFO DRT-0267] cpu time = 00:00:00, elapsed time = 00:00:00, memory = 267.65 (MB), peak = 267.28 (MB)
[INFO DRT-0245] skipped writing guide updates to database.
[INFO DRT-0181] Start track assignment.
[INFO DRT-0184] Done with 5429 vertical wires in 1 frboxes and 8286 horizontal wires in 1 frboxes.
[INFO DRT-0186] Done with 1624 vertical wires in 1 frboxes and 1811 horizontal wires in 1 frboxes.
[INFO DRT-0182] Complete track assignment.
[INFO DRT-0267] cpu time = 00:00:01, elapsed time = 00:00:01, memory = 299.19 (MB), peak = 299.05 (MB)
[INFO DRT-0187] Start routing data preparation.
[INFO DRT-0267] cpu time = 00:00:00, elapsed time = 00:00:00, memory = 300.34 (MB), peak = 300.18 (MB)
[INFO DRT-0194] Start detail routing.
[INFO DRT-0195] Start 0th optimization iteration.
    Completing 10% with 0 violations.
    elapsed time = 00:00:00, memory = 339.42 (MB).
    Completing 20% with 0 violations.
    elapsed time = 00:00:00, memory = 343.39 (MB).
    Completing 30% with 0 violations.
    elapsed time = 00:00:01, memory = 332.20 (MB).
    Completing 40% with 69 violations.
    elapsed time = 00:00:04, memory = 383.41 (MB).
    Completing 50% with 69 violations.
    elapsed time = 00:00:05, memory = 372.01 (MB).
    Completing 60% with 69 violations.
    elapsed time = 00:00:06, memory = 341.93 (MB).
    Completing 70% with 146 violations.
    elapsed time = 00:00:07, memory = 388.97 (MB).
    Completing 80% with 146 violations.
    elapsed time = 00:00:10, memory = 373.16 (MB).
    Completing 90% with 224 violations.
    elapsed time = 00:00:12, memory = 405.82 (MB).
    Completing 100% with 319 violations.
    elapsed time = 00:00:16, memory = 397.96 (MB).
[INFO DRT-0199]   Number of violations = 419.
Viol/Layer      metal1   via1 metal2   via2 metal3   via3 metal4   via4 metal5
Cut Spacing          0      0      0      2      0      0      0      2      0
Metal Spacing        0      0     37      0      1      0      3      0      0
Recheck              1      0     51      0     47      0      1      0      0
Short                0      1    233      0     32      1      2      0      5
[INFO DRT-0267] cpu time = 00:00:41, elapsed time = 00:00:17, memory = 935.67 (MB), peak = 935.22 (MB)
Total wire length = 27250 um.
Total wire length on LAYER metal1 = 0 um.
Total wire length on LAYER metal2 = 10197 um.
Total wire length on LAYER metal3 = 11776 um.
Total wire length on LAYER metal4 = 3218 um.
Total wire length on LAYER metal5 = 1391 um.
Total wire length on LAYER metal6 = 660 um.
Total wire length on LAYER metal7 = 6 um.
Total wire length on LAYER metal8 = 0 um.
Total wire length on LAYER metal9 = 0 um.
Total wire length on LAYER metal10 = 0 um.
Total number of vias = 13401.
Up-via summary (total 13401):

----------------
 active        0
 metal1     5926
 metal2     6411
 metal3      695
 metal4      280
 metal5       87
 metal6        2
 metal7        0
 metal8        0
 metal9        0
----------------
       13401


[INFO DRT-0195] Start 1st optimization iteration.
    Completing 10% with 419 violations.
    elapsed time = 00:00:00, memory = 956.82 (MB).
    Completing 20% with 419 violations.
    elapsed time = 00:00:00, memory = 956.82 (MB).
    Completing 30% with 419 violations.
    elapsed time = 00:00:01, memory = 956.82 (MB).
    Completing 40% with 349 violations.
    elapsed time = 00:00:04, memory = 937.50 (MB).
    Completing 50% with 349 violations.
    elapsed time = 00:00:04, memory = 937.50 (MB).
    Completing 60% with 349 violations.
    elapsed time = 00:00:07, memory = 937.50 (MB).
    Completing 70% with 291 violations.
    elapsed time = 00:00:07, memory = 978.24 (MB).
    Completing 80% with 291 violations.
    elapsed time = 00:00:10, memory = 978.24 (MB).
    Completing 90% with 226 violations.
    elapsed time = 00:00:14, memory = 957.18 (MB).
    Completing 100% with 115 violations.
    elapsed time = 00:00:15, memory = 957.18 (MB).
[INFO DRT-0199]   Number of violations = 115.
Viol/Layer      metal2
Metal Spacing       24
Short               91
[INFO DRT-0267] cpu time = 00:00:35, elapsed time = 00:00:15, memory = 960.18 (MB), peak = 977.72 (MB)
Total wire length = 27017 um.
Total wire length on LAYER metal1 = 0 um.
Total wire length on LAYER metal2 = 10098 um.
Total wire length on LAYER metal3 = 11668 um.
Total wire length on LAYER metal4 = 3221 um.
Total wire length on LAYER metal5 = 1363 um.
Total wire length on LAYER metal6 = 657 um.
Total wire length on LAYER metal7 = 7 um.
Total wire length on LAYER metal8 = 0 um.
Total wire length on LAYER metal9 = 0 um.
Total wire length on LAYER metal10 = 0 um.
Total number of vias = 13285.
Up-via summary (total 13285):

----------------
 active        0
 metal1     5921
 metal2     6306
 metal3      697
 metal4      273
 metal5       86
 metal6        2
 metal7        0
 metal8        0
 metal9        0
----------------
       13285


[INFO DRT-0195] Start 2nd optimization iteration.
    Completing 10% with 115 violations.
    elapsed time = 00:00:00, memory = 960.18 (MB).
    Completing 20% with 115 violations.
    elapsed time = 00:00:00, memory = 960.18 (MB).
    Completing 30% with 115 violations.
    elapsed time = 00:00:03, memory = 960.18 (MB).
    Completing 40% with 118 violations.
    elapsed time = 00:00:03, memory = 960.18 (MB).
    Completing 50% with 118 violations.
    elapsed time = 00:00:05, memory = 960.18 (MB).
    Completing 60% with 118 violations.
    elapsed time = 00:00:07, memory = 960.18 (MB).
    Completing 70% with 118 violations.
    elapsed time = 00:00:07, memory = 960.18 (MB).
    Completing 80% with 118 violations.
    elapsed time = 00:00:12, memory = 960.18 (MB).
    Completing 90% with 103 violations.
    elapsed time = 00:00:15, memory = 960.18 (MB).
    Completing 100% with 111 violations.
    elapsed time = 00:00:17, memory = 960.18 (MB).
[INFO DRT-0199]   Number of violations = 111.
Viol/Layer      metal2 metal3
Metal Spacing       22      1
Short               77     11
[INFO DRT-0267] cpu time = 00:00:39, elapsed time = 00:00:18, memory = 960.18 (MB), peak = 977.72 (MB)
Total wire length = 26981 um.
Total wire length on LAYER metal1 = 0 um.
Total wire length on LAYER metal2 = 10050 um.
Total wire length on LAYER metal3 = 11667 um.
Total wire length on LAYER metal4 = 3226 um.
Total wire length on LAYER metal5 = 1379 um.
Total wire length on LAYER metal6 = 656 um.
Total wire length on LAYER metal7 = 0 um.
Total wire length on LAYER metal8 = 0 um.
Total wire length on LAYER metal9 = 0 um.
Total wire length on LAYER metal10 = 0 um.
Total number of vias = 13275.
Up-via summary (total 13275):

----------------
 active        0
 metal1     5917
 metal2     6300
 metal3      698
 metal4      274
 metal5       86
 metal6        0
 metal7        0
 metal8        0
 metal9        0
----------------
       13275


[INFO DRT-0195] Start 3rd optimization iteration.
    Completing 10% with 111 violations.
    elapsed time = 00:00:00, memory = 960.18 (MB).
    Completing 20% with 111 violations.
    elapsed time = 00:00:00, memory = 960.18 (MB).
    Completing 30% with 111 violations.
    elapsed time = 00:00:01, memory = 961.46 (MB).
    Completing 40% with 96 violations.
    elapsed time = 00:00:02, memory = 966.46 (MB).
    Completing 50% with 96 violations.
    elapsed time = 00:00:02, memory = 966.46 (MB).
    Completing 60% with 96 violations.
    elapsed time = 00:00:03, memory = 966.46 (MB).
    Completing 70% with 59 violations.
    elapsed time = 00:00:03, memory = 967.58 (MB).
    Completing 80% with 59 violations.
    elapsed time = 00:00:04, memory = 967.58 (MB).
    Completing 90% with 33 violations.
    elapsed time = 00:00:06, memory = 967.59 (MB).
    Completing 100% with 4 violations.
    elapsed time = 00:00:07, memory = 967.59 (MB).
[INFO DRT-0199]   Number of violations = 4.
Viol/Layer      metal2
Metal Spacing        4
[INFO DRT-0267] cpu time = 00:00:17, elapsed time = 00:00:07, memory = 967.59 (MB), peak = 977.72 (MB)
Total wire length = 26970 um.
Total wire length on LAYER metal1 = 0 um.
Total wire length on LAYER metal2 = 9901 um.
Total wire length on LAYER metal3 = 11698 um.
Total wire length on LAYER metal4 = 3332 um.
Total wire length on LAYER metal5 = 1381 um.
Total wire length on LAYER metal6 = 656 um.
Total wire length on LAYER metal7 = 0 um.
Total wire length on LAYER metal8 = 0 um.
Total wire length on LAYER metal9 = 0 um.
Total wire length on LAYER metal10 = 0 um.
Total number of vias = 13387.
Up-via summary (total 13387):

----------------
 active        0
 metal1     5918
 metal2     6368
 metal3      739
 metal4      276
 metal5       86
 metal6        0
 metal7        0
 metal8        0
 metal9        0
----------------
       13387


[INFO DRT-0195] Start 4th guides tiles iteration.
    Completing 50% with 4 violations.
    elapsed time = 00:00:00, memory = 967.59 (MB).
    Completing 100% with 0 violations.
    elapsed time = 00:00:00, memory = 967.59 (MB).
[INFO DRT-0199]   Number of violations = 0.
[INFO DRT-0267] cpu time = 00:00:00, elapsed time = 00:00:00, memory = 967.59 (MB), peak = 977.72 (MB)
Total wire length = 26970 um.
Total wire length on LAYER metal1 = 0 um.
Total wire length on LAYER metal2 = 9901 um.
Total wire length on LAYER metal3 = 11698 um.
Total wire length on LAYER metal4 = 3332 um.
Total wire length on LAYER metal5 = 1381 um.
Total wire length on LAYER metal6 = 656 um.
Total wire length on LAYER metal7 = 0 um.
Total wire length on LAYER metal8 = 0 um.
Total wire length on LAYER metal9 = 0 um.
Total wire length on LAYER metal10 = 0 um.
Total number of vias = 13387.
Up-via summary (total 13387):

----------------
 active        0
 metal1     5918
 metal2     6368
 metal3      739
 metal4      276
 metal5       86
 metal6        0
 metal7        0
 metal8        0
 metal9        0
----------------
       13387


[INFO DRT-0198] Complete detail routing.
Total wire length = 26970 um.
Total wire length on LAYER metal1 = 0 um.
Total wire length on LAYER metal2 = 9901 um.
Total wire length on LAYER metal3 = 11698 um.
Total wire length on LAYER metal4 = 3332 um.
Total wire length on LAYER metal5 = 1381 um.
Total wire length on LAYER metal6 = 656 um.
Total wire length on LAYER metal7 = 0 um.
Total wire length on LAYER metal8 = 0 um.
Total wire length on LAYER metal9 = 0 um.
Total wire length on LAYER metal10 = 0 um.
Total number of vias = 13387.
Up-via summary (total 13387):

----------------
 active        0
 metal1     5918
 metal2     6368
 metal3      739
 metal4      276
 metal5       86
 metal6        0
 metal7        0
 metal8        0
 metal9        0
----------------
       13387


[INFO DRT-0267] cpu time = 00:02:15, elapsed time = 00:00:58, memory = 967.65 (MB), peak = 977.72 (MB)

[INFO DRT-0180] Post processing.
Took 65 seconds: detailed_route -output_drc ./reports/nangate45/s5378/phase0c_s11_k4_T_e69bd87b_7f655d61/5_route_drc.rpt -output_maze ./results/nangate45/s5378/phase0c_s11_k4_T_e69bd87b_7f655d61/maze.log -droute_end_iter 64 -verbose 1 -drc_report_iter_step 5
[WARNING GRT-0246] No diode with LEF class CORE ANTENNACELL found.
[INFO ANT-0002] Found 0 net violations.
[INFO ANT-0001] Found 0 pin violations.
[INFO ANT-0002] Found 0 net violations.
[INFO ANT-0001] Found 0 pin violations.
Design area 2601 um^2 38% utilization.
write_db ./results/nangate45/s5378/phase0c_s11_k4_T_e69bd87b_7f655d61/5_2_route.odb
Log                       Ext     Elapsed/s Peak Memory/MB sha1sum result [0:20)
5_2_route                 .odb           65            977 9734ebb8360da146898e
/root/pact-deps/OpenROAD-flow-scripts/flow/scripts/flow.sh 5_3_fillcell fillcell
Running fillcell.tcl, stage 5_3_fillcell
read_liberty /root/pact-deps/OpenROAD-flow-scripts/flow/platforms/nangate45/lib/NangateOpenCellLibrary_typical.lib
read_db ./results/nangate45/s5378/phase0c_s11_k4_T_e69bd87b_7f655d61/5_2_route.odb
read_sdc ./results/nangate45/s5378/phase0c_s11_k4_T_e69bd87b_7f655d61/5_1_grt.sdc
source /root/pact-deps/OpenROAD-flow-scripts/flow/platforms/nangate45/setRC.tcl
filler_placement "FILLCELL_X1 FILLCELL_X2 FILLCELL_X4 FILLCELL_X8 FILLCELL_X16 FILLCELL_X32"
[INFO DPL-0001] Placed 2560 filler instances.
Design area 2601 um^2 38% utilization.
write_db ./results/nangate45/s5378/phase0c_s11_k4_T_e69bd87b_7f655d61/5_3_fillcell.odb
Log                       Ext     Elapsed/s Peak Memory/MB sha1sum result [0:20)
5_3_fillcell              .odb            0            116 abf02925f388e962f06f
cp ./results/nangate45/s5378/phase0c_s11_k4_T_e69bd87b_7f655d61/5_3_fillcell.odb ./results/nangate45/s5378/phase0c_s11_k4_T_e69bd87b_7f655d61/5_route.odb
cp ./results/nangate45/s5378/phase0c_s11_k4_T_e69bd87b_7f655d61/5_1_grt.sdc ./results/nangate45/s5378/phase0c_s11_k4_T_e69bd87b_7f655d61/5_route.sdc
