OpenROAD 26Q2-1164-g08f67ee5ec 
Features included (+) or not (-): +GPU +GUI +Python
This program is licensed under the BSD-3 license. See the LICENSE file for details.
Components of this program may be licensed under more restrictive licenses which must be honored.
[INFO ORD-0030] Using 4 thread(s).
read_liberty /root/pact-deps/OpenROAD-flow-scripts/flow/platforms/nangate45/lib/NangateOpenCellLibrary_typical.lib
read_db /mnt/c/Users/Abhinav/OneDrive/Desktop/PACT/PACT/results/phase2d_independent_gp/raw/orfs/results/nangate45/s5378/phase2c_s29_8d6459e76a03/5_1_grt.odb
read_sdc /mnt/c/Users/Abhinav/OneDrive/Desktop/PACT/PACT/results/phase2d_independent_gp/raw/orfs/results/nangate45/s5378/phase2c_s29_8d6459e76a03/5_1_grt.sdc
source /root/pact-deps/OpenROAD-flow-scripts/flow/platforms/nangate45/setRC.tcl
detailed_route -output_drc /mnt/c/Users/Abhinav/OneDrive/Desktop/PACT/PACT/results/phase2d_independent_gp/raw/orfs/reports/nangate45/s5378/phase2c_s29_8d6459e76a03/5_route_drc.rpt -output_maze /mnt/c/Users/Abhinav/OneDrive/Desktop/PACT/PACT/results/phase2d_independent_gp/raw/orfs/results/nangate45/s5378/phase2c_s29_8d6459e76a03/maze.log -droute_end_iter 64 -verbose 1 -drc_report_iter_step 5
[INFO DRT-0149] Reading tech and libs.

Units:                2000
Number of layers:     21
Number of macros:     135
Number of vias:       33
Number of viarulegen: 19

[INFO DRT-0150] Reading design.

Design:                   s5378
Die area:                 ( 0 0 ) ( 171970 171970 )
Number of track patterns: 20
Number of DEF vias:       0
Number of components:     2091
Number of terminals:      92
Number of snets:          2
Number of nets:           1997

[INFO DRT-0167] List of default vias:
  Layer via2
    default via: via2_5
  Layer via3
    default via: via3_2
  Layer via4
    default via: via4_0
  Layer via5
    default via: via5_0
  Layer via6
    default via: via6_0
  Layer via7
    default via: via7_0
  Layer via8
    default via: via8_0
  Layer via9
    default via: via9_0
[INFO DRT-0162] Library cell analysis.
[INFO DRT-0163] Instance analysis.
[INFO DRT-0164] Number of unique instances = 32.
[INFO DRT-0168] Init region query.
[INFO DRT-0024]   Complete active.
[INFO DRT-0024]   Complete Fr_VIA.
[INFO DRT-0024]   Complete metal1.
[INFO DRT-0024]   Complete via1.
[INFO DRT-0024]   Complete metal2.
[INFO DRT-0024]   Complete via2.
[INFO DRT-0024]   Complete metal3.
[INFO DRT-0024]   Complete via3.
[INFO DRT-0024]   Complete metal4.
[INFO DRT-0024]   Complete via4.
[INFO DRT-0024]   Complete metal5.
[INFO DRT-0024]   Complete via5.
[INFO DRT-0024]   Complete metal6.
[INFO DRT-0024]   Complete via6.
[INFO DRT-0024]   Complete metal7.
[INFO DRT-0024]   Complete via7.
[INFO DRT-0024]   Complete metal8.
[INFO DRT-0024]   Complete via8.
[INFO DRT-0024]   Complete metal9.
[INFO DRT-0024]   Complete via9.
[INFO DRT-0024]   Complete metal10.
[INFO DRT-0033] active shape region query size = 0.
[INFO DRT-0033] FR_VIA shape region query size = 0.
[INFO DRT-0033] metal1 shape region query size = 29330.
[INFO DRT-0033] via1 shape region query size = 270.
[INFO DRT-0033] metal2 shape region query size = 180.
[INFO DRT-0033] via2 shape region query size = 270.
[INFO DRT-0033] metal3 shape region query size = 180.
[INFO DRT-0033] via3 shape region query size = 270.
[INFO DRT-0033] metal4 shape region query size = 102.
[INFO DRT-0033] via4 shape region query size = 90.
[INFO DRT-0033] metal5 shape region query size = 75.
[INFO DRT-0033] via5 shape region query size = 90.
[INFO DRT-0033] metal6 shape region query size = 51.
[INFO DRT-0033] via6 shape region query size = 36.
[INFO DRT-0033] metal7 shape region query size = 21.
[INFO DRT-0033] via7 shape region query size = 0.
[INFO DRT-0033] metal8 shape region query size = 0.
[INFO DRT-0033] via8 shape region query size = 0.
[INFO DRT-0033] metal9 shape region query size = 0.
[INFO DRT-0033] via9 shape region query size = 0.
[INFO DRT-0033] metal10 shape region query size = 0.
[INFO DRT-0165] Start pin access.
[INFO DRT-0078]   Complete 152 pins.
[INFO DRT-0081]   Complete 32 unique inst patterns.
[INFO DRT-0084]   Complete 1055 groups.
#scanned instances     = 2091
#unique  instances     = 32
#stdCellGenAp          = 613
#stdCellValidPlanarAp  = 0
#stdCellValidViaAp     = 487
#stdCellPinNoAp        = 0
#stdCellPinCnt         = 5901
#instTermValidViaApCnt = 0
#macroGenAp            = 0
#macroValidPlanarAp    = 0
#macroValidViaAp       = 0
#macroNoAp             = 0
[INFO DRT-0166] Complete pin access.
[INFO DRT-0267] cpu time = 00:00:15, elapsed time = 00:00:04, memory = 261.53 (MB), peak = 261.14 (MB)

[INFO DRT-0157] Number of guides:     13076

[INFO DRT-0169] Post process guides.
[INFO DRT-0176] GCELLGRID X 0 DO 30 STEP 5700 ;
[INFO DRT-0177] GCELLGRID Y 0 DO 30 STEP 5700 ;
[INFO DRT-0028]   Complete active.
[INFO DRT-0028]   Complete Fr_VIA.
[INFO DRT-0028]   Complete metal1.
[INFO DRT-0028]   Complete via1.
[INFO DRT-0028]   Complete metal2.
[INFO DRT-0028]   Complete via2.
[INFO DRT-0028]   Complete metal3.
[INFO DRT-0028]   Complete via3.
[INFO DRT-0028]   Complete metal4.
[INFO DRT-0028]   Complete via4.
[INFO DRT-0028]   Complete metal5.
[INFO DRT-0028]   Complete via5.
[INFO DRT-0028]   Complete metal6.
[INFO DRT-0028]   Complete via6.
[INFO DRT-0028]   Complete metal7.
[INFO DRT-0028]   Complete via7.
[INFO DRT-0028]   Complete metal8.
[INFO DRT-0028]   Complete via8.
[INFO DRT-0028]   Complete metal9.
[INFO DRT-0028]   Complete via9.
[INFO DRT-0028]   Complete metal10.
[INFO DRT-0178] Init guide query.
[INFO DRT-0035]   Complete active (guide).
[INFO DRT-0035]   Complete Fr_VIA (guide).
[INFO DRT-0035]   Complete metal1 (guide).
[INFO DRT-0035]   Complete via1 (guide).
[INFO DRT-0035]   Complete metal2 (guide).
[INFO DRT-0035]   Complete via2 (guide).
[INFO DRT-0035]   Complete metal3 (guide).
[INFO DRT-0035]   Complete via3 (guide).
[INFO DRT-0035]   Complete metal4 (guide).
[INFO DRT-0035]   Complete via4 (guide).
[INFO DRT-0035]   Complete metal5 (guide).
[INFO DRT-0035]   Complete via5 (guide).
[INFO DRT-0035]   Complete metal6 (guide).
[INFO DRT-0035]   Complete via6 (guide).
[INFO DRT-0035]   Complete metal7 (guide).
[INFO DRT-0035]   Complete via7 (guide).
[INFO DRT-0035]   Complete metal8 (guide).
[INFO DRT-0035]   Complete via8 (guide).
[INFO DRT-0035]   Complete metal9 (guide).
[INFO DRT-0035]   Complete via9 (guide).
[INFO DRT-0035]   Complete metal10 (guide).
[INFO DRT-0036] active guide region query size = 0.
[INFO DRT-0036] FR_VIA guide region query size = 0.
[INFO DRT-0036] metal1 guide region query size = 4599.
[INFO DRT-0036] via1 guide region query size = 0.
[INFO DRT-0036] metal2 guide region query size = 3628.
[INFO DRT-0036] via2 guide region query size = 0.
[INFO DRT-0036] metal3 guide region query size = 1917.
[INFO DRT-0036] via3 guide region query size = 0.
[INFO DRT-0036] metal4 guide region query size = 333.
[INFO DRT-0036] via4 guide region query size = 0.
[INFO DRT-0036] metal5 guide region query size = 173.
[INFO DRT-0036] via5 guide region query size = 0.
[INFO DRT-0036] metal6 guide region query size = 56.
[INFO DRT-0036] via6 guide region query size = 0.
[INFO DRT-0036] metal7 guide region query size = 0.
[INFO DRT-0036] via7 guide region query size = 0.
[INFO DRT-0036] metal8 guide region query size = 0.
[INFO DRT-0036] via8 guide region query size = 0.
[INFO DRT-0036] metal9 guide region query size = 0.
[INFO DRT-0036] via9 guide region query size = 0.
[INFO DRT-0036] metal10 guide region query size = 0.
[INFO DRT-0179] Init gr pin query.
[INFO DRT-0267] cpu time = 00:00:00, elapsed time = 00:00:00, memory = 266.25 (MB), peak = 265.77 (MB)
[INFO DRT-0245] skipped writing guide updates to database.
[INFO DRT-0181] Start track assignment.
[INFO DRT-0184] Done with 4017 vertical wires in 1 frboxes and 6689 horizontal wires in 1 frboxes.
[INFO DRT-0186] Done with 969 vertical wires in 1 frboxes and 1065 horizontal wires in 1 frboxes.
[INFO DRT-0182] Complete track assignment.
[INFO DRT-0267] cpu time = 00:00:00, elapsed time = 00:00:00, memory = 283.82 (MB), peak = 283.39 (MB)
[INFO DRT-0187] Start routing data preparation.
[INFO DRT-0267] cpu time = 00:00:00, elapsed time = 00:00:00, memory = 284.52 (MB), peak = 284.14 (MB)
[INFO DRT-0194] Start detail routing.
[INFO DRT-0195] Start 0th optimization iteration.
    Completing 10% with 0 violations.
    elapsed time = 00:00:00, memory = 332.16 (MB).
    Completing 20% with 0 violations.
    elapsed time = 00:00:00, memory = 341.52 (MB).
    Completing 30% with 0 violations.
    elapsed time = 00:00:02, memory = 327.80 (MB).
    Completing 40% with 60 violations.
    elapsed time = 00:00:02, memory = 363.43 (MB).
    Completing 50% with 60 violations.
    elapsed time = 00:00:04, memory = 353.57 (MB).
    Completing 60% with 60 violations.
    elapsed time = 00:00:04, memory = 340.48 (MB).
    Completing 70% with 130 violations.
    elapsed time = 00:00:04, memory = 383.48 (MB).
    Completing 80% with 130 violations.
    elapsed time = 00:00:07, memory = 371.07 (MB).
    Completing 90% with 175 violations.
    elapsed time = 00:00:09, memory = 400.24 (MB).
    Completing 100% with 235 violations.
    elapsed time = 00:00:10, memory = 378.33 (MB).
[INFO DRT-0199]   Number of violations = 319.
Viol/Layer      metal1   via1 metal2   via2 metal3 metal4
Cut Spacing          0      0      0      1      0      0
Metal Spacing        0      0     19      0      4      0
Recheck              1      0     59      0     23      1
Short                0      1    185      0     25      0
[INFO DRT-0267] cpu time = 00:00:31, elapsed time = 00:00:11, memory = 919.96 (MB), peak = 919.63 (MB)
Total wire length = 22085 um.
Total wire length on LAYER metal1 = 0 um.
Total wire length on LAYER metal2 = 7858 um.
Total wire length on LAYER metal3 = 9228 um.
Total wire length on LAYER metal4 = 2857 um.
Total wire length on LAYER metal5 = 1464 um.
Total wire length on LAYER metal6 = 676 um.
Total wire length on LAYER metal7 = 0 um.
Total wire length on LAYER metal8 = 0 um.
Total wire length on LAYER metal9 = 0 um.
Total wire length on LAYER metal10 = 0 um.
Total number of vias = 11711.
Up-via summary (total 11711):

----------------
 active        0
 metal1     5933
 metal2     5023
 metal3      473
 metal4      204
 metal5       78
 metal6        0
 metal7        0
 metal8        0
 metal9        0
----------------
       11711


[INFO DRT-0195] Start 1st optimization iteration.
    Completing 10% with 319 violations.
    elapsed time = 00:00:00, memory = 924.15 (MB).
    Completing 20% with 319 violations.
    elapsed time = 00:00:00, memory = 924.15 (MB).
    Completing 30% with 319 violations.
    elapsed time = 00:00:01, memory = 926.95 (MB).
    Completing 40% with 254 violations.
    elapsed time = 00:00:03, memory = 930.63 (MB).
    Completing 50% with 254 violations.
    elapsed time = 00:00:03, memory = 930.63 (MB).
    Completing 60% with 254 violations.
    elapsed time = 00:00:05, memory = 930.73 (MB).
    Completing 70% with 186 violations.
    elapsed time = 00:00:05, memory = 930.73 (MB).
    Completing 80% with 186 violations.
    elapsed time = 00:00:08, memory = 930.73 (MB).
    Completing 90% with 159 violations.
    elapsed time = 00:00:12, memory = 956.34 (MB).
    Completing 100% with 94 violations.
    elapsed time = 00:00:12, memory = 933.46 (MB).
[INFO DRT-0199]   Number of violations = 94.
Viol/Layer      metal2 metal3
Metal Spacing       16      1
Short               76      1
[INFO DRT-0267] cpu time = 00:00:32, elapsed time = 00:00:13, memory = 936.46 (MB), peak = 955.76 (MB)
Total wire length = 21937 um.
Total wire length on LAYER metal1 = 0 um.
Total wire length on LAYER metal2 = 7826 um.
Total wire length on LAYER metal3 = 9147 um.
Total wire length on LAYER metal4 = 2841 um.
Total wire length on LAYER metal5 = 1450 um.
Total wire length on LAYER metal6 = 673 um.
Total wire length on LAYER metal7 = 0 um.
Total wire length on LAYER metal8 = 0 um.
Total wire length on LAYER metal9 = 0 um.
Total wire length on LAYER metal10 = 0 um.
Total number of vias = 11684.
Up-via summary (total 11684):

----------------
 active        0
 metal1     5934
 metal2     5002
 metal3      470
 metal4      200
 metal5       78
 metal6        0
 metal7        0
 metal8        0
 metal9        0
----------------
       11684


[INFO DRT-0195] Start 2nd optimization iteration.
    Completing 10% with 94 violations.
    elapsed time = 00:00:00, memory = 936.46 (MB).
    Completing 20% with 94 violations.
    elapsed time = 00:00:00, memory = 936.46 (MB).
    Completing 30% with 94 violations.
    elapsed time = 00:00:02, memory = 936.55 (MB).
    Completing 40% with 90 violations.
    elapsed time = 00:00:03, memory = 936.55 (MB).
    Completing 50% with 90 violations.
    elapsed time = 00:00:04, memory = 937.85 (MB).
    Completing 60% with 90 violations.
    elapsed time = 00:00:05, memory = 937.85 (MB).
    Completing 70% with 91 violations.
    elapsed time = 00:00:05, memory = 944.29 (MB).
    Completing 80% with 91 violations.
    elapsed time = 00:00:08, memory = 947.60 (MB).
    Completing 90% with 84 violations.
    elapsed time = 00:00:09, memory = 947.60 (MB).
    Completing 100% with 81 violations.
    elapsed time = 00:00:10, memory = 949.78 (MB).
[INFO DRT-0199]   Number of violations = 81.
Viol/Layer      metal2 metal3
Metal Spacing       14      0
Short               65      2
[INFO DRT-0267] cpu time = 00:00:28, elapsed time = 00:00:11, memory = 949.78 (MB), peak = 955.76 (MB)
Total wire length = 21879 um.
Total wire length on LAYER metal1 = 0 um.
Total wire length on LAYER metal2 = 7801 um.
Total wire length on LAYER metal3 = 9117 um.
Total wire length on LAYER metal4 = 2836 um.
Total wire length on LAYER metal5 = 1454 um.
Total wire length on LAYER metal6 = 669 um.
Total wire length on LAYER metal7 = 0 um.
Total wire length on LAYER metal8 = 0 um.
Total wire length on LAYER metal9 = 0 um.
Total wire length on LAYER metal10 = 0 um.
Total number of vias = 11689.
Up-via summary (total 11689):

----------------
 active        0
 metal1     5934
 metal2     5012
 metal3      464
 metal4      201
 metal5       78
 metal6        0
 metal7        0
 metal8        0
 metal9        0
----------------
       11689


[INFO DRT-0195] Start 3rd guides tiles iteration.
    Completing 10% with 81 violations.
    elapsed time = 00:00:00, memory = 1025.49 (MB).
    Completing 20% with 81 violations.
    elapsed time = 00:00:00, memory = 1025.49 (MB).
    Completing 30% with 21 violations.
    elapsed time = 00:00:03, memory = 949.78 (MB).
    Completing 40% with 21 violations.
    elapsed time = 00:00:03, memory = 949.78 (MB).
    Completing 50% with 21 violations.
    elapsed time = 00:00:03, memory = 949.78 (MB).
    Completing 60% with 21 violations.
    elapsed time = 00:00:03, memory = 949.78 (MB).
    Completing 70% with 2 violations.
    elapsed time = 00:00:04, memory = 949.78 (MB).
    Completing 80% with 2 violations.
    elapsed time = 00:00:04, memory = 949.78 (MB).
    Completing 90% with 2 violations.
    elapsed time = 00:00:04, memory = 949.78 (MB).
    Completing 100% with 0 violations.
    elapsed time = 00:00:04, memory = 949.78 (MB).
[INFO DRT-0199]   Number of violations = 0.
[INFO DRT-0267] cpu time = 00:00:08, elapsed time = 00:00:05, memory = 949.78 (MB), peak = 1024.98 (MB)
Total wire length = 21872 um.
Total wire length on LAYER metal1 = 0 um.
Total wire length on LAYER metal2 = 7613 um.
Total wire length on LAYER metal3 = 9132 um.
Total wire length on LAYER metal4 = 3003 um.
Total wire length on LAYER metal5 = 1453 um.
Total wire length on LAYER metal6 = 669 um.
Total wire length on LAYER metal7 = 0 um.
Total wire length on LAYER metal8 = 0 um.
Total wire length on LAYER metal9 = 0 um.
Total wire length on LAYER metal10 = 0 um.
Total number of vias = 11765.
Up-via summary (total 11765):

----------------
 active        0
 metal1     5935
 metal2     5036
 metal3      515
 metal4      201
 metal5       78
 metal6        0
 metal7        0
 metal8        0
 metal9        0
----------------
       11765


[INFO DRT-0198] Complete detail routing.
Total wire length = 21872 um.
Total wire length on LAYER metal1 = 0 um.
Total wire length on LAYER metal2 = 7613 um.
Total wire length on LAYER metal3 = 9132 um.
Total wire length on LAYER metal4 = 3003 um.
Total wire length on LAYER metal5 = 1453 um.
Total wire length on LAYER metal6 = 669 um.
Total wire length on LAYER metal7 = 0 um.
Total wire length on LAYER metal8 = 0 um.
Total wire length on LAYER metal9 = 0 um.
Total wire length on LAYER metal10 = 0 um.
Total number of vias = 11765.
Up-via summary (total 11765):

----------------
 active        0
 metal1     5935
 metal2     5036
 metal3      515
 metal4      201
 metal5       78
 metal6        0
 metal7        0
 metal8        0
 metal9        0
----------------
       11765


[INFO DRT-0267] cpu time = 00:01:40, elapsed time = 00:00:41, memory = 949.91 (MB), peak = 1024.98 (MB)

[INFO DRT-0180] Post processing.
Took 46 seconds: detailed_route -output_drc /mnt/c/Users/Abhinav/OneDrive/Desktop/PACT/PACT/results/phase2d_independent_gp/raw/orfs/reports/nangate45/s5378/phase2c_s29_8d6459e76a03/5_route_drc.rpt -output_maze /mnt/c/Users/Abhinav/OneDrive/Desktop/PACT/PACT/results/phase2d_independent_gp/raw/orfs/results/nangate45/s5378/phase2c_s29_8d6459e76a03/maze.log -droute_end_iter 64 -verbose 1 -drc_report_iter_step 5
[WARNING GRT-0246] No diode with LEF class CORE ANTENNACELL found.
[INFO ANT-0002] Found 0 net violations.
[INFO ANT-0001] Found 0 pin violations.
[INFO ANT-0002] Found 0 net violations.
[INFO ANT-0001] Found 0 pin violations.
Design area 2587 um^2 37% utilization.
write_db /mnt/c/Users/Abhinav/OneDrive/Desktop/PACT/PACT/results/phase2d_independent_gp/raw/orfs/results/nangate45/s5378/phase2c_s29_8d6459e76a03/5_2_route.odb
Elapsed time: 0:49.65[h:]min:sec. CPU time: user 119.28 sys 2.00 (244%). Peak memory: 1049584KB.
Log                       Ext     Elapsed/s Peak Memory/MB sha1sum result [0:20)
5_2_route                 .odb           49           1024 a9ff7020abc56c840307
