OpenROAD 26Q2-1164-g08f67ee5ec 
Features included (+) or not (-): +GPU +GUI +Python
This program is licensed under the BSD-3 license. See the LICENSE file for details.
Components of this program may be licensed under more restrictive licenses which must be honored.
[INFO ORD-0030] Using 4 thread(s).
read_liberty /root/pact-deps/OpenROAD-flow-scripts/flow/platforms/nangate45/lib/NangateOpenCellLibrary_typical.lib
read_db /mnt/c/Users/Abhinav/OneDrive/Desktop/PACT/PACT/results/phase2c_repair_multiseed/raw/orfs/results/nangate45/s15850/phase2c_s13_ffae4066bf72/5_1_grt.odb
read_sdc /mnt/c/Users/Abhinav/OneDrive/Desktop/PACT/PACT/results/phase2c_repair_multiseed/raw/orfs/results/nangate45/s15850/phase2c_s13_ffae4066bf72/5_1_grt.sdc
source /root/pact-deps/OpenROAD-flow-scripts/flow/platforms/nangate45/setRC.tcl
detailed_route -output_drc /mnt/c/Users/Abhinav/OneDrive/Desktop/PACT/PACT/results/phase2c_repair_multiseed/raw/orfs/reports/nangate45/s15850/phase2c_s13_ffae4066bf72/5_route_drc.rpt -output_maze /mnt/c/Users/Abhinav/OneDrive/Desktop/PACT/PACT/results/phase2c_repair_multiseed/raw/orfs/results/nangate45/s15850/phase2c_s13_ffae4066bf72/maze.log -droute_end_iter 64 -verbose 1 -drc_report_iter_step 5
[INFO DRT-0149] Reading tech and libs.

Units:                2000
Number of layers:     21
Number of macros:     135
Number of vias:       33
Number of viarulegen: 19

[INFO DRT-0150] Reading design.

Design:                   s15850
Die area:                 ( 0 0 ) ( 295060 295060 )
Number of track patterns: 20
Number of DEF vias:       0
Number of components:     5391
Number of terminals:      235
Number of snets:          2
Number of nets:           5145

[INFO DRT-0167] List of default vias:
  Layer via2
    default via: via2_5
  Layer via3
    default via: via3_2
  Layer via4
    default via: via4_0
  Layer via5
    default via: via5_0
  Layer via6
    default via: via6_0
  Layer via7
    default via: via7_0
  Layer via8
    default via: via8_0
  Layer via9
    default via: via9_0
[INFO DRT-0162] Library cell analysis.
[INFO DRT-0163] Instance analysis.
[INFO DRT-0164] Number of unique instances = 57.
[INFO DRT-0168] Init region query.
[INFO DRT-0024]   Complete active.
[INFO DRT-0024]   Complete Fr_VIA.
[INFO DRT-0024]   Complete metal1.
[INFO DRT-0024]   Complete via1.
[INFO DRT-0024]   Complete metal2.
[INFO DRT-0024]   Complete via2.
[INFO DRT-0024]   Complete metal3.
[INFO DRT-0024]   Complete via3.
[INFO DRT-0024]   Complete metal4.
[INFO DRT-0024]   Complete via4.
[INFO DRT-0024]   Complete metal5.
[INFO DRT-0024]   Complete via5.
[INFO DRT-0024]   Complete metal6.
[INFO DRT-0024]   Complete via6.
[INFO DRT-0024]   Complete metal7.
[INFO DRT-0024]   Complete via7.
[INFO DRT-0024]   Complete metal8.
[INFO DRT-0024]   Complete via8.
[INFO DRT-0024]   Complete metal9.
[INFO DRT-0024]   Complete via9.
[INFO DRT-0024]   Complete metal10.
[INFO DRT-0033] active shape region query size = 0.
[INFO DRT-0033] FR_VIA shape region query size = 0.
[INFO DRT-0033] metal1 shape region query size = 88246.
[INFO DRT-0033] via1 shape region query size = 936.
[INFO DRT-0033] metal2 shape region query size = 624.
[INFO DRT-0033] via2 shape region query size = 936.
[INFO DRT-0033] metal3 shape region query size = 624.
[INFO DRT-0033] via3 shape region query size = 936.
[INFO DRT-0033] metal4 shape region query size = 348.
[INFO DRT-0033] via4 shape region query size = 300.
[INFO DRT-0033] metal5 shape region query size = 136.
[INFO DRT-0033] via5 shape region query size = 300.
[INFO DRT-0033] metal6 shape region query size = 217.
[INFO DRT-0033] via6 shape region query size = 120.
[INFO DRT-0033] metal7 shape region query size = 50.
[INFO DRT-0033] via7 shape region query size = 0.
[INFO DRT-0033] metal8 shape region query size = 0.
[INFO DRT-0033] via8 shape region query size = 0.
[INFO DRT-0033] metal9 shape region query size = 0.
[INFO DRT-0033] via9 shape region query size = 0.
[INFO DRT-0033] metal10 shape region query size = 0.
[INFO DRT-0165] Start pin access.
[INFO DRT-0078]   Complete 292 pins.
[INFO DRT-0081]   Complete 57 unique inst patterns.
[INFO DRT-0084]   Complete 3148 groups.
#scanned instances     = 5391
#unique  instances     = 57
#stdCellGenAp          = 1307
#stdCellValidPlanarAp  = 0
#stdCellValidViaAp     = 1013
#stdCellPinNoAp        = 0
#stdCellPinCnt         = 15558
#instTermValidViaApCnt = 0
#macroGenAp            = 0
#macroValidPlanarAp    = 0
#macroValidViaAp       = 0
#macroNoAp             = 0
[INFO DRT-0166] Complete pin access.
[INFO DRT-0267] cpu time = 00:00:50, elapsed time = 00:00:23, memory = 283.94 (MB), peak = 283.71 (MB)

[INFO DRT-0157] Number of guides:     43834

[INFO DRT-0169] Post process guides.
[INFO DRT-0176] GCELLGRID X 0 DO 51 STEP 5700 ;
[INFO DRT-0177] GCELLGRID Y 0 DO 51 STEP 5700 ;
[INFO DRT-0028]   Complete active.
[INFO DRT-0028]   Complete Fr_VIA.
[INFO DRT-0028]   Complete metal1.
[INFO DRT-0028]   Complete via1.
[INFO DRT-0028]   Complete metal2.
[INFO DRT-0028]   Complete via2.
[INFO DRT-0028]   Complete metal3.
[INFO DRT-0028]   Complete via3.
[INFO DRT-0028]   Complete metal4.
[INFO DRT-0028]   Complete via4.
[INFO DRT-0028]   Complete metal5.
[INFO DRT-0028]   Complete via5.
[INFO DRT-0028]   Complete metal6.
[INFO DRT-0028]   Complete via6.
[INFO DRT-0028]   Complete metal7.
[INFO DRT-0028]   Complete via7.
[INFO DRT-0028]   Complete metal8.
[INFO DRT-0028]   Complete via8.
[INFO DRT-0028]   Complete metal9.
[INFO DRT-0028]   Complete via9.
[INFO DRT-0028]   Complete metal10.
[INFO DRT-0178] Init guide query.
[INFO DRT-0035]   Complete active (guide).
[INFO DRT-0035]   Complete Fr_VIA (guide).
[INFO DRT-0035]   Complete metal1 (guide).
[INFO DRT-0035]   Complete via1 (guide).
[INFO DRT-0035]   Complete metal2 (guide).
[INFO DRT-0035]   Complete via2 (guide).
[INFO DRT-0035]   Complete metal3 (guide).
[INFO DRT-0035]   Complete via3 (guide).
[INFO DRT-0035]   Complete metal4 (guide).
[INFO DRT-0035]   Complete via4 (guide).
[INFO DRT-0035]   Complete metal5 (guide).
[INFO DRT-0035]   Complete via5 (guide).
[INFO DRT-0035]   Complete metal6 (guide).
[INFO DRT-0035]   Complete via6 (guide).
[INFO DRT-0035]   Complete metal7 (guide).
[INFO DRT-0035]   Complete via7 (guide).
[INFO DRT-0035]   Complete metal8 (guide).
[INFO DRT-0035]   Complete via8 (guide).
[INFO DRT-0035]   Complete metal9 (guide).
[INFO DRT-0035]   Complete via9 (guide).
[INFO DRT-0035]   Complete metal10 (guide).
[INFO DRT-0036] active guide region query size = 0.
[INFO DRT-0036] FR_VIA guide region query size = 0.
[INFO DRT-0036] metal1 guide region query size = 13868.
[INFO DRT-0036] via1 guide region query size = 0.
[INFO DRT-0036] metal2 guide region query size = 12743.
[INFO DRT-0036] via2 guide region query size = 0.
[INFO DRT-0036] metal3 guide region query size = 7355.
[INFO DRT-0036] via3 guide region query size = 0.
[INFO DRT-0036] metal4 guide region query size = 1440.
[INFO DRT-0036] via4 guide region query size = 0.
[INFO DRT-0036] metal5 guide region query size = 637.
[INFO DRT-0036] via5 guide region query size = 0.
[INFO DRT-0036] metal6 guide region query size = 236.
[INFO DRT-0036] via6 guide region query size = 0.
[INFO DRT-0036] metal7 guide region query size = 6.
[INFO DRT-0036] via7 guide region query size = 0.
[INFO DRT-0036] metal8 guide region query size = 0.
[INFO DRT-0036] via8 guide region query size = 0.
[INFO DRT-0036] metal9 guide region query size = 0.
[INFO DRT-0036] via9 guide region query size = 0.
[INFO DRT-0036] metal10 guide region query size = 0.
[INFO DRT-0179] Init gr pin query.
[INFO DRT-0267] cpu time = 00:00:00, elapsed time = 00:00:00, memory = 299.97 (MB), peak = 299.48 (MB)
[INFO DRT-0245] skipped writing guide updates to database.
[INFO DRT-0181] Start track assignment.
[INFO DRT-0184] Done with 14419 vertical wires in 2 frboxes and 21866 horizontal wires in 2 frboxes.
[INFO DRT-0186] Done with 4000 vertical wires in 2 frboxes and 4911 horizontal wires in 2 frboxes.
[INFO DRT-0182] Complete track assignment.
[INFO DRT-0267] cpu time = 00:00:04, elapsed time = 00:00:04, memory = 388.05 (MB), peak = 387.50 (MB)
[INFO DRT-0187] Start routing data preparation.
[INFO DRT-0267] cpu time = 00:00:00, elapsed time = 00:00:00, memory = 388.12 (MB), peak = 387.64 (MB)
[INFO DRT-0194] Start detail routing.
[INFO DRT-0195] Start 0th optimization iteration.
    Completing 10% with 0 violations.
    elapsed time = 00:00:04, memory = 444.50 (MB).
    Completing 20% with 0 violations.
    elapsed time = 00:00:07, memory = 481.12 (MB).
    Completing 30% with 120 violations.
    elapsed time = 00:00:12, memory = 522.96 (MB).
    Completing 40% with 120 violations.
    elapsed time = 00:00:17, memory = 544.09 (MB).
    Completing 50% with 120 violations.
    elapsed time = 00:00:23, memory = 509.37 (MB).
    Completing 60% with 259 violations.
    elapsed time = 00:00:31, memory = 534.53 (MB).
    Completing 70% with 259 violations.
    elapsed time = 00:00:32, memory = 535.68 (MB).
    Completing 80% with 401 violations.
    elapsed time = 00:00:41, memory = 584.59 (MB).
    Completing 90% with 401 violations.
    elapsed time = 00:00:47, memory = 594.46 (MB).
    Completing 100% with 617 violations.
    elapsed time = 00:00:50, memory = 543.52 (MB).
[INFO DRT-0199]   Number of violations = 909.
Viol/Layer      metal1 metal2 metal3 metal4   via4 metal5 metal6
Cut Spacing          0      0      0      0      3      0      0
Metal Spacing        0     49      8      5      0      0      0
Recheck              2    173    102     10      0      4      1
Short                0    508     41      2      0      1      0
[INFO DRT-0267] cpu time = 00:01:45, elapsed time = 00:00:52, memory = 1033.40 (MB), peak = 1032.88 (MB)
Total wire length = 85154 um.
Total wire length on LAYER metal1 = 0 um.
Total wire length on LAYER metal2 = 30061 um.
Total wire length on LAYER metal3 = 34761 um.
Total wire length on LAYER metal4 = 11696 um.
Total wire length on LAYER metal5 = 5736 um.
Total wire length on LAYER metal6 = 2643 um.
Total wire length on LAYER metal7 = 255 um.
Total wire length on LAYER metal8 = 0 um.
Total wire length on LAYER metal9 = 0 um.
Total wire length on LAYER metal10 = 0 um.
Total number of vias = 35588.
Up-via summary (total 35588):

----------------
 active        0
 metal1    15659
 metal2    16845
 metal3     1926
 metal4      853
 metal5      297
 metal6        8
 metal7        0
 metal8        0
 metal9        0
----------------
       35588


[INFO DRT-0195] Start 1st optimization iteration.
    Completing 10% with 909 violations.
    elapsed time = 00:00:03, memory = 1033.97 (MB).
    Completing 20% with 909 violations.
    elapsed time = 00:00:08, memory = 1041.72 (MB).
    Completing 30% with 732 violations.
    elapsed time = 00:00:11, memory = 1041.72 (MB).
    Completing 40% with 732 violations.
    elapsed time = 00:00:17, memory = 1041.73 (MB).
    Completing 50% with 732 violations.
    elapsed time = 00:00:22, memory = 1044.49 (MB).
    Completing 60% with 550 violations.
    elapsed time = 00:00:29, memory = 1075.50 (MB).
    Completing 70% with 550 violations.
    elapsed time = 00:00:33, memory = 1075.50 (MB).
    Completing 80% with 432 violations.
    elapsed time = 00:00:39, memory = 1047.96 (MB).
    Completing 90% with 432 violations.
    elapsed time = 00:00:42, memory = 1047.96 (MB).
    Completing 100% with 192 violations.
    elapsed time = 00:00:44, memory = 1047.96 (MB).
[INFO DRT-0199]   Number of violations = 192.
Viol/Layer      metal2 metal3
Metal Spacing       37      6
Short              127     22
[INFO DRT-0267] cpu time = 00:01:34, elapsed time = 00:00:45, memory = 1050.96 (MB), peak = 1079.88 (MB)
Total wire length = 84656 um.
Total wire length on LAYER metal1 = 0 um.
Total wire length on LAYER metal2 = 29918 um.
Total wire length on LAYER metal3 = 34571 um.
Total wire length on LAYER metal4 = 11635 um.
Total wire length on LAYER metal5 = 5656 um.
Total wire length on LAYER metal6 = 2620 um.
Total wire length on LAYER metal7 = 253 um.
Total wire length on LAYER metal8 = 0 um.
Total wire length on LAYER metal9 = 0 um.
Total wire length on LAYER metal10 = 0 um.
Total number of vias = 35282.
Up-via summary (total 35282):

----------------
 active        0
 metal1    15657
 metal2    16555
 metal3     1947
 metal4      822
 metal5      293
 metal6        8
 metal7        0
 metal8        0
 metal9        0
----------------
       35282


[INFO DRT-0195] Start 2nd optimization iteration.
    Completing 10% with 192 violations.
    elapsed time = 00:00:04, memory = 1050.96 (MB).
    Completing 20% with 192 violations.
    elapsed time = 00:00:06, memory = 1050.96 (MB).
    Completing 30% with 181 violations.
    elapsed time = 00:00:07, memory = 1050.96 (MB).
    Completing 40% with 181 violations.
    elapsed time = 00:00:12, memory = 1051.96 (MB).
    Completing 50% with 181 violations.
    elapsed time = 00:00:14, memory = 1051.96 (MB).
    Completing 60% with 164 violations.
    elapsed time = 00:00:17, memory = 1081.54 (MB).
    Completing 70% with 164 violations.
    elapsed time = 00:00:18, memory = 1081.54 (MB).
    Completing 80% with 159 violations.
    elapsed time = 00:00:21, memory = 1051.97 (MB).
    Completing 90% with 159 violations.
    elapsed time = 00:00:24, memory = 1051.97 (MB).
    Completing 100% with 177 violations.
    elapsed time = 00:00:28, memory = 1052.19 (MB).
[INFO DRT-0199]   Number of violations = 177.
Viol/Layer      metal2 metal3
Metal Spacing       38      1
Short              128     10
[INFO DRT-0267] cpu time = 00:01:17, elapsed time = 00:00:28, memory = 1055.19 (MB), peak = 1081.07 (MB)
Total wire length = 84505 um.
Total wire length on LAYER metal1 = 0 um.
Total wire length on LAYER metal2 = 29874 um.
Total wire length on LAYER metal3 = 34529 um.
Total wire length on LAYER metal4 = 11580 um.
Total wire length on LAYER metal5 = 5645 um.
Total wire length on LAYER metal6 = 2621 um.
Total wire length on LAYER metal7 = 253 um.
Total wire length on LAYER metal8 = 0 um.
Total wire length on LAYER metal9 = 0 um.
Total wire length on LAYER metal10 = 0 um.
Total number of vias = 35217.
Up-via summary (total 35217):

----------------
 active        0
 metal1    15646
 metal2    16535
 metal3     1924
 metal4      812
 metal5      292
 metal6        8
 metal7        0
 metal8        0
 metal9        0
----------------
       35217


[INFO DRT-0195] Start 3rd optimization iteration.
    Completing 10% with 177 violations.
    elapsed time = 00:00:00, memory = 1055.19 (MB).
    Completing 20% with 177 violations.
    elapsed time = 00:00:01, memory = 1055.19 (MB).
    Completing 30% with 125 violations.
    elapsed time = 00:00:01, memory = 1055.19 (MB).
    Completing 40% with 125 violations.
    elapsed time = 00:00:03, memory = 1055.19 (MB).
    Completing 50% with 125 violations.
    elapsed time = 00:00:05, memory = 1055.66 (MB).
    Completing 60% with 93 violations.
    elapsed time = 00:00:06, memory = 1055.66 (MB).
    Completing 70% with 93 violations.
    elapsed time = 00:00:07, memory = 1055.66 (MB).
    Completing 80% with 46 violations.
    elapsed time = 00:00:11, memory = 1055.66 (MB).
    Completing 90% with 46 violations.
    elapsed time = 00:00:11, memory = 1055.66 (MB).
    Completing 100% with 0 violations.
    elapsed time = 00:00:12, memory = 1055.66 (MB).
[INFO DRT-0199]   Number of violations = 0.
[INFO DRT-0267] cpu time = 00:00:37, elapsed time = 00:00:12, memory = 1055.66 (MB), peak = 1081.07 (MB)
Total wire length = 84477 um.
Total wire length on LAYER metal1 = 0 um.
Total wire length on LAYER metal2 = 29562 um.
Total wire length on LAYER metal3 = 34577 um.
Total wire length on LAYER metal4 = 11827 um.
Total wire length on LAYER metal5 = 5636 um.
Total wire length on LAYER metal6 = 2619 um.
Total wire length on LAYER metal7 = 253 um.
Total wire length on LAYER metal8 = 0 um.
Total wire length on LAYER metal9 = 0 um.
Total wire length on LAYER metal10 = 0 um.
Total number of vias = 35360.
Up-via summary (total 35360):

----------------
 active        0
 metal1    15648
 metal2    16589
 metal3     2011
 metal4      812
 metal5      292
 metal6        8
 metal7        0
 metal8        0
 metal9        0
----------------
       35360


[INFO DRT-0198] Complete detail routing.
Total wire length = 84477 um.
Total wire length on LAYER metal1 = 0 um.
Total wire length on LAYER metal2 = 29562 um.
Total wire length on LAYER metal3 = 34577 um.
Total wire length on LAYER metal4 = 11827 um.
Total wire length on LAYER metal5 = 5636 um.
Total wire length on LAYER metal6 = 2619 um.
Total wire length on LAYER metal7 = 253 um.
Total wire length on LAYER metal8 = 0 um.
Total wire length on LAYER metal9 = 0 um.
Total wire length on LAYER metal10 = 0 um.
Total number of vias = 35360.
Up-via summary (total 35360):

----------------
 active        0
 metal1    15648
 metal2    16589
 metal3     2011
 metal4      812
 metal5      292
 metal6        8
 metal7        0
 metal8        0
 metal9        0
----------------
       35360


[INFO DRT-0267] cpu time = 00:05:14, elapsed time = 00:02:19, memory = 1055.72 (MB), peak = 1081.07 (MB)

[INFO DRT-0180] Post processing.
Took 168 seconds: detailed_route -output_drc /mnt/c/Users/Abhinav/OneDrive/Desktop/PACT/PACT/results/phase2c_repair_multiseed/raw/orfs/reports/nangate45/s15850/phase2c_s13_ffae4066bf72/5_route_drc.rpt -output_maze /mnt/c/Users/Abhinav/OneDrive/Desktop/PACT/PACT/results/phase2c_repair_multiseed/raw/orfs/results/nangate45/s15850/phase2c_s13_ffae4066bf72/maze.log -droute_end_iter 64 -verbose 1 -drc_report_iter_step 5
[WARNING GRT-0246] No diode with LEF class CORE ANTENNACELL found.
[INFO ANT-0002] Found 0 net violations.
[INFO ANT-0001] Found 0 pin violations.
[INFO ANT-0002] Found 0 net violations.
[INFO ANT-0001] Found 0 pin violations.
Design area 7619 um^2 36% utilization.
write_db /mnt/c/Users/Abhinav/OneDrive/Desktop/PACT/PACT/results/phase2c_repair_multiseed/raw/orfs/results/nangate45/s15850/phase2c_s13_ffae4066bf72/5_2_route.odb
Elapsed time: 2:57.67[h:]min:sec. CPU time: user 375.46 sys 3.38 (213%). Peak memory: 1107016KB.
Log                       Ext     Elapsed/s Peak Memory/MB sha1sum result [0:20)
5_2_route                 .odb          177           1081 42f533483847f2e5aef8
