OpenROAD 26Q2-1164-g08f67ee5ec 
Features included (+) or not (-): +GPU +GUI +Python
This program is licensed under the BSD-3 license. See the LICENSE file for details.
Components of this program may be licensed under more restrictive licenses which must be honored.
[INFO ORD-0030] Using 4 thread(s).
read_liberty /root/pact-deps/OpenROAD-flow-scripts/flow/platforms/nangate45/lib/NangateOpenCellLibrary_typical.lib
read_db /mnt/c/Users/Abhinav/OneDrive/Desktop/PACT/PACT/results/phase2d_independent_gp/raw/orfs/results/nangate45/s5378/phase2c_s29_5f2b28506038/4_cts.odb
read_sdc /mnt/c/Users/Abhinav/OneDrive/Desktop/PACT/PACT/results/phase2d_independent_gp/raw/orfs/results/nangate45/s5378/phase2c_s29_5f2b28506038/4_cts.sdc
source /root/pact-deps/OpenROAD-flow-scripts/flow/platforms/nangate45/setRC.tcl
pin_access
[INFO DRT-0149] Reading tech and libs.

Units:                2000
Number of layers:     21
Number of macros:     135
Number of vias:       33
Number of viarulegen: 19

[INFO DRT-0150] Reading design.

Design:                   s5378
Die area:                 ( 0 0 ) ( 171970 171970 )
Number of track patterns: 20
Number of DEF vias:       0
Number of components:     2092
Number of terminals:      92
Number of snets:          2
Number of nets:           1998

[INFO DRT-0167] List of default vias:
  Layer via2
    default via: via2_5
  Layer via3
    default via: via3_2
  Layer via4
    default via: via4_0
  Layer via5
    default via: via5_0
  Layer via6
    default via: via6_0
  Layer via7
    default via: via7_0
  Layer via8
    default via: via8_0
  Layer via9
    default via: via9_0
[INFO DRT-0162] Library cell analysis.
[INFO DRT-0163] Instance analysis.
[INFO DRT-0164] Number of unique instances = 32.
[INFO DRT-0168] Init region query.
[INFO DRT-0024]   Complete active.
[INFO DRT-0024]   Complete Fr_VIA.
[INFO DRT-0024]   Complete metal1.
[INFO DRT-0024]   Complete via1.
[INFO DRT-0024]   Complete metal2.
[INFO DRT-0024]   Complete via2.
[INFO DRT-0024]   Complete metal3.
[INFO DRT-0024]   Complete via3.
[INFO DRT-0024]   Complete metal4.
[INFO DRT-0024]   Complete via4.
[INFO DRT-0024]   Complete metal5.
[INFO DRT-0024]   Complete via5.
[INFO DRT-0024]   Complete metal6.
[INFO DRT-0024]   Complete via6.
[INFO DRT-0024]   Complete metal7.
[INFO DRT-0024]   Complete via7.
[INFO DRT-0024]   Complete metal8.
[INFO DRT-0024]   Complete via8.
[INFO DRT-0024]   Complete metal9.
[INFO DRT-0024]   Complete via9.
[INFO DRT-0024]   Complete metal10.
[INFO DRT-0033] active shape region query size = 0.
[INFO DRT-0033] FR_VIA shape region query size = 0.
[INFO DRT-0033] metal1 shape region query size = 29341.
[INFO DRT-0033] via1 shape region query size = 270.
[INFO DRT-0033] metal2 shape region query size = 180.
[INFO DRT-0033] via2 shape region query size = 270.
[INFO DRT-0033] metal3 shape region query size = 180.
[INFO DRT-0033] via3 shape region query size = 270.
[INFO DRT-0033] metal4 shape region query size = 102.
[INFO DRT-0033] via4 shape region query size = 90.
[INFO DRT-0033] metal5 shape region query size = 75.
[INFO DRT-0033] via5 shape region query size = 90.
[INFO DRT-0033] metal6 shape region query size = 51.
[INFO DRT-0033] via6 shape region query size = 36.
[INFO DRT-0033] metal7 shape region query size = 21.
[INFO DRT-0033] via7 shape region query size = 0.
[INFO DRT-0033] metal8 shape region query size = 0.
[INFO DRT-0033] via8 shape region query size = 0.
[INFO DRT-0033] metal9 shape region query size = 0.
[INFO DRT-0033] via9 shape region query size = 0.
[INFO DRT-0033] metal10 shape region query size = 0.
[INFO DRT-0165] Start pin access.
[INFO DRT-0078]   Complete 152 pins.
[INFO DRT-0081]   Complete 32 unique inst patterns.
[INFO DRT-0084]   Complete 1055 groups.
#scanned instances     = 2092
#unique  instances     = 32
#stdCellGenAp          = 613
#stdCellValidPlanarAp  = 0
#stdCellValidViaAp     = 487
#stdCellPinNoAp        = 0
#stdCellPinCnt         = 5903
#instTermValidViaApCnt = 0
#macroGenAp            = 0
#macroValidPlanarAp    = 0
#macroValidViaAp       = 0
#macroNoAp             = 0
[INFO DRT-0166] Complete pin access.
[INFO DRT-0267] cpu time = 00:00:15, elapsed time = 00:00:03, memory = 116.09 (MB), peak = 115.60 (MB)
set_global_routing_random -seed 29
global_route -congestion_report_file /mnt/c/Users/Abhinav/OneDrive/Desktop/PACT/PACT/results/phase2d_independent_gp/raw/orfs/reports/nangate45/s5378/phase2c_s29_5f2b28506038/congestion.rpt -congestion_iterations 30 -congestion_report_iter_step 5 -verbose
[INFO GRT-0020] Min routing layer: metal2
[INFO GRT-0021] Max routing layer: metal10
[INFO GRT-0022] Global adjustment: 0%
[INFO GRT-0023] Grid origin: (0, 0)
[INFO GRT-0088] Layer metal1  Track-Pitch = 0.1400  line-2-Via Pitch: 0.1350
[INFO GRT-0088] Layer metal2  Track-Pitch = 0.1900  line-2-Via Pitch: 0.1400
[INFO GRT-0088] Layer metal3  Track-Pitch = 0.1400  line-2-Via Pitch: 0.1400
[INFO GRT-0088] Layer metal4  Track-Pitch = 0.2800  line-2-Via Pitch: 0.2800
[INFO GRT-0088] Layer metal5  Track-Pitch = 0.2800  line-2-Via Pitch: 0.2800
[INFO GRT-0088] Layer metal6  Track-Pitch = 0.2800  line-2-Via Pitch: 0.2800
[INFO GRT-0088] Layer metal7  Track-Pitch = 0.8000  line-2-Via Pitch: 0.8000
[INFO GRT-0088] Layer metal8  Track-Pitch = 0.8000  line-2-Via Pitch: 0.8000
[INFO GRT-0088] Layer metal9  Track-Pitch = 1.6000  line-2-Via Pitch: 1.6000
[INFO GRT-0088] Layer metal10 Track-Pitch = 1.6000  line-2-Via Pitch: 1.6000
[INFO GRT-0003] Macros: 0
[INFO GRT-0004] Blockages: 0
[INFO GRT-0019] Found 18 clock nets.
[INFO GRT-0001] Minimum degree: 2
[INFO GRT-0002] Maximum degree: 39

[INFO GRT-0053] Routing resources analysis:
          Routing      Original      Derated      Resource
Layer     Direction    Resources     Resources    Reduction (%)
---------------------------------------------------------------
metal1     Horizontal          0             0          0.00%
metal2     Vertical        12818          6032          52.94%
metal3     Horizontal      17709          8695          50.90%
metal4     Vertical         8700          6148          29.33%
metal5     Horizontal       8855          6255          29.36%
metal6     Vertical         8880          6276          29.32%
metal7     Horizontal       2726          1972          27.66%
metal8     Vertical         3103          2233          28.04%
metal9     Horizontal       1537           870          43.40%
metal10    Vertical         1537           870          43.40%
---------------------------------------------------------------

[INFO GRT-0197] Via related to pin nodes: 9252
[INFO GRT-0198] Via related Steiner nodes: 111
[INFO GRT-0199] Via filling finished.
[INFO GRT-0111] Final number of vias: 11358
[INFO GRT-0112] Final usage 3D: 40764

[INFO GRT-0096] Final congestion report:
Layer         Resource        Demand        Usage (%)    Max H / Max V / Total Overflow
---------------------------------------------------------------------------------------
metal1               0             0            0.00%             0 /  0 /  0
metal2            6032          2517           41.73%             0 /  0 /  0
metal3            8695          2863           32.93%             0 /  0 /  0
metal4            6148           840           13.66%             0 /  0 /  0
metal5            6255           348            5.56%             0 /  0 /  0
metal6            6276           122            1.94%             0 /  0 /  0
metal7            1972             0            0.00%             0 /  0 /  0
metal8            2233             0            0.00%             0 /  0 /  0
metal9             870             0            0.00%             0 /  0 /  0
metal10            870             0            0.00%             0 /  0 /  0
---------------------------------------------------------------------------------------
Total            39351          6690           17.00%             0 /  0 /  0

[INFO GRT-0018] Total wirelength: 29001 um
[INFO GRT-0014] Routed nets: 1998
[INFO GRT-0303] Global routing runtime = 00:00:00
estimate_parasitics -global_routing
Perform buffer insertion and gate resizing...
repair_design -verbose
Iteration |   Area    | Resized | Buffers | Nets repaired | Remaining
---------------------------------------------------------------------
        0 |     +0.0% |       0 |       0 |             0 |      2192
       10 |     +0.0% |       0 |       0 |             0 |      2182
       20 |     +0.0% |       0 |       0 |             0 |      2172
       30 |     +0.0% |       0 |       0 |             0 |      2162
       40 |     +0.0% |       0 |       0 |             0 |      2152
       50 |     +0.0% |       0 |       0 |             0 |      2142
       60 |     +0.0% |       0 |       0 |             0 |      2132
       70 |     +0.0% |       0 |       0 |             0 |      2122
       80 |     +0.0% |       0 |       0 |             0 |      2112
       90 |     +0.0% |       0 |       0 |             0 |      2102
      100 |     +0.0% |       0 |       0 |             0 |      2092
      110 |     +0.0% |       0 |       0 |             0 |      2082
      120 |     +0.0% |       0 |       0 |             0 |      2072
      130 |     +0.0% |       0 |       0 |             0 |      2062
      140 |     +0.0% |       0 |       0 |             0 |      2052
      150 |     +0.0% |       0 |       0 |             0 |      2042
      160 |     +0.0% |       0 |       0 |             0 |      2032
      170 |     +0.0% |       0 |       0 |             0 |      2022
      180 |     +0.0% |       0 |       0 |             0 |      2012
      190 |     +0.0% |       0 |       0 |             0 |      2002
      200 |     +0.0% |       0 |       0 |             0 |      1992
      210 |     +0.0% |       0 |       0 |             0 |      1982
      220 |     +0.0% |       0 |       0 |             0 |      1972
      230 |     +0.0% |       0 |       0 |             0 |      1962
      240 |     +0.0% |       0 |       0 |             0 |      1952
      250 |     +0.0% |       0 |       0 |             0 |      1942
      260 |     +0.0% |       0 |       0 |             0 |      1932
      270 |     +0.0% |       0 |       0 |             0 |      1922
      280 |     +0.0% |       0 |       0 |             0 |      1912
      290 |     +0.0% |       0 |       0 |             0 |      1902
      300 |     +0.0% |       0 |       0 |             0 |      1892
      310 |     +0.0% |       0 |       0 |             0 |      1882
      320 |     +0.0% |       0 |       0 |             0 |      1872
      330 |     +0.0% |       0 |       0 |             0 |      1862
      340 |     +0.0% |       0 |       0 |             0 |      1852
      350 |     +0.0% |       0 |       0 |             0 |      1842
      360 |     +0.0% |       0 |       0 |             0 |      1832
      370 |     +0.0% |       0 |       0 |             0 |      1822
      380 |     +0.0% |       0 |       0 |             0 |      1812
      390 |     +0.0% |       0 |       0 |             0 |      1802
      400 |     +0.0% |       0 |       0 |             0 |      1792
      410 |     +0.0% |       0 |       0 |             0 |      1782
      420 |     +0.0% |       0 |       0 |             0 |      1772
      430 |     +0.0% |       0 |       0 |             0 |      1762
      440 |     +0.0% |       0 |       0 |             0 |      1752
      450 |     +0.0% |       0 |       0 |             0 |      1742
      460 |     +0.0% |       0 |       0 |             0 |      1732
      470 |     +0.0% |       0 |       0 |             0 |      1722
      480 |     +0.0% |       0 |       0 |             0 |      1712
      490 |     +0.0% |       0 |       0 |             0 |      1702
      500 |     +0.0% |       0 |       0 |             0 |      1692
      510 |     +0.0% |       0 |       0 |             0 |      1682
      520 |     +0.0% |       0 |       0 |             0 |      1672
      530 |     +0.0% |       0 |       0 |             0 |      1662
      540 |     +0.0% |       0 |       0 |             0 |      1652
      550 |     +0.0% |       0 |       0 |             0 |      1642
      560 |     +0.0% |       0 |       0 |             0 |      1632
      570 |     +0.0% |       0 |       0 |             0 |      1622
      580 |     +0.0% |       0 |       0 |             0 |      1612
      590 |     +0.0% |       0 |       0 |             0 |      1602
      600 |     +0.0% |       0 |       0 |             1 |      1592
      610 |     +0.0% |       0 |       0 |             1 |      1582
      620 |     +0.0% |       0 |       0 |             1 |      1572
      630 |     +0.0% |       0 |       0 |             1 |      1562
      640 |     +0.0% |       0 |       0 |             1 |      1552
      650 |     +0.0% |       0 |       0 |             1 |      1542
      660 |     +0.0% |       0 |       0 |             1 |      1532
      670 |     +0.0% |       0 |       0 |             1 |      1522
      680 |     +0.0% |       0 |       0 |             1 |      1512
      690 |     +0.0% |       0 |       0 |             1 |      1502
      700 |     +0.0% |       0 |       0 |             1 |      1492
      710 |     +0.0% |       0 |       0 |             1 |      1482
      720 |     +0.0% |       0 |       0 |             1 |      1472
      730 |     +0.0% |       0 |       0 |             1 |      1462
      740 |     +0.0% |       0 |       0 |             1 |      1452
      750 |     +0.0% |       0 |       0 |             1 |      1442
      760 |     +0.0% |       0 |       0 |             1 |      1432
      770 |     +0.0% |       0 |       0 |             1 |      1422
      780 |     +0.0% |       0 |       0 |             1 |      1412
      790 |     +0.0% |       0 |       0 |             1 |      1402
      800 |     +0.0% |       0 |       0 |             1 |      1392
      810 |     +0.0% |       0 |       0 |             1 |      1382
      820 |     +0.0% |       0 |       0 |             1 |      1372
      830 |     +0.0% |       0 |       0 |             1 |      1362
      840 |     +0.0% |       0 |       0 |             1 |      1352
      850 |     +0.0% |       0 |       0 |             1 |      1342
      860 |     +0.0% |       0 |       0 |             1 |      1332
      870 |     +0.0% |       0 |       0 |             1 |      1322
      880 |     +0.0% |       0 |       0 |             1 |      1312
      890 |     +0.0% |       0 |       0 |             1 |      1302
      900 |     +0.0% |       0 |       0 |             1 |      1292
      910 |     +0.0% |       0 |       0 |             1 |      1282
      920 |     +0.0% |       0 |       0 |             1 |      1272
      930 |     +0.0% |       0 |       0 |             1 |      1262
      940 |     +0.0% |       0 |       0 |             1 |      1252
      950 |     +0.0% |       0 |       0 |             1 |      1242
      960 |     +0.0% |       0 |       0 |             1 |      1232
      970 |     +0.0% |       0 |       0 |             1 |      1222
      980 |     +0.0% |       0 |       0 |             1 |      1212
      990 |     +0.0% |       0 |       0 |             1 |      1202
     1000 |     +0.0% |       0 |       0 |             1 |      1192
     1010 |     +0.0% |       0 |       0 |             1 |      1182
     1020 |     +0.0% |       0 |       0 |             1 |      1172
     1030 |     +0.0% |       0 |       0 |             1 |      1162
     1040 |     +0.0% |       0 |       0 |             1 |      1152
     1050 |     +0.0% |       0 |       0 |             1 |      1142
     1060 |     +0.0% |       0 |       0 |             1 |      1132
     1070 |     +0.0% |       0 |       0 |             1 |      1122
     1080 |     +0.0% |       0 |       0 |             1 |      1112
     1090 |     +0.0% |       0 |       0 |             1 |      1102
     1100 |     +0.0% |       0 |       0 |             1 |      1092
     1110 |     +0.0% |       0 |       0 |             1 |      1082
     1120 |     +0.0% |       0 |       0 |             1 |      1072
     1130 |     +0.0% |       0 |       0 |             1 |      1062
     1140 |     +0.0% |       0 |       0 |             1 |      1052
     1150 |     +0.0% |       0 |       0 |             1 |      1042
     1160 |     +0.0% |       0 |       0 |             1 |      1032
     1170 |     +0.0% |       0 |       0 |             1 |      1022
     1180 |     +0.0% |       0 |       0 |             1 |      1012
     1190 |     +0.0% |       0 |       0 |             1 |      1002
     1200 |     +0.0% |       0 |       0 |             1 |       992
     1210 |     +0.0% |       0 |       0 |             1 |       982
     1220 |     +0.0% |       0 |       0 |             1 |       972
     1230 |     +0.0% |       0 |       0 |             1 |       962
     1240 |     +0.0% |       0 |       0 |             1 |       952
     1250 |     +0.0% |       0 |       0 |             1 |       942
     1260 |     +0.0% |       0 |       0 |             1 |       932
     1270 |     +0.0% |       0 |       0 |             1 |       922
     1280 |     +0.0% |       0 |       0 |             1 |       912
     1290 |     +0.0% |       0 |       0 |             1 |       902
     1300 |     +0.0% |       0 |       0 |             1 |       892
     1310 |     +0.0% |       0 |       0 |             1 |       882
     1320 |     +0.0% |       0 |       0 |             1 |       872
     1330 |     +0.0% |       0 |       0 |             1 |       862
     1340 |     +0.0% |       0 |       0 |             1 |       852
     1350 |     +0.0% |       0 |       0 |             1 |       842
     1360 |     +0.0% |       0 |       0 |             1 |       832
     1370 |     +0.0% |       0 |       0 |             1 |       822
     1380 |     +0.0% |       0 |       0 |             1 |       812
     1390 |     +0.0% |       0 |       0 |             1 |       802
     1400 |     +0.0% |       0 |       0 |             1 |       792
     1410 |     +0.0% |       0 |       0 |             1 |       782
     1420 |     +0.0% |       0 |       0 |             1 |       772
     1430 |     +0.0% |       0 |       0 |             1 |       762
     1440 |     +0.0% |       0 |       0 |             1 |       752
     1450 |     +0.0% |       0 |       0 |             1 |       742
     1460 |     +0.0% |       0 |       0 |             1 |       732
     1470 |     +0.0% |       0 |       0 |             1 |       722
     1480 |     +0.0% |       0 |       0 |             1 |       712
     1490 |     +0.0% |       0 |       0 |             1 |       702
     1500 |     +0.0% |       0 |       0 |             1 |       692
     1510 |     +0.0% |       0 |       0 |             1 |       682
     1520 |     +0.0% |       0 |       0 |             1 |       672
     1530 |     +0.0% |       0 |       0 |             1 |       662
     1540 |     +0.0% |       0 |       0 |             1 |       652
     1550 |     +0.0% |       0 |       0 |             1 |       642
     1560 |     +0.0% |       0 |       0 |             1 |       632
     1570 |     +0.0% |       0 |       0 |             1 |       622
     1580 |     +0.0% |       0 |       0 |             1 |       612
     1590 |     +0.0% |       0 |       0 |             1 |       602
     1600 |     +0.0% |       0 |       0 |             1 |       592
     1610 |     +0.0% |       0 |       0 |             1 |       582
     1620 |     +0.0% |       0 |       0 |             1 |       572
     1630 |     +0.0% |       0 |       0 |             1 |       562
     1640 |     +0.0% |       0 |       0 |             1 |       552
     1650 |     +0.0% |       0 |       0 |             1 |       542
     1660 |     +0.0% |       0 |       0 |             1 |       532
     1670 |     +0.0% |       0 |       0 |             1 |       522
     1680 |     +0.0% |       0 |       0 |             1 |       512
     1690 |     +0.0% |       0 |       0 |             1 |       502
     1700 |     +0.0% |       0 |       0 |             1 |       492
     1710 |     +0.0% |       0 |       0 |             1 |       482
     1720 |     +0.0% |       0 |       0 |             1 |       472
     1730 |     +0.0% |       0 |       0 |             1 |       462
     1740 |     +0.0% |       0 |       0 |             1 |       452
     1750 |     +0.0% |       0 |       0 |             1 |       442
     1760 |     +0.0% |       0 |       0 |             1 |       432
     1770 |     +0.0% |       0 |       0 |             1 |       422
     1780 |     +0.0% |       0 |       0 |             1 |       412
     1790 |     +0.0% |       0 |       0 |             1 |       402
     1800 |     +0.0% |       0 |       0 |             1 |       392
     1810 |     +0.0% |       0 |       0 |             1 |       382
     1820 |     +0.0% |       0 |       0 |             1 |       372
     1830 |     +0.0% |       0 |       0 |             1 |       362
     1840 |     +0.0% |       0 |       0 |             1 |       352
     1850 |     +0.0% |       0 |       0 |             1 |       342
     1860 |     +0.0% |       0 |       0 |             1 |       332
     1870 |     +0.0% |       0 |       0 |             1 |       322
     1880 |     +0.0% |       0 |       0 |             1 |       312
     1890 |     +0.0% |       0 |       0 |             1 |       302
     1900 |     +0.0% |       0 |       0 |             1 |       292
     1910 |     +0.0% |       0 |       0 |             1 |       282
     1920 |     +0.0% |       0 |       0 |             1 |       272
     1930 |     +0.0% |       0 |       0 |             1 |       262
     1940 |     +0.0% |       0 |       0 |             1 |       252
     1950 |     +0.0% |       0 |       0 |             1 |       242
     1960 |     +0.0% |       0 |       0 |             1 |       232
     1970 |     +0.0% |       0 |       0 |             1 |       222
     1980 |     +0.0% |       0 |       0 |             1 |       212
     1990 |     +0.0% |       0 |       0 |             1 |       202
     2000 |     +0.0% |       0 |       0 |             1 |       192
     2010 |     +0.0% |       0 |       0 |             1 |       182
     2020 |     +0.0% |       0 |       0 |             1 |       172
     2030 |     +0.0% |       0 |       0 |             1 |       162
     2040 |     +0.0% |       0 |       0 |             1 |       152
     2050 |     +0.0% |       0 |       0 |             1 |       142
     2060 |     +0.0% |       0 |       0 |             1 |       132
     2070 |     +0.0% |       0 |       0 |             1 |       122
     2080 |     +0.0% |       0 |       0 |             1 |       112
     2090 |     +0.0% |       0 |       0 |             1 |       102
     2100 |     +0.0% |       0 |       0 |             1 |        92
     2110 |     +0.0% |       0 |       0 |             1 |        82
     2120 |     +0.0% |       0 |       0 |             1 |        72
     2130 |     +0.0% |       0 |       0 |             1 |        62
     2140 |     +0.0% |       0 |       0 |             1 |        52
     2150 |     +0.0% |       0 |       0 |             1 |        42
     2160 |     +0.0% |       0 |       0 |             1 |        32
     2170 |     +0.0% |       0 |       0 |             1 |        22
     2180 |     +0.0% |       0 |       0 |             1 |        12
     2190 |     +0.0% |       0 |       0 |             1 |         2
    final |     +0.0% |       0 |       0 |             1 |         0
---------------------------------------------------------------------
[INFO RSZ-0036] Found 1 capacitance violations.
global_route -start_incremental
detailed_placement
[INFO DPL-0006] Core area: 6921.05 um^2, Instances area: 2587.38 um^2, Utilization: 37.4%
[INFO DPL-0005] Diamond search max displacement: +/- 500 sites horizontally, +/- 100 rows vertically.
[INFO DPL-1101] Legalizing using diamond search.
Movements Summary
---------------------------------------
Total cells:                    1974
Diamond Move Success:           1974 (100.00%)
Diamond Move Failure:              0
Rip-up and replace Success:        0 (  0.00% of diamond failures)
Rip-up and replace Failure:        0
Total Placement Failures:          0
---------------------------------------
Placement Analysis
---------------------------------
total displacement          0.0 u
average displacement        0.0 u
max displacement            0.0 u
original HPWL           17022.5 u
legalized HPWL          17022.5 u
delta HPWL                    0 %

global_route -end_incremental -congestion_report_file /mnt/c/Users/Abhinav/OneDrive/Desktop/PACT/PACT/results/phase2d_independent_gp/raw/orfs/reports/nangate45/s5378/phase2c_s29_5f2b28506038/congestion_post_repair_design.rpt
Repair setup and hold violations...
estimate_parasitics -global_routing
repair_timing -setup_margin 0 -hold_margin 0 -repair_tns 100 -verbose
[INFO RSZ-0100] Repair move sequence: UnbufferMove SizeUpMove SwapPinsMove BufferMove CloneMove SplitLoadMove 
[INFO RSZ-0098] No setup violations found
[INFO RSZ-0033] No hold violations found.
global_route -start_incremental
detailed_placement
[INFO DPL-0006] Core area: 6921.05 um^2, Instances area: 2587.38 um^2, Utilization: 37.4%
[INFO DPL-0005] Diamond search max displacement: +/- 500 sites horizontally, +/- 100 rows vertically.
[INFO DPL-1101] Legalizing using diamond search.
Movements Summary
---------------------------------------
Total cells:                    1974
Diamond Move Success:           1974 (100.00%)
Diamond Move Failure:              0
Rip-up and replace Success:        0 (  0.00% of diamond failures)
Rip-up and replace Failure:        0
Total Placement Failures:          0
---------------------------------------
Placement Analysis
---------------------------------
total displacement          0.0 u
average displacement        0.0 u
max displacement            0.0 u
original HPWL           17022.5 u
legalized HPWL          17022.5 u
delta HPWL                    0 %

check_placement -verbose
global_route -end_incremental -congestion_report_file /mnt/c/Users/Abhinav/OneDrive/Desktop/PACT/PACT/results/phase2d_independent_gp/raw/orfs/reports/nangate45/s5378/phase2c_s29_5f2b28506038/congestion_post_repair_timing.rpt
estimate_parasitics -global_routing
global_route -start_incremental
global_route -end_incremental -congestion_report_file /mnt/c/Users/Abhinav/OneDrive/Desktop/PACT/PACT/results/phase2d_independent_gp/raw/orfs/reports/nangate45/s5378/phase2c_s29_5f2b28506038/congestion_post_recover_power.rpt
Repair antennas...
[WARNING GRT-0246] No diode with LEF class CORE ANTENNACELL found.
[INFO ANT-0002] Found 0 net violations.
[INFO ANT-0001] Found 0 pin violations.
Estimate parasitics...
estimate_parasitics -global_routing
Report metrics stage 5, global route...

==========================================================================
global route report_design_area
--------------------------------------------------------------------------
Design area 2587 um^2 37% utilization.
[INFO FLW-0007] clock clk period 10.000000
[INFO FLW-0008] Clock clk period 0.820
[INFO FLW-0009] Clock clk slack 9.136
write_sdc -no_timestamp /mnt/c/Users/Abhinav/OneDrive/Desktop/PACT/PACT/results/phase2d_independent_gp/raw/orfs/results/nangate45/s5378/phase2c_s29_5f2b28506038/updated_clks.sdc
[INFO FLW-0011] Path endpoint path count 782
write_db /mnt/c/Users/Abhinav/OneDrive/Desktop/PACT/PACT/results/phase2d_independent_gp/raw/orfs/results/nangate45/s5378/phase2c_s29_5f2b28506038/5_1_grt.odb
write_sdc -no_timestamp /mnt/c/Users/Abhinav/OneDrive/Desktop/PACT/PACT/results/phase2d_independent_gp/raw/orfs/results/nangate45/s5378/phase2c_s29_5f2b28506038/5_1_grt.sdc
Elapsed time: 0:09.95[h:]min:sec. CPU time: user 20.03 sys 1.03 (211%). Peak memory: 309080KB.
Log                       Ext     Elapsed/s Peak Memory/MB sha1sum result [0:20)
5_1_grt                   .odb            9            301 337d65f038f56e6fab01
5_1_grt                   .sdc                             dc3b136b356fec3f3ef5
