OpenROAD 26Q2-1164-g08f67ee5ec 
Features included (+) or not (-): +GPU +GUI +Python
This program is licensed under the BSD-3 license. See the LICENSE file for details.
Components of this program may be licensed under more restrictive licenses which must be honored.
[INFO ORD-0030] Using 4 thread(s).
read_liberty /root/pact-deps/OpenROAD-flow-scripts/flow/platforms/nangate45/lib/NangateOpenCellLibrary_typical.lib
read_db /mnt/c/Users/Abhinav/OneDrive/Desktop/PACT/PACT/results/phase2d_independent_gp/raw/orfs/results/nangate45/s5378/phase2c_s29_5f2b28506038/5_1_grt.odb
read_sdc /mnt/c/Users/Abhinav/OneDrive/Desktop/PACT/PACT/results/phase2d_independent_gp/raw/orfs/results/nangate45/s5378/phase2c_s29_5f2b28506038/5_1_grt.sdc
source /root/pact-deps/OpenROAD-flow-scripts/flow/platforms/nangate45/setRC.tcl
detailed_route -output_drc /mnt/c/Users/Abhinav/OneDrive/Desktop/PACT/PACT/results/phase2d_independent_gp/raw/orfs/reports/nangate45/s5378/phase2c_s29_5f2b28506038/5_route_drc.rpt -output_maze /mnt/c/Users/Abhinav/OneDrive/Desktop/PACT/PACT/results/phase2d_independent_gp/raw/orfs/results/nangate45/s5378/phase2c_s29_5f2b28506038/maze.log -droute_end_iter 64 -verbose 1 -drc_report_iter_step 5
[INFO DRT-0149] Reading tech and libs.

Units:                2000
Number of layers:     21
Number of macros:     135
Number of vias:       33
Number of viarulegen: 19

[INFO DRT-0150] Reading design.

Design:                   s5378
Die area:                 ( 0 0 ) ( 171970 171970 )
Number of track patterns: 20
Number of DEF vias:       0
Number of components:     2092
Number of terminals:      92
Number of snets:          2
Number of nets:           1998

[INFO DRT-0167] List of default vias:
  Layer via2
    default via: via2_5
  Layer via3
    default via: via3_2
  Layer via4
    default via: via4_0
  Layer via5
    default via: via5_0
  Layer via6
    default via: via6_0
  Layer via7
    default via: via7_0
  Layer via8
    default via: via8_0
  Layer via9
    default via: via9_0
[INFO DRT-0162] Library cell analysis.
[INFO DRT-0163] Instance analysis.
[INFO DRT-0164] Number of unique instances = 32.
[INFO DRT-0168] Init region query.
[INFO DRT-0024]   Complete active.
[INFO DRT-0024]   Complete Fr_VIA.
[INFO DRT-0024]   Complete metal1.
[INFO DRT-0024]   Complete via1.
[INFO DRT-0024]   Complete metal2.
[INFO DRT-0024]   Complete via2.
[INFO DRT-0024]   Complete metal3.
[INFO DRT-0024]   Complete via3.
[INFO DRT-0024]   Complete metal4.
[INFO DRT-0024]   Complete via4.
[INFO DRT-0024]   Complete metal5.
[INFO DRT-0024]   Complete via5.
[INFO DRT-0024]   Complete metal6.
[INFO DRT-0024]   Complete via6.
[INFO DRT-0024]   Complete metal7.
[INFO DRT-0024]   Complete via7.
[INFO DRT-0024]   Complete metal8.
[INFO DRT-0024]   Complete via8.
[INFO DRT-0024]   Complete metal9.
[INFO DRT-0024]   Complete via9.
[INFO DRT-0024]   Complete metal10.
[INFO DRT-0033] active shape region query size = 0.
[INFO DRT-0033] FR_VIA shape region query size = 0.
[INFO DRT-0033] metal1 shape region query size = 29341.
[INFO DRT-0033] via1 shape region query size = 270.
[INFO DRT-0033] metal2 shape region query size = 180.
[INFO DRT-0033] via2 shape region query size = 270.
[INFO DRT-0033] metal3 shape region query size = 180.
[INFO DRT-0033] via3 shape region query size = 270.
[INFO DRT-0033] metal4 shape region query size = 102.
[INFO DRT-0033] via4 shape region query size = 90.
[INFO DRT-0033] metal5 shape region query size = 75.
[INFO DRT-0033] via5 shape region query size = 90.
[INFO DRT-0033] metal6 shape region query size = 51.
[INFO DRT-0033] via6 shape region query size = 36.
[INFO DRT-0033] metal7 shape region query size = 21.
[INFO DRT-0033] via7 shape region query size = 0.
[INFO DRT-0033] metal8 shape region query size = 0.
[INFO DRT-0033] via8 shape region query size = 0.
[INFO DRT-0033] metal9 shape region query size = 0.
[INFO DRT-0033] via9 shape region query size = 0.
[INFO DRT-0033] metal10 shape region query size = 0.
[INFO DRT-0165] Start pin access.
[INFO DRT-0078]   Complete 152 pins.
[INFO DRT-0081]   Complete 32 unique inst patterns.
[INFO DRT-0084]   Complete 1055 groups.
#scanned instances     = 2092
#unique  instances     = 32
#stdCellGenAp          = 613
#stdCellValidPlanarAp  = 0
#stdCellValidViaAp     = 487
#stdCellPinNoAp        = 0
#stdCellPinCnt         = 5903
#instTermValidViaApCnt = 0
#macroGenAp            = 0
#macroValidPlanarAp    = 0
#macroValidViaAp       = 0
#macroNoAp             = 0
[INFO DRT-0166] Complete pin access.
[INFO DRT-0267] cpu time = 00:00:15, elapsed time = 00:00:04, memory = 261.15 (MB), peak = 260.86 (MB)

[INFO DRT-0157] Number of guides:     12883

[INFO DRT-0169] Post process guides.
[INFO DRT-0176] GCELLGRID X 0 DO 30 STEP 5700 ;
[INFO DRT-0177] GCELLGRID Y 0 DO 30 STEP 5700 ;
[INFO DRT-0028]   Complete active.
[INFO DRT-0028]   Complete Fr_VIA.
[INFO DRT-0028]   Complete metal1.
[INFO DRT-0028]   Complete via1.
[INFO DRT-0028]   Complete metal2.
[INFO DRT-0028]   Complete via2.
[INFO DRT-0028]   Complete metal3.
[INFO DRT-0028]   Complete via3.
[INFO DRT-0028]   Complete metal4.
[INFO DRT-0028]   Complete via4.
[INFO DRT-0028]   Complete metal5.
[INFO DRT-0028]   Complete via5.
[INFO DRT-0028]   Complete metal6.
[INFO DRT-0028]   Complete via6.
[INFO DRT-0028]   Complete metal7.
[INFO DRT-0028]   Complete via7.
[INFO DRT-0028]   Complete metal8.
[INFO DRT-0028]   Complete via8.
[INFO DRT-0028]   Complete metal9.
[INFO DRT-0028]   Complete via9.
[INFO DRT-0028]   Complete metal10.
[INFO DRT-0178] Init guide query.
[INFO DRT-0035]   Complete active (guide).
[INFO DRT-0035]   Complete Fr_VIA (guide).
[INFO DRT-0035]   Complete metal1 (guide).
[INFO DRT-0035]   Complete via1 (guide).
[INFO DRT-0035]   Complete metal2 (guide).
[INFO DRT-0035]   Complete via2 (guide).
[INFO DRT-0035]   Complete metal3 (guide).
[INFO DRT-0035]   Complete via3 (guide).
[INFO DRT-0035]   Complete metal4 (guide).
[INFO DRT-0035]   Complete via4 (guide).
[INFO DRT-0035]   Complete metal5 (guide).
[INFO DRT-0035]   Complete via5 (guide).
[INFO DRT-0035]   Complete metal6 (guide).
[INFO DRT-0035]   Complete via6 (guide).
[INFO DRT-0035]   Complete metal7 (guide).
[INFO DRT-0035]   Complete via7 (guide).
[INFO DRT-0035]   Complete metal8 (guide).
[INFO DRT-0035]   Complete via8 (guide).
[INFO DRT-0035]   Complete metal9 (guide).
[INFO DRT-0035]   Complete via9 (guide).
[INFO DRT-0035]   Complete metal10 (guide).
[INFO DRT-0036] active guide region query size = 0.
[INFO DRT-0036] FR_VIA guide region query size = 0.
[INFO DRT-0036] metal1 guide region query size = 4602.
[INFO DRT-0036] via1 guide region query size = 0.
[INFO DRT-0036] metal2 guide region query size = 3603.
[INFO DRT-0036] via2 guide region query size = 0.
[INFO DRT-0036] metal3 guide region query size = 1873.
[INFO DRT-0036] via3 guide region query size = 0.
[INFO DRT-0036] metal4 guide region query size = 284.
[INFO DRT-0036] via4 guide region query size = 0.
[INFO DRT-0036] metal5 guide region query size = 145.
[INFO DRT-0036] via5 guide region query size = 0.
[INFO DRT-0036] metal6 guide region query size = 45.
[INFO DRT-0036] via6 guide region query size = 0.
[INFO DRT-0036] metal7 guide region query size = 0.
[INFO DRT-0036] via7 guide region query size = 0.
[INFO DRT-0036] metal8 guide region query size = 0.
[INFO DRT-0036] via8 guide region query size = 0.
[INFO DRT-0036] metal9 guide region query size = 0.
[INFO DRT-0036] via9 guide region query size = 0.
[INFO DRT-0036] metal10 guide region query size = 0.
[INFO DRT-0179] Init gr pin query.
[INFO DRT-0267] cpu time = 00:00:00, elapsed time = 00:00:00, memory = 265.88 (MB), peak = 265.49 (MB)
[INFO DRT-0245] skipped writing guide updates to database.
[INFO DRT-0181] Start track assignment.
[INFO DRT-0184] Done with 3932 vertical wires in 1 frboxes and 6620 horizontal wires in 1 frboxes.
[INFO DRT-0186] Done with 947 vertical wires in 1 frboxes and 1074 horizontal wires in 1 frboxes.
[INFO DRT-0182] Complete track assignment.
[INFO DRT-0267] cpu time = 00:00:01, elapsed time = 00:00:00, memory = 291.96 (MB), peak = 291.70 (MB)
[INFO DRT-0187] Start routing data preparation.
[INFO DRT-0267] cpu time = 00:00:00, elapsed time = 00:00:00, memory = 292.54 (MB), peak = 292.32 (MB)
[INFO DRT-0194] Start detail routing.
[INFO DRT-0195] Start 0th optimization iteration.
    Completing 10% with 0 violations.
    elapsed time = 00:00:00, memory = 335.99 (MB).
    Completing 20% with 0 violations.
    elapsed time = 00:00:01, memory = 339.24 (MB).
    Completing 30% with 0 violations.
    elapsed time = 00:00:02, memory = 325.46 (MB).
    Completing 40% with 65 violations.
    elapsed time = 00:00:03, memory = 359.46 (MB).
    Completing 50% with 65 violations.
    elapsed time = 00:00:04, memory = 362.61 (MB).
    Completing 60% with 65 violations.
    elapsed time = 00:00:04, memory = 348.94 (MB).
    Completing 70% with 110 violations.
    elapsed time = 00:00:04, memory = 386.04 (MB).
    Completing 80% with 110 violations.
    elapsed time = 00:00:06, memory = 373.45 (MB).
    Completing 90% with 166 violations.
    elapsed time = 00:00:09, memory = 396.57 (MB).
    Completing 100% with 211 violations.
    elapsed time = 00:00:11, memory = 377.83 (MB).
[INFO DRT-0199]   Number of violations = 296.
Viol/Layer        via1 metal2 metal3 metal4 metal5
Metal Spacing        0     17      0      0      0
Recheck              0     64     20      1      0
Short                1    166     26      0      1
[INFO DRT-0267] cpu time = 00:00:29, elapsed time = 00:00:12, memory = 906.87 (MB), peak = 906.63 (MB)
Total wire length = 19414 um.
Total wire length on LAYER metal1 = 0 um.
Total wire length on LAYER metal2 = 7576 um.
Total wire length on LAYER metal3 = 8414 um.
Total wire length on LAYER metal4 = 2195 um.
Total wire length on LAYER metal5 = 840 um.
Total wire length on LAYER metal6 = 386 um.
Total wire length on LAYER metal7 = 0 um.
Total wire length on LAYER metal8 = 0 um.
Total wire length on LAYER metal9 = 0 um.
Total wire length on LAYER metal10 = 0 um.
Total number of vias = 11531.
Up-via summary (total 11531):

----------------
 active        0
 metal1     5930
 metal2     4970
 metal3      404
 metal4      171
 metal5       56
 metal6        0
 metal7        0
 metal8        0
 metal9        0
----------------
       11531


[INFO DRT-0195] Start 1st optimization iteration.
    Completing 10% with 296 violations.
    elapsed time = 00:00:00, memory = 906.87 (MB).
    Completing 20% with 296 violations.
    elapsed time = 00:00:00, memory = 906.87 (MB).
    Completing 30% with 296 violations.
    elapsed time = 00:00:01, memory = 906.87 (MB).
    Completing 40% with 249 violations.
    elapsed time = 00:00:03, memory = 921.88 (MB).
    Completing 50% with 249 violations.
    elapsed time = 00:00:03, memory = 921.88 (MB).
    Completing 60% with 249 violations.
    elapsed time = 00:00:04, memory = 921.91 (MB).
    Completing 70% with 193 violations.
    elapsed time = 00:00:05, memory = 947.71 (MB).
    Completing 80% with 193 violations.
    elapsed time = 00:00:07, memory = 947.71 (MB).
    Completing 90% with 137 violations.
    elapsed time = 00:00:10, memory = 936.23 (MB).
    Completing 100% with 82 violations.
    elapsed time = 00:00:11, memory = 936.77 (MB).
[INFO DRT-0199]   Number of violations = 82.
Viol/Layer      metal2 metal3
Metal Spacing       12      0
Short               69      1
[INFO DRT-0267] cpu time = 00:00:28, elapsed time = 00:00:11, memory = 939.77 (MB), peak = 947.38 (MB)
Total wire length = 19304 um.
Total wire length on LAYER metal1 = 0 um.
Total wire length on LAYER metal2 = 7547 um.
Total wire length on LAYER metal3 = 8352 um.
Total wire length on LAYER metal4 = 2188 um.
Total wire length on LAYER metal5 = 830 um.
Total wire length on LAYER metal6 = 385 um.
Total wire length on LAYER metal7 = 0 um.
Total wire length on LAYER metal8 = 0 um.
Total wire length on LAYER metal9 = 0 um.
Total wire length on LAYER metal10 = 0 um.
Total number of vias = 11471.
Up-via summary (total 11471):

----------------
 active        0
 metal1     5932
 metal2     4930
 metal3      388
 metal4      165
 metal5       56
 metal6        0
 metal7        0
 metal8        0
 metal9        0
----------------
       11471


[INFO DRT-0195] Start 2nd optimization iteration.
    Completing 10% with 82 violations.
    elapsed time = 00:00:00, memory = 939.77 (MB).
    Completing 20% with 82 violations.
    elapsed time = 00:00:00, memory = 939.77 (MB).
    Completing 30% with 82 violations.
    elapsed time = 00:00:01, memory = 939.77 (MB).
    Completing 40% with 88 violations.
    elapsed time = 00:00:03, memory = 939.77 (MB).
    Completing 50% with 88 violations.
    elapsed time = 00:00:04, memory = 939.77 (MB).
    Completing 60% with 88 violations.
    elapsed time = 00:00:05, memory = 939.77 (MB).
    Completing 70% with 76 violations.
    elapsed time = 00:00:06, memory = 943.58 (MB).
    Completing 80% with 76 violations.
    elapsed time = 00:00:07, memory = 945.63 (MB).
    Completing 90% with 81 violations.
    elapsed time = 00:00:10, memory = 945.83 (MB).
    Completing 100% with 73 violations.
    elapsed time = 00:00:11, memory = 947.12 (MB).
[INFO DRT-0199]   Number of violations = 73.
Viol/Layer      metal2 metal3
Metal Spacing        5      0
Short               67      1
[INFO DRT-0267] cpu time = 00:00:25, elapsed time = 00:00:11, memory = 947.12 (MB), peak = 947.38 (MB)
Total wire length = 19289 um.
Total wire length on LAYER metal1 = 0 um.
Total wire length on LAYER metal2 = 7569 um.
Total wire length on LAYER metal3 = 8323 um.
Total wire length on LAYER metal4 = 2180 um.
Total wire length on LAYER metal5 = 831 um.
Total wire length on LAYER metal6 = 384 um.
Total wire length on LAYER metal7 = 0 um.
Total wire length on LAYER metal8 = 0 um.
Total wire length on LAYER metal9 = 0 um.
Total wire length on LAYER metal10 = 0 um.
Total number of vias = 11468.
Up-via summary (total 11468):

----------------
 active        0
 metal1     5933
 metal2     4920
 metal3      393
 metal4      166
 metal5       56
 metal6        0
 metal7        0
 metal8        0
 metal9        0
----------------
       11468


[INFO DRT-0195] Start 3rd guides tiles iteration.
    Completing 10% with 73 violations.
    elapsed time = 00:00:00, memory = 947.12 (MB).
    Completing 20% with 21 violations.
    elapsed time = 00:00:13, memory = 947.12 (MB).
    Completing 30% with 21 violations.
    elapsed time = 00:00:13, memory = 947.12 (MB).
    Completing 40% with 21 violations.
    elapsed time = 00:00:13, memory = 947.12 (MB).
    Completing 50% with 14 violations.
    elapsed time = 00:00:13, memory = 947.12 (MB).
    Completing 60% with 14 violations.
    elapsed time = 00:00:13, memory = 947.12 (MB).
    Completing 70% with 14 violations.
    elapsed time = 00:00:13, memory = 947.12 (MB).
    Completing 80% with 14 violations.
    elapsed time = 00:00:13, memory = 947.12 (MB).
    Completing 90% with 5 violations.
    elapsed time = 00:00:13, memory = 947.12 (MB).
    Completing 100% with 0 violations.
    elapsed time = 00:00:14, memory = 947.12 (MB).
[INFO DRT-0199]   Number of violations = 0.
[INFO DRT-0267] cpu time = 00:00:15, elapsed time = 00:00:14, memory = 947.12 (MB), peak = 947.38 (MB)
Total wire length = 19288 um.
Total wire length on LAYER metal1 = 0 um.
Total wire length on LAYER metal2 = 7394 um.
Total wire length on LAYER metal3 = 8364 um.
Total wire length on LAYER metal4 = 2354 um.
Total wire length on LAYER metal5 = 816 um.
Total wire length on LAYER metal6 = 358 um.
Total wire length on LAYER metal7 = 0 um.
Total wire length on LAYER metal8 = 0 um.
Total wire length on LAYER metal9 = 0 um.
Total wire length on LAYER metal10 = 0 um.
Total number of vias = 11554.
Up-via summary (total 11554):

----------------
 active        0
 metal1     5933
 metal2     4968
 metal3      437
 metal4      162
 metal5       54
 metal6        0
 metal7        0
 metal8        0
 metal9        0
----------------
       11554


[INFO DRT-0198] Complete detail routing.
Total wire length = 19288 um.
Total wire length on LAYER metal1 = 0 um.
Total wire length on LAYER metal2 = 7394 um.
Total wire length on LAYER metal3 = 8364 um.
Total wire length on LAYER metal4 = 2354 um.
Total wire length on LAYER metal5 = 816 um.
Total wire length on LAYER metal6 = 358 um.
Total wire length on LAYER metal7 = 0 um.
Total wire length on LAYER metal8 = 0 um.
Total wire length on LAYER metal9 = 0 um.
Total wire length on LAYER metal10 = 0 um.
Total number of vias = 11554.
Up-via summary (total 11554):

----------------
 active        0
 metal1     5933
 metal2     4968
 metal3      437
 metal4      162
 metal5       54
 metal6        0
 metal7        0
 metal8        0
 metal9        0
----------------
       11554


[INFO DRT-0267] cpu time = 00:01:39, elapsed time = 00:00:50, memory = 947.19 (MB), peak = 947.38 (MB)

[INFO DRT-0180] Post processing.
Took 56 seconds: detailed_route -output_drc /mnt/c/Users/Abhinav/OneDrive/Desktop/PACT/PACT/results/phase2d_independent_gp/raw/orfs/reports/nangate45/s5378/phase2c_s29_5f2b28506038/5_route_drc.rpt -output_maze /mnt/c/Users/Abhinav/OneDrive/Desktop/PACT/PACT/results/phase2d_independent_gp/raw/orfs/results/nangate45/s5378/phase2c_s29_5f2b28506038/maze.log -droute_end_iter 64 -verbose 1 -drc_report_iter_step 5
[WARNING GRT-0246] No diode with LEF class CORE ANTENNACELL found.
[INFO ANT-0002] Found 0 net violations.
[INFO ANT-0001] Found 0 pin violations.
[INFO ANT-0002] Found 0 net violations.
[INFO ANT-0001] Found 0 pin violations.
Design area 2587 um^2 37% utilization.
write_db /mnt/c/Users/Abhinav/OneDrive/Desktop/PACT/PACT/results/phase2d_independent_gp/raw/orfs/results/nangate45/s5378/phase2c_s29_5f2b28506038/5_2_route.odb
Elapsed time: 0:58.43[h:]min:sec. CPU time: user 117.63 sys 1.66 (204%). Peak memory: 970116KB.
Log                       Ext     Elapsed/s Peak Memory/MB sha1sum result [0:20)
5_2_route                 .odb           58            947 c6662739b65fcbb7b85c
