
==========================================================================
cts final report_tns
--------------------------------------------------------------------------
tns max 0.00

==========================================================================
cts final report_wns
--------------------------------------------------------------------------
wns max 0.00

==========================================================================
cts final report_worst_slack
--------------------------------------------------------------------------
worst slack max 8.14

==========================================================================
cts final report_clock_min_period
--------------------------------------------------------------------------
clk period_min = 1.86 fmax = 537.42

==========================================================================
cts final report_clock_skew
--------------------------------------------------------------------------
Clock clk
   0.16 source latency U_g1524/CK ^
  -0.16 target latency U_g32/CK ^
   0.00 CRPR
--------------
  -0.01 setup skew


==========================================================================
cts final report_checks -path_delay min
--------------------------------------------------------------------------
Startpoint: g23 (input port clocked by clk)
Endpoint: U_g26 (rising edge-triggered flip-flop clocked by clk)
Path Group: clk
Path Type: min

Fanout     Cap    Slew   Delay    Time   Description
-----------------------------------------------------------------------------
                          0.00    0.00   clock clk (rise edge)
                          0.00    0.00   clock network delay (propagated)
                          0.00    0.00 ^ input external delay
     1    1.08    0.00    0.00    0.00 ^ g23 (in)
                                         g23 (net)
                  0.00    0.00    0.00 ^ hold316/A (CLKBUF_X1)
     1    1.35    0.01    0.02    0.02 ^ hold316/Z (CLKBUF_X1)
                                         net315 (net)
                  0.01    0.00    0.02 ^ input25/A (BUF_X1)
     2    3.68    0.01    0.03    0.05 ^ input25/Z (BUF_X1)
                                         net25 (net)
                  0.01    0.00    0.05 ^ hold317/A (CLKBUF_X1)
     2    4.78    0.01    0.04    0.09 ^ hold317/Z (CLKBUF_X1)
                                         net316 (net)
                  0.01    0.00    0.09 ^ U_I6467/A1 (NAND2_X1)
     2    3.86    0.01    0.02    0.11 v U_I6467/ZN (NAND2_X1)
                                         I6467 (net)
                  0.01    0.00    0.11 v U_I6469/A2 (NAND2_X1)
     1    1.71    0.01    0.02    0.13 ^ U_I6469/ZN (NAND2_X1)
                                         I6469 (net)
                  0.01    0.00    0.13 ^ U_g3304/A2 (NAND2_X1)
     1    1.77    0.01    0.01    0.14 v U_g3304/ZN (NAND2_X1)
                                         g3304 (net)
                  0.01    0.00    0.14 v U_g4158/A (INV_X1)
     1    1.29    0.01    0.01    0.15 ^ U_g4158/ZN (INV_X1)
                                         g4158 (net)
                  0.01    0.00    0.15 ^ U_g26/D (SDFF_X1)
                                  0.15   data arrival time

                          0.00    0.00   clock clk (rise edge)
                          0.00    0.00   clock source latency
     1   15.32    0.00    0.00    0.00 ^ CK (in)
                                         CK (net)
                  0.00    0.00    0.00 ^ clkbuf_0_CK/A (CLKBUF_X3)
     8   36.18    0.03    0.05    0.05 ^ clkbuf_0_CK/Z (CLKBUF_X3)
                                         clknet_0_CK (net)
                  0.03    0.00    0.06 ^ clkbuf_3_6__f_CK/A (CLKBUF_X3)
    12   31.17    0.03    0.06    0.12 ^ clkbuf_3_6__f_CK/Z (CLKBUF_X3)
                                         clknet_3_6__leaf_CK (net)
                  0.03    0.00    0.12 ^ clkbuf_leaf_42_CK/A (CLKBUF_X3)
     5   10.38    0.01    0.04    0.16 ^ clkbuf_leaf_42_CK/Z (CLKBUF_X3)
                                         clknet_leaf_42_CK (net)
                  0.01    0.00    0.16 ^ U_g26/CK (SDFF_X1)
                          0.00    0.16   clock reconvergence pessimism
                         -0.01    0.15   library hold time
                                  0.15   data required time
-----------------------------------------------------------------------------
                                  0.15   data required time
                                 -0.15   data arrival time
-----------------------------------------------------------------------------
                                  0.00   slack (MET)



==========================================================================
cts final report_checks -path_delay max
--------------------------------------------------------------------------
Startpoint: g48 (input port clocked by clk)
Endpoint: U_g336 (rising edge-triggered flip-flop clocked by clk)
Path Group: clk
Path Type: max

Fanout     Cap    Slew   Delay    Time   Description
-----------------------------------------------------------------------------
                          0.00    0.00   clock clk (rise edge)
                          0.00    0.00   clock network delay (propagated)
                          0.00    0.00 v input external delay
     1    1.18    0.00    0.00    0.00 v g48 (in)
                                         g48 (net)
                  0.00    0.00    0.00 v input38/A (BUF_X1)
    14   34.21    0.04    0.06    0.06 v input38/Z (BUF_X1)
                                         net38 (net)
                  0.04    0.00    0.06 v U_g6351/A2 (AND2_X1)
     1    3.56    0.01    0.05    0.11 v U_g6351/ZN (AND2_X1)
                                         g6351 (net)
                  0.01    0.00    0.11 v U_I11360/A (INV_X1)
    16   24.40    0.06    0.07    0.18 ^ U_I11360/ZN (INV_X1)
                                         I11360 (net)
                  0.06    0.00    0.18 ^ U_g8109/A2 (NAND2_X1)
     1    1.79    0.02    0.02    0.20 v U_g8109/ZN (NAND2_X1)
                                         g8109 (net)
                  0.02    0.00    0.20 v U_g8289/A2 (AND3_X1)
     1    2.29    0.01    0.04    0.24 v U_g8289/ZN (AND3_X1)
                                         g8289 (net)
                  0.01    0.00    0.24 v U_g8465/A (INV_X1)
     3    4.24    0.01    0.02    0.26 ^ U_g8465/ZN (INV_X1)
                                         g8465 (net)
                  0.01    0.00    0.26 ^ U_g8617/A (INV_X1)
     4    8.31    0.01    0.02    0.28 v U_g8617/ZN (INV_X1)
                                         g8617 (net)
                  0.01    0.00    0.28 v U_g8744/A1 (NAND3_X1)
     1    2.87    0.01    0.02    0.30 ^ U_g8744/ZN (NAND3_X1)
                                         g8744 (net)
                  0.01    0.00    0.30 ^ U_g8828/A (INV_X1)
     8   10.45    0.01    0.02    0.32 v U_g8828/ZN (INV_X1)
                                         g8828 (net)
                  0.01    0.00    0.32 v U_g8960/A3 (AND3_X1)
     1    2.36    0.01    0.04    0.36 v U_g8960/ZN (AND3_X1)
                                         g8960 (net)
                  0.01    0.00    0.36 v U_g9223/A2 (AND2_X2)
    10   13.80    0.01    0.04    0.39 v U_g9223/ZN (AND2_X2)
                                         g9223 (net)
                  0.01    0.00    0.39 v U_g9388/A2 (OR2_X1)
     1    0.92    0.01    0.05    0.44 v U_g9388/ZN (OR2_X1)
                                         g9388 (net)
                  0.01    0.00    0.44 v U_g9785/A3 (OR4_X1)
    14   20.21    0.04    0.15    0.60 v U_g9785/ZN (OR4_X1)
                                         g9785 (net)
                  0.04    0.00    0.60 v U_I15051/A4 (OR4_X1)
     1    2.58    0.02    0.13    0.72 v U_I15051/ZN (OR4_X1)
                                         I15051 (net)
                  0.02    0.00    0.72 v U_g9880/A4 (NOR4_X1)
     1    2.68    0.05    0.09    0.82 ^ U_g9880/ZN (NOR4_X1)
                                         g9880 (net)
                  0.05    0.00    0.82 ^ U_I15200/A4 (OR4_X1)
     1    1.82    0.01    0.04    0.86 ^ U_I15200/ZN (OR4_X1)
                                         I15200 (net)
                  0.01    0.00    0.86 ^ U_g9995/A2 (OR2_X1)
     6   11.95    0.03    0.05    0.91 ^ U_g9995/ZN (OR2_X1)
                                         g9995 (net)
                  0.03    0.00    0.91 ^ U_I15503/A (INV_X1)
     5    8.77    0.01    0.02    0.93 v U_I15503/ZN (INV_X1)
                                         I15503 (net)
                  0.01    0.00    0.93 v U_g10430/A1 (NOR2_X1)
     7   13.74    0.07    0.09    1.02 ^ U_g10430/ZN (NOR2_X1)
                                         g10430 (net)
                  0.07    0.00    1.02 ^ U_I16030/A2 (NAND2_X1)
     2    4.72    0.02    0.03    1.05 v U_I16030/ZN (NAND2_X1)
                                         I16030 (net)
                  0.02    0.00    1.05 v U_I16031/A2 (NAND2_X1)
     1    2.61    0.01    0.02    1.07 ^ U_I16031/ZN (NAND2_X1)
                                         I16031 (net)
                  0.01    0.00    1.07 ^ U_g10475/A1 (NAND2_X1)
     1    1.00    0.01    0.01    1.08 v U_g10475/ZN (NAND2_X1)
                                         g10475 (net)
                  0.01    0.00    1.08 v U_I16161/A4 (OR4_X1)
     1    0.95    0.02    0.11    1.20 v U_I16161/ZN (OR4_X1)
                                         I16161 (net)
                  0.02    0.00    1.20 v U_g10529/A2 (OR2_X1)
     1    2.41    0.01    0.05    1.25 v U_g10529/ZN (OR2_X1)
                                         g10529 (net)
                  0.01    0.00    1.25 v U_g10562/A2 (NOR2_X1)
     1    2.33    0.02    0.03    1.28 ^ U_g10562/ZN (NOR2_X1)
                                         g10562 (net)
                  0.02    0.00    1.28 ^ U_g10702/A1 (OR2_X2)
    24   42.15    0.05    0.07    1.35 ^ U_g10702/ZN (OR2_X2)
                                         g10702 (net)
                  0.05    0.01    1.36 ^ FE_OFC10_g10702/A (INV_X1)
     4    5.74    0.02    0.02    1.38 v FE_OFC10_g10702/ZN (INV_X1)
                                         FE_OFN10_g10702 (net)
                  0.02    0.00    1.38 v FE_OFC13_g10702/A (INV_X1)
    23   35.96    0.08    0.10    1.48 ^ FE_OFC13_g10702/ZN (INV_X1)
                                         FE_OFN13_g10702 (net)
                  0.08    0.00    1.48 ^ U_g11010/A2 (AND2_X1)
     1    2.12    0.01    0.05    1.52 ^ U_g11010/ZN (AND2_X1)
                                         g11010 (net)
                  0.01    0.00    1.52 ^ U_g11227/A2 (OR2_X1)
     3    6.07    0.02    0.04    1.56 ^ U_g11227/ZN (OR2_X1)
                                         g11227 (net)
                  0.02    0.00    1.56 ^ U_I17295/A2 (NAND2_X1)
     2    5.43    0.01    0.02    1.58 v U_I17295/ZN (NAND2_X1)
                                         I17295 (net)
                  0.01    0.00    1.58 v U_I17297/A2 (NAND2_X1)
     1    3.31    0.01    0.02    1.61 ^ U_I17297/ZN (NAND2_X1)
                                         I17297 (net)
                  0.01    0.00    1.61 ^ U_g11416/A2 (NAND2_X1)
     2    3.35    0.01    0.02    1.62 v U_g11416/ZN (NAND2_X1)
                                         g11416 (net)
                  0.01    0.00    1.62 v U_I17400/A2 (NAND2_X1)
     2    3.58    0.01    0.02    1.65 ^ U_I17400/ZN (NAND2_X1)
                                         I17400 (net)
                  0.01    0.00    1.65 ^ U_I17402/A2 (NAND2_X1)
     1    2.88    0.01    0.02    1.66 v U_I17402/ZN (NAND2_X1)
                                         I17402 (net)
                  0.01    0.00    1.66 v U_g11449/A2 (NAND2_X1)
     2    4.77    0.02    0.02    1.69 ^ U_g11449/ZN (NAND2_X1)
                                         g11449 (net)
                  0.02    0.00    1.69 ^ U_I17459/A1 (NAND2_X1)
     2    4.09    0.01    0.02    1.71 v U_I17459/ZN (NAND2_X1)
                                         I17459 (net)
                  0.01    0.00    1.71 v U_I17461/A2 (NAND2_X1)
     1    2.84    0.01    0.02    1.73 ^ U_I17461/ZN (NAND2_X1)
                                         I17461 (net)
                  0.01    0.00    1.73 ^ U_g11474/A2 (NAND2_X1)
     2    3.94    0.01    0.02    1.75 v U_g11474/ZN (NAND2_X1)
                                         g11474 (net)
                  0.01    0.00    1.75 v U_I17485/A2 (NAND2_X1)
     2    3.54    0.01    0.02    1.77 ^ U_I17485/ZN (NAND2_X1)
                                         I17485 (net)
                  0.01    0.00    1.77 ^ U_I17487/A2 (NAND2_X1)
     1    1.68    0.01    0.01    1.78 v U_I17487/ZN (NAND2_X1)
                                         I17487 (net)
                  0.01    0.00    1.78 v U_g11490/A2 (NAND2_X1)
     1    1.80    0.01    0.02    1.80 ^ U_g11490/ZN (NAND2_X1)
                                         g11490 (net)
                  0.01    0.00    1.80 ^ U_g11515/A (INV_X1)
     3    5.19    0.01    0.01    1.81 v U_g11515/ZN (INV_X1)
                                         g11515 (net)
                  0.01    0.00    1.81 v U_g11544/A1 (AND2_X1)
     1    1.27    0.01    0.03    1.84 v U_g11544/ZN (AND2_X1)
                                         g11544 (net)
                  0.01    0.00    1.84 v U_g11580/A2 (OR2_X1)
     1    2.22    0.01    0.05    1.89 v U_g11580/ZN (OR2_X1)
                                         g11580 (net)
                  0.01    0.00    1.89 v U_g11596/A (INV_X1)
     1    0.95    0.01    0.01    1.90 ^ U_g11596/ZN (INV_X1)
                                         g11596 (net)
                  0.01    0.00    1.90 ^ U_g11637/A1 (AND2_X1)
     1    1.19    0.01    0.03    1.93 ^ U_g11637/ZN (AND2_X1)
                                         g11637 (net)
                  0.01    0.00    1.93 ^ U_g11647/A2 (OR2_X1)
     1    1.24    0.01    0.02    1.95 ^ U_g11647/ZN (OR2_X1)
                                         g11647 (net)
                  0.01    0.00    1.95 ^ U_g336/D (SDFF_X1)
                                  1.95   data arrival time

                         10.00   10.00   clock clk (rise edge)
                          0.00   10.00   clock source latency
     1   15.32    0.00    0.00   10.00 ^ CK (in)
                                         CK (net)
                  0.00    0.00   10.00 ^ clkbuf_0_CK/A (CLKBUF_X3)
     8   36.18    0.03    0.05   10.05 ^ clkbuf_0_CK/Z (CLKBUF_X3)
                                         clknet_0_CK (net)
                  0.03    0.00   10.06 ^ clkbuf_3_4__f_CK/A (CLKBUF_X3)
    12   30.33    0.03    0.06   10.12 ^ clkbuf_3_4__f_CK/Z (CLKBUF_X3)
                                         clknet_3_4__leaf_CK (net)
                  0.03    0.00   10.12 ^ clkbuf_leaf_13_CK/A (CLKBUF_X3)
     8   10.46    0.01    0.04   10.16 ^ clkbuf_leaf_13_CK/Z (CLKBUF_X3)
                                         clknet_leaf_13_CK (net)
                  0.01    0.00   10.16 ^ U_g336/CK (SDFF_X1)
                          0.00   10.16   clock reconvergence pessimism
                         -0.07   10.09   library setup time
                                 10.09   data required time
-----------------------------------------------------------------------------
                                 10.09   data required time
                                 -1.95   data arrival time
-----------------------------------------------------------------------------
                                  8.14   slack (MET)



==========================================================================
cts final report_checks -unconstrained
--------------------------------------------------------------------------
Startpoint: g48 (input port clocked by clk)
Endpoint: U_g336 (rising edge-triggered flip-flop clocked by clk)
Path Group: clk
Path Type: max

Fanout     Cap    Slew   Delay    Time   Description
-----------------------------------------------------------------------------
                          0.00    0.00   clock clk (rise edge)
                          0.00    0.00   clock network delay (propagated)
                          0.00    0.00 v input external delay
     1    1.18    0.00    0.00    0.00 v g48 (in)
                                         g48 (net)
                  0.00    0.00    0.00 v input38/A (BUF_X1)
    14   34.21    0.04    0.06    0.06 v input38/Z (BUF_X1)
                                         net38 (net)
                  0.04    0.00    0.06 v U_g6351/A2 (AND2_X1)
     1    3.56    0.01    0.05    0.11 v U_g6351/ZN (AND2_X1)
                                         g6351 (net)
                  0.01    0.00    0.11 v U_I11360/A (INV_X1)
    16   24.40    0.06    0.07    0.18 ^ U_I11360/ZN (INV_X1)
                                         I11360 (net)
                  0.06    0.00    0.18 ^ U_g8109/A2 (NAND2_X1)
     1    1.79    0.02    0.02    0.20 v U_g8109/ZN (NAND2_X1)
                                         g8109 (net)
                  0.02    0.00    0.20 v U_g8289/A2 (AND3_X1)
     1    2.29    0.01    0.04    0.24 v U_g8289/ZN (AND3_X1)
                                         g8289 (net)
                  0.01    0.00    0.24 v U_g8465/A (INV_X1)
     3    4.24    0.01    0.02    0.26 ^ U_g8465/ZN (INV_X1)
                                         g8465 (net)
                  0.01    0.00    0.26 ^ U_g8617/A (INV_X1)
     4    8.31    0.01    0.02    0.28 v U_g8617/ZN (INV_X1)
                                         g8617 (net)
                  0.01    0.00    0.28 v U_g8744/A1 (NAND3_X1)
     1    2.87    0.01    0.02    0.30 ^ U_g8744/ZN (NAND3_X1)
                                         g8744 (net)
                  0.01    0.00    0.30 ^ U_g8828/A (INV_X1)
     8   10.45    0.01    0.02    0.32 v U_g8828/ZN (INV_X1)
                                         g8828 (net)
                  0.01    0.00    0.32 v U_g8960/A3 (AND3_X1)
     1    2.36    0.01    0.04    0.36 v U_g8960/ZN (AND3_X1)
                                         g8960 (net)
                  0.01    0.00    0.36 v U_g9223/A2 (AND2_X2)
    10   13.80    0.01    0.04    0.39 v U_g9223/ZN (AND2_X2)
                                         g9223 (net)
                  0.01    0.00    0.39 v U_g9388/A2 (OR2_X1)
     1    0.92    0.01    0.05    0.44 v U_g9388/ZN (OR2_X1)
                                         g9388 (net)
                  0.01    0.00    0.44 v U_g9785/A3 (OR4_X1)
    14   20.21    0.04    0.15    0.60 v U_g9785/ZN (OR4_X1)
                                         g9785 (net)
                  0.04    0.00    0.60 v U_I15051/A4 (OR4_X1)
     1    2.58    0.02    0.13    0.72 v U_I15051/ZN (OR4_X1)
                                         I15051 (net)
                  0.02    0.00    0.72 v U_g9880/A4 (NOR4_X1)
     1    2.68    0.05    0.09    0.82 ^ U_g9880/ZN (NOR4_X1)
                                         g9880 (net)
                  0.05    0.00    0.82 ^ U_I15200/A4 (OR4_X1)
     1    1.82    0.01    0.04    0.86 ^ U_I15200/ZN (OR4_X1)
                                         I15200 (net)
                  0.01    0.00    0.86 ^ U_g9995/A2 (OR2_X1)
     6   11.95    0.03    0.05    0.91 ^ U_g9995/ZN (OR2_X1)
                                         g9995 (net)
                  0.03    0.00    0.91 ^ U_I15503/A (INV_X1)
     5    8.77    0.01    0.02    0.93 v U_I15503/ZN (INV_X1)
                                         I15503 (net)
                  0.01    0.00    0.93 v U_g10430/A1 (NOR2_X1)
     7   13.74    0.07    0.09    1.02 ^ U_g10430/ZN (NOR2_X1)
                                         g10430 (net)
                  0.07    0.00    1.02 ^ U_I16030/A2 (NAND2_X1)
     2    4.72    0.02    0.03    1.05 v U_I16030/ZN (NAND2_X1)
                                         I16030 (net)
                  0.02    0.00    1.05 v U_I16031/A2 (NAND2_X1)
     1    2.61    0.01    0.02    1.07 ^ U_I16031/ZN (NAND2_X1)
                                         I16031 (net)
                  0.01    0.00    1.07 ^ U_g10475/A1 (NAND2_X1)
     1    1.00    0.01    0.01    1.08 v U_g10475/ZN (NAND2_X1)
                                         g10475 (net)
                  0.01    0.00    1.08 v U_I16161/A4 (OR4_X1)
     1    0.95    0.02    0.11    1.20 v U_I16161/ZN (OR4_X1)
                                         I16161 (net)
                  0.02    0.00    1.20 v U_g10529/A2 (OR2_X1)
     1    2.41    0.01    0.05    1.25 v U_g10529/ZN (OR2_X1)
                                         g10529 (net)
                  0.01    0.00    1.25 v U_g10562/A2 (NOR2_X1)
     1    2.33    0.02    0.03    1.28 ^ U_g10562/ZN (NOR2_X1)
                                         g10562 (net)
                  0.02    0.00    1.28 ^ U_g10702/A1 (OR2_X2)
    24   42.15    0.05    0.07    1.35 ^ U_g10702/ZN (OR2_X2)
                                         g10702 (net)
                  0.05    0.01    1.36 ^ FE_OFC10_g10702/A (INV_X1)
     4    5.74    0.02    0.02    1.38 v FE_OFC10_g10702/ZN (INV_X1)
                                         FE_OFN10_g10702 (net)
                  0.02    0.00    1.38 v FE_OFC13_g10702/A (INV_X1)
    23   35.96    0.08    0.10    1.48 ^ FE_OFC13_g10702/ZN (INV_X1)
                                         FE_OFN13_g10702 (net)
                  0.08    0.00    1.48 ^ U_g11010/A2 (AND2_X1)
     1    2.12    0.01    0.05    1.52 ^ U_g11010/ZN (AND2_X1)
                                         g11010 (net)
                  0.01    0.00    1.52 ^ U_g11227/A2 (OR2_X1)
     3    6.07    0.02    0.04    1.56 ^ U_g11227/ZN (OR2_X1)
                                         g11227 (net)
                  0.02    0.00    1.56 ^ U_I17295/A2 (NAND2_X1)
     2    5.43    0.01    0.02    1.58 v U_I17295/ZN (NAND2_X1)
                                         I17295 (net)
                  0.01    0.00    1.58 v U_I17297/A2 (NAND2_X1)
     1    3.31    0.01    0.02    1.61 ^ U_I17297/ZN (NAND2_X1)
                                         I17297 (net)
                  0.01    0.00    1.61 ^ U_g11416/A2 (NAND2_X1)
     2    3.35    0.01    0.02    1.62 v U_g11416/ZN (NAND2_X1)
                                         g11416 (net)
                  0.01    0.00    1.62 v U_I17400/A2 (NAND2_X1)
     2    3.58    0.01    0.02    1.65 ^ U_I17400/ZN (NAND2_X1)
                                         I17400 (net)
                  0.01    0.00    1.65 ^ U_I17402/A2 (NAND2_X1)
     1    2.88    0.01    0.02    1.66 v U_I17402/ZN (NAND2_X1)
                                         I17402 (net)
                  0.01    0.00    1.66 v U_g11449/A2 (NAND2_X1)
     2    4.77    0.02    0.02    1.69 ^ U_g11449/ZN (NAND2_X1)
                                         g11449 (net)
                  0.02    0.00    1.69 ^ U_I17459/A1 (NAND2_X1)
     2    4.09    0.01    0.02    1.71 v U_I17459/ZN (NAND2_X1)
                                         I17459 (net)
                  0.01    0.00    1.71 v U_I17461/A2 (NAND2_X1)
     1    2.84    0.01    0.02    1.73 ^ U_I17461/ZN (NAND2_X1)
                                         I17461 (net)
                  0.01    0.00    1.73 ^ U_g11474/A2 (NAND2_X1)
     2    3.94    0.01    0.02    1.75 v U_g11474/ZN (NAND2_X1)
                                         g11474 (net)
                  0.01    0.00    1.75 v U_I17485/A2 (NAND2_X1)
     2    3.54    0.01    0.02    1.77 ^ U_I17485/ZN (NAND2_X1)
                                         I17485 (net)
                  0.01    0.00    1.77 ^ U_I17487/A2 (NAND2_X1)
     1    1.68    0.01    0.01    1.78 v U_I17487/ZN (NAND2_X1)
                                         I17487 (net)
                  0.01    0.00    1.78 v U_g11490/A2 (NAND2_X1)
     1    1.80    0.01    0.02    1.80 ^ U_g11490/ZN (NAND2_X1)
                                         g11490 (net)
                  0.01    0.00    1.80 ^ U_g11515/A (INV_X1)
     3    5.19    0.01    0.01    1.81 v U_g11515/ZN (INV_X1)
                                         g11515 (net)
                  0.01    0.00    1.81 v U_g11544/A1 (AND2_X1)
     1    1.27    0.01    0.03    1.84 v U_g11544/ZN (AND2_X1)
                                         g11544 (net)
                  0.01    0.00    1.84 v U_g11580/A2 (OR2_X1)
     1    2.22    0.01    0.05    1.89 v U_g11580/ZN (OR2_X1)
                                         g11580 (net)
                  0.01    0.00    1.89 v U_g11596/A (INV_X1)
     1    0.95    0.01    0.01    1.90 ^ U_g11596/ZN (INV_X1)
                                         g11596 (net)
                  0.01    0.00    1.90 ^ U_g11637/A1 (AND2_X1)
     1    1.19    0.01    0.03    1.93 ^ U_g11637/ZN (AND2_X1)
                                         g11637 (net)
                  0.01    0.00    1.93 ^ U_g11647/A2 (OR2_X1)
     1    1.24    0.01    0.02    1.95 ^ U_g11647/ZN (OR2_X1)
                                         g11647 (net)
                  0.01    0.00    1.95 ^ U_g336/D (SDFF_X1)
                                  1.95   data arrival time

                         10.00   10.00   clock clk (rise edge)
                          0.00   10.00   clock source latency
     1   15.32    0.00    0.00   10.00 ^ CK (in)
                                         CK (net)
                  0.00    0.00   10.00 ^ clkbuf_0_CK/A (CLKBUF_X3)
     8   36.18    0.03    0.05   10.05 ^ clkbuf_0_CK/Z (CLKBUF_X3)
                                         clknet_0_CK (net)
                  0.03    0.00   10.06 ^ clkbuf_3_4__f_CK/A (CLKBUF_X3)
    12   30.33    0.03    0.06   10.12 ^ clkbuf_3_4__f_CK/Z (CLKBUF_X3)
                                         clknet_3_4__leaf_CK (net)
                  0.03    0.00   10.12 ^ clkbuf_leaf_13_CK/A (CLKBUF_X3)
     8   10.46    0.01    0.04   10.16 ^ clkbuf_leaf_13_CK/Z (CLKBUF_X3)
                                         clknet_leaf_13_CK (net)
                  0.01    0.00   10.16 ^ U_g336/CK (SDFF_X1)
                          0.00   10.16   clock reconvergence pessimism
                         -0.07   10.09   library setup time
                                 10.09   data required time
-----------------------------------------------------------------------------
                                 10.09   data required time
                                 -1.95   data arrival time
-----------------------------------------------------------------------------
                                  8.14   slack (MET)



==========================================================================
cts final report_check_types -max_slew -max_cap -max_fanout -violators
--------------------------------------------------------------------------

==========================================================================
cts final max_slew_check_slack
--------------------------------------------------------------------------
0.08901143819093704

==========================================================================
cts final max_slew_check_limit
--------------------------------------------------------------------------
0.1985349953174591

==========================================================================
cts final max_slew_check_slack_limit
--------------------------------------------------------------------------
0.4483

==========================================================================
cts final max_fanout_check_slack
--------------------------------------------------------------------------
1.0000000150474662e+30

==========================================================================
cts final max_fanout_check_limit
--------------------------------------------------------------------------
1.0000000150474662e+30

==========================================================================
cts final max_capacitance_check_slack
--------------------------------------------------------------------------
4.062354564666748

==========================================================================
cts final max_capacitance_check_limit
--------------------------------------------------------------------------
10.47130012512207

==========================================================================
cts final max_capacitance_check_slack_limit
--------------------------------------------------------------------------
0.3880

==========================================================================
cts final max_slew_violation_count
--------------------------------------------------------------------------
max slew violation count 0

==========================================================================
cts final max_fanout_violation_count
--------------------------------------------------------------------------
max fanout violation count 0

==========================================================================
cts final max_cap_violation_count
--------------------------------------------------------------------------
max cap violation count 0

==========================================================================
cts final setup_violation_count
--------------------------------------------------------------------------
setup violation count 0

==========================================================================
cts final hold_violation_count
--------------------------------------------------------------------------
hold violation count 0

==========================================================================
cts final report_checks -path_delay max reg to reg
--------------------------------------------------------------------------
Startpoint: U_g928 (rising edge-triggered flip-flop clocked by clk)
Endpoint: U_g336 (rising edge-triggered flip-flop clocked by clk)
Path Group: clk
Path Type: max

  Delay    Time   Description
---------------------------------------------------------
   0.00    0.00   clock clk (rise edge)
   0.00    0.00   clock source latency
   0.00    0.00 ^ CK (in)
   0.05    0.05 ^ clkbuf_0_CK/Z (CLKBUF_X3)
   0.06    0.12 ^ clkbuf_3_2__f_CK/Z (CLKBUF_X3)
   0.04    0.16 ^ clkbuf_leaf_61_CK/Z (CLKBUF_X3)
   0.00    0.16 ^ U_g928/CK (SDFF_X1)
   0.08    0.24 v U_g928/Q (SDFF_X1)
   0.03    0.27 v U_g9596/ZN (AND2_X1)
   0.11    0.38 v U_I14855/ZN (OR4_X1)
   0.12    0.50 v U_g9722/ZN (OR4_X1)
   0.04    0.54 v U_g9828/ZN (AND2_X1)
   0.12    0.65 v U_I15199/ZN (OR4_X1)
   0.07    0.72 v U_g9995/ZN (OR2_X1)
   0.04    0.76 ^ U_I15503/ZN (INV_X1)
   0.03    0.79 v U_g10430/ZN (NOR2_X1)
   0.02    0.81 ^ U_I16032/ZN (NAND2_X1)
   0.01    0.82 v U_g10475/ZN (NAND2_X1)
   0.11    0.94 v U_I16161/ZN (OR4_X1)
   0.05    0.99 v U_g10529/ZN (OR2_X1)
   0.03    1.02 ^ U_g10562/ZN (NOR2_X1)
   0.07    1.09 ^ U_g10702/ZN (OR2_X2)
   0.03    1.12 v FE_OFC10_g10702/ZN (INV_X1)
   0.10    1.21 ^ FE_OFC13_g10702/ZN (INV_X1)
   0.05    1.26 ^ U_g11010/ZN (AND2_X1)
   0.04    1.30 ^ U_g11227/ZN (OR2_X1)
   0.02    1.32 v U_I17295/ZN (NAND2_X1)
   0.02    1.34 ^ U_I17297/ZN (NAND2_X1)
   0.02    1.36 v U_g11416/ZN (NAND2_X1)
   0.02    1.39 ^ U_I17400/ZN (NAND2_X1)
   0.02    1.40 v U_I17402/ZN (NAND2_X1)
   0.02    1.43 ^ U_g11449/ZN (NAND2_X1)
   0.02    1.45 v U_I17459/ZN (NAND2_X1)
   0.02    1.47 ^ U_I17461/ZN (NAND2_X1)
   0.02    1.49 v U_g11474/ZN (NAND2_X1)
   0.02    1.51 ^ U_I17485/ZN (NAND2_X1)
   0.01    1.52 v U_I17487/ZN (NAND2_X1)
   0.02    1.54 ^ U_g11490/ZN (NAND2_X1)
   0.01    1.55 v U_g11515/ZN (INV_X1)
   0.03    1.58 v U_g11544/ZN (AND2_X1)
   0.05    1.63 v U_g11580/ZN (OR2_X1)
   0.01    1.64 ^ U_g11596/ZN (INV_X1)
   0.03    1.67 ^ U_g11637/ZN (AND2_X1)
   0.02    1.69 ^ U_g11647/ZN (OR2_X1)
   0.00    1.69 ^ U_g336/D (SDFF_X1)
           1.69   data arrival time

  10.00   10.00   clock clk (rise edge)
   0.00   10.00   clock source latency
   0.00   10.00 ^ CK (in)
   0.05   10.05 ^ clkbuf_0_CK/Z (CLKBUF_X3)
   0.06   10.12 ^ clkbuf_3_4__f_CK/Z (CLKBUF_X3)
   0.04   10.16 ^ clkbuf_leaf_13_CK/Z (CLKBUF_X3)
   0.00   10.16 ^ U_g336/CK (SDFF_X1)
   0.00   10.16   clock reconvergence pessimism
  -0.07   10.09   library setup time
          10.09   data required time
---------------------------------------------------------
          10.09   data required time
          -1.69   data arrival time
---------------------------------------------------------
           8.40   slack (MET)



==========================================================================
cts final report_checks -path_delay min reg to reg
--------------------------------------------------------------------------
Startpoint: U_g254 (rising edge-triggered flip-flop clocked by clk)
Endpoint: U_g309 (rising edge-triggered flip-flop clocked by clk)
Path Group: clk
Path Type: min

  Delay    Time   Description
---------------------------------------------------------
   0.00    0.00   clock clk (rise edge)
   0.00    0.00   clock source latency
   0.00    0.00 ^ CK (in)
   0.05    0.05 ^ clkbuf_0_CK/Z (CLKBUF_X3)
   0.06    0.12 ^ clkbuf_3_1__f_CK/Z (CLKBUF_X3)
   0.04    0.16 ^ clkbuf_leaf_5_CK/Z (CLKBUF_X3)
   0.00    0.16 ^ U_g254/CK (SDFF_X1)
   0.07    0.23 ^ U_g254/Q (SDFF_X1)
   0.00    0.23 ^ U_g309/D (SDFF_X1)
           0.23   data arrival time

   0.00    0.00   clock clk (rise edge)
   0.00    0.00   clock source latency
   0.00    0.00 ^ CK (in)
   0.05    0.05 ^ clkbuf_0_CK/Z (CLKBUF_X3)
   0.06    0.12 ^ clkbuf_3_1__f_CK/Z (CLKBUF_X3)
   0.04    0.16 ^ clkbuf_leaf_5_CK/Z (CLKBUF_X3)
   0.00    0.16 ^ U_g309/CK (SDFF_X1)
   0.00    0.16   clock reconvergence pessimism
  -0.01    0.15   library hold time
           0.15   data required time
---------------------------------------------------------
           0.15   data required time
          -0.23   data arrival time
---------------------------------------------------------
           0.08   slack (MET)



==========================================================================
cts final critical path target clock latency max path
--------------------------------------------------------------------------
0.1588

==========================================================================
cts final critical path target clock latency min path
--------------------------------------------------------------------------
0.1597

==========================================================================
cts final critical path source clock latency min path
--------------------------------------------------------------------------
0.0000

==========================================================================
cts final critical path delay
--------------------------------------------------------------------------
1.9507

==========================================================================
cts final critical path slack
--------------------------------------------------------------------------
8.1393

==========================================================================
cts final slack div critical path delay
--------------------------------------------------------------------------
417.250218

==========================================================================
cts final report_power
--------------------------------------------------------------------------
Group                  Internal  Switching    Leakage      Total
                          Power      Power      Power      Power (Watts)
----------------------------------------------------------------
Sequential             5.41e-04   1.38e-04   5.02e-05   7.29e-04  43.4%
Combinational          3.10e-04   2.79e-04   1.01e-04   6.90e-04  41.1%
Clock                  1.20e-04   1.34e-04   3.98e-06   2.59e-04  15.4%
Macro                  0.00e+00   0.00e+00   0.00e+00   0.00e+00   0.0%
Pad                    0.00e+00   0.00e+00   0.00e+00   0.00e+00   0.0%
----------------------------------------------------------------
Total                  9.71e-04   5.51e-04   1.55e-04   1.68e-03 100.0%
                          57.9%      32.9%       9.2%
