OpenROAD 26Q2-1164-g08f67ee5ec 
Features included (+) or not (-): +GPU +GUI +Python
This program is licensed under the BSD-3 license. See the LICENSE file for details.
Components of this program may be licensed under more restrictive licenses which must be honored.
[INFO ORD-0030] Using 2 thread(s).
read_liberty /root/pact-deps/OpenROAD-flow-scripts/flow/platforms/nangate45/lib/NangateOpenCellLibrary_typical.lib
read_db /mnt/c/Users/Abhinav/OneDrive/Desktop/PACT/PACT/results/phase2d_independent_gp/orfs/results/nangate45/s5378/phase2d_gp29/2_floorplan.odb
read_sdc /mnt/c/Users/Abhinav/OneDrive/Desktop/PACT/PACT/results/phase2d_independent_gp/orfs/results/nangate45/s5378/phase2d_gp29/2_floorplan.sdc
source /root/pact-deps/OpenROAD-flow-scripts/flow/platforms/nangate45/setRC.tcl
source /mnt/c/Users/Abhinav/OneDrive/Desktop/PACT/PACT/scripts/phase2d_gp_hook.tcl
[INFO GPL-0022] Initialize gpl and calculate uniform density.
Placement density is 0.5300000047683716, computed from PLACE_DENSITY_LB_ADDON  0.20 and lower bound 0.4000000059604645
global_placement -skip_io -density 0.5300000047683716 -pad_left 0 -pad_right 0 -skip_initial_place
PHASE2D_GP_FROM_FRESH_ANCESTRY: -skip_io -density 0.5300000047683716 -pad_left 0 -pad_right 0 -skip_initial_place
[INFO GPL-0001] ---- Initialize GPL Main Data Structures
[INFO GPL-0002] DBU: 2000
[INFO GPL-0003] SiteSize: (  0.190  1.400 ) um
[INFO GPL-0004] CoreBBox: (  1.140  1.400 ) ( 84.930 84.000 ) um
[INFO GPL-0036] Movable instances area:       2468.746 um^2
[INFO GPL-0037] Total instances area:         2500.134 um^2
[INFO GPL-0035] Pin density area adjust:       267.800 um^2
[INFO GPL-0032] ---- Initialize Region: Top-level
[INFO GPL-0006] Number of instances:              1955
[INFO GPL-0007] Movable instances:                1837
[INFO GPL-0008] Fixed instances:                   118
[INFO GPL-0009] Dummy instances:                     0
[INFO GPL-0010] Number of nets:                   1875
[INFO GPL-0011] Number of pins:                   5644
[INFO GPL-0012] Die BBox:  (  0.000  0.000 ) ( 85.985 85.985 ) um
[INFO GPL-0013] Core BBox: (  1.140  1.400 ) ( 84.930 84.000 ) um
[INFO GPL-0016] Core area:                    6921.054 um^2
[INFO GPL-0014] Region name: top-level.
[INFO GPL-0015] Region area:                  6921.054 um^2
[INFO GPL-0017] Fixed instances area:           31.388 um^2
[INFO GPL-0018] Movable instances area:       2736.546 um^2
[INFO GPL-0019] Utilization:                    39.720 %
[INFO GPL-0020] Standard cells area:          2736.546 um^2
[INFO GPL-0021] Large instances area:            0.000 um^2
[INFO GPL-0005] ---- Execute Conjugate Gradient Initial Placement.
[INFO GPL-0051] Source of initial instance position counters:
	Odb location = 1837	Core center = 0	Region center = 0
[INFO GPL-0033] ---- Initialize Nesterov Region: Top-level
[INFO GPL-0023] Placement target density:       0.5300
[INFO GPL-0024] Movable insts average area:      1.490 um^2
[INFO GPL-0025] Ideal bin area:                  2.811 um^2
[INFO GPL-0026] Ideal bin count:                  2462
[INFO GPL-0027] Total bin area:               6921.054 um^2
[INFO GPL-0028] Bin count (X, Y):          32 ,     32
[INFO GPL-0029] Bin size (W * H):       2.618 *  2.581 um
[INFO GPL-0030] Number of bins:                   1024
[INFO GPL-0084] ---- Execute Nesterov Global Placement.
[INFO GPL-0031] HPWL: Half-Perimeter Wirelength
Iteration | Overflow |     HPWL (um) |  HPWL(%) |   Penalty | Group
---------------------------------------------------------------
        0 |   0.3069 |  7.809828e+04 |   +0.00% |  5.14e-11 |      
       10 |   0.9309 |  4.664408e+03 |  -94.03% |  7.57e-11 |      
       20 |   0.8625 |  5.076664e+03 |   +8.84% |  1.11e-10 |      
       30 |   0.8311 |  5.241534e+03 |   +3.25% |  1.64e-10 |      
       40 |   0.8063 |  5.643194e+03 |   +7.66% |  2.42e-10 |      
       50 |   0.7683 |  6.297003e+03 |  +11.59% |  3.56e-10 |      
       60 |   0.7330 |  6.711623e+03 |   +6.58% |  5.25e-10 |      
       70 |   0.6969 |  7.204586e+03 |   +7.34% |  7.73e-10 |      
       80 |   0.6605 |  7.710626e+03 |   +7.02% |  1.14e-09 |      
       90 |   0.6215 |  8.243466e+03 |   +6.91% |  1.68e-09 |      
      100 |   0.5830 |  8.747992e+03 |   +6.12% |  2.47e-09 |      
      110 |   0.5432 |  9.159439e+03 |   +4.70% |  3.64e-09 |      
      120 |   0.5057 |  9.610655e+03 |   +4.93% |  5.36e-09 |      
      130 |   0.4669 |  1.000597e+04 |   +4.11% |  7.90e-09 |      
      140 |   0.4274 |  1.030892e+04 |   +3.03% |  1.16e-08 |      
      150 |   0.3886 |  1.055164e+04 |   +2.35% |  1.71e-08 |      
      160 |   0.3515 |  1.069811e+04 |   +1.39% |  2.52e-08 |      
      170 |   0.3203 |  1.082094e+04 |   +1.15% |  3.72e-08 |      
      180 |   0.2823 |  1.094213e+04 |   +1.12% |  5.48e-08 |      
      190 |   0.2535 |  1.100798e+04 |   +0.60% |  8.07e-08 |      
      200 |   0.2254 |  1.100915e+04 |   +0.01% |  1.19e-07 |      
      210 |   0.1964 |  1.108127e+04 |   +0.66% |  1.75e-07 |      
      220 |   0.1670 |  1.109854e+04 |   +0.16% |  2.58e-07 |      
      230 |   0.1425 |  1.111609e+04 |   +0.16% |  3.80e-07 |      
      240 |   0.1207 |  1.116078e+04 |   +0.40% |  5.60e-07 |      
      250 |   0.1030 |  1.118872e+04 |   +0.25% |  8.25e-07 |      
      252 |   0.0996 |  1.119655e+04 |          |  9.26e-07 |      
---------------------------------------------------------------
[INFO GPL-1001] Global placement finished at iteration 252
[INFO GPL-1002] Placed Cell Area             2736.5457
[INFO GPL-1003] Available Free Area          6889.6660
[INFO GPL-1004] Minimum Feasible Density        0.4000 (cell_area / free_area)
[INFO GPL-1006]   Suggested Target Densities:
[INFO GPL-1007]     - For 90% usage of free space: 0.4413
[INFO GPL-1008]     - For 80% usage of free space: 0.4965
[INFO GPL-1009]     - For 50% usage of free space: 0.7944
[INFO GPL-1014] Final placement area: 2736.55 (+0.00%)
Design area 2500 um^2 36% utilization.
write_db /mnt/c/Users/Abhinav/OneDrive/Desktop/PACT/PACT/results/phase2d_independent_gp/orfs/results/nangate45/s5378/phase2d_gp29/3_1_place_gp_skip_io.odb
Elapsed time: 0:01.69[h:]min:sec. CPU time: user 1.40 sys 0.21 (95%). Peak memory: 117012KB.
Log                       Ext     Elapsed/s Peak Memory/MB sha1sum result [0:20)
3_1_place_gp_skip_io      .odb            1            114 80a050367149ed0643d2
