OpenROAD 26Q2-1164-g08f67ee5ec 
Features included (+) or not (-): +GPU +GUI +Python
This program is licensed under the BSD-3 license. See the LICENSE file for details.
Components of this program may be licensed under more restrictive licenses which must be honored.
[INFO ORD-0030] Using 2 thread(s).
read_liberty /root/pact-deps/OpenROAD-flow-scripts/flow/platforms/nangate45/lib/NangateOpenCellLibrary_typical.lib
read_db /mnt/c/Users/Abhinav/OneDrive/Desktop/PACT/PACT/results/phase2d_independent_gp/orfs/results/nangate45/s5378/phase2d_gp29/3_2_place_iop.odb
read_sdc /mnt/c/Users/Abhinav/OneDrive/Desktop/PACT/PACT/results/phase2d_independent_gp/orfs/results/nangate45/s5378/phase2d_gp29/2_floorplan.sdc
source /root/pact-deps/OpenROAD-flow-scripts/flow/platforms/nangate45/setRC.tcl
source /mnt/c/Users/Abhinav/OneDrive/Desktop/PACT/PACT/scripts/phase2d_gp_hook.tcl
[INFO RSZ-0026] Removed 34 buffers.
Perform port buffering...
[INFO RSZ-0027] Inserted 37 BUF_X1 input buffers.
[INFO RSZ-0028] Inserted 50 BUF_X1 output buffers.
[INFO GPL-0022] Initialize gpl and calculate uniform density.
Placement density is 0.5300000047683716, computed from PLACE_DENSITY_LB_ADDON  0.20 and lower bound 0.4000000059604645
global_placement -density 0.5300000047683716 -pad_left 0 -pad_right 0 -routability_driven -timing_driven -force_center_initial_place -min_phi_coef 0.95 -max_phi_coef 1.05 -skip_initial_place
PHASE2D_GP_FROM_FRESH_ANCESTRY: -density 0.5300000047683716 -pad_left 0 -pad_right 0 -routability_driven -timing_driven -min_phi_coef 0.95 -max_phi_coef 1.05 -skip_initial_place
[INFO GPL-0001] ---- Initialize GPL Main Data Structures
[INFO GPL-0002] DBU: 2000
[INFO GPL-0003] SiteSize: (  0.190  1.400 ) um
[INFO GPL-0004] CoreBBox: (  1.140  1.400 ) ( 84.930 84.000 ) um
[INFO GPL-0036] Movable instances area:       2474.864 um^2
[INFO GPL-0037] Total instances area:         2506.252 um^2
[INFO GPL-0035] Pin density area adjust:       262.143 um^2
[INFO GPL-0032] ---- Initialize Region: Top-level
[INFO GPL-0006] Number of instances:              2008
[INFO GPL-0007] Movable instances:                1890
[INFO GPL-0008] Fixed instances:                   118
[INFO GPL-0009] Dummy instances:                     0
[INFO GPL-0010] Number of nets:                   1928
[INFO GPL-0011] Number of pins:                   5838
[INFO GPL-0012] Die BBox:  (  0.000  0.000 ) ( 85.985 85.985 ) um
[INFO GPL-0013] Core BBox: (  1.140  1.400 ) ( 84.930 84.000 ) um
[INFO GPL-0016] Core area:                    6921.054 um^2
[INFO GPL-0014] Region name: top-level.
[INFO GPL-0015] Region area:                  6921.054 um^2
[INFO GPL-0017] Fixed instances area:           31.388 um^2
[INFO GPL-0018] Movable instances area:       2737.007 um^2
[INFO GPL-0019] Utilization:                    39.726 %
[INFO GPL-0020] Standard cells area:          2737.007 um^2
[INFO GPL-0021] Large instances area:            0.000 um^2
[INFO GPL-0005] ---- Execute Conjugate Gradient Initial Placement.
[INFO GPL-0051] Source of initial instance position counters:
	Odb location = 1890	Core center = 0	Region center = 0
[INFO GPL-0033] ---- Initialize Nesterov Region: Top-level
[INFO GPL-0023] Placement target density:       0.5300
[INFO GPL-0024] Movable insts average area:      1.448 um^2
[INFO GPL-0025] Ideal bin area:                  2.732 um^2
[INFO GPL-0026] Ideal bin count:                  2532
[INFO GPL-0027] Total bin area:               6921.054 um^2
[INFO GPL-0028] Bin count (X, Y):          32 ,     32
[INFO GPL-0029] Bin size (W * H):       2.618 *  2.581 um
[INFO GPL-0030] Number of bins:                   1024
[INFO GPL-0084] ---- Execute Nesterov Global Placement.
[INFO GPL-0031] HPWL: Half-Perimeter Wirelength
Iteration | Overflow |     HPWL (um) |  HPWL(%) |   Penalty | Group
---------------------------------------------------------------
        0 |   0.1245 |  1.288716e+04 |   +0.00% |  9.32e-12 |      
[INFO GPL-0100] Timing-driven iteration 1/2, virtual: false.
[INFO GPL-0101]    Iter: 1, overflow: 0.124, keep resizer changes at: 1, HPWL: 25774320
Iteration |   Area    | Resized | Buffers | Nets repaired | Remaining
---------------------------------------------------------------------
        0 |     +0.0% |       0 |       0 |             0 |      2107
    final |     +0.2% |       1 |       2 |             1 |         0
---------------------------------------------------------------------
[INFO RSZ-0034] Found 1 slew violations.
[INFO RSZ-0036] Found 1 capacitance violations.
[INFO RSZ-0039] Resized 1 instances.
[INFO RSZ-0038] Inserted 2 buffers in 1 nets.
   Iter   |    Area   | Removed | Inserted |   Pins
          |           | Buffers | Buffers  | Remaining
-------------------------------------------------------
        0 |     +0.0% |       0 |        0 |      1890
      180 |     +0.0% |       0 |        0 |      1710
      360 |     +0.0% |       0 |        0 |      1530
      540 |     +0.0% |       0 |        0 |      1350
      720 |     +0.1% |       0 |        3 |      1170
      900 |     +0.1% |       0 |        3 |       990
     1080 |     +0.1% |       0 |        3 |       810
     1260 |     +0.1% |       0 |        3 |       630
     1440 |     +0.1% |       0 |        3 |       450
     1620 |     +0.1% |       0 |        3 |       270
     1800 |     +0.1% |       0 |        3 |        90
    final |     +0.2% |       2 |        9 |         0
-------------------------------------------------------
[INFO GPL-0106] Timing-driven: worst slack 9.235797e-09
[INFO GPL-0107] Timing-driven: repair_design delta area: 8.512 um^2 (+0.31%)
[INFO GPL-0108] Timing-driven: repair_design, gpl delta gcells: 9 (+0.48%)
[INFO GPL-0109] Timing-driven: repair_design, gcells created: 11, deleted: 2
[INFO GPL-0110] Timing-driven: new target density: 0.5312355
[INFO GPL-0038] Routability snapshot saved at iter = 1
        0 |   0.1245 |  1.321189e+04 |          |           |      
[INFO GPL-0040] Routability iteration: 1
[INFO GPL-0041] Total routing overflow: 0.0000
[INFO GPL-0042] Number of overflowed tiles: 0 (0.00%)
[INFO GPL-0043] Average top 0.5% routing congestion: 0.7039
[INFO GPL-0044] Average top 1.0% routing congestion: 0.6897
[INFO GPL-0045] Average top 2.0% routing congestion: 0.6709
[INFO GPL-0046] Average top 5.0% routing congestion: 0.6435
[INFO GPL-0047] Routability iteration weighted routing congestion: 0.6968
[INFO GPL-0050] Weighted routing congestion is lower than target routing congestion(1.0100), end routability optimization.
[INFO GPL-0090] Routability finished. Target routing congestion achieved succesfully.
Iteration | Overflow |     HPWL (um) |  HPWL(%) |   Penalty | Group
---------------------------------------------------------------
       10 |   0.2166 |  1.261460e+04 |   -2.11% |  1.37e-11 |      
       20 |   0.3450 |  1.240060e+04 |   -1.70% |  2.02e-11 |      
       30 |   0.4460 |  1.211835e+04 |   -2.28% |  2.98e-11 |      
       40 |   0.5519 |  1.156476e+04 |   -4.57% |  4.39e-11 |      
       50 |   0.6678 |  1.038501e+04 |  -10.20% |  6.46e-11 |      
       60 |   0.7432 |  9.285483e+03 |  -10.59% |  9.52e-11 |      
       70 |   0.7762 |  8.785611e+03 |   -5.38% |  1.40e-10 |      
       80 |   0.7727 |  8.812148e+03 |   +0.30% |  2.07e-10 |      
       90 |   0.7515 |  9.153811e+03 |   +3.88% |  3.04e-10 |      
      100 |   0.7111 |  9.634636e+03 |   +5.25% |  4.48e-10 |      
      110 |   0.6751 |  1.008712e+04 |   +4.70% |  6.60e-10 |      
      120 |   0.6391 |  1.043787e+04 |   +3.48% |  9.73e-10 |      
      130 |   0.6142 |  1.072047e+04 |   +2.71% |  1.43e-09 |      
      140 |   0.5840 |  1.103010e+04 |   +2.89% |  2.11e-09 |      
      150 |   0.5520 |  1.138324e+04 |   +3.20% |  3.11e-09 |      
      160 |   0.5144 |  1.170873e+04 |   +2.86% |  4.58e-09 |      
      170 |   0.4763 |  1.198520e+04 |   +2.36% |  6.75e-09 |      
      180 |   0.4381 |  1.224006e+04 |   +2.13% |  9.94e-09 |      
      190 |   0.4016 |  1.245556e+04 |   +1.76% |  1.46e-08 |      
      200 |   0.3624 |  1.269975e+04 |   +1.96% |  2.16e-08 |      
      210 |   0.3218 |  1.288737e+04 |   +1.48% |  3.18e-08 |      
      220 |   0.2870 |  1.301957e+04 |   +1.03% |  4.68e-08 |      
      230 |   0.2596 |  1.308297e+04 |   +0.49% |  6.89e-08 |      
      240 |   0.2317 |  1.315776e+04 |   +0.57% |  1.02e-07 |      
      250 |   0.2116 |  1.327120e+04 |   +0.86% |  1.50e-07 |      
      260 |   0.1837 |  1.334305e+04 |   +0.54% |  2.20e-07 |      
      270 |   0.1591 |  1.339167e+04 |   +0.36% |  3.25e-07 |      
      280 |   0.1430 |  1.343649e+04 |   +0.33% |  4.78e-07 |      
      290 |   0.1247 |  1.347250e+04 |   +0.27% |  7.05e-07 |      
      300 |   0.1064 |  1.348864e+04 |   +0.12% |  1.04e-06 |      
      304 |   0.0999 |  1.350339e+04 |          |  1.26e-06 |      
---------------------------------------------------------------
[INFO GPL-1001] Global placement finished at iteration 304
[INFO GPL-1017] Routability mode iteration count: 200
[INFO GPL-1005] Routability final weighted congestion: 0.7271
[INFO GPL-1002] Placed Cell Area             2745.5190
[INFO GPL-1003] Available Free Area          6889.6660
[INFO GPL-1004] Minimum Feasible Density        0.4000 (cell_area / free_area)
[INFO GPL-1006]   Suggested Target Densities:
[INFO GPL-1007]     - For 90% usage of free space: 0.4428
[INFO GPL-1008]     - For 80% usage of free space: 0.4981
[INFO GPL-1009]     - For 50% usage of free space: 0.7970
[INFO GPL-1011] Original area (um^2): 2737.01
[INFO GPL-1012] Total routability artificial inflation: 0.00 (+0.00%)
[INFO GPL-1013] Total timing-driven delta area: 8.51 (+0.31%)
[INFO GPL-1014] Final placement area: 2745.52 (+0.31%)
estimate_parasitics -placement
Report metrics stage 3, global place...

==========================================================================
global place report_design_area
--------------------------------------------------------------------------
Design area 2515 um^2 36% utilization.
write_db /mnt/c/Users/Abhinav/OneDrive/Desktop/PACT/PACT/results/phase2d_independent_gp/orfs/results/nangate45/s5378/phase2d_gp29/3_3_place_gp.odb
Elapsed time: 0:03.68[h:]min:sec. CPU time: user 2.69 sys 0.74 (93%). Peak memory: 270532KB.
Log                       Ext     Elapsed/s Peak Memory/MB sha1sum result [0:20)
3_3_place_gp              .odb            3            264 10ae7c6693c6e0eea1d3
