OpenROAD 26Q2-1164-g08f67ee5ec 
Features included (+) or not (-): +GPU +GUI +Python
This program is licensed under the BSD-3 license. See the LICENSE file for details.
Components of this program may be licensed under more restrictive licenses which must be honored.
[INFO ORD-0030] Using 2 thread(s).
read_liberty /root/pact-deps/OpenROAD-flow-scripts/flow/platforms/nangate45/lib/NangateOpenCellLibrary_typical.lib
read_db /mnt/c/Users/Abhinav/OneDrive/Desktop/PACT/PACT/results/phase2d_independent_gp/orfs/results/nangate45/s5378/phase2d_gp29/3_3_place_gp.odb
read_sdc /mnt/c/Users/Abhinav/OneDrive/Desktop/PACT/PACT/results/phase2d_independent_gp/orfs/results/nangate45/s5378/phase2d_gp29/2_floorplan.sdc
source /root/pact-deps/OpenROAD-flow-scripts/flow/platforms/nangate45/setRC.tcl
estimate_parasitics -placement
Perform buffer insertion and gate resizing...
repair_design -verbose
Iteration |   Area    | Resized | Buffers | Nets repaired | Remaining
---------------------------------------------------------------------
        0 |     +0.0% |       0 |       0 |             0 |      2116
       10 |     +0.0% |       0 |       0 |             0 |      2106
       20 |     +0.0% |       0 |       0 |             0 |      2096
       30 |     +0.0% |       0 |       0 |             0 |      2086
       40 |     +0.0% |       0 |       0 |             0 |      2076
       50 |     +0.0% |       0 |       0 |             0 |      2066
       60 |     +0.0% |       0 |       0 |             0 |      2056
       70 |     +0.0% |       0 |       0 |             0 |      2046
       80 |     +0.0% |       0 |       0 |             0 |      2036
       90 |     +0.0% |       0 |       0 |             0 |      2026
      100 |     +0.0% |       0 |       0 |             0 |      2016
      110 |     +0.0% |       0 |       0 |             0 |      2006
      120 |     +0.0% |       0 |       0 |             0 |      1996
      130 |     +0.0% |       0 |       0 |             0 |      1986
      140 |     +0.0% |       0 |       0 |             0 |      1976
      150 |     +0.0% |       0 |       0 |             0 |      1966
      160 |     +0.0% |       0 |       0 |             0 |      1956
      170 |     +0.0% |       0 |       0 |             0 |      1946
      180 |     +0.0% |       0 |       0 |             0 |      1936
      190 |     +0.0% |       0 |       0 |             0 |      1926
      200 |     +0.0% |       0 |       0 |             0 |      1916
      210 |     +0.0% |       0 |       0 |             0 |      1906
      220 |     +0.0% |       0 |       0 |             0 |      1896
      230 |     +0.0% |       0 |       0 |             0 |      1886
      240 |     +0.0% |       0 |       0 |             0 |      1876
      250 |     +0.0% |       0 |       0 |             0 |      1866
      260 |     +0.0% |       0 |       0 |             0 |      1856
      270 |     +0.0% |       0 |       0 |             0 |      1846
      280 |     +0.0% |       0 |       0 |             0 |      1836
      290 |     +0.0% |       0 |       0 |             0 |      1826
      300 |     +0.0% |       0 |       0 |             0 |      1816
      310 |     +0.0% |       0 |       0 |             0 |      1806
      320 |     +0.0% |       0 |       0 |             0 |      1796
      330 |     +0.0% |       0 |       0 |             0 |      1786
      340 |     +0.0% |       0 |       0 |             0 |      1776
      350 |     +0.0% |       0 |       0 |             0 |      1766
      360 |     +0.0% |       0 |       0 |             0 |      1756
      370 |     +0.0% |       0 |       0 |             0 |      1746
      380 |     +0.0% |       0 |       0 |             0 |      1736
      390 |     +0.0% |       0 |       0 |             0 |      1726
      400 |     +0.0% |       0 |       0 |             0 |      1716
      410 |     +0.0% |       0 |       0 |             0 |      1706
      420 |     +0.0% |       0 |       0 |             0 |      1696
      430 |     +0.0% |       0 |       0 |             0 |      1686
      440 |     +0.0% |       0 |       0 |             0 |      1676
      450 |     +0.0% |       0 |       0 |             0 |      1666
      460 |     +0.0% |       0 |       0 |             0 |      1656
      470 |     +0.0% |       0 |       0 |             0 |      1646
      480 |     +0.0% |       0 |       0 |             0 |      1636
      490 |     +0.0% |       0 |       0 |             0 |      1626
      500 |     +0.0% |       0 |       0 |             0 |      1616
      510 |     +0.0% |       0 |       0 |             0 |      1606
      520 |     +0.0% |       0 |       0 |             0 |      1596
      530 |     +0.0% |       0 |       0 |             0 |      1586
      540 |     +0.0% |       0 |       0 |             0 |      1576
      550 |     +0.0% |       0 |       0 |             0 |      1566
      560 |     +0.0% |       0 |       0 |             0 |      1556
      570 |     +0.0% |       0 |       0 |             0 |      1546
      580 |     +0.0% |       0 |       0 |             0 |      1536
      590 |     +0.0% |       0 |       0 |             0 |      1526
      600 |     +0.0% |       0 |       0 |             0 |      1516
      610 |     +0.0% |       0 |       0 |             0 |      1506
      620 |     +0.0% |       0 |       0 |             0 |      1496
      630 |     +0.0% |       0 |       0 |             0 |      1486
      640 |     +0.0% |       0 |       0 |             0 |      1476
      650 |     +0.0% |       0 |       0 |             0 |      1466
      660 |     +0.0% |       0 |       0 |             0 |      1456
      670 |     +0.0% |       0 |       0 |             0 |      1446
      680 |     +0.0% |       0 |       0 |             0 |      1436
      690 |     +0.0% |       0 |       0 |             0 |      1426
      700 |     +0.0% |       0 |       0 |             0 |      1416
      710 |     +0.0% |       0 |       0 |             0 |      1406
      720 |     +0.0% |       0 |       0 |             0 |      1396
      730 |     +0.0% |       0 |       0 |             0 |      1386
      740 |     +0.0% |       0 |       0 |             0 |      1376
      750 |     +0.0% |       0 |       0 |             0 |      1366
      760 |     +0.0% |       0 |       0 |             0 |      1356
      770 |     +0.0% |       0 |       0 |             0 |      1346
      780 |     +0.0% |       0 |       0 |             0 |      1336
      790 |     +0.0% |       0 |       0 |             0 |      1326
      800 |     +0.0% |       0 |       0 |             0 |      1316
      810 |     +0.0% |       0 |       0 |             0 |      1306
      820 |     +0.0% |       0 |       0 |             0 |      1296
      830 |     +0.0% |       0 |       0 |             0 |      1286
      840 |     +0.0% |       0 |       0 |             0 |      1276
      850 |     +0.0% |       0 |       0 |             0 |      1266
      860 |     +0.0% |       0 |       0 |             0 |      1256
      870 |     +0.0% |       0 |       0 |             0 |      1246
      880 |     +0.0% |       0 |       0 |             0 |      1236
      890 |     +0.0% |       0 |       0 |             0 |      1226
      900 |     +0.0% |       0 |       0 |             0 |      1216
      910 |     +0.0% |       0 |       0 |             0 |      1206
      920 |     +0.0% |       0 |       0 |             0 |      1196
      930 |     +0.0% |       0 |       0 |             0 |      1186
      940 |     +0.0% |       0 |       0 |             0 |      1176
      950 |     +0.0% |       0 |       0 |             0 |      1166
      960 |     +0.0% |       0 |       0 |             0 |      1156
      970 |     +0.0% |       0 |       0 |             0 |      1146
      980 |     +0.0% |       0 |       0 |             0 |      1136
      990 |     +0.0% |       0 |       0 |             0 |      1126
     1000 |     +0.0% |       0 |       0 |             0 |      1116
     1010 |     +0.0% |       0 |       0 |             0 |      1106
     1020 |     +0.0% |       0 |       0 |             0 |      1096
     1030 |     +0.0% |       0 |       0 |             0 |      1086
     1040 |     +0.0% |       0 |       0 |             0 |      1076
     1050 |     +0.0% |       0 |       0 |             0 |      1066
     1060 |     +0.0% |       0 |       0 |             0 |      1056
     1070 |     +0.0% |       0 |       0 |             0 |      1046
     1080 |     +0.0% |       0 |       0 |             0 |      1036
     1090 |     +0.0% |       0 |       0 |             0 |      1026
     1100 |     +0.0% |       0 |       0 |             0 |      1016
     1110 |     +0.0% |       0 |       0 |             0 |      1006
     1120 |     +0.0% |       0 |       0 |             0 |       996
     1130 |     +0.0% |       0 |       0 |             0 |       986
     1140 |     +0.0% |       0 |       0 |             0 |       976
     1150 |     +0.0% |       0 |       0 |             0 |       966
     1160 |     +0.0% |       0 |       0 |             0 |       956
     1170 |     +0.0% |       0 |       0 |             0 |       946
     1180 |     +0.0% |       0 |       0 |             0 |       936
     1190 |     +0.0% |       0 |       0 |             0 |       926
     1200 |     +0.0% |       0 |       0 |             0 |       916
     1210 |     +0.0% |       0 |       0 |             0 |       906
     1220 |     +0.0% |       0 |       0 |             0 |       896
     1230 |     +0.0% |       0 |       0 |             0 |       886
     1240 |     +0.0% |       0 |       0 |             0 |       876
     1250 |     +0.0% |       0 |       0 |             0 |       866
     1260 |     +0.0% |       0 |       0 |             0 |       856
     1270 |     +0.0% |       0 |       0 |             0 |       846
     1280 |     +0.0% |       0 |       0 |             0 |       836
     1290 |     +0.0% |       0 |       0 |             0 |       826
     1300 |     +0.0% |       0 |       0 |             0 |       816
     1310 |     +0.0% |       0 |       0 |             0 |       806
     1320 |     +0.0% |       0 |       0 |             0 |       796
     1330 |     +0.0% |       0 |       0 |             0 |       786
     1340 |     +0.0% |       0 |       0 |             0 |       776
     1350 |     +0.0% |       0 |       0 |             0 |       766
     1360 |     +0.0% |       0 |       0 |             0 |       756
     1370 |     +0.0% |       0 |       0 |             0 |       746
     1380 |     +0.0% |       0 |       0 |             0 |       736
     1390 |     +0.0% |       0 |       0 |             0 |       726
     1400 |     +0.0% |       0 |       0 |             0 |       716
     1410 |     +0.0% |       0 |       0 |             0 |       706
     1420 |     +0.0% |       0 |       0 |             0 |       696
     1430 |     +0.0% |       0 |       0 |             0 |       686
     1440 |     +0.0% |       0 |       0 |             0 |       676
     1450 |     +0.0% |       0 |       0 |             0 |       666
     1460 |     +0.0% |       0 |       0 |             0 |       656
     1470 |     +0.0% |       0 |       0 |             0 |       646
     1480 |     +0.0% |       0 |       0 |             0 |       636
     1490 |     +0.0% |       0 |       0 |             0 |       626
     1500 |     +0.0% |       0 |       0 |             0 |       616
     1510 |     +0.0% |       0 |       0 |             0 |       606
     1520 |     +0.0% |       0 |       0 |             0 |       596
     1530 |     +0.0% |       0 |       0 |             0 |       586
     1540 |     +0.0% |       0 |       0 |             0 |       576
     1550 |     +0.0% |       0 |       0 |             0 |       566
     1560 |     +0.0% |       0 |       0 |             0 |       556
     1570 |     +0.0% |       0 |       0 |             0 |       546
     1580 |     +0.0% |       0 |       0 |             0 |       536
     1590 |     +0.0% |       0 |       0 |             0 |       526
     1600 |     +0.0% |       0 |       0 |             0 |       516
     1610 |     +0.0% |       0 |       0 |             0 |       506
     1620 |     +0.0% |       0 |       0 |             0 |       496
     1630 |     +0.0% |       0 |       0 |             0 |       486
     1640 |     +0.0% |       0 |       0 |             0 |       476
     1650 |     +0.0% |       0 |       0 |             0 |       466
     1660 |     +0.0% |       0 |       0 |             0 |       456
     1670 |     +0.0% |       0 |       0 |             0 |       446
     1680 |     +0.0% |       0 |       0 |             0 |       436
     1690 |     +0.0% |       0 |       0 |             0 |       426
     1700 |     +0.0% |       0 |       0 |             0 |       416
     1710 |     +0.0% |       0 |       0 |             0 |       406
     1720 |     +0.0% |       0 |       0 |             0 |       396
     1730 |     +0.0% |       0 |       0 |             0 |       386
     1740 |     +0.0% |       0 |       0 |             0 |       376
     1750 |     +0.0% |       0 |       0 |             0 |       366
     1760 |     +0.0% |       0 |       0 |             0 |       356
     1770 |     +0.0% |       0 |       0 |             0 |       346
     1780 |     +0.0% |       0 |       0 |             0 |       336
     1790 |     +0.0% |       0 |       0 |             0 |       326
     1800 |     +0.0% |       0 |       0 |             0 |       316
     1810 |     +0.0% |       0 |       0 |             0 |       306
     1820 |     +0.0% |       0 |       0 |             0 |       296
     1830 |     +0.0% |       0 |       0 |             0 |       286
     1840 |     +0.0% |       0 |       0 |             0 |       276
     1850 |     +0.0% |       0 |       0 |             0 |       266
     1860 |     +0.0% |       0 |       0 |             0 |       256
     1870 |     +0.0% |       0 |       0 |             0 |       246
     1880 |     +0.0% |       0 |       0 |             0 |       236
     1890 |     +0.0% |       0 |       0 |             0 |       226
     1900 |     +0.0% |       0 |       0 |             0 |       216
     1910 |     +0.0% |       0 |       0 |             0 |       206
     1920 |     +0.0% |       0 |       0 |             0 |       196
     1930 |     +0.0% |       0 |       0 |             0 |       186
     1940 |     +0.0% |       0 |       0 |             0 |       176
     1950 |     +0.0% |       0 |       0 |             0 |       166
     1960 |     +0.0% |       0 |       0 |             0 |       156
     1970 |     +0.0% |       0 |       0 |             0 |       146
     1980 |     +0.0% |       0 |       0 |             0 |       136
     1990 |     +0.0% |       0 |       0 |             0 |       126
     2000 |     +0.0% |       0 |       0 |             0 |       116
     2010 |     +0.0% |       0 |       0 |             0 |       106
     2020 |     +0.0% |       0 |       0 |             0 |        96
     2030 |     +0.0% |       0 |       0 |             0 |        86
     2040 |     +0.0% |       0 |       0 |             0 |        76
     2050 |     +0.0% |       0 |       0 |             0 |        66
     2060 |     +0.0% |       0 |       0 |             0 |        56
     2070 |     +0.0% |       0 |       0 |             0 |        46
     2080 |     +0.0% |       0 |       0 |             0 |        36
     2090 |     +0.0% |       0 |       0 |             0 |        26
     2100 |     +0.0% |       0 |       0 |             0 |        16
     2110 |     +0.0% |       0 |       0 |             0 |         6
    final |     +0.0% |       0 |       0 |             0 |         0
---------------------------------------------------------------------
Floating nets: 
Report metrics stage 3, resizer...

==========================================================================
resizer report_design_area
--------------------------------------------------------------------------
Design area 2515 um^2 36% utilization.
Instance count before 2017, after 2017
Pin count before 5947, after 5947
write_db /mnt/c/Users/Abhinav/OneDrive/Desktop/PACT/PACT/results/phase2d_independent_gp/orfs/results/nangate45/s5378/phase2d_gp29/3_4_place_resized.odb
Elapsed time: 0:04.09[h:]min:sec. CPU time: user 1.72 sys 0.58 (56%). Peak memory: 135068KB.
Log                       Ext     Elapsed/s Peak Memory/MB sha1sum result [0:20)
3_4_place_resized         .odb            4            131 10ae7c6693c6e0eea1d3
