
==========================================================================
global route report_tns
--------------------------------------------------------------------------
tns max 0.00

==========================================================================
global route report_wns
--------------------------------------------------------------------------
wns max 0.00

==========================================================================
global route report_worst_slack
--------------------------------------------------------------------------
worst slack max 8.81

==========================================================================
global route report_clock_min_period
--------------------------------------------------------------------------
clk period_min = 1.19 fmax = 842.57

==========================================================================
global route report_clock_skew
--------------------------------------------------------------------------
Clock clk
   0.13 source latency U_g210/CK ^
  -0.13 target latency U_g11/CK ^
   0.00 CRPR
--------------
  -0.01 setup skew


==========================================================================
global route report_checks -path_delay min
--------------------------------------------------------------------------
Startpoint: g36 (input port clocked by clk)
Endpoint: U_g686 (rising edge-triggered flip-flop clocked by clk)
Path Group: clk
Path Type: min

Fanout     Cap    Slew   Delay    Time   Description
-----------------------------------------------------------------------------
                          0.00    0.00   clock clk (rise edge)
                          0.00    0.00   clock network delay (propagated)
                          0.00    0.00 ^ input external delay
     1    1.21    0.00    0.00    0.00 ^ g36 (in)
                                         g36 (net)
                  0.00    0.00    0.00 ^ hold153/A (CLKBUF_X1)
     1    0.91    0.01    0.02    0.02 ^ hold153/Z (CLKBUF_X1)
                                         net152 (net)
                  0.01    0.00    0.02 ^ hold116/A (CLKBUF_X1)
     1    1.20    0.01    0.03    0.05 ^ hold116/Z (CLKBUF_X1)
                                         net115 (net)
                  0.01    0.00    0.05 ^ input11/A (BUF_X1)
     4    7.92    0.02    0.04    0.09 ^ input11/Z (BUF_X1)
                                         net11 (net)
                  0.02    0.00    0.09 ^ hold117/A (CLKBUF_X1)
     1    3.13    0.01    0.04    0.12 ^ hold117/Z (CLKBUF_X1)
                                         net116 (net)
                  0.01    0.00    0.12 ^ U_g686/D (SDFF_X1)
                                  0.12   data arrival time

                          0.00    0.00   clock clk (rise edge)
                          0.00    0.00   clock source latency
     1   10.97    0.00    0.00    0.00 ^ CK (in)
                                         CK (net)
                  0.00    0.00    0.00 ^ clkbuf_0_CK/A (CLKBUF_X3)
     4   14.37    0.01    0.04    0.04 ^ clkbuf_0_CK/Z (CLKBUF_X3)
                                         clknet_0_CK (net)
                  0.01    0.00    0.04 ^ clkbuf_2_3__f_CK/A (CLKBUF_X3)
     9   28.48    0.02    0.05    0.09 ^ clkbuf_2_3__f_CK/Z (CLKBUF_X3)
                                         clknet_2_3__leaf_CK (net)
                  0.02    0.00    0.09 ^ clkbuf_leaf_20_CK/A (CLKBUF_X3)
     8   11.65    0.01    0.04    0.13 ^ clkbuf_leaf_20_CK/Z (CLKBUF_X3)
                                         clknet_leaf_20_CK (net)
                  0.01    0.00    0.13 ^ U_g686/CK (SDFF_X1)
                          0.00    0.13   clock reconvergence pessimism
                         -0.01    0.12   library hold time
                                  0.12   data required time
-----------------------------------------------------------------------------
                                  0.12   data required time
                                 -0.12   data arrival time
-----------------------------------------------------------------------------
                                  0.00   slack (MET)



==========================================================================
global route report_checks -path_delay max
--------------------------------------------------------------------------
Startpoint: U_g204 (rising edge-triggered flip-flop clocked by clk)
Endpoint: U_g127 (rising edge-triggered flip-flop clocked by clk)
Path Group: clk
Path Type: max

Fanout     Cap    Slew   Delay    Time   Description
-----------------------------------------------------------------------------
                          0.00    0.00   clock clk (rise edge)
                          0.00    0.00   clock source latency
     1   10.97    0.00    0.00    0.00 ^ CK (in)
                                         CK (net)
                  0.00    0.00    0.00 ^ clkbuf_0_CK/A (CLKBUF_X3)
     4   14.37    0.01    0.04    0.04 ^ clkbuf_0_CK/Z (CLKBUF_X3)
                                         clknet_0_CK (net)
                  0.01    0.00    0.04 ^ clkbuf_2_1__f_CK/A (CLKBUF_X3)
     8   24.26    0.02    0.05    0.09 ^ clkbuf_2_1__f_CK/Z (CLKBUF_X3)
                                         clknet_2_1__leaf_CK (net)
                  0.02    0.00    0.09 ^ clkbuf_leaf_27_CK/A (CLKBUF_X3)
     8   11.52    0.01    0.04    0.13 ^ clkbuf_leaf_27_CK/Z (CLKBUF_X3)
                                         clknet_leaf_27_CK (net)
                  0.01    0.00    0.13 ^ U_g204/CK (SDFF_X1)
    16   25.49    0.06    0.12    0.25 ^ U_g204/Q (SDFF_X1)
                                         g204 (net)
                  0.06    0.00    0.25 ^ U_g3367/A2 (AND2_X1)
     2    4.34    0.01    0.05    0.30 ^ U_g3367/ZN (AND2_X1)
                                         g3367 (net)
                  0.01    0.00    0.30 ^ U_g3925/A2 (NOR2_X1)
     1    1.41    0.01    0.01    0.31 v U_g3925/ZN (NOR2_X1)
                                         g3925 (net)
                  0.01    0.00    0.31 v U_g4168/A1 (AND2_X1)
     1    2.09    0.01    0.03    0.34 v U_g4168/ZN (AND2_X1)
                                         g4168 (net)
                  0.01    0.00    0.34 v U_g4584/A2 (NOR2_X1)
     1    1.80    0.02    0.03    0.37 ^ U_g4584/ZN (NOR2_X1)
                                         g4584 (net)
                  0.02    0.00    0.37 ^ U_g4684/A1 (AND2_X1)
     1    2.52    0.01    0.04    0.41 ^ U_g4684/ZN (AND2_X1)
                                         g4684 (net)
                  0.01    0.00    0.41 ^ U_g5093/A2 (NOR2_X1)
     1    1.06    0.00    0.01    0.41 v U_g5093/ZN (NOR2_X1)
                                         g5093 (net)
                  0.00    0.00    0.41 v U_g5169/A1 (AND2_X1)
     1    1.70    0.01    0.03    0.44 v U_g5169/ZN (AND2_X1)
                                         g5169 (net)
                  0.01    0.00    0.44 v U_g5418/A2 (NOR2_X1)
     2    3.79    0.02    0.04    0.48 ^ U_g5418/ZN (NOR2_X1)
                                         g5418 (net)
                  0.02    0.00    0.48 ^ U_I8194/A2 (NAND2_X1)
     2    3.54    0.02    0.02    0.50 v U_I8194/ZN (NAND2_X1)
                                         I8194 (net)
                  0.02    0.00    0.50 v U_I8196/A2 (NAND2_X1)
     1    2.10    0.01    0.02    0.52 ^ U_I8196/ZN (NAND2_X1)
                                         I8196 (net)
                  0.01    0.00    0.52 ^ U_g6394/A2 (NAND2_X1)
     2    2.70    0.01    0.02    0.54 v U_g6394/ZN (NAND2_X1)
                                         g6394 (net)
                  0.01    0.00    0.54 v U_g6468/A2 (AND3_X1)
     1    1.43    0.01    0.03    0.57 v U_g6468/ZN (AND3_X1)
                                         g6468 (net)
                  0.01    0.00    0.57 v U_g6545/A1 (OR2_X1)
     2    3.04    0.01    0.05    0.62 v U_g6545/ZN (OR2_X1)
                                         g6545 (net)
                  0.01    0.00    0.62 v U_g6634/A2 (AND2_X1)
     2    2.23    0.01    0.03    0.65 v U_g6634/ZN (AND2_X1)
                                         g6634 (net)
                  0.01    0.00    0.65 v U_g6670/A2 (OR4_X1)
     2    3.07    0.02    0.11    0.76 v U_g6670/ZN (OR4_X1)
                                         g6670 (net)
                  0.02    0.00    0.76 v U_g6714/A (INV_X1)
     1    0.93    0.01    0.01    0.77 ^ U_g6714/ZN (INV_X1)
                                         g6714 (net)
                  0.01    0.00    0.77 ^ U_g6737/A1 (AND3_X1)
     1    1.36    0.01    0.04    0.81 ^ U_g6737/ZN (AND3_X1)
                                         g6737 (net)
                  0.01    0.00    0.81 ^ U_g6754/A3 (OR3_X1)
     3    4.39    0.01    0.03    0.84 ^ U_g6754/ZN (OR3_X1)
                                         g6754 (net)
                  0.01    0.00    0.84 ^ U_g6774/A1 (NAND2_X1)
     2    3.65    0.01    0.02    0.86 v U_g6774/ZN (NAND2_X1)
                                         g6774 (net)
                  0.01    0.00    0.86 v U_g6846/A2 (OR2_X1)
     1    2.86    0.01    0.05    0.91 v U_g6846/ZN (OR2_X1)
                                         g6846 (net)
                  0.01    0.00    0.91 v U_g6851/A1 (AND2_X1)
     1    1.29    0.01    0.03    0.94 v U_g6851/ZN (AND2_X1)
                                         g6851 (net)
                  0.01    0.00    0.94 v U_g6855/A1 (OR2_X1)
     2    2.88    0.01    0.05    0.99 v U_g6855/ZN (OR2_X1)
                                         g6855 (net)
                  0.01    0.00    0.99 v U_g6911/A2 (AND2_X1)
     2    3.09    0.01    0.03    1.02 v U_g6911/ZN (AND2_X1)
                                         g6911 (net)
                  0.01    0.00    1.02 v U_g6917/A2 (OR2_X1)
     2    2.51    0.01    0.05    1.07 v U_g6917/ZN (OR2_X1)
                                         g6917 (net)
                  0.01    0.00    1.07 v U_g6923/A2 (AND2_X1)
     1    1.39    0.01    0.03    1.10 v U_g6923/ZN (AND2_X1)
                                         g6923 (net)
                  0.01    0.00    1.11 v U_g6926/A2 (OR2_X1)
     1    2.10    0.01    0.05    1.15 v U_g6926/ZN (OR2_X1)
                                         g6926 (net)
                  0.01    0.00    1.15 v U_g6928/A2 (NAND2_X1)
     1    1.86    0.01    0.02    1.17 ^ U_g6928/ZN (NAND2_X1)
                                         g6928 (net)
                  0.01    0.00    1.17 ^ U_g6930/A2 (OR2_X1)
     1    1.43    0.01    0.02    1.20 ^ U_g6930/ZN (OR2_X1)
                                         g6930 (net)
                  0.01    0.00    1.20 ^ U_g6935/A1 (AND2_X1)
     1    1.12    0.01    0.03    1.22 ^ U_g6935/ZN (AND2_X1)
                                         g6935 (net)
                  0.01    0.00    1.22 ^ U_g6936/A2 (OR2_X1)
     1    1.63    0.01    0.02    1.25 ^ U_g6936/ZN (OR2_X1)
                                         g6936 (net)
                  0.01    0.00    1.25 ^ U_g127/D (SDFF_X1)
                                  1.25   data arrival time

                         10.00   10.00   clock clk (rise edge)
                          0.00   10.00   clock source latency
     1   10.97    0.00    0.00   10.00 ^ CK (in)
                                         CK (net)
                  0.00    0.00   10.00 ^ clkbuf_0_CK/A (CLKBUF_X3)
     4   14.37    0.01    0.04   10.04 ^ clkbuf_0_CK/Z (CLKBUF_X3)
                                         clknet_0_CK (net)
                  0.01    0.00   10.04 ^ clkbuf_2_1__f_CK/A (CLKBUF_X3)
     8   24.26    0.02    0.05   10.09 ^ clkbuf_2_1__f_CK/Z (CLKBUF_X3)
                                         clknet_2_1__leaf_CK (net)
                  0.02    0.00   10.09 ^ clkbuf_leaf_29_CK/A (CLKBUF_X3)
     8   11.66    0.01    0.04   10.13 ^ clkbuf_leaf_29_CK/Z (CLKBUF_X3)
                                         clknet_leaf_29_CK (net)
                  0.01    0.00   10.13 ^ U_g127/CK (SDFF_X1)
                          0.00   10.13   clock reconvergence pessimism
                         -0.07   10.06   library setup time
                                 10.06   data required time
-----------------------------------------------------------------------------
                                 10.06   data required time
                                 -1.25   data arrival time
-----------------------------------------------------------------------------
                                  8.81   slack (MET)



==========================================================================
global route report_checks -unconstrained
--------------------------------------------------------------------------
Startpoint: U_g204 (rising edge-triggered flip-flop clocked by clk)
Endpoint: U_g127 (rising edge-triggered flip-flop clocked by clk)
Path Group: clk
Path Type: max

Fanout     Cap    Slew   Delay    Time   Description
-----------------------------------------------------------------------------
                          0.00    0.00   clock clk (rise edge)
                          0.00    0.00   clock source latency
     1   10.97    0.00    0.00    0.00 ^ CK (in)
                                         CK (net)
                  0.00    0.00    0.00 ^ clkbuf_0_CK/A (CLKBUF_X3)
     4   14.37    0.01    0.04    0.04 ^ clkbuf_0_CK/Z (CLKBUF_X3)
                                         clknet_0_CK (net)
                  0.01    0.00    0.04 ^ clkbuf_2_1__f_CK/A (CLKBUF_X3)
     8   24.26    0.02    0.05    0.09 ^ clkbuf_2_1__f_CK/Z (CLKBUF_X3)
                                         clknet_2_1__leaf_CK (net)
                  0.02    0.00    0.09 ^ clkbuf_leaf_27_CK/A (CLKBUF_X3)
     8   11.52    0.01    0.04    0.13 ^ clkbuf_leaf_27_CK/Z (CLKBUF_X3)
                                         clknet_leaf_27_CK (net)
                  0.01    0.00    0.13 ^ U_g204/CK (SDFF_X1)
    16   25.49    0.06    0.12    0.25 ^ U_g204/Q (SDFF_X1)
                                         g204 (net)
                  0.06    0.00    0.25 ^ U_g3367/A2 (AND2_X1)
     2    4.34    0.01    0.05    0.30 ^ U_g3367/ZN (AND2_X1)
                                         g3367 (net)
                  0.01    0.00    0.30 ^ U_g3925/A2 (NOR2_X1)
     1    1.41    0.01    0.01    0.31 v U_g3925/ZN (NOR2_X1)
                                         g3925 (net)
                  0.01    0.00    0.31 v U_g4168/A1 (AND2_X1)
     1    2.09    0.01    0.03    0.34 v U_g4168/ZN (AND2_X1)
                                         g4168 (net)
                  0.01    0.00    0.34 v U_g4584/A2 (NOR2_X1)
     1    1.80    0.02    0.03    0.37 ^ U_g4584/ZN (NOR2_X1)
                                         g4584 (net)
                  0.02    0.00    0.37 ^ U_g4684/A1 (AND2_X1)
     1    2.52    0.01    0.04    0.41 ^ U_g4684/ZN (AND2_X1)
                                         g4684 (net)
                  0.01    0.00    0.41 ^ U_g5093/A2 (NOR2_X1)
     1    1.06    0.00    0.01    0.41 v U_g5093/ZN (NOR2_X1)
                                         g5093 (net)
                  0.00    0.00    0.41 v U_g5169/A1 (AND2_X1)
     1    1.70    0.01    0.03    0.44 v U_g5169/ZN (AND2_X1)
                                         g5169 (net)
                  0.01    0.00    0.44 v U_g5418/A2 (NOR2_X1)
     2    3.79    0.02    0.04    0.48 ^ U_g5418/ZN (NOR2_X1)
                                         g5418 (net)
                  0.02    0.00    0.48 ^ U_I8194/A2 (NAND2_X1)
     2    3.54    0.02    0.02    0.50 v U_I8194/ZN (NAND2_X1)
                                         I8194 (net)
                  0.02    0.00    0.50 v U_I8196/A2 (NAND2_X1)
     1    2.10    0.01    0.02    0.52 ^ U_I8196/ZN (NAND2_X1)
                                         I8196 (net)
                  0.01    0.00    0.52 ^ U_g6394/A2 (NAND2_X1)
     2    2.70    0.01    0.02    0.54 v U_g6394/ZN (NAND2_X1)
                                         g6394 (net)
                  0.01    0.00    0.54 v U_g6468/A2 (AND3_X1)
     1    1.43    0.01    0.03    0.57 v U_g6468/ZN (AND3_X1)
                                         g6468 (net)
                  0.01    0.00    0.57 v U_g6545/A1 (OR2_X1)
     2    3.04    0.01    0.05    0.62 v U_g6545/ZN (OR2_X1)
                                         g6545 (net)
                  0.01    0.00    0.62 v U_g6634/A2 (AND2_X1)
     2    2.23    0.01    0.03    0.65 v U_g6634/ZN (AND2_X1)
                                         g6634 (net)
                  0.01    0.00    0.65 v U_g6670/A2 (OR4_X1)
     2    3.07    0.02    0.11    0.76 v U_g6670/ZN (OR4_X1)
                                         g6670 (net)
                  0.02    0.00    0.76 v U_g6714/A (INV_X1)
     1    0.93    0.01    0.01    0.77 ^ U_g6714/ZN (INV_X1)
                                         g6714 (net)
                  0.01    0.00    0.77 ^ U_g6737/A1 (AND3_X1)
     1    1.36    0.01    0.04    0.81 ^ U_g6737/ZN (AND3_X1)
                                         g6737 (net)
                  0.01    0.00    0.81 ^ U_g6754/A3 (OR3_X1)
     3    4.39    0.01    0.03    0.84 ^ U_g6754/ZN (OR3_X1)
                                         g6754 (net)
                  0.01    0.00    0.84 ^ U_g6774/A1 (NAND2_X1)
     2    3.65    0.01    0.02    0.86 v U_g6774/ZN (NAND2_X1)
                                         g6774 (net)
                  0.01    0.00    0.86 v U_g6846/A2 (OR2_X1)
     1    2.86    0.01    0.05    0.91 v U_g6846/ZN (OR2_X1)
                                         g6846 (net)
                  0.01    0.00    0.91 v U_g6851/A1 (AND2_X1)
     1    1.29    0.01    0.03    0.94 v U_g6851/ZN (AND2_X1)
                                         g6851 (net)
                  0.01    0.00    0.94 v U_g6855/A1 (OR2_X1)
     2    2.88    0.01    0.05    0.99 v U_g6855/ZN (OR2_X1)
                                         g6855 (net)
                  0.01    0.00    0.99 v U_g6911/A2 (AND2_X1)
     2    3.09    0.01    0.03    1.02 v U_g6911/ZN (AND2_X1)
                                         g6911 (net)
                  0.01    0.00    1.02 v U_g6917/A2 (OR2_X1)
     2    2.51    0.01    0.05    1.07 v U_g6917/ZN (OR2_X1)
                                         g6917 (net)
                  0.01    0.00    1.07 v U_g6923/A2 (AND2_X1)
     1    1.39    0.01    0.03    1.10 v U_g6923/ZN (AND2_X1)
                                         g6923 (net)
                  0.01    0.00    1.11 v U_g6926/A2 (OR2_X1)
     1    2.10    0.01    0.05    1.15 v U_g6926/ZN (OR2_X1)
                                         g6926 (net)
                  0.01    0.00    1.15 v U_g6928/A2 (NAND2_X1)
     1    1.86    0.01    0.02    1.17 ^ U_g6928/ZN (NAND2_X1)
                                         g6928 (net)
                  0.01    0.00    1.17 ^ U_g6930/A2 (OR2_X1)
     1    1.43    0.01    0.02    1.20 ^ U_g6930/ZN (OR2_X1)
                                         g6930 (net)
                  0.01    0.00    1.20 ^ U_g6935/A1 (AND2_X1)
     1    1.12    0.01    0.03    1.22 ^ U_g6935/ZN (AND2_X1)
                                         g6935 (net)
                  0.01    0.00    1.22 ^ U_g6936/A2 (OR2_X1)
     1    1.63    0.01    0.02    1.25 ^ U_g6936/ZN (OR2_X1)
                                         g6936 (net)
                  0.01    0.00    1.25 ^ U_g127/D (SDFF_X1)
                                  1.25   data arrival time

                         10.00   10.00   clock clk (rise edge)
                          0.00   10.00   clock source latency
     1   10.97    0.00    0.00   10.00 ^ CK (in)
                                         CK (net)
                  0.00    0.00   10.00 ^ clkbuf_0_CK/A (CLKBUF_X3)
     4   14.37    0.01    0.04   10.04 ^ clkbuf_0_CK/Z (CLKBUF_X3)
                                         clknet_0_CK (net)
                  0.01    0.00   10.04 ^ clkbuf_2_1__f_CK/A (CLKBUF_X3)
     8   24.26    0.02    0.05   10.09 ^ clkbuf_2_1__f_CK/Z (CLKBUF_X3)
                                         clknet_2_1__leaf_CK (net)
                  0.02    0.00   10.09 ^ clkbuf_leaf_29_CK/A (CLKBUF_X3)
     8   11.66    0.01    0.04   10.13 ^ clkbuf_leaf_29_CK/Z (CLKBUF_X3)
                                         clknet_leaf_29_CK (net)
                  0.01    0.00   10.13 ^ U_g127/CK (SDFF_X1)
                          0.00   10.13   clock reconvergence pessimism
                         -0.07   10.06   library setup time
                                 10.06   data required time
-----------------------------------------------------------------------------
                                 10.06   data required time
                                 -1.25   data arrival time
-----------------------------------------------------------------------------
                                  8.81   slack (MET)



==========================================================================
global route report_check_types -max_slew -max_cap -max_fanout -violators
--------------------------------------------------------------------------

==========================================================================
global route max_slew_check_slack
--------------------------------------------------------------------------
0.07665887475013733

==========================================================================
global route max_slew_check_limit
--------------------------------------------------------------------------
0.1985349953174591

==========================================================================
global route max_slew_check_slack_limit
--------------------------------------------------------------------------
0.3861

==========================================================================
global route max_fanout_check_slack
--------------------------------------------------------------------------
1.0000000150474662e+30

==========================================================================
global route max_fanout_check_limit
--------------------------------------------------------------------------
1.0000000150474662e+30

==========================================================================
global route max_capacitance_check_slack
--------------------------------------------------------------------------
0.17767871916294098

==========================================================================
global route max_capacitance_check_limit
--------------------------------------------------------------------------
16.021699905395508

==========================================================================
global route max_capacitance_check_slack_limit
--------------------------------------------------------------------------
0.0111

==========================================================================
global route max_slew_violation_count
--------------------------------------------------------------------------
max slew violation count 0

==========================================================================
global route max_fanout_violation_count
--------------------------------------------------------------------------
max fanout violation count 0

==========================================================================
global route max_cap_violation_count
--------------------------------------------------------------------------
max cap violation count 0

==========================================================================
global route setup_violation_count
--------------------------------------------------------------------------
setup violation count 0

==========================================================================
global route hold_violation_count
--------------------------------------------------------------------------
hold violation count 0

==========================================================================
global route report_checks -path_delay max reg to reg
--------------------------------------------------------------------------
Startpoint: U_g204 (rising edge-triggered flip-flop clocked by clk)
Endpoint: U_g127 (rising edge-triggered flip-flop clocked by clk)
Path Group: clk
Path Type: max

  Delay    Time   Description
---------------------------------------------------------
   0.00    0.00   clock clk (rise edge)
   0.00    0.00   clock source latency
   0.00    0.00 ^ CK (in)
   0.04    0.04 ^ clkbuf_0_CK/Z (CLKBUF_X3)
   0.05    0.09 ^ clkbuf_2_1__f_CK/Z (CLKBUF_X3)
   0.04    0.13 ^ clkbuf_leaf_27_CK/Z (CLKBUF_X3)
   0.00    0.13 ^ U_g204/CK (SDFF_X1)
   0.12    0.25 ^ U_g204/Q (SDFF_X1)
   0.05    0.30 ^ U_g3367/ZN (AND2_X1)
   0.01    0.31 v U_g3925/ZN (NOR2_X1)
   0.03    0.34 v U_g4168/ZN (AND2_X1)
   0.03    0.37 ^ U_g4584/ZN (NOR2_X1)
   0.04    0.41 ^ U_g4684/ZN (AND2_X1)
   0.01    0.41 v U_g5093/ZN (NOR2_X1)
   0.03    0.44 v U_g5169/ZN (AND2_X1)
   0.04    0.48 ^ U_g5418/ZN (NOR2_X1)
   0.02    0.50 v U_I8194/ZN (NAND2_X1)
   0.02    0.52 ^ U_I8196/ZN (NAND2_X1)
   0.02    0.54 v U_g6394/ZN (NAND2_X1)
   0.03    0.57 v U_g6468/ZN (AND3_X1)
   0.05    0.62 v U_g6545/ZN (OR2_X1)
   0.03    0.65 v U_g6634/ZN (AND2_X1)
   0.11    0.76 v U_g6670/ZN (OR4_X1)
   0.01    0.77 ^ U_g6714/ZN (INV_X1)
   0.04    0.81 ^ U_g6737/ZN (AND3_X1)
   0.03    0.84 ^ U_g6754/ZN (OR3_X1)
   0.02    0.86 v U_g6774/ZN (NAND2_X1)
   0.05    0.91 v U_g6846/ZN (OR2_X1)
   0.03    0.94 v U_g6851/ZN (AND2_X1)
   0.05    0.99 v U_g6855/ZN (OR2_X1)
   0.03    1.02 v U_g6911/ZN (AND2_X1)
   0.05    1.07 v U_g6917/ZN (OR2_X1)
   0.03    1.10 v U_g6923/ZN (AND2_X1)
   0.05    1.15 v U_g6926/ZN (OR2_X1)
   0.02    1.17 ^ U_g6928/ZN (NAND2_X1)
   0.02    1.20 ^ U_g6930/ZN (OR2_X1)
   0.03    1.22 ^ U_g6935/ZN (AND2_X1)
   0.02    1.25 ^ U_g6936/ZN (OR2_X1)
   0.00    1.25 ^ U_g127/D (SDFF_X1)
           1.25   data arrival time

  10.00   10.00   clock clk (rise edge)
   0.00   10.00   clock source latency
   0.00   10.00 ^ CK (in)
   0.04   10.04 ^ clkbuf_0_CK/Z (CLKBUF_X3)
   0.05   10.09 ^ clkbuf_2_1__f_CK/Z (CLKBUF_X3)
   0.04   10.13 ^ clkbuf_leaf_29_CK/Z (CLKBUF_X3)
   0.00   10.13 ^ U_g127/CK (SDFF_X1)
   0.00   10.13   clock reconvergence pessimism
  -0.07   10.06   library setup time
          10.06   data required time
---------------------------------------------------------
          10.06   data required time
          -1.25   data arrival time
---------------------------------------------------------
           8.81   slack (MET)



==========================================================================
global route report_checks -path_delay min reg to reg
--------------------------------------------------------------------------
Startpoint: U_g338 (rising edge-triggered flip-flop clocked by clk)
Endpoint: U_g357 (rising edge-triggered flip-flop clocked by clk)
Path Group: clk
Path Type: min

  Delay    Time   Description
---------------------------------------------------------
   0.00    0.00   clock clk (rise edge)
   0.00    0.00   clock source latency
   0.00    0.00 ^ CK (in)
   0.04    0.04 ^ clkbuf_0_CK/Z (CLKBUF_X3)
   0.05    0.09 ^ clkbuf_2_2__f_CK/Z (CLKBUF_X3)
   0.04    0.13 ^ clkbuf_leaf_12_CK/Z (CLKBUF_X3)
   0.00    0.13 ^ U_g338/CK (SDFF_X1)
   0.07    0.20 ^ U_g338/Q (SDFF_X1)
   0.00    0.20 ^ U_g357/SI (SDFF_X1)
           0.20   data arrival time

   0.00    0.00   clock clk (rise edge)
   0.00    0.00   clock source latency
   0.00    0.00 ^ CK (in)
   0.04    0.04 ^ clkbuf_0_CK/Z (CLKBUF_X3)
   0.05    0.09 ^ clkbuf_2_3__f_CK/Z (CLKBUF_X3)
   0.04    0.13 ^ clkbuf_leaf_13_CK/Z (CLKBUF_X3)
   0.00    0.13 ^ U_g357/CK (SDFF_X1)
   0.00    0.13   clock reconvergence pessimism
  -0.01    0.12   library hold time
           0.12   data required time
---------------------------------------------------------
           0.12   data required time
          -0.20   data arrival time
---------------------------------------------------------
           0.08   slack (MET)



==========================================================================
global route critical path target clock latency max path
--------------------------------------------------------------------------
0.1314

==========================================================================
global route critical path target clock latency min path
--------------------------------------------------------------------------
0.1336

==========================================================================
global route critical path source clock latency min path
--------------------------------------------------------------------------
0.0000

==========================================================================
global route critical path delay
--------------------------------------------------------------------------
1.2468

==========================================================================
global route critical path slack
--------------------------------------------------------------------------
8.8132

==========================================================================
global route slack div critical path delay
--------------------------------------------------------------------------
706.865576

==========================================================================
global route report_power
--------------------------------------------------------------------------
Group                  Internal  Switching    Leakage      Total
                          Power      Power      Power      Power (Watts)
----------------------------------------------------------------
Sequential             2.48e-04   1.17e-04   2.09e-05   3.86e-04  36.5%
Combinational          2.84e-04   2.25e-04   5.38e-05   5.63e-04  53.2%
Clock                  4.88e-05   5.78e-05   1.65e-06   1.08e-04  10.2%
Macro                  0.00e+00   0.00e+00   0.00e+00   0.00e+00   0.0%
Pad                    0.00e+00   0.00e+00   0.00e+00   0.00e+00   0.0%
----------------------------------------------------------------
Total                  5.81e-04   4.00e-04   7.63e-05   1.06e-03 100.0%
                          55.0%      37.8%       7.2%
