make: Entering directory '/root/pact-deps/OpenROAD-flow-scripts/flow'
mkdir -p ./results/nangate45/s9234f/base/
echo 10.0 > ./results/nangate45/s9234f/base/clock_period.txt
/root/pact-deps/OpenROAD-flow-scripts/flow/scripts/synth.sh /root/pact-deps/OpenROAD-flow-scripts/flow/scripts/synth_canonicalize.tcl ./logs/nangate45/s9234f/base/1_1_yosys_canonicalize.log
exec cp /mnt/c/Users/Abhinav/OneDrive/Desktop/PACT/PACT/artifacts/derived/s9234/s9234_nangate45_compatible.v ./results/nangate45/s9234f/base/1_2_yosys.v
exec touch -r /mnt/c/Users/Abhinav/OneDrive/Desktop/PACT/PACT/artifacts/derived/s9234/s9234_nangate45_compatible.v ./results/nangate45/s9234f/base/1_2_yosys.v
Elapsed time: 0:00.10[h:]min:sec. CPU time: user 0.05 sys 0.04 (82%). Peak memory: 13928KB.
Log                       Ext     Elapsed/s Peak Memory/MB sha1sum result [0:20)
1_1_yosys_canonicalize                    0             13                  N/A
/root/pact-deps/OpenROAD-flow-scripts/flow/scripts/synth.sh /root/pact-deps/OpenROAD-flow-scripts/flow/scripts/synth.tcl ./logs/nangate45/s9234f/base/1_2_yosys.log
exec cp /mnt/c/Users/Abhinav/OneDrive/Desktop/PACT/PACT/artifacts/derived/s9234/s9234_nangate45_compatible.v ./results/nangate45/s9234f/base/1_2_yosys.v
exec touch -r /mnt/c/Users/Abhinav/OneDrive/Desktop/PACT/PACT/artifacts/derived/s9234/s9234_nangate45_compatible.v ./results/nangate45/s9234f/base/1_2_yosys.v
Elapsed time: 0:00.09[h:]min:sec. CPU time: user 0.05 sys 0.03 (82%). Peak memory: 14016KB.
Log                       Ext     Elapsed/s Peak Memory/MB sha1sum result [0:20)
1_2_yosys                 .v              0             13 9e9632904bdf4d5c358b
cp /mnt/c/Users/Abhinav/OneDrive/Desktop/PACT/PACT/experiments/phase0/s9234_orfs/constraint.sdc results/nangate45/s9234f/base/1_2_yosys.sdc
touch -r /mnt/c/Users/Abhinav/OneDrive/Desktop/PACT/PACT/experiments/phase0/s9234_orfs/constraint.sdc results/nangate45/s9234f/base/1_2_yosys.sdc
OpenROAD 26Q2-1164-g08f67ee5ec 
Features included (+) or not (-): +GPU +GUI +Python
This program is licensed under the BSD-3 license. See the LICENSE file for details.
Components of this program may be licensed under more restrictive licenses which must be honored.
[INFO ORD-0030] Using 4 thread(s).
mkdir -p ./objects/nangate45/s9234f/base
/root/pact-deps/OpenROAD-flow-scripts/flow/scripts/flow.sh 1_synth synth_odb
Running synth_odb.tcl, stage 1_synth
read_liberty /root/pact-deps/OpenROAD-flow-scripts/flow/platforms/nangate45/lib/NangateOpenCellLibrary_typical.lib
[INFO ODB-0227] LEF file: /root/pact-deps/OpenROAD-flow-scripts/flow/platforms/nangate45/lef/NangateOpenCellLibrary.tech.lef, created 22 layers, 27 vias
[INFO ODB-0227] LEF file: /root/pact-deps/OpenROAD-flow-scripts/flow/platforms/nangate45/lef/NangateOpenCellLibrary.macro.mod.lef, created 135 library cells
link_design s9234f
read_sdc ./results/nangate45/s9234f/base/1_2_yosys.sdc
[WARNING STA-0441] set_input_delay relative to a clock defined on the same port/pin not allowed.
source /root/pact-deps/OpenROAD-flow-scripts/flow/platforms/nangate45/setRC.tcl
eliminate_dead_logic
Removed 0 unused instances and 0 unused nets.
Design area 3602 um^2 100% utilization.
write_db ./results/nangate45/s9234f/base/1_synth.odb
write_sdc -no_timestamp ./results/nangate45/s9234f/base/1_synth.sdc
Elapsed time: 0:00.88[h:]min:sec. CPU time: user 0.70 sys 0.16 (98%). Peak memory: 116560KB.
Log                       Ext     Elapsed/s Peak Memory/MB sha1sum result [0:20)
1_synth                   .odb            0            113 a0df7a4c0135bd739e50
1_synth                   .sdc                             315872b5444cba08fa42
/root/pact-deps/OpenROAD-flow-scripts/flow/scripts/flow.sh 2_1_floorplan floorplan
Running floorplan.tcl, stage 2_1_floorplan
read_liberty /root/pact-deps/OpenROAD-flow-scripts/flow/platforms/nangate45/lib/NangateOpenCellLibrary_typical.lib
read_db ./results/nangate45/s9234f/base/1_synth.odb
read_sdc ./results/nangate45/s9234f/base/1_synth.sdc
source /root/pact-deps/OpenROAD-flow-scripts/flow/platforms/nangate45/setRC.tcl

==========================================================================
Floorplan check_setup
--------------------------------------------------------------------------
number instances in verilog is 2553
initialize_floorplan -utilization 35 -aspect_ratio 1.0 -core_space 1.0 -site FreePDK45_38x28_10R_NP_162NW_34O
[INFO IFP-0107] Defining die area using utilization: 35.00% and aspect ratio: 1.
[WARNING IFP-0028] Core area lower left (1.000, 1.000) snapped to (1.140, 1.400).
[INFO IFP-0001] Added 72 rows of 533 site FreePDK45_38x28_10R_NP_162NW_34O.
[INFO IFP-0100] Die BBox:  (  0.000  0.000 ) ( 103.440 103.440 ) um
[INFO IFP-0101] Core BBox: (  1.140  1.400 ) ( 102.410 102.200 ) um
[INFO IFP-0102] Core area:                        10208.016 um^2
[INFO IFP-0103] Total instances area:              3601.640 um^2
[INFO IFP-0104] Effective utilization:                0.353
[INFO IFP-0105] Number of instances:                   2553
source /root/pact-deps/OpenROAD-flow-scripts/flow/platforms/nangate45/make_tracks.tcl
source /root/pact-deps/OpenROAD-flow-scripts/flow/platforms/nangate45/fastroute.tcl
set_dont_use "TAPCELL_X1 FILLCELL_X1 AOI211_X1 OAI211_X1"
repair_tie_fanout -separation 0 NangateOpenCellLibrary/LOGIC0_X1/Z
repair_tie_fanout -separation 0 NangateOpenCellLibrary/LOGIC1_X1/Z
repair_timing -setup_margin 0 -hold_margin 0 -repair_tns 100 -setup -skip_last_gasp -sequence unbuffer,sizeup,swap,vt_swap -verbose
[WARNING EST-0027] no estimated parasitics. Using wire load models.
[INFO RSZ-0100] Repair move sequence: UnbufferMove SizeUpMove SwapPinsMove 
[INFO RSZ-0098] No setup violations found
Default units for flow
 time 1ns
 capacitance 1fF
 resistance 1kohm
 voltage 1v
 current 1mA
 power 1nW
 distance 1um
   Layer   | Unit Resistance | Unit Capacitance 
           |       (kohm/um) |          (fF/um)
------------------------------------------------
    metal1 |        5.43e-03 |         7.42e-02
    metal2 |        3.57e-03 |         8.34e-02
    metal3 |        3.57e-03 |         1.04e-01
    metal4 |        1.50e-03 |         1.19e-01
    metal5 |        1.50e-03 |         1.09e-01
    metal6 |        1.50e-03 |         1.14e-01
    metal7 |        1.88e-04 |         1.17e-01
    metal8 |        1.88e-04 |         9.45e-02
    metal9 |        3.75e-05 |         1.06e-01
   metal10 |        3.75e-05 |         7.37e-01
------------------------------------------------

   Layer   | Via Resistance 
           |         (kohm) 
----------------------------
      via1 |       5.00e-03 
      via2 |       5.00e-03 
      via3 |       5.00e-03 
      via4 |       3.00e-03 
      via5 |       3.00e-03 
      via6 |       3.00e-03 
      via7 |       1.00e-03 
      via8 |       1.00e-03 
      via9 |       5.00e-04 
----------------------------
Report metrics stage 2, floorplan final...

==========================================================================
floorplan final report_design_area
--------------------------------------------------------------------------
Design area 3602 um^2 35% utilization.
write_db ./results/nangate45/s9234f/base/2_1_floorplan.odb
write_sdc -no_timestamp ./results/nangate45/s9234f/base/2_1_floorplan.sdc
Elapsed time: 0:01.71[h:]min:sec. CPU time: user 1.59 sys 0.26 (107%). Peak memory: 139788KB.
Log                       Ext     Elapsed/s Peak Memory/MB sha1sum result [0:20)
2_1_floorplan             .odb            1            136 9ad9f42f8483a9e37848
2_1_floorplan             .sdc                             315872b5444cba08fa42
/root/pact-deps/OpenROAD-flow-scripts/flow/scripts/flow.sh 2_2_floorplan_macro macro_place
Running macro_place.tcl, stage 2_2_floorplan_macro
read_liberty /root/pact-deps/OpenROAD-flow-scripts/flow/platforms/nangate45/lib/NangateOpenCellLibrary_typical.lib
read_db ./results/nangate45/s9234f/base/2_1_floorplan.odb
read_sdc ./results/nangate45/s9234f/base/2_1_floorplan.sdc
source /root/pact-deps/OpenROAD-flow-scripts/flow/platforms/nangate45/setRC.tcl
No macros found: Skipping macro_placement
Design area 3602 um^2 35% utilization.
write_db ./results/nangate45/s9234f/base/2_2_floorplan_macro.odb
Elapsed time: 0:00.73[h:]min:sec. CPU time: user 0.63 sys 0.10 (100%). Peak memory: 113180KB.
Log                       Ext     Elapsed/s Peak Memory/MB sha1sum result [0:20)
2_2_floorplan_macro       .odb            0            110 9ad9f42f8483a9e37848
/root/pact-deps/OpenROAD-flow-scripts/flow/scripts/flow.sh 2_3_floorplan_tapcell tapcell
Running tapcell.tcl, stage 2_3_floorplan_tapcell
read_liberty /root/pact-deps/OpenROAD-flow-scripts/flow/platforms/nangate45/lib/NangateOpenCellLibrary_typical.lib
read_db ./results/nangate45/s9234f/base/2_2_floorplan_macro.odb
read_sdc ./results/nangate45/s9234f/base/2_1_floorplan.sdc
source /root/pact-deps/OpenROAD-flow-scripts/flow/platforms/nangate45/setRC.tcl
[INFO TAP-0004] Inserted 144 endcaps.
[INFO TAP-0005] Inserted 0 tapcells.
Design area 3640 um^2 36% utilization.
write_db ./results/nangate45/s9234f/base/2_3_floorplan_tapcell.odb
Elapsed time: 0:00.70[h:]min:sec. CPU time: user 0.62 sys 0.09 (100%). Peak memory: 112040KB.
Log                       Ext     Elapsed/s Peak Memory/MB sha1sum result [0:20)
2_3_floorplan_tapcell     .odb            0            109 5e6f2a7eba737f966514
/root/pact-deps/OpenROAD-flow-scripts/flow/scripts/flow.sh 2_4_floorplan_pdn pdn
Running pdn.tcl, stage 2_4_floorplan_pdn
read_liberty /root/pact-deps/OpenROAD-flow-scripts/flow/platforms/nangate45/lib/NangateOpenCellLibrary_typical.lib
read_db ./results/nangate45/s9234f/base/2_3_floorplan_tapcell.odb
read_sdc ./results/nangate45/s9234f/base/2_1_floorplan.sdc
source /root/pact-deps/OpenROAD-flow-scripts/flow/platforms/nangate45/setRC.tcl
[INFO PDN-0001] Inserting grid: grid
Design area 3640 um^2 36% utilization.
write_db ./results/nangate45/s9234f/base/2_4_floorplan_pdn.odb
Elapsed time: 0:00.79[h:]min:sec. CPU time: user 0.67 sys 0.12 (99%). Peak memory: 115824KB.
Log                       Ext     Elapsed/s Peak Memory/MB sha1sum result [0:20)
2_4_floorplan_pdn         .odb            0            113 75edf63d735821f8dbfc
cp ./results/nangate45/s9234f/base/2_4_floorplan_pdn.odb ./results/nangate45/s9234f/base/2_floorplan.odb
cp ./results/nangate45/s9234f/base/2_1_floorplan.sdc ./results/nangate45/s9234f/base/2_floorplan.sdc
/root/pact-deps/OpenROAD-flow-scripts/flow/scripts/flow.sh 3_1_place_gp_skip_io global_place_skip_io
Running global_place_skip_io.tcl, stage 3_1_place_gp_skip_io
read_liberty /root/pact-deps/OpenROAD-flow-scripts/flow/platforms/nangate45/lib/NangateOpenCellLibrary_typical.lib
read_db ./results/nangate45/s9234f/base/2_floorplan.odb
read_sdc ./results/nangate45/s9234f/base/2_floorplan.sdc
source /root/pact-deps/OpenROAD-flow-scripts/flow/platforms/nangate45/setRC.tcl
[INFO GPL-0022] Initialize gpl and calculate uniform density.
Placement density is 0.5379999971389771, computed from PLACE_DENSITY_LB_ADDON  0.20 and lower bound 0.4099999964237213
global_placement -skip_io -density 0.5379999971389771 -pad_left 0 -pad_right 0
[INFO GPL-0001] ---- Initialize GPL Main Data Structures
[INFO GPL-0002] DBU: 2000
[INFO GPL-0003] SiteSize: (  0.190  1.400 ) um
[INFO GPL-0004] CoreBBox: (  1.140  1.400 ) ( 102.410 102.200 ) um
[INFO GPL-0036] Movable instances area:       3601.640 um^2
[INFO GPL-0037] Total instances area:         3639.944 um^2
[INFO GPL-0035] Pin density area adjust:       467.574 um^2
[INFO GPL-0032] ---- Initialize Region: Top-level
[INFO GPL-0006] Number of instances:              2697
[INFO GPL-0007] Movable instances:                2553
[INFO GPL-0008] Fixed instances:                   144
[INFO GPL-0009] Dummy instances:                     0
[INFO GPL-0010] Number of nets:                   2592
[INFO GPL-0011] Number of pins:                   7948
[INFO GPL-0012] Die BBox:  (  0.000  0.000 ) ( 103.440 103.440 ) um
[INFO GPL-0013] Core BBox: (  1.140  1.400 ) ( 102.410 102.200 ) um
[INFO GPL-0016] Core area:                   10208.016 um^2
[INFO GPL-0014] Region name: top-level.
[INFO GPL-0015] Region area:                 10208.016 um^2
[INFO GPL-0017] Fixed instances area:           38.304 um^2
[INFO GPL-0018] Movable instances area:       4069.214 um^2
[INFO GPL-0019] Utilization:                    40.013 %
[INFO GPL-0020] Standard cells area:          4069.214 um^2
[INFO GPL-0021] Large instances area:            0.000 um^2
[INFO GPL-0005] ---- Execute Conjugate Gradient Initial Placement.
[INFO GPL-0051] Source of initial instance position counters:
	Odb location = 0	Core center = 2553	Region center = 0
[INFO GPL-0033] ---- Initialize Nesterov Region: Top-level
[INFO GPL-0023] Placement target density:       0.5380
[INFO GPL-0024] Movable insts average area:      1.594 um^2
[INFO GPL-0025] Ideal bin area:                  2.963 um^2
[INFO GPL-0026] Ideal bin count:                  3445
[INFO GPL-0027] Total bin area:              10208.016 um^2
[INFO GPL-0028] Bin count (X, Y):          32 ,     32
[INFO GPL-0029] Bin size (W * H):       3.165 *  3.150 um
[INFO GPL-0030] Number of bins:                   1024
[INFO GPL-0084] ---- Execute Nesterov Global Placement.
[INFO GPL-0031] HPWL: Half-Perimeter Wirelength
Iteration | Overflow |     HPWL (um) |  HPWL(%) |   Penalty | Group
---------------------------------------------------------------
        0 |   0.9944 |  3.157093e+03 |   +0.00% |  9.05e-15 |      
       10 |   0.9907 |  1.343138e+03 |  -57.46% |  1.47e-14 |      
       20 |   0.9906 |  1.327398e+03 |   -1.17% |  2.40e-14 |      
       30 |   0.9903 |  1.325883e+03 |   -0.11% |  3.91e-14 |      
       40 |   0.9903 |  1.325130e+03 |   -0.06% |  6.37e-14 |      
       50 |   0.9903 |  1.324823e+03 |   -0.02% |  1.04e-13 |      
       60 |   0.9904 |  1.325031e+03 |   +0.02% |  1.69e-13 |      
       70 |   0.9903 |  1.325277e+03 |   +0.02% |  2.75e-13 |      
       80 |   0.9901 |  1.325592e+03 |   +0.02% |  4.48e-13 |      
       90 |   0.9899 |  1.326621e+03 |   +0.08% |  7.30e-13 |      
      100 |   0.9893 |  1.328420e+03 |   +0.14% |  1.19e-12 |      
      110 |   0.9891 |  1.334485e+03 |   +0.46% |  1.94e-12 |      
      120 |   0.9889 |  1.355563e+03 |   +1.58% |  3.16e-12 |      
      130 |   0.9884 |  1.446881e+03 |   +6.74% |  5.14e-12 |      
      140 |   0.9825 |  1.862878e+03 |  +28.75% |  8.37e-12 |      
      150 |   0.9649 |  2.916345e+03 |  +56.55% |  1.36e-11 |      
      160 |   0.9419 |  4.176265e+03 |  +43.20% |  2.22e-11 |      
      170 |   0.9193 |  5.249196e+03 |  +25.69% |  3.62e-11 |      
      180 |   0.8989 |  6.180096e+03 |  +17.73% |  5.89e-11 |      
      190 |   0.8664 |  7.375167e+03 |  +19.34% |  9.59e-11 |      
      200 |   0.8302 |  8.514332e+03 |  +15.45% |  1.56e-10 |      
      210 |   0.7990 |  9.599457e+03 |  +12.74% |  2.54e-10 |      
      220 |   0.7554 |  1.093651e+04 |  +13.93% |  4.14e-10 |      
      230 |   0.7126 |  1.205374e+04 |  +10.22% |  6.75e-10 |      
      240 |   0.6683 |  1.333531e+04 |  +10.63% |  1.10e-09 |      
      250 |   0.6165 |  1.446646e+04 |   +8.48% |  1.79e-09 |      
      260 |   0.5693 |  1.565707e+04 |   +8.23% |  2.91e-09 |      
      270 |   0.5172 |  1.659777e+04 |   +6.01% |  4.74e-09 |      
      280 |   0.4554 |  1.744724e+04 |   +5.12% |  7.73e-09 |      
      290 |   0.3908 |  1.811100e+04 |   +3.80% |  1.26e-08 |      
      300 |   0.3337 |  1.889662e+04 |   +4.34% |  2.01e-08 |      
      310 |   0.3053 |  1.931530e+04 |   +2.22% |  2.96e-08 |      
      320 |   0.2761 |  1.967377e+04 |   +1.86% |  4.36e-08 |      
      330 |   0.2536 |  1.997588e+04 |   +1.54% |  6.42e-08 |      
      340 |   0.2189 |  2.007455e+04 |   +0.49% |  9.46e-08 |      
      350 |   0.1925 |  2.017829e+04 |   +0.52% |  1.39e-07 |      
      360 |   0.1630 |  2.023029e+04 |   +0.26% |  2.05e-07 |      
      370 |   0.1353 |  2.027383e+04 |   +0.22% |  3.02e-07 |      
      380 |   0.1227 |  2.034638e+04 |   +0.36% |  4.45e-07 |      
      390 |   0.1022 |  2.040273e+04 |   +0.28% |  6.56e-07 |      
      392 |   0.0986 |  2.041104e+04 |          |  7.37e-07 |      
---------------------------------------------------------------
[INFO GPL-1001] Global placement finished at iteration 392
[INFO GPL-1002] Placed Cell Area             4069.2141
[INFO GPL-1003] Available Free Area         10169.7120
[INFO GPL-1004] Minimum Feasible Density        0.4100 (cell_area / free_area)
[INFO GPL-1006]   Suggested Target Densities:
[INFO GPL-1007]     - For 90% usage of free space: 0.4446
[INFO GPL-1008]     - For 80% usage of free space: 0.5002
[INFO GPL-1009]     - For 50% usage of free space: 0.8003
[INFO GPL-1014] Final placement area: 4069.21 (+0.00%)
Design area 3640 um^2 36% utilization.
write_db ./results/nangate45/s9234f/base/3_1_place_gp_skip_io.odb
Elapsed time: 0:01.71[h:]min:sec. CPU time: user 4.01 sys 0.21 (246%). Peak memory: 118148KB.
Log                       Ext     Elapsed/s Peak Memory/MB sha1sum result [0:20)
3_1_place_gp_skip_io      .odb            1            115 37287e763bf27e08f3d9
/root/pact-deps/OpenROAD-flow-scripts/flow/scripts/flow.sh 3_2_place_iop io_placement
Running io_placement.tcl, stage 3_2_place_iop
read_liberty /root/pact-deps/OpenROAD-flow-scripts/flow/platforms/nangate45/lib/NangateOpenCellLibrary_typical.lib
read_db ./results/nangate45/s9234f/base/3_1_place_gp_skip_io.odb
read_sdc ./results/nangate45/s9234f/base/2_floorplan.sdc
source /root/pact-deps/OpenROAD-flow-scripts/flow/platforms/nangate45/setRC.tcl
place_pins -hor_layers metal5 -ver_layers metal6
Found 0 macro blocks.
Using 2 tracks default min distance between IO pins.
[INFO PPL-0001] Number of available slots 724
[INFO PPL-0002] Number of I/O             79
[INFO PPL-0003] Number of I/O w/sink      79
[INFO PPL-0004] Number of I/O w/o sink    0
[INFO PPL-0005] Slots per section         200
[INFO PPL-0008] Successfully assigned pins to sections.
[INFO PPL-0012] I/O nets HPWL: 2171.62 um.
Design area 3640 um^2 36% utilization.
write_db ./results/nangate45/s9234f/base/3_2_place_iop.odb
Elapsed time: 0:00.79[h:]min:sec. CPU time: user 0.65 sys 0.12 (98%). Peak memory: 113984KB.
Log                       Ext     Elapsed/s Peak Memory/MB sha1sum result [0:20)
3_2_place_iop             .odb            0            111 cbc6dd6b6548fe5e3880
/root/pact-deps/OpenROAD-flow-scripts/flow/scripts/flow.sh 3_3_place_gp global_place
Running global_place.tcl, stage 3_3_place_gp
read_liberty /root/pact-deps/OpenROAD-flow-scripts/flow/platforms/nangate45/lib/NangateOpenCellLibrary_typical.lib
read_db ./results/nangate45/s9234f/base/3_2_place_iop.odb
read_sdc ./results/nangate45/s9234f/base/2_floorplan.sdc
source /root/pact-deps/OpenROAD-flow-scripts/flow/platforms/nangate45/setRC.tcl
[INFO RSZ-0026] Removed 97 buffers.
Perform port buffering...
[INFO RSZ-0027] Inserted 38 BUF_X1 input buffers.
[INFO RSZ-0028] Inserted 40 BUF_X1 output buffers.
[INFO GPL-0022] Initialize gpl and calculate uniform density.
Placement density is 0.5219999885559082, computed from PLACE_DENSITY_LB_ADDON  0.20 and lower bound 0.38999998569488525
global_placement -density 0.5219999885559082 -pad_left 0 -pad_right 0 -routability_driven -timing_driven -force_center_initial_place -min_phi_coef 0.95 -max_phi_coef 1.05
[INFO GPL-0001] ---- Initialize GPL Main Data Structures
[INFO GPL-0002] DBU: 2000
[INFO GPL-0003] SiteSize: (  0.190  1.400 ) um
[INFO GPL-0004] CoreBBox: (  1.140  1.400 ) ( 102.410 102.200 ) um
[INFO GPL-0036] Movable instances area:       3483.270 um^2
[INFO GPL-0037] Total instances area:         3521.574 um^2
[INFO GPL-0035] Pin density area adjust:       417.988 um^2
[INFO GPL-0032] ---- Initialize Region: Top-level
[INFO GPL-0006] Number of instances:              2678
[INFO GPL-0007] Movable instances:                2534
[INFO GPL-0008] Fixed instances:                   144
[INFO GPL-0009] Dummy instances:                     0
[INFO GPL-0010] Number of nets:                   2573
[INFO GPL-0011] Number of pins:                   7989
[INFO GPL-0012] Die BBox:  (  0.000  0.000 ) ( 103.440 103.440 ) um
[INFO GPL-0013] Core BBox: (  1.140  1.400 ) ( 102.410 102.200 ) um
[INFO GPL-0016] Core area:                   10208.016 um^2
[INFO GPL-0014] Region name: top-level.
[INFO GPL-0015] Region area:                 10208.016 um^2
[INFO GPL-0017] Fixed instances area:           38.304 um^2
[INFO GPL-0018] Movable instances area:       3901.258 um^2
[INFO GPL-0019] Utilization:                    38.362 %
[INFO GPL-0020] Standard cells area:          3901.258 um^2
[INFO GPL-0021] Large instances area:            0.000 um^2
[INFO GPL-0005] ---- Execute Conjugate Gradient Initial Placement.
[INFO GPL-0051] Source of initial instance position counters:
	Odb location = 0	Core center = 2534	Region center = 0
[InitialPlace]  Iter: 1 conjugate gradient residual: 0.00033448 HPWL: 55666646
[InitialPlace]  Iter: 2 conjugate gradient residual: 0.00000012 HPWL: 23858277
[InitialPlace]  Iter: 3 conjugate gradient residual: 0.00000015 HPWL: 23675430
[InitialPlace]  Iter: 4 conjugate gradient residual: 0.00000259 HPWL: 23495279
[InitialPlace]  Iter: 5 conjugate gradient residual: 0.00000616 HPWL: 23249631
[INFO GPL-0033] ---- Initialize Nesterov Region: Top-level
[INFO GPL-0023] Placement target density:       0.5220
[INFO GPL-0024] Movable insts average area:      1.540 um^2
[INFO GPL-0025] Ideal bin area:                  2.949 um^2
[INFO GPL-0026] Ideal bin count:                  3461
[INFO GPL-0027] Total bin area:              10208.016 um^2
[INFO GPL-0028] Bin count (X, Y):          32 ,     32
[INFO GPL-0029] Bin size (W * H):       3.165 *  3.150 um
[INFO GPL-0030] Number of bins:                   1024
[INFO GPL-0084] ---- Execute Nesterov Global Placement.
[INFO GPL-0031] HPWL: Half-Perimeter Wirelength
Iteration | Overflow |     HPWL (um) |  HPWL(%) |   Penalty | Group
---------------------------------------------------------------
        0 |   0.9550 |  6.053907e+03 |   +0.00% |  1.05e-14 |      
       10 |   0.8999 |  6.563035e+03 |   +8.41% |  1.70e-14 |      
       20 |   0.8830 |  7.058651e+03 |   +7.55% |  2.77e-14 |      
       30 |   0.8796 |  7.139513e+03 |   +1.15% |  4.52e-14 |      
       40 |   0.8809 |  7.108677e+03 |   -0.43% |  7.36e-14 |      
       50 |   0.8813 |  7.080158e+03 |   -0.40% |  1.20e-13 |      
       60 |   0.8798 |  7.084014e+03 |   +0.05% |  1.95e-13 |      
       70 |   0.8788 |  7.093908e+03 |   +0.14% |  3.18e-13 |      
       80 |   0.8782 |  7.104822e+03 |   +0.15% |  5.18e-13 |      
       90 |   0.8778 |  7.128409e+03 |   +0.33% |  8.44e-13 |      
      100 |   0.8774 |  7.165788e+03 |   +0.52% |  1.37e-12 |      
      110 |   0.8768 |  7.215367e+03 |   +0.69% |  2.24e-12 |      
      120 |   0.8755 |  7.289171e+03 |   +1.02% |  3.65e-12 |      
      130 |   0.8730 |  7.413212e+03 |   +1.70% |  5.94e-12 |      
      140 |   0.8690 |  7.616251e+03 |   +2.74% |  9.67e-12 |      
      150 |   0.8636 |  7.921397e+03 |   +4.01% |  1.58e-11 |      
      160 |   0.8562 |  8.342849e+03 |   +5.32% |  2.57e-11 |      
      170 |   0.8443 |  8.894981e+03 |   +6.62% |  4.18e-11 |      
      180 |   0.8268 |  9.568421e+03 |   +7.57% |  6.81e-11 |      
      190 |   0.8035 |  1.031105e+04 |   +7.76% |  1.11e-10 |      
      200 |   0.7756 |  1.114112e+04 |   +8.05% |  1.81e-10 |      
      210 |   0.7452 |  1.203957e+04 |   +8.06% |  2.94e-10 |      
      220 |   0.7091 |  1.293831e+04 |   +7.46% |  4.79e-10 |      
      230 |   0.6702 |  1.384826e+04 |   +7.03% |  7.80e-10 |      
[INFO GPL-0100] Timing-driven iteration 1/2, virtual: false.
[INFO GPL-0101]    Iter: 240, overflow: 0.632, keep resizer changes at: 1, HPWL: 29411671
Iteration |   Area    | Resized | Buffers | Nets repaired | Remaining
---------------------------------------------------------------------
        0 |     +0.0% |       0 |       0 |             0 |      2784
    final |     +0.2% |       1 |       3 |             2 |         0
---------------------------------------------------------------------
[INFO RSZ-0034] Found 1 slew violations.
[INFO RSZ-0036] Found 2 capacitance violations.
[INFO RSZ-0039] Resized 1 instances.
[INFO RSZ-0038] Inserted 3 buffers in 2 nets.
   Iter   |    Area   | Removed | Inserted |   Pins
          |           | Buffers | Buffers  | Remaining
-------------------------------------------------------
        0 |     +0.0% |       0 |        0 |      2534
      250 |     +0.0% |       0 |        0 |      2284
      500 |     -0.0% |       1 |        1 |      2034
      750 |     -0.0% |       1 |        1 |      1784
     1000 |     -0.0% |       1 |        1 |      1534
     1250 |     -0.0% |       1 |        1 |      1284
     1500 |     +0.0% |       1 |        2 |      1034
     1750 |     +0.0% |       1 |        2 |       784
     2000 |     +0.0% |       1 |        2 |       534
     2250 |     +0.0% |       1 |        2 |       284
     2500 |     +0.0% |       1 |        2 |        34
    final |     +0.1% |       3 |        7 |         0
-------------------------------------------------------
[INFO GPL-0106] Timing-driven: worst slack 8.827739e-09
[INFO GPL-0107] Timing-driven: repair_design delta area: 7.714 um^2 (+0.20%)
[INFO GPL-0108] Timing-driven: repair_design, gpl delta gcells: 7 (+0.28%)
[INFO GPL-0109] Timing-driven: repair_design, gcells created: 10, deleted: 3
[INFO GPL-0110] Timing-driven: new target density: 0.52275854
Iteration | Overflow |     HPWL (um) |  HPWL(%) |   Penalty | Group
---------------------------------------------------------------
      240 |   0.6274 |  1.494548e+04 |   +7.92% |  1.27e-09 |      
      250 |   0.6103 |  1.615562e+04 |   +8.10% |  2.07e-09 |      
[INFO GPL-0038] Routability snapshot saved at iter = 255
      254 |   0.5964 |  1.642186e+04 |          |           |      
      260 |   0.5647 |  1.720640e+04 |   +6.50% |  3.37e-09 |      
      270 |   0.5062 |  1.829821e+04 |   +6.35% |  5.49e-09 |      
      280 |   0.4451 |  1.895700e+04 |   +3.60% |  8.93e-09 |      
      290 |   0.3899 |  1.961300e+04 |   +3.46% |  1.46e-08 |      
      300 |   0.3353 |  2.030863e+04 |   +3.55% |  2.32e-08 |      
[INFO GPL-0040] Routability iteration: 1
[INFO GPL-0041] Total routing overflow: 0.0000
[INFO GPL-0042] Number of overflowed tiles: 0 (0.00%)
[INFO GPL-0043] Average top 0.5% routing congestion: 0.8926
[INFO GPL-0044] Average top 1.0% routing congestion: 0.8634
[INFO GPL-0045] Average top 2.0% routing congestion: 0.8222
[INFO GPL-0046] Average top 5.0% routing congestion: 0.7621
[INFO GPL-0047] Routability iteration weighted routing congestion: 0.8780
[INFO GPL-0050] Weighted routing congestion is lower than target routing congestion(1.0100), end routability optimization.
[INFO GPL-0090] Routability finished. Target routing congestion achieved succesfully.
Iteration | Overflow |     HPWL (um) |  HPWL(%) |   Penalty | Group
---------------------------------------------------------------
      310 |   0.2994 |  2.083326e+04 |   +2.58% |  3.42e-08 |      
      320 |   0.2646 |  2.107598e+04 |   +1.17% |  5.04e-08 |      
      330 |   0.2395 |  2.110355e+04 |   +0.13% |  7.42e-08 |      
      340 |   0.2180 |  2.130333e+04 |   +0.95% |  1.09e-07 |      
      350 |   0.1920 |  2.156607e+04 |   +1.23% |  1.61e-07 |      
[INFO GPL-0100] Timing-driven iteration 2/2, virtual: false.
[INFO GPL-0101]    Iter: 351, overflow: 0.192, keep resizer changes at: 1, HPWL: 43132134
Iteration |   Area    | Resized | Buffers | Nets repaired | Remaining
---------------------------------------------------------------------
        0 |     +0.0% |       0 |       0 |             0 |      2791
    final |     +0.0% |       0 |       0 |             0 |         0
---------------------------------------------------------------------
   Iter   |    Area   | Removed | Inserted |   Pins
          |           | Buffers | Buffers  | Remaining
-------------------------------------------------------
        0 |     +0.0% |       0 |        0 |      2534
      250 |     +0.0% |       0 |        0 |      2284
      500 |     +0.0% |       1 |        1 |      2034
      750 |     +0.0% |       1 |        1 |      1784
     1000 |     +0.0% |       1 |        1 |      1534
     1250 |     +0.0% |       1 |        1 |      1284
     1500 |     +0.0% |       2 |        2 |      1034
     1750 |     +0.0% |       2 |        2 |       784
     2000 |     +0.0% |       2 |        2 |       534
     2250 |     +0.0% |       2 |        2 |       284
     2500 |     +0.0% |       2 |        3 |        34
    final |     +0.1% |       7 |       10 |         0
-------------------------------------------------------
[INFO GPL-0106] Timing-driven: worst slack 8.841821e-09
[INFO GPL-0107] Timing-driven: repair_design delta area: 2.394 um^2 (+0.06%)
[INFO GPL-0108] Timing-driven: repair_design, gpl delta gcells: 3 (+0.12%)
[INFO GPL-0109] Timing-driven: repair_design, gcells created: 10, deleted: 7
[INFO GPL-0110] Timing-driven: new target density: 0.5229939
Iteration | Overflow |     HPWL (um) |  HPWL(%) |   Penalty | Group
---------------------------------------------------------------
      360 |   0.1649 |  2.152123e+04 |   -0.21% |  2.37e-07 |      
      370 |   0.1454 |  2.155652e+04 |   +0.16% |  3.50e-07 |      
      380 |   0.1244 |  2.163147e+04 |   +0.35% |  5.15e-07 |      
      390 |   0.1047 |  2.165267e+04 |   +0.10% |  7.59e-07 |      
      393 |   0.0996 |  2.165215e+04 |          |  8.86e-07 |      
---------------------------------------------------------------
[INFO GPL-1001] Global placement finished at iteration 393
[INFO GPL-1017] Routability mode iteration count: 53
[INFO GPL-1005] Routability final weighted congestion: 0.7559
[INFO GPL-1002] Placed Cell Area             3911.3660
[INFO GPL-1003] Available Free Area         10169.7120
[INFO GPL-1004] Minimum Feasible Density        0.3900 (cell_area / free_area)
[INFO GPL-1006]   Suggested Target Densities:
[INFO GPL-1007]     - For 90% usage of free space: 0.4273
[INFO GPL-1008]     - For 80% usage of free space: 0.4808
[INFO GPL-1009]     - For 50% usage of free space: 0.7692
[INFO GPL-1011] Original area (um^2): 3901.26
[INFO GPL-1012] Total routability artificial inflation: 0.00 (+0.00%)
[INFO GPL-1013] Total timing-driven delta area: 10.11 (+0.26%)
[INFO GPL-1014] Final placement area: 3911.37 (+0.26%)
estimate_parasitics -placement
Report metrics stage 3, global place...

==========================================================================
global place report_design_area
--------------------------------------------------------------------------
Design area 3532 um^2 35% utilization.
write_db ./results/nangate45/s9234f/base/3_3_place_gp.odb
Elapsed time: 0:05.54[h:]min:sec. CPU time: user 8.12 sys 1.05 (165%). Peak memory: 299212KB.
Log                       Ext     Elapsed/s Peak Memory/MB sha1sum result [0:20)
3_3_place_gp              .odb            5            292 9c93f148c7025f9b0c6b
/root/pact-deps/OpenROAD-flow-scripts/flow/scripts/flow.sh 3_4_place_resized resize
Running resize.tcl, stage 3_4_place_resized
read_liberty /root/pact-deps/OpenROAD-flow-scripts/flow/platforms/nangate45/lib/NangateOpenCellLibrary_typical.lib
read_db ./results/nangate45/s9234f/base/3_3_place_gp.odb
read_sdc ./results/nangate45/s9234f/base/2_floorplan.sdc
source /root/pact-deps/OpenROAD-flow-scripts/flow/platforms/nangate45/setRC.tcl
estimate_parasitics -placement
Perform buffer insertion and gate resizing...
repair_design -verbose
Iteration |   Area    | Resized | Buffers | Nets repaired | Remaining
---------------------------------------------------------------------
        0 |     +0.0% |       0 |       0 |             0 |      2794
       10 |     +0.0% |       0 |       0 |             0 |      2784
       20 |     +0.0% |       0 |       0 |             0 |      2774
       30 |     +0.0% |       0 |       0 |             0 |      2764
       40 |     +0.0% |       0 |       0 |             0 |      2754
       50 |     +0.0% |       0 |       0 |             0 |      2744
       60 |     +0.0% |       0 |       0 |             0 |      2734
       70 |     +0.0% |       0 |       0 |             0 |      2724
       80 |     +0.0% |       0 |       0 |             0 |      2714
       90 |     +0.0% |       0 |       0 |             0 |      2704
      100 |     +0.0% |       0 |       0 |             0 |      2694
      110 |     +0.0% |       0 |       0 |             0 |      2684
      120 |     +0.0% |       0 |       0 |             0 |      2674
      130 |     +0.0% |       0 |       0 |             0 |      2664
      140 |     +0.0% |       0 |       0 |             0 |      2654
      150 |     +0.0% |       0 |       0 |             0 |      2644
      160 |     +0.0% |       0 |       0 |             0 |      2634
      170 |     +0.0% |       0 |       0 |             0 |      2624
      180 |     +0.0% |       0 |       0 |             0 |      2614
      190 |     +0.0% |       0 |       0 |             0 |      2604
      200 |     +0.0% |       0 |       0 |             0 |      2594
      210 |     +0.0% |       0 |       0 |             0 |      2584
      220 |     +0.0% |       0 |       0 |             0 |      2574
      230 |     +0.0% |       0 |       0 |             0 |      2564
      240 |     +0.0% |       0 |       0 |             0 |      2554
      250 |     +0.0% |       0 |       0 |             0 |      2544
      260 |     +0.0% |       0 |       0 |             0 |      2534
      270 |     +0.0% |       0 |       0 |             0 |      2524
      280 |     +0.0% |       0 |       0 |             0 |      2514
      290 |     +0.0% |       0 |       0 |             0 |      2504
      300 |     +0.0% |       0 |       0 |             0 |      2494
      310 |     +0.0% |       0 |       0 |             0 |      2484
      320 |     +0.0% |       0 |       0 |             0 |      2474
      330 |     +0.0% |       0 |       0 |             0 |      2464
      340 |     +0.0% |       0 |       0 |             0 |      2454
      350 |     +0.0% |       0 |       0 |             0 |      2444
      360 |     +0.0% |       0 |       0 |             0 |      2434
      370 |     +0.0% |       0 |       0 |             0 |      2424
      380 |     +0.0% |       0 |       0 |             0 |      2414
      390 |     +0.0% |       0 |       0 |             0 |      2404
      400 |     +0.0% |       0 |       0 |             0 |      2394
      410 |     +0.0% |       0 |       0 |             0 |      2384
      420 |     +0.0% |       0 |       0 |             0 |      2374
      430 |     +0.0% |       0 |       0 |             0 |      2364
      440 |     +0.0% |       0 |       0 |             0 |      2354
      450 |     +0.0% |       0 |       0 |             0 |      2344
      460 |     +0.0% |       0 |       0 |             0 |      2334
      470 |     +0.0% |       0 |       0 |             0 |      2324
      480 |     +0.0% |       0 |       0 |             0 |      2314
      490 |     +0.0% |       0 |       0 |             0 |      2304
      500 |     +0.0% |       0 |       0 |             0 |      2294
      510 |     +0.0% |       0 |       0 |             0 |      2284
      520 |     +0.0% |       0 |       0 |             0 |      2274
      530 |     +0.0% |       0 |       0 |             0 |      2264
      540 |     +0.0% |       0 |       0 |             0 |      2254
      550 |     +0.0% |       0 |       0 |             0 |      2244
      560 |     +0.0% |       0 |       0 |             0 |      2234
      570 |     +0.0% |       0 |       0 |             0 |      2224
      580 |     +0.0% |       0 |       0 |             0 |      2214
      590 |     +0.0% |       0 |       0 |             0 |      2204
      600 |     +0.0% |       0 |       0 |             0 |      2194
      610 |     +0.0% |       0 |       0 |             0 |      2184
      620 |     +0.0% |       0 |       0 |             0 |      2174
      630 |     +0.0% |       0 |       0 |             0 |      2164
      640 |     +0.0% |       0 |       0 |             0 |      2154
      650 |     +0.0% |       0 |       0 |             0 |      2144
      660 |     +0.0% |       0 |       0 |             0 |      2134
      670 |     +0.0% |       0 |       0 |             0 |      2124
      680 |     +0.0% |       0 |       0 |             0 |      2114
      690 |     +0.0% |       0 |       0 |             0 |      2104
      700 |     +0.0% |       0 |       0 |             0 |      2094
      710 |     +0.0% |       0 |       0 |             0 |      2084
      720 |     +0.0% |       0 |       0 |             0 |      2074
      730 |     +0.0% |       0 |       0 |             0 |      2064
      740 |     +0.0% |       0 |       0 |             0 |      2054
      750 |     +0.0% |       0 |       0 |             0 |      2044
      760 |     +0.0% |       0 |       0 |             0 |      2034
      770 |     +0.0% |       0 |       0 |             0 |      2024
      780 |     +0.0% |       0 |       0 |             0 |      2014
      790 |     +0.0% |       0 |       0 |             0 |      2004
      800 |     +0.0% |       0 |       0 |             0 |      1994
      810 |     +0.0% |       0 |       0 |             0 |      1984
      820 |     +0.0% |       0 |       0 |             0 |      1974
      830 |     +0.0% |       0 |       0 |             0 |      1964
      840 |     +0.0% |       0 |       0 |             0 |      1954
      850 |     +0.0% |       0 |       0 |             0 |      1944
      860 |     +0.0% |       0 |       0 |             0 |      1934
      870 |     +0.0% |       0 |       0 |             0 |      1924
      880 |     +0.0% |       0 |       0 |             0 |      1914
      890 |     +0.0% |       0 |       0 |             0 |      1904
      900 |     +0.0% |       0 |       0 |             0 |      1894
      910 |     +0.0% |       0 |       0 |             0 |      1884
      920 |     +0.0% |       0 |       0 |             0 |      1874
      930 |     +0.0% |       0 |       0 |             0 |      1864
      940 |     +0.0% |       0 |       0 |             0 |      1854
      950 |     +0.0% |       0 |       0 |             0 |      1844
      960 |     +0.0% |       0 |       0 |             0 |      1834
      970 |     +0.0% |       0 |       0 |             0 |      1824
      980 |     +0.0% |       0 |       0 |             0 |      1814
      990 |     +0.0% |       0 |       0 |             0 |      1804
     1000 |     +0.0% |       0 |       0 |             0 |      1794
     1010 |     +0.0% |       0 |       0 |             0 |      1784
     1020 |     +0.0% |       0 |       0 |             0 |      1774
     1030 |     +0.0% |       0 |       0 |             0 |      1764
     1040 |     +0.0% |       0 |       0 |             0 |      1754
     1050 |     +0.0% |       0 |       0 |             0 |      1744
     1060 |     +0.0% |       0 |       0 |             0 |      1734
     1070 |     +0.0% |       0 |       0 |             0 |      1724
     1080 |     +0.0% |       0 |       0 |             0 |      1714
     1090 |     +0.0% |       0 |       0 |             0 |      1704
     1100 |     +0.0% |       0 |       0 |             0 |      1694
     1110 |     +0.0% |       0 |       0 |             0 |      1684
     1120 |     +0.0% |       0 |       0 |             0 |      1674
     1130 |     +0.0% |       0 |       0 |             0 |      1664
     1140 |     +0.0% |       0 |       0 |             0 |      1654
     1150 |     +0.0% |       0 |       0 |             0 |      1644
     1160 |     +0.0% |       0 |       0 |             0 |      1634
     1170 |     +0.0% |       0 |       0 |             0 |      1624
     1180 |     +0.0% |       0 |       0 |             0 |      1614
     1190 |     +0.0% |       0 |       0 |             0 |      1604
     1200 |     +0.0% |       0 |       0 |             0 |      1594
     1210 |     +0.0% |       0 |       0 |             0 |      1584
     1220 |     +0.0% |       0 |       0 |             0 |      1574
     1230 |     +0.0% |       0 |       0 |             0 |      1564
     1240 |     +0.0% |       0 |       0 |             0 |      1554
     1250 |     +0.0% |       0 |       0 |             0 |      1544
     1260 |     +0.0% |       0 |       0 |             0 |      1534
     1270 |     +0.0% |       0 |       0 |             0 |      1524
     1280 |     +0.0% |       0 |       0 |             0 |      1514
     1290 |     +0.0% |       0 |       0 |             0 |      1504
     1300 |     +0.0% |       0 |       0 |             0 |      1494
     1310 |     +0.0% |       0 |       0 |             0 |      1484
     1320 |     +0.0% |       0 |       0 |             0 |      1474
     1330 |     +0.0% |       0 |       0 |             0 |      1464
     1340 |     +0.0% |       0 |       0 |             0 |      1454
     1350 |     +0.0% |       0 |       0 |             0 |      1444
     1360 |     +0.0% |       0 |       0 |             0 |      1434
     1370 |     +0.0% |       0 |       0 |             0 |      1424
     1380 |     +0.0% |       0 |       0 |             0 |      1414
     1390 |     +0.0% |       0 |       0 |             0 |      1404
     1400 |     +0.0% |       0 |       0 |             0 |      1394
     1410 |     +0.0% |       0 |       0 |             0 |      1384
     1420 |     +0.0% |       0 |       0 |             0 |      1374
     1430 |     +0.0% |       0 |       0 |             0 |      1364
     1440 |     +0.0% |       0 |       0 |             0 |      1354
     1450 |     +0.0% |       0 |       0 |             0 |      1344
     1460 |     +0.0% |       0 |       0 |             0 |      1334
     1470 |     +0.0% |       0 |       0 |             0 |      1324
     1480 |     +0.0% |       0 |       0 |             0 |      1314
     1490 |     +0.0% |       0 |       0 |             0 |      1304
     1500 |     +0.0% |       0 |       0 |             0 |      1294
     1510 |     +0.0% |       0 |       0 |             0 |      1284
     1520 |     +0.0% |       0 |       0 |             0 |      1274
     1530 |     +0.0% |       0 |       0 |             0 |      1264
     1540 |     +0.0% |       0 |       0 |             0 |      1254
     1550 |     +0.0% |       0 |       0 |             0 |      1244
     1560 |     +0.0% |       0 |       0 |             0 |      1234
     1570 |     +0.0% |       0 |       0 |             0 |      1224
     1580 |     +0.0% |       0 |       0 |             0 |      1214
     1590 |     +0.0% |       0 |       0 |             0 |      1204
     1600 |     +0.0% |       0 |       0 |             0 |      1194
     1610 |     +0.0% |       0 |       0 |             0 |      1184
     1620 |     +0.0% |       0 |       0 |             0 |      1174
     1630 |     +0.0% |       0 |       0 |             0 |      1164
     1640 |     +0.0% |       0 |       0 |             0 |      1154
     1650 |     +0.0% |       0 |       0 |             0 |      1144
     1660 |     +0.0% |       0 |       0 |             0 |      1134
     1670 |     +0.0% |       0 |       0 |             0 |      1124
     1680 |     +0.0% |       0 |       0 |             0 |      1114
     1690 |     +0.0% |       0 |       0 |             0 |      1104
     1700 |     +0.0% |       0 |       0 |             0 |      1094
     1710 |     +0.0% |       0 |       0 |             0 |      1084
     1720 |     +0.0% |       0 |       0 |             0 |      1074
     1730 |     +0.0% |       0 |       0 |             0 |      1064
     1740 |     +0.0% |       0 |       0 |             0 |      1054
     1750 |     +0.0% |       0 |       0 |             0 |      1044
     1760 |     +0.0% |       0 |       0 |             0 |      1034
     1770 |     +0.0% |       0 |       0 |             0 |      1024
     1780 |     +0.0% |       0 |       0 |             0 |      1014
     1790 |     +0.0% |       0 |       0 |             0 |      1004
     1800 |     +0.0% |       0 |       0 |             0 |       994
     1810 |     +0.0% |       0 |       0 |             0 |       984
     1820 |     +0.0% |       0 |       0 |             0 |       974
     1830 |     +0.0% |       0 |       0 |             0 |       964
     1840 |     +0.0% |       0 |       0 |             0 |       954
     1850 |     +0.0% |       0 |       0 |             0 |       944
     1860 |     +0.0% |       0 |       0 |             0 |       934
     1870 |     +0.0% |       0 |       0 |             0 |       924
     1880 |     +0.0% |       0 |       0 |             0 |       914
     1890 |     +0.0% |       0 |       0 |             0 |       904
     1900 |     +0.0% |       0 |       0 |             0 |       894
     1910 |     +0.0% |       0 |       0 |             0 |       884
     1920 |     +0.0% |       0 |       0 |             0 |       874
     1930 |     +0.0% |       0 |       0 |             0 |       864
     1940 |     +0.0% |       0 |       0 |             0 |       854
     1950 |     +0.0% |       0 |       0 |             0 |       844
     1960 |     +0.0% |       0 |       0 |             0 |       834
     1970 |     +0.0% |       0 |       0 |             0 |       824
     1980 |     +0.0% |       0 |       0 |             0 |       814
     1990 |     +0.0% |       0 |       0 |             0 |       804
     2000 |     +0.0% |       0 |       0 |             0 |       794
     2010 |     +0.0% |       0 |       0 |             0 |       784
     2020 |     +0.0% |       0 |       0 |             0 |       774
     2030 |     +0.0% |       0 |       0 |             0 |       764
     2040 |     +0.0% |       0 |       0 |             0 |       754
     2050 |     +0.0% |       0 |       0 |             0 |       744
     2060 |     +0.0% |       0 |       0 |             0 |       734
     2070 |     +0.0% |       0 |       0 |             0 |       724
     2080 |     +0.0% |       0 |       0 |             0 |       714
     2090 |     +0.0% |       0 |       0 |             0 |       704
     2100 |     +0.0% |       0 |       0 |             0 |       694
     2110 |     +0.0% |       0 |       0 |             0 |       684
     2120 |     +0.0% |       0 |       0 |             0 |       674
     2130 |     +0.0% |       0 |       0 |             0 |       664
     2140 |     +0.0% |       0 |       0 |             0 |       654
     2150 |     +0.0% |       0 |       0 |             0 |       644
     2160 |     +0.0% |       0 |       0 |             0 |       634
     2170 |     +0.0% |       0 |       0 |             0 |       624
     2180 |     +0.0% |       0 |       0 |             0 |       614
     2190 |     +0.0% |       0 |       0 |             0 |       604
     2200 |     +0.0% |       0 |       0 |             0 |       594
     2210 |     +0.0% |       0 |       0 |             0 |       584
     2220 |     +0.0% |       0 |       0 |             0 |       574
     2230 |     +0.0% |       0 |       0 |             0 |       564
     2240 |     +0.0% |       0 |       0 |             0 |       554
     2250 |     +0.0% |       0 |       0 |             0 |       544
     2260 |     +0.0% |       0 |       0 |             0 |       534
     2270 |     +0.0% |       0 |       0 |             0 |       524
     2280 |     +0.0% |       0 |       0 |             0 |       514
     2290 |     +0.0% |       0 |       0 |             0 |       504
     2300 |     +0.0% |       0 |       0 |             0 |       494
     2310 |     +0.0% |       0 |       0 |             0 |       484
     2320 |     +0.0% |       0 |       0 |             0 |       474
     2330 |     +0.0% |       0 |       0 |             0 |       464
     2340 |     +0.0% |       0 |       0 |             0 |       454
     2350 |     +0.0% |       0 |       0 |             0 |       444
     2360 |     +0.0% |       0 |       0 |             0 |       434
     2370 |     +0.0% |       0 |       0 |             0 |       424
     2380 |     +0.0% |       0 |       0 |             0 |       414
     2390 |     +0.0% |       0 |       0 |             0 |       404
     2400 |     +0.0% |       0 |       0 |             0 |       394
     2410 |     +0.0% |       0 |       0 |             0 |       384
     2420 |     +0.0% |       0 |       0 |             0 |       374
     2430 |     +0.0% |       0 |       0 |             0 |       364
     2440 |     +0.0% |       0 |       0 |             0 |       354
     2450 |     +0.0% |       0 |       0 |             0 |       344
     2460 |     +0.0% |       0 |       0 |             0 |       334
     2470 |     +0.0% |       0 |       0 |             0 |       324
     2480 |     +0.0% |       0 |       0 |             0 |       314
     2490 |     +0.0% |       0 |       0 |             0 |       304
     2500 |     +0.0% |       0 |       0 |             0 |       294
     2510 |     +0.0% |       0 |       0 |             0 |       284
     2520 |     +0.0% |       0 |       0 |             0 |       274
     2530 |     +0.0% |       0 |       0 |             0 |       264
     2540 |     +0.0% |       0 |       0 |             0 |       254
     2550 |     +0.0% |       0 |       0 |             0 |       244
     2560 |     +0.0% |       0 |       0 |             0 |       234
     2570 |     +0.0% |       0 |       0 |             0 |       224
     2580 |     +0.0% |       0 |       0 |             0 |       214
     2590 |     +0.0% |       0 |       0 |             0 |       204
     2600 |     +0.0% |       0 |       0 |             0 |       194
     2610 |     +0.0% |       0 |       0 |             0 |       184
     2620 |     +0.0% |       0 |       0 |             0 |       174
     2630 |     +0.0% |       0 |       0 |             0 |       164
     2640 |     +0.0% |       0 |       0 |             0 |       154
     2650 |     +0.0% |       0 |       0 |             0 |       144
     2660 |     +0.0% |       0 |       0 |             0 |       134
     2670 |     +0.0% |       0 |       0 |             0 |       124
     2680 |     +0.0% |       0 |       0 |             0 |       114
     2690 |     +0.0% |       0 |       0 |             0 |       104
     2700 |     +0.0% |       0 |       0 |             0 |        94
     2710 |     +0.0% |       0 |       0 |             0 |        84
     2720 |     +0.0% |       0 |       0 |             0 |        74
     2730 |     +0.0% |       0 |       0 |             0 |        64
     2740 |     +0.0% |       0 |       0 |             0 |        54
     2750 |     +0.0% |       0 |       0 |             0 |        44
     2760 |     +0.0% |       0 |       0 |             0 |        34
     2770 |     +0.0% |       0 |       0 |             0 |        24
     2780 |     +0.0% |       0 |       0 |             0 |        14
     2790 |     +0.0% |       0 |       0 |             0 |         4
    final |     +0.0% |       0 |       0 |             0 |         0
---------------------------------------------------------------------
Floating nets: 
Report metrics stage 3, resizer...

==========================================================================
resizer report_design_area
--------------------------------------------------------------------------
Design area 3532 um^2 35% utilization.
Instance count before 2688, after 2688
Pin count before 8141, after 8141
write_db ./results/nangate45/s9234f/base/3_4_place_resized.odb
Elapsed time: 0:03.16[h:]min:sec. CPU time: user 3.26 sys 0.75 (127%). Peak memory: 137044KB.
Log                       Ext     Elapsed/s Peak Memory/MB sha1sum result [0:20)
3_4_place_resized         .odb            3            133 9c93f148c7025f9b0c6b
/root/pact-deps/OpenROAD-flow-scripts/flow/scripts/flow.sh 3_5_place_dp detail_place
Running detail_place.tcl, stage 3_5_place_dp
read_liberty /root/pact-deps/OpenROAD-flow-scripts/flow/platforms/nangate45/lib/NangateOpenCellLibrary_typical.lib
read_db ./results/nangate45/s9234f/base/3_4_place_resized.odb
read_sdc ./results/nangate45/s9234f/base/2_floorplan.sdc
source /root/pact-deps/OpenROAD-flow-scripts/flow/platforms/nangate45/setRC.tcl
detailed_placement
[INFO DPL-0006] Core area: 10208.02 um^2, Instances area: 3531.68 um^2, Utilization: 34.6%
[INFO DPL-0005] Diamond search max displacement: +/- 500 sites horizontally, +/- 100 rows vertically.
[INFO DPL-1101] Legalizing using diamond search.
Movements Summary
---------------------------------------
Total cells:                    2544
Diamond Move Success:           2544 (100.00%)
Diamond Move Failure:              0
Rip-up and replace Success:        0 (  0.00% of diamond failures)
Rip-up and replace Failure:        0
Total Placement Failures:          0
---------------------------------------
Placement Analysis
---------------------------------
total displacement       2163.8 u
average displacement        0.8 u
max displacement            4.2 u
original HPWL           21697.8 u
legalized HPWL          23319.3 u
delta HPWL                    7 %

improve_placement -max_displacement "5 1"
Detailed placement improvement.
[INFO DPL-0401] Setting random seed to 1.
[INFO DPL-0402] Setting maximum displacement 5 1 to 14000 2800 units.
[INFO DPL-0320] Collected 223 fixed cells.
[INFO DPL-0318] Collected 2544 single height cells.
[INFO DPL-0321] Collected 0 wide cells.
[INFO DPL-0322] Image (2280, 2800) - (204820, 204400)
[INFO DPL-0310] Assigned 2544 cells into segments.  Movement in X-direction is 0.000000, movement in Y-direction is 0.000000.
[INFO DPL-0313] Found 0 cells in wrong regions.
[INFO DPL-0315] Found 0 row alignment problems.
[INFO DPL-0314] Found 0 site alignment problems.
[INFO DPL-0311] Found 0 overlaps between adjacent cells.
[INFO DPL-0312] Found 0 edge spacing violations and 0 padding violations.
[INFO DPL-0303] Running algorithm for independent set matching.
[INFO DPL-0300] Set matching objective is wirelength.
[INFO DPL-0301] Pass   1 of matching; objective is 4.662526e+07.
[INFO DPL-0302] End of matching; objective is 4.650218e+07, improvement is 0.26 percent.
[INFO DPL-0303] Running algorithm for global swaps.
[INFO DPL-0306] Pass   1 of global swaps; hpwl is 4.561427e+07.
[INFO DPL-0306] Pass   2 of global swaps; hpwl is 4.539072e+07.
[INFO DPL-0307] End of global swaps; objective is 4.539072e+07, improvement is 2.39 percent.
[INFO DPL-0303] Running algorithm for vertical swaps.
[INFO DPL-0308] Pass   1 of vertical swaps; hpwl is 4.521212e+07.
[INFO DPL-0309] End of vertical swaps; objective is 4.521212e+07, improvement is 0.39 percent.
[INFO DPL-0303] Running algorithm for reordering.
[INFO DPL-0304] Pass   1 of reordering; objective is 4.505144e+07.
[INFO DPL-0305] End of reordering; objective is 4.505144e+07, improvement is 0.36 percent.
[INFO DPL-0303] Running algorithm for random improvement.
[INFO DPL-0324] Random improver is using random generator.
[INFO DPL-0325] Random improver is using hpwl objective.
[INFO DPL-0326] Random improver cost string is (a).
[INFO DPL-0332] End of pass, Generator random called 50880 times.
[INFO DPL-0335] Generator random, Cumulative attempts 50880, swaps 6548, moves 18158 since last reset.
[INFO DPL-0333] End of pass, Objective hpwl, Initial cost 4.469834e+07, Scratch cost 4.407331e+07, Incremental cost 4.407331e+07, Mismatch? N
[INFO DPL-0338] End of pass, Total cost is 4.407331e+07.
[INFO DPL-0327] Pass   1 of random improver; improvement in cost is 1.40 percent.
[INFO DPL-0332] End of pass, Generator random called 50880 times.
[INFO DPL-0335] Generator random, Cumulative attempts 101760, swaps 13018, moves 36228 since last reset.
[INFO DPL-0333] End of pass, Objective hpwl, Initial cost 4.407331e+07, Scratch cost 4.380761e+07, Incremental cost 4.380761e+07, Mismatch? N
[INFO DPL-0338] End of pass, Total cost is 4.380761e+07.
[INFO DPL-0327] Pass   2 of random improver; improvement in cost is 0.60 percent.
[INFO DPL-0328] End of random improver; improvement is 1.992748 percent.
[INFO DPL-0380] Cell flipping.
[INFO DPL-0382] Changed 0 cell orientations for row compatibility.
[INFO DPL-0383] Performed 669 cell flips.
[INFO DPL-0384] End of flipping; objective is 4.341270e+07, improvement is 1.70 percent.
[INFO DPL-0313] Found 0 cells in wrong regions.
[INFO DPL-0315] Found 0 row alignment problems.
[INFO DPL-0314] Found 0 site alignment problems.
[INFO DPL-0311] Found 0 overlaps between adjacent cells.
[INFO DPL-0312] Found 0 edge spacing violations and 0 padding violations.
Detailed Improvement Results
------------------------------------------
Original HPWL            23319.3 u (   11833.4,    11485.9)
Final HPWL               21720.8 u (   10874.6,    10846.2)
Delta HPWL                  -6.9 % (      -8.1,       -5.6)

optimize_mirroring
[INFO DPL-0020] Mirrored 73 instances
[INFO DPL-0021] HPWL before           21720.8 u
[INFO DPL-0022] HPWL after            21711.9 u
[INFO DPL-0023] HPWL delta               -0.0 %
[INFO FLW-0012] Placement violations .
estimate_parasitics -placement
Report metrics stage 3, detailed place...

==========================================================================
detailed place report_design_area
--------------------------------------------------------------------------
Design area 3532 um^2 35% utilization.
write_db ./results/nangate45/s9234f/base/3_5_place_dp.odb
write_sdc -no_timestamp ./results/nangate45/s9234f/base/3_place.sdc
Elapsed time: 0:03.65[h:]min:sec. CPU time: user 3.80 sys 0.55 (119%). Peak memory: 128984KB.
Log                       Ext     Elapsed/s Peak Memory/MB sha1sum result [0:20)
3_5_place_dp              .odb            3            125 b17577d652f193358b27
cp ./results/nangate45/s9234f/base/3_5_place_dp.odb ./results/nangate45/s9234f/base/3_place.odb
make: Leaving directory '/root/pact-deps/OpenROAD-flow-scripts/flow'
