OpenROAD 26Q2-1164-g08f67ee5ec 
Features included (+) or not (-): +GPU +GUI +Python
This program is licensed under the BSD-3 license. See the LICENSE file for details.
Components of this program may be licensed under more restrictive licenses which must be honored.
[INFO ORD-0030] Using 4 thread(s).
read_liberty /root/pact-deps/OpenROAD-flow-scripts/flow/platforms/nangate45/lib/NangateOpenCellLibrary_typical.lib
read_db /mnt/c/Users/Abhinav/OneDrive/Desktop/PACT/PACT/results/phase2d_independent_gp/raw/orfs/results/nangate45/s9234f/phase2c_s29_20aa85fdd595/4_cts.odb
read_sdc /mnt/c/Users/Abhinav/OneDrive/Desktop/PACT/PACT/results/phase2d_independent_gp/raw/orfs/results/nangate45/s9234f/phase2c_s29_20aa85fdd595/4_cts.sdc
source /root/pact-deps/OpenROAD-flow-scripts/flow/platforms/nangate45/setRC.tcl
pin_access
[INFO DRT-0149] Reading tech and libs.

Units:                2000
Number of layers:     21
Number of macros:     135
Number of vias:       33
Number of viarulegen: 19

[INFO DRT-0150] Reading design.

Design:                   s9234f
Die area:                 ( 0 0 ) ( 206880 206880 )
Number of track patterns: 20
Number of DEF vias:       0
Number of components:     2817
Number of terminals:      83
Number of snets:          2
Number of nets:           2686

[INFO DRT-0167] List of default vias:
  Layer via2
    default via: via2_5
  Layer via3
    default via: via3_2
  Layer via4
    default via: via4_0
  Layer via5
    default via: via5_0
  Layer via6
    default via: via6_0
  Layer via7
    default via: via7_0
  Layer via8
    default via: via8_0
  Layer via9
    default via: via9_0
[INFO DRT-0162] Library cell analysis.
[INFO DRT-0163] Instance analysis.
[INFO DRT-0164] Number of unique instances = 48.
[INFO DRT-0168] Init region query.
[INFO DRT-0024]   Complete active.
[INFO DRT-0024]   Complete Fr_VIA.
[INFO DRT-0024]   Complete metal1.
[INFO DRT-0024]   Complete via1.
[INFO DRT-0024]   Complete metal2.
[INFO DRT-0024]   Complete via2.
[INFO DRT-0024]   Complete metal3.
[INFO DRT-0024]   Complete via3.
[INFO DRT-0024]   Complete metal4.
[INFO DRT-0024]   Complete via4.
[INFO DRT-0024]   Complete metal5.
[INFO DRT-0024]   Complete via5.
[INFO DRT-0024]   Complete metal6.
[INFO DRT-0024]   Complete via6.
[INFO DRT-0024]   Complete metal7.
[INFO DRT-0024]   Complete via7.
[INFO DRT-0024]   Complete metal8.
[INFO DRT-0024]   Complete via8.
[INFO DRT-0024]   Complete metal9.
[INFO DRT-0024]   Complete via9.
[INFO DRT-0024]   Complete metal10.
[INFO DRT-0033] active shape region query size = 0.
[INFO DRT-0033] FR_VIA shape region query size = 0.
[INFO DRT-0033] metal1 shape region query size = 42791.
[INFO DRT-0033] via1 shape region query size = 438.
[INFO DRT-0033] metal2 shape region query size = 292.
[INFO DRT-0033] via2 shape region query size = 438.
[INFO DRT-0033] metal3 shape region query size = 292.
[INFO DRT-0033] via3 shape region query size = 438.
[INFO DRT-0033] metal4 shape region query size = 164.
[INFO DRT-0033] via4 shape region query size = 140.
[INFO DRT-0033] metal5 shape region query size = 54.
[INFO DRT-0033] via5 shape region query size = 140.
[INFO DRT-0033] metal6 shape region query size = 83.
[INFO DRT-0033] via6 shape region query size = 56.
[INFO DRT-0033] metal7 shape region query size = 28.
[INFO DRT-0033] via7 shape region query size = 0.
[INFO DRT-0033] metal8 shape region query size = 0.
[INFO DRT-0033] via8 shape region query size = 0.
[INFO DRT-0033] metal9 shape region query size = 0.
[INFO DRT-0033] via9 shape region query size = 0.
[INFO DRT-0033] metal10 shape region query size = 0.
[INFO DRT-0165] Start pin access.
[INFO DRT-0078]   Complete 245 pins.
[INFO DRT-0081]   Complete 48 unique inst patterns.
[INFO DRT-0084]   Complete 1308 groups.
#scanned instances     = 2817
#unique  instances     = 48
#stdCellGenAp          = 1047
#stdCellValidPlanarAp  = 0
#stdCellValidViaAp     = 838
#stdCellPinNoAp        = 0
#stdCellPinCnt         = 8161
#instTermValidViaApCnt = 0
#macroGenAp            = 0
#macroValidPlanarAp    = 0
#macroValidViaAp       = 0
#macroNoAp             = 0
[INFO DRT-0166] Complete pin access.
[INFO DRT-0267] cpu time = 00:00:33, elapsed time = 00:00:07, memory = 119.42 (MB), peak = 119.26 (MB)
Took 8 seconds: pin_access
set_global_routing_random -seed 29
global_route -congestion_report_file /mnt/c/Users/Abhinav/OneDrive/Desktop/PACT/PACT/results/phase2d_independent_gp/raw/orfs/reports/nangate45/s9234f/phase2c_s29_20aa85fdd595/congestion.rpt -congestion_iterations 30 -congestion_report_iter_step 5 -verbose
[INFO GRT-0020] Min routing layer: metal2
[INFO GRT-0021] Max routing layer: metal10
[INFO GRT-0022] Global adjustment: 0%
[INFO GRT-0023] Grid origin: (0, 0)
[INFO GRT-0088] Layer metal1  Track-Pitch = 0.1400  line-2-Via Pitch: 0.1350
[INFO GRT-0088] Layer metal2  Track-Pitch = 0.1900  line-2-Via Pitch: 0.1400
[INFO GRT-0088] Layer metal3  Track-Pitch = 0.1400  line-2-Via Pitch: 0.1400
[INFO GRT-0088] Layer metal4  Track-Pitch = 0.2800  line-2-Via Pitch: 0.2800
[INFO GRT-0088] Layer metal5  Track-Pitch = 0.2800  line-2-Via Pitch: 0.2800
[INFO GRT-0088] Layer metal6  Track-Pitch = 0.2800  line-2-Via Pitch: 0.2800
[INFO GRT-0088] Layer metal7  Track-Pitch = 0.8000  line-2-Via Pitch: 0.8000
[INFO GRT-0088] Layer metal8  Track-Pitch = 0.8000  line-2-Via Pitch: 0.8000
[INFO GRT-0088] Layer metal9  Track-Pitch = 1.6000  line-2-Via Pitch: 1.6000
[INFO GRT-0088] Layer metal10 Track-Pitch = 1.6000  line-2-Via Pitch: 1.6000
[INFO GRT-0003] Macros: 0
[INFO GRT-0004] Blockages: 0
[INFO GRT-0019] Found 40 clock nets.
[INFO GRT-0001] Minimum degree: 2
[INFO GRT-0002] Maximum degree: 40

[INFO GRT-0053] Routing resources analysis:
          Routing      Original      Derated      Resource
Layer     Direction    Resources     Resources    Reduction (%)
---------------------------------------------------------------
metal1     Horizontal          0             0          0.00%
metal2     Vertical        18585          8750          52.92%
metal3     Horizontal      25711         12607          50.97%
metal4     Vertical        12600          8890          29.44%
metal5     Horizontal      12839          9040          29.59%
metal6     Vertical        12882          9077          29.54%
metal7     Horizontal       3920          2800          28.57%
metal8     Vertical         4480          3220          28.12%
metal9     Horizontal       2240          1260          43.75%
metal10    Vertical         2240          1260          43.75%
---------------------------------------------------------------

[INFO GRT-0197] Via related to pin nodes: 12180
[INFO GRT-0198] Via related Steiner nodes: 242
[INFO GRT-0199] Via filling finished.
[INFO GRT-0111] Final number of vias: 15139
[INFO GRT-0112] Final usage 3D: 55384

[INFO GRT-0096] Final congestion report:
Layer         Resource        Demand        Usage (%)    Max H / Max V / Total Overflow
---------------------------------------------------------------------------------------
metal1               0             0            0.00%             0 /  0 /  0
metal2            8750          3678           42.03%             0 /  0 /  0
metal3           12607          3841           30.47%             0 /  0 /  0
metal4            8890          1527           17.18%             0 /  0 /  0
metal5            9040           629            6.96%             0 /  0 /  0
metal6            9077           292            3.22%             0 /  0 /  0
metal7            2800             0            0.00%             0 /  0 /  0
metal8            3220             0            0.00%             0 /  0 /  0
metal9            1260             0            0.00%             0 /  0 /  0
metal10           1260             0            0.00%             0 /  0 /  0
---------------------------------------------------------------------------------------
Total            56904          9967           17.52%             0 /  0 /  0

[INFO GRT-0018] Total wirelength: 42288 um
[INFO GRT-0014] Routed nets: 2686
[INFO GRT-0303] Global routing runtime = 00:00:00
estimate_parasitics -global_routing
Perform buffer insertion and gate resizing...
repair_design -verbose
Iteration |   Area    | Resized | Buffers | Nets repaired | Remaining
---------------------------------------------------------------------
        0 |     +0.0% |       0 |       0 |             0 |      2924
       10 |     +0.0% |       0 |       0 |             0 |      2914
       20 |     +0.0% |       0 |       0 |             0 |      2904
       30 |     +0.0% |       0 |       0 |             0 |      2894
       40 |     +0.0% |       0 |       0 |             0 |      2884
       50 |     +0.0% |       0 |       0 |             0 |      2874
       60 |     +0.0% |       0 |       0 |             0 |      2864
       70 |     +0.0% |       0 |       0 |             0 |      2854
       80 |     +0.0% |       0 |       0 |             0 |      2844
       90 |     +0.0% |       0 |       0 |             0 |      2834
      100 |     +0.0% |       0 |       0 |             0 |      2824
      110 |     +0.0% |       0 |       0 |             0 |      2814
      120 |     +0.0% |       0 |       0 |             0 |      2804
      130 |     +0.0% |       0 |       0 |             0 |      2794
      140 |     +0.0% |       0 |       0 |             0 |      2784
      150 |     +0.0% |       0 |       0 |             0 |      2774
      160 |     +0.0% |       0 |       0 |             0 |      2764
      170 |     +0.0% |       0 |       0 |             0 |      2754
      180 |     +0.0% |       0 |       0 |             0 |      2744
      190 |     +0.0% |       0 |       0 |             0 |      2734
      200 |     +0.0% |       0 |       0 |             0 |      2724
      210 |     +0.0% |       0 |       0 |             0 |      2714
      220 |     +0.0% |       0 |       0 |             0 |      2704
      230 |     +0.0% |       0 |       0 |             0 |      2694
      240 |     +0.0% |       0 |       0 |             0 |      2684
      250 |     +0.0% |       0 |       0 |             0 |      2674
      260 |     +0.0% |       0 |       0 |             0 |      2664
      270 |     +0.0% |       0 |       0 |             0 |      2654
      280 |     +0.0% |       0 |       0 |             0 |      2644
      290 |     +0.0% |       0 |       0 |             0 |      2634
      300 |     +0.0% |       0 |       0 |             0 |      2624
      310 |     +0.0% |       0 |       0 |             0 |      2614
      320 |     +0.0% |       0 |       0 |             0 |      2604
      330 |     +0.0% |       0 |       0 |             0 |      2594
      340 |     +0.0% |       0 |       0 |             0 |      2584
      350 |     +0.0% |       0 |       0 |             0 |      2574
      360 |     +0.0% |       0 |       0 |             0 |      2564
      370 |     +0.0% |       0 |       0 |             0 |      2554
      380 |     +0.0% |       0 |       0 |             0 |      2544
      390 |     +0.0% |       0 |       0 |             0 |      2534
      400 |     +0.0% |       0 |       0 |             0 |      2524
      410 |     +0.0% |       0 |       0 |             0 |      2514
      420 |     +0.0% |       0 |       0 |             0 |      2504
      430 |     +0.0% |       0 |       0 |             0 |      2494
      440 |     +0.0% |       0 |       0 |             0 |      2484
      450 |     +0.0% |       0 |       0 |             0 |      2474
      460 |     +0.0% |       0 |       0 |             0 |      2464
      470 |     +0.0% |       0 |       0 |             0 |      2454
      480 |     +0.0% |       0 |       0 |             0 |      2444
      490 |     +0.0% |       0 |       0 |             0 |      2434
      500 |     +0.0% |       0 |       0 |             0 |      2424
      510 |     +0.0% |       0 |       0 |             0 |      2414
      520 |     +0.0% |       0 |       0 |             0 |      2404
      530 |     +0.0% |       0 |       0 |             0 |      2394
      540 |     +0.0% |       0 |       0 |             0 |      2384
      550 |     +0.0% |       0 |       0 |             0 |      2374
      560 |     +0.0% |       0 |       0 |             0 |      2364
      570 |     +0.0% |       0 |       0 |             0 |      2354
      580 |     +0.0% |       0 |       0 |             0 |      2344
      590 |     +0.0% |       0 |       0 |             0 |      2334
      600 |     +0.0% |       0 |       0 |             0 |      2324
      610 |     +0.0% |       0 |       0 |             0 |      2314
      620 |     +0.0% |       0 |       0 |             0 |      2304
      630 |     +0.0% |       0 |       0 |             0 |      2294
      640 |     +0.0% |       0 |       0 |             0 |      2284
      650 |     +0.0% |       0 |       0 |             0 |      2274
      660 |     +0.0% |       0 |       0 |             0 |      2264
      670 |     +0.0% |       0 |       0 |             0 |      2254
      680 |     +0.0% |       0 |       0 |             0 |      2244
      690 |     +0.0% |       0 |       0 |             0 |      2234
      700 |     +0.0% |       0 |       0 |             0 |      2224
      710 |     +0.0% |       0 |       0 |             0 |      2214
      720 |     +0.0% |       0 |       0 |             0 |      2204
      730 |     +0.0% |       0 |       0 |             0 |      2194
      740 |     +0.0% |       0 |       0 |             0 |      2184
      750 |     +0.0% |       0 |       0 |             0 |      2174
      760 |     +0.0% |       0 |       0 |             0 |      2164
      770 |     +0.0% |       0 |       0 |             0 |      2154
      780 |     +0.0% |       0 |       0 |             0 |      2144
      790 |     +0.0% |       0 |       0 |             0 |      2134
      800 |     +0.0% |       0 |       0 |             0 |      2124
      810 |     +0.0% |       0 |       0 |             0 |      2114
      820 |     +0.0% |       0 |       0 |             0 |      2104
      830 |     +0.0% |       0 |       0 |             0 |      2094
      840 |     +0.0% |       0 |       0 |             0 |      2084
      850 |     +0.0% |       0 |       0 |             0 |      2074
      860 |     +0.0% |       0 |       0 |             0 |      2064
      870 |     +0.0% |       0 |       0 |             0 |      2054
      880 |     +0.0% |       0 |       0 |             0 |      2044
      890 |     +0.0% |       0 |       0 |             0 |      2034
      900 |     +0.0% |       0 |       0 |             0 |      2024
      910 |     +0.0% |       0 |       0 |             0 |      2014
      920 |     +0.0% |       0 |       0 |             0 |      2004
      930 |     +0.0% |       0 |       0 |             0 |      1994
      940 |     +0.0% |       0 |       0 |             0 |      1984
      950 |     +0.0% |       0 |       0 |             0 |      1974
      960 |     +0.0% |       0 |       0 |             0 |      1964
      970 |     +0.0% |       0 |       0 |             0 |      1954
      980 |     +0.0% |       0 |       0 |             0 |      1944
      990 |     +0.0% |       0 |       0 |             0 |      1934
     1000 |     +0.0% |       0 |       0 |             0 |      1924
     1010 |     +0.0% |       0 |       0 |             0 |      1914
     1020 |     +0.0% |       0 |       0 |             0 |      1904
     1030 |     +0.0% |       0 |       0 |             0 |      1894
     1040 |     +0.0% |       0 |       0 |             0 |      1884
     1050 |     +0.0% |       0 |       0 |             0 |      1874
     1060 |     +0.0% |       0 |       0 |             0 |      1864
     1070 |     +0.0% |       0 |       0 |             0 |      1854
     1080 |     +0.0% |       0 |       0 |             0 |      1844
     1090 |     +0.0% |       0 |       0 |             0 |      1834
     1100 |     +0.0% |       0 |       0 |             0 |      1824
     1110 |     +0.0% |       0 |       0 |             0 |      1814
     1120 |     +0.0% |       0 |       0 |             0 |      1804
     1130 |     +0.0% |       0 |       0 |             0 |      1794
     1140 |     +0.0% |       0 |       0 |             0 |      1784
     1150 |     +0.0% |       0 |       0 |             0 |      1774
     1160 |     +0.0% |       0 |       0 |             0 |      1764
     1170 |     +0.0% |       0 |       0 |             0 |      1754
     1180 |     +0.0% |       0 |       0 |             0 |      1744
     1190 |     +0.0% |       0 |       0 |             0 |      1734
     1200 |     +0.0% |       0 |       0 |             0 |      1724
     1210 |     +0.0% |       0 |       0 |             0 |      1714
     1220 |     +0.0% |       0 |       0 |             0 |      1704
     1230 |     +0.0% |       0 |       0 |             0 |      1694
     1240 |     +0.0% |       0 |       0 |             0 |      1684
     1250 |     +0.0% |       0 |       0 |             0 |      1674
     1260 |     +0.0% |       0 |       0 |             0 |      1664
     1270 |     +0.0% |       0 |       0 |             0 |      1654
     1280 |     +0.0% |       0 |       0 |             0 |      1644
     1290 |     +0.0% |       0 |       0 |             0 |      1634
     1300 |     +0.0% |       0 |       0 |             0 |      1624
     1310 |     +0.0% |       0 |       0 |             0 |      1614
     1320 |     +0.0% |       0 |       0 |             0 |      1604
     1330 |     +0.0% |       0 |       0 |             0 |      1594
     1340 |     +0.0% |       0 |       0 |             0 |      1584
     1350 |     +0.0% |       0 |       0 |             0 |      1574
     1360 |     +0.0% |       0 |       0 |             0 |      1564
     1370 |     +0.0% |       0 |       0 |             0 |      1554
     1380 |     +0.0% |       0 |       0 |             0 |      1544
     1390 |     +0.0% |       0 |       0 |             0 |      1534
     1400 |     +0.0% |       0 |       0 |             0 |      1524
     1410 |     +0.0% |       0 |       0 |             0 |      1514
     1420 |     +0.0% |       0 |       0 |             0 |      1504
     1430 |     +0.0% |       0 |       0 |             0 |      1494
     1440 |     +0.0% |       0 |       0 |             0 |      1484
     1450 |     +0.0% |       0 |       0 |             0 |      1474
     1460 |     +0.0% |       0 |       0 |             0 |      1464
     1470 |     +0.0% |       0 |       0 |             0 |      1454
     1480 |     +0.0% |       0 |       0 |             0 |      1444
     1490 |     +0.0% |       0 |       0 |             0 |      1434
     1500 |     +0.0% |       0 |       0 |             0 |      1424
     1510 |     +0.0% |       0 |       0 |             0 |      1414
     1520 |     +0.0% |       0 |       0 |             0 |      1404
     1530 |     +0.0% |       0 |       0 |             0 |      1394
     1540 |     +0.0% |       0 |       0 |             0 |      1384
     1550 |     +0.0% |       0 |       0 |             0 |      1374
     1560 |     +0.0% |       0 |       0 |             0 |      1364
     1570 |     +0.0% |       0 |       0 |             0 |      1354
     1580 |     +0.0% |       0 |       0 |             0 |      1344
     1590 |     +0.0% |       0 |       0 |             0 |      1334
     1600 |     +0.0% |       0 |       0 |             0 |      1324
     1610 |     +0.0% |       0 |       0 |             0 |      1314
     1620 |     +0.0% |       0 |       0 |             0 |      1304
     1630 |     +0.0% |       0 |       0 |             0 |      1294
     1640 |     +0.0% |       0 |       0 |             0 |      1284
     1650 |     +0.0% |       0 |       0 |             0 |      1274
     1660 |     +0.0% |       0 |       0 |             0 |      1264
     1670 |     +0.0% |       0 |       0 |             0 |      1254
     1680 |     +0.0% |       0 |       0 |             0 |      1244
     1690 |     +0.0% |       0 |       0 |             0 |      1234
     1700 |     +0.0% |       0 |       0 |             0 |      1224
     1710 |     +0.0% |       0 |       0 |             0 |      1214
     1720 |     +0.0% |       0 |       0 |             0 |      1204
     1730 |     +0.0% |       0 |       0 |             0 |      1194
     1740 |     +0.0% |       0 |       0 |             0 |      1184
     1750 |     +0.0% |       0 |       0 |             0 |      1174
     1760 |     +0.0% |       0 |       0 |             0 |      1164
     1770 |     +0.0% |       0 |       0 |             0 |      1154
     1780 |     +0.0% |       0 |       0 |             0 |      1144
     1790 |     +0.0% |       0 |       0 |             0 |      1134
     1800 |     +0.0% |       0 |       0 |             0 |      1124
     1810 |     +0.0% |       0 |       0 |             0 |      1114
     1820 |     +0.0% |       0 |       0 |             0 |      1104
     1830 |     +0.0% |       0 |       0 |             0 |      1094
     1840 |     +0.0% |       0 |       0 |             0 |      1084
     1850 |     +0.0% |       0 |       0 |             0 |      1074
     1860 |     +0.0% |       0 |       0 |             0 |      1064
     1870 |     +0.0% |       0 |       0 |             0 |      1054
     1880 |     +0.0% |       0 |       0 |             0 |      1044
     1890 |     +0.0% |       0 |       0 |             0 |      1034
     1900 |     +0.0% |       0 |       0 |             0 |      1024
     1910 |     +0.0% |       0 |       0 |             0 |      1014
     1920 |     +0.0% |       0 |       0 |             0 |      1004
     1930 |     +0.0% |       0 |       0 |             0 |       994
     1940 |     +0.0% |       0 |       0 |             0 |       984
     1950 |     +0.0% |       0 |       0 |             0 |       974
     1960 |     +0.0% |       0 |       0 |             0 |       964
     1970 |     +0.0% |       0 |       0 |             0 |       954
     1980 |     +0.0% |       0 |       0 |             0 |       944
     1990 |     +0.0% |       0 |       0 |             0 |       934
     2000 |     +0.0% |       0 |       0 |             0 |       924
     2010 |     +0.0% |       0 |       0 |             0 |       914
     2020 |     +0.0% |       0 |       0 |             0 |       904
     2030 |     +0.0% |       0 |       0 |             0 |       894
     2040 |     +0.0% |       0 |       0 |             0 |       884
     2050 |     +0.0% |       0 |       0 |             0 |       874
     2060 |     +0.0% |       0 |       0 |             0 |       864
     2070 |     +0.0% |       0 |       0 |             0 |       854
     2080 |     +0.0% |       0 |       0 |             0 |       844
     2090 |     +0.0% |       0 |       0 |             0 |       834
     2100 |     +0.0% |       0 |       0 |             0 |       824
     2110 |     +0.0% |       0 |       0 |             0 |       814
     2120 |     +0.0% |       0 |       0 |             0 |       804
     2130 |     +0.0% |       0 |       0 |             0 |       794
     2140 |     +0.0% |       0 |       0 |             0 |       784
     2150 |     +0.0% |       0 |       0 |             0 |       774
     2160 |     +0.0% |       0 |       0 |             0 |       764
     2170 |     +0.0% |       0 |       0 |             0 |       754
     2180 |     +0.0% |       0 |       0 |             0 |       744
     2190 |     +0.0% |       0 |       0 |             0 |       734
     2200 |     +0.0% |       0 |       0 |             0 |       724
     2210 |     +0.0% |       0 |       0 |             0 |       714
     2220 |     +0.0% |       0 |       0 |             0 |       704
     2230 |     +0.0% |       0 |       0 |             0 |       694
     2240 |     +0.0% |       0 |       0 |             0 |       684
     2250 |     +0.0% |       0 |       0 |             0 |       674
     2260 |     +0.0% |       0 |       0 |             0 |       664
     2270 |     +0.0% |       0 |       0 |             0 |       654
     2280 |     +0.0% |       0 |       0 |             0 |       644
     2290 |     +0.0% |       0 |       0 |             0 |       634
     2300 |     +0.0% |       0 |       0 |             0 |       624
     2310 |     +0.0% |       0 |       0 |             0 |       614
     2320 |     +0.0% |       0 |       0 |             0 |       604
     2330 |     +0.0% |       0 |       0 |             0 |       594
     2340 |     +0.0% |       0 |       0 |             0 |       584
     2350 |     +0.0% |       0 |       0 |             0 |       574
     2360 |     +0.0% |       0 |       0 |             0 |       564
     2370 |     +0.0% |       0 |       0 |             0 |       554
     2380 |     +0.0% |       0 |       0 |             0 |       544
     2390 |     +0.0% |       0 |       0 |             0 |       534
     2400 |     +0.0% |       0 |       0 |             0 |       524
     2410 |     +0.0% |       0 |       0 |             0 |       514
     2420 |     +0.0% |       0 |       0 |             0 |       504
     2430 |     +0.0% |       0 |       0 |             0 |       494
     2440 |     +0.0% |       0 |       0 |             0 |       484
     2450 |     +0.0% |       0 |       0 |             0 |       474
     2460 |     +0.0% |       0 |       0 |             0 |       464
     2470 |     +0.0% |       0 |       0 |             0 |       454
     2480 |     +0.0% |       0 |       0 |             0 |       444
     2490 |     +0.0% |       0 |       0 |             0 |       434
     2500 |     +0.0% |       0 |       0 |             0 |       424
     2510 |     +0.0% |       0 |       0 |             0 |       414
     2520 |     +0.0% |       0 |       0 |             0 |       404
     2530 |     +0.0% |       0 |       0 |             0 |       394
     2540 |     +0.0% |       0 |       0 |             0 |       384
     2550 |     +0.0% |       0 |       0 |             0 |       374
     2560 |     +0.0% |       0 |       0 |             0 |       364
     2570 |     +0.0% |       0 |       0 |             0 |       354
     2580 |     +0.0% |       0 |       0 |             0 |       344
     2590 |     +0.0% |       0 |       0 |             0 |       334
     2600 |     +0.0% |       0 |       0 |             0 |       324
     2610 |     +0.0% |       0 |       0 |             0 |       314
     2620 |     +0.0% |       0 |       0 |             0 |       304
     2630 |     +0.0% |       0 |       0 |             0 |       294
     2640 |     +0.0% |       0 |       0 |             0 |       284
     2650 |     +0.0% |       0 |       0 |             0 |       274
     2660 |     +0.0% |       0 |       0 |             0 |       264
     2670 |     +0.0% |       0 |       0 |             0 |       254
     2680 |     +0.0% |       0 |       0 |             0 |       244
     2690 |     +0.0% |       0 |       0 |             0 |       234
     2700 |     +0.0% |       0 |       0 |             0 |       224
     2710 |     +0.0% |       0 |       0 |             0 |       214
     2720 |     +0.0% |       0 |       0 |             0 |       204
     2730 |     +0.0% |       0 |       0 |             0 |       194
     2740 |     +0.0% |       0 |       0 |             0 |       184
     2750 |     +0.0% |       0 |       0 |             0 |       174
     2760 |     +0.0% |       0 |       0 |             0 |       164
     2770 |     +0.0% |       0 |       0 |             0 |       154
     2780 |     +0.0% |       0 |       0 |             0 |       144
     2790 |     +0.0% |       0 |       0 |             0 |       134
     2800 |     +0.0% |       0 |       0 |             0 |       124
     2810 |     +0.0% |       0 |       0 |             0 |       114
     2820 |     +0.0% |       0 |       0 |             0 |       104
     2830 |     +0.0% |       0 |       0 |             0 |        94
     2840 |     +0.0% |       0 |       0 |             0 |        84
     2850 |     +0.0% |       0 |       0 |             0 |        74
     2860 |     +0.0% |       0 |       0 |             0 |        64
     2870 |     +0.0% |       0 |       0 |             0 |        54
     2880 |     +0.0% |       0 |       0 |             0 |        44
     2890 |     +0.0% |       0 |       0 |             0 |        34
     2900 |     +0.0% |       0 |       0 |             0 |        24
     2910 |     +0.0% |       0 |       0 |             0 |        14
     2920 |     +0.0% |       0 |       0 |             0 |         4
    final |     +0.0% |       0 |       0 |             0 |         0
---------------------------------------------------------------------
global_route -start_incremental
detailed_placement
[INFO DPL-0006] Core area: 10208.02 um^2, Instances area: 3652.98 um^2, Utilization: 35.8%
[INFO DPL-0005] Diamond search max displacement: +/- 500 sites horizontally, +/- 100 rows vertically.
[INFO DPL-1101] Legalizing using diamond search.
Movements Summary
---------------------------------------
Total cells:                    2673
Diamond Move Success:           2673 (100.00%)
Diamond Move Failure:              0
Rip-up and replace Success:        0 (  0.00% of diamond failures)
Rip-up and replace Failure:        0
Total Placement Failures:          0
---------------------------------------
Placement Analysis
---------------------------------
total displacement          0.0 u
average displacement        0.0 u
max displacement            0.0 u
original HPWL           24565.2 u
legalized HPWL          24565.2 u
delta HPWL                    0 %

global_route -end_incremental -congestion_report_file /mnt/c/Users/Abhinav/OneDrive/Desktop/PACT/PACT/results/phase2d_independent_gp/raw/orfs/reports/nangate45/s9234f/phase2c_s29_20aa85fdd595/congestion_post_repair_design.rpt
Repair setup and hold violations...
estimate_parasitics -global_routing
repair_timing -setup_margin 0 -hold_margin 0 -repair_tns 100 -verbose
[INFO RSZ-0100] Repair move sequence: UnbufferMove SizeUpMove SwapPinsMove BufferMove CloneMove SplitLoadMove 
[INFO RSZ-0098] No setup violations found
[INFO RSZ-0046] Found 2 endpoints with hold violations.
Iteration | Resized | Buffers | Cloned Gates |   Area   |   WNS   |   TNS   | Endpoint
--------------------------------------------------------------------------------------
        0 |       0 |       0 |            0 |    +0.0% |  -0.002 |  -0.002 | U_g698/D
    final |       0 |       2 |            0 |    +0.0% |   0.001 |   0.000 | U_g686/D
--------------------------------------------------------------------------------------
[INFO RSZ-0032] Inserted 2 hold buffers.
global_route -start_incremental
detailed_placement
[INFO DPL-0006] Core area: 10208.02 um^2, Instances area: 3654.57 um^2, Utilization: 35.8%
[INFO DPL-0005] Diamond search max displacement: +/- 500 sites horizontally, +/- 100 rows vertically.
[INFO DPL-1101] Legalizing using diamond search.
Movements Summary
---------------------------------------
Total cells:                    2675
Diamond Move Success:           2675 (100.00%)
Diamond Move Failure:              0
Rip-up and replace Success:        0 (  0.00% of diamond failures)
Rip-up and replace Failure:        0
Total Placement Failures:          0
---------------------------------------
Placement Analysis
---------------------------------
total displacement          3.8 u
average displacement        0.0 u
max displacement            0.6 u
original HPWL           24566.2 u
legalized HPWL          24570.4 u
delta HPWL                    0 %

check_placement -verbose
global_route -end_incremental -congestion_report_file /mnt/c/Users/Abhinav/OneDrive/Desktop/PACT/PACT/results/phase2d_independent_gp/raw/orfs/reports/nangate45/s9234f/phase2c_s29_20aa85fdd595/congestion_post_repair_timing.rpt
estimate_parasitics -global_routing
global_route -start_incremental
global_route -end_incremental -congestion_report_file /mnt/c/Users/Abhinav/OneDrive/Desktop/PACT/PACT/results/phase2d_independent_gp/raw/orfs/reports/nangate45/s9234f/phase2c_s29_20aa85fdd595/congestion_post_recover_power.rpt
Repair antennas...
[WARNING GRT-0246] No diode with LEF class CORE ANTENNACELL found.
[INFO ANT-0002] Found 0 net violations.
[INFO ANT-0001] Found 0 pin violations.
Estimate parasitics...
estimate_parasitics -global_routing
Report metrics stage 5, global route...

==========================================================================
global route report_design_area
--------------------------------------------------------------------------
Design area 3655 um^2 36% utilization.
[INFO FLW-0007] clock clk period 10.000000
[INFO FLW-0008] Clock clk period 1.131
[INFO FLW-0009] Clock clk slack 8.809
write_sdc -no_timestamp /mnt/c/Users/Abhinav/OneDrive/Desktop/PACT/PACT/results/phase2d_independent_gp/raw/orfs/results/nangate45/s9234f/phase2c_s29_20aa85fdd595/updated_clks.sdc
[INFO FLW-0011] Path endpoint path count 912
write_db /mnt/c/Users/Abhinav/OneDrive/Desktop/PACT/PACT/results/phase2d_independent_gp/raw/orfs/results/nangate45/s9234f/phase2c_s29_20aa85fdd595/5_1_grt.odb
write_sdc -no_timestamp /mnt/c/Users/Abhinav/OneDrive/Desktop/PACT/PACT/results/phase2d_independent_gp/raw/orfs/results/nangate45/s9234f/phase2c_s29_20aa85fdd595/5_1_grt.sdc
Elapsed time: 0:16.36[h:]min:sec. CPU time: user 40.69 sys 1.22 (256%). Peak memory: 325348KB.
Log                       Ext     Elapsed/s Peak Memory/MB sha1sum result [0:20)
5_1_grt                   .odb           16            317 d2aa67684f6221ad5fb2
5_1_grt                   .sdc                             ef79d21436d690ebafd1
