OpenROAD 26Q2-1164-g08f67ee5ec 
Features included (+) or not (-): +GPU +GUI +Python
This program is licensed under the BSD-3 license. See the LICENSE file for details.
Components of this program may be licensed under more restrictive licenses which must be honored.
[INFO ORD-0030] Using 4 thread(s).
read_liberty /root/pact-deps/OpenROAD-flow-scripts/flow/platforms/nangate45/lib/NangateOpenCellLibrary_typical.lib
read_db /mnt/c/Users/Abhinav/OneDrive/Desktop/PACT/PACT/results/phase2d_independent_gp/raw/orfs/results/nangate45/s9234f/phase2c_s29_20aa85fdd595/5_1_grt.odb
read_sdc /mnt/c/Users/Abhinav/OneDrive/Desktop/PACT/PACT/results/phase2d_independent_gp/raw/orfs/results/nangate45/s9234f/phase2c_s29_20aa85fdd595/5_1_grt.sdc
source /root/pact-deps/OpenROAD-flow-scripts/flow/platforms/nangate45/setRC.tcl
detailed_route -output_drc /mnt/c/Users/Abhinav/OneDrive/Desktop/PACT/PACT/results/phase2d_independent_gp/raw/orfs/reports/nangate45/s9234f/phase2c_s29_20aa85fdd595/5_route_drc.rpt -output_maze /mnt/c/Users/Abhinav/OneDrive/Desktop/PACT/PACT/results/phase2d_independent_gp/raw/orfs/results/nangate45/s9234f/phase2c_s29_20aa85fdd595/maze.log -droute_end_iter 64 -verbose 1 -drc_report_iter_step 5
[INFO DRT-0149] Reading tech and libs.

Units:                2000
Number of layers:     21
Number of macros:     135
Number of vias:       33
Number of viarulegen: 19

[INFO DRT-0150] Reading design.

Design:                   s9234f
Die area:                 ( 0 0 ) ( 206880 206880 )
Number of track patterns: 20
Number of DEF vias:       0
Number of components:     2819
Number of terminals:      83
Number of snets:          2
Number of nets:           2688

[INFO DRT-0167] List of default vias:
  Layer via2
    default via: via2_5
  Layer via3
    default via: via3_2
  Layer via4
    default via: via4_0
  Layer via5
    default via: via5_0
  Layer via6
    default via: via6_0
  Layer via7
    default via: via7_0
  Layer via8
    default via: via8_0
  Layer via9
    default via: via9_0
[INFO DRT-0162] Library cell analysis.
[INFO DRT-0163] Instance analysis.
[INFO DRT-0164] Number of unique instances = 48.
[INFO DRT-0168] Init region query.
[INFO DRT-0024]   Complete active.
[INFO DRT-0024]   Complete Fr_VIA.
[INFO DRT-0024]   Complete metal1.
[INFO DRT-0024]   Complete via1.
[INFO DRT-0024]   Complete metal2.
[INFO DRT-0024]   Complete via2.
[INFO DRT-0024]   Complete metal3.
[INFO DRT-0024]   Complete via3.
[INFO DRT-0024]   Complete metal4.
[INFO DRT-0024]   Complete via4.
[INFO DRT-0024]   Complete metal5.
[INFO DRT-0024]   Complete via5.
[INFO DRT-0024]   Complete metal6.
[INFO DRT-0024]   Complete via6.
[INFO DRT-0024]   Complete metal7.
[INFO DRT-0024]   Complete via7.
[INFO DRT-0024]   Complete metal8.
[INFO DRT-0024]   Complete via8.
[INFO DRT-0024]   Complete metal9.
[INFO DRT-0024]   Complete via9.
[INFO DRT-0024]   Complete metal10.
[INFO DRT-0033] active shape region query size = 0.
[INFO DRT-0033] FR_VIA shape region query size = 0.
[INFO DRT-0033] metal1 shape region query size = 42813.
[INFO DRT-0033] via1 shape region query size = 438.
[INFO DRT-0033] metal2 shape region query size = 292.
[INFO DRT-0033] via2 shape region query size = 438.
[INFO DRT-0033] metal3 shape region query size = 292.
[INFO DRT-0033] via3 shape region query size = 438.
[INFO DRT-0033] metal4 shape region query size = 164.
[INFO DRT-0033] via4 shape region query size = 140.
[INFO DRT-0033] metal5 shape region query size = 54.
[INFO DRT-0033] via5 shape region query size = 140.
[INFO DRT-0033] metal6 shape region query size = 83.
[INFO DRT-0033] via6 shape region query size = 56.
[INFO DRT-0033] metal7 shape region query size = 28.
[INFO DRT-0033] via7 shape region query size = 0.
[INFO DRT-0033] metal8 shape region query size = 0.
[INFO DRT-0033] via8 shape region query size = 0.
[INFO DRT-0033] metal9 shape region query size = 0.
[INFO DRT-0033] via9 shape region query size = 0.
[INFO DRT-0033] metal10 shape region query size = 0.
[INFO DRT-0165] Start pin access.
[INFO DRT-0078]   Complete 245 pins.
[INFO DRT-0081]   Complete 48 unique inst patterns.
[INFO DRT-0084]   Complete 1308 groups.
#scanned instances     = 2819
#unique  instances     = 48
#stdCellGenAp          = 1047
#stdCellValidPlanarAp  = 0
#stdCellValidViaAp     = 838
#stdCellPinNoAp        = 0
#stdCellPinCnt         = 8165
#instTermValidViaApCnt = 0
#macroGenAp            = 0
#macroValidPlanarAp    = 0
#macroValidViaAp       = 0
#macroNoAp             = 0
[INFO DRT-0166] Complete pin access.
[INFO DRT-0267] cpu time = 00:00:33, elapsed time = 00:00:08, memory = 266.62 (MB), peak = 266.32 (MB)

[INFO DRT-0157] Number of guides:     17446

[INFO DRT-0169] Post process guides.
[INFO DRT-0176] GCELLGRID X 0 DO 36 STEP 5700 ;
[INFO DRT-0177] GCELLGRID Y 0 DO 36 STEP 5700 ;
[INFO DRT-0028]   Complete active.
[INFO DRT-0028]   Complete Fr_VIA.
[INFO DRT-0028]   Complete metal1.
[INFO DRT-0028]   Complete via1.
[INFO DRT-0028]   Complete metal2.
[INFO DRT-0028]   Complete via2.
[INFO DRT-0028]   Complete metal3.
[INFO DRT-0028]   Complete via3.
[INFO DRT-0028]   Complete metal4.
[INFO DRT-0028]   Complete via4.
[INFO DRT-0028]   Complete metal5.
[INFO DRT-0028]   Complete via5.
[INFO DRT-0028]   Complete metal6.
[INFO DRT-0028]   Complete via6.
[INFO DRT-0028]   Complete metal7.
[INFO DRT-0028]   Complete via7.
[INFO DRT-0028]   Complete metal8.
[INFO DRT-0028]   Complete via8.
[INFO DRT-0028]   Complete metal9.
[INFO DRT-0028]   Complete via9.
[INFO DRT-0028]   Complete metal10.
[INFO DRT-0178] Init guide query.
[INFO DRT-0035]   Complete active (guide).
[INFO DRT-0035]   Complete Fr_VIA (guide).
[INFO DRT-0035]   Complete metal1 (guide).
[INFO DRT-0035]   Complete via1 (guide).
[INFO DRT-0035]   Complete metal2 (guide).
[INFO DRT-0035]   Complete via2 (guide).
[INFO DRT-0035]   Complete metal3 (guide).
[INFO DRT-0035]   Complete via3 (guide).
[INFO DRT-0035]   Complete metal4 (guide).
[INFO DRT-0035]   Complete via4 (guide).
[INFO DRT-0035]   Complete metal5 (guide).
[INFO DRT-0035]   Complete via5 (guide).
[INFO DRT-0035]   Complete metal6 (guide).
[INFO DRT-0035]   Complete via6 (guide).
[INFO DRT-0035]   Complete metal7 (guide).
[INFO DRT-0035]   Complete via7 (guide).
[INFO DRT-0035]   Complete metal8 (guide).
[INFO DRT-0035]   Complete via8 (guide).
[INFO DRT-0035]   Complete metal9 (guide).
[INFO DRT-0035]   Complete via9 (guide).
[INFO DRT-0035]   Complete metal10 (guide).
[INFO DRT-0036] active guide region query size = 0.
[INFO DRT-0036] FR_VIA guide region query size = 0.
[INFO DRT-0036] metal1 guide region query size = 6174.
[INFO DRT-0036] via1 guide region query size = 0.
[INFO DRT-0036] metal2 guide region query size = 4755.
[INFO DRT-0036] via2 guide region query size = 0.
[INFO DRT-0036] metal3 guide region query size = 2554.
[INFO DRT-0036] via3 guide region query size = 0.
[INFO DRT-0036] metal4 guide region query size = 440.
[INFO DRT-0036] via4 guide region query size = 0.
[INFO DRT-0036] metal5 guide region query size = 196.
[INFO DRT-0036] via5 guide region query size = 0.
[INFO DRT-0036] metal6 guide region query size = 71.
[INFO DRT-0036] via6 guide region query size = 0.
[INFO DRT-0036] metal7 guide region query size = 0.
[INFO DRT-0036] via7 guide region query size = 0.
[INFO DRT-0036] metal8 guide region query size = 0.
[INFO DRT-0036] via8 guide region query size = 0.
[INFO DRT-0036] metal9 guide region query size = 0.
[INFO DRT-0036] via9 guide region query size = 0.
[INFO DRT-0036] metal10 guide region query size = 0.
[INFO DRT-0179] Init gr pin query.
[INFO DRT-0267] cpu time = 00:00:00, elapsed time = 00:00:00, memory = 273.30 (MB), peak = 272.82 (MB)
[INFO DRT-0245] skipped writing guide updates to database.
[INFO DRT-0181] Start track assignment.
[INFO DRT-0184] Done with 5266 vertical wires in 1 frboxes and 8924 horizontal wires in 1 frboxes.
[INFO DRT-0186] Done with 1308 vertical wires in 1 frboxes and 1640 horizontal wires in 1 frboxes.
[INFO DRT-0182] Complete track assignment.
[INFO DRT-0267] cpu time = 00:00:01, elapsed time = 00:00:01, memory = 312.70 (MB), peak = 312.48 (MB)
[INFO DRT-0187] Start routing data preparation.
[INFO DRT-0267] cpu time = 00:00:00, elapsed time = 00:00:00, memory = 313.34 (MB), peak = 313.10 (MB)
[INFO DRT-0194] Start detail routing.
[INFO DRT-0195] Start 0th optimization iteration.
    Completing 10% with 0 violations.
    elapsed time = 00:00:01, memory = 371.84 (MB).
    Completing 20% with 0 violations.
    elapsed time = 00:00:02, memory = 362.52 (MB).
    Completing 30% with 67 violations.
    elapsed time = 00:00:04, memory = 393.39 (MB).
    Completing 40% with 67 violations.
    elapsed time = 00:00:06, memory = 407.98 (MB).
    Completing 50% with 67 violations.
    elapsed time = 00:00:06, memory = 359.82 (MB).
    Completing 60% with 140 violations.
    elapsed time = 00:00:07, memory = 421.07 (MB).
    Completing 70% with 140 violations.
    elapsed time = 00:00:09, memory = 426.74 (MB).
    Completing 80% with 203 violations.
    elapsed time = 00:00:11, memory = 473.51 (MB).
    Completing 90% with 203 violations.
    elapsed time = 00:00:12, memory = 473.51 (MB).
    Completing 100% with 236 violations.
    elapsed time = 00:00:13, memory = 424.86 (MB).
[INFO DRT-0199]   Number of violations = 346.
Viol/Layer      metal1 metal2 metal3 metal4 metal5 metal6
Metal Spacing        0     21      0      0      0      0
Recheck              1     74     27      4      3      1
Short                0    193     20      1      1      0
[INFO DRT-0267] cpu time = 00:00:47, elapsed time = 00:00:14, memory = 942.12 (MB), peak = 941.73 (MB)
Total wire length = 28919 um.
Total wire length on LAYER metal1 = 0 um.
Total wire length on LAYER metal2 = 10917 um.
Total wire length on LAYER metal3 = 11284 um.
Total wire length on LAYER metal4 = 4249 um.
Total wire length on LAYER metal5 = 1620 um.
Total wire length on LAYER metal6 = 847 um.
Total wire length on LAYER metal7 = 0 um.
Total wire length on LAYER metal8 = 0 um.
Total wire length on LAYER metal9 = 0 um.
Total wire length on LAYER metal10 = 0 um.
Total number of vias = 15874.
Up-via summary (total 15874):

----------------
 active        0
 metal1     8218
 metal2     6712
 metal3      598
 metal4      258
 metal5       88
 metal6        0
 metal7        0
 metal8        0
 metal9        0
----------------
       15874


[INFO DRT-0195] Start 1st optimization iteration.
    Completing 10% with 346 violations.
    elapsed time = 00:00:00, memory = 945.00 (MB).
    Completing 20% with 346 violations.
    elapsed time = 00:00:03, memory = 951.76 (MB).
    Completing 30% with 244 violations.
    elapsed time = 00:00:04, memory = 969.61 (MB).
    Completing 40% with 244 violations.
    elapsed time = 00:00:06, memory = 971.11 (MB).
    Completing 50% with 244 violations.
    elapsed time = 00:00:07, memory = 973.27 (MB).
    Completing 60% with 189 violations.
    elapsed time = 00:00:09, memory = 973.27 (MB).
    Completing 70% with 189 violations.
    elapsed time = 00:00:11, memory = 973.27 (MB).
    Completing 80% with 146 violations.
    elapsed time = 00:00:13, memory = 999.54 (MB).
    Completing 90% with 146 violations.
    elapsed time = 00:00:13, memory = 999.54 (MB).
    Completing 100% with 108 violations.
    elapsed time = 00:00:16, memory = 999.54 (MB).
[INFO DRT-0199]   Number of violations = 108.
Viol/Layer      metal2   via2 metal3
Cut Spacing          0      1      0
Metal Spacing       24      0      0
Short               81      0      2
[INFO DRT-0267] cpu time = 00:00:45, elapsed time = 00:00:16, memory = 999.92 (MB), peak = 999.48 (MB)
Total wire length = 28756 um.
Total wire length on LAYER metal1 = 0 um.
Total wire length on LAYER metal2 = 10819 um.
Total wire length on LAYER metal3 = 11247 um.
Total wire length on LAYER metal4 = 4239 um.
Total wire length on LAYER metal5 = 1604 um.
Total wire length on LAYER metal6 = 845 um.
Total wire length on LAYER metal7 = 0 um.
Total wire length on LAYER metal8 = 0 um.
Total wire length on LAYER metal9 = 0 um.
Total wire length on LAYER metal10 = 0 um.
Total number of vias = 15807.
Up-via summary (total 15807):

----------------
 active        0
 metal1     8214
 metal2     6649
 metal3      603
 metal4      253
 metal5       88
 metal6        0
 metal7        0
 metal8        0
 metal9        0
----------------
       15807


[INFO DRT-0195] Start 2nd optimization iteration.
    Completing 10% with 108 violations.
    elapsed time = 00:00:00, memory = 999.92 (MB).
    Completing 20% with 108 violations.
    elapsed time = 00:00:03, memory = 1028.82 (MB).
    Completing 30% with 122 violations.
    elapsed time = 00:00:03, memory = 999.92 (MB).
    Completing 40% with 122 violations.
    elapsed time = 00:00:05, memory = 1000.52 (MB).
    Completing 50% with 122 violations.
    elapsed time = 00:00:06, memory = 1000.52 (MB).
    Completing 60% with 119 violations.
    elapsed time = 00:00:06, memory = 1000.52 (MB).
    Completing 70% with 119 violations.
    elapsed time = 00:00:09, memory = 1000.52 (MB).
    Completing 80% with 127 violations.
    elapsed time = 00:00:10, memory = 1000.52 (MB).
    Completing 90% with 127 violations.
    elapsed time = 00:00:10, memory = 1000.52 (MB).
    Completing 100% with 128 violations.
    elapsed time = 00:00:13, memory = 1000.52 (MB).
[INFO DRT-0199]   Number of violations = 128.
Viol/Layer      metal2   via2 metal3   via4
Cut Spacing          0      1      0      1
Metal Spacing       25      0      0      0
Short              100      0      1      0
[INFO DRT-0267] cpu time = 00:00:35, elapsed time = 00:00:13, memory = 1003.52 (MB), peak = 1028.36 (MB)
Total wire length = 28697 um.
Total wire length on LAYER metal1 = 0 um.
Total wire length on LAYER metal2 = 10790 um.
Total wire length on LAYER metal3 = 11247 um.
Total wire length on LAYER metal4 = 4226 um.
Total wire length on LAYER metal5 = 1586 um.
Total wire length on LAYER metal6 = 846 um.
Total wire length on LAYER metal7 = 0 um.
Total wire length on LAYER metal8 = 0 um.
Total wire length on LAYER metal9 = 0 um.
Total wire length on LAYER metal10 = 0 um.
Total number of vias = 15752.
Up-via summary (total 15752):

----------------
 active        0
 metal1     8215
 metal2     6593
 metal3      605
 metal4      252
 metal5       87
 metal6        0
 metal7        0
 metal8        0
 metal9        0
----------------
       15752


[INFO DRT-0195] Start 3rd optimization iteration.
    Completing 10% with 128 violations.
    elapsed time = 00:00:00, memory = 1003.52 (MB).
    Completing 20% with 128 violations.
    elapsed time = 00:00:01, memory = 1003.58 (MB).
    Completing 30% with 106 violations.
    elapsed time = 00:00:01, memory = 1003.58 (MB).
    Completing 40% with 106 violations.
    elapsed time = 00:00:02, memory = 1003.58 (MB).
    Completing 50% with 106 violations.
    elapsed time = 00:00:02, memory = 1003.58 (MB).
    Completing 60% with 89 violations.
    elapsed time = 00:00:03, memory = 1006.41 (MB).
    Completing 70% with 89 violations.
    elapsed time = 00:00:04, memory = 1006.41 (MB).
    Completing 80% with 17 violations.
    elapsed time = 00:00:05, memory = 1006.41 (MB).
    Completing 90% with 17 violations.
    elapsed time = 00:00:05, memory = 1006.41 (MB).
    Completing 100% with 4 violations.
    elapsed time = 00:00:08, memory = 1013.18 (MB).
[INFO DRT-0199]   Number of violations = 4.
Viol/Layer      metal2   via2
Cut Spacing          0      1
Metal Spacing        2      0
Short                1      0
[INFO DRT-0267] cpu time = 00:00:19, elapsed time = 00:00:08, memory = 1013.18 (MB), peak = 1028.36 (MB)
Total wire length = 28695 um.
Total wire length on LAYER metal1 = 0 um.
Total wire length on LAYER metal2 = 10581 um.
Total wire length on LAYER metal3 = 11282 um.
Total wire length on LAYER metal4 = 4403 um.
Total wire length on LAYER metal5 = 1582 um.
Total wire length on LAYER metal6 = 846 um.
Total wire length on LAYER metal7 = 0 um.
Total wire length on LAYER metal8 = 0 um.
Total wire length on LAYER metal9 = 0 um.
Total wire length on LAYER metal10 = 0 um.
Total number of vias = 15830.
Up-via summary (total 15830):

----------------
 active        0
 metal1     8215
 metal2     6636
 metal3      640
 metal4      252
 metal5       87
 metal6        0
 metal7        0
 metal8        0
 metal9        0
----------------
       15830


[INFO DRT-0195] Start 4th guides tiles iteration.
    Completing 20% with 4 violations.
    elapsed time = 00:00:00, memory = 1013.18 (MB).
    Completing 50% with 4 violations.
    elapsed time = 00:00:00, memory = 1013.18 (MB).
    Completing 70% with 1 violations.
    elapsed time = 00:00:00, memory = 1013.18 (MB).
    Completing 100% with 1 violations.
    elapsed time = 00:00:00, memory = 1013.18 (MB).
[INFO DRT-0199]   Number of violations = 1.
Viol/Layer      metal2
Metal Spacing        1
[INFO DRT-0267] cpu time = 00:00:00, elapsed time = 00:00:00, memory = 1013.18 (MB), peak = 1028.36 (MB)
Total wire length = 28695 um.
Total wire length on LAYER metal1 = 0 um.
Total wire length on LAYER metal2 = 10579 um.
Total wire length on LAYER metal3 = 11282 um.
Total wire length on LAYER metal4 = 4404 um.
Total wire length on LAYER metal5 = 1582 um.
Total wire length on LAYER metal6 = 846 um.
Total wire length on LAYER metal7 = 0 um.
Total wire length on LAYER metal8 = 0 um.
Total wire length on LAYER metal9 = 0 um.
Total wire length on LAYER metal10 = 0 um.
Total number of vias = 15830.
Up-via summary (total 15830):

----------------
 active        0
 metal1     8215
 metal2     6636
 metal3      640
 metal4      252
 metal5       87
 metal6        0
 metal7        0
 metal8        0
 metal9        0
----------------
       15830


[INFO DRT-0195] Start 5th guides tiles iteration.
    Completing 50% with 1 violations.
    elapsed time = 00:00:00, memory = 1013.18 (MB).
    Completing 100% with 1 violations.
    elapsed time = 00:00:00, memory = 1013.18 (MB).
[INFO DRT-0199]   Number of violations = 1.
Viol/Layer      metal2
Metal Spacing        1
[INFO DRT-0267] cpu time = 00:00:00, elapsed time = 00:00:00, memory = 1013.31 (MB), peak = 1028.36 (MB)
Total wire length = 28695 um.
Total wire length on LAYER metal1 = 0 um.
Total wire length on LAYER metal2 = 10579 um.
Total wire length on LAYER metal3 = 11282 um.
Total wire length on LAYER metal4 = 4404 um.
Total wire length on LAYER metal5 = 1582 um.
Total wire length on LAYER metal6 = 846 um.
Total wire length on LAYER metal7 = 0 um.
Total wire length on LAYER metal8 = 0 um.
Total wire length on LAYER metal9 = 0 um.
Total wire length on LAYER metal10 = 0 um.
Total number of vias = 15830.
Up-via summary (total 15830):

----------------
 active        0
 metal1     8215
 metal2     6636
 metal3      640
 metal4      252
 metal5       87
 metal6        0
 metal7        0
 metal8        0
 metal9        0
----------------
       15830


[INFO DRT-0195] Start 6th stubborn tiles iteration.
    Completing 10% with 1 violations.
    elapsed time = 00:00:03, memory = 1013.31 (MB).
    Completing 20% with 1 violations.
    elapsed time = 00:00:03, memory = 1013.31 (MB).
    Completing 30% with 1 violations.
    elapsed time = 00:00:05, memory = 1039.63 (MB).
    Completing 40% with 1 violations.
    elapsed time = 00:00:06, memory = 1110.51 (MB).
    Completing 50% with 1 violations.
    elapsed time = 00:00:07, memory = 1138.31 (MB).
    Completing 60% with 1 violations.
    elapsed time = 00:00:09, memory = 1142.53 (MB).
    Completing 70% with 1 violations.
    elapsed time = 00:00:11, memory = 1166.47 (MB).
    Completing 80% with 1 violations.
    elapsed time = 00:00:14, memory = 1261.93 (MB).
    Completing 90% with 1 violations.
    elapsed time = 00:00:15, memory = 1232.38 (MB).
    Completing 100% with 0 violations.
    elapsed time = 00:00:16, memory = 1205.21 (MB).
[INFO DRT-0199]   Number of violations = 0.
[INFO DRT-0267] cpu time = 00:01:03, elapsed time = 00:00:17, memory = 1205.21 (MB), peak = 1291.09 (MB)
Total wire length = 28694 um.
Total wire length on LAYER metal1 = 0 um.
Total wire length on LAYER metal2 = 10578 um.
Total wire length on LAYER metal3 = 11282 um.
Total wire length on LAYER metal4 = 4404 um.
Total wire length on LAYER metal5 = 1582 um.
Total wire length on LAYER metal6 = 846 um.
Total wire length on LAYER metal7 = 0 um.
Total wire length on LAYER metal8 = 0 um.
Total wire length on LAYER metal9 = 0 um.
Total wire length on LAYER metal10 = 0 um.
Total number of vias = 15830.
Up-via summary (total 15830):

----------------
 active        0
 metal1     8215
 metal2     6636
 metal3      640
 metal4      252
 metal5       87
 metal6        0
 metal7        0
 metal8        0
 metal9        0
----------------
       15830


[INFO DRT-0198] Complete detail routing.
Total wire length = 28694 um.
Total wire length on LAYER metal1 = 0 um.
Total wire length on LAYER metal2 = 10578 um.
Total wire length on LAYER metal3 = 11282 um.
Total wire length on LAYER metal4 = 4404 um.
Total wire length on LAYER metal5 = 1582 um.
Total wire length on LAYER metal6 = 846 um.
Total wire length on LAYER metal7 = 0 um.
Total wire length on LAYER metal8 = 0 um.
Total wire length on LAYER metal9 = 0 um.
Total wire length on LAYER metal10 = 0 um.
Total number of vias = 15830.
Up-via summary (total 15830):

----------------
 active        0
 metal1     8215
 metal2     6636
 metal3      640
 metal4      252
 metal5       87
 metal6        0
 metal7        0
 metal8        0
 metal9        0
----------------
       15830


[INFO DRT-0267] cpu time = 00:03:31, elapsed time = 00:01:11, memory = 1205.21 (MB), peak = 1291.09 (MB)

[INFO DRT-0180] Post processing.
Took 81 seconds: detailed_route -output_drc /mnt/c/Users/Abhinav/OneDrive/Desktop/PACT/PACT/results/phase2d_independent_gp/raw/orfs/reports/nangate45/s9234f/phase2c_s29_20aa85fdd595/5_route_drc.rpt -output_maze /mnt/c/Users/Abhinav/OneDrive/Desktop/PACT/PACT/results/phase2d_independent_gp/raw/orfs/results/nangate45/s9234f/phase2c_s29_20aa85fdd595/maze.log -droute_end_iter 64 -verbose 1 -drc_report_iter_step 5
[WARNING GRT-0246] No diode with LEF class CORE ANTENNACELL found.
[INFO ANT-0002] Found 0 net violations.
[INFO ANT-0001] Found 0 pin violations.
[INFO ANT-0002] Found 0 net violations.
[INFO ANT-0001] Found 0 pin violations.
Design area 3655 um^2 36% utilization.
write_db /mnt/c/Users/Abhinav/OneDrive/Desktop/PACT/PACT/results/phase2d_independent_gp/raw/orfs/results/nangate45/s9234f/phase2c_s29_20aa85fdd595/5_2_route.odb
Elapsed time: 1:25.79[h:]min:sec. CPU time: user 249.08 sys 2.73 (293%). Peak memory: 1322080KB.
Log                       Ext     Elapsed/s Peak Memory/MB sha1sum result [0:20)
5_2_route                 .odb           85           1291 072a86340e9ab350879a
