OpenROAD 26Q2-1164-g08f67ee5ec 
Features included (+) or not (-): +GPU +GUI +Python
This program is licensed under the BSD-3 license. See the LICENSE file for details.
Components of this program may be licensed under more restrictive licenses which must be honored.
[INFO ORD-0030] Using 4 thread(s).
mkdir -p ./objects/nangate45/s5378/phase0c_s11_k4_B0_b9f3a668_4c45ea7c
/root/pact-deps/OpenROAD-flow-scripts/flow/scripts/flow.sh 4_1_cts cts
Running cts.tcl, stage 4_1_cts
read_liberty /root/pact-deps/OpenROAD-flow-scripts/flow/platforms/nangate45/lib/NangateOpenCellLibrary_typical.lib
read_db ./results/nangate45/s5378/phase0c_s11_k4_B0_b9f3a668_4c45ea7c/3_place.odb
read_sdc ./results/nangate45/s5378/phase0c_s11_k4_B0_b9f3a668_4c45ea7c/3_place.sdc
source /root/pact-deps/OpenROAD-flow-scripts/flow/platforms/nangate45/setRC.tcl
clock_tree_synthesis -sink_clustering_enable -repair_clock_nets
[INFO CTS-0050] Root buffer is CLKBUF_X3.
[INFO CTS-0051] Sink buffer is CLKBUF_X3.
[INFO CTS-0052] The following clock buffers will be used for CTS:
                    CLKBUF_X3
[INFO CTS-0049] Characterization buffer is CLKBUF_X3.
[INFO CTS-0007] Net "CK" found for clock "clk".
[INFO CTS-0010]  Clock net "CK" has 179 sinks.
[INFO CTS-0008] TritonCTS found 1 clock nets.
[INFO CTS-0097] Characterization used 1 buffer(s) types.
[INFO CTS-0201] 0 blockages from hard placement blockages and placed macros will be used.
[INFO CTS-0027] Generating H-Tree topology for net CK.
[INFO CTS-0028]  Total number of sinks: 179.
[INFO CTS-0090]  Sinks will be clustered based on buffer max cap.
[INFO CTS-0030]  Number of static layers: 0.
[INFO CTS-0020]  Wire segment unit: 14000  dbu (7 um).
[INFO CTS-0023]  Original sink region: [(6905, 15000), (161945, 158600)].
[INFO CTS-0024]  Normalized sink region: [(0.493214, 1.07143), (11.5675, 11.3286)].
[INFO CTS-0025]     Width:  11.0743.
[INFO CTS-0026]     Height: 10.2571.
 Level 1
    Direction: Horizontal
    Sinks per sub-region: 90
    Sub-region size: 5.5371 X 10.2571
[INFO CTS-0034]     Segment length (rounded): 2.
 Level 2
    Direction: Vertical
    Sinks per sub-region: 45
    Sub-region size: 5.5371 X 5.1286
[INFO CTS-0034]     Segment length (rounded): 2.
 Level 3
    Direction: Horizontal
    Sinks per sub-region: 23
    Sub-region size: 2.7686 X 5.1286
[INFO CTS-0034]     Segment length (rounded): 1.
 Level 4
    Direction: Vertical
    Sinks per sub-region: 12
    Sub-region size: 2.7686 X 2.5643
[INFO CTS-0034]     Segment length (rounded): 1.
[INFO CTS-0032]  Stop criterion found. Max number of sinks is 15.
[INFO CTS-0035]  Number of sinks covered: 179.
[INFO CTS-0018]     Created 17 clock buffers.
[INFO CTS-0012]     Minimum number of buffers in the clock path: 2.
[INFO CTS-0013]     Maximum number of buffers in the clock path: 2.
[INFO CTS-0015]     Created 17 clock nets.
[INFO CTS-0016]     Fanout distribution for the current clock = 7:3, 8:1, 9:2, 10:2, 11:2, 12:1, 13:2, 15:1, 16:1, 21:1..
[INFO CTS-0017]     Max level of the clock tree: 4.
[INFO CTS-0098] Clock net "CK"
[INFO CTS-0099]  Sinks 194
[INFO CTS-0100]  Leaf buffers 0
[INFO CTS-0101]  Average sink wire length 117.95 um
[INFO CTS-0102]  Path depth 2 - 2
[INFO CTS-0207]  Dummy loads inserted 15
estimate_parasitics -placement
detailed_placement
[INFO DPL-0006] Core area: 6921.05 um^2, Instances area: 2566.37 um^2, Utilization: 37.1%
[INFO DPL-0005] Diamond search max displacement: +/- 500 sites horizontally, +/- 100 rows vertically.
[INFO DPL-1101] Legalizing using diamond search.
Movements Summary
---------------------------------------
Total cells:                    1927
Diamond Move Success:           1927 (100.00%)
Diamond Move Failure:              0
Rip-up and replace Success:        0 (  0.00% of diamond failures)
Rip-up and replace Failure:        0
Total Placement Failures:          0
---------------------------------------
Placement Analysis
---------------------------------
total displacement         59.5 u
average displacement        0.0 u
max displacement            3.3 u
original HPWL           23728.2 u
legalized HPWL          23740.3 u
delta HPWL                    0 %

estimate_parasitics -placement
repair_timing -setup_margin 0 -hold_margin 0 -repair_tns 100 -verbose
[INFO RSZ-0100] Repair move sequence: UnbufferMove SizeUpMove SwapPinsMove BufferMove CloneMove SplitLoadMove 
[INFO RSZ-0098] No setup violations found
[INFO RSZ-0046] Found 91 endpoints with hold violations.
Iteration | Resized | Buffers | Cloned Gates |   Area   |   WNS   |   TNS   | Endpoint
--------------------------------------------------------------------------------------
        0 |       0 |       0 |            0 |    +0.0% |  -0.087 |  -2.389 | U_n673gat/SI
       10 |       0 |      16 |            0 |    +0.5% |  -0.067 |  -1.655 | U_n341gat/D
       20 |       0 |      26 |            0 |    +0.8% |  -0.059 |  -0.959 | U_n491gat/D
       30 |       0 |      33 |            0 |    +1.0% |  -0.032 |  -0.642 | U_n673gat/SI
       40 |       0 |      41 |            0 |    +1.3% |  -0.032 |  -0.303 | U_n673gat/SI
       50 |       0 |      42 |            0 |    +1.3% |  -0.032 |  -0.032 | U_n673gat/SI
       60 |       0 |      42 |            0 |    +1.3% |  -0.032 |  -0.032 | U_n673gat/SI
       70 |       0 |      42 |            0 |    +1.3% |  -0.032 |  -0.032 | U_n673gat/SI
       80 |       0 |      42 |            0 |    +1.3% |  -0.032 |  -0.032 | U_n673gat/SI
       90 |       0 |      42 |            0 |    +1.3% |  -0.032 |  -0.032 | U_n673gat/SI
    final |       0 |      44 |            0 |    +1.4% |   0.004 |   0.000 | U_n2588gat/D
--------------------------------------------------------------------------------------
[INFO RSZ-0032] Inserted 44 hold buffers.
detailed_placement
[INFO DPL-0006] Core area: 6921.05 um^2, Instances area: 2601.48 um^2, Utilization: 37.6%
[INFO DPL-0005] Diamond search max displacement: +/- 500 sites horizontally, +/- 100 rows vertically.
[INFO DPL-1101] Legalizing using diamond search.
Movements Summary
---------------------------------------
Total cells:                    1971
Diamond Move Success:           1971 (100.00%)
Diamond Move Failure:              0
Rip-up and replace Success:        0 (  0.00% of diamond failures)
Rip-up and replace Failure:        0
Total Placement Failures:          0
---------------------------------------
Placement Analysis
---------------------------------
total displacement         50.8 u
average displacement        0.0 u
max displacement            2.4 u
original HPWL           23999.9 u
legalized HPWL          24027.0 u
delta HPWL                    0 %

estimate_parasitics -placement
Report metrics stage 4, cts final...

==========================================================================
cts final report_design_area
--------------------------------------------------------------------------
Design area 2601 um^2 38% utilization.
write_db ./results/nangate45/s5378/phase0c_s11_k4_B0_b9f3a668_4c45ea7c/4_1_cts.odb
write_sdc -no_timestamp ./results/nangate45/s5378/phase0c_s11_k4_B0_b9f3a668_4c45ea7c/4_cts.sdc
Log                       Ext     Elapsed/s Peak Memory/MB sha1sum result [0:20)
4_1_cts                   .odb            3            148 cab6e9ccbd94c78c58e3
cp ./results/nangate45/s5378/phase0c_s11_k4_B0_b9f3a668_4c45ea7c/4_1_cts.odb ./results/nangate45/s5378/phase0c_s11_k4_B0_b9f3a668_4c45ea7c/4_cts.odb
/root/pact-deps/OpenROAD-flow-scripts/flow/scripts/flow.sh 5_1_grt global_route
Running global_route.tcl, stage 5_1_grt
read_liberty /root/pact-deps/OpenROAD-flow-scripts/flow/platforms/nangate45/lib/NangateOpenCellLibrary_typical.lib
read_db ./results/nangate45/s5378/phase0c_s11_k4_B0_b9f3a668_4c45ea7c/4_cts.odb
read_sdc ./results/nangate45/s5378/phase0c_s11_k4_B0_b9f3a668_4c45ea7c/4_cts.sdc
source /root/pact-deps/OpenROAD-flow-scripts/flow/platforms/nangate45/setRC.tcl
pin_access
[INFO DRT-0149] Reading tech and libs.

Units:                2000
Number of layers:     21
Number of macros:     135
Number of vias:       33
Number of viarulegen: 19

[INFO DRT-0150] Reading design.

Design:                   s5378
Die area:                 ( 0 0 ) ( 171970 171970 )
Number of track patterns: 20
Number of DEF vias:       0
Number of components:     2089
Number of terminals:      96
Number of snets:          2
Number of nets:           1997

[WARNING DRT-0422] No routing tracks pass through the center of Term test_so.
[WARNING DRT-0422] No routing tracks pass through the center of Term test_si_1.
[WARNING DRT-0422] No routing tracks pass through the center of Term test_so_1.
[WARNING DRT-0422] No routing tracks pass through the center of Term test_si_2.
[WARNING DRT-0422] No routing tracks pass through the center of Term test_so_2.
[WARNING DRT-0421] Term test_si_3 has no pins on routing grid
[WARNING DRT-0422] No routing tracks pass through the center of Term test_so_3.
[INFO DRT-0167] List of default vias:
  Layer via2
    default via: via2_5
  Layer via3
    default via: via3_2
  Layer via4
    default via: via4_0
  Layer via5
    default via: via5_0
  Layer via6
    default via: via6_0
  Layer via7
    default via: via7_0
  Layer via8
    default via: via8_0
  Layer via9
    default via: via9_0
[INFO DRT-0162] Library cell analysis.
[INFO DRT-0163] Instance analysis.
[INFO DRT-0164] Number of unique instances = 32.
[INFO DRT-0168] Init region query.
[INFO DRT-0024]   Complete active.
[INFO DRT-0024]   Complete Fr_VIA.
[INFO DRT-0024]   Complete metal1.
[INFO DRT-0024]   Complete via1.
[INFO DRT-0024]   Complete metal2.
[INFO DRT-0024]   Complete via2.
[INFO DRT-0024]   Complete metal3.
[INFO DRT-0024]   Complete via3.
[INFO DRT-0024]   Complete metal4.
[INFO DRT-0024]   Complete via4.
[INFO DRT-0024]   Complete metal5.
[INFO DRT-0024]   Complete via5.
[INFO DRT-0024]   Complete metal6.
[INFO DRT-0024]   Complete via6.
[INFO DRT-0024]   Complete metal7.
[INFO DRT-0024]   Complete via7.
[INFO DRT-0024]   Complete metal8.
[INFO DRT-0024]   Complete via8.
[INFO DRT-0024]   Complete metal9.
[INFO DRT-0024]   Complete via9.
[INFO DRT-0024]   Complete metal10.
[INFO DRT-0033] active shape region query size = 0.
[INFO DRT-0033] FR_VIA shape region query size = 0.
[INFO DRT-0033] metal1 shape region query size = 29401.
[INFO DRT-0033] via1 shape region query size = 270.
[INFO DRT-0033] metal2 shape region query size = 180.
[INFO DRT-0033] via2 shape region query size = 270.
[INFO DRT-0033] metal3 shape region query size = 180.
[INFO DRT-0033] via3 shape region query size = 270.
[INFO DRT-0033] metal4 shape region query size = 102.
[INFO DRT-0033] via4 shape region query size = 90.
[INFO DRT-0033] metal5 shape region query size = 69.
[INFO DRT-0033] via5 shape region query size = 90.
[INFO DRT-0033] metal6 shape region query size = 61.
[INFO DRT-0033] via6 shape region query size = 36.
[INFO DRT-0033] metal7 shape region query size = 21.
[INFO DRT-0033] via7 shape region query size = 0.
[INFO DRT-0033] metal8 shape region query size = 0.
[INFO DRT-0033] via8 shape region query size = 0.
[INFO DRT-0033] metal9 shape region query size = 0.
[INFO DRT-0033] via9 shape region query size = 0.
[INFO DRT-0033] metal10 shape region query size = 0.
[INFO DRT-0165] Start pin access.
[INFO DRT-0078]   Complete 152 pins.
[INFO DRT-0081]   Complete 32 unique inst patterns.
[INFO DRT-0084]   Complete 1185 groups.
#scanned instances     = 2089
#unique  instances     = 32
#stdCellGenAp          = 621
#stdCellValidPlanarAp  = 0
#stdCellValidViaAp     = 496
#stdCellPinNoAp        = 0
#stdCellPinCnt         = 5897
#instTermValidViaApCnt = 0
#macroGenAp            = 0
#macroValidPlanarAp    = 0
#macroValidViaAp       = 0
#macroNoAp             = 0
[INFO DRT-0166] Complete pin access.
[INFO DRT-0267] cpu time = 00:00:13, elapsed time = 00:00:03, memory = 116.14 (MB), peak = 115.63 (MB)
set_global_routing_random -seed 11
global_route -congestion_report_file ./reports/nangate45/s5378/phase0c_s11_k4_B0_b9f3a668_4c45ea7c/congestion.rpt -congestion_iterations 30 -congestion_report_iter_step 5 -verbose
[INFO GRT-0020] Min routing layer: metal2
[INFO GRT-0021] Max routing layer: metal10
[INFO GRT-0022] Global adjustment: 0%
[INFO GRT-0023] Grid origin: (0, 0)
[INFO GRT-0088] Layer metal1  Track-Pitch = 0.1400  line-2-Via Pitch: 0.1350
[INFO GRT-0088] Layer metal2  Track-Pitch = 0.1900  line-2-Via Pitch: 0.1400
[INFO GRT-0088] Layer metal3  Track-Pitch = 0.1400  line-2-Via Pitch: 0.1400
[INFO GRT-0088] Layer metal4  Track-Pitch = 0.2800  line-2-Via Pitch: 0.2800
[INFO GRT-0088] Layer metal5  Track-Pitch = 0.2800  line-2-Via Pitch: 0.2800
[INFO GRT-0088] Layer metal6  Track-Pitch = 0.2800  line-2-Via Pitch: 0.2800
[INFO GRT-0088] Layer metal7  Track-Pitch = 0.8000  line-2-Via Pitch: 0.8000
[INFO GRT-0088] Layer metal8  Track-Pitch = 0.8000  line-2-Via Pitch: 0.8000
[INFO GRT-0088] Layer metal9  Track-Pitch = 1.6000  line-2-Via Pitch: 1.6000
[INFO GRT-0088] Layer metal10 Track-Pitch = 1.6000  line-2-Via Pitch: 1.6000
[INFO GRT-0003] Macros: 0
[INFO GRT-0004] Blockages: 0
[INFO GRT-0019] Found 18 clock nets.
[INFO GRT-0001] Minimum degree: 2
[INFO GRT-0002] Maximum degree: 59

[INFO GRT-0053] Routing resources analysis:
          Routing      Original      Derated      Resource
Layer     Direction    Resources     Resources    Reduction (%)
---------------------------------------------------------------
metal1     Horizontal          0             0          0.00%
metal2     Vertical        12818          6032          52.94%
metal3     Horizontal      17709          8695          50.90%
metal4     Vertical         8700          6148          29.33%
metal5     Horizontal       8855          6255          29.36%
metal6     Vertical         8880          6276          29.32%
metal7     Horizontal       2726          1972          27.66%
metal8     Vertical         3103          2233          28.04%
metal9     Horizontal       1537           870          43.40%
metal10    Vertical         1537           870          43.40%
---------------------------------------------------------------

[INFO GRT-0197] Via related to pin nodes: 11449
[INFO GRT-0198] Via related Steiner nodes: 242
[INFO GRT-0199] Via filling finished.
[INFO GRT-0111] Final number of vias: 14899
[INFO GRT-0112] Final usage 3D: 54033

[INFO GRT-0096] Final congestion report:
Layer         Resource        Demand        Usage (%)    Max H / Max V / Total Overflow
---------------------------------------------------------------------------------------
metal1               0             0            0.00%             0 /  0 /  0
metal2            6032          3446           57.13%             0 /  0 /  0
metal3            8695          3919           45.07%             0 /  0 /  0
metal4            6148          1224           19.91%             0 /  0 /  0
metal5            6255           517            8.27%             0 /  0 /  0
metal6            6276           227            3.62%             0 /  0 /  0
metal7            1972             3            0.15%             0 /  0 /  0
metal8            2233             0            0.00%             0 /  0 /  0
metal9             870             0            0.00%             0 /  0 /  0
metal10            870             0            0.00%             0 /  0 /  0
---------------------------------------------------------------------------------------
Total            39351          9336           23.72%             0 /  0 /  0

[INFO GRT-0018] Total wirelength: 41031 um
[INFO GRT-0014] Routed nets: 1997
[INFO GRT-0303] Global routing runtime = 00:00:00
estimate_parasitics -global_routing
Perform buffer insertion and gate resizing...
repair_design -verbose
Iteration |   Area    | Resized | Buffers | Nets repaired | Remaining
---------------------------------------------------------------------
        0 |     +0.0% |       0 |       0 |             0 |      2191
       10 |     +0.0% |       0 |       0 |             0 |      2181
       20 |     +0.0% |       0 |       0 |             0 |      2171
       30 |     +0.0% |       0 |       0 |             0 |      2161
       40 |     +0.0% |       0 |       0 |             0 |      2151
       50 |     +0.0% |       0 |       0 |             0 |      2141
       60 |     +0.0% |       0 |       0 |             0 |      2131
       70 |     +0.0% |       0 |       0 |             0 |      2121
       80 |     +0.0% |       0 |       0 |             0 |      2111
       90 |     +0.0% |       0 |       0 |             0 |      2101
      100 |     +0.0% |       0 |       0 |             0 |      2091
      110 |     +0.0% |       0 |       0 |             0 |      2081
      120 |     +0.0% |       0 |       0 |             0 |      2071
      130 |     +0.0% |       0 |       0 |             0 |      2061
      140 |     +0.0% |       0 |       0 |             0 |      2051
      150 |     +0.0% |       0 |       0 |             0 |      2041
      160 |     +0.0% |       0 |       0 |             0 |      2031
      170 |     +0.0% |       0 |       0 |             0 |      2021
      180 |     +0.0% |       0 |       0 |             0 |      2011
      190 |     +0.0% |       0 |       0 |             0 |      2001
      200 |     +0.0% |       0 |       0 |             0 |      1991
      210 |     +0.0% |       0 |       0 |             0 |      1981
      220 |     +0.0% |       0 |       0 |             0 |      1971
      230 |     +0.0% |       0 |       0 |             0 |      1961
      240 |     +0.0% |       0 |       0 |             0 |      1951
      250 |     +0.0% |       0 |       0 |             0 |      1941
      260 |     +0.0% |       0 |       0 |             0 |      1931
      270 |     +0.0% |       0 |       0 |             0 |      1921
      280 |     +0.0% |       0 |       0 |             0 |      1911
      290 |     +0.0% |       0 |       0 |             0 |      1901
      300 |     +0.0% |       0 |       0 |             0 |      1891
      310 |     +0.0% |       0 |       0 |             0 |      1881
      320 |     +0.0% |       0 |       0 |             0 |      1871
      330 |     +0.0% |       0 |       0 |             0 |      1861
      340 |     +0.0% |       0 |       0 |             0 |      1851
      350 |     +0.0% |       0 |       0 |             0 |      1841
      360 |     +0.0% |       0 |       0 |             0 |      1831
      370 |     +0.0% |       0 |       0 |             0 |      1821
      380 |     +0.0% |       0 |       0 |             0 |      1811
      390 |     +0.0% |       0 |       0 |             0 |      1801
      400 |     +0.0% |       0 |       0 |             0 |      1791
      410 |     +0.0% |       0 |       0 |             0 |      1781
      420 |     +0.0% |       0 |       0 |             0 |      1771
      430 |     +0.0% |       0 |       0 |             0 |      1761
      440 |     +0.0% |       0 |       0 |             0 |      1751
      450 |     +0.0% |       0 |       0 |             0 |      1741
      460 |     +0.0% |       0 |       0 |             0 |      1731
      470 |     +0.0% |       0 |       0 |             0 |      1721
      480 |     +0.0% |       0 |       0 |             0 |      1711
      490 |     +0.0% |       0 |       0 |             0 |      1701
      500 |     +0.0% |       0 |       0 |             0 |      1691
      510 |     +0.0% |       0 |       0 |             0 |      1681
      520 |     +0.0% |       0 |       0 |             0 |      1671
      530 |     +0.0% |       0 |       0 |             0 |      1661
      540 |     +0.0% |       0 |       0 |             0 |      1651
      550 |     +0.0% |       0 |       0 |             0 |      1641
      560 |     +0.0% |       0 |       0 |             0 |      1631
      570 |     +0.0% |       0 |       0 |             0 |      1621
      580 |     +0.0% |       0 |       0 |             0 |      1611
      590 |     +0.0% |       0 |       0 |             0 |      1601
      600 |     +0.0% |       0 |       0 |             0 |      1591
      610 |     +0.0% |       0 |       0 |             0 |      1581
      620 |     +0.0% |       0 |       0 |             0 |      1571
      630 |     +0.0% |       0 |       0 |             0 |      1561
      640 |     +0.0% |       0 |       0 |             0 |      1551
      650 |     +0.0% |       0 |       0 |             0 |      1541
      660 |     +0.0% |       0 |       0 |             0 |      1531
      670 |     +0.0% |       0 |       0 |             0 |      1521
      680 |     +0.0% |       0 |       0 |             0 |      1511
      690 |     +0.0% |       0 |       0 |             0 |      1501
      700 |     +0.0% |       0 |       0 |             0 |      1491
      710 |     +0.0% |       0 |       0 |             0 |      1481
      720 |     +0.0% |       0 |       0 |             0 |      1471
      730 |     +0.0% |       0 |       0 |             0 |      1461
      740 |     +0.0% |       0 |       0 |             0 |      1451
      750 |     +0.0% |       0 |       0 |             0 |      1441
      760 |     +0.0% |       0 |       0 |             0 |      1431
      770 |     +0.0% |       0 |       0 |             0 |      1421
      780 |     +0.0% |       0 |       0 |             0 |      1411
      790 |     +0.0% |       0 |       0 |             0 |      1401
      800 |     +0.0% |       0 |       0 |             0 |      1391
      810 |     +0.0% |       0 |       0 |             0 |      1381
      820 |     +0.0% |       0 |       0 |             0 |      1371
      830 |     +0.0% |       0 |       0 |             0 |      1361
      840 |     +0.0% |       0 |       0 |             0 |      1351
      850 |     +0.0% |       0 |       0 |             0 |      1341
      860 |     +0.0% |       0 |       0 |             0 |      1331
      870 |     +0.0% |       0 |       0 |             0 |      1321
      880 |     +0.0% |       0 |       0 |             0 |      1311
      890 |     +0.0% |       0 |       0 |             0 |      1301
      900 |     +0.0% |       0 |       0 |             0 |      1291
      910 |     +0.0% |       0 |       0 |             0 |      1281
      920 |     +0.0% |       0 |       0 |             0 |      1271
      930 |     +0.0% |       0 |       0 |             0 |      1261
      940 |     +0.0% |       0 |       0 |             0 |      1251
      950 |     +0.0% |       0 |       0 |             0 |      1241
      960 |     +0.0% |       0 |       0 |             0 |      1231
      970 |     +0.0% |       0 |       0 |             0 |      1221
      980 |     +0.0% |       0 |       0 |             0 |      1211
      990 |     +0.0% |       0 |       0 |             0 |      1201
     1000 |     +0.0% |       0 |       0 |             0 |      1191
     1010 |     +0.0% |       0 |       0 |             0 |      1181
     1020 |     +0.0% |       0 |       0 |             0 |      1171
     1030 |     +0.0% |       0 |       0 |             0 |      1161
     1040 |     +0.0% |       0 |       0 |             0 |      1151
     1050 |     +0.0% |       0 |       0 |             0 |      1141
     1060 |     +0.0% |       0 |       0 |             0 |      1131
     1070 |     +0.0% |       0 |       0 |             0 |      1121
     1080 |     +0.0% |       0 |       0 |             0 |      1111
     1090 |     +0.0% |       0 |       0 |             0 |      1101
     1100 |     +0.0% |       0 |       0 |             0 |      1091
     1110 |     +0.0% |       0 |       0 |             0 |      1081
     1120 |     +0.0% |       0 |       0 |             0 |      1071
     1130 |     +0.0% |       0 |       0 |             0 |      1061
     1140 |     +0.0% |       0 |       0 |             0 |      1051
     1150 |     +0.0% |       0 |       0 |             0 |      1041
     1160 |     +0.0% |       0 |       0 |             0 |      1031
     1170 |     +0.0% |       0 |       0 |             0 |      1021
     1180 |     +0.0% |       0 |       0 |             0 |      1011
     1190 |     +0.0% |       0 |       0 |             0 |      1001
     1200 |     +0.0% |       0 |       0 |             0 |       991
     1210 |     +0.0% |       0 |       0 |             0 |       981
     1220 |     +0.0% |       0 |       0 |             0 |       971
     1230 |     +0.0% |       0 |       0 |             0 |       961
     1240 |     +0.0% |       0 |       0 |             0 |       951
     1250 |     +0.0% |       0 |       0 |             0 |       941
     1260 |     +0.0% |       0 |       0 |             0 |       931
     1270 |     +0.0% |       0 |       0 |             0 |       921
     1280 |     +0.0% |       0 |       0 |             0 |       911
     1290 |     +0.0% |       0 |       0 |             0 |       901
     1300 |     +0.0% |       0 |       0 |             0 |       891
     1310 |     +0.0% |       0 |       0 |             0 |       881
     1320 |     +0.0% |       0 |       0 |             0 |       871
     1330 |     +0.0% |       0 |       0 |             0 |       861
     1340 |     +0.0% |       0 |       0 |             0 |       851
     1350 |     +0.0% |       0 |       0 |             0 |       841
     1360 |     +0.0% |       0 |       0 |             0 |       831
     1370 |     +0.0% |       0 |       0 |             0 |       821
     1380 |     +0.0% |       0 |       0 |             0 |       811
     1390 |     +0.0% |       0 |       0 |             0 |       801
     1400 |     +0.0% |       0 |       0 |             0 |       791
     1410 |     +0.0% |       0 |       0 |             0 |       781
     1420 |     +0.0% |       0 |       0 |             0 |       771
     1430 |     +0.0% |       0 |       0 |             0 |       761
     1440 |     +0.0% |       0 |       0 |             0 |       751
     1450 |     +0.0% |       0 |       0 |             0 |       741
     1460 |     +0.0% |       0 |       0 |             0 |       731
     1470 |     +0.0% |       0 |       0 |             0 |       721
     1480 |     +0.0% |       0 |       0 |             0 |       711
     1490 |     +0.0% |       0 |       0 |             0 |       701
     1500 |     +0.0% |       0 |       0 |             0 |       691
     1510 |     +0.0% |       0 |       0 |             0 |       681
     1520 |     +0.0% |       0 |       0 |             0 |       671
     1530 |     +0.0% |       0 |       0 |             0 |       661
     1540 |     +0.0% |       0 |       0 |             0 |       651
     1550 |     +0.0% |       0 |       0 |             0 |       641
     1560 |     +0.0% |       0 |       0 |             0 |       631
     1570 |     +0.0% |       0 |       0 |             0 |       621
     1580 |     +0.0% |       0 |       0 |             0 |       611
     1590 |     +0.0% |       0 |       0 |             0 |       601
     1600 |     +0.0% |       0 |       0 |             0 |       591
     1610 |     +0.0% |       0 |       0 |             0 |       581
     1620 |     +0.0% |       0 |       0 |             0 |       571
     1630 |     +0.0% |       0 |       0 |             0 |       561
     1640 |     +0.0% |       0 |       0 |             0 |       551
     1650 |     +0.0% |       0 |       0 |             0 |       541
     1660 |     +0.0% |       0 |       0 |             0 |       531
     1670 |     +0.0% |       0 |       0 |             0 |       521
     1680 |     +0.0% |       0 |       0 |             0 |       511
     1690 |     +0.0% |       0 |       0 |             0 |       501
     1700 |     +0.0% |       0 |       0 |             0 |       491
     1710 |     +0.0% |       0 |       0 |             0 |       481
     1720 |     +0.0% |       0 |       0 |             0 |       471
     1730 |     +0.0% |       0 |       0 |             0 |       461
     1740 |     +0.0% |       0 |       0 |             0 |       451
     1750 |     +0.0% |       0 |       0 |             0 |       441
     1760 |     +0.0% |       0 |       0 |             0 |       431
     1770 |     +0.0% |       0 |       0 |             0 |       421
     1780 |     +0.0% |       0 |       0 |             0 |       411
     1790 |     +0.0% |       0 |       0 |             0 |       401
     1800 |     +0.0% |       0 |       0 |             0 |       391
     1810 |     +0.0% |       0 |       0 |             0 |       381
     1820 |     +0.0% |       0 |       0 |             0 |       371
     1830 |     +0.0% |       0 |       0 |             0 |       361
     1840 |     +0.0% |       0 |       0 |             0 |       351
     1850 |     +0.0% |       0 |       0 |             0 |       341
     1860 |     +0.0% |       0 |       0 |             0 |       331
     1870 |     +0.0% |       0 |       0 |             0 |       321
     1880 |     +0.0% |       0 |       0 |             0 |       311
     1890 |     +0.0% |       0 |       0 |             0 |       301
     1900 |     +0.0% |       0 |       0 |             0 |       291
     1910 |     +0.0% |       0 |       0 |             0 |       281
     1920 |     +0.0% |       0 |       0 |             0 |       271
     1930 |     +0.0% |       0 |       0 |             0 |       261
     1940 |     +0.0% |       0 |       0 |             0 |       251
     1950 |     +0.0% |       0 |       0 |             0 |       241
     1960 |     +0.0% |       0 |       0 |             0 |       231
     1970 |     +0.0% |       0 |       0 |             0 |       221
     1980 |     +0.0% |       0 |       0 |             0 |       211
     1990 |     +0.0% |       0 |       0 |             0 |       201
     2000 |     +0.0% |       0 |       0 |             0 |       191
     2010 |     +0.0% |       0 |       0 |             0 |       181
     2020 |     +0.0% |       0 |       0 |             0 |       171
     2030 |     +0.0% |       0 |       0 |             0 |       161
     2040 |     +0.0% |       0 |       0 |             0 |       151
     2050 |     +0.0% |       0 |       0 |             0 |       141
     2060 |     +0.0% |       0 |       0 |             0 |       131
     2070 |     +0.0% |       0 |       0 |             0 |       121
     2080 |     +0.0% |       0 |       0 |             0 |       111
     2090 |     +0.0% |       0 |       0 |             0 |       101
     2100 |     +0.0% |       0 |       0 |             0 |        91
     2110 |     +0.0% |       0 |       0 |             0 |        81
     2120 |     +0.0% |       0 |       0 |             0 |        71
     2130 |     +0.0% |       0 |       0 |             0 |        61
     2140 |     +0.0% |       0 |       0 |             0 |        51
     2150 |     +0.0% |       0 |       0 |             0 |        41
     2160 |     +0.0% |       0 |       0 |             0 |        31
     2170 |     +0.0% |       0 |       0 |             0 |        21
     2180 |     +0.0% |       0 |       0 |             0 |        11
     2190 |     +0.0% |       0 |       0 |             0 |         1
    final |     +0.0% |       0 |       0 |             0 |         0
---------------------------------------------------------------------
global_route -start_incremental
detailed_placement
[INFO DPL-0006] Core area: 6921.05 um^2, Instances area: 2601.48 um^2, Utilization: 37.6%
[INFO DPL-0005] Diamond search max displacement: +/- 500 sites horizontally, +/- 100 rows vertically.
[INFO DPL-1101] Legalizing using diamond search.
Movements Summary
---------------------------------------
Total cells:                    1971
Diamond Move Success:           1971 (100.00%)
Diamond Move Failure:              0
Rip-up and replace Success:        0 (  0.00% of diamond failures)
Rip-up and replace Failure:        0
Total Placement Failures:          0
---------------------------------------
Placement Analysis
---------------------------------
total displacement          0.0 u
average displacement        0.0 u
max displacement            0.0 u
original HPWL           24027.0 u
legalized HPWL          24027.0 u
delta HPWL                    0 %

global_route -end_incremental -congestion_report_file ./reports/nangate45/s5378/phase0c_s11_k4_B0_b9f3a668_4c45ea7c/congestion_post_repair_design.rpt
Repair setup and hold violations...
estimate_parasitics -global_routing
repair_timing -setup_margin 0 -hold_margin 0 -repair_tns 100 -verbose
[INFO RSZ-0100] Repair move sequence: UnbufferMove SizeUpMove SwapPinsMove BufferMove CloneMove SplitLoadMove 
[INFO RSZ-0098] No setup violations found
[INFO RSZ-0033] No hold violations found.
global_route -start_incremental
detailed_placement
[INFO DPL-0006] Core area: 6921.05 um^2, Instances area: 2601.48 um^2, Utilization: 37.6%
[INFO DPL-0005] Diamond search max displacement: +/- 500 sites horizontally, +/- 100 rows vertically.
[INFO DPL-1101] Legalizing using diamond search.
Movements Summary
---------------------------------------
Total cells:                    1971
Diamond Move Success:           1971 (100.00%)
Diamond Move Failure:              0
Rip-up and replace Success:        0 (  0.00% of diamond failures)
Rip-up and replace Failure:        0
Total Placement Failures:          0
---------------------------------------
Placement Analysis
---------------------------------
total displacement          0.0 u
average displacement        0.0 u
max displacement            0.0 u
original HPWL           24027.0 u
legalized HPWL          24027.0 u
delta HPWL                    0 %

check_placement -verbose
global_route -end_incremental -congestion_report_file ./reports/nangate45/s5378/phase0c_s11_k4_B0_b9f3a668_4c45ea7c/congestion_post_repair_timing.rpt
estimate_parasitics -global_routing
global_route -start_incremental
global_route -end_incremental -congestion_report_file ./reports/nangate45/s5378/phase0c_s11_k4_B0_b9f3a668_4c45ea7c/congestion_post_recover_power.rpt
Repair antennas...
[WARNING GRT-0246] No diode with LEF class CORE ANTENNACELL found.
[INFO ANT-0002] Found 0 net violations.
[INFO ANT-0001] Found 0 pin violations.
Estimate parasitics...
estimate_parasitics -global_routing
Report metrics stage 5, global route...

==========================================================================
global route report_design_area
--------------------------------------------------------------------------
Design area 2601 um^2 38% utilization.
[INFO FLW-0007] clock clk period 10.000000
[INFO FLW-0008] Clock clk period 0.878
[INFO FLW-0009] Clock clk slack 9.076
write_sdc -no_timestamp ./results/nangate45/s5378/phase0c_s11_k4_B0_b9f3a668_4c45ea7c/updated_clks.sdc
[INFO FLW-0011] Path endpoint path count 784
write_db ./results/nangate45/s5378/phase0c_s11_k4_B0_b9f3a668_4c45ea7c/5_1_grt.odb
write_sdc -no_timestamp ./results/nangate45/s5378/phase0c_s11_k4_B0_b9f3a668_4c45ea7c/5_1_grt.sdc
Log                       Ext     Elapsed/s Peak Memory/MB sha1sum result [0:20)
5_1_grt                   .odb            6            302 4d7cc3f526f9838deaf0
5_1_grt                   .sdc                             dc3b136b356fec3f3ef5
/root/pact-deps/OpenROAD-flow-scripts/flow/scripts/flow.sh 5_2_route detail_route
Running detail_route.tcl, stage 5_2_route
read_liberty /root/pact-deps/OpenROAD-flow-scripts/flow/platforms/nangate45/lib/NangateOpenCellLibrary_typical.lib
read_db ./results/nangate45/s5378/phase0c_s11_k4_B0_b9f3a668_4c45ea7c/5_1_grt.odb
read_sdc ./results/nangate45/s5378/phase0c_s11_k4_B0_b9f3a668_4c45ea7c/5_1_grt.sdc
source /root/pact-deps/OpenROAD-flow-scripts/flow/platforms/nangate45/setRC.tcl
detailed_route -output_drc ./reports/nangate45/s5378/phase0c_s11_k4_B0_b9f3a668_4c45ea7c/5_route_drc.rpt -output_maze ./results/nangate45/s5378/phase0c_s11_k4_B0_b9f3a668_4c45ea7c/maze.log -droute_end_iter 64 -verbose 1 -drc_report_iter_step 5
[INFO DRT-0149] Reading tech and libs.

Units:                2000
Number of layers:     21
Number of macros:     135
Number of vias:       33
Number of viarulegen: 19

[INFO DRT-0150] Reading design.

Design:                   s5378
Die area:                 ( 0 0 ) ( 171970 171970 )
Number of track patterns: 20
Number of DEF vias:       0
Number of components:     2089
Number of terminals:      96
Number of snets:          2
Number of nets:           1997

[WARNING DRT-0422] No routing tracks pass through the center of Term test_so.
[WARNING DRT-0422] No routing tracks pass through the center of Term test_si_1.
[WARNING DRT-0422] No routing tracks pass through the center of Term test_so_1.
[WARNING DRT-0422] No routing tracks pass through the center of Term test_si_2.
[WARNING DRT-0422] No routing tracks pass through the center of Term test_so_2.
[WARNING DRT-0421] Term test_si_3 has no pins on routing grid
[WARNING DRT-0422] No routing tracks pass through the center of Term test_so_3.
[INFO DRT-0167] List of default vias:
  Layer via2
    default via: via2_5
  Layer via3
    default via: via3_2
  Layer via4
    default via: via4_0
  Layer via5
    default via: via5_0
  Layer via6
    default via: via6_0
  Layer via7
    default via: via7_0
  Layer via8
    default via: via8_0
  Layer via9
    default via: via9_0
[INFO DRT-0162] Library cell analysis.
[INFO DRT-0163] Instance analysis.
[INFO DRT-0164] Number of unique instances = 32.
[INFO DRT-0168] Init region query.
[INFO DRT-0024]   Complete active.
[INFO DRT-0024]   Complete Fr_VIA.
[INFO DRT-0024]   Complete metal1.
[INFO DRT-0024]   Complete via1.
[INFO DRT-0024]   Complete metal2.
[INFO DRT-0024]   Complete via2.
[INFO DRT-0024]   Complete metal3.
[INFO DRT-0024]   Complete via3.
[INFO DRT-0024]   Complete metal4.
[INFO DRT-0024]   Complete via4.
[INFO DRT-0024]   Complete metal5.
[INFO DRT-0024]   Complete via5.
[INFO DRT-0024]   Complete metal6.
[INFO DRT-0024]   Complete via6.
[INFO DRT-0024]   Complete metal7.
[INFO DRT-0024]   Complete via7.
[INFO DRT-0024]   Complete metal8.
[INFO DRT-0024]   Complete via8.
[INFO DRT-0024]   Complete metal9.
[INFO DRT-0024]   Complete via9.
[INFO DRT-0024]   Complete metal10.
[INFO DRT-0033] active shape region query size = 0.
[INFO DRT-0033] FR_VIA shape region query size = 0.
[INFO DRT-0033] metal1 shape region query size = 29401.
[INFO DRT-0033] via1 shape region query size = 270.
[INFO DRT-0033] metal2 shape region query size = 180.
[INFO DRT-0033] via2 shape region query size = 270.
[INFO DRT-0033] metal3 shape region query size = 180.
[INFO DRT-0033] via3 shape region query size = 270.
[INFO DRT-0033] metal4 shape region query size = 102.
[INFO DRT-0033] via4 shape region query size = 90.
[INFO DRT-0033] metal5 shape region query size = 69.
[INFO DRT-0033] via5 shape region query size = 90.
[INFO DRT-0033] metal6 shape region query size = 61.
[INFO DRT-0033] via6 shape region query size = 36.
[INFO DRT-0033] metal7 shape region query size = 21.
[INFO DRT-0033] via7 shape region query size = 0.
[INFO DRT-0033] metal8 shape region query size = 0.
[INFO DRT-0033] via8 shape region query size = 0.
[INFO DRT-0033] metal9 shape region query size = 0.
[INFO DRT-0033] via9 shape region query size = 0.
[INFO DRT-0033] metal10 shape region query size = 0.
[INFO DRT-0165] Start pin access.
[INFO DRT-0078]   Complete 152 pins.
[INFO DRT-0081]   Complete 32 unique inst patterns.
[INFO DRT-0084]   Complete 1185 groups.
#scanned instances     = 2089
#unique  instances     = 32
#stdCellGenAp          = 621
#stdCellValidPlanarAp  = 0
#stdCellValidViaAp     = 496
#stdCellPinNoAp        = 0
#stdCellPinCnt         = 5897
#instTermValidViaApCnt = 0
#macroGenAp            = 0
#macroValidPlanarAp    = 0
#macroValidViaAp       = 0
#macroNoAp             = 0
[INFO DRT-0166] Complete pin access.
[INFO DRT-0267] cpu time = 00:00:13, elapsed time = 00:00:04, memory = 261.36 (MB), peak = 261.11 (MB)

[INFO DRT-0157] Number of guides:     16411

[INFO DRT-0169] Post process guides.
[INFO DRT-0176] GCELLGRID X 0 DO 30 STEP 5700 ;
[INFO DRT-0177] GCELLGRID Y 0 DO 30 STEP 5700 ;
[INFO DRT-0028]   Complete active.
[INFO DRT-0028]   Complete Fr_VIA.
[INFO DRT-0028]   Complete metal1.
[INFO DRT-0028]   Complete via1.
[INFO DRT-0028]   Complete metal2.
[INFO DRT-0028]   Complete via2.
[INFO DRT-0028]   Complete metal3.
[INFO DRT-0028]   Complete via3.
[INFO DRT-0028]   Complete metal4.
[INFO DRT-0028]   Complete via4.
[INFO DRT-0028]   Complete metal5.
[INFO DRT-0028]   Complete via5.
[INFO DRT-0028]   Complete metal6.
[INFO DRT-0028]   Complete via6.
[INFO DRT-0028]   Complete metal7.
[INFO DRT-0028]   Complete via7.
[INFO DRT-0028]   Complete metal8.
[INFO DRT-0028]   Complete via8.
[INFO DRT-0028]   Complete metal9.
[INFO DRT-0028]   Complete via9.
[INFO DRT-0028]   Complete metal10.
[INFO DRT-0178] Init guide query.
[INFO DRT-0035]   Complete active (guide).
[INFO DRT-0035]   Complete Fr_VIA (guide).
[INFO DRT-0035]   Complete metal1 (guide).
[INFO DRT-0035]   Complete via1 (guide).
[INFO DRT-0035]   Complete metal2 (guide).
[INFO DRT-0035]   Complete via2 (guide).
[INFO DRT-0035]   Complete metal3 (guide).
[INFO DRT-0035]   Complete via3 (guide).
[INFO DRT-0035]   Complete metal4 (guide).
[INFO DRT-0035]   Complete via4 (guide).
[INFO DRT-0035]   Complete metal5 (guide).
[INFO DRT-0035]   Complete via5 (guide).
[INFO DRT-0035]   Complete metal6 (guide).
[INFO DRT-0035]   Complete via6 (guide).
[INFO DRT-0035]   Complete metal7 (guide).
[INFO DRT-0035]   Complete via7 (guide).
[INFO DRT-0035]   Complete metal8 (guide).
[INFO DRT-0035]   Complete via8 (guide).
[INFO DRT-0035]   Complete metal9 (guide).
[INFO DRT-0035]   Complete via9 (guide).
[INFO DRT-0035]   Complete metal10 (guide).
[INFO DRT-0036] active guide region query size = 0.
[INFO DRT-0036] FR_VIA guide region query size = 0.
[INFO DRT-0036] metal1 guide region query size = 5288.
[INFO DRT-0036] via1 guide region query size = 0.
[INFO DRT-0036] metal2 guide region query size = 4831.
[INFO DRT-0036] via2 guide region query size = 0.
[INFO DRT-0036] metal3 guide region query size = 2743.
[INFO DRT-0036] via3 guide region query size = 0.
[INFO DRT-0036] metal4 guide region query size = 502.
[INFO DRT-0036] via4 guide region query size = 0.
[INFO DRT-0036] metal5 guide region query size = 219.
[INFO DRT-0036] via5 guide region query size = 0.
[INFO DRT-0036] metal6 guide region query size = 71.
[INFO DRT-0036] via6 guide region query size = 0.
[INFO DRT-0036] metal7 guide region query size = 1.
[INFO DRT-0036] via7 guide region query size = 0.
[INFO DRT-0036] metal8 guide region query size = 0.
[INFO DRT-0036] via8 guide region query size = 0.
[INFO DRT-0036] metal9 guide region query size = 0.
[INFO DRT-0036] via9 guide region query size = 0.
[INFO DRT-0036] metal10 guide region query size = 0.
[INFO DRT-0179] Init gr pin query.
[INFO DRT-0267] cpu time = 00:00:00, elapsed time = 00:00:00, memory = 267.24 (MB), peak = 266.86 (MB)
[INFO DRT-0245] skipped writing guide updates to database.
[INFO DRT-0181] Start track assignment.
[INFO DRT-0184] Done with 5404 vertical wires in 1 frboxes and 8251 horizontal wires in 1 frboxes.
[INFO DRT-0186] Done with 1612 vertical wires in 1 frboxes and 1779 horizontal wires in 1 frboxes.
[INFO DRT-0182] Complete track assignment.
[INFO DRT-0267] cpu time = 00:00:01, elapsed time = 00:00:01, memory = 301.12 (MB), peak = 300.84 (MB)
[INFO DRT-0187] Start routing data preparation.
[INFO DRT-0267] cpu time = 00:00:00, elapsed time = 00:00:00, memory = 302.26 (MB), peak = 301.97 (MB)
[INFO DRT-0194] Start detail routing.
[INFO DRT-0195] Start 0th optimization iteration.
    Completing 10% with 0 violations.
    elapsed time = 00:00:00, memory = 340.25 (MB).
    Completing 20% with 0 violations.
    elapsed time = 00:00:00, memory = 340.69 (MB).
    Completing 30% with 0 violations.
    elapsed time = 00:00:02, memory = 335.34 (MB).
    Completing 40% with 101 violations.
    elapsed time = 00:00:05, memory = 376.45 (MB).
    Completing 50% with 101 violations.
    elapsed time = 00:00:06, memory = 369.57 (MB).
    Completing 60% with 101 violations.
    elapsed time = 00:00:07, memory = 342.27 (MB).
    Completing 70% with 167 violations.
    elapsed time = 00:00:08, memory = 390.40 (MB).
    Completing 80% with 167 violations.
    elapsed time = 00:00:11, memory = 375.24 (MB).
    Completing 90% with 256 violations.
    elapsed time = 00:00:13, memory = 401.20 (MB).
    Completing 100% with 366 violations.
    elapsed time = 00:00:16, memory = 388.62 (MB).
[INFO DRT-0199]   Number of violations = 468.
Viol/Layer      metal1   via1 metal2   via2 metal3   via3 metal4 metal5
Metal Spacing        0      0     35      0      4      0      2      2
Recheck              2      0     53      0     43      0      4      0
Short                0      3    282      3     30      1      0      4
[INFO DRT-0267] cpu time = 00:00:41, elapsed time = 00:00:17, memory = 912.62 (MB), peak = 912.40 (MB)
Total wire length = 27210 um.
Total wire length on LAYER metal1 = 0 um.
Total wire length on LAYER metal2 = 10332 um.
Total wire length on LAYER metal3 = 11713 um.
Total wire length on LAYER metal4 = 3228 um.
Total wire length on LAYER metal5 = 1245 um.
Total wire length on LAYER metal6 = 684 um.
Total wire length on LAYER metal7 = 6 um.
Total wire length on LAYER metal8 = 0 um.
Total wire length on LAYER metal9 = 0 um.
Total wire length on LAYER metal10 = 0 um.
Total number of vias = 13407.
Up-via summary (total 13407):

----------------
 active        0
 metal1     5924
 metal2     6420
 metal3      691
 metal4      273
 metal5       97
 metal6        2
 metal7        0
 metal8        0
 metal9        0
----------------
       13407


[INFO DRT-0195] Start 1st optimization iteration.
    Completing 10% with 468 violations.
    elapsed time = 00:00:00, memory = 940.50 (MB).
    Completing 20% with 468 violations.
    elapsed time = 00:00:00, memory = 940.50 (MB).
    Completing 30% with 468 violations.
    elapsed time = 00:00:01, memory = 942.46 (MB).
    Completing 40% with 383 violations.
    elapsed time = 00:00:04, memory = 929.65 (MB).
    Completing 50% with 383 violations.
    elapsed time = 00:00:05, memory = 929.65 (MB).
    Completing 60% with 383 violations.
    elapsed time = 00:00:06, memory = 932.25 (MB).
    Completing 70% with 322 violations.
    elapsed time = 00:00:07, memory = 936.16 (MB).
    Completing 80% with 322 violations.
    elapsed time = 00:00:10, memory = 940.29 (MB).
    Completing 90% with 242 violations.
    elapsed time = 00:00:14, memory = 940.29 (MB).
    Completing 100% with 103 violations.
    elapsed time = 00:00:15, memory = 940.35 (MB).
[INFO DRT-0199]   Number of violations = 103.
Viol/Layer      metal2 metal3 metal5
Metal Spacing       21      0      2
Short               71      5      4
[INFO DRT-0267] cpu time = 00:00:36, elapsed time = 00:00:15, memory = 943.35 (MB), peak = 943.05 (MB)
Total wire length = 26970 um.
Total wire length on LAYER metal1 = 0 um.
Total wire length on LAYER metal2 = 10243 um.
Total wire length on LAYER metal3 = 11623 um.
Total wire length on LAYER metal4 = 3181 um.
Total wire length on LAYER metal5 = 1226 um.
Total wire length on LAYER metal6 = 687 um.
Total wire length on LAYER metal7 = 7 um.
Total wire length on LAYER metal8 = 0 um.
Total wire length on LAYER metal9 = 0 um.
Total wire length on LAYER metal10 = 0 um.
Total number of vias = 13290.
Up-via summary (total 13290):

----------------
 active        0
 metal1     5921
 metal2     6322
 metal3      684
 metal4      266
 metal5       95
 metal6        2
 metal7        0
 metal8        0
 metal9        0
----------------
       13290


[INFO DRT-0195] Start 2nd optimization iteration.
    Completing 10% with 103 violations.
    elapsed time = 00:00:00, memory = 943.35 (MB).
    Completing 20% with 103 violations.
    elapsed time = 00:00:00, memory = 943.35 (MB).
    Completing 30% with 103 violations.
    elapsed time = 00:00:02, memory = 943.35 (MB).
    Completing 40% with 100 violations.
    elapsed time = 00:00:02, memory = 943.36 (MB).
    Completing 50% with 100 violations.
    elapsed time = 00:00:04, memory = 943.36 (MB).
    Completing 60% with 100 violations.
    elapsed time = 00:00:05, memory = 943.37 (MB).
    Completing 70% with 100 violations.
    elapsed time = 00:00:05, memory = 943.37 (MB).
    Completing 80% with 100 violations.
    elapsed time = 00:00:10, memory = 949.41 (MB).
    Completing 90% with 100 violations.
    elapsed time = 00:00:13, memory = 953.82 (MB).
    Completing 100% with 95 violations.
    elapsed time = 00:00:15, memory = 953.91 (MB).
[INFO DRT-0199]   Number of violations = 95.
Viol/Layer      metal2   via2 metal3 metal4 metal5
Cut Spacing          0      1      0      0      0
Metal Spacing       13      0      0      0      2
Short               68      0      6      1      4
[INFO DRT-0267] cpu time = 00:00:37, elapsed time = 00:00:15, memory = 953.91 (MB), peak = 953.68 (MB)
Total wire length = 26933 um.
Total wire length on LAYER metal1 = 0 um.
Total wire length on LAYER metal2 = 10166 um.
Total wire length on LAYER metal3 = 11637 um.
Total wire length on LAYER metal4 = 3203 um.
Total wire length on LAYER metal5 = 1251 um.
Total wire length on LAYER metal6 = 675 um.
Total wire length on LAYER metal7 = 0 um.
Total wire length on LAYER metal8 = 0 um.
Total wire length on LAYER metal9 = 0 um.
Total wire length on LAYER metal10 = 0 um.
Total number of vias = 13267.
Up-via summary (total 13267):

----------------
 active        0
 metal1     5928
 metal2     6285
 metal3      691
 metal4      270
 metal5       93
 metal6        0
 metal7        0
 metal8        0
 metal9        0
----------------
       13267


[INFO DRT-0195] Start 3rd guides tiles iteration.
    Completing 10% with 95 violations.
    elapsed time = 00:00:00, memory = 1014.48 (MB).
    Completing 20% with 95 violations.
    elapsed time = 00:00:00, memory = 1014.48 (MB).
    Completing 30% with 95 violations.
    elapsed time = 00:00:00, memory = 1014.48 (MB).
    Completing 40% with 33 violations.
    elapsed time = 00:00:06, memory = 956.78 (MB).
    Completing 50% with 33 violations.
    elapsed time = 00:00:06, memory = 956.78 (MB).
    Completing 60% with 33 violations.
    elapsed time = 00:00:06, memory = 956.78 (MB).
    Completing 70% with 6 violations.
    elapsed time = 00:00:07, memory = 956.78 (MB).
    Completing 80% with 6 violations.
    elapsed time = 00:00:07, memory = 956.78 (MB).
    Completing 90% with 6 violations.
    elapsed time = 00:00:07, memory = 956.78 (MB).
    Completing 100% with 6 violations.
    elapsed time = 00:00:11, memory = 956.79 (MB).
[INFO DRT-0199]   Number of violations = 6.
Viol/Layer      metal5
Metal Spacing        2
Short                4
[INFO DRT-0267] cpu time = 00:00:15, elapsed time = 00:00:11, memory = 956.79 (MB), peak = 1017.05 (MB)
Total wire length = 26914 um.
Total wire length on LAYER metal1 = 0 um.
Total wire length on LAYER metal2 = 10042 um.
Total wire length on LAYER metal3 = 11658 um.
Total wire length on LAYER metal4 = 3273 um.
Total wire length on LAYER metal5 = 1246 um.
Total wire length on LAYER metal6 = 693 um.
Total wire length on LAYER metal7 = 0 um.
Total wire length on LAYER metal8 = 0 um.
Total wire length on LAYER metal9 = 0 um.
Total wire length on LAYER metal10 = 0 um.
Total number of vias = 13371.
Up-via summary (total 13371):

----------------
 active        0
 metal1     5929
 metal2     6336
 metal3      741
 metal4      270
 metal5       95
 metal6        0
 metal7        0
 metal8        0
 metal9        0
----------------
       13371


[INFO DRT-0195] Start 4th guides tiles iteration.
    Completing 20% with 6 violations.
    elapsed time = 00:00:00, memory = 956.79 (MB).
    Completing 40% with 6 violations.
    elapsed time = 00:00:00, memory = 956.79 (MB).
    Completing 60% with 6 violations.
    elapsed time = 00:00:00, memory = 956.79 (MB).
    Completing 80% with 6 violations.
    elapsed time = 00:00:01, memory = 956.79 (MB).
    Completing 100% with 6 violations.
    elapsed time = 00:00:01, memory = 956.79 (MB).
[INFO DRT-0199]   Number of violations = 6.
Viol/Layer      metal5
Metal Spacing        2
Short                4
[INFO DRT-0267] cpu time = 00:00:02, elapsed time = 00:00:01, memory = 956.79 (MB), peak = 1017.05 (MB)
Total wire length = 26914 um.
Total wire length on LAYER metal1 = 0 um.
Total wire length on LAYER metal2 = 10042 um.
Total wire length on LAYER metal3 = 11658 um.
Total wire length on LAYER metal4 = 3273 um.
Total wire length on LAYER metal5 = 1246 um.
Total wire length on LAYER metal6 = 693 um.
Total wire length on LAYER metal7 = 0 um.
Total wire length on LAYER metal8 = 0 um.
Total wire length on LAYER metal9 = 0 um.
Total wire length on LAYER metal10 = 0 um.
Total number of vias = 13371.
Up-via summary (total 13371):

----------------
 active        0
 metal1     5929
 metal2     6336
 metal3      741
 metal4      270
 metal5       95
 metal6        0
 metal7        0
 metal8        0
 metal9        0
----------------
       13371


[INFO DRT-0195] Start 5th stubborn tiles iteration.
    Completing 10% with 6 violations.
    elapsed time = 00:00:17, memory = 998.96 (MB).
    Completing 20% with 6 violations.
    elapsed time = 00:00:26, memory = 1017.07 (MB).
    Completing 30% with 6 violations.
    elapsed time = 00:00:31, memory = 1026.57 (MB).
    Completing 40% with 6 violations.
    elapsed time = 00:00:35, memory = 1068.71 (MB).
    Completing 50% with 6 violations.
    elapsed time = 00:00:39, memory = 1081.09 (MB).
    Completing 60% with 6 violations.
    elapsed time = 00:00:48, memory = 1143.18 (MB).
    Completing 70% with 5 violations.
    elapsed time = 00:00:58, memory = 1175.53 (MB).
    Completing 80% with 5 violations.
    elapsed time = 00:01:05, memory = 1175.54 (MB).
    Completing 90% with 5 violations.
    elapsed time = 00:01:10, memory = 1175.54 (MB).
    Completing 100% with 5 violations.
    elapsed time = 00:01:13, memory = 1175.54 (MB).
[INFO DRT-0199]   Number of violations = 5.
Viol/Layer      metal5
Metal Spacing        2
Short                3
[INFO DRT-0267] cpu time = 00:04:45, elapsed time = 00:01:13, memory = 1175.60 (MB), peak = 1175.09 (MB)
Total wire length = 26914 um.
Total wire length on LAYER metal1 = 0 um.
Total wire length on LAYER metal2 = 10043 um.
Total wire length on LAYER metal3 = 11658 um.
Total wire length on LAYER metal4 = 3272 um.
Total wire length on LAYER metal5 = 1247 um.
Total wire length on LAYER metal6 = 693 um.
Total wire length on LAYER metal7 = 0 um.
Total wire length on LAYER metal8 = 0 um.
Total wire length on LAYER metal9 = 0 um.
Total wire length on LAYER metal10 = 0 um.
Total number of vias = 13373.
Up-via summary (total 13373):

----------------
 active        0
 metal1     5929
 metal2     6336
 metal3      741
 metal4      270
 metal5       97
 metal6        0
 metal7        0
 metal8        0
 metal9        0
----------------
       13373


[INFO DRT-0195] Start 6th guides tiles iteration.
    Completing 20% with 5 violations.
    elapsed time = 00:00:00, memory = 1175.60 (MB).
    Completing 40% with 5 violations.
    elapsed time = 00:00:00, memory = 1175.60 (MB).
    Completing 60% with 5 violations.
    elapsed time = 00:00:00, memory = 1175.60 (MB).
    Completing 80% with 5 violations.
    elapsed time = 00:00:01, memory = 1175.60 (MB).
    Completing 100% with 5 violations.
    elapsed time = 00:00:01, memory = 1175.60 (MB).
[INFO DRT-0199]   Number of violations = 5.
Viol/Layer      metal5
Metal Spacing        2
Short                3
[INFO DRT-0267] cpu time = 00:00:02, elapsed time = 00:00:01, memory = 1175.60 (MB), peak = 1175.09 (MB)
Total wire length = 26914 um.
Total wire length on LAYER metal1 = 0 um.
Total wire length on LAYER metal2 = 10043 um.
Total wire length on LAYER metal3 = 11658 um.
Total wire length on LAYER metal4 = 3272 um.
Total wire length on LAYER metal5 = 1247 um.
Total wire length on LAYER metal6 = 693 um.
Total wire length on LAYER metal7 = 0 um.
Total wire length on LAYER metal8 = 0 um.
Total wire length on LAYER metal9 = 0 um.
Total wire length on LAYER metal10 = 0 um.
Total number of vias = 13373.
Up-via summary (total 13373):

----------------
 active        0
 metal1     5929
 metal2     6336
 metal3      741
 metal4      270
 metal5       97
 metal6        0
 metal7        0
 metal8        0
 metal9        0
----------------
       13373


[INFO DRT-0195] Start 7th stubborn tiles iteration.
    Completing 10% with 5 violations.
    elapsed time = 00:00:03, memory = 1175.60 (MB).
    Completing 20% with 5 violations.
    elapsed time = 00:00:09, memory = 1175.61 (MB).
    Completing 30% with 5 violations.
    elapsed time = 00:00:17, memory = 1175.61 (MB).
    Completing 40% with 5 violations.
    elapsed time = 00:00:32, memory = 1176.32 (MB).
    Completing 50% with 5 violations.
    elapsed time = 00:00:42, memory = 1176.32 (MB).
    Completing 60% with 5 violations.
    elapsed time = 00:00:48, memory = 1176.32 (MB).
    Completing 70% with 5 violations.
    elapsed time = 00:00:56, memory = 1179.89 (MB).
    Completing 80% with 5 violations.
    elapsed time = 00:01:04, memory = 1179.89 (MB).
    Completing 90% with 5 violations.
    elapsed time = 00:01:08, memory = 1179.89 (MB).
    Completing 100% with 5 violations.
    elapsed time = 00:01:10, memory = 1179.89 (MB).
[INFO DRT-0199]   Number of violations = 5.
Viol/Layer      metal5
Metal Spacing        2
Short                3
[INFO DRT-0267] cpu time = 00:04:38, elapsed time = 00:01:10, memory = 1179.89 (MB), peak = 1179.46 (MB)
Total wire length = 26914 um.
Total wire length on LAYER metal1 = 0 um.
Total wire length on LAYER metal2 = 10043 um.
Total wire length on LAYER metal3 = 11657 um.
Total wire length on LAYER metal4 = 3272 um.
Total wire length on LAYER metal5 = 1247 um.
Total wire length on LAYER metal6 = 693 um.
Total wire length on LAYER metal7 = 0 um.
Total wire length on LAYER metal8 = 0 um.
Total wire length on LAYER metal9 = 0 um.
Total wire length on LAYER metal10 = 0 um.
Total number of vias = 13371.
Up-via summary (total 13371):

----------------
 active        0
 metal1     5929
 metal2     6336
 metal3      741
 metal4      270
 metal5       95
 metal6        0
 metal7        0
 metal8        0
 metal9        0
----------------
       13371


[INFO DRT-0200] Skipping iteration 8
[INFO DRT-0200] Skipping iteration 9
[INFO DRT-0195] Start 10th guides tiles iteration.
    Completing 20% with 5 violations.
    elapsed time = 00:00:00, memory = 1179.89 (MB).
    Completing 40% with 5 violations.
    elapsed time = 00:00:00, memory = 1179.89 (MB).
    Completing 60% with 5 violations.
    elapsed time = 00:00:00, memory = 1179.89 (MB).
    Completing 80% with 5 violations.
    elapsed time = 00:00:01, memory = 1179.89 (MB).
    Completing 100% with 5 violations.
    elapsed time = 00:00:01, memory = 1179.89 (MB).
[INFO DRT-0199]   Number of violations = 5.
Viol/Layer      metal5
Metal Spacing        2
Short                3
[INFO DRT-0267] cpu time = 00:00:02, elapsed time = 00:00:01, memory = 1179.89 (MB), peak = 1179.46 (MB)
Total wire length = 26914 um.
Total wire length on LAYER metal1 = 0 um.
Total wire length on LAYER metal2 = 10043 um.
Total wire length on LAYER metal3 = 11657 um.
Total wire length on LAYER metal4 = 3272 um.
Total wire length on LAYER metal5 = 1247 um.
Total wire length on LAYER metal6 = 693 um.
Total wire length on LAYER metal7 = 0 um.
Total wire length on LAYER metal8 = 0 um.
Total wire length on LAYER metal9 = 0 um.
Total wire length on LAYER metal10 = 0 um.
Total number of vias = 13371.
Up-via summary (total 13371):

----------------
 active        0
 metal1     5929
 metal2     6336
 metal3      741
 metal4      270
 metal5       95
 metal6        0
 metal7        0
 metal8        0
 metal9        0
----------------
       13371


[INFO DRT-0195] Start 11th stubborn tiles iteration.
    Completing 10% with 5 violations.
    elapsed time = 00:00:03, memory = 1179.89 (MB).
    Completing 20% with 5 violations.
    elapsed time = 00:00:11, memory = 1179.89 (MB).
    Completing 30% with 5 violations.
    elapsed time = 00:00:23, memory = 1179.89 (MB).
    Completing 40% with 5 violations.
    elapsed time = 00:00:42, memory = 1197.92 (MB).
    Completing 50% with 5 violations.
    elapsed time = 00:00:51, memory = 1189.01 (MB).
    Completing 60% with 5 violations.
    elapsed time = 00:01:01, memory = 1189.01 (MB).
    Completing 70% with 5 violations.
    elapsed time = 00:01:08, memory = 1189.01 (MB).
    Completing 80% with 5 violations.
    elapsed time = 00:01:18, memory = 1191.43 (MB).
    Completing 90% with 5 violations.
    elapsed time = 00:01:23, memory = 1191.43 (MB).
    Completing 100% with 5 violations.
    elapsed time = 00:01:26, memory = 1191.43 (MB).
[INFO DRT-0199]   Number of violations = 5.
Viol/Layer      metal5
Metal Spacing        2
Short                3
[INFO DRT-0267] cpu time = 00:05:40, elapsed time = 00:01:26, memory = 1191.43 (MB), peak = 1204.84 (MB)
Total wire length = 26914 um.
Total wire length on LAYER metal1 = 0 um.
Total wire length on LAYER metal2 = 10043 um.
Total wire length on LAYER metal3 = 11657 um.
Total wire length on LAYER metal4 = 3272 um.
Total wire length on LAYER metal5 = 1247 um.
Total wire length on LAYER metal6 = 693 um.
Total wire length on LAYER metal7 = 0 um.
Total wire length on LAYER metal8 = 0 um.
Total wire length on LAYER metal9 = 0 um.
Total wire length on LAYER metal10 = 0 um.
Total number of vias = 13373.
Up-via summary (total 13373):

----------------
 active        0
 metal1     5929
 metal2     6336
 metal3      741
 metal4      270
 metal5       97
 metal6        0
 metal7        0
 metal8        0
 metal9        0
----------------
       13373


[INFO DRT-0200] Skipping iteration 12
[INFO DRT-0200] Skipping iteration 13
[INFO DRT-0200] Skipping iteration 14
[INFO DRT-0195] Start 15th guides tiles iteration.
    Completing 20% with 5 violations.
    elapsed time = 00:00:00, memory = 1191.43 (MB).
    Completing 40% with 5 violations.
    elapsed time = 00:00:00, memory = 1191.43 (MB).
    Completing 60% with 5 violations.
    elapsed time = 00:00:00, memory = 1191.43 (MB).
    Completing 80% with 5 violations.
    elapsed time = 00:00:01, memory = 1191.43 (MB).
    Completing 100% with 5 violations.
    elapsed time = 00:00:01, memory = 1191.43 (MB).
[INFO DRT-0199]   Number of violations = 5.
Viol/Layer      metal5
Metal Spacing        2
Short                3
[INFO DRT-0267] cpu time = 00:00:02, elapsed time = 00:00:01, memory = 1191.43 (MB), peak = 1204.84 (MB)
Total wire length = 26914 um.
Total wire length on LAYER metal1 = 0 um.
Total wire length on LAYER metal2 = 10043 um.
Total wire length on LAYER metal3 = 11657 um.
Total wire length on LAYER metal4 = 3272 um.
Total wire length on LAYER metal5 = 1247 um.
Total wire length on LAYER metal6 = 693 um.
Total wire length on LAYER metal7 = 0 um.
Total wire length on LAYER metal8 = 0 um.
Total wire length on LAYER metal9 = 0 um.
Total wire length on LAYER metal10 = 0 um.
Total number of vias = 13373.
Up-via summary (total 13373):

----------------
 active        0
 metal1     5929
 metal2     6336
 metal3      741
 metal4      270
 metal5       97
 metal6        0
 metal7        0
 metal8        0
 metal9        0
----------------
       13373


[INFO DRT-0195] Start 16th stubborn tiles iteration.
    Completing 10% with 5 violations.
    elapsed time = 00:00:04, memory = 1191.43 (MB).
    Completing 20% with 5 violations.
    elapsed time = 00:00:12, memory = 1191.43 (MB).
    Completing 30% with 5 violations.
    elapsed time = 00:00:24, memory = 1191.43 (MB).
    Completing 40% with 5 violations.
    elapsed time = 00:00:45, memory = 1191.43 (MB).
    Completing 50% with 5 violations.
    elapsed time = 00:00:56, memory = 1191.43 (MB).
    Completing 60% with 5 violations.
    elapsed time = 00:01:06, memory = 1191.43 (MB).
    Completing 70% with 5 violations.
    elapsed time = 00:01:15, memory = 1191.43 (MB).
    Completing 80% with 5 violations.
    elapsed time = 00:01:25, memory = 1191.43 (MB).
    Completing 90% with 5 violations.
    elapsed time = 00:01:31, memory = 1191.43 (MB).
    Completing 100% with 5 violations.
    elapsed time = 00:01:33, memory = 1191.43 (MB).
[INFO DRT-0199]   Number of violations = 5.
Viol/Layer      metal5
Metal Spacing        2
Short                3
[INFO DRT-0267] cpu time = 00:06:12, elapsed time = 00:01:33, memory = 1191.43 (MB), peak = 1204.84 (MB)
Total wire length = 26914 um.
Total wire length on LAYER metal1 = 0 um.
Total wire length on LAYER metal2 = 10043 um.
Total wire length on LAYER metal3 = 11658 um.
Total wire length on LAYER metal4 = 3272 um.
Total wire length on LAYER metal5 = 1246 um.
Total wire length on LAYER metal6 = 693 um.
Total wire length on LAYER metal7 = 0 um.
Total wire length on LAYER metal8 = 0 um.
Total wire length on LAYER metal9 = 0 um.
Total wire length on LAYER metal10 = 0 um.
Total number of vias = 13373.
Up-via summary (total 13373):

----------------
 active        0
 metal1     5929
 metal2     6336
 metal3      743
 metal4      270
 metal5       95
 metal6        0
 metal7        0
 metal8        0
 metal9        0
----------------
       13373


[INFO DRT-0195] Start 17th optimization iteration.
    Completing 10% with 5 violations.
    elapsed time = 00:00:00, memory = 1191.43 (MB).
    Completing 20% with 5 violations.
    elapsed time = 00:00:00, memory = 1191.43 (MB).
    Completing 30% with 5 violations.
    elapsed time = 00:00:00, memory = 1191.43 (MB).
    Completing 40% with 5 violations.
    elapsed time = 00:00:03, memory = 1191.43 (MB).
    Completing 50% with 5 violations.
    elapsed time = 00:00:03, memory = 1191.43 (MB).
    Completing 60% with 5 violations.
    elapsed time = 00:00:06, memory = 1191.43 (MB).
    Completing 70% with 6 violations.
    elapsed time = 00:00:06, memory = 1191.43 (MB).
    Completing 80% with 6 violations.
    elapsed time = 00:00:06, memory = 1191.43 (MB).
    Completing 90% with 6 violations.
    elapsed time = 00:00:06, memory = 1191.43 (MB).
    Completing 100% with 6 violations.
    elapsed time = 00:00:06, memory = 1191.43 (MB).
[INFO DRT-0199]   Number of violations = 6.
Viol/Layer      metal5
Metal Spacing        2
Short                4
[INFO DRT-0267] cpu time = 00:00:07, elapsed time = 00:00:06, memory = 1191.43 (MB), peak = 1204.84 (MB)
Total wire length = 26887 um.
Total wire length on LAYER metal1 = 0 um.
Total wire length on LAYER metal2 = 10027 um.
Total wire length on LAYER metal3 = 11699 um.
Total wire length on LAYER metal4 = 3244 um.
Total wire length on LAYER metal5 = 1221 um.
Total wire length on LAYER metal6 = 693 um.
Total wire length on LAYER metal7 = 0 um.
Total wire length on LAYER metal8 = 0 um.
Total wire length on LAYER metal9 = 0 um.
Total wire length on LAYER metal10 = 0 um.
Total number of vias = 13413.
Up-via summary (total 13413):

----------------
 active        0
 metal1     5929
 metal2     6371
 metal3      751
 metal4      267
 metal5       95
 metal6        0
 metal7        0
 metal8        0
 metal9        0
----------------
       13413


[INFO DRT-0195] Start 18th guides tiles iteration.
    Completing 20% with 6 violations.
    elapsed time = 00:00:00, memory = 1191.43 (MB).
    Completing 40% with 6 violations.
    elapsed time = 00:00:00, memory = 1191.43 (MB).
    Completing 60% with 6 violations.
    elapsed time = 00:00:00, memory = 1191.43 (MB).
    Completing 80% with 6 violations.
    elapsed time = 00:00:01, memory = 1191.43 (MB).
    Completing 100% with 6 violations.
    elapsed time = 00:00:01, memory = 1191.43 (MB).
[INFO DRT-0199]   Number of violations = 6.
Viol/Layer      metal5
Metal Spacing        2
Short                4
[INFO DRT-0267] cpu time = 00:00:02, elapsed time = 00:00:01, memory = 1191.43 (MB), peak = 1204.84 (MB)
Total wire length = 26887 um.
Total wire length on LAYER metal1 = 0 um.
Total wire length on LAYER metal2 = 10027 um.
Total wire length on LAYER metal3 = 11699 um.
Total wire length on LAYER metal4 = 3244 um.
Total wire length on LAYER metal5 = 1221 um.
Total wire length on LAYER metal6 = 693 um.
Total wire length on LAYER metal7 = 0 um.
Total wire length on LAYER metal8 = 0 um.
Total wire length on LAYER metal9 = 0 um.
Total wire length on LAYER metal10 = 0 um.
Total number of vias = 13413.
Up-via summary (total 13413):

----------------
 active        0
 metal1     5929
 metal2     6371
 metal3      751
 metal4      267
 metal5       95
 metal6        0
 metal7        0
 metal8        0
 metal9        0
----------------
       13413


[INFO DRT-0195] Start 19th stubborn tiles iteration.
    Completing 10% with 6 violations.
    elapsed time = 00:00:28, memory = 1200.61 (MB).
    Completing 20% with 6 violations.
    elapsed time = 00:00:42, memory = 1191.55 (MB).
    Completing 30% with 6 violations.
    elapsed time = 00:00:48, memory = 1191.55 (MB).
    Completing 40% with 6 violations.
    elapsed time = 00:00:53, memory = 1191.55 (MB).
    Completing 50% with 6 violations.
    elapsed time = 00:00:59, memory = 1191.55 (MB).
    Completing 60% with 6 violations.
    elapsed time = 00:01:15, memory = 1191.55 (MB).
    Completing 70% with 6 violations.
    elapsed time = 00:01:27, memory = 1191.55 (MB).
    Completing 80% with 6 violations.
    elapsed time = 00:01:38, memory = 1191.55 (MB).
    Completing 90% with 6 violations.
    elapsed time = 00:01:45, memory = 1191.55 (MB).
    Completing 100% with 6 violations.
    elapsed time = 00:01:48, memory = 1191.55 (MB).
[INFO DRT-0199]   Number of violations = 6.
Viol/Layer      metal5
Metal Spacing        2
Short                4
[INFO DRT-0267] cpu time = 00:06:58, elapsed time = 00:01:48, memory = 1191.55 (MB), peak = 1204.84 (MB)
Total wire length = 26887 um.
Total wire length on LAYER metal1 = 0 um.
Total wire length on LAYER metal2 = 10027 um.
Total wire length on LAYER metal3 = 11699 um.
Total wire length on LAYER metal4 = 3244 um.
Total wire length on LAYER metal5 = 1222 um.
Total wire length on LAYER metal6 = 693 um.
Total wire length on LAYER metal7 = 0 um.
Total wire length on LAYER metal8 = 0 um.
Total wire length on LAYER metal9 = 0 um.
Total wire length on LAYER metal10 = 0 um.
Total number of vias = 13413.
Up-via summary (total 13413):

----------------
 active        0
 metal1     5929
 metal2     6371
 metal3      751
 metal4      267
 metal5       95
 metal6        0
 metal7        0
 metal8        0
 metal9        0
----------------
       13413


[INFO DRT-0195] Start 20th guides tiles iteration.
    Completing 20% with 6 violations.
    elapsed time = 00:00:00, memory = 1191.55 (MB).
    Completing 40% with 6 violations.
    elapsed time = 00:00:00, memory = 1191.55 (MB).
    Completing 60% with 6 violations.
    elapsed time = 00:00:01, memory = 1191.55 (MB).
    Completing 80% with 6 violations.
    elapsed time = 00:00:01, memory = 1191.55 (MB).
    Completing 100% with 6 violations.
    elapsed time = 00:00:01, memory = 1191.55 (MB).
[INFO DRT-0199]   Number of violations = 6.
Viol/Layer      metal5
Metal Spacing        2
Short                4
[INFO DRT-0267] cpu time = 00:00:03, elapsed time = 00:00:01, memory = 1191.55 (MB), peak = 1204.84 (MB)
Total wire length = 26887 um.
Total wire length on LAYER metal1 = 0 um.
Total wire length on LAYER metal2 = 10027 um.
Total wire length on LAYER metal3 = 11699 um.
Total wire length on LAYER metal4 = 3244 um.
Total wire length on LAYER metal5 = 1222 um.
Total wire length on LAYER metal6 = 693 um.
Total wire length on LAYER metal7 = 0 um.
Total wire length on LAYER metal8 = 0 um.
Total wire length on LAYER metal9 = 0 um.
Total wire length on LAYER metal10 = 0 um.
Total number of vias = 13413.
Up-via summary (total 13413):

----------------
 active        0
 metal1     5929
 metal2     6371
 metal3      751
 metal4      267
 metal5       95
 metal6        0
 metal7        0
 metal8        0
 metal9        0
----------------
       13413


[INFO DRT-0195] Start 21st stubborn tiles iteration.
    Completing 10% with 6 violations.
    elapsed time = 00:00:29, memory = 1191.55 (MB).
    Completing 20% with 6 violations.
    elapsed time = 00:00:46, memory = 1191.55 (MB).
    Completing 30% with 6 violations.
    elapsed time = 00:00:53, memory = 1191.55 (MB).
    Completing 40% with 6 violations.
    elapsed time = 00:00:59, memory = 1191.55 (MB).
    Completing 50% with 6 violations.
    elapsed time = 00:01:06, memory = 1191.55 (MB).
    Completing 60% with 6 violations.
    elapsed time = 00:01:24, memory = 1191.55 (MB).
    Completing 70% with 6 violations.
    elapsed time = 00:01:43, memory = 1191.55 (MB).
    Completing 80% with 6 violations.
    elapsed time = 00:01:56, memory = 1191.55 (MB).
    Completing 90% with 6 violations.
    elapsed time = 00:02:05, memory = 1191.55 (MB).
    Completing 100% with 6 violations.
    elapsed time = 00:02:07, memory = 1191.55 (MB).
[INFO DRT-0199]   Number of violations = 6.
Viol/Layer      metal5
Metal Spacing        2
Short                4
[INFO DRT-0267] cpu time = 00:08:26, elapsed time = 00:02:08, memory = 1191.55 (MB), peak = 1204.84 (MB)
Total wire length = 26887 um.
Total wire length on LAYER metal1 = 0 um.
Total wire length on LAYER metal2 = 10027 um.
Total wire length on LAYER metal3 = 11699 um.
Total wire length on LAYER metal4 = 3244 um.
Total wire length on LAYER metal5 = 1222 um.
Total wire length on LAYER metal6 = 693 um.
Total wire length on LAYER metal7 = 0 um.
Total wire length on LAYER metal8 = 0 um.
Total wire length on LAYER metal9 = 0 um.
Total wire length on LAYER metal10 = 0 um.
Total number of vias = 13413.
Up-via summary (total 13413):

----------------
 active        0
 metal1     5929
 metal2     6371
 metal3      751
 metal4      267
 metal5       95
 metal6        0
 metal7        0
 metal8        0
 metal9        0
----------------
       13413


[INFO DRT-0200] Skipping iteration 22
[INFO DRT-0195] Start 23rd guides tiles iteration.
    Completing 20% with 6 violations.
    elapsed time = 00:00:00, memory = 1191.55 (MB).
    Completing 40% with 6 violations.
    elapsed time = 00:00:00, memory = 1191.55 (MB).
    Completing 60% with 6 violations.
    elapsed time = 00:00:00, memory = 1191.55 (MB).
    Completing 80% with 6 violations.
    elapsed time = 00:00:01, memory = 1191.55 (MB).
    Completing 100% with 6 violations.
    elapsed time = 00:00:01, memory = 1191.55 (MB).
[INFO DRT-0199]   Number of violations = 6.
Viol/Layer      metal5
Metal Spacing        2
Short                4
[INFO DRT-0267] cpu time = 00:00:03, elapsed time = 00:00:02, memory = 1191.55 (MB), peak = 1204.84 (MB)
Total wire length = 26887 um.
Total wire length on LAYER metal1 = 0 um.
Total wire length on LAYER metal2 = 10027 um.
Total wire length on LAYER metal3 = 11699 um.
Total wire length on LAYER metal4 = 3245 um.
Total wire length on LAYER metal5 = 1221 um.
Total wire length on LAYER metal6 = 693 um.
Total wire length on LAYER metal7 = 0 um.
Total wire length on LAYER metal8 = 0 um.
Total wire length on LAYER metal9 = 0 um.
Total wire length on LAYER metal10 = 0 um.
Total number of vias = 13413.
Up-via summary (total 13413):

----------------
 active        0
 metal1     5929
 metal2     6371
 metal3      751
 metal4      267
 metal5       95
 metal6        0
 metal7        0
 metal8        0
 metal9        0
----------------
       13413


[INFO DRT-0195] Start 24th guides tiles iteration.
    Completing 20% with 6 violations.
    elapsed time = 00:00:00, memory = 1191.55 (MB).
    Completing 40% with 6 violations.
    elapsed time = 00:00:00, memory = 1191.55 (MB).
    Completing 60% with 6 violations.
    elapsed time = 00:00:01, memory = 1191.55 (MB).
    Completing 80% with 6 violations.
    elapsed time = 00:00:02, memory = 1191.55 (MB).
    Completing 100% with 6 violations.
    elapsed time = 00:00:02, memory = 1191.55 (MB).
[INFO DRT-0199]   Number of violations = 6.
Viol/Layer      metal5
Metal Spacing        2
Short                4
[INFO DRT-0267] cpu time = 00:00:03, elapsed time = 00:00:02, memory = 1191.55 (MB), peak = 1204.84 (MB)
Total wire length = 26887 um.
Total wire length on LAYER metal1 = 0 um.
Total wire length on LAYER metal2 = 10027 um.
Total wire length on LAYER metal3 = 11699 um.
Total wire length on LAYER metal4 = 3244 um.
Total wire length on LAYER metal5 = 1221 um.
Total wire length on LAYER metal6 = 693 um.
Total wire length on LAYER metal7 = 0 um.
Total wire length on LAYER metal8 = 0 um.
Total wire length on LAYER metal9 = 0 um.
Total wire length on LAYER metal10 = 0 um.
Total number of vias = 13413.
Up-via summary (total 13413):

----------------
 active        0
 metal1     5929
 metal2     6371
 metal3      751
 metal4      267
 metal5       95
 metal6        0
 metal7        0
 metal8        0
 metal9        0
----------------
       13413


[INFO DRT-0195] Start 25th optimization iteration.
    Completing 10% with 6 violations.
    elapsed time = 00:00:00, memory = 1191.55 (MB).
    Completing 20% with 6 violations.
    elapsed time = 00:00:00, memory = 1191.55 (MB).
    Completing 30% with 6 violations.
    elapsed time = 00:00:00, memory = 1191.55 (MB).
    Completing 40% with 6 violations.
    elapsed time = 00:00:01, memory = 1191.55 (MB).
    Completing 50% with 6 violations.
    elapsed time = 00:00:01, memory = 1191.55 (MB).
    Completing 60% with 6 violations.
    elapsed time = 00:00:02, memory = 1191.55 (MB).
    Completing 70% with 6 violations.
    elapsed time = 00:00:02, memory = 1191.55 (MB).
    Completing 80% with 6 violations.
    elapsed time = 00:00:02, memory = 1191.55 (MB).
    Completing 90% with 6 violations.
    elapsed time = 00:00:02, memory = 1191.55 (MB).
    Completing 100% with 6 violations.
    elapsed time = 00:00:02, memory = 1191.55 (MB).
[INFO DRT-0199]   Number of violations = 6.
Viol/Layer      metal5
Metal Spacing        2
Short                4
[INFO DRT-0267] cpu time = 00:00:03, elapsed time = 00:00:02, memory = 1191.55 (MB), peak = 1204.84 (MB)
Total wire length = 26885 um.
Total wire length on LAYER metal1 = 0 um.
Total wire length on LAYER metal2 = 10022 um.
Total wire length on LAYER metal3 = 11703 um.
Total wire length on LAYER metal4 = 3248 um.
Total wire length on LAYER metal5 = 1217 um.
Total wire length on LAYER metal6 = 693 um.
Total wire length on LAYER metal7 = 0 um.
Total wire length on LAYER metal8 = 0 um.
Total wire length on LAYER metal9 = 0 um.
Total wire length on LAYER metal10 = 0 um.
Total number of vias = 13417.
Up-via summary (total 13417):

----------------
 active        0
 metal1     5929
 metal2     6370
 metal3      756
 metal4      267
 metal5       95
 metal6        0
 metal7        0
 metal8        0
 metal9        0
----------------
       13417


[INFO DRT-0195] Start 26th guides tiles iteration.
    Completing 20% with 6 violations.
    elapsed time = 00:00:00, memory = 1191.55 (MB).
    Completing 40% with 6 violations.
    elapsed time = 00:00:00, memory = 1191.55 (MB).
    Completing 60% with 6 violations.
    elapsed time = 00:00:01, memory = 1191.55 (MB).
    Completing 80% with 6 violations.
    elapsed time = 00:00:01, memory = 1191.55 (MB).
    Completing 100% with 6 violations.
    elapsed time = 00:00:01, memory = 1191.55 (MB).
[INFO DRT-0199]   Number of violations = 6.
Viol/Layer      metal5
Metal Spacing        2
Short                4
[INFO DRT-0267] cpu time = 00:00:03, elapsed time = 00:00:01, memory = 1191.55 (MB), peak = 1204.84 (MB)
Total wire length = 26885 um.
Total wire length on LAYER metal1 = 0 um.
Total wire length on LAYER metal2 = 10022 um.
Total wire length on LAYER metal3 = 11700 um.
Total wire length on LAYER metal4 = 3247 um.
Total wire length on LAYER metal5 = 1221 um.
Total wire length on LAYER metal6 = 693 um.
Total wire length on LAYER metal7 = 0 um.
Total wire length on LAYER metal8 = 0 um.
Total wire length on LAYER metal9 = 0 um.
Total wire length on LAYER metal10 = 0 um.
Total number of vias = 13415.
Up-via summary (total 13415):

----------------
 active        0
 metal1     5929
 metal2     6370
 metal3      754
 metal4      267
 metal5       95
 metal6        0
 metal7        0
 metal8        0
 metal9        0
----------------
       13415


[INFO DRT-0195] Start 27th stubborn tiles iteration.
    Completing 10% with 6 violations.
    elapsed time = 00:00:30, memory = 1191.56 (MB).
    Completing 20% with 6 violations.
    elapsed time = 00:00:48, memory = 1191.56 (MB).
    Completing 30% with 6 violations.
    elapsed time = 00:00:56, memory = 1191.56 (MB).
    Completing 40% with 6 violations.
    elapsed time = 00:01:02, memory = 1191.56 (MB).
    Completing 50% with 6 violations.
    elapsed time = 00:01:09, memory = 1191.56 (MB).
    Completing 60% with 6 violations.
    elapsed time = 00:01:27, memory = 1191.56 (MB).
    Completing 70% with 6 violations.
    elapsed time = 00:01:50, memory = 1191.56 (MB).
    Completing 80% with 6 violations.
    elapsed time = 00:02:06, memory = 1191.56 (MB).
    Completing 90% with 6 violations.
    elapsed time = 00:02:15, memory = 1191.56 (MB).
    Completing 100% with 6 violations.
    elapsed time = 00:02:19, memory = 1191.56 (MB).
[INFO DRT-0199]   Number of violations = 6.
Viol/Layer      metal5
Metal Spacing        2
Short                4
[INFO DRT-0267] cpu time = 00:09:07, elapsed time = 00:02:19, memory = 1191.56 (MB), peak = 1204.84 (MB)
Total wire length = 26885 um.
Total wire length on LAYER metal1 = 0 um.
Total wire length on LAYER metal2 = 10022 um.
Total wire length on LAYER metal3 = 11700 um.
Total wire length on LAYER metal4 = 3247 um.
Total wire length on LAYER metal5 = 1221 um.
Total wire length on LAYER metal6 = 693 um.
Total wire length on LAYER metal7 = 0 um.
Total wire length on LAYER metal8 = 0 um.
Total wire length on LAYER metal9 = 0 um.
Total wire length on LAYER metal10 = 0 um.
Total number of vias = 13415.
Up-via summary (total 13415):

----------------
 active        0
 metal1     5929
 metal2     6370
 metal3      754
 metal4      267
 metal5       95
 metal6        0
 metal7        0
 metal8        0
 metal9        0
----------------
       13415


[INFO DRT-0200] Skipping iteration 28
[INFO DRT-0200] Skipping iteration 29
[INFO DRT-0195] Start 30th guides tiles iteration.
    Completing 20% with 6 violations.
    elapsed time = 00:00:00, memory = 1191.56 (MB).
    Completing 40% with 6 violations.
    elapsed time = 00:00:00, memory = 1191.56 (MB).
    Completing 60% with 6 violations.
    elapsed time = 00:00:01, memory = 1191.56 (MB).
    Completing 80% with 6 violations.
    elapsed time = 00:00:01, memory = 1191.56 (MB).
    Completing 100% with 6 violations.
    elapsed time = 00:00:01, memory = 1191.56 (MB).
[INFO DRT-0199]   Number of violations = 6.
Viol/Layer      metal5
Metal Spacing        2
Short                4
[INFO DRT-0267] cpu time = 00:00:03, elapsed time = 00:00:02, memory = 1191.56 (MB), peak = 1204.84 (MB)
Total wire length = 26885 um.
Total wire length on LAYER metal1 = 0 um.
Total wire length on LAYER metal2 = 10022 um.
Total wire length on LAYER metal3 = 11699 um.
Total wire length on LAYER metal4 = 3247 um.
Total wire length on LAYER metal5 = 1222 um.
Total wire length on LAYER metal6 = 693 um.
Total wire length on LAYER metal7 = 0 um.
Total wire length on LAYER metal8 = 0 um.
Total wire length on LAYER metal9 = 0 um.
Total wire length on LAYER metal10 = 0 um.
Total number of vias = 13415.
Up-via summary (total 13415):

----------------
 active        0
 metal1     5929
 metal2     6370
 metal3      754
 metal4      267
 metal5       95
 metal6        0
 metal7        0
 metal8        0
 metal9        0
----------------
       13415


[INFO DRT-0195] Start 31st guides tiles iteration.
    Completing 20% with 6 violations.
    elapsed time = 00:00:00, memory = 1191.56 (MB).
    Completing 40% with 6 violations.
    elapsed time = 00:00:00, memory = 1191.56 (MB).
    Completing 60% with 6 violations.
    elapsed time = 00:00:01, memory = 1191.56 (MB).
    Completing 80% with 6 violations.
    elapsed time = 00:00:01, memory = 1191.56 (MB).
    Completing 100% with 6 violations.
    elapsed time = 00:00:01, memory = 1191.56 (MB).
[INFO DRT-0199]   Number of violations = 6.
Viol/Layer      metal5
Metal Spacing        2
Short                4
[INFO DRT-0267] cpu time = 00:00:03, elapsed time = 00:00:02, memory = 1191.56 (MB), peak = 1204.84 (MB)
Total wire length = 26885 um.
Total wire length on LAYER metal1 = 0 um.
Total wire length on LAYER metal2 = 10022 um.
Total wire length on LAYER metal3 = 11700 um.
Total wire length on LAYER metal4 = 3247 um.
Total wire length on LAYER metal5 = 1221 um.
Total wire length on LAYER metal6 = 693 um.
Total wire length on LAYER metal7 = 0 um.
Total wire length on LAYER metal8 = 0 um.
Total wire length on LAYER metal9 = 0 um.
Total wire length on LAYER metal10 = 0 um.
Total number of vias = 13415.
Up-via summary (total 13415):

----------------
 active        0
 metal1     5929
 metal2     6370
 metal3      754
 metal4      267
 metal5       95
 metal6        0
 metal7        0
 metal8        0
 metal9        0
----------------
       13415


[INFO DRT-0195] Start 32nd stubborn tiles iteration.
    Completing 10% with 6 violations.
    elapsed time = 00:00:32, memory = 1191.57 (MB).
    Completing 20% with 6 violations.
    elapsed time = 00:00:49, memory = 1191.57 (MB).
    Completing 30% with 6 violations.
    elapsed time = 00:00:58, memory = 1191.57 (MB).
    Completing 40% with 6 violations.
    elapsed time = 00:01:03, memory = 1191.57 (MB).
    Completing 50% with 6 violations.
    elapsed time = 00:01:11, memory = 1191.57 (MB).
    Completing 60% with 6 violations.
    elapsed time = 00:01:30, memory = 1191.57 (MB).
