OpenROAD 26Q2-1164-g08f67ee5ec 
Features included (+) or not (-): +GPU +GUI +Python
This program is licensed under the BSD-3 license. See the LICENSE file for details.
Components of this program may be licensed under more restrictive licenses which must be honored.
[INFO ORD-0030] Using 4 thread(s).
read_liberty /root/pact-deps/OpenROAD-flow-scripts/flow/platforms/nangate45/lib/NangateOpenCellLibrary_typical.lib
read_db /mnt/c/Users/Abhinav/OneDrive/Desktop/PACT/PACT/results/phase2d_independent_gp/raw/orfs/results/nangate45/s9234f/phase2c_s29_1c5f8eefad4c/3_place.odb
read_sdc /mnt/c/Users/Abhinav/OneDrive/Desktop/PACT/PACT/results/phase2d_independent_gp/raw/orfs/results/nangate45/s9234f/phase2c_s29_1c5f8eefad4c/3_place.sdc
source /root/pact-deps/OpenROAD-flow-scripts/flow/platforms/nangate45/setRC.tcl
clock_tree_synthesis -sink_clustering_enable -repair_clock_nets
[INFO CTS-0050] Root buffer is CLKBUF_X3.
[INFO CTS-0051] Sink buffer is CLKBUF_X3.
[INFO CTS-0052] The following clock buffers will be used for CTS:
                    CLKBUF_X3
[INFO CTS-0049] Characterization buffer is CLKBUF_X3.
[INFO CTS-0007] Net "CK" found for clock "clk".
[INFO CTS-0010]  Clock net "CK" has 211 sinks.
[INFO CTS-0008] TritonCTS found 1 clock nets.
[INFO CTS-0097] Characterization used 1 buffer(s) types.
[INFO CTS-0201] 0 blockages from hard placement blockages and placed macros will be used.
[INFO CTS-0027] Generating H-Tree topology for net CK.
[INFO CTS-0028]  Total number of sinks: 211.
[INFO CTS-0090]  Sinks will be clustered based on buffer max cap.
[INFO CTS-0030]  Number of static layers: 0.
[INFO CTS-0020]  Wire segment unit: 14000  dbu (7 um).
[INFO CTS-0206] Best clustering solution was found from max clustering size of 8 and max clustering diameter of 38.
[INFO CTS-0019]  Total number of sinks after clustering: 34.
[INFO CTS-0024]  Normalized sink region: [(2.67007, 2.05429), (12.776, 12.9898)].
[INFO CTS-0025]     Width:  10.1059.
[INFO CTS-0026]     Height: 10.9355.
 Level 1
    Direction: Vertical
    Sinks per sub-region: 17
    Sub-region size: 10.1059 X 5.4678
[INFO CTS-0034]     Segment length (rounded): 2.
 Level 2
    Direction: Horizontal
    Sinks per sub-region: 9
    Sub-region size: 5.0529 X 5.4678
[INFO CTS-0034]     Segment length (rounded): 2.
[INFO CTS-0032]  Stop criterion found. Max number of sinks is 15.
[INFO CTS-0035]  Number of sinks covered: 34.
[INFO CTS-0018]     Created 39 clock buffers.
[INFO CTS-0012]     Minimum number of buffers in the clock path: 3.
[INFO CTS-0013]     Maximum number of buffers in the clock path: 3.
[INFO CTS-0015]     Created 39 clock nets.
[INFO CTS-0016]     Fanout distribution for the current clock = 3:1, 5:7, 6:11, 7:14, 8:3, 9:1, 10:1..
[INFO CTS-0017]     Max level of the clock tree: 2.
[INFO CTS-0098] Clock net "CK"
[INFO CTS-0099]  Sinks 238
[INFO CTS-0100]  Leaf buffers 34
[INFO CTS-0101]  Average sink wire length 133.54 um
[INFO CTS-0102]  Path depth 2 - 3
[INFO CTS-0207]  Dummy loads inserted 27
estimate_parasitics -placement
detailed_placement
[INFO DPL-0006] Core area: 10208.02 um^2, Instances area: 3605.90 um^2, Utilization: 35.3%
[INFO DPL-0005] Diamond search max displacement: +/- 500 sites horizontally, +/- 100 rows vertically.
[INFO DPL-1101] Legalizing using diamond search.
Movements Summary
---------------------------------------
Total cells:                    2614
Diamond Move Success:           2614 (100.00%)
Diamond Move Failure:              0
Rip-up and replace Success:        0 (  0.00% of diamond failures)
Rip-up and replace Failure:        0
Total Placement Failures:          0
---------------------------------------
Placement Analysis
---------------------------------
total displacement         72.3 u
average displacement        0.0 u
max displacement            2.1 u
original HPWL           24187.9 u
legalized HPWL          24484.6 u
delta HPWL                    1 %

estimate_parasitics -placement
repair_timing -setup_margin 0 -hold_margin 0 -repair_tns 100 -verbose
[INFO RSZ-0100] Repair move sequence: UnbufferMove SizeUpMove SwapPinsMove BufferMove CloneMove SplitLoadMove 
[INFO RSZ-0098] No setup violations found
[INFO RSZ-0046] Found 70 endpoints with hold violations.
Iteration | Resized | Buffers | Cloned Gates |   Area   |   WNS   |   TNS   | Endpoint
--------------------------------------------------------------------------------------
        0 |       0 |       0 |            0 |    +0.0% |  -0.090 |  -2.109 | U_g675/D
       10 |       0 |      18 |            0 |    +0.4% |  -0.081 |  -1.538 | U_g686/D
       20 |       0 |      37 |            0 |    +0.8% |  -0.037 |  -0.900 | U_g675/D
       30 |       0 |      38 |            0 |    +0.8% |  -0.037 |  -0.286 | U_g675/D
       40 |       0 |      38 |            0 |    +0.8% |  -0.037 |  -0.286 | U_g675/D
       50 |       0 |      38 |            0 |    +0.8% |  -0.037 |  -0.286 | U_g675/D
       60 |       0 |      40 |            0 |    +0.9% |  -0.037 |  -0.254 | U_g675/D
       70 |       0 |      42 |            0 |    +0.9% |  -0.037 |  -0.244 | U_g675/D
       80 |       0 |      57 |            0 |    +1.3% |  -0.000 |  -0.000 | U_g699/D
    final |       0 |      58 |            0 |    +1.3% |   0.000 |   0.000 | U_g15/D
--------------------------------------------------------------------------------------
[INFO RSZ-0032] Inserted 58 hold buffers.
detailed_placement
[INFO DPL-0006] Core area: 10208.02 um^2, Instances area: 3652.18 um^2, Utilization: 35.8%
[INFO DPL-0005] Diamond search max displacement: +/- 500 sites horizontally, +/- 100 rows vertically.
[INFO DPL-1101] Legalizing using diamond search.
Movements Summary
---------------------------------------
Total cells:                    2672
Diamond Move Success:           2672 (100.00%)
Diamond Move Failure:              0
Rip-up and replace Success:        0 (  0.00% of diamond failures)
Rip-up and replace Failure:        0
Total Placement Failures:          0
---------------------------------------
Placement Analysis
---------------------------------
total displacement         60.2 u
average displacement        0.0 u
max displacement            2.0 u
original HPWL           24628.1 u
legalized HPWL          24672.8 u
delta HPWL                    0 %

estimate_parasitics -placement
Report metrics stage 4, cts final...

==========================================================================
cts final report_design_area
--------------------------------------------------------------------------
Design area 3652 um^2 36% utilization.
write_db /mnt/c/Users/Abhinav/OneDrive/Desktop/PACT/PACT/results/phase2d_independent_gp/raw/orfs/results/nangate45/s9234f/phase2c_s29_1c5f8eefad4c/4_1_cts.odb
write_sdc -no_timestamp /mnt/c/Users/Abhinav/OneDrive/Desktop/PACT/PACT/results/phase2d_independent_gp/raw/orfs/results/nangate45/s9234f/phase2c_s29_1c5f8eefad4c/4_cts.sdc
Elapsed time: 0:06.99[h:]min:sec. CPU time: user 4.66 sys 1.06 (81%). Peak memory: 162996KB.
Log                       Ext     Elapsed/s Peak Memory/MB sha1sum result [0:20)
4_1_cts                   .odb            6            159 9cf66acddeea44a2e0f6
