OpenROAD 26Q2-1164-g08f67ee5ec 
Features included (+) or not (-): +GPU +GUI +Python
This program is licensed under the BSD-3 license. See the LICENSE file for details.
Components of this program may be licensed under more restrictive licenses which must be honored.
[INFO ORD-0030] Using 4 thread(s).
mkdir -p /mnt/c/Users/Abhinav/OneDrive/Desktop/PACT/PACT/results/phase2d_independent_gp/raw/orfs/objects/nangate45/s5378/phase2c_s29_5f2b28506038
/root/pact-deps/OpenROAD-flow-scripts/flow/scripts/flow.sh 4_1_cts cts
Running cts.tcl, stage 4_1_cts
read_liberty /root/pact-deps/OpenROAD-flow-scripts/flow/platforms/nangate45/lib/NangateOpenCellLibrary_typical.lib
read_db /mnt/c/Users/Abhinav/OneDrive/Desktop/PACT/PACT/results/phase2d_independent_gp/raw/orfs/results/nangate45/s5378/phase2c_s29_5f2b28506038/3_place.odb
read_sdc /mnt/c/Users/Abhinav/OneDrive/Desktop/PACT/PACT/results/phase2d_independent_gp/raw/orfs/results/nangate45/s5378/phase2c_s29_5f2b28506038/3_place.sdc
source /root/pact-deps/OpenROAD-flow-scripts/flow/platforms/nangate45/setRC.tcl
clock_tree_synthesis -sink_clustering_enable -repair_clock_nets
[INFO CTS-0050] Root buffer is CLKBUF_X3.
[INFO CTS-0051] Sink buffer is CLKBUF_X3.
[INFO CTS-0052] The following clock buffers will be used for CTS:
                    CLKBUF_X3
[INFO CTS-0049] Characterization buffer is CLKBUF_X3.
[INFO CTS-0007] Net "CK" found for clock "clk".
[INFO CTS-0010]  Clock net "CK" has 179 sinks.
[INFO CTS-0008] TritonCTS found 1 clock nets.
[INFO CTS-0097] Characterization used 1 buffer(s) types.
[INFO CTS-0201] 0 blockages from hard placement blockages and placed macros will be used.
[INFO CTS-0027] Generating H-Tree topology for net CK.
[INFO CTS-0028]  Total number of sinks: 179.
[INFO CTS-0090]  Sinks will be clustered based on buffer max cap.
[INFO CTS-0030]  Number of static layers: 0.
[INFO CTS-0020]  Wire segment unit: 14000  dbu (7 um).
[INFO CTS-0023]  Original sink region: [(12855, 15000), (161185, 149400)].
[INFO CTS-0024]  Normalized sink region: [(0.918214, 1.07143), (11.5132, 10.6714)].
[INFO CTS-0025]     Width:  10.5950.
[INFO CTS-0026]     Height: 9.6000.
 Level 1
    Direction: Horizontal
    Sinks per sub-region: 90
    Sub-region size: 5.2975 X 9.6000
[INFO CTS-0034]     Segment length (rounded): 2.
 Level 2
    Direction: Vertical
    Sinks per sub-region: 45
    Sub-region size: 5.2975 X 4.8000
[INFO CTS-0034]     Segment length (rounded): 2.
 Level 3
    Direction: Horizontal
    Sinks per sub-region: 23
    Sub-region size: 2.6488 X 4.8000
[INFO CTS-0034]     Segment length (rounded): 1.
 Level 4
    Direction: Vertical
    Sinks per sub-region: 12
    Sub-region size: 2.6488 X 2.4000
[INFO CTS-0034]     Segment length (rounded): 1.
[INFO CTS-0032]  Stop criterion found. Max number of sinks is 15.
[INFO CTS-0035]  Number of sinks covered: 179.
[INFO CTS-0018]     Created 17 clock buffers.
[INFO CTS-0012]     Minimum number of buffers in the clock path: 2.
[INFO CTS-0013]     Maximum number of buffers in the clock path: 2.
[INFO CTS-0015]     Created 17 clock nets.
[INFO CTS-0016]     Fanout distribution for the current clock = 7:2, 8:1, 9:2, 10:1, 11:2, 12:2, 13:3, 14:2, 16:1..
[INFO CTS-0017]     Max level of the clock tree: 4.
[INFO CTS-0098] Clock net "CK"
[INFO CTS-0099]  Sinks 194
[INFO CTS-0100]  Leaf buffers 0
[INFO CTS-0101]  Average sink wire length 121.56 um
[INFO CTS-0102]  Path depth 2 - 2
[INFO CTS-0207]  Dummy loads inserted 15
estimate_parasitics -placement
detailed_placement
[INFO DPL-0006] Core area: 6921.05 um^2, Instances area: 2553.07 um^2, Utilization: 36.9%
[INFO DPL-0005] Diamond search max displacement: +/- 500 sites horizontally, +/- 100 rows vertically.
[INFO DPL-1101] Legalizing using diamond search.
Movements Summary
---------------------------------------
Total cells:                    1931
Diamond Move Success:           1931 (100.00%)
Diamond Move Failure:              0
Rip-up and replace Success:        0 (  0.00% of diamond failures)
Rip-up and replace Failure:        0
Total Placement Failures:          0
---------------------------------------
Placement Analysis
---------------------------------
total displacement         65.5 u
average displacement        0.0 u
max displacement            2.4 u
original HPWL           16450.2 u
legalized HPWL          16762.6 u
delta HPWL                    2 %

estimate_parasitics -placement
repair_timing -setup_margin 0 -hold_margin 0 -repair_tns 100 -verbose
[INFO RSZ-0100] Repair move sequence: UnbufferMove SizeUpMove SwapPinsMove BufferMove CloneMove SplitLoadMove 
[INFO RSZ-0098] No setup violations found
[INFO RSZ-0046] Found 93 endpoints with hold violations.
Iteration | Resized | Buffers | Cloned Gates |   Area   |   WNS   |   TNS   | Endpoint
--------------------------------------------------------------------------------------
        0 |       0 |       0 |            0 |    +0.0% |  -0.081 |  -2.343 | U_n331gat/SI
       10 |       0 |      15 |            0 |    +0.5% |  -0.061 |  -1.625 | U_n1825gat/D
       20 |       0 |      26 |            0 |    +0.8% |  -0.051 |  -0.992 | U_n618gat/D
       30 |       0 |      31 |            0 |    +1.0% |  -0.030 |  -0.676 | U_n331gat/SI
       40 |       0 |      35 |            0 |    +1.1% |  -0.030 |  -0.465 | U_n331gat/SI
       50 |       0 |      40 |            0 |    +1.3% |  -0.030 |  -0.311 | U_n331gat/SI
       60 |       0 |      41 |            0 |    +1.3% |  -0.030 |  -0.030 | U_n331gat/SI
       70 |       0 |      41 |            0 |    +1.3% |  -0.030 |  -0.030 | U_n331gat/SI
       80 |       0 |      41 |            0 |    +1.3% |  -0.030 |  -0.030 | U_n331gat/SI
       90 |       0 |      41 |            0 |    +1.3% |  -0.030 |  -0.030 | U_n331gat/SI
    final |       0 |      43 |            0 |    +1.3% |   0.002 |   0.000 | U_n680gat/D
--------------------------------------------------------------------------------------
[INFO RSZ-0032] Inserted 43 hold buffers.
detailed_placement
[INFO DPL-0006] Core area: 6921.05 um^2, Instances area: 2587.38 um^2, Utilization: 37.4%
[INFO DPL-0005] Diamond search max displacement: +/- 500 sites horizontally, +/- 100 rows vertically.
[INFO DPL-1101] Legalizing using diamond search.
Movements Summary
---------------------------------------
Total cells:                    1974
Diamond Move Success:           1974 (100.00%)
Diamond Move Failure:              0
Rip-up and replace Success:        0 (  0.00% of diamond failures)
Rip-up and replace Failure:        0
Total Placement Failures:          0
---------------------------------------
Placement Analysis
---------------------------------
total displacement         34.3 u
average displacement        0.0 u
max displacement            1.6 u
original HPWL           16999.9 u
legalized HPWL          17022.5 u
delta HPWL                    0 %

estimate_parasitics -placement
Report metrics stage 4, cts final...

==========================================================================
cts final report_design_area
--------------------------------------------------------------------------
Design area 2587 um^2 37% utilization.
write_db /mnt/c/Users/Abhinav/OneDrive/Desktop/PACT/PACT/results/phase2d_independent_gp/raw/orfs/results/nangate45/s5378/phase2c_s29_5f2b28506038/4_1_cts.odb
write_sdc -no_timestamp /mnt/c/Users/Abhinav/OneDrive/Desktop/PACT/PACT/results/phase2d_independent_gp/raw/orfs/results/nangate45/s5378/phase2c_s29_5f2b28506038/4_cts.sdc
Log                       Ext     Elapsed/s Peak Memory/MB sha1sum result [0:20)
4_1_cts                   .odb            5            148 7f811794eae9c7c2957e
cp /mnt/c/Users/Abhinav/OneDrive/Desktop/PACT/PACT/results/phase2d_independent_gp/raw/orfs/results/nangate45/s5378/phase2c_s29_5f2b28506038/4_1_cts.odb /mnt/c/Users/Abhinav/OneDrive/Desktop/PACT/PACT/results/phase2d_independent_gp/raw/orfs/results/nangate45/s5378/phase2c_s29_5f2b28506038/4_cts.odb
/root/pact-deps/OpenROAD-flow-scripts/flow/scripts/flow.sh 5_1_grt global_route
Running global_route.tcl, stage 5_1_grt
read_liberty /root/pact-deps/OpenROAD-flow-scripts/flow/platforms/nangate45/lib/NangateOpenCellLibrary_typical.lib
read_db /mnt/c/Users/Abhinav/OneDrive/Desktop/PACT/PACT/results/phase2d_independent_gp/raw/orfs/results/nangate45/s5378/phase2c_s29_5f2b28506038/4_cts.odb
read_sdc /mnt/c/Users/Abhinav/OneDrive/Desktop/PACT/PACT/results/phase2d_independent_gp/raw/orfs/results/nangate45/s5378/phase2c_s29_5f2b28506038/4_cts.sdc
source /root/pact-deps/OpenROAD-flow-scripts/flow/platforms/nangate45/setRC.tcl
pin_access
[INFO DRT-0149] Reading tech and libs.

Units:                2000
Number of layers:     21
Number of macros:     135
Number of vias:       33
Number of viarulegen: 19

[INFO DRT-0150] Reading design.

Design:                   s5378
Die area:                 ( 0 0 ) ( 171970 171970 )
Number of track patterns: 20
Number of DEF vias:       0
Number of components:     2092
Number of terminals:      92
Number of snets:          2
Number of nets:           1998

[INFO DRT-0167] List of default vias:
  Layer via2
    default via: via2_5
  Layer via3
    default via: via3_2
  Layer via4
    default via: via4_0
  Layer via5
    default via: via5_0
  Layer via6
    default via: via6_0
  Layer via7
    default via: via7_0
  Layer via8
    default via: via8_0
  Layer via9
    default via: via9_0
[INFO DRT-0162] Library cell analysis.
[INFO DRT-0163] Instance analysis.
[INFO DRT-0164] Number of unique instances = 32.
[INFO DRT-0168] Init region query.
[INFO DRT-0024]   Complete active.
[INFO DRT-0024]   Complete Fr_VIA.
[INFO DRT-0024]   Complete metal1.
[INFO DRT-0024]   Complete via1.
[INFO DRT-0024]   Complete metal2.
[INFO DRT-0024]   Complete via2.
[INFO DRT-0024]   Complete metal3.
[INFO DRT-0024]   Complete via3.
[INFO DRT-0024]   Complete metal4.
[INFO DRT-0024]   Complete via4.
[INFO DRT-0024]   Complete metal5.
[INFO DRT-0024]   Complete via5.
[INFO DRT-0024]   Complete metal6.
[INFO DRT-0024]   Complete via6.
[INFO DRT-0024]   Complete metal7.
[INFO DRT-0024]   Complete via7.
[INFO DRT-0024]   Complete metal8.
[INFO DRT-0024]   Complete via8.
[INFO DRT-0024]   Complete metal9.
[INFO DRT-0024]   Complete via9.
[INFO DRT-0024]   Complete metal10.
[INFO DRT-0033] active shape region query size = 0.
[INFO DRT-0033] FR_VIA shape region query size = 0.
[INFO DRT-0033] metal1 shape region query size = 29341.
[INFO DRT-0033] via1 shape region query size = 270.
[INFO DRT-0033] metal2 shape region query size = 180.
[INFO DRT-0033] via2 shape region query size = 270.
[INFO DRT-0033] metal3 shape region query size = 180.
[INFO DRT-0033] via3 shape region query size = 270.
[INFO DRT-0033] metal4 shape region query size = 102.
[INFO DRT-0033] via4 shape region query size = 90.
[INFO DRT-0033] metal5 shape region query size = 75.
[INFO DRT-0033] via5 shape region query size = 90.
[INFO DRT-0033] metal6 shape region query size = 51.
[INFO DRT-0033] via6 shape region query size = 36.
[INFO DRT-0033] metal7 shape region query size = 21.
[INFO DRT-0033] via7 shape region query size = 0.
[INFO DRT-0033] metal8 shape region query size = 0.
[INFO DRT-0033] via8 shape region query size = 0.
[INFO DRT-0033] metal9 shape region query size = 0.
[INFO DRT-0033] via9 shape region query size = 0.
[INFO DRT-0033] metal10 shape region query size = 0.
[INFO DRT-0165] Start pin access.
[INFO DRT-0078]   Complete 152 pins.
[INFO DRT-0081]   Complete 32 unique inst patterns.
[INFO DRT-0084]   Complete 1055 groups.
#scanned instances     = 2092
#unique  instances     = 32
#stdCellGenAp          = 613
#stdCellValidPlanarAp  = 0
#stdCellValidViaAp     = 487
#stdCellPinNoAp        = 0
#stdCellPinCnt         = 5903
#instTermValidViaApCnt = 0
#macroGenAp            = 0
#macroValidPlanarAp    = 0
#macroValidViaAp       = 0
#macroNoAp             = 0
[INFO DRT-0166] Complete pin access.
[INFO DRT-0267] cpu time = 00:00:15, elapsed time = 00:00:03, memory = 116.09 (MB), peak = 115.60 (MB)
set_global_routing_random -seed 29
global_route -congestion_report_file /mnt/c/Users/Abhinav/OneDrive/Desktop/PACT/PACT/results/phase2d_independent_gp/raw/orfs/reports/nangate45/s5378/phase2c_s29_5f2b28506038/congestion.rpt -congestion_iterations 30 -congestion_report_iter_step 5 -verbose
[INFO GRT-0020] Min routing layer: metal2
[INFO GRT-0021] Max routing layer: metal10
[INFO GRT-0022] Global adjustment: 0%
[INFO GRT-0023] Grid origin: (0, 0)
[INFO GRT-0088] Layer metal1  Track-Pitch = 0.1400  line-2-Via Pitch: 0.1350
[INFO GRT-0088] Layer metal2  Track-Pitch = 0.1900  line-2-Via Pitch: 0.1400
[INFO GRT-0088] Layer metal3  Track-Pitch = 0.1400  line-2-Via Pitch: 0.1400
[INFO GRT-0088] Layer metal4  Track-Pitch = 0.2800  line-2-Via Pitch: 0.2800
[INFO GRT-0088] Layer metal5  Track-Pitch = 0.2800  line-2-Via Pitch: 0.2800
[INFO GRT-0088] Layer metal6  Track-Pitch = 0.2800  line-2-Via Pitch: 0.2800
[INFO GRT-0088] Layer metal7  Track-Pitch = 0.8000  line-2-Via Pitch: 0.8000
[INFO GRT-0088] Layer metal8  Track-Pitch = 0.8000  line-2-Via Pitch: 0.8000
[INFO GRT-0088] Layer metal9  Track-Pitch = 1.6000  line-2-Via Pitch: 1.6000
[INFO GRT-0088] Layer metal10 Track-Pitch = 1.6000  line-2-Via Pitch: 1.6000
[INFO GRT-0003] Macros: 0
[INFO GRT-0004] Blockages: 0
[INFO GRT-0019] Found 18 clock nets.
[INFO GRT-0001] Minimum degree: 2
[INFO GRT-0002] Maximum degree: 39

[INFO GRT-0053] Routing resources analysis:
          Routing      Original      Derated      Resource
Layer     Direction    Resources     Resources    Reduction (%)
---------------------------------------------------------------
metal1     Horizontal          0             0          0.00%
metal2     Vertical        12818          6032          52.94%
metal3     Horizontal      17709          8695          50.90%
metal4     Vertical         8700          6148          29.33%
metal5     Horizontal       8855          6255          29.36%
metal6     Vertical         8880          6276          29.32%
metal7     Horizontal       2726          1972          27.66%
metal8     Vertical         3103          2233          28.04%
metal9     Horizontal       1537           870          43.40%
metal10    Vertical         1537           870          43.40%
---------------------------------------------------------------

[INFO GRT-0197] Via related to pin nodes: 9252
[INFO GRT-0198] Via related Steiner nodes: 111
[INFO GRT-0199] Via filling finished.
[INFO GRT-0111] Final number of vias: 11358
[INFO GRT-0112] Final usage 3D: 40764

[INFO GRT-0096] Final congestion report:
Layer         Resource        Demand        Usage (%)    Max H / Max V / Total Overflow
---------------------------------------------------------------------------------------
metal1               0             0            0.00%             0 /  0 /  0
metal2            6032          2517           41.73%             0 /  0 /  0
metal3            8695          2863           32.93%             0 /  0 /  0
metal4            6148           840           13.66%             0 /  0 /  0
metal5            6255           348            5.56%             0 /  0 /  0
metal6            6276           122            1.94%             0 /  0 /  0
metal7            1972             0            0.00%             0 /  0 /  0
metal8            2233             0            0.00%             0 /  0 /  0
metal9             870             0            0.00%             0 /  0 /  0
metal10            870             0            0.00%             0 /  0 /  0
---------------------------------------------------------------------------------------
Total            39351          6690           17.00%             0 /  0 /  0

[INFO GRT-0018] Total wirelength: 29001 um
[INFO GRT-0014] Routed nets: 1998
[INFO GRT-0303] Global routing runtime = 00:00:00
estimate_parasitics -global_routing
Perform buffer insertion and gate resizing...
repair_design -verbose
Iteration |   Area    | Resized | Buffers | Nets repaired | Remaining
---------------------------------------------------------------------
        0 |     +0.0% |       0 |       0 |             0 |      2192
       10 |     +0.0% |       0 |       0 |             0 |      2182
       20 |     +0.0% |       0 |       0 |             0 |      2172
       30 |     +0.0% |       0 |       0 |             0 |      2162
       40 |     +0.0% |       0 |       0 |             0 |      2152
       50 |     +0.0% |       0 |       0 |             0 |      2142
       60 |     +0.0% |       0 |       0 |             0 |      2132
       70 |     +0.0% |       0 |       0 |             0 |      2122
       80 |     +0.0% |       0 |       0 |             0 |      2112
       90 |     +0.0% |       0 |       0 |             0 |      2102
      100 |     +0.0% |       0 |       0 |             0 |      2092
      110 |     +0.0% |       0 |       0 |             0 |      2082
      120 |     +0.0% |       0 |       0 |             0 |      2072
      130 |     +0.0% |       0 |       0 |             0 |      2062
      140 |     +0.0% |       0 |       0 |             0 |      2052
      150 |     +0.0% |       0 |       0 |             0 |      2042
      160 |     +0.0% |       0 |       0 |             0 |      2032
      170 |     +0.0% |       0 |       0 |             0 |      2022
      180 |     +0.0% |       0 |       0 |             0 |      2012
      190 |     +0.0% |       0 |       0 |             0 |      2002
      200 |     +0.0% |       0 |       0 |             0 |      1992
      210 |     +0.0% |       0 |       0 |             0 |      1982
      220 |     +0.0% |       0 |       0 |             0 |      1972
      230 |     +0.0% |       0 |       0 |             0 |      1962
      240 |     +0.0% |       0 |       0 |             0 |      1952
      250 |     +0.0% |       0 |       0 |             0 |      1942
      260 |     +0.0% |       0 |       0 |             0 |      1932
      270 |     +0.0% |       0 |       0 |             0 |      1922
      280 |     +0.0% |       0 |       0 |             0 |      1912
      290 |     +0.0% |       0 |       0 |             0 |      1902
      300 |     +0.0% |       0 |       0 |             0 |      1892
      310 |     +0.0% |       0 |       0 |             0 |      1882
      320 |     +0.0% |       0 |       0 |             0 |      1872
      330 |     +0.0% |       0 |       0 |             0 |      1862
      340 |     +0.0% |       0 |       0 |             0 |      1852
      350 |     +0.0% |       0 |       0 |             0 |      1842
      360 |     +0.0% |       0 |       0 |             0 |      1832
      370 |     +0.0% |       0 |       0 |             0 |      1822
      380 |     +0.0% |       0 |       0 |             0 |      1812
      390 |     +0.0% |       0 |       0 |             0 |      1802
      400 |     +0.0% |       0 |       0 |             0 |      1792
      410 |     +0.0% |       0 |       0 |             0 |      1782
      420 |     +0.0% |       0 |       0 |             0 |      1772
      430 |     +0.0% |       0 |       0 |             0 |      1762
      440 |     +0.0% |       0 |       0 |             0 |      1752
      450 |     +0.0% |       0 |       0 |             0 |      1742
      460 |     +0.0% |       0 |       0 |             0 |      1732
      470 |     +0.0% |       0 |       0 |             0 |      1722
      480 |     +0.0% |       0 |       0 |             0 |      1712
      490 |     +0.0% |       0 |       0 |             0 |      1702
      500 |     +0.0% |       0 |       0 |             0 |      1692
      510 |     +0.0% |       0 |       0 |             0 |      1682
      520 |     +0.0% |       0 |       0 |             0 |      1672
      530 |     +0.0% |       0 |       0 |             0 |      1662
      540 |     +0.0% |       0 |       0 |             0 |      1652
      550 |     +0.0% |       0 |       0 |             0 |      1642
      560 |     +0.0% |       0 |       0 |             0 |      1632
      570 |     +0.0% |       0 |       0 |             0 |      1622
      580 |     +0.0% |       0 |       0 |             0 |      1612
      590 |     +0.0% |       0 |       0 |             0 |      1602
      600 |     +0.0% |       0 |       0 |             1 |      1592
      610 |     +0.0% |       0 |       0 |             1 |      1582
      620 |     +0.0% |       0 |       0 |             1 |      1572
      630 |     +0.0% |       0 |       0 |             1 |      1562
      640 |     +0.0% |       0 |       0 |             1 |      1552
      650 |     +0.0% |       0 |       0 |             1 |      1542
      660 |     +0.0% |       0 |       0 |             1 |      1532
      670 |     +0.0% |       0 |       0 |             1 |      1522
      680 |     +0.0% |       0 |       0 |             1 |      1512
      690 |     +0.0% |       0 |       0 |             1 |      1502
      700 |     +0.0% |       0 |       0 |             1 |      1492
      710 |     +0.0% |       0 |       0 |             1 |      1482
      720 |     +0.0% |       0 |       0 |             1 |      1472
      730 |     +0.0% |       0 |       0 |             1 |      1462
      740 |     +0.0% |       0 |       0 |             1 |      1452
      750 |     +0.0% |       0 |       0 |             1 |      1442
      760 |     +0.0% |       0 |       0 |             1 |      1432
      770 |     +0.0% |       0 |       0 |             1 |      1422
      780 |     +0.0% |       0 |       0 |             1 |      1412
      790 |     +0.0% |       0 |       0 |             1 |      1402
      800 |     +0.0% |       0 |       0 |             1 |      1392
      810 |     +0.0% |       0 |       0 |             1 |      1382
      820 |     +0.0% |       0 |       0 |             1 |      1372
      830 |     +0.0% |       0 |       0 |             1 |      1362
      840 |     +0.0% |       0 |       0 |             1 |      1352
      850 |     +0.0% |       0 |       0 |             1 |      1342
      860 |     +0.0% |       0 |       0 |             1 |      1332
      870 |     +0.0% |       0 |       0 |             1 |      1322
      880 |     +0.0% |       0 |       0 |             1 |      1312
      890 |     +0.0% |       0 |       0 |             1 |      1302
      900 |     +0.0% |       0 |       0 |             1 |      1292
      910 |     +0.0% |       0 |       0 |             1 |      1282
      920 |     +0.0% |       0 |       0 |             1 |      1272
      930 |     +0.0% |       0 |       0 |             1 |      1262
      940 |     +0.0% |       0 |       0 |             1 |      1252
      950 |     +0.0% |       0 |       0 |             1 |      1242
      960 |     +0.0% |       0 |       0 |             1 |      1232
      970 |     +0.0% |       0 |       0 |             1 |      1222
      980 |     +0.0% |       0 |       0 |             1 |      1212
      990 |     +0.0% |       0 |       0 |             1 |      1202
     1000 |     +0.0% |       0 |       0 |             1 |      1192
     1010 |     +0.0% |       0 |       0 |             1 |      1182
     1020 |     +0.0% |       0 |       0 |             1 |      1172
     1030 |     +0.0% |       0 |       0 |             1 |      1162
     1040 |     +0.0% |       0 |       0 |             1 |      1152
     1050 |     +0.0% |       0 |       0 |             1 |      1142
     1060 |     +0.0% |       0 |       0 |             1 |      1132
     1070 |     +0.0% |       0 |       0 |             1 |      1122
     1080 |     +0.0% |       0 |       0 |             1 |      1112
     1090 |     +0.0% |       0 |       0 |             1 |      1102
     1100 |     +0.0% |       0 |       0 |             1 |      1092
     1110 |     +0.0% |       0 |       0 |             1 |      1082
     1120 |     +0.0% |       0 |       0 |             1 |      1072
     1130 |     +0.0% |       0 |       0 |             1 |      1062
     1140 |     +0.0% |       0 |       0 |             1 |      1052
     1150 |     +0.0% |       0 |       0 |             1 |      1042
     1160 |     +0.0% |       0 |       0 |             1 |      1032
     1170 |     +0.0% |       0 |       0 |             1 |      1022
     1180 |     +0.0% |       0 |       0 |             1 |      1012
     1190 |     +0.0% |       0 |       0 |             1 |      1002
     1200 |     +0.0% |       0 |       0 |             1 |       992
     1210 |     +0.0% |       0 |       0 |             1 |       982
     1220 |     +0.0% |       0 |       0 |             1 |       972
     1230 |     +0.0% |       0 |       0 |             1 |       962
     1240 |     +0.0% |       0 |       0 |             1 |       952
     1250 |     +0.0% |       0 |       0 |             1 |       942
     1260 |     +0.0% |       0 |       0 |             1 |       932
     1270 |     +0.0% |       0 |       0 |             1 |       922
     1280 |     +0.0% |       0 |       0 |             1 |       912
     1290 |     +0.0% |       0 |       0 |             1 |       902
     1300 |     +0.0% |       0 |       0 |             1 |       892
     1310 |     +0.0% |       0 |       0 |             1 |       882
     1320 |     +0.0% |       0 |       0 |             1 |       872
     1330 |     +0.0% |       0 |       0 |             1 |       862
     1340 |     +0.0% |       0 |       0 |             1 |       852
     1350 |     +0.0% |       0 |       0 |             1 |       842
     1360 |     +0.0% |       0 |       0 |             1 |       832
     1370 |     +0.0% |       0 |       0 |             1 |       822
     1380 |     +0.0% |       0 |       0 |             1 |       812
     1390 |     +0.0% |       0 |       0 |             1 |       802
     1400 |     +0.0% |       0 |       0 |             1 |       792
     1410 |     +0.0% |       0 |       0 |             1 |       782
     1420 |     +0.0% |       0 |       0 |             1 |       772
     1430 |     +0.0% |       0 |       0 |             1 |       762
     1440 |     +0.0% |       0 |       0 |             1 |       752
     1450 |     +0.0% |       0 |       0 |             1 |       742
     1460 |     +0.0% |       0 |       0 |             1 |       732
     1470 |     +0.0% |       0 |       0 |             1 |       722
     1480 |     +0.0% |       0 |       0 |             1 |       712
     1490 |     +0.0% |       0 |       0 |             1 |       702
     1500 |     +0.0% |       0 |       0 |             1 |       692
     1510 |     +0.0% |       0 |       0 |             1 |       682
     1520 |     +0.0% |       0 |       0 |             1 |       672
     1530 |     +0.0% |       0 |       0 |             1 |       662
     1540 |     +0.0% |       0 |       0 |             1 |       652
     1550 |     +0.0% |       0 |       0 |             1 |       642
     1560 |     +0.0% |       0 |       0 |             1 |       632
     1570 |     +0.0% |       0 |       0 |             1 |       622
     1580 |     +0.0% |       0 |       0 |             1 |       612
     1590 |     +0.0% |       0 |       0 |             1 |       602
     1600 |     +0.0% |       0 |       0 |             1 |       592
     1610 |     +0.0% |       0 |       0 |             1 |       582
     1620 |     +0.0% |       0 |       0 |             1 |       572
     1630 |     +0.0% |       0 |       0 |             1 |       562
     1640 |     +0.0% |       0 |       0 |             1 |       552
     1650 |     +0.0% |       0 |       0 |             1 |       542
     1660 |     +0.0% |       0 |       0 |             1 |       532
     1670 |     +0.0% |       0 |       0 |             1 |       522
     1680 |     +0.0% |       0 |       0 |             1 |       512
     1690 |     +0.0% |       0 |       0 |             1 |       502
     1700 |     +0.0% |       0 |       0 |             1 |       492
     1710 |     +0.0% |       0 |       0 |             1 |       482
     1720 |     +0.0% |       0 |       0 |             1 |       472
     1730 |     +0.0% |       0 |       0 |             1 |       462
     1740 |     +0.0% |       0 |       0 |             1 |       452
     1750 |     +0.0% |       0 |       0 |             1 |       442
     1760 |     +0.0% |       0 |       0 |             1 |       432
     1770 |     +0.0% |       0 |       0 |             1 |       422
     1780 |     +0.0% |       0 |       0 |             1 |       412
     1790 |     +0.0% |       0 |       0 |             1 |       402
     1800 |     +0.0% |       0 |       0 |             1 |       392
     1810 |     +0.0% |       0 |       0 |             1 |       382
     1820 |     +0.0% |       0 |       0 |             1 |       372
     1830 |     +0.0% |       0 |       0 |             1 |       362
     1840 |     +0.0% |       0 |       0 |             1 |       352
     1850 |     +0.0% |       0 |       0 |             1 |       342
     1860 |     +0.0% |       0 |       0 |             1 |       332
     1870 |     +0.0% |       0 |       0 |             1 |       322
     1880 |     +0.0% |       0 |       0 |             1 |       312
     1890 |     +0.0% |       0 |       0 |             1 |       302
     1900 |     +0.0% |       0 |       0 |             1 |       292
     1910 |     +0.0% |       0 |       0 |             1 |       282
     1920 |     +0.0% |       0 |       0 |             1 |       272
     1930 |     +0.0% |       0 |       0 |             1 |       262
     1940 |     +0.0% |       0 |       0 |             1 |       252
     1950 |     +0.0% |       0 |       0 |             1 |       242
     1960 |     +0.0% |       0 |       0 |             1 |       232
     1970 |     +0.0% |       0 |       0 |             1 |       222
     1980 |     +0.0% |       0 |       0 |             1 |       212
     1990 |     +0.0% |       0 |       0 |             1 |       202
     2000 |     +0.0% |       0 |       0 |             1 |       192
     2010 |     +0.0% |       0 |       0 |             1 |       182
     2020 |     +0.0% |       0 |       0 |             1 |       172
     2030 |     +0.0% |       0 |       0 |             1 |       162
     2040 |     +0.0% |       0 |       0 |             1 |       152
     2050 |     +0.0% |       0 |       0 |             1 |       142
     2060 |     +0.0% |       0 |       0 |             1 |       132
     2070 |     +0.0% |       0 |       0 |             1 |       122
     2080 |     +0.0% |       0 |       0 |             1 |       112
     2090 |     +0.0% |       0 |       0 |             1 |       102
     2100 |     +0.0% |       0 |       0 |             1 |        92
     2110 |     +0.0% |       0 |       0 |             1 |        82
     2120 |     +0.0% |       0 |       0 |             1 |        72
     2130 |     +0.0% |       0 |       0 |             1 |        62
     2140 |     +0.0% |       0 |       0 |             1 |        52
     2150 |     +0.0% |       0 |       0 |             1 |        42
     2160 |     +0.0% |       0 |       0 |             1 |        32
     2170 |     +0.0% |       0 |       0 |             1 |        22
     2180 |     +0.0% |       0 |       0 |             1 |        12
     2190 |     +0.0% |       0 |       0 |             1 |         2
    final |     +0.0% |       0 |       0 |             1 |         0
---------------------------------------------------------------------
[INFO RSZ-0036] Found 1 capacitance violations.
global_route -start_incremental
detailed_placement
[INFO DPL-0006] Core area: 6921.05 um^2, Instances area: 2587.38 um^2, Utilization: 37.4%
[INFO DPL-0005] Diamond search max displacement: +/- 500 sites horizontally, +/- 100 rows vertically.
[INFO DPL-1101] Legalizing using diamond search.
Movements Summary
---------------------------------------
Total cells:                    1974
Diamond Move Success:           1974 (100.00%)
Diamond Move Failure:              0
Rip-up and replace Success:        0 (  0.00% of diamond failures)
Rip-up and replace Failure:        0
Total Placement Failures:          0
---------------------------------------
Placement Analysis
---------------------------------
total displacement          0.0 u
average displacement        0.0 u
max displacement            0.0 u
original HPWL           17022.5 u
legalized HPWL          17022.5 u
delta HPWL                    0 %

global_route -end_incremental -congestion_report_file /mnt/c/Users/Abhinav/OneDrive/Desktop/PACT/PACT/results/phase2d_independent_gp/raw/orfs/reports/nangate45/s5378/phase2c_s29_5f2b28506038/congestion_post_repair_design.rpt
Repair setup and hold violations...
estimate_parasitics -global_routing
repair_timing -setup_margin 0 -hold_margin 0 -repair_tns 100 -verbose
[INFO RSZ-0100] Repair move sequence: UnbufferMove SizeUpMove SwapPinsMove BufferMove CloneMove SplitLoadMove 
[INFO RSZ-0098] No setup violations found
[INFO RSZ-0033] No hold violations found.
global_route -start_incremental
detailed_placement
[INFO DPL-0006] Core area: 6921.05 um^2, Instances area: 2587.38 um^2, Utilization: 37.4%
[INFO DPL-0005] Diamond search max displacement: +/- 500 sites horizontally, +/- 100 rows vertically.
[INFO DPL-1101] Legalizing using diamond search.
Movements Summary
---------------------------------------
Total cells:                    1974
Diamond Move Success:           1974 (100.00%)
Diamond Move Failure:              0
Rip-up and replace Success:        0 (  0.00% of diamond failures)
Rip-up and replace Failure:        0
Total Placement Failures:          0
---------------------------------------
Placement Analysis
---------------------------------
total displacement          0.0 u
average displacement        0.0 u
max displacement            0.0 u
original HPWL           17022.5 u
legalized HPWL          17022.5 u
delta HPWL                    0 %

check_placement -verbose
global_route -end_incremental -congestion_report_file /mnt/c/Users/Abhinav/OneDrive/Desktop/PACT/PACT/results/phase2d_independent_gp/raw/orfs/reports/nangate45/s5378/phase2c_s29_5f2b28506038/congestion_post_repair_timing.rpt
estimate_parasitics -global_routing
global_route -start_incremental
global_route -end_incremental -congestion_report_file /mnt/c/Users/Abhinav/OneDrive/Desktop/PACT/PACT/results/phase2d_independent_gp/raw/orfs/reports/nangate45/s5378/phase2c_s29_5f2b28506038/congestion_post_recover_power.rpt
Repair antennas...
[WARNING GRT-0246] No diode with LEF class CORE ANTENNACELL found.
[INFO ANT-0002] Found 0 net violations.
[INFO ANT-0001] Found 0 pin violations.
Estimate parasitics...
estimate_parasitics -global_routing
Report metrics stage 5, global route...

==========================================================================
global route report_design_area
--------------------------------------------------------------------------
Design area 2587 um^2 37% utilization.
[INFO FLW-0007] clock clk period 10.000000
[INFO FLW-0008] Clock clk period 0.820
[INFO FLW-0009] Clock clk slack 9.136
write_sdc -no_timestamp /mnt/c/Users/Abhinav/OneDrive/Desktop/PACT/PACT/results/phase2d_independent_gp/raw/orfs/results/nangate45/s5378/phase2c_s29_5f2b28506038/updated_clks.sdc
[INFO FLW-0011] Path endpoint path count 782
write_db /mnt/c/Users/Abhinav/OneDrive/Desktop/PACT/PACT/results/phase2d_independent_gp/raw/orfs/results/nangate45/s5378/phase2c_s29_5f2b28506038/5_1_grt.odb
write_sdc -no_timestamp /mnt/c/Users/Abhinav/OneDrive/Desktop/PACT/PACT/results/phase2d_independent_gp/raw/orfs/results/nangate45/s5378/phase2c_s29_5f2b28506038/5_1_grt.sdc
Log                       Ext     Elapsed/s Peak Memory/MB sha1sum result [0:20)
5_1_grt                   .odb            9            301 337d65f038f56e6fab01
5_1_grt                   .sdc                             dc3b136b356fec3f3ef5
/root/pact-deps/OpenROAD-flow-scripts/flow/scripts/flow.sh 5_2_route detail_route
Running detail_route.tcl, stage 5_2_route
read_liberty /root/pact-deps/OpenROAD-flow-scripts/flow/platforms/nangate45/lib/NangateOpenCellLibrary_typical.lib
read_db /mnt/c/Users/Abhinav/OneDrive/Desktop/PACT/PACT/results/phase2d_independent_gp/raw/orfs/results/nangate45/s5378/phase2c_s29_5f2b28506038/5_1_grt.odb
read_sdc /mnt/c/Users/Abhinav/OneDrive/Desktop/PACT/PACT/results/phase2d_independent_gp/raw/orfs/results/nangate45/s5378/phase2c_s29_5f2b28506038/5_1_grt.sdc
source /root/pact-deps/OpenROAD-flow-scripts/flow/platforms/nangate45/setRC.tcl
detailed_route -output_drc /mnt/c/Users/Abhinav/OneDrive/Desktop/PACT/PACT/results/phase2d_independent_gp/raw/orfs/reports/nangate45/s5378/phase2c_s29_5f2b28506038/5_route_drc.rpt -output_maze /mnt/c/Users/Abhinav/OneDrive/Desktop/PACT/PACT/results/phase2d_independent_gp/raw/orfs/results/nangate45/s5378/phase2c_s29_5f2b28506038/maze.log -droute_end_iter 64 -verbose 1 -drc_report_iter_step 5
[INFO DRT-0149] Reading tech and libs.

Units:                2000
Number of layers:     21
Number of macros:     135
Number of vias:       33
Number of viarulegen: 19

[INFO DRT-0150] Reading design.

Design:                   s5378
Die area:                 ( 0 0 ) ( 171970 171970 )
Number of track patterns: 20
Number of DEF vias:       0
Number of components:     2092
Number of terminals:      92
Number of snets:          2
Number of nets:           1998

[INFO DRT-0167] List of default vias:
  Layer via2
    default via: via2_5
  Layer via3
    default via: via3_2
  Layer via4
    default via: via4_0
  Layer via5
    default via: via5_0
  Layer via6
    default via: via6_0
  Layer via7
    default via: via7_0
  Layer via8
    default via: via8_0
  Layer via9
    default via: via9_0
[INFO DRT-0162] Library cell analysis.
[INFO DRT-0163] Instance analysis.
[INFO DRT-0164] Number of unique instances = 32.
[INFO DRT-0168] Init region query.
[INFO DRT-0024]   Complete active.
[INFO DRT-0024]   Complete Fr_VIA.
[INFO DRT-0024]   Complete metal1.
[INFO DRT-0024]   Complete via1.
[INFO DRT-0024]   Complete metal2.
[INFO DRT-0024]   Complete via2.
[INFO DRT-0024]   Complete metal3.
[INFO DRT-0024]   Complete via3.
[INFO DRT-0024]   Complete metal4.
[INFO DRT-0024]   Complete via4.
[INFO DRT-0024]   Complete metal5.
[INFO DRT-0024]   Complete via5.
[INFO DRT-0024]   Complete metal6.
[INFO DRT-0024]   Complete via6.
[INFO DRT-0024]   Complete metal7.
[INFO DRT-0024]   Complete via7.
[INFO DRT-0024]   Complete metal8.
[INFO DRT-0024]   Complete via8.
[INFO DRT-0024]   Complete metal9.
[INFO DRT-0024]   Complete via9.
[INFO DRT-0024]   Complete metal10.
[INFO DRT-0033] active shape region query size = 0.
[INFO DRT-0033] FR_VIA shape region query size = 0.
[INFO DRT-0033] metal1 shape region query size = 29341.
[INFO DRT-0033] via1 shape region query size = 270.
[INFO DRT-0033] metal2 shape region query size = 180.
[INFO DRT-0033] via2 shape region query size = 270.
[INFO DRT-0033] metal3 shape region query size = 180.
[INFO DRT-0033] via3 shape region query size = 270.
[INFO DRT-0033] metal4 shape region query size = 102.
[INFO DRT-0033] via4 shape region query size = 90.
[INFO DRT-0033] metal5 shape region query size = 75.
[INFO DRT-0033] via5 shape region query size = 90.
[INFO DRT-0033] metal6 shape region query size = 51.
[INFO DRT-0033] via6 shape region query size = 36.
[INFO DRT-0033] metal7 shape region query size = 21.
[INFO DRT-0033] via7 shape region query size = 0.
[INFO DRT-0033] metal8 shape region query size = 0.
[INFO DRT-0033] via8 shape region query size = 0.
[INFO DRT-0033] metal9 shape region query size = 0.
[INFO DRT-0033] via9 shape region query size = 0.
[INFO DRT-0033] metal10 shape region query size = 0.
[INFO DRT-0165] Start pin access.
[INFO DRT-0078]   Complete 152 pins.
[INFO DRT-0081]   Complete 32 unique inst patterns.
[INFO DRT-0084]   Complete 1055 groups.
#scanned instances     = 2092
#unique  instances     = 32
#stdCellGenAp          = 613
#stdCellValidPlanarAp  = 0
#stdCellValidViaAp     = 487
#stdCellPinNoAp        = 0
#stdCellPinCnt         = 5903
#instTermValidViaApCnt = 0
#macroGenAp            = 0
#macroValidPlanarAp    = 0
#macroValidViaAp       = 0
#macroNoAp             = 0
[INFO DRT-0166] Complete pin access.
[INFO DRT-0267] cpu time = 00:00:15, elapsed time = 00:00:04, memory = 261.15 (MB), peak = 260.86 (MB)

[INFO DRT-0157] Number of guides:     12883

[INFO DRT-0169] Post process guides.
[INFO DRT-0176] GCELLGRID X 0 DO 30 STEP 5700 ;
[INFO DRT-0177] GCELLGRID Y 0 DO 30 STEP 5700 ;
[INFO DRT-0028]   Complete active.
[INFO DRT-0028]   Complete Fr_VIA.
[INFO DRT-0028]   Complete metal1.
[INFO DRT-0028]   Complete via1.
[INFO DRT-0028]   Complete metal2.
[INFO DRT-0028]   Complete via2.
[INFO DRT-0028]   Complete metal3.
[INFO DRT-0028]   Complete via3.
[INFO DRT-0028]   Complete metal4.
[INFO DRT-0028]   Complete via4.
[INFO DRT-0028]   Complete metal5.
[INFO DRT-0028]   Complete via5.
[INFO DRT-0028]   Complete metal6.
[INFO DRT-0028]   Complete via6.
[INFO DRT-0028]   Complete metal7.
[INFO DRT-0028]   Complete via7.
[INFO DRT-0028]   Complete metal8.
[INFO DRT-0028]   Complete via8.
[INFO DRT-0028]   Complete metal9.
[INFO DRT-0028]   Complete via9.
[INFO DRT-0028]   Complete metal10.
[INFO DRT-0178] Init guide query.
[INFO DRT-0035]   Complete active (guide).
[INFO DRT-0035]   Complete Fr_VIA (guide).
[INFO DRT-0035]   Complete metal1 (guide).
[INFO DRT-0035]   Complete via1 (guide).
[INFO DRT-0035]   Complete metal2 (guide).
[INFO DRT-0035]   Complete via2 (guide).
[INFO DRT-0035]   Complete metal3 (guide).
[INFO DRT-0035]   Complete via3 (guide).
[INFO DRT-0035]   Complete metal4 (guide).
[INFO DRT-0035]   Complete via4 (guide).
[INFO DRT-0035]   Complete metal5 (guide).
[INFO DRT-0035]   Complete via5 (guide).
[INFO DRT-0035]   Complete metal6 (guide).
[INFO DRT-0035]   Complete via6 (guide).
[INFO DRT-0035]   Complete metal7 (guide).
[INFO DRT-0035]   Complete via7 (guide).
[INFO DRT-0035]   Complete metal8 (guide).
[INFO DRT-0035]   Complete via8 (guide).
[INFO DRT-0035]   Complete metal9 (guide).
[INFO DRT-0035]   Complete via9 (guide).
[INFO DRT-0035]   Complete metal10 (guide).
[INFO DRT-0036] active guide region query size = 0.
[INFO DRT-0036] FR_VIA guide region query size = 0.
[INFO DRT-0036] metal1 guide region query size = 4602.
[INFO DRT-0036] via1 guide region query size = 0.
[INFO DRT-0036] metal2 guide region query size = 3603.
[INFO DRT-0036] via2 guide region query size = 0.
[INFO DRT-0036] metal3 guide region query size = 1873.
[INFO DRT-0036] via3 guide region query size = 0.
[INFO DRT-0036] metal4 guide region query size = 284.
[INFO DRT-0036] via4 guide region query size = 0.
[INFO DRT-0036] metal5 guide region query size = 145.
[INFO DRT-0036] via5 guide region query size = 0.
[INFO DRT-0036] metal6 guide region query size = 45.
[INFO DRT-0036] via6 guide region query size = 0.
[INFO DRT-0036] metal7 guide region query size = 0.
[INFO DRT-0036] via7 guide region query size = 0.
[INFO DRT-0036] metal8 guide region query size = 0.
[INFO DRT-0036] via8 guide region query size = 0.
[INFO DRT-0036] metal9 guide region query size = 0.
[INFO DRT-0036] via9 guide region query size = 0.
[INFO DRT-0036] metal10 guide region query size = 0.
[INFO DRT-0179] Init gr pin query.
[INFO DRT-0267] cpu time = 00:00:00, elapsed time = 00:00:00, memory = 265.88 (MB), peak = 265.49 (MB)
[INFO DRT-0245] skipped writing guide updates to database.
[INFO DRT-0181] Start track assignment.
[INFO DRT-0184] Done with 3932 vertical wires in 1 frboxes and 6620 horizontal wires in 1 frboxes.
[INFO DRT-0186] Done with 947 vertical wires in 1 frboxes and 1074 horizontal wires in 1 frboxes.
[INFO DRT-0182] Complete track assignment.
[INFO DRT-0267] cpu time = 00:00:01, elapsed time = 00:00:00, memory = 291.96 (MB), peak = 291.70 (MB)
[INFO DRT-0187] Start routing data preparation.
[INFO DRT-0267] cpu time = 00:00:00, elapsed time = 00:00:00, memory = 292.54 (MB), peak = 292.32 (MB)
[INFO DRT-0194] Start detail routing.
[INFO DRT-0195] Start 0th optimization iteration.
    Completing 10% with 0 violations.
    elapsed time = 00:00:00, memory = 335.99 (MB).
    Completing 20% with 0 violations.
    elapsed time = 00:00:01, memory = 339.24 (MB).
    Completing 30% with 0 violations.
    elapsed time = 00:00:02, memory = 325.46 (MB).
    Completing 40% with 65 violations.
    elapsed time = 00:00:03, memory = 359.46 (MB).
    Completing 50% with 65 violations.
    elapsed time = 00:00:04, memory = 362.61 (MB).
    Completing 60% with 65 violations.
    elapsed time = 00:00:04, memory = 348.94 (MB).
    Completing 70% with 110 violations.
    elapsed time = 00:00:04, memory = 386.04 (MB).
    Completing 80% with 110 violations.
    elapsed time = 00:00:06, memory = 373.45 (MB).
    Completing 90% with 166 violations.
    elapsed time = 00:00:09, memory = 396.57 (MB).
    Completing 100% with 211 violations.
    elapsed time = 00:00:11, memory = 377.83 (MB).
[INFO DRT-0199]   Number of violations = 296.
Viol/Layer        via1 metal2 metal3 metal4 metal5
Metal Spacing        0     17      0      0      0
Recheck              0     64     20      1      0
Short                1    166     26      0      1
[INFO DRT-0267] cpu time = 00:00:29, elapsed time = 00:00:12, memory = 906.87 (MB), peak = 906.63 (MB)
Total wire length = 19414 um.
Total wire length on LAYER metal1 = 0 um.
Total wire length on LAYER metal2 = 7576 um.
Total wire length on LAYER metal3 = 8414 um.
Total wire length on LAYER metal4 = 2195 um.
Total wire length on LAYER metal5 = 840 um.
Total wire length on LAYER metal6 = 386 um.
Total wire length on LAYER metal7 = 0 um.
Total wire length on LAYER metal8 = 0 um.
Total wire length on LAYER metal9 = 0 um.
Total wire length on LAYER metal10 = 0 um.
Total number of vias = 11531.
Up-via summary (total 11531):

----------------
 active        0
 metal1     5930
 metal2     4970
 metal3      404
 metal4      171
 metal5       56
 metal6        0
 metal7        0
 metal8        0
 metal9        0
----------------
       11531


[INFO DRT-0195] Start 1st optimization iteration.
    Completing 10% with 296 violations.
    elapsed time = 00:00:00, memory = 906.87 (MB).
    Completing 20% with 296 violations.
    elapsed time = 00:00:00, memory = 906.87 (MB).
    Completing 30% with 296 violations.
    elapsed time = 00:00:01, memory = 906.87 (MB).
    Completing 40% with 249 violations.
    elapsed time = 00:00:03, memory = 921.88 (MB).
    Completing 50% with 249 violations.
    elapsed time = 00:00:03, memory = 921.88 (MB).
    Completing 60% with 249 violations.
    elapsed time = 00:00:04, memory = 921.91 (MB).
    Completing 70% with 193 violations.
    elapsed time = 00:00:05, memory = 947.71 (MB).
    Completing 80% with 193 violations.
    elapsed time = 00:00:07, memory = 947.71 (MB).
    Completing 90% with 137 violations.
    elapsed time = 00:00:10, memory = 936.23 (MB).
    Completing 100% with 82 violations.
    elapsed time = 00:00:11, memory = 936.77 (MB).
[INFO DRT-0199]   Number of violations = 82.
Viol/Layer      metal2 metal3
Metal Spacing       12      0
Short               69      1
[INFO DRT-0267] cpu time = 00:00:28, elapsed time = 00:00:11, memory = 939.77 (MB), peak = 947.38 (MB)
Total wire length = 19304 um.
Total wire length on LAYER metal1 = 0 um.
Total wire length on LAYER metal2 = 7547 um.
Total wire length on LAYER metal3 = 8352 um.
Total wire length on LAYER metal4 = 2188 um.
Total wire length on LAYER metal5 = 830 um.
Total wire length on LAYER metal6 = 385 um.
Total wire length on LAYER metal7 = 0 um.
Total wire length on LAYER metal8 = 0 um.
Total wire length on LAYER metal9 = 0 um.
Total wire length on LAYER metal10 = 0 um.
Total number of vias = 11471.
Up-via summary (total 11471):

----------------
 active        0
 metal1     5932
 metal2     4930
 metal3      388
 metal4      165
 metal5       56
 metal6        0
 metal7        0
 metal8        0
 metal9        0
----------------
       11471


[INFO DRT-0195] Start 2nd optimization iteration.
    Completing 10% with 82 violations.
    elapsed time = 00:00:00, memory = 939.77 (MB).
    Completing 20% with 82 violations.
    elapsed time = 00:00:00, memory = 939.77 (MB).
    Completing 30% with 82 violations.
    elapsed time = 00:00:01, memory = 939.77 (MB).
    Completing 40% with 88 violations.
    elapsed time = 00:00:03, memory = 939.77 (MB).
    Completing 50% with 88 violations.
    elapsed time = 00:00:04, memory = 939.77 (MB).
    Completing 60% with 88 violations.
    elapsed time = 00:00:05, memory = 939.77 (MB).
    Completing 70% with 76 violations.
    elapsed time = 00:00:06, memory = 943.58 (MB).
    Completing 80% with 76 violations.
    elapsed time = 00:00:07, memory = 945.63 (MB).
    Completing 90% with 81 violations.
    elapsed time = 00:00:10, memory = 945.83 (MB).
    Completing 100% with 73 violations.
    elapsed time = 00:00:11, memory = 947.12 (MB).
[INFO DRT-0199]   Number of violations = 73.
Viol/Layer      metal2 metal3
Metal Spacing        5      0
Short               67      1
[INFO DRT-0267] cpu time = 00:00:25, elapsed time = 00:00:11, memory = 947.12 (MB), peak = 947.38 (MB)
Total wire length = 19289 um.
Total wire length on LAYER metal1 = 0 um.
Total wire length on LAYER metal2 = 7569 um.
Total wire length on LAYER metal3 = 8323 um.
Total wire length on LAYER metal4 = 2180 um.
Total wire length on LAYER metal5 = 831 um.
Total wire length on LAYER metal6 = 384 um.
Total wire length on LAYER metal7 = 0 um.
Total wire length on LAYER metal8 = 0 um.
Total wire length on LAYER metal9 = 0 um.
Total wire length on LAYER metal10 = 0 um.
Total number of vias = 11468.
Up-via summary (total 11468):

----------------
 active        0
 metal1     5933
 metal2     4920
 metal3      393
 metal4      166
 metal5       56
 metal6        0
 metal7        0
 metal8        0
 metal9        0
----------------
       11468


[INFO DRT-0195] Start 3rd guides tiles iteration.
    Completing 10% with 73 violations.
    elapsed time = 00:00:00, memory = 947.12 (MB).
    Completing 20% with 21 violations.
    elapsed time = 00:00:13, memory = 947.12 (MB).
    Completing 30% with 21 violations.
    elapsed time = 00:00:13, memory = 947.12 (MB).
    Completing 40% with 21 violations.
    elapsed time = 00:00:13, memory = 947.12 (MB).
    Completing 50% with 14 violations.
    elapsed time = 00:00:13, memory = 947.12 (MB).
    Completing 60% with 14 violations.
    elapsed time = 00:00:13, memory = 947.12 (MB).
    Completing 70% with 14 violations.
    elapsed time = 00:00:13, memory = 947.12 (MB).
    Completing 80% with 14 violations.
    elapsed time = 00:00:13, memory = 947.12 (MB).
    Completing 90% with 5 violations.
    elapsed time = 00:00:13, memory = 947.12 (MB).
    Completing 100% with 0 violations.
    elapsed time = 00:00:14, memory = 947.12 (MB).
[INFO DRT-0199]   Number of violations = 0.
[INFO DRT-0267] cpu time = 00:00:15, elapsed time = 00:00:14, memory = 947.12 (MB), peak = 947.38 (MB)
Total wire length = 19288 um.
Total wire length on LAYER metal1 = 0 um.
Total wire length on LAYER metal2 = 7394 um.
Total wire length on LAYER metal3 = 8364 um.
Total wire length on LAYER metal4 = 2354 um.
Total wire length on LAYER metal5 = 816 um.
Total wire length on LAYER metal6 = 358 um.
Total wire length on LAYER metal7 = 0 um.
Total wire length on LAYER metal8 = 0 um.
Total wire length on LAYER metal9 = 0 um.
Total wire length on LAYER metal10 = 0 um.
Total number of vias = 11554.
Up-via summary (total 11554):

----------------
 active        0
 metal1     5933
 metal2     4968
 metal3      437
 metal4      162
 metal5       54
 metal6        0
 metal7        0
 metal8        0
 metal9        0
----------------
       11554


[INFO DRT-0198] Complete detail routing.
Total wire length = 19288 um.
Total wire length on LAYER metal1 = 0 um.
Total wire length on LAYER metal2 = 7394 um.
Total wire length on LAYER metal3 = 8364 um.
Total wire length on LAYER metal4 = 2354 um.
Total wire length on LAYER metal5 = 816 um.
Total wire length on LAYER metal6 = 358 um.
Total wire length on LAYER metal7 = 0 um.
Total wire length on LAYER metal8 = 0 um.
Total wire length on LAYER metal9 = 0 um.
Total wire length on LAYER metal10 = 0 um.
Total number of vias = 11554.
Up-via summary (total 11554):

----------------
 active        0
 metal1     5933
 metal2     4968
 metal3      437
 metal4      162
 metal5       54
 metal6        0
 metal7        0
 metal8        0
 metal9        0
----------------
       11554


[INFO DRT-0267] cpu time = 00:01:39, elapsed time = 00:00:50, memory = 947.19 (MB), peak = 947.38 (MB)

[INFO DRT-0180] Post processing.
Took 56 seconds: detailed_route -output_drc /mnt/c/Users/Abhinav/OneDrive/Desktop/PACT/PACT/results/phase2d_independent_gp/raw/orfs/reports/nangate45/s5378/phase2c_s29_5f2b28506038/5_route_drc.rpt -output_maze /mnt/c/Users/Abhinav/OneDrive/Desktop/PACT/PACT/results/phase2d_independent_gp/raw/orfs/results/nangate45/s5378/phase2c_s29_5f2b28506038/maze.log -droute_end_iter 64 -verbose 1 -drc_report_iter_step 5
[WARNING GRT-0246] No diode with LEF class CORE ANTENNACELL found.
[INFO ANT-0002] Found 0 net violations.
[INFO ANT-0001] Found 0 pin violations.
[INFO ANT-0002] Found 0 net violations.
[INFO ANT-0001] Found 0 pin violations.
Design area 2587 um^2 37% utilization.
write_db /mnt/c/Users/Abhinav/OneDrive/Desktop/PACT/PACT/results/phase2d_independent_gp/raw/orfs/results/nangate45/s5378/phase2c_s29_5f2b28506038/5_2_route.odb
Log                       Ext     Elapsed/s Peak Memory/MB sha1sum result [0:20)
5_2_route                 .odb           58            947 c6662739b65fcbb7b85c
/root/pact-deps/OpenROAD-flow-scripts/flow/scripts/flow.sh 5_3_fillcell fillcell
Running fillcell.tcl, stage 5_3_fillcell
read_liberty /root/pact-deps/OpenROAD-flow-scripts/flow/platforms/nangate45/lib/NangateOpenCellLibrary_typical.lib
read_db /mnt/c/Users/Abhinav/OneDrive/Desktop/PACT/PACT/results/phase2d_independent_gp/raw/orfs/results/nangate45/s5378/phase2c_s29_5f2b28506038/5_2_route.odb
read_sdc /mnt/c/Users/Abhinav/OneDrive/Desktop/PACT/PACT/results/phase2d_independent_gp/raw/orfs/results/nangate45/s5378/phase2c_s29_5f2b28506038/5_1_grt.sdc
source /root/pact-deps/OpenROAD-flow-scripts/flow/platforms/nangate45/setRC.tcl
filler_placement "FILLCELL_X1 FILLCELL_X2 FILLCELL_X4 FILLCELL_X8 FILLCELL_X16 FILLCELL_X32"
[INFO DPL-0001] Placed 2258 filler instances.
Design area 2587 um^2 37% utilization.
write_db /mnt/c/Users/Abhinav/OneDrive/Desktop/PACT/PACT/results/phase2d_independent_gp/raw/orfs/results/nangate45/s5378/phase2c_s29_5f2b28506038/5_3_fillcell.odb
Log                       Ext     Elapsed/s Peak Memory/MB sha1sum result [0:20)
5_3_fillcell              .odb            1            116 b8e27420f0dd871fc13c
cp /mnt/c/Users/Abhinav/OneDrive/Desktop/PACT/PACT/results/phase2d_independent_gp/raw/orfs/results/nangate45/s5378/phase2c_s29_5f2b28506038/5_3_fillcell.odb /mnt/c/Users/Abhinav/OneDrive/Desktop/PACT/PACT/results/phase2d_independent_gp/raw/orfs/results/nangate45/s5378/phase2c_s29_5f2b28506038/5_route.odb
cp /mnt/c/Users/Abhinav/OneDrive/Desktop/PACT/PACT/results/phase2d_independent_gp/raw/orfs/results/nangate45/s5378/phase2c_s29_5f2b28506038/5_1_grt.sdc /mnt/c/Users/Abhinav/OneDrive/Desktop/PACT/PACT/results/phase2d_independent_gp/raw/orfs/results/nangate45/s5378/phase2c_s29_5f2b28506038/5_route.sdc
