OpenROAD 26Q2-1164-g08f67ee5ec 
Features included (+) or not (-): +GPU +GUI +Python
This program is licensed under the BSD-3 license. See the LICENSE file for details.
Components of this program may be licensed under more restrictive licenses which must be honored.
[INFO ORD-0030] Using 4 thread(s).
mkdir -p ./objects/nangate45/s9234f/phase0c_f3e7b516a_s13_k2_A_d36ea8f1_7f655d61
/root/pact-deps/OpenROAD-flow-scripts/flow/scripts/flow.sh 4_1_cts cts
Running cts.tcl, stage 4_1_cts
read_liberty /root/pact-deps/OpenROAD-flow-scripts/flow/platforms/nangate45/lib/NangateOpenCellLibrary_typical.lib
read_db ./results/nangate45/s9234f/phase0c_f3e7b516a_s13_k2_A_d36ea8f1_7f655d61/3_place.odb
read_sdc ./results/nangate45/s9234f/phase0c_f3e7b516a_s13_k2_A_d36ea8f1_7f655d61/3_place.sdc
source /root/pact-deps/OpenROAD-flow-scripts/flow/platforms/nangate45/setRC.tcl
clock_tree_synthesis -sink_clustering_enable -repair_clock_nets
[INFO CTS-0050] Root buffer is CLKBUF_X3.
[INFO CTS-0051] Sink buffer is CLKBUF_X3.
[INFO CTS-0052] The following clock buffers will be used for CTS:
                    CLKBUF_X3
[INFO CTS-0049] Characterization buffer is CLKBUF_X3.
[INFO CTS-0007] Net "CK" found for clock "clk".
[INFO CTS-0010]  Clock net "CK" has 211 sinks.
[INFO CTS-0008] TritonCTS found 1 clock nets.
[INFO CTS-0097] Characterization used 1 buffer(s) types.
[INFO CTS-0201] 0 blockages from hard placement blockages and placed macros will be used.
[INFO CTS-0027] Generating H-Tree topology for net CK.
[INFO CTS-0028]  Total number of sinks: 211.
[INFO CTS-0090]  Sinks will be clustered based on buffer max cap.
[INFO CTS-0030]  Number of static layers: 0.
[INFO CTS-0020]  Wire segment unit: 14000  dbu (7 um).
[INFO CTS-0206] Best clustering solution was found from max clustering size of 9 and max clustering diameter of 34.
[INFO CTS-0019]  Total number of sinks after clustering: 33.
[INFO CTS-0024]  Normalized sink region: [(2.48369, 1.62571), (12.5485, 13.4429)].
[INFO CTS-0025]     Width:  10.0648.
[INFO CTS-0026]     Height: 11.8171.
 Level 1
    Direction: Vertical
    Sinks per sub-region: 17
    Sub-region size: 10.0648 X 5.9086
[INFO CTS-0034]     Segment length (rounded): 2.
 Level 2
    Direction: Horizontal
    Sinks per sub-region: 9
    Sub-region size: 5.0324 X 5.9086
[INFO CTS-0034]     Segment length (rounded): 2.
[INFO CTS-0032]  Stop criterion found. Max number of sinks is 15.
[INFO CTS-0035]  Number of sinks covered: 33.
[INFO CTS-0018]     Created 38 clock buffers.
[INFO CTS-0012]     Minimum number of buffers in the clock path: 3.
[INFO CTS-0013]     Maximum number of buffers in the clock path: 3.
[INFO CTS-0015]     Created 38 clock nets.
[INFO CTS-0016]     Fanout distribution for the current clock = 4:1, 5:5, 6:11, 7:15, 8:2, 9:2, 10:1..
[INFO CTS-0017]     Max level of the clock tree: 2.
[INFO CTS-0098] Clock net "CK"
[INFO CTS-0099]  Sinks 230
[INFO CTS-0100]  Leaf buffers 33
[INFO CTS-0101]  Average sink wire length 140.47 um
[INFO CTS-0102]  Path depth 2 - 3
[INFO CTS-0207]  Dummy loads inserted 19
estimate_parasitics -placement
detailed_placement
[INFO DPL-0006] Core area: 10208.02 um^2, Instances area: 3596.32 um^2, Utilization: 35.2%
[INFO DPL-0005] Diamond search max displacement: +/- 500 sites horizontally, +/- 100 rows vertically.
[INFO DPL-1101] Legalizing using diamond search.
Movements Summary
---------------------------------------
Total cells:                    2601
Diamond Move Success:           2601 (100.00%)
Diamond Move Failure:              0
Rip-up and replace Success:        0 (  0.00% of diamond failures)
Rip-up and replace Failure:        0
Total Placement Failures:          0
---------------------------------------
Placement Analysis
---------------------------------
total displacement         86.6 u
average displacement        0.0 u
max displacement            2.8 u
original HPWL           38508.0 u
legalized HPWL          38510.9 u
delta HPWL                    0 %

estimate_parasitics -placement
repair_timing -setup_margin 0 -hold_margin 0 -repair_tns 100 -verbose
[INFO RSZ-0100] Repair move sequence: UnbufferMove SizeUpMove SwapPinsMove BufferMove CloneMove SplitLoadMove 
[INFO RSZ-0098] No setup violations found
[INFO RSZ-0046] Found 59 endpoints with hold violations.
Iteration | Resized | Buffers | Cloned Gates |   Area   |   WNS   |   TNS   | Endpoint
--------------------------------------------------------------------------------------
        0 |       0 |       0 |            0 |    +0.0% |  -0.094 |  -1.840 | U_g666/D
       10 |       0 |      18 |            0 |    +0.4% |  -0.076 |  -1.274 | U_g686/D
       20 |       0 |      32 |            0 |    +0.7% |  -0.040 |  -0.354 | U_g666/D
       30 |       0 |      32 |            0 |    +0.7% |  -0.040 |  -0.354 | U_g666/D
       40 |       0 |      32 |            0 |    +0.7% |  -0.040 |  -0.354 | U_g666/D
       50 |       0 |      35 |            0 |    +0.8% |  -0.040 |  -0.248 | U_g666/D
       60 |       0 |      38 |            0 |    +0.8% |  -0.040 |  -0.223 | U_g666/D
       60 |       0 |      38 |            0 |    +0.8% |  -0.040 |  -0.223 | U_g666/D
    final |       0 |      50 |            0 |    +1.1% |   0.000 |   0.000 | U_g689/D
--------------------------------------------------------------------------------------
[INFO RSZ-0032] Inserted 50 hold buffers.
detailed_placement
[INFO DPL-0006] Core area: 10208.02 um^2, Instances area: 3636.22 um^2, Utilization: 35.6%
[INFO DPL-0005] Diamond search max displacement: +/- 500 sites horizontally, +/- 100 rows vertically.
[INFO DPL-1101] Legalizing using diamond search.
Movements Summary
---------------------------------------
Total cells:                    2651
Diamond Move Success:           2651 (100.00%)
Diamond Move Failure:              0
Rip-up and replace Success:        0 (  0.00% of diamond failures)
Rip-up and replace Failure:        0
Total Placement Failures:          0
---------------------------------------
Placement Analysis
---------------------------------
total displacement         69.3 u
average displacement        0.0 u
max displacement            2.8 u
original HPWL           38602.4 u
legalized HPWL          38638.0 u
delta HPWL                    0 %

estimate_parasitics -placement
Report metrics stage 4, cts final...

==========================================================================
cts final report_design_area
--------------------------------------------------------------------------
Design area 3636 um^2 36% utilization.
write_db ./results/nangate45/s9234f/phase0c_f3e7b516a_s13_k2_A_d36ea8f1_7f655d61/4_1_cts.odb
write_sdc -no_timestamp ./results/nangate45/s9234f/phase0c_f3e7b516a_s13_k2_A_d36ea8f1_7f655d61/4_cts.sdc
Log                       Ext     Elapsed/s Peak Memory/MB sha1sum result [0:20)
4_1_cts                   .odb            4            159 881d88b986d127a8ed52
cp ./results/nangate45/s9234f/phase0c_f3e7b516a_s13_k2_A_d36ea8f1_7f655d61/4_1_cts.odb ./results/nangate45/s9234f/phase0c_f3e7b516a_s13_k2_A_d36ea8f1_7f655d61/4_cts.odb
/root/pact-deps/OpenROAD-flow-scripts/flow/scripts/flow.sh 5_1_grt global_route
Running global_route.tcl, stage 5_1_grt
read_liberty /root/pact-deps/OpenROAD-flow-scripts/flow/platforms/nangate45/lib/NangateOpenCellLibrary_typical.lib
read_db ./results/nangate45/s9234f/phase0c_f3e7b516a_s13_k2_A_d36ea8f1_7f655d61/4_cts.odb
read_sdc ./results/nangate45/s9234f/phase0c_f3e7b516a_s13_k2_A_d36ea8f1_7f655d61/4_cts.sdc
source /root/pact-deps/OpenROAD-flow-scripts/flow/platforms/nangate45/setRC.tcl
pin_access
[INFO DRT-0149] Reading tech and libs.

Units:                2000
Number of layers:     21
Number of macros:     135
Number of vias:       33
Number of viarulegen: 19

[INFO DRT-0150] Reading design.

Design:                   s9234f
Die area:                 ( 0 0 ) ( 206880 206880 )
Number of track patterns: 20
Number of DEF vias:       0
Number of components:     2795
Number of terminals:      83
Number of snets:          2
Number of nets:           2672

[INFO DRT-0167] List of default vias:
  Layer via2
    default via: via2_5
  Layer via3
    default via: via3_2
  Layer via4
    default via: via4_0
  Layer via5
    default via: via5_0
  Layer via6
    default via: via6_0
  Layer via7
    default via: via7_0
  Layer via8
    default via: via8_0
  Layer via9
    default via: via9_0
[INFO DRT-0162] Library cell analysis.
[INFO DRT-0163] Instance analysis.
[INFO DRT-0164] Number of unique instances = 49.
[INFO DRT-0168] Init region query.
[INFO DRT-0024]   Complete active.
[INFO DRT-0024]   Complete Fr_VIA.
[INFO DRT-0024]   Complete metal1.
[INFO DRT-0024]   Complete via1.
[INFO DRT-0024]   Complete metal2.
[INFO DRT-0024]   Complete via2.
[INFO DRT-0024]   Complete metal3.
[INFO DRT-0024]   Complete via3.
[INFO DRT-0024]   Complete metal4.
[INFO DRT-0024]   Complete via4.
[INFO DRT-0024]   Complete metal5.
[INFO DRT-0024]   Complete via5.
[INFO DRT-0024]   Complete metal6.
[INFO DRT-0024]   Complete via6.
[INFO DRT-0024]   Complete metal7.
[INFO DRT-0024]   Complete via7.
[INFO DRT-0024]   Complete metal8.
[INFO DRT-0024]   Complete via8.
[INFO DRT-0024]   Complete metal9.
[INFO DRT-0024]   Complete via9.
[INFO DRT-0024]   Complete metal10.
[INFO DRT-0033] active shape region query size = 0.
[INFO DRT-0033] FR_VIA shape region query size = 0.
[INFO DRT-0033] metal1 shape region query size = 42556.
[INFO DRT-0033] via1 shape region query size = 438.
[INFO DRT-0033] metal2 shape region query size = 292.
[INFO DRT-0033] via2 shape region query size = 438.
[INFO DRT-0033] metal3 shape region query size = 292.
[INFO DRT-0033] via3 shape region query size = 438.
[INFO DRT-0033] metal4 shape region query size = 164.
[INFO DRT-0033] via4 shape region query size = 140.
[INFO DRT-0033] metal5 shape region query size = 64.
[INFO DRT-0033] via5 shape region query size = 140.
[INFO DRT-0033] metal6 shape region query size = 73.
[INFO DRT-0033] via6 shape region query size = 56.
[INFO DRT-0033] metal7 shape region query size = 28.
[INFO DRT-0033] via7 shape region query size = 0.
[INFO DRT-0033] metal8 shape region query size = 0.
[INFO DRT-0033] via8 shape region query size = 0.
[INFO DRT-0033] metal9 shape region query size = 0.
[INFO DRT-0033] via9 shape region query size = 0.
[INFO DRT-0033] metal10 shape region query size = 0.
[INFO DRT-0165] Start pin access.
[INFO DRT-0078]   Complete 249 pins.
[INFO DRT-0081]   Complete 49 unique inst patterns.
[INFO DRT-0084]   Complete 1543 groups.
#scanned instances     = 2795
#unique  instances     = 49
#stdCellGenAp          = 1067
#stdCellValidPlanarAp  = 0
#stdCellValidViaAp     = 854
#stdCellPinNoAp        = 0
#stdCellPinCnt         = 8125
#instTermValidViaApCnt = 0
#macroGenAp            = 0
#macroValidPlanarAp    = 0
#macroValidViaAp       = 0
#macroNoAp             = 0
[INFO DRT-0166] Complete pin access.
[INFO DRT-0267] cpu time = 00:00:29, elapsed time = 00:00:06, memory = 118.76 (MB), peak = 118.44 (MB)
Took 6 seconds: pin_access
set_global_routing_random -seed 13
global_route -congestion_report_file ./reports/nangate45/s9234f/phase0c_f3e7b516a_s13_k2_A_d36ea8f1_7f655d61/congestion.rpt -congestion_iterations 30 -congestion_report_iter_step 5 -verbose
[INFO GRT-0020] Min routing layer: metal2
[INFO GRT-0021] Max routing layer: metal10
[INFO GRT-0022] Global adjustment: 0%
[INFO GRT-0023] Grid origin: (0, 0)
[INFO GRT-0088] Layer metal1  Track-Pitch = 0.1400  line-2-Via Pitch: 0.1350
[INFO GRT-0088] Layer metal2  Track-Pitch = 0.1900  line-2-Via Pitch: 0.1400
[INFO GRT-0088] Layer metal3  Track-Pitch = 0.1400  line-2-Via Pitch: 0.1400
[INFO GRT-0088] Layer metal4  Track-Pitch = 0.2800  line-2-Via Pitch: 0.2800
[INFO GRT-0088] Layer metal5  Track-Pitch = 0.2800  line-2-Via Pitch: 0.2800
[INFO GRT-0088] Layer metal6  Track-Pitch = 0.2800  line-2-Via Pitch: 0.2800
[INFO GRT-0088] Layer metal7  Track-Pitch = 0.8000  line-2-Via Pitch: 0.8000
[INFO GRT-0088] Layer metal8  Track-Pitch = 0.8000  line-2-Via Pitch: 0.8000
[INFO GRT-0088] Layer metal9  Track-Pitch = 1.6000  line-2-Via Pitch: 1.6000
[INFO GRT-0088] Layer metal10 Track-Pitch = 1.6000  line-2-Via Pitch: 1.6000
[INFO GRT-0003] Macros: 0
[INFO GRT-0004] Blockages: 0
[INFO GRT-0019] Found 39 clock nets.
[INFO GRT-0001] Minimum degree: 2
[INFO GRT-0002] Maximum degree: 63

[INFO GRT-0053] Routing resources analysis:
          Routing      Original      Derated      Resource
Layer     Direction    Resources     Resources    Reduction (%)
---------------------------------------------------------------
metal1     Horizontal          0             0          0.00%
metal2     Vertical        18585          8750          52.92%
metal3     Horizontal      25711         12607          50.97%
metal4     Vertical        12600          8890          29.44%
metal5     Horizontal      12839          9040          29.59%
metal6     Vertical        12882          9077          29.54%
metal7     Horizontal       3920          2800          28.57%
metal8     Vertical         4480          3220          28.12%
metal9     Horizontal       2240          1260          43.75%
metal10    Vertical         2240          1260          43.75%
---------------------------------------------------------------

[INFO GRT-0197] Via related to pin nodes: 15718
[INFO GRT-0198] Via related Steiner nodes: 354
[INFO GRT-0199] Via filling finished.
[INFO GRT-0111] Final number of vias: 20821
[INFO GRT-0112] Final usage 3D: 77412

[INFO GRT-0096] Final congestion report:
Layer         Resource        Demand        Usage (%)    Max H / Max V / Total Overflow
---------------------------------------------------------------------------------------
metal1               0             0            0.00%             0 /  0 /  0
metal2            8750          4777           54.59%             0 /  0 /  0
metal3           12607          5980           47.43%             0 /  0 /  0
metal4            8890          2381           26.78%             0 /  0 /  0
metal5            9040          1276           14.12%             0 /  0 /  0
metal6            9077           498            5.49%             0 /  0 /  0
metal7            2800            37            1.32%             0 /  0 /  0
metal8            3220             0            0.00%             0 /  0 /  0
metal9            1260             0            0.00%             0 /  0 /  0
metal10           1260             0            0.00%             0 /  0 /  0
---------------------------------------------------------------------------------------
Total            56904         14949           26.27%             0 /  0 /  0

[INFO GRT-0018] Total wirelength: 62888 um
[INFO GRT-0014] Routed nets: 2672
[INFO GRT-0303] Global routing runtime = 00:00:00
estimate_parasitics -global_routing
Perform buffer insertion and gate resizing...
repair_design -verbose
Iteration |   Area    | Resized | Buffers | Nets repaired | Remaining
---------------------------------------------------------------------
        0 |     +0.0% |       0 |       0 |             0 |      2902
       10 |     +0.0% |       0 |       0 |             0 |      2892
       20 |     +0.0% |       0 |       0 |             0 |      2882
       30 |     +0.0% |       0 |       0 |             0 |      2872
       40 |     +0.0% |       0 |       0 |             0 |      2862
       50 |     +0.0% |       0 |       0 |             0 |      2852
       60 |     +0.0% |       0 |       0 |             0 |      2842
       70 |     +0.0% |       0 |       0 |             0 |      2832
       80 |     +0.0% |       0 |       0 |             0 |      2822
       90 |     +0.0% |       0 |       0 |             0 |      2812
      100 |     +0.0% |       0 |       0 |             0 |      2802
      110 |     +0.0% |       0 |       0 |             0 |      2792
      120 |     +0.0% |       0 |       0 |             0 |      2782
      130 |     +0.0% |       0 |       0 |             0 |      2772
      140 |     +0.0% |       0 |       0 |             0 |      2762
      150 |     +0.0% |       0 |       0 |             0 |      2752
      160 |     +0.0% |       0 |       0 |             0 |      2742
      170 |     +0.0% |       0 |       0 |             0 |      2732
      180 |     +0.0% |       0 |       0 |             0 |      2722
      190 |     +0.0% |       0 |       0 |             0 |      2712
      200 |     +0.0% |       0 |       0 |             0 |      2702
      210 |     +0.0% |       0 |       0 |             0 |      2692
      220 |     +0.0% |       0 |       0 |             0 |      2682
      230 |     +0.0% |       0 |       0 |             0 |      2672
      240 |     +0.0% |       0 |       0 |             0 |      2662
      250 |     +0.0% |       0 |       0 |             0 |      2652
      260 |     +0.0% |       0 |       0 |             0 |      2642
      270 |     +0.0% |       0 |       0 |             0 |      2632
      280 |     +0.0% |       0 |       0 |             0 |      2622
      290 |     +0.0% |       0 |       0 |             0 |      2612
      300 |     +0.0% |       0 |       0 |             0 |      2602
      310 |     +0.0% |       0 |       0 |             0 |      2592
      320 |     +0.0% |       0 |       0 |             0 |      2582
      330 |     +0.0% |       0 |       0 |             0 |      2572
      340 |     +0.0% |       0 |       0 |             0 |      2562
      350 |     +0.0% |       0 |       0 |             0 |      2552
      360 |     +0.0% |       0 |       0 |             0 |      2542
      370 |     +0.0% |       0 |       0 |             0 |      2532
      380 |     +0.0% |       0 |       0 |             0 |      2522
      390 |     +0.0% |       0 |       0 |             0 |      2512
      400 |     +0.0% |       0 |       0 |             0 |      2502
      410 |     +0.0% |       0 |       0 |             0 |      2492
      420 |     +0.0% |       0 |       0 |             0 |      2482
      430 |     +0.0% |       0 |       0 |             0 |      2472
      440 |     +0.0% |       0 |       0 |             0 |      2462
      450 |     +0.0% |       0 |       0 |             0 |      2452
      460 |     +0.0% |       0 |       0 |             0 |      2442
      470 |     +0.0% |       0 |       0 |             0 |      2432
      480 |     +0.0% |       0 |       0 |             0 |      2422
      490 |     +0.0% |       0 |       0 |             0 |      2412
      500 |     +0.0% |       0 |       0 |             0 |      2402
      510 |     +0.0% |       0 |       0 |             0 |      2392
      520 |     +0.0% |       0 |       0 |             0 |      2382
      530 |     +0.0% |       0 |       0 |             0 |      2372
      540 |     +0.0% |       0 |       0 |             0 |      2362
      550 |     +0.0% |       0 |       0 |             0 |      2352
      560 |     +0.0% |       0 |       0 |             0 |      2342
      570 |     +0.0% |       0 |       0 |             0 |      2332
      580 |     +0.0% |       0 |       0 |             0 |      2322
      590 |     +0.0% |       0 |       0 |             0 |      2312
      600 |     +0.0% |       0 |       0 |             0 |      2302
      610 |     +0.0% |       0 |       0 |             0 |      2292
      620 |     +0.0% |       0 |       0 |             0 |      2282
      630 |     +0.0% |       0 |       0 |             0 |      2272
      640 |     +0.0% |       0 |       0 |             0 |      2262
      650 |     +0.0% |       0 |       0 |             0 |      2252
      660 |     +0.0% |       0 |       0 |             0 |      2242
      670 |     +0.0% |       0 |       0 |             0 |      2232
      680 |     +0.0% |       0 |       0 |             0 |      2222
      690 |     +0.0% |       0 |       0 |             0 |      2212
      700 |     +0.0% |       0 |       0 |             0 |      2202
      710 |     +0.0% |       0 |       0 |             0 |      2192
      720 |     +0.0% |       0 |       0 |             0 |      2182
      730 |     +0.0% |       0 |       0 |             0 |      2172
      740 |     +0.0% |       0 |       0 |             0 |      2162
      750 |     +0.0% |       0 |       0 |             0 |      2152
      760 |     +0.0% |       0 |       0 |             0 |      2142
      770 |     +0.0% |       0 |       0 |             0 |      2132
      780 |     +0.0% |       0 |       0 |             0 |      2122
      790 |     +0.0% |       0 |       0 |             0 |      2112
      800 |     +0.0% |       0 |       0 |             0 |      2102
      810 |     +0.0% |       0 |       0 |             0 |      2092
      820 |     +0.0% |       0 |       0 |             0 |      2082
      830 |     +0.0% |       0 |       0 |             0 |      2072
      840 |     +0.0% |       0 |       0 |             0 |      2062
      850 |     +0.0% |       0 |       0 |             0 |      2052
      860 |     +0.0% |       0 |       0 |             0 |      2042
      870 |     +0.0% |       0 |       0 |             0 |      2032
      880 |     +0.0% |       0 |       0 |             0 |      2022
      890 |     +0.0% |       0 |       0 |             0 |      2012
      900 |     +0.0% |       0 |       0 |             0 |      2002
      910 |     +0.0% |       0 |       0 |             0 |      1992
      920 |     +0.0% |       0 |       0 |             0 |      1982
      930 |     +0.0% |       0 |       0 |             0 |      1972
      940 |     +0.0% |       0 |       0 |             0 |      1962
      950 |     +0.0% |       0 |       0 |             0 |      1952
      960 |     +0.0% |       0 |       0 |             0 |      1942
      970 |     +0.0% |       0 |       0 |             0 |      1932
      980 |     +0.0% |       0 |       0 |             0 |      1922
      990 |     +0.0% |       0 |       0 |             0 |      1912
     1000 |     +0.0% |       0 |       0 |             0 |      1902
     1010 |     +0.0% |       0 |       0 |             0 |      1892
     1020 |     +0.0% |       0 |       0 |             0 |      1882
     1030 |     +0.0% |       0 |       0 |             0 |      1872
     1040 |     +0.0% |       0 |       0 |             0 |      1862
     1050 |     +0.0% |       0 |       0 |             0 |      1852
     1060 |     +0.0% |       0 |       0 |             0 |      1842
     1070 |     +0.0% |       0 |       0 |             0 |      1832
     1080 |     +0.0% |       0 |       0 |             0 |      1822
     1090 |     +0.0% |       0 |       0 |             0 |      1812
     1100 |     +0.0% |       0 |       0 |             0 |      1802
     1110 |     +0.0% |       0 |       0 |             0 |      1792
     1120 |     +0.0% |       0 |       0 |             0 |      1782
     1130 |     +0.0% |       0 |       0 |             0 |      1772
     1140 |     +0.0% |       0 |       0 |             0 |      1762
     1150 |     +0.0% |       0 |       0 |             0 |      1752
     1160 |     +0.0% |       0 |       0 |             0 |      1742
     1170 |     +0.0% |       0 |       0 |             0 |      1732
     1180 |     +0.0% |       0 |       0 |             0 |      1722
     1190 |     +0.0% |       0 |       0 |             0 |      1712
     1200 |     +0.0% |       0 |       0 |             0 |      1702
     1210 |     +0.0% |       0 |       0 |             0 |      1692
     1220 |     +0.0% |       0 |       0 |             0 |      1682
     1230 |     +0.0% |       0 |       0 |             0 |      1672
     1240 |     +0.0% |       0 |       0 |             0 |      1662
     1250 |     +0.0% |       0 |       0 |             0 |      1652
     1260 |     +0.0% |       0 |       0 |             0 |      1642
     1270 |     +0.0% |       0 |       0 |             0 |      1632
     1280 |     +0.0% |       0 |       0 |             0 |      1622
     1290 |     +0.0% |       0 |       0 |             0 |      1612
     1300 |     +0.0% |       0 |       0 |             0 |      1602
     1310 |     +0.0% |       0 |       0 |             0 |      1592
     1320 |     +0.0% |       0 |       0 |             0 |      1582
     1330 |     +0.0% |       0 |       0 |             0 |      1572
     1340 |     +0.0% |       0 |       0 |             0 |      1562
     1350 |     +0.0% |       0 |       0 |             0 |      1552
     1360 |     +0.0% |       0 |       0 |             0 |      1542
     1370 |     +0.0% |       0 |       0 |             0 |      1532
     1380 |     +0.0% |       0 |       0 |             0 |      1522
     1390 |     +0.0% |       0 |       0 |             0 |      1512
     1400 |     +0.0% |       0 |       0 |             0 |      1502
     1410 |     +0.0% |       0 |       0 |             0 |      1492
     1420 |     +0.0% |       0 |       0 |             0 |      1482
     1430 |     +0.0% |       0 |       0 |             0 |      1472
     1440 |     +0.0% |       0 |       0 |             0 |      1462
     1450 |     +0.0% |       0 |       0 |             0 |      1452
     1460 |     +0.0% |       0 |       0 |             0 |      1442
     1470 |     +0.0% |       0 |       0 |             0 |      1432
     1480 |     +0.0% |       0 |       0 |             0 |      1422
     1490 |     +0.0% |       0 |       0 |             0 |      1412
     1500 |     +0.0% |       0 |       0 |             0 |      1402
     1510 |     +0.0% |       0 |       0 |             0 |      1392
     1520 |     +0.0% |       0 |       0 |             0 |      1382
     1530 |     +0.0% |       0 |       0 |             0 |      1372
     1540 |     +0.0% |       0 |       0 |             0 |      1362
     1550 |     +0.0% |       0 |       0 |             0 |      1352
     1560 |     +0.0% |       0 |       0 |             0 |      1342
     1570 |     +0.0% |       0 |       0 |             0 |      1332
     1580 |     +0.0% |       0 |       0 |             0 |      1322
     1590 |     +0.0% |       0 |       0 |             0 |      1312
     1600 |     +0.0% |       0 |       0 |             0 |      1302
     1610 |     +0.0% |       0 |       0 |             0 |      1292
     1620 |     +0.0% |       0 |       0 |             0 |      1282
     1630 |     +0.0% |       0 |       0 |             0 |      1272
     1640 |     +0.0% |       0 |       0 |             0 |      1262
     1650 |     +0.0% |       0 |       0 |             0 |      1252
     1660 |     +0.0% |       0 |       0 |             0 |      1242
     1670 |     +0.0% |       0 |       0 |             0 |      1232
     1680 |     +0.0% |       0 |       0 |             0 |      1222
     1690 |     +0.0% |       0 |       0 |             0 |      1212
     1700 |     +0.0% |       0 |       0 |             0 |      1202
     1710 |     +0.0% |       0 |       0 |             0 |      1192
     1720 |     +0.0% |       0 |       0 |             0 |      1182
     1730 |     +0.0% |       0 |       0 |             0 |      1172
     1740 |     +0.0% |       0 |       0 |             0 |      1162
     1750 |     +0.0% |       0 |       0 |             0 |      1152
     1760 |     +0.0% |       0 |       0 |             0 |      1142
     1770 |     +0.0% |       0 |       0 |             0 |      1132
     1780 |     +0.0% |       0 |       0 |             0 |      1122
     1790 |     +0.0% |       0 |       0 |             0 |      1112
     1800 |     +0.0% |       0 |       0 |             0 |      1102
     1810 |     +0.0% |       0 |       0 |             0 |      1092
     1820 |     +0.0% |       0 |       0 |             0 |      1082
     1830 |     +0.0% |       0 |       0 |             0 |      1072
     1840 |     +0.0% |       0 |       0 |             0 |      1062
     1850 |     +0.0% |       0 |       0 |             0 |      1052
     1860 |     +0.0% |       0 |       0 |             0 |      1042
     1870 |     +0.0% |       0 |       0 |             0 |      1032
     1880 |     +0.0% |       0 |       0 |             0 |      1022
     1890 |     +0.0% |       0 |       0 |             0 |      1012
     1900 |     +0.0% |       0 |       0 |             0 |      1002
     1910 |     +0.0% |       0 |       0 |             0 |       992
     1920 |     +0.0% |       0 |       0 |             0 |       982
     1930 |     +0.0% |       0 |       0 |             0 |       972
     1940 |     +0.0% |       0 |       0 |             0 |       962
     1950 |     +0.0% |       0 |       0 |             0 |       952
     1960 |     +0.0% |       0 |       0 |             0 |       942
     1970 |     +0.0% |       0 |       0 |             0 |       932
     1980 |     +0.0% |       0 |       0 |             0 |       922
     1990 |     +0.0% |       0 |       0 |             0 |       912
     2000 |     +0.0% |       0 |       0 |             0 |       902
     2010 |     +0.0% |       0 |       0 |             0 |       892
     2020 |     +0.0% |       0 |       0 |             0 |       882
     2030 |     +0.0% |       0 |       0 |             0 |       872
     2040 |     +0.0% |       0 |       0 |             0 |       862
     2050 |     +0.0% |       0 |       0 |             0 |       852
     2060 |     +0.0% |       0 |       0 |             0 |       842
     2070 |     +0.0% |       0 |       0 |             0 |       832
     2080 |     +0.0% |       0 |       0 |             0 |       822
     2090 |     +0.0% |       0 |       0 |             0 |       812
     2100 |     +0.0% |       0 |       0 |             0 |       802
     2110 |     +0.0% |       0 |       0 |             0 |       792
     2120 |     +0.0% |       0 |       0 |             0 |       782
     2130 |     +0.0% |       0 |       0 |             0 |       772
     2140 |     +0.0% |       0 |       0 |             0 |       762
     2150 |     +0.0% |       0 |       0 |             0 |       752
     2160 |     +0.0% |       0 |       0 |             0 |       742
     2170 |     +0.0% |       0 |       0 |             0 |       732
     2180 |     +0.0% |       0 |       0 |             0 |       722
     2190 |     +0.0% |       0 |       0 |             0 |       712
     2200 |     +0.0% |       0 |       0 |             0 |       702
     2210 |     +0.0% |       0 |       0 |             0 |       692
     2220 |     +0.0% |       0 |       0 |             0 |       682
     2230 |     +0.0% |       0 |       0 |             0 |       672
     2240 |     +0.0% |       0 |       0 |             0 |       662
     2250 |     +0.0% |       0 |       0 |             0 |       652
     2260 |     +0.0% |       0 |       0 |             0 |       642
     2270 |     +0.0% |       0 |       0 |             0 |       632
     2280 |     +0.0% |       0 |       0 |             0 |       622
     2290 |     +0.0% |       0 |       0 |             0 |       612
     2300 |     +0.0% |       0 |       0 |             0 |       602
     2310 |     +0.0% |       0 |       0 |             0 |       592
     2320 |     +0.0% |       0 |       0 |             0 |       582
     2330 |     +0.0% |       0 |       0 |             0 |       572
     2340 |     +0.0% |       0 |       0 |             0 |       562
     2350 |     +0.0% |       0 |       0 |             0 |       552
     2360 |     +0.0% |       0 |       0 |             0 |       542
     2370 |     +0.0% |       0 |       0 |             0 |       532
     2380 |     +0.0% |       0 |       0 |             0 |       522
     2390 |     +0.0% |       0 |       0 |             0 |       512
     2400 |     +0.0% |       0 |       0 |             0 |       502
     2410 |     +0.0% |       0 |       0 |             0 |       492
     2420 |     +0.0% |       0 |       0 |             0 |       482
     2430 |     +0.0% |       0 |       0 |             0 |       472
     2440 |     +0.0% |       0 |       0 |             0 |       462
     2450 |     +0.0% |       0 |       0 |             0 |       452
     2460 |     +0.0% |       0 |       0 |             0 |       442
     2470 |     +0.0% |       0 |       0 |             0 |       432
     2480 |     +0.0% |       0 |       0 |             0 |       422
     2490 |     +0.0% |       0 |       0 |             0 |       412
     2500 |     +0.0% |       0 |       0 |             0 |       402
     2510 |     +0.0% |       0 |       0 |             0 |       392
     2520 |     +0.0% |       0 |       0 |             0 |       382
     2530 |     +0.0% |       0 |       0 |             0 |       372
     2540 |     +0.0% |       0 |       0 |             0 |       362
     2550 |     +0.0% |       0 |       0 |             0 |       352
     2560 |     +0.0% |       0 |       0 |             0 |       342
     2570 |     +0.0% |       0 |       0 |             0 |       332
     2580 |     +0.0% |       0 |       0 |             0 |       322
     2590 |     +0.0% |       0 |       0 |             0 |       312
     2600 |     +0.0% |       0 |       0 |             0 |       302
     2610 |     +0.0% |       0 |       0 |             0 |       292
     2620 |     +0.0% |       0 |       0 |             0 |       282
     2630 |     +0.0% |       0 |       0 |             0 |       272
     2640 |     +0.0% |       0 |       0 |             0 |       262
     2650 |     +0.0% |       0 |       0 |             0 |       252
     2660 |     +0.0% |       0 |       0 |             0 |       242
     2670 |     +0.0% |       0 |       0 |             0 |       232
     2680 |     +0.0% |       0 |       0 |             0 |       222
     2690 |     +0.0% |       0 |       0 |             0 |       212
     2700 |     +0.0% |       0 |       0 |             0 |       202
     2710 |     +0.0% |       0 |       0 |             0 |       192
     2720 |     +0.0% |       0 |       0 |             0 |       182
     2730 |     +0.0% |       0 |       0 |             0 |       172
     2740 |     +0.0% |       0 |       0 |             0 |       162
     2750 |     +0.0% |       0 |       0 |             0 |       152
     2760 |     +0.0% |       0 |       0 |             0 |       142
     2770 |     +0.0% |       0 |       0 |             0 |       132
     2780 |     +0.0% |       0 |       0 |             0 |       122
     2790 |     +0.0% |       0 |       0 |             0 |       112
     2800 |     +0.0% |       0 |       0 |             0 |       102
     2810 |     +0.0% |       0 |       0 |             0 |        92
     2820 |     +0.0% |       0 |       0 |             0 |        82
     2830 |     +0.0% |       0 |       0 |             0 |        72
     2840 |     +0.0% |       0 |       0 |             0 |        62
     2850 |     +0.0% |       0 |       0 |             0 |        52
     2860 |     +0.0% |       0 |       0 |             0 |        42
     2870 |     +0.0% |       0 |       0 |             0 |        32
     2880 |     +0.0% |       0 |       0 |             0 |        22
     2890 |     +0.0% |       0 |       0 |             0 |        12
     2900 |     +0.0% |       0 |       0 |             0 |         2
    final |     +0.0% |       0 |       0 |             0 |         0
---------------------------------------------------------------------
global_route -start_incremental
detailed_placement
[INFO DPL-0006] Core area: 10208.02 um^2, Instances area: 3636.22 um^2, Utilization: 35.6%
[INFO DPL-0005] Diamond search max displacement: +/- 500 sites horizontally, +/- 100 rows vertically.
[INFO DPL-1101] Legalizing using diamond search.
Movements Summary
---------------------------------------
Total cells:                    2651
Diamond Move Success:           2651 (100.00%)
Diamond Move Failure:              0
Rip-up and replace Success:        0 (  0.00% of diamond failures)
Rip-up and replace Failure:        0
Total Placement Failures:          0
---------------------------------------
Placement Analysis
---------------------------------
total displacement          0.0 u
average displacement        0.0 u
max displacement            0.0 u
original HPWL           38638.0 u
legalized HPWL          38638.0 u
delta HPWL                    0 %

global_route -end_incremental -congestion_report_file ./reports/nangate45/s9234f/phase0c_f3e7b516a_s13_k2_A_d36ea8f1_7f655d61/congestion_post_repair_design.rpt
Repair setup and hold violations...
estimate_parasitics -global_routing
repair_timing -setup_margin 0 -hold_margin 0 -repair_tns 100 -verbose
[INFO RSZ-0100] Repair move sequence: UnbufferMove SizeUpMove SwapPinsMove BufferMove CloneMove SplitLoadMove 
[INFO RSZ-0098] No setup violations found
[INFO RSZ-0046] Found 1 endpoints with hold violations.
Iteration | Resized | Buffers | Cloned Gates |   Area   |   WNS   |   TNS   | Endpoint
--------------------------------------------------------------------------------------
        0 |       0 |       0 |            0 |    +0.0% |  -0.002 |  -0.002 | U_g689/D
    final |       0 |       1 |            0 |    +0.0% |   0.001 |   0.000 | U_g698/D
--------------------------------------------------------------------------------------
[INFO RSZ-0032] Inserted 1 hold buffers.
global_route -start_incremental
detailed_placement
[INFO DPL-0006] Core area: 10208.02 um^2, Instances area: 3637.02 um^2, Utilization: 35.6%
[INFO DPL-0005] Diamond search max displacement: +/- 500 sites horizontally, +/- 100 rows vertically.
[INFO DPL-1101] Legalizing using diamond search.
Movements Summary
---------------------------------------
Total cells:                    2652
Diamond Move Success:           2652 (100.00%)
Diamond Move Failure:              0
Rip-up and replace Success:        0 (  0.00% of diamond failures)
Rip-up and replace Failure:        0
Total Placement Failures:          0
---------------------------------------
Placement Analysis
---------------------------------
total displacement          3.6 u
average displacement        0.0 u
max displacement            1.6 u
original HPWL           38638.2 u
legalized HPWL          38643.8 u
delta HPWL                    0 %

check_placement -verbose
global_route -end_incremental -congestion_report_file ./reports/nangate45/s9234f/phase0c_f3e7b516a_s13_k2_A_d36ea8f1_7f655d61/congestion_post_repair_timing.rpt
estimate_parasitics -global_routing
global_route -start_incremental
global_route -end_incremental -congestion_report_file ./reports/nangate45/s9234f/phase0c_f3e7b516a_s13_k2_A_d36ea8f1_7f655d61/congestion_post_recover_power.rpt
Repair antennas...
[WARNING GRT-0246] No diode with LEF class CORE ANTENNACELL found.
[INFO ANT-0002] Found 0 net violations.
[INFO ANT-0001] Found 0 pin violations.
Estimate parasitics...
estimate_parasitics -global_routing
Report metrics stage 5, global route...

==========================================================================
global route report_design_area
--------------------------------------------------------------------------
Design area 3637 um^2 36% utilization.
[INFO FLW-0007] clock clk period 10.000000
[INFO FLW-0008] Clock clk period 1.192
[INFO FLW-0009] Clock clk slack 8.745
write_sdc -no_timestamp ./results/nangate45/s9234f/phase0c_f3e7b516a_s13_k2_A_d36ea8f1_7f655d61/updated_clks.sdc
[INFO FLW-0011] Path endpoint path count 904
write_db ./results/nangate45/s9234f/phase0c_f3e7b516a_s13_k2_A_d36ea8f1_7f655d61/5_1_grt.odb
write_sdc -no_timestamp ./results/nangate45/s9234f/phase0c_f3e7b516a_s13_k2_A_d36ea8f1_7f655d61/5_1_grt.sdc
Log                       Ext     Elapsed/s Peak Memory/MB sha1sum result [0:20)
5_1_grt                   .odb           13            310 4dcbb9ec32d672be5eb2
5_1_grt                   .sdc                             ef79d21436d690ebafd1
/root/pact-deps/OpenROAD-flow-scripts/flow/scripts/flow.sh 5_2_route detail_route
Running detail_route.tcl, stage 5_2_route
read_liberty /root/pact-deps/OpenROAD-flow-scripts/flow/platforms/nangate45/lib/NangateOpenCellLibrary_typical.lib
read_db ./results/nangate45/s9234f/phase0c_f3e7b516a_s13_k2_A_d36ea8f1_7f655d61/5_1_grt.odb
read_sdc ./results/nangate45/s9234f/phase0c_f3e7b516a_s13_k2_A_d36ea8f1_7f655d61/5_1_grt.sdc
source /root/pact-deps/OpenROAD-flow-scripts/flow/platforms/nangate45/setRC.tcl
detailed_route -output_drc ./reports/nangate45/s9234f/phase0c_f3e7b516a_s13_k2_A_d36ea8f1_7f655d61/5_route_drc.rpt -output_maze ./results/nangate45/s9234f/phase0c_f3e7b516a_s13_k2_A_d36ea8f1_7f655d61/maze.log -droute_end_iter 64 -verbose 1 -drc_report_iter_step 5
[INFO DRT-0149] Reading tech and libs.

Units:                2000
Number of layers:     21
Number of macros:     135
Number of vias:       33
Number of viarulegen: 19

[INFO DRT-0150] Reading design.

Design:                   s9234f
Die area:                 ( 0 0 ) ( 206880 206880 )
Number of track patterns: 20
Number of DEF vias:       0
Number of components:     2796
Number of terminals:      83
Number of snets:          2
Number of nets:           2673

[INFO DRT-0167] List of default vias:
  Layer via2
    default via: via2_5
  Layer via3
    default via: via3_2
  Layer via4
    default via: via4_0
  Layer via5
    default via: via5_0
  Layer via6
    default via: via6_0
  Layer via7
    default via: via7_0
  Layer via8
    default via: via8_0
  Layer via9
    default via: via9_0
[INFO DRT-0162] Library cell analysis.
[INFO DRT-0163] Instance analysis.
[INFO DRT-0164] Number of unique instances = 49.
[INFO DRT-0168] Init region query.
[INFO DRT-0024]   Complete active.
[INFO DRT-0024]   Complete Fr_VIA.
[INFO DRT-0024]   Complete metal1.
[INFO DRT-0024]   Complete via1.
[INFO DRT-0024]   Complete metal2.
[INFO DRT-0024]   Complete via2.
[INFO DRT-0024]   Complete metal3.
[INFO DRT-0024]   Complete via3.
[INFO DRT-0024]   Complete metal4.
[INFO DRT-0024]   Complete via4.
[INFO DRT-0024]   Complete metal5.
[INFO DRT-0024]   Complete via5.
[INFO DRT-0024]   Complete metal6.
[INFO DRT-0024]   Complete via6.
[INFO DRT-0024]   Complete metal7.
[INFO DRT-0024]   Complete via7.
[INFO DRT-0024]   Complete metal8.
[INFO DRT-0024]   Complete via8.
[INFO DRT-0024]   Complete metal9.
[INFO DRT-0024]   Complete via9.
[INFO DRT-0024]   Complete metal10.
[INFO DRT-0033] active shape region query size = 0.
[INFO DRT-0033] FR_VIA shape region query size = 0.
[INFO DRT-0033] metal1 shape region query size = 42567.
[INFO DRT-0033] via1 shape region query size = 438.
[INFO DRT-0033] metal2 shape region query size = 292.
[INFO DRT-0033] via2 shape region query size = 438.
[INFO DRT-0033] metal3 shape region query size = 292.
[INFO DRT-0033] via3 shape region query size = 438.
[INFO DRT-0033] metal4 shape region query size = 164.
[INFO DRT-0033] via4 shape region query size = 140.
[INFO DRT-0033] metal5 shape region query size = 64.
[INFO DRT-0033] via5 shape region query size = 140.
[INFO DRT-0033] metal6 shape region query size = 73.
[INFO DRT-0033] via6 shape region query size = 56.
[INFO DRT-0033] metal7 shape region query size = 28.
[INFO DRT-0033] via7 shape region query size = 0.
[INFO DRT-0033] metal8 shape region query size = 0.
[INFO DRT-0033] via8 shape region query size = 0.
[INFO DRT-0033] metal9 shape region query size = 0.
[INFO DRT-0033] via9 shape region query size = 0.
[INFO DRT-0033] metal10 shape region query size = 0.
[INFO DRT-0165] Start pin access.
[INFO DRT-0078]   Complete 249 pins.
[INFO DRT-0081]   Complete 49 unique inst patterns.
[INFO DRT-0084]   Complete 1543 groups.
#scanned instances     = 2796
#unique  instances     = 49
#stdCellGenAp          = 1067
#stdCellValidPlanarAp  = 0
#stdCellValidViaAp     = 854
#stdCellPinNoAp        = 0
#stdCellPinCnt         = 8127
#instTermValidViaApCnt = 0
#macroGenAp            = 0
#macroValidPlanarAp    = 0
#macroValidViaAp       = 0
#macroNoAp             = 0
[INFO DRT-0166] Complete pin access.
[INFO DRT-0267] cpu time = 00:00:29, elapsed time = 00:00:07, memory = 266.48 (MB), peak = 266.30 (MB)

[INFO DRT-0157] Number of guides:     22850

[INFO DRT-0169] Post process guides.
[INFO DRT-0176] GCELLGRID X 0 DO 36 STEP 5700 ;
[INFO DRT-0177] GCELLGRID Y 0 DO 36 STEP 5700 ;
[INFO DRT-0028]   Complete active.
[INFO DRT-0028]   Complete Fr_VIA.
[INFO DRT-0028]   Complete metal1.
[INFO DRT-0028]   Complete via1.
[INFO DRT-0028]   Complete metal2.
[INFO DRT-0028]   Complete via2.
[INFO DRT-0028]   Complete metal3.
[INFO DRT-0028]   Complete via3.
[INFO DRT-0028]   Complete metal4.
[INFO DRT-0028]   Complete via4.
[INFO DRT-0028]   Complete metal5.
[INFO DRT-0028]   Complete via5.
[INFO DRT-0028]   Complete metal6.
[INFO DRT-0028]   Complete via6.
[INFO DRT-0028]   Complete metal7.
[INFO DRT-0028]   Complete via7.
[INFO DRT-0028]   Complete metal8.
[INFO DRT-0028]   Complete via8.
[INFO DRT-0028]   Complete metal9.
[INFO DRT-0028]   Complete via9.
[INFO DRT-0028]   Complete metal10.
[INFO DRT-0178] Init guide query.
[INFO DRT-0035]   Complete active (guide).
[INFO DRT-0035]   Complete Fr_VIA (guide).
[INFO DRT-0035]   Complete metal1 (guide).
[INFO DRT-0035]   Complete via1 (guide).
[INFO DRT-0035]   Complete metal2 (guide).
[INFO DRT-0035]   Complete via2 (guide).
[INFO DRT-0035]   Complete metal3 (guide).
[INFO DRT-0035]   Complete via3 (guide).
[INFO DRT-0035]   Complete metal4 (guide).
[INFO DRT-0035]   Complete via4 (guide).
[INFO DRT-0035]   Complete metal5 (guide).
[INFO DRT-0035]   Complete via5 (guide).
[INFO DRT-0035]   Complete metal6 (guide).
[INFO DRT-0035]   Complete via6 (guide).
[INFO DRT-0035]   Complete metal7 (guide).
[INFO DRT-0035]   Complete via7 (guide).
[INFO DRT-0035]   Complete metal8 (guide).
[INFO DRT-0035]   Complete via8 (guide).
[INFO DRT-0035]   Complete metal9 (guide).
[INFO DRT-0035]   Complete via9 (guide).
[INFO DRT-0035]   Complete metal10 (guide).
[INFO DRT-0036] active guide region query size = 0.
[INFO DRT-0036] FR_VIA guide region query size = 0.
[INFO DRT-0036] metal1 guide region query size = 7174.
[INFO DRT-0036] via1 guide region query size = 0.
[INFO DRT-0036] metal2 guide region query size = 6542.
[INFO DRT-0036] via2 guide region query size = 0.
[INFO DRT-0036] metal3 guide region query size = 3833.
[INFO DRT-0036] via3 guide region query size = 0.
[INFO DRT-0036] metal4 guide region query size = 852.
[INFO DRT-0036] via4 guide region query size = 0.
[INFO DRT-0036] metal5 guide region query size = 363.
[INFO DRT-0036] via5 guide region query size = 0.
[INFO DRT-0036] metal6 guide region query size = 96.
[INFO DRT-0036] via6 guide region query size = 0.
[INFO DRT-0036] metal7 guide region query size = 2.
[INFO DRT-0036] via7 guide region query size = 0.
[INFO DRT-0036] metal8 guide region query size = 0.
[INFO DRT-0036] via8 guide region query size = 0.
[INFO DRT-0036] metal9 guide region query size = 0.
[INFO DRT-0036] via9 guide region query size = 0.
[INFO DRT-0036] metal10 guide region query size = 0.
[INFO DRT-0179] Init gr pin query.
[INFO DRT-0267] cpu time = 00:00:00, elapsed time = 00:00:00, memory = 274.86 (MB), peak = 274.68 (MB)
[INFO DRT-0245] skipped writing guide updates to database.
[INFO DRT-0181] Start track assignment.
[INFO DRT-0184] Done with 7490 vertical wires in 1 frboxes and 11372 horizontal wires in 1 frboxes.
[INFO DRT-0186] Done with 2260 vertical wires in 1 frboxes and 2756 horizontal wires in 1 frboxes.
[INFO DRT-0182] Complete track assignment.
[INFO DRT-0267] cpu time = 00:00:02, elapsed time = 00:00:01, memory = 328.26 (MB), peak = 327.94 (MB)
[INFO DRT-0187] Start routing data preparation.
[INFO DRT-0267] cpu time = 00:00:00, elapsed time = 00:00:00, memory = 328.32 (MB), peak = 327.94 (MB)
[INFO DRT-0194] Start detail routing.
[INFO DRT-0195] Start 0th optimization iteration.
    Completing 10% with 0 violations.
    elapsed time = 00:00:00, memory = 378.56 (MB).
    Completing 20% with 0 violations.
    elapsed time = 00:00:04, memory = 376.58 (MB).
    Completing 30% with 121 violations.
    elapsed time = 00:00:05, memory = 420.95 (MB).
    Completing 40% with 121 violations.
    elapsed time = 00:00:07, memory = 443.40 (MB).
    Completing 50% with 121 violations.
    elapsed time = 00:00:09, memory = 388.32 (MB).
    Completing 60% with 216 violations.
    elapsed time = 00:00:09, memory = 437.74 (MB).
    Completing 70% with 216 violations.
    elapsed time = 00:00:11, memory = 445.77 (MB).
    Completing 80% with 321 violations.
    elapsed time = 00:00:16, memory = 496.25 (MB).
    Completing 90% with 321 violations.
    elapsed time = 00:00:16, memory = 496.62 (MB).
    Completing 100% with 409 violations.
    elapsed time = 00:00:20, memory = 470.50 (MB).
[INFO DRT-0199]   Number of violations = 563.
Viol/Layer      metal1 metal2   via2 metal3 metal4   via4 metal5 metal7
Cut Spacing          0      0      2      0      0      1      0      0
Metal Spacing        0     29      0      5      4      0      1      0
Recheck              1     98      0     47      4      0      2      2
Short                0    310      3     45      6      0      3      0
[INFO DRT-0267] cpu time = 00:00:59, elapsed time = 00:00:21, memory = 969.64 (MB), peak = 969.47 (MB)
Total wire length = 43707 um.
Total wire length on LAYER metal1 = 0 um.
Total wire length on LAYER metal2 = 14490 um.
Total wire length on LAYER metal3 = 17778 um.
Total wire length on LAYER metal4 = 6556 um.
Total wire length on LAYER metal5 = 3362 um.
Total wire length on LAYER metal6 = 1415 um.
Total wire length on LAYER metal7 = 103 um.
Total wire length on LAYER metal8 = 0 um.
Total wire length on LAYER metal9 = 0 um.
Total wire length on LAYER metal10 = 0 um.
Total number of vias = 18726.
Up-via summary (total 18726):

----------------
 active        0
 metal1     8178
 metal2     8783
 metal3     1131
 metal4      492
 metal5      138
 metal6        4
 metal7        0
 metal8        0
 metal9        0
----------------
       18726


[INFO DRT-0195] Start 1st optimization iteration.
    Completing 10% with 563 violations.
    elapsed time = 00:00:00, memory = 1001.74 (MB).
    Completing 20% with 563 violations.
    elapsed time = 00:00:03, memory = 972.24 (MB).
    Completing 30% with 455 violations.
    elapsed time = 00:00:03, memory = 985.91 (MB).
    Completing 40% with 455 violations.
    elapsed time = 00:00:05, memory = 985.91 (MB).
    Completing 50% with 455 violations.
    elapsed time = 00:00:09, memory = 994.73 (MB).
    Completing 60% with 320 violations.
    elapsed time = 00:00:11, memory = 1026.58 (MB).
    Completing 70% with 320 violations.
    elapsed time = 00:00:13, memory = 1026.58 (MB).
    Completing 80% with 225 violations.
    elapsed time = 00:00:18, memory = 995.18 (MB).
    Completing 90% with 225 violations.
    elapsed time = 00:00:18, memory = 995.18 (MB).
    Completing 100% with 158 violations.
    elapsed time = 00:00:19, memory = 995.18 (MB).
[INFO DRT-0199]   Number of violations = 158.
Viol/Layer      metal2 metal3
Metal Spacing       26      1
Short              120     11
[INFO DRT-0267] cpu time = 00:00:54, elapsed time = 00:00:19, memory = 998.18 (MB), peak = 1026.35 (MB)
Total wire length = 43371 um.
Total wire length on LAYER metal1 = 0 um.
Total wire length on LAYER metal2 = 14312 um.
Total wire length on LAYER metal3 = 17645 um.
Total wire length on LAYER metal4 = 6575 um.
Total wire length on LAYER metal5 = 3330 um.
Total wire length on LAYER metal6 = 1403 um.
Total wire length on LAYER metal7 = 103 um.
Total wire length on LAYER metal8 = 0 um.
Total wire length on LAYER metal9 = 0 um.
Total wire length on LAYER metal10 = 0 um.
Total number of vias = 18512.
Up-via summary (total 18512):

----------------
 active        0
 metal1     8180
 metal2     8573
 metal3     1133
 metal4      485
 metal5      137
 metal6        4
 metal7        0
 metal8        0
 metal9        0
----------------
       18512


[INFO DRT-0195] Start 2nd optimization iteration.
    Completing 10% with 158 violations.
    elapsed time = 00:00:00, memory = 998.18 (MB).
    Completing 20% with 158 violations.
    elapsed time = 00:00:04, memory = 1004.60 (MB).
    Completing 30% with 184 violations.
    elapsed time = 00:00:04, memory = 1005.07 (MB).
    Completing 40% with 184 violations.
    elapsed time = 00:00:06, memory = 1005.75 (MB).
    Completing 50% with 184 violations.
    elapsed time = 00:00:09, memory = 1005.75 (MB).
    Completing 60% with 189 violations.
    elapsed time = 00:00:11, memory = 1005.75 (MB).
    Completing 70% with 189 violations.
    elapsed time = 00:00:13, memory = 1005.75 (MB).
    Completing 80% with 188 violations.
    elapsed time = 00:00:15, memory = 1007.51 (MB).
    Completing 90% with 188 violations.
    elapsed time = 00:00:17, memory = 1007.57 (MB).
    Completing 100% with 178 violations.
    elapsed time = 00:00:19, memory = 1007.57 (MB).
[INFO DRT-0199]   Number of violations = 178.
Viol/Layer      metal2   via2 metal3
Cut Spacing          0      1      0
Metal Spacing       27      0      1
Short              133      0     16
[INFO DRT-0267] cpu time = 00:00:55, elapsed time = 00:00:20, memory = 1007.57 (MB), peak = 1026.35 (MB)
Total wire length = 43299 um.
Total wire length on LAYER metal1 = 0 um.
Total wire length on LAYER metal2 = 14270 um.
Total wire length on LAYER metal3 = 17676 um.
Total wire length on LAYER metal4 = 6536 um.
Total wire length on LAYER metal5 = 3311 um.
Total wire length on LAYER metal6 = 1401 um.
Total wire length on LAYER metal7 = 104 um.
Total wire length on LAYER metal8 = 0 um.
Total wire length on LAYER metal9 = 0 um.
Total wire length on LAYER metal10 = 0 um.
Total number of vias = 18539.
Up-via summary (total 18539):

----------------
 active        0
 metal1     8180
 metal2     8608
 metal3     1119
 metal4      489
 metal5      139
 metal6        4
 metal7        0
 metal8        0
 metal9        0
----------------
       18539


[INFO DRT-0195] Start 3rd optimization iteration.
    Completing 10% with 178 violations.
    elapsed time = 00:00:00, memory = 1007.57 (MB).
    Completing 20% with 178 violations.
    elapsed time = 00:00:01, memory = 1013.52 (MB).
    Completing 30% with 139 violations.
    elapsed time = 00:00:02, memory = 1013.52 (MB).
    Completing 40% with 139 violations.
    elapsed time = 00:00:03, memory = 1013.52 (MB).
    Completing 50% with 139 violations.
    elapsed time = 00:00:04, memory = 1013.52 (MB).
    Completing 60% with 78 violations.
    elapsed time = 00:00:05, memory = 1013.52 (MB).
    Completing 70% with 78 violations.
    elapsed time = 00:00:06, memory = 1013.52 (MB).
    Completing 80% with 21 violations.
    elapsed time = 00:00:08, memory = 1013.52 (MB).
    Completing 90% with 21 violations.
    elapsed time = 00:00:08, memory = 1013.52 (MB).
    Completing 100% with 0 violations.
    elapsed time = 00:00:09, memory = 1014.95 (MB).
[INFO DRT-0199]   Number of violations = 0.
[INFO DRT-0267] cpu time = 00:00:26, elapsed time = 00:00:09, memory = 1014.95 (MB), peak = 1026.35 (MB)
Total wire length = 43305 um.
Total wire length on LAYER metal1 = 0 um.
Total wire length on LAYER metal2 = 14086 um.
Total wire length on LAYER metal3 = 17742 um.
Total wire length on LAYER metal4 = 6673 um.
Total wire length on LAYER metal5 = 3296 um.
Total wire length on LAYER metal6 = 1401 um.
Total wire length on LAYER metal7 = 104 um.
Total wire length on LAYER metal8 = 0 um.
Total wire length on LAYER metal9 = 0 um.
Total wire length on LAYER metal10 = 0 um.
Total number of vias = 18699.
Up-via summary (total 18699):

----------------
 active        0
 metal1     8185
 metal2     8702
 metal3     1180
 metal4      489
 metal5      139
 metal6        4
 metal7        0
 metal8        0
 metal9        0
----------------
       18699


[INFO DRT-0198] Complete detail routing.
Total wire length = 43305 um.
Total wire length on LAYER metal1 = 0 um.
Total wire length on LAYER metal2 = 14086 um.
Total wire length on LAYER metal3 = 17742 um.
Total wire length on LAYER metal4 = 6673 um.
Total wire length on LAYER metal5 = 3296 um.
Total wire length on LAYER metal6 = 1401 um.
Total wire length on LAYER metal7 = 104 um.
Total wire length on LAYER metal8 = 0 um.
Total wire length on LAYER metal9 = 0 um.
Total wire length on LAYER metal10 = 0 um.
Total number of vias = 18699.
Up-via summary (total 18699):

----------------
 active        0
 metal1     8185
 metal2     8702
 metal3     1180
 metal4      489
 metal5      139
 metal6        4
 metal7        0
 metal8        0
 metal9        0
----------------
       18699


[INFO DRT-0267] cpu time = 00:03:14, elapsed time = 00:01:11, memory = 1015.01 (MB), peak = 1026.35 (MB)

[INFO DRT-0180] Post processing.
Took 82 seconds: detailed_route -output_drc ./reports/nangate45/s9234f/phase0c_f3e7b516a_s13_k2_A_d36ea8f1_7f655d61/5_route_drc.rpt -output_maze ./results/nangate45/s9234f/phase0c_f3e7b516a_s13_k2_A_d36ea8f1_7f655d61/maze.log -droute_end_iter 64 -verbose 1 -drc_report_iter_step 5
[WARNING GRT-0246] No diode with LEF class CORE ANTENNACELL found.
[INFO ANT-0002] Found 0 net violations.
[INFO ANT-0001] Found 0 pin violations.
[INFO ANT-0002] Found 0 net violations.
[INFO ANT-0001] Found 0 pin violations.
Design area 3637 um^2 36% utilization.
write_db ./results/nangate45/s9234f/phase0c_f3e7b516a_s13_k2_A_d36ea8f1_7f655d61/5_2_route.odb
Log                       Ext     Elapsed/s Peak Memory/MB sha1sum result [0:20)
5_2_route                 .odb           87           1026 12aae07ed796a0d91762
/root/pact-deps/OpenROAD-flow-scripts/flow/scripts/flow.sh 5_3_fillcell fillcell
Running fillcell.tcl, stage 5_3_fillcell
read_liberty /root/pact-deps/OpenROAD-flow-scripts/flow/platforms/nangate45/lib/NangateOpenCellLibrary_typical.lib
read_db ./results/nangate45/s9234f/phase0c_f3e7b516a_s13_k2_A_d36ea8f1_7f655d61/5_2_route.odb
read_sdc ./results/nangate45/s9234f/phase0c_f3e7b516a_s13_k2_A_d36ea8f1_7f655d61/5_1_grt.sdc
source /root/pact-deps/OpenROAD-flow-scripts/flow/platforms/nangate45/setRC.tcl
filler_placement "FILLCELL_X1 FILLCELL_X2 FILLCELL_X4 FILLCELL_X8 FILLCELL_X16 FILLCELL_X32"
[INFO DPL-0001] Placed 3395 filler instances.
Design area 3637 um^2 36% utilization.
write_db ./results/nangate45/s9234f/phase0c_f3e7b516a_s13_k2_A_d36ea8f1_7f655d61/5_3_fillcell.odb
Log                       Ext     Elapsed/s Peak Memory/MB sha1sum result [0:20)
5_3_fillcell              .odb            0            120 74d5cc78660f531178cc
cp ./results/nangate45/s9234f/phase0c_f3e7b516a_s13_k2_A_d36ea8f1_7f655d61/5_3_fillcell.odb ./results/nangate45/s9234f/phase0c_f3e7b516a_s13_k2_A_d36ea8f1_7f655d61/5_route.odb
cp ./results/nangate45/s9234f/phase0c_f3e7b516a_s13_k2_A_d36ea8f1_7f655d61/5_1_grt.sdc ./results/nangate45/s9234f/phase0c_f3e7b516a_s13_k2_A_d36ea8f1_7f655d61/5_route.sdc
