OpenROAD 26Q2-1164-g08f67ee5ec 
Features included (+) or not (-): +GPU +GUI +Python
This program is licensed under the BSD-3 license. See the LICENSE file for details.
Components of this program may be licensed under more restrictive licenses which must be honored.
[INFO ORD-0030] Using 4 thread(s).
mkdir -p ./objects/nangate45/s9234f/phase0c_f3e7b516a_s19_k1_B1_10f16ec8_7f655d61
/root/pact-deps/OpenROAD-flow-scripts/flow/scripts/flow.sh 4_1_cts cts
Running cts.tcl, stage 4_1_cts
read_liberty /root/pact-deps/OpenROAD-flow-scripts/flow/platforms/nangate45/lib/NangateOpenCellLibrary_typical.lib
read_db ./results/nangate45/s9234f/phase0c_f3e7b516a_s19_k1_B1_10f16ec8_7f655d61/3_place.odb
read_sdc ./results/nangate45/s9234f/phase0c_f3e7b516a_s19_k1_B1_10f16ec8_7f655d61/3_place.sdc
source /root/pact-deps/OpenROAD-flow-scripts/flow/platforms/nangate45/setRC.tcl
clock_tree_synthesis -sink_clustering_enable -repair_clock_nets
[INFO CTS-0050] Root buffer is CLKBUF_X3.
[INFO CTS-0051] Sink buffer is CLKBUF_X3.
[INFO CTS-0052] The following clock buffers will be used for CTS:
                    CLKBUF_X3
[INFO CTS-0049] Characterization buffer is CLKBUF_X3.
[INFO CTS-0007] Net "CK" found for clock "clk".
[INFO CTS-0010]  Clock net "CK" has 211 sinks.
[INFO CTS-0008] TritonCTS found 1 clock nets.
[INFO CTS-0097] Characterization used 1 buffer(s) types.
[INFO CTS-0201] 0 blockages from hard placement blockages and placed macros will be used.
[INFO CTS-0027] Generating H-Tree topology for net CK.
[INFO CTS-0028]  Total number of sinks: 211.
[INFO CTS-0090]  Sinks will be clustered based on buffer max cap.
[INFO CTS-0030]  Number of static layers: 0.
[INFO CTS-0020]  Wire segment unit: 14000  dbu (7 um).
[INFO CTS-0206] Best clustering solution was found from max clustering size of 9 and max clustering diameter of 27.
[INFO CTS-0019]  Total number of sinks after clustering: 32.
[INFO CTS-0024]  Normalized sink region: [(2.32342, 1.70571), (12.8907, 13.2905)].
[INFO CTS-0025]     Width:  10.5673.
[INFO CTS-0026]     Height: 11.5848.
 Level 1
    Direction: Vertical
    Sinks per sub-region: 16
    Sub-region size: 10.5673 X 5.7924
[INFO CTS-0034]     Segment length (rounded): 2.
 Level 2
    Direction: Horizontal
    Sinks per sub-region: 8
    Sub-region size: 5.2836 X 5.7924
[INFO CTS-0034]     Segment length (rounded): 2.
[INFO CTS-0032]  Stop criterion found. Max number of sinks is 15.
[INFO CTS-0035]  Number of sinks covered: 32.
[INFO CTS-0018]     Created 37 clock buffers.
[INFO CTS-0012]     Minimum number of buffers in the clock path: 3.
[INFO CTS-0013]     Maximum number of buffers in the clock path: 3.
[INFO CTS-0015]     Created 37 clock nets.
[INFO CTS-0016]     Fanout distribution for the current clock = 4:1, 5:4, 6:9, 7:15, 8:4, 9:2, 10:1..
[INFO CTS-0017]     Max level of the clock tree: 2.
[INFO CTS-0098] Clock net "CK"
[INFO CTS-0099]  Sinks 236
[INFO CTS-0100]  Leaf buffers 32
[INFO CTS-0101]  Average sink wire length 141.39 um
[INFO CTS-0102]  Path depth 2 - 3
[INFO CTS-0207]  Dummy loads inserted 25
estimate_parasitics -placement
detailed_placement
[INFO DPL-0006] Core area: 10208.02 um^2, Instances area: 3599.78 um^2, Utilization: 35.3%
[INFO DPL-0005] Diamond search max displacement: +/- 500 sites horizontally, +/- 100 rows vertically.
[INFO DPL-1101] Legalizing using diamond search.
Movements Summary
---------------------------------------
Total cells:                    2606
Diamond Move Success:           2606 (100.00%)
Diamond Move Failure:              0
Rip-up and replace Success:        0 (  0.00% of diamond failures)
Rip-up and replace Failure:        0
Total Placement Failures:          0
---------------------------------------
Placement Analysis
---------------------------------
total displacement        112.0 u
average displacement        0.0 u
max displacement            3.0 u
original HPWL           33982.8 u
legalized HPWL          34003.2 u
delta HPWL                    0 %

estimate_parasitics -placement
repair_timing -setup_margin 0 -hold_margin 0 -repair_tns 100 -verbose
[INFO RSZ-0100] Repair move sequence: UnbufferMove SizeUpMove SwapPinsMove BufferMove CloneMove SplitLoadMove 
[INFO RSZ-0098] No setup violations found
[INFO RSZ-0046] Found 61 endpoints with hold violations.
Iteration | Resized | Buffers | Cloned Gates |   Area   |   WNS   |   TNS   | Endpoint
--------------------------------------------------------------------------------------
        0 |       0 |       0 |            0 |    +0.0% |  -0.093 |  -1.921 | U_g666/D
       10 |       0 |      18 |            0 |    +0.4% |  -0.077 |  -1.347 | U_g688/D
       20 |       0 |      32 |            0 |    +0.7% |  -0.040 |  -0.364 | U_g666/D
       30 |       0 |      32 |            0 |    +0.7% |  -0.040 |  -0.364 | U_g666/D
       40 |       0 |      33 |            0 |    +0.7% |  -0.040 |  -0.263 | U_g666/D
       50 |       0 |      35 |            0 |    +0.8% |  -0.040 |  -0.250 | U_g666/D
       60 |       0 |      38 |            0 |    +0.8% |  -0.040 |  -0.228 | U_g666/D
       70 |       0 |      52 |            0 |    +1.2% |  -0.013 |  -0.013 | U_g422/SI
    final |       0 |      53 |            0 |    +1.2% |   0.000 |   0.000 | U_g11/D
--------------------------------------------------------------------------------------
[INFO RSZ-0032] Inserted 53 hold buffers.
detailed_placement
[INFO DPL-0006] Core area: 10208.02 um^2, Instances area: 3642.07 um^2, Utilization: 35.7%
[INFO DPL-0005] Diamond search max displacement: +/- 500 sites horizontally, +/- 100 rows vertically.
[INFO DPL-1101] Legalizing using diamond search.
Movements Summary
---------------------------------------
Total cells:                    2659
Diamond Move Success:           2659 (100.00%)
Diamond Move Failure:              0
Rip-up and replace Success:        0 (  0.00% of diamond failures)
Rip-up and replace Failure:        0
Total Placement Failures:          0
---------------------------------------
Placement Analysis
---------------------------------
total displacement         78.1 u
average displacement        0.0 u
max displacement            3.0 u
original HPWL           34096.7 u
legalized HPWL          34136.6 u
delta HPWL                    0 %

estimate_parasitics -placement
Report metrics stage 4, cts final...

==========================================================================
cts final report_design_area
--------------------------------------------------------------------------
Design area 3642 um^2 36% utilization.
write_db ./results/nangate45/s9234f/phase0c_f3e7b516a_s19_k1_B1_10f16ec8_7f655d61/4_1_cts.odb
write_sdc -no_timestamp ./results/nangate45/s9234f/phase0c_f3e7b516a_s19_k1_B1_10f16ec8_7f655d61/4_cts.sdc
Log                       Ext     Elapsed/s Peak Memory/MB sha1sum result [0:20)
4_1_cts                   .odb            5            159 ba0386d27e73b54ef5e0
cp ./results/nangate45/s9234f/phase0c_f3e7b516a_s19_k1_B1_10f16ec8_7f655d61/4_1_cts.odb ./results/nangate45/s9234f/phase0c_f3e7b516a_s19_k1_B1_10f16ec8_7f655d61/4_cts.odb
/root/pact-deps/OpenROAD-flow-scripts/flow/scripts/flow.sh 5_1_grt global_route
Running global_route.tcl, stage 5_1_grt
read_liberty /root/pact-deps/OpenROAD-flow-scripts/flow/platforms/nangate45/lib/NangateOpenCellLibrary_typical.lib
read_db ./results/nangate45/s9234f/phase0c_f3e7b516a_s19_k1_B1_10f16ec8_7f655d61/4_cts.odb
read_sdc ./results/nangate45/s9234f/phase0c_f3e7b516a_s19_k1_B1_10f16ec8_7f655d61/4_cts.sdc
source /root/pact-deps/OpenROAD-flow-scripts/flow/platforms/nangate45/setRC.tcl
pin_access
[INFO DRT-0149] Reading tech and libs.

Units:                2000
Number of layers:     21
Number of macros:     135
Number of vias:       33
Number of viarulegen: 19

[INFO DRT-0150] Reading design.

Design:                   s9234f
Die area:                 ( 0 0 ) ( 206880 206880 )
Number of track patterns: 20
Number of DEF vias:       0
Number of components:     2803
Number of terminals:      81
Number of snets:          2
Number of nets:           2673

[INFO DRT-0167] List of default vias:
  Layer via2
    default via: via2_5
  Layer via3
    default via: via3_2
  Layer via4
    default via: via4_0
  Layer via5
    default via: via5_0
  Layer via6
    default via: via6_0
  Layer via7
    default via: via7_0
  Layer via8
    default via: via8_0
  Layer via9
    default via: via9_0
[INFO DRT-0162] Library cell analysis.
[INFO DRT-0163] Instance analysis.
[INFO DRT-0164] Number of unique instances = 49.
[INFO DRT-0168] Init region query.
[INFO DRT-0024]   Complete active.
[INFO DRT-0024]   Complete Fr_VIA.
[INFO DRT-0024]   Complete metal1.
[INFO DRT-0024]   Complete via1.
[INFO DRT-0024]   Complete metal2.
[INFO DRT-0024]   Complete via2.
[INFO DRT-0024]   Complete metal3.
[INFO DRT-0024]   Complete via3.
[INFO DRT-0024]   Complete metal4.
[INFO DRT-0024]   Complete via4.
[INFO DRT-0024]   Complete metal5.
[INFO DRT-0024]   Complete via5.
[INFO DRT-0024]   Complete metal6.
[INFO DRT-0024]   Complete via6.
[INFO DRT-0024]   Complete metal7.
[INFO DRT-0024]   Complete via7.
[INFO DRT-0024]   Complete metal8.
[INFO DRT-0024]   Complete via8.
[INFO DRT-0024]   Complete metal9.
[INFO DRT-0024]   Complete via9.
[INFO DRT-0024]   Complete metal10.
[INFO DRT-0033] active shape region query size = 0.
[INFO DRT-0033] FR_VIA shape region query size = 0.
[INFO DRT-0033] metal1 shape region query size = 42627.
[INFO DRT-0033] via1 shape region query size = 438.
[INFO DRT-0033] metal2 shape region query size = 292.
[INFO DRT-0033] via2 shape region query size = 438.
[INFO DRT-0033] metal3 shape region query size = 292.
[INFO DRT-0033] via3 shape region query size = 438.
[INFO DRT-0033] metal4 shape region query size = 164.
[INFO DRT-0033] via4 shape region query size = 140.
[INFO DRT-0033] metal5 shape region query size = 62.
[INFO DRT-0033] via5 shape region query size = 140.
[INFO DRT-0033] metal6 shape region query size = 73.
[INFO DRT-0033] via6 shape region query size = 56.
[INFO DRT-0033] metal7 shape region query size = 28.
[INFO DRT-0033] via7 shape region query size = 0.
[INFO DRT-0033] metal8 shape region query size = 0.
[INFO DRT-0033] via8 shape region query size = 0.
[INFO DRT-0033] metal9 shape region query size = 0.
[INFO DRT-0033] via9 shape region query size = 0.
[INFO DRT-0033] metal10 shape region query size = 0.
[INFO DRT-0165] Start pin access.
[INFO DRT-0078]   Complete 249 pins.
[INFO DRT-0081]   Complete 49 unique inst patterns.
[INFO DRT-0084]   Complete 1563 groups.
#scanned instances     = 2803
#unique  instances     = 49
#stdCellGenAp          = 1067
#stdCellValidPlanarAp  = 0
#stdCellValidViaAp     = 854
#stdCellPinNoAp        = 0
#stdCellPinCnt         = 8135
#instTermValidViaApCnt = 0
#macroGenAp            = 0
#macroValidPlanarAp    = 0
#macroValidViaAp       = 0
#macroNoAp             = 0
[INFO DRT-0166] Complete pin access.
[INFO DRT-0267] cpu time = 00:00:29, elapsed time = 00:00:07, memory = 118.50 (MB), peak = 118.29 (MB)
Took 8 seconds: pin_access
set_global_routing_random -seed 19
global_route -congestion_report_file ./reports/nangate45/s9234f/phase0c_f3e7b516a_s19_k1_B1_10f16ec8_7f655d61/congestion.rpt -congestion_iterations 30 -congestion_report_iter_step 5 -verbose
[INFO GRT-0020] Min routing layer: metal2
[INFO GRT-0021] Max routing layer: metal10
[INFO GRT-0022] Global adjustment: 0%
[INFO GRT-0023] Grid origin: (0, 0)
[INFO GRT-0088] Layer metal1  Track-Pitch = 0.1400  line-2-Via Pitch: 0.1350
[INFO GRT-0088] Layer metal2  Track-Pitch = 0.1900  line-2-Via Pitch: 0.1400
[INFO GRT-0088] Layer metal3  Track-Pitch = 0.1400  line-2-Via Pitch: 0.1400
[INFO GRT-0088] Layer metal4  Track-Pitch = 0.2800  line-2-Via Pitch: 0.2800
[INFO GRT-0088] Layer metal5  Track-Pitch = 0.2800  line-2-Via Pitch: 0.2800
[INFO GRT-0088] Layer metal6  Track-Pitch = 0.2800  line-2-Via Pitch: 0.2800
[INFO GRT-0088] Layer metal7  Track-Pitch = 0.8000  line-2-Via Pitch: 0.8000
[INFO GRT-0088] Layer metal8  Track-Pitch = 0.8000  line-2-Via Pitch: 0.8000
[INFO GRT-0088] Layer metal9  Track-Pitch = 1.6000  line-2-Via Pitch: 1.6000
[INFO GRT-0088] Layer metal10 Track-Pitch = 1.6000  line-2-Via Pitch: 1.6000
[INFO GRT-0003] Macros: 0
[INFO GRT-0004] Blockages: 0
[INFO GRT-0019] Found 38 clock nets.
[INFO GRT-0001] Minimum degree: 2
[INFO GRT-0002] Maximum degree: 63

[INFO GRT-0053] Routing resources analysis:
          Routing      Original      Derated      Resource
Layer     Direction    Resources     Resources    Reduction (%)
---------------------------------------------------------------
metal1     Horizontal          0             0          0.00%
metal2     Vertical        18585          8750          52.92%
metal3     Horizontal      25711         12607          50.97%
metal4     Vertical        12600          8890          29.44%
metal5     Horizontal      12839          9040          29.59%
metal6     Vertical        12882          9077          29.54%
metal7     Horizontal       3920          2800          28.57%
metal8     Vertical         4480          3220          28.12%
metal9     Horizontal       2240          1260          43.75%
metal10    Vertical         2240          1260          43.75%
---------------------------------------------------------------

[INFO GRT-0197] Via related to pin nodes: 15628
[INFO GRT-0198] Via related Steiner nodes: 355
[INFO GRT-0199] Via filling finished.
[INFO GRT-0111] Final number of vias: 20451
[INFO GRT-0112] Final usage 3D: 74624

[INFO GRT-0096] Final congestion report:
Layer         Resource        Demand        Usage (%)    Max H / Max V / Total Overflow
---------------------------------------------------------------------------------------
metal1               0             0            0.00%             0 /  0 /  0
metal2            8750          4832           55.22%             0 /  0 /  0
metal3           12607          5518           43.77%             0 /  0 /  0
metal4            8890          1595           17.94%             0 /  0 /  0
metal5            9040           942           10.42%             0 /  0 /  0
metal6            9077           384            4.23%             0 /  0 /  0
metal7            2800             0            0.00%             0 /  0 /  0
metal8            3220             0            0.00%             0 /  0 /  0
metal9            1260             0            0.00%             0 /  0 /  0
metal10           1260             0            0.00%             0 /  0 /  0
---------------------------------------------------------------------------------------
Total            56904         13271           23.32%             0 /  0 /  0

[INFO GRT-0018] Total wirelength: 57857 um
[INFO GRT-0014] Routed nets: 2673
[INFO GRT-0303] Global routing runtime = 00:00:00
estimate_parasitics -global_routing
Perform buffer insertion and gate resizing...
repair_design -verbose
Iteration |   Area    | Resized | Buffers | Nets repaired | Remaining
---------------------------------------------------------------------
        0 |     +0.0% |       0 |       0 |             0 |      2909
       10 |     +0.0% |       0 |       0 |             0 |      2899
       20 |     +0.0% |       0 |       0 |             0 |      2889
       30 |     +0.0% |       0 |       0 |             0 |      2879
       40 |     +0.0% |       0 |       0 |             0 |      2869
       50 |     +0.0% |       0 |       0 |             0 |      2859
       60 |     +0.0% |       0 |       0 |             0 |      2849
       70 |     +0.0% |       0 |       0 |             0 |      2839
       80 |     +0.0% |       0 |       0 |             0 |      2829
       90 |     +0.0% |       0 |       0 |             0 |      2819
      100 |     +0.0% |       0 |       0 |             0 |      2809
      110 |     +0.0% |       0 |       0 |             0 |      2799
      120 |     +0.0% |       0 |       0 |             0 |      2789
      130 |     +0.0% |       0 |       0 |             0 |      2779
      140 |     +0.0% |       0 |       0 |             0 |      2769
      150 |     +0.0% |       0 |       0 |             0 |      2759
      160 |     +0.0% |       0 |       0 |             0 |      2749
      170 |     +0.0% |       0 |       0 |             0 |      2739
      180 |     +0.0% |       0 |       0 |             0 |      2729
      190 |     +0.0% |       0 |       0 |             0 |      2719
      200 |     +0.0% |       0 |       0 |             0 |      2709
      210 |     +0.0% |       0 |       0 |             0 |      2699
      220 |     +0.0% |       0 |       0 |             0 |      2689
      230 |     +0.0% |       0 |       0 |             0 |      2679
      240 |     +0.0% |       0 |       0 |             0 |      2669
      250 |     +0.0% |       0 |       0 |             0 |      2659
      260 |     +0.0% |       0 |       0 |             0 |      2649
      270 |     +0.0% |       0 |       0 |             0 |      2639
      280 |     +0.0% |       0 |       0 |             0 |      2629
      290 |     +0.0% |       0 |       0 |             0 |      2619
      300 |     +0.0% |       0 |       0 |             0 |      2609
      310 |     +0.0% |       0 |       0 |             0 |      2599
      320 |     +0.0% |       0 |       0 |             0 |      2589
      330 |     +0.0% |       0 |       0 |             0 |      2579
      340 |     +0.0% |       0 |       0 |             0 |      2569
      350 |     +0.0% |       0 |       0 |             0 |      2559
      360 |     +0.0% |       0 |       0 |             0 |      2549
      370 |     +0.0% |       0 |       0 |             0 |      2539
      380 |     +0.0% |       0 |       0 |             0 |      2529
      390 |     +0.0% |       0 |       0 |             0 |      2519
      400 |     +0.0% |       0 |       0 |             0 |      2509
      410 |     +0.0% |       0 |       0 |             0 |      2499
      420 |     +0.0% |       0 |       0 |             0 |      2489
      430 |     +0.0% |       0 |       0 |             0 |      2479
      440 |     +0.0% |       0 |       0 |             0 |      2469
      450 |     +0.0% |       0 |       0 |             0 |      2459
      460 |     +0.0% |       0 |       0 |             0 |      2449
      470 |     +0.0% |       0 |       0 |             0 |      2439
      480 |     +0.0% |       0 |       0 |             0 |      2429
      490 |     +0.0% |       0 |       0 |             0 |      2419
      500 |     +0.0% |       0 |       0 |             0 |      2409
      510 |     +0.0% |       0 |       0 |             0 |      2399
      520 |     +0.0% |       0 |       0 |             0 |      2389
      530 |     +0.0% |       0 |       0 |             0 |      2379
      540 |     +0.0% |       0 |       0 |             0 |      2369
      550 |     +0.0% |       0 |       0 |             0 |      2359
      560 |     +0.0% |       0 |       0 |             0 |      2349
      570 |     +0.0% |       0 |       0 |             0 |      2339
      580 |     +0.0% |       0 |       0 |             0 |      2329
      590 |     +0.0% |       0 |       0 |             0 |      2319
      600 |     +0.0% |       0 |       0 |             0 |      2309
      610 |     +0.0% |       0 |       0 |             0 |      2299
      620 |     +0.0% |       0 |       0 |             0 |      2289
      630 |     +0.0% |       0 |       0 |             0 |      2279
      640 |     +0.0% |       0 |       0 |             0 |      2269
      650 |     +0.0% |       0 |       0 |             0 |      2259
      660 |     +0.0% |       0 |       0 |             0 |      2249
      670 |     +0.0% |       0 |       0 |             0 |      2239
      680 |     +0.0% |       0 |       0 |             0 |      2229
      690 |     +0.0% |       0 |       0 |             0 |      2219
      700 |     +0.0% |       0 |       0 |             0 |      2209
      710 |     +0.0% |       0 |       0 |             0 |      2199
      720 |     +0.0% |       0 |       0 |             0 |      2189
      730 |     +0.0% |       0 |       0 |             0 |      2179
      740 |     +0.0% |       0 |       0 |             0 |      2169
      750 |     +0.0% |       0 |       0 |             0 |      2159
      760 |     +0.0% |       0 |       0 |             0 |      2149
      770 |     +0.0% |       0 |       0 |             0 |      2139
      780 |     +0.0% |       0 |       0 |             0 |      2129
      790 |     +0.0% |       0 |       0 |             0 |      2119
      800 |     +0.0% |       0 |       0 |             0 |      2109
      810 |     +0.0% |       0 |       0 |             0 |      2099
      820 |     +0.0% |       0 |       0 |             0 |      2089
      830 |     +0.0% |       0 |       0 |             0 |      2079
      840 |     +0.0% |       0 |       0 |             0 |      2069
      850 |     +0.0% |       0 |       0 |             0 |      2059
      860 |     +0.0% |       0 |       0 |             0 |      2049
      870 |     +0.0% |       0 |       0 |             0 |      2039
      880 |     +0.0% |       0 |       0 |             0 |      2029
      890 |     +0.0% |       0 |       0 |             0 |      2019
      900 |     +0.0% |       0 |       0 |             0 |      2009
      910 |     +0.0% |       0 |       0 |             0 |      1999
      920 |     +0.0% |       0 |       0 |             0 |      1989
      930 |     +0.0% |       0 |       0 |             0 |      1979
      940 |     +0.0% |       0 |       0 |             0 |      1969
      950 |     +0.0% |       0 |       0 |             0 |      1959
      960 |     +0.0% |       0 |       0 |             0 |      1949
      970 |     +0.0% |       0 |       0 |             0 |      1939
      980 |     +0.0% |       0 |       0 |             0 |      1929
      990 |     +0.0% |       0 |       0 |             0 |      1919
     1000 |     +0.0% |       0 |       0 |             0 |      1909
     1010 |     +0.0% |       0 |       0 |             0 |      1899
     1020 |     +0.0% |       0 |       0 |             0 |      1889
     1030 |     +0.0% |       0 |       0 |             0 |      1879
     1040 |     +0.0% |       0 |       0 |             0 |      1869
     1050 |     +0.0% |       0 |       0 |             0 |      1859
     1060 |     +0.0% |       0 |       0 |             0 |      1849
     1070 |     +0.0% |       0 |       0 |             0 |      1839
     1080 |     +0.0% |       0 |       0 |             0 |      1829
     1090 |     +0.0% |       0 |       0 |             0 |      1819
     1100 |     +0.0% |       0 |       0 |             0 |      1809
     1110 |     +0.0% |       0 |       0 |             0 |      1799
     1120 |     +0.0% |       0 |       0 |             0 |      1789
     1130 |     +0.0% |       0 |       0 |             0 |      1779
     1140 |     +0.0% |       0 |       0 |             0 |      1769
     1150 |     +0.0% |       0 |       0 |             0 |      1759
     1160 |     +0.0% |       0 |       0 |             0 |      1749
     1170 |     +0.0% |       0 |       0 |             0 |      1739
     1180 |     +0.0% |       0 |       0 |             0 |      1729
     1190 |     +0.0% |       0 |       0 |             0 |      1719
     1200 |     +0.0% |       0 |       0 |             0 |      1709
     1210 |     +0.0% |       0 |       0 |             0 |      1699
     1220 |     +0.0% |       0 |       0 |             0 |      1689
     1230 |     +0.0% |       0 |       0 |             0 |      1679
     1240 |     +0.0% |       0 |       0 |             0 |      1669
     1250 |     +0.0% |       0 |       0 |             0 |      1659
     1260 |     +0.0% |       0 |       0 |             0 |      1649
     1270 |     +0.0% |       0 |       0 |             0 |      1639
     1280 |     +0.0% |       0 |       0 |             0 |      1629
     1290 |     +0.0% |       0 |       0 |             0 |      1619
     1300 |     +0.0% |       0 |       0 |             0 |      1609
     1310 |     +0.0% |       0 |       0 |             0 |      1599
     1320 |     +0.0% |       0 |       0 |             0 |      1589
     1330 |     +0.0% |       0 |       0 |             0 |      1579
     1340 |     +0.0% |       0 |       0 |             0 |      1569
     1350 |     +0.0% |       0 |       0 |             0 |      1559
     1360 |     +0.0% |       0 |       0 |             0 |      1549
     1370 |     +0.0% |       0 |       0 |             0 |      1539
     1380 |     +0.0% |       0 |       0 |             0 |      1529
     1390 |     +0.0% |       0 |       0 |             0 |      1519
     1400 |     +0.0% |       0 |       0 |             0 |      1509
     1410 |     +0.0% |       0 |       0 |             0 |      1499
     1420 |     +0.0% |       0 |       0 |             0 |      1489
     1430 |     +0.0% |       0 |       0 |             0 |      1479
     1440 |     +0.0% |       0 |       0 |             0 |      1469
     1450 |     +0.0% |       0 |       0 |             0 |      1459
     1460 |     +0.0% |       0 |       0 |             0 |      1449
     1470 |     +0.0% |       0 |       0 |             0 |      1439
     1480 |     +0.0% |       0 |       0 |             0 |      1429
     1490 |     +0.0% |       0 |       0 |             0 |      1419
     1500 |     +0.0% |       0 |       0 |             0 |      1409
     1510 |     +0.0% |       0 |       0 |             0 |      1399
     1520 |     +0.0% |       0 |       0 |             0 |      1389
     1530 |     +0.0% |       0 |       0 |             0 |      1379
     1540 |     +0.0% |       0 |       0 |             0 |      1369
     1550 |     +0.0% |       0 |       0 |             0 |      1359
     1560 |     +0.0% |       0 |       0 |             0 |      1349
     1570 |     +0.0% |       0 |       0 |             0 |      1339
     1580 |     +0.0% |       0 |       0 |             0 |      1329
     1590 |     +0.0% |       0 |       0 |             0 |      1319
     1600 |     +0.0% |       0 |       0 |             0 |      1309
     1610 |     +0.0% |       0 |       0 |             0 |      1299
     1620 |     +0.0% |       0 |       0 |             0 |      1289
     1630 |     +0.0% |       0 |       0 |             0 |      1279
     1640 |     +0.0% |       0 |       0 |             0 |      1269
     1650 |     +0.0% |       0 |       0 |             0 |      1259
     1660 |     +0.0% |       0 |       0 |             0 |      1249
     1670 |     +0.0% |       0 |       0 |             0 |      1239
     1680 |     +0.0% |       0 |       0 |             0 |      1229
     1690 |     +0.0% |       0 |       0 |             0 |      1219
     1700 |     +0.0% |       0 |       0 |             0 |      1209
     1710 |     +0.0% |       0 |       0 |             0 |      1199
     1720 |     +0.0% |       0 |       0 |             0 |      1189
     1730 |     +0.0% |       0 |       0 |             0 |      1179
     1740 |     +0.0% |       0 |       0 |             0 |      1169
     1750 |     +0.0% |       0 |       0 |             0 |      1159
     1760 |     +0.0% |       0 |       0 |             0 |      1149
     1770 |     +0.0% |       0 |       0 |             0 |      1139
     1780 |     +0.0% |       0 |       0 |             0 |      1129
     1790 |     +0.0% |       0 |       0 |             0 |      1119
     1800 |     +0.0% |       0 |       0 |             0 |      1109
     1810 |     +0.0% |       0 |       0 |             0 |      1099
     1820 |     +0.0% |       0 |       0 |             0 |      1089
     1830 |     +0.0% |       0 |       0 |             0 |      1079
     1840 |     +0.0% |       0 |       0 |             0 |      1069
     1850 |     +0.0% |       0 |       0 |             0 |      1059
     1860 |     +0.0% |       0 |       0 |             0 |      1049
     1870 |     +0.0% |       0 |       0 |             0 |      1039
     1880 |     +0.0% |       0 |       0 |             0 |      1029
     1890 |     +0.0% |       0 |       0 |             0 |      1019
     1900 |     +0.0% |       0 |       0 |             0 |      1009
     1910 |     +0.0% |       0 |       0 |             0 |       999
     1920 |     +0.0% |       0 |       0 |             0 |       989
     1930 |     +0.0% |       0 |       0 |             0 |       979
     1940 |     +0.0% |       0 |       0 |             0 |       969
     1950 |     +0.0% |       0 |       0 |             0 |       959
     1960 |     +0.0% |       0 |       0 |             0 |       949
     1970 |     +0.0% |       0 |       0 |             0 |       939
     1980 |     +0.0% |       0 |       0 |             0 |       929
     1990 |     +0.0% |       0 |       0 |             0 |       919
     2000 |     +0.0% |       0 |       0 |             0 |       909
     2010 |     +0.0% |       0 |       0 |             0 |       899
     2020 |     +0.0% |       0 |       0 |             0 |       889
     2030 |     +0.0% |       0 |       0 |             0 |       879
     2040 |     +0.0% |       0 |       0 |             0 |       869
     2050 |     +0.0% |       0 |       0 |             0 |       859
     2060 |     +0.0% |       0 |       0 |             0 |       849
     2070 |     +0.0% |       0 |       0 |             0 |       839
     2080 |     +0.0% |       0 |       0 |             0 |       829
     2090 |     +0.0% |       0 |       0 |             0 |       819
     2100 |     +0.0% |       0 |       0 |             0 |       809
     2110 |     +0.0% |       0 |       0 |             0 |       799
     2120 |     +0.0% |       0 |       0 |             0 |       789
     2130 |     +0.0% |       0 |       0 |             0 |       779
     2140 |     +0.0% |       0 |       0 |             0 |       769
     2150 |     +0.0% |       0 |       0 |             0 |       759
     2160 |     +0.0% |       0 |       0 |             0 |       749
     2170 |     +0.0% |       0 |       0 |             0 |       739
     2180 |     +0.0% |       0 |       0 |             0 |       729
     2190 |     +0.0% |       0 |       0 |             0 |       719
     2200 |     +0.0% |       0 |       0 |             0 |       709
     2210 |     +0.0% |       0 |       0 |             0 |       699
     2220 |     +0.0% |       0 |       0 |             0 |       689
     2230 |     +0.0% |       0 |       0 |             0 |       679
     2240 |     +0.0% |       0 |       0 |             0 |       669
     2250 |     +0.0% |       0 |       0 |             0 |       659
     2260 |     +0.0% |       0 |       0 |             0 |       649
     2270 |     +0.0% |       0 |       0 |             0 |       639
     2280 |     +0.0% |       0 |       0 |             0 |       629
     2290 |     +0.0% |       0 |       0 |             0 |       619
     2300 |     +0.0% |       0 |       0 |             0 |       609
     2310 |     +0.0% |       0 |       0 |             0 |       599
     2320 |     +0.0% |       0 |       0 |             0 |       589
     2330 |     +0.0% |       0 |       0 |             0 |       579
     2340 |     +0.0% |       0 |       0 |             0 |       569
     2350 |     +0.0% |       0 |       0 |             0 |       559
     2360 |     +0.0% |       0 |       0 |             0 |       549
     2370 |     +0.0% |       0 |       0 |             0 |       539
     2380 |     +0.0% |       0 |       0 |             0 |       529
     2390 |     +0.0% |       0 |       0 |             0 |       519
     2400 |     +0.0% |       0 |       0 |             0 |       509
     2410 |     +0.0% |       0 |       0 |             0 |       499
     2420 |     +0.0% |       0 |       0 |             0 |       489
     2430 |     +0.0% |       0 |       0 |             0 |       479
     2440 |     +0.0% |       0 |       0 |             0 |       469
     2450 |     +0.0% |       0 |       0 |             0 |       459
     2460 |     +0.0% |       0 |       0 |             0 |       449
     2470 |     +0.0% |       0 |       0 |             0 |       439
     2480 |     +0.0% |       0 |       0 |             0 |       429
     2490 |     +0.0% |       0 |       0 |             0 |       419
     2500 |     +0.0% |       0 |       0 |             0 |       409
     2510 |     +0.0% |       0 |       0 |             0 |       399
     2520 |     +0.0% |       0 |       0 |             0 |       389
     2530 |     +0.0% |       0 |       0 |             0 |       379
     2540 |     +0.0% |       0 |       0 |             0 |       369
     2550 |     +0.0% |       0 |       0 |             0 |       359
     2560 |     +0.0% |       0 |       0 |             0 |       349
     2570 |     +0.0% |       0 |       0 |             0 |       339
     2580 |     +0.0% |       0 |       0 |             0 |       329
     2590 |     +0.0% |       0 |       0 |             0 |       319
     2600 |     +0.0% |       0 |       0 |             0 |       309
     2610 |     +0.0% |       0 |       0 |             0 |       299
     2620 |     +0.0% |       0 |       0 |             0 |       289
     2630 |     +0.0% |       0 |       0 |             0 |       279
     2640 |     +0.0% |       0 |       0 |             0 |       269
     2650 |     +0.0% |       0 |       0 |             0 |       259
     2660 |     +0.0% |       0 |       0 |             0 |       249
     2670 |     +0.0% |       0 |       0 |             0 |       239
     2680 |     +0.0% |       0 |       0 |             0 |       229
     2690 |     +0.0% |       0 |       0 |             0 |       219
     2700 |     +0.0% |       0 |       0 |             0 |       209
     2710 |     +0.0% |       0 |       0 |             0 |       199
     2720 |     +0.0% |       0 |       0 |             0 |       189
     2730 |     +0.0% |       0 |       0 |             0 |       179
     2740 |     +0.0% |       0 |       0 |             0 |       169
     2750 |     +0.0% |       0 |       0 |             0 |       159
     2760 |     +0.0% |       0 |       0 |             0 |       149
     2770 |     +0.0% |       0 |       0 |             0 |       139
     2780 |     +0.0% |       0 |       0 |             0 |       129
     2790 |     +0.0% |       0 |       0 |             0 |       119
     2800 |     +0.0% |       0 |       0 |             0 |       109
     2810 |     +0.0% |       0 |       0 |             0 |        99
     2820 |     +0.0% |       0 |       0 |             0 |        89
     2830 |     +0.0% |       0 |       0 |             0 |        79
     2840 |     +0.0% |       0 |       0 |             0 |        69
     2850 |     +0.0% |       0 |       0 |             0 |        59
     2860 |     +0.0% |       0 |       0 |             0 |        49
     2870 |     +0.0% |       0 |       0 |             0 |        39
     2880 |     +0.0% |       0 |       0 |             0 |        29
     2890 |     +0.0% |       0 |       0 |             0 |        19
     2900 |     +0.0% |       0 |       0 |             0 |         9
    final |     +0.0% |       0 |       0 |             0 |         0
---------------------------------------------------------------------
global_route -start_incremental
detailed_placement
[INFO DPL-0006] Core area: 10208.02 um^2, Instances area: 3642.07 um^2, Utilization: 35.7%
[INFO DPL-0005] Diamond search max displacement: +/- 500 sites horizontally, +/- 100 rows vertically.
[INFO DPL-1101] Legalizing using diamond search.
Movements Summary
---------------------------------------
Total cells:                    2659
Diamond Move Success:           2659 (100.00%)
Diamond Move Failure:              0
Rip-up and replace Success:        0 (  0.00% of diamond failures)
Rip-up and replace Failure:        0
Total Placement Failures:          0
---------------------------------------
Placement Analysis
---------------------------------
total displacement          0.0 u
average displacement        0.0 u
max displacement            0.0 u
original HPWL           34136.6 u
legalized HPWL          34136.6 u
delta HPWL                    0 %

global_route -end_incremental -congestion_report_file ./reports/nangate45/s9234f/phase0c_f3e7b516a_s19_k1_B1_10f16ec8_7f655d61/congestion_post_repair_design.rpt
Repair setup and hold violations...
estimate_parasitics -global_routing
repair_timing -setup_margin 0 -hold_margin 0 -repair_tns 100 -verbose
[INFO RSZ-0100] Repair move sequence: UnbufferMove SizeUpMove SwapPinsMove BufferMove CloneMove SplitLoadMove 
[INFO RSZ-0098] No setup violations found
[INFO RSZ-0046] Found 2 endpoints with hold violations.
Iteration | Resized | Buffers | Cloned Gates |   Area   |   WNS   |   TNS   | Endpoint
--------------------------------------------------------------------------------------
        0 |       0 |       0 |            0 |    +0.0% |  -0.001 |  -0.001 | U_g685/D
    final |       0 |       2 |            0 |    +0.0% |   0.001 |   0.000 | U_g15/D
--------------------------------------------------------------------------------------
[INFO RSZ-0032] Inserted 2 hold buffers.
global_route -start_incremental
detailed_placement
[INFO DPL-0006] Core area: 10208.02 um^2, Instances area: 3643.67 um^2, Utilization: 35.7%
[INFO DPL-0005] Diamond search max displacement: +/- 500 sites horizontally, +/- 100 rows vertically.
[INFO DPL-1101] Legalizing using diamond search.
Movements Summary
---------------------------------------
Total cells:                    2661
Diamond Move Success:           2661 (100.00%)
Diamond Move Failure:              0
Rip-up and replace Success:        0 (  0.00% of diamond failures)
Rip-up and replace Failure:        0
Total Placement Failures:          0
---------------------------------------
Placement Analysis
---------------------------------
total displacement          8.0 u
average displacement        0.0 u
max displacement            1.6 u
original HPWL           34137.3 u
legalized HPWL          34145.3 u
delta HPWL                    0 %

check_placement -verbose
global_route -end_incremental -congestion_report_file ./reports/nangate45/s9234f/phase0c_f3e7b516a_s19_k1_B1_10f16ec8_7f655d61/congestion_post_repair_timing.rpt
estimate_parasitics -global_routing
global_route -start_incremental
global_route -end_incremental -congestion_report_file ./reports/nangate45/s9234f/phase0c_f3e7b516a_s19_k1_B1_10f16ec8_7f655d61/congestion_post_recover_power.rpt
Repair antennas...
[WARNING GRT-0246] No diode with LEF class CORE ANTENNACELL found.
[INFO ANT-0002] Found 0 net violations.
[INFO ANT-0001] Found 0 pin violations.
Estimate parasitics...
estimate_parasitics -global_routing
Report metrics stage 5, global route...

==========================================================================
global route report_design_area
--------------------------------------------------------------------------
Design area 3644 um^2 36% utilization.
[INFO FLW-0007] clock clk period 10.000000
[INFO FLW-0008] Clock clk period 1.209
[INFO FLW-0009] Clock clk slack 8.728
write_sdc -no_timestamp ./results/nangate45/s9234f/phase0c_f3e7b516a_s19_k1_B1_10f16ec8_7f655d61/updated_clks.sdc
[INFO FLW-0011] Path endpoint path count 909
write_db ./results/nangate45/s9234f/phase0c_f3e7b516a_s19_k1_B1_10f16ec8_7f655d61/5_1_grt.odb
write_sdc -no_timestamp ./results/nangate45/s9234f/phase0c_f3e7b516a_s19_k1_B1_10f16ec8_7f655d61/5_1_grt.sdc
Log                       Ext     Elapsed/s Peak Memory/MB sha1sum result [0:20)
5_1_grt                   .odb           14            310 c5010151082dea05f976
5_1_grt                   .sdc                             ef79d21436d690ebafd1
/root/pact-deps/OpenROAD-flow-scripts/flow/scripts/flow.sh 5_2_route detail_route
Running detail_route.tcl, stage 5_2_route
read_liberty /root/pact-deps/OpenROAD-flow-scripts/flow/platforms/nangate45/lib/NangateOpenCellLibrary_typical.lib
read_db ./results/nangate45/s9234f/phase0c_f3e7b516a_s19_k1_B1_10f16ec8_7f655d61/5_1_grt.odb
read_sdc ./results/nangate45/s9234f/phase0c_f3e7b516a_s19_k1_B1_10f16ec8_7f655d61/5_1_grt.sdc
source /root/pact-deps/OpenROAD-flow-scripts/flow/platforms/nangate45/setRC.tcl
detailed_route -output_drc ./reports/nangate45/s9234f/phase0c_f3e7b516a_s19_k1_B1_10f16ec8_7f655d61/5_route_drc.rpt -output_maze ./results/nangate45/s9234f/phase0c_f3e7b516a_s19_k1_B1_10f16ec8_7f655d61/maze.log -droute_end_iter 64 -verbose 1 -drc_report_iter_step 5
[INFO DRT-0149] Reading tech and libs.

Units:                2000
Number of layers:     21
Number of macros:     135
Number of vias:       33
Number of viarulegen: 19

[INFO DRT-0150] Reading design.

Design:                   s9234f
Die area:                 ( 0 0 ) ( 206880 206880 )
Number of track patterns: 20
Number of DEF vias:       0
Number of components:     2805
Number of terminals:      81
Number of snets:          2
Number of nets:           2675

[INFO DRT-0167] List of default vias:
  Layer via2
    default via: via2_5
  Layer via3
    default via: via3_2
  Layer via4
    default via: via4_0
  Layer via5
    default via: via5_0
  Layer via6
    default via: via6_0
  Layer via7
    default via: via7_0
  Layer via8
    default via: via8_0
  Layer via9
    default via: via9_0
[INFO DRT-0162] Library cell analysis.
[INFO DRT-0163] Instance analysis.
[INFO DRT-0164] Number of unique instances = 49.
[INFO DRT-0168] Init region query.
[INFO DRT-0024]   Complete active.
[INFO DRT-0024]   Complete Fr_VIA.
[INFO DRT-0024]   Complete metal1.
[INFO DRT-0024]   Complete via1.
[INFO DRT-0024]   Complete metal2.
[INFO DRT-0024]   Complete via2.
[INFO DRT-0024]   Complete metal3.
[INFO DRT-0024]   Complete via3.
[INFO DRT-0024]   Complete metal4.
[INFO DRT-0024]   Complete via4.
[INFO DRT-0024]   Complete metal5.
[INFO DRT-0024]   Complete via5.
[INFO DRT-0024]   Complete metal6.
[INFO DRT-0024]   Complete via6.
[INFO DRT-0024]   Complete metal7.
[INFO DRT-0024]   Complete via7.
[INFO DRT-0024]   Complete metal8.
[INFO DRT-0024]   Complete via8.
[INFO DRT-0024]   Complete metal9.
[INFO DRT-0024]   Complete via9.
[INFO DRT-0024]   Complete metal10.
[INFO DRT-0033] active shape region query size = 0.
[INFO DRT-0033] FR_VIA shape region query size = 0.
[INFO DRT-0033] metal1 shape region query size = 42649.
[INFO DRT-0033] via1 shape region query size = 438.
[INFO DRT-0033] metal2 shape region query size = 292.
[INFO DRT-0033] via2 shape region query size = 438.
[INFO DRT-0033] metal3 shape region query size = 292.
[INFO DRT-0033] via3 shape region query size = 438.
[INFO DRT-0033] metal4 shape region query size = 164.
[INFO DRT-0033] via4 shape region query size = 140.
[INFO DRT-0033] metal5 shape region query size = 62.
[INFO DRT-0033] via5 shape region query size = 140.
[INFO DRT-0033] metal6 shape region query size = 73.
[INFO DRT-0033] via6 shape region query size = 56.
[INFO DRT-0033] metal7 shape region query size = 28.
[INFO DRT-0033] via7 shape region query size = 0.
[INFO DRT-0033] metal8 shape region query size = 0.
[INFO DRT-0033] via8 shape region query size = 0.
[INFO DRT-0033] metal9 shape region query size = 0.
[INFO DRT-0033] via9 shape region query size = 0.
[INFO DRT-0033] metal10 shape region query size = 0.
[INFO DRT-0165] Start pin access.
[INFO DRT-0078]   Complete 249 pins.
[INFO DRT-0081]   Complete 49 unique inst patterns.
[INFO DRT-0084]   Complete 1563 groups.
#scanned instances     = 2805
#unique  instances     = 49
#stdCellGenAp          = 1067
#stdCellValidPlanarAp  = 0
#stdCellValidViaAp     = 854
#stdCellPinNoAp        = 0
#stdCellPinCnt         = 8139
#instTermValidViaApCnt = 0
#macroGenAp            = 0
#macroValidPlanarAp    = 0
#macroValidViaAp       = 0
#macroNoAp             = 0
[INFO DRT-0166] Complete pin access.
[INFO DRT-0267] cpu time = 00:00:27, elapsed time = 00:00:05, memory = 266.81 (MB), peak = 266.65 (MB)

[INFO DRT-0157] Number of guides:     22389

[INFO DRT-0169] Post process guides.
[INFO DRT-0176] GCELLGRID X 0 DO 36 STEP 5700 ;
[INFO DRT-0177] GCELLGRID Y 0 DO 36 STEP 5700 ;
[INFO DRT-0028]   Complete active.
[INFO DRT-0028]   Complete Fr_VIA.
[INFO DRT-0028]   Complete metal1.
[INFO DRT-0028]   Complete via1.
[INFO DRT-0028]   Complete metal2.
[INFO DRT-0028]   Complete via2.
[INFO DRT-0028]   Complete metal3.
[INFO DRT-0028]   Complete via3.
[INFO DRT-0028]   Complete metal4.
[INFO DRT-0028]   Complete via4.
[INFO DRT-0028]   Complete metal5.
[INFO DRT-0028]   Complete via5.
[INFO DRT-0028]   Complete metal6.
[INFO DRT-0028]   Complete via6.
[INFO DRT-0028]   Complete metal7.
[INFO DRT-0028]   Complete via7.
[INFO DRT-0028]   Complete metal8.
[INFO DRT-0028]   Complete via8.
[INFO DRT-0028]   Complete metal9.
[INFO DRT-0028]   Complete via9.
[INFO DRT-0028]   Complete metal10.
[INFO DRT-0178] Init guide query.
[INFO DRT-0035]   Complete active (guide).
[INFO DRT-0035]   Complete Fr_VIA (guide).
[INFO DRT-0035]   Complete metal1 (guide).
[INFO DRT-0035]   Complete via1 (guide).
[INFO DRT-0035]   Complete metal2 (guide).
[INFO DRT-0035]   Complete via2 (guide).
[INFO DRT-0035]   Complete metal3 (guide).
[INFO DRT-0035]   Complete via3 (guide).
[INFO DRT-0035]   Complete metal4 (guide).
[INFO DRT-0035]   Complete via4 (guide).
[INFO DRT-0035]   Complete metal5 (guide).
[INFO DRT-0035]   Complete via5 (guide).
[INFO DRT-0035]   Complete metal6 (guide).
[INFO DRT-0035]   Complete via6 (guide).
[INFO DRT-0035]   Complete metal7 (guide).
[INFO DRT-0035]   Complete via7 (guide).
[INFO DRT-0035]   Complete metal8 (guide).
[INFO DRT-0035]   Complete via8 (guide).
[INFO DRT-0035]   Complete metal9 (guide).
[INFO DRT-0035]   Complete via9 (guide).
[INFO DRT-0035]   Complete metal10 (guide).
[INFO DRT-0036] active guide region query size = 0.
[INFO DRT-0036] FR_VIA guide region query size = 0.
[INFO DRT-0036] metal1 guide region query size = 7209.
[INFO DRT-0036] via1 guide region query size = 0.
[INFO DRT-0036] metal2 guide region query size = 6592.
[INFO DRT-0036] via2 guide region query size = 0.
[INFO DRT-0036] metal3 guide region query size = 3770.
[INFO DRT-0036] via3 guide region query size = 0.
[INFO DRT-0036] metal4 guide region query size = 709.
[INFO DRT-0036] via4 guide region query size = 0.
[INFO DRT-0036] metal5 guide region query size = 293.
[INFO DRT-0036] via5 guide region query size = 0.
[INFO DRT-0036] metal6 guide region query size = 90.
[INFO DRT-0036] via6 guide region query size = 0.
[INFO DRT-0036] metal7 guide region query size = 0.
[INFO DRT-0036] via7 guide region query size = 0.
[INFO DRT-0036] metal8 guide region query size = 0.
[INFO DRT-0036] via8 guide region query size = 0.
[INFO DRT-0036] metal9 guide region query size = 0.
[INFO DRT-0036] via9 guide region query size = 0.
[INFO DRT-0036] metal10 guide region query size = 0.
[INFO DRT-0179] Init gr pin query.
[INFO DRT-0267] cpu time = 00:00:00, elapsed time = 00:00:00, memory = 275.02 (MB), peak = 274.78 (MB)
[INFO DRT-0245] skipped writing guide updates to database.
[INFO DRT-0181] Start track assignment.
[INFO DRT-0184] Done with 7391 vertical wires in 1 frboxes and 11272 horizontal wires in 1 frboxes.
[INFO DRT-0186] Done with 2256 vertical wires in 1 frboxes and 2782 horizontal wires in 1 frboxes.
[INFO DRT-0182] Complete track assignment.
[INFO DRT-0267] cpu time = 00:00:01, elapsed time = 00:00:01, memory = 328.52 (MB), peak = 328.06 (MB)
[INFO DRT-0187] Start routing data preparation.
[INFO DRT-0267] cpu time = 00:00:00, elapsed time = 00:00:00, memory = 328.58 (MB), peak = 328.18 (MB)
[INFO DRT-0194] Start detail routing.
[INFO DRT-0195] Start 0th optimization iteration.
    Completing 10% with 0 violations.
    elapsed time = 00:00:01, memory = 368.52 (MB).
    Completing 20% with 0 violations.
    elapsed time = 00:00:04, memory = 373.81 (MB).
    Completing 30% with 131 violations.
    elapsed time = 00:00:05, memory = 412.71 (MB).
    Completing 40% with 131 violations.
    elapsed time = 00:00:07, memory = 437.04 (MB).
    Completing 50% with 131 violations.
    elapsed time = 00:00:10, memory = 403.43 (MB).
    Completing 60% with 176 violations.
    elapsed time = 00:00:12, memory = 430.44 (MB).
    Completing 70% with 176 violations.
    elapsed time = 00:00:14, memory = 432.70 (MB).
    Completing 80% with 267 violations.
    elapsed time = 00:00:17, memory = 464.23 (MB).
    Completing 90% with 267 violations.
    elapsed time = 00:00:17, memory = 464.78 (MB).
    Completing 100% with 345 violations.
    elapsed time = 00:00:20, memory = 439.75 (MB).
[INFO DRT-0199]   Number of violations = 478.
Viol/Layer      metal1   via1 metal2   via2 metal3 metal4 metal5
Cut Spacing          0      0      0      1      0      0      0
Metal Spacing        0      0     45      0      4      2      3
Recheck              2      0     68      0     56      6      1
Short                0      1    254      1     32      0      2
[INFO DRT-0267] cpu time = 00:00:53, elapsed time = 00:00:21, memory = 961.15 (MB), peak = 960.88 (MB)
Total wire length = 38969 um.
Total wire length on LAYER metal1 = 0 um.
Total wire length on LAYER metal2 = 14691 um.
Total wire length on LAYER metal3 = 16499 um.
Total wire length on LAYER metal4 = 4207 um.
Total wire length on LAYER metal5 = 2448 um.
Total wire length on LAYER metal6 = 1122 um.
Total wire length on LAYER metal7 = 0 um.
Total wire length on LAYER metal8 = 0 um.
Total wire length on LAYER metal9 = 0 um.
Total wire length on LAYER metal10 = 0 um.
Total number of vias = 18466.
Up-via summary (total 18466):

----------------
 active        0
 metal1     8195
 metal2     8795
 metal3      956
 metal4      381
 metal5      139
 metal6        0
 metal7        0
 metal8        0
 metal9        0
----------------
       18466


[INFO DRT-0195] Start 1st optimization iteration.
    Completing 10% with 478 violations.
    elapsed time = 00:00:00, memory = 990.02 (MB).
    Completing 20% with 478 violations.
    elapsed time = 00:00:04, memory = 998.91 (MB).
    Completing 30% with 405 violations.
    elapsed time = 00:00:03, memory = 978.34 (MB).
    Completing 40% with 405 violations.
    elapsed time = 00:00:05, memory = 980.64 (MB).
    Completing 50% with 405 violations.
    elapsed time = 00:00:07, memory = 980.66 (MB).
    Completing 60% with 288 violations.
    elapsed time = 00:00:10, memory = 986.24 (MB).
    Completing 70% with 288 violations.
    elapsed time = 00:00:11, memory = 995.29 (MB).
    Completing 80% with 205 violations.
    elapsed time = 00:00:14, memory = 995.29 (MB).
    Completing 90% with 205 violations.
    elapsed time = 00:00:14, memory = 995.29 (MB).
    Completing 100% with 138 violations.
    elapsed time = 00:00:16, memory = 995.29 (MB).
[INFO DRT-0199]   Number of violations = 138.
Viol/Layer      metal2 metal3
Metal Spacing       31      0
Short               95     12
[INFO DRT-0267] cpu time = 00:00:51, elapsed time = 00:00:16, memory = 998.29 (MB), peak = 998.75 (MB)
Total wire length = 38672 um.
Total wire length on LAYER metal1 = 0 um.
Total wire length on LAYER metal2 = 14493 um.
Total wire length on LAYER metal3 = 16406 um.
Total wire length on LAYER metal4 = 4218 um.
Total wire length on LAYER metal5 = 2445 um.
Total wire length on LAYER metal6 = 1107 um.
Total wire length on LAYER metal7 = 0 um.
Total wire length on LAYER metal8 = 0 um.
Total wire length on LAYER metal9 = 0 um.
Total wire length on LAYER metal10 = 0 um.
Total number of vias = 18405.
Up-via summary (total 18405):

----------------
 active        0
 metal1     8201
 metal2     8726
 metal3      955
 metal4      385
 metal5      138
 metal6        0
 metal7        0
 metal8        0
 metal9        0
----------------
       18405


[INFO DRT-0195] Start 2nd optimization iteration.
    Completing 10% with 138 violations.
    elapsed time = 00:00:00, memory = 998.29 (MB).
    Completing 20% with 138 violations.
    elapsed time = 00:00:03, memory = 1007.95 (MB).
    Completing 30% with 127 violations.
    elapsed time = 00:00:03, memory = 1007.95 (MB).
    Completing 40% with 127 violations.
    elapsed time = 00:00:04, memory = 1008.61 (MB).
    Completing 50% with 127 violations.
    elapsed time = 00:00:07, memory = 1008.61 (MB).
    Completing 60% with 155 violations.
    elapsed time = 00:00:07, memory = 1008.61 (MB).
    Completing 70% with 155 violations.
    elapsed time = 00:00:09, memory = 1039.57 (MB).
    Completing 80% with 135 violations.
    elapsed time = 00:00:13, memory = 1008.61 (MB).
    Completing 90% with 135 violations.
    elapsed time = 00:00:15, memory = 1008.61 (MB).
    Completing 100% with 121 violations.
    elapsed time = 00:00:17, memory = 1008.61 (MB).
[INFO DRT-0199]   Number of violations = 121.
Viol/Layer      metal2 metal3
Metal Spacing       32      0
Short               83      6
[INFO DRT-0267] cpu time = 00:00:44, elapsed time = 00:00:18, memory = 1008.61 (MB), peak = 1039.20 (MB)
Total wire length = 38657 um.
Total wire length on LAYER metal1 = 0 um.
Total wire length on LAYER metal2 = 14501 um.
Total wire length on LAYER metal3 = 16385 um.
Total wire length on LAYER metal4 = 4201 um.
Total wire length on LAYER metal5 = 2458 um.
Total wire length on LAYER metal6 = 1110 um.
Total wire length on LAYER metal7 = 0 um.
Total wire length on LAYER metal8 = 0 um.
Total wire length on LAYER metal9 = 0 um.
Total wire length on LAYER metal10 = 0 um.
Total number of vias = 18309.
Up-via summary (total 18309):

----------------
 active        0
 metal1     8197
 metal2     8642
 metal3      958
 metal4      379
 metal5      133
 metal6        0
 metal7        0
 metal8        0
 metal9        0
----------------
       18309


[INFO DRT-0195] Start 3rd optimization iteration.
    Completing 10% with 121 violations.
    elapsed time = 00:00:00, memory = 1008.61 (MB).
    Completing 20% with 121 violations.
    elapsed time = 00:00:00, memory = 1010.23 (MB).
    Completing 30% with 90 violations.
    elapsed time = 00:00:02, memory = 1010.23 (MB).
    Completing 40% with 90 violations.
    elapsed time = 00:00:02, memory = 1010.23 (MB).
    Completing 50% with 90 violations.
    elapsed time = 00:00:05, memory = 1018.35 (MB).
    Completing 60% with 64 violations.
    elapsed time = 00:00:05, memory = 1018.35 (MB).
    Completing 70% with 64 violations.
    elapsed time = 00:00:06, memory = 1018.35 (MB).
    Completing 80% with 17 violations.
    elapsed time = 00:00:07, memory = 1018.35 (MB).
    Completing 90% with 17 violations.
    elapsed time = 00:00:07, memory = 1018.35 (MB).
    Completing 100% with 0 violations.
    elapsed time = 00:00:10, memory = 1018.35 (MB).
[INFO DRT-0199]   Number of violations = 0.
[INFO DRT-0267] cpu time = 00:00:22, elapsed time = 00:00:10, memory = 1018.35 (MB), peak = 1039.20 (MB)
Total wire length = 38629 um.
Total wire length on LAYER metal1 = 0 um.
Total wire length on LAYER metal2 = 14328 um.
Total wire length on LAYER metal3 = 16417 um.
Total wire length on LAYER metal4 = 4335 um.
Total wire length on LAYER metal5 = 2445 um.
Total wire length on LAYER metal6 = 1101 um.
Total wire length on LAYER metal7 = 0 um.
Total wire length on LAYER metal8 = 0 um.
Total wire length on LAYER metal9 = 0 um.
Total wire length on LAYER metal10 = 0 um.
Total number of vias = 18432.
Up-via summary (total 18432):

----------------
 active        0
 metal1     8199
 metal2     8711
 metal3     1013
 metal4      378
 metal5      131
 metal6        0
 metal7        0
 metal8        0
 metal9        0
----------------
       18432


[INFO DRT-0198] Complete detail routing.
Total wire length = 38629 um.
Total wire length on LAYER metal1 = 0 um.
Total wire length on LAYER metal2 = 14328 um.
Total wire length on LAYER metal3 = 16417 um.
Total wire length on LAYER metal4 = 4335 um.
Total wire length on LAYER metal5 = 2445 um.
Total wire length on LAYER metal6 = 1101 um.
Total wire length on LAYER metal7 = 0 um.
Total wire length on LAYER metal8 = 0 um.
Total wire length on LAYER metal9 = 0 um.
Total wire length on LAYER metal10 = 0 um.
Total number of vias = 18432.
Up-via summary (total 18432):

----------------
 active        0
 metal1     8199
 metal2     8711
 metal3     1013
 metal4      378
 metal5      131
 metal6        0
 metal7        0
 metal8        0
 metal9        0
----------------
       18432


[INFO DRT-0267] cpu time = 00:02:51, elapsed time = 00:01:07, memory = 1018.41 (MB), peak = 1039.20 (MB)

[INFO DRT-0180] Post processing.
Took 75 seconds: detailed_route -output_drc ./reports/nangate45/s9234f/phase0c_f3e7b516a_s19_k1_B1_10f16ec8_7f655d61/5_route_drc.rpt -output_maze ./results/nangate45/s9234f/phase0c_f3e7b516a_s19_k1_B1_10f16ec8_7f655d61/maze.log -droute_end_iter 64 -verbose 1 -drc_report_iter_step 5
[WARNING GRT-0246] No diode with LEF class CORE ANTENNACELL found.
[INFO ANT-0002] Found 0 net violations.
[INFO ANT-0001] Found 0 pin violations.
[INFO ANT-0002] Found 0 net violations.
[INFO ANT-0001] Found 0 pin violations.
Design area 3644 um^2 36% utilization.
write_db ./results/nangate45/s9234f/phase0c_f3e7b516a_s19_k1_B1_10f16ec8_7f655d61/5_2_route.odb
Log                       Ext     Elapsed/s Peak Memory/MB sha1sum result [0:20)
5_2_route                 .odb           82           1039 5003759c6228a51b26bb
/root/pact-deps/OpenROAD-flow-scripts/flow/scripts/flow.sh 5_3_fillcell fillcell
Running fillcell.tcl, stage 5_3_fillcell
read_liberty /root/pact-deps/OpenROAD-flow-scripts/flow/platforms/nangate45/lib/NangateOpenCellLibrary_typical.lib
read_db ./results/nangate45/s9234f/phase0c_f3e7b516a_s19_k1_B1_10f16ec8_7f655d61/5_2_route.odb
read_sdc ./results/nangate45/s9234f/phase0c_f3e7b516a_s19_k1_B1_10f16ec8_7f655d61/5_1_grt.sdc
source /root/pact-deps/OpenROAD-flow-scripts/flow/platforms/nangate45/setRC.tcl
filler_placement "FILLCELL_X1 FILLCELL_X2 FILLCELL_X4 FILLCELL_X8 FILLCELL_X16 FILLCELL_X32"
[INFO DPL-0001] Placed 3426 filler instances.
Design area 3644 um^2 36% utilization.
write_db ./results/nangate45/s9234f/phase0c_f3e7b516a_s19_k1_B1_10f16ec8_7f655d61/5_3_fillcell.odb
Log                       Ext     Elapsed/s Peak Memory/MB sha1sum result [0:20)
5_3_fillcell              .odb            0            120 c0edd6d688c447de3200
cp ./results/nangate45/s9234f/phase0c_f3e7b516a_s19_k1_B1_10f16ec8_7f655d61/5_3_fillcell.odb ./results/nangate45/s9234f/phase0c_f3e7b516a_s19_k1_B1_10f16ec8_7f655d61/5_route.odb
cp ./results/nangate45/s9234f/phase0c_f3e7b516a_s19_k1_B1_10f16ec8_7f655d61/5_1_grt.sdc ./results/nangate45/s9234f/phase0c_f3e7b516a_s19_k1_B1_10f16ec8_7f655d61/5_route.sdc
