OpenROAD 26Q2-1164-g08f67ee5ec 
Features included (+) or not (-): +GPU +GUI +Python
This program is licensed under the BSD-3 license. See the LICENSE file for details.
Components of this program may be licensed under more restrictive licenses which must be honored.
[INFO ORD-0030] Using 4 thread(s).
mkdir -p ./objects/nangate45/s5378/phase0c_s11_k2_J50_9c54b48f_4c45ea7c
/root/pact-deps/OpenROAD-flow-scripts/flow/scripts/flow.sh 4_1_cts cts
Running cts.tcl, stage 4_1_cts
read_liberty /root/pact-deps/OpenROAD-flow-scripts/flow/platforms/nangate45/lib/NangateOpenCellLibrary_typical.lib
read_db ./results/nangate45/s5378/phase0c_s11_k2_J50_9c54b48f_4c45ea7c/3_place.odb
read_sdc ./results/nangate45/s5378/phase0c_s11_k2_J50_9c54b48f_4c45ea7c/3_place.sdc
source /root/pact-deps/OpenROAD-flow-scripts/flow/platforms/nangate45/setRC.tcl
clock_tree_synthesis -sink_clustering_enable -repair_clock_nets
[INFO CTS-0050] Root buffer is CLKBUF_X3.
[INFO CTS-0051] Sink buffer is CLKBUF_X3.
[INFO CTS-0052] The following clock buffers will be used for CTS:
                    CLKBUF_X3
[INFO CTS-0049] Characterization buffer is CLKBUF_X3.
[INFO CTS-0007] Net "CK" found for clock "clk".
[INFO CTS-0010]  Clock net "CK" has 179 sinks.
[INFO CTS-0008] TritonCTS found 1 clock nets.
[INFO CTS-0097] Characterization used 1 buffer(s) types.
[INFO CTS-0201] 0 blockages from hard placement blockages and placed macros will be used.
[INFO CTS-0027] Generating H-Tree topology for net CK.
[INFO CTS-0028]  Total number of sinks: 179.
[INFO CTS-0090]  Sinks will be clustered based on buffer max cap.
[INFO CTS-0030]  Number of static layers: 0.
[INFO CTS-0020]  Wire segment unit: 14000  dbu (7 um).
[INFO CTS-0023]  Original sink region: [(6905, 15000), (161945, 158600)].
[INFO CTS-0024]  Normalized sink region: [(0.493214, 1.07143), (11.5675, 11.3286)].
[INFO CTS-0025]     Width:  11.0743.
[INFO CTS-0026]     Height: 10.2571.
 Level 1
    Direction: Horizontal
    Sinks per sub-region: 90
    Sub-region size: 5.5371 X 10.2571
[INFO CTS-0034]     Segment length (rounded): 2.
 Level 2
    Direction: Vertical
    Sinks per sub-region: 45
    Sub-region size: 5.5371 X 5.1286
[INFO CTS-0034]     Segment length (rounded): 2.
 Level 3
    Direction: Horizontal
    Sinks per sub-region: 23
    Sub-region size: 2.7686 X 5.1286
[INFO CTS-0034]     Segment length (rounded): 1.
 Level 4
    Direction: Vertical
    Sinks per sub-region: 12
    Sub-region size: 2.7686 X 2.5643
[INFO CTS-0034]     Segment length (rounded): 1.
[INFO CTS-0032]  Stop criterion found. Max number of sinks is 15.
[INFO CTS-0035]  Number of sinks covered: 179.
[INFO CTS-0018]     Created 17 clock buffers.
[INFO CTS-0012]     Minimum number of buffers in the clock path: 2.
[INFO CTS-0013]     Maximum number of buffers in the clock path: 2.
[INFO CTS-0015]     Created 17 clock nets.
[INFO CTS-0016]     Fanout distribution for the current clock = 7:3, 8:1, 9:2, 10:2, 11:2, 12:1, 13:2, 15:1, 16:1, 21:1..
[INFO CTS-0017]     Max level of the clock tree: 4.
[INFO CTS-0098] Clock net "CK"
[INFO CTS-0099]  Sinks 194
[INFO CTS-0100]  Leaf buffers 0
[INFO CTS-0101]  Average sink wire length 117.95 um
[INFO CTS-0102]  Path depth 2 - 2
[INFO CTS-0207]  Dummy loads inserted 15
estimate_parasitics -placement
detailed_placement
[INFO DPL-0006] Core area: 6921.05 um^2, Instances area: 2566.37 um^2, Utilization: 37.1%
[INFO DPL-0005] Diamond search max displacement: +/- 500 sites horizontally, +/- 100 rows vertically.
[INFO DPL-1101] Legalizing using diamond search.
Movements Summary
---------------------------------------
Total cells:                    1927
Diamond Move Success:           1927 (100.00%)
Diamond Move Failure:              0
Rip-up and replace Success:        0 (  0.00% of diamond failures)
Rip-up and replace Failure:        0
Total Placement Failures:          0
---------------------------------------
Placement Analysis
---------------------------------
total displacement         59.5 u
average displacement        0.0 u
max displacement            3.3 u
original HPWL           24250.7 u
legalized HPWL          24263.8 u
delta HPWL                    0 %

estimate_parasitics -placement
repair_timing -setup_margin 0 -hold_margin 0 -repair_tns 100 -verbose
[INFO RSZ-0100] Repair move sequence: UnbufferMove SizeUpMove SwapPinsMove BufferMove CloneMove SplitLoadMove 
[INFO RSZ-0098] No setup violations found
[INFO RSZ-0046] Found 91 endpoints with hold violations.
Iteration | Resized | Buffers | Cloned Gates |   Area   |   WNS   |   TNS   | Endpoint
--------------------------------------------------------------------------------------
        0 |       0 |       0 |            0 |    +0.0% |  -0.075 |  -2.364 | U_n160gat/D
       10 |       0 |      16 |            0 |    +0.5% |  -0.063 |  -1.554 | U_n626gat/D
       20 |       0 |      26 |            0 |    +0.8% |  -0.059 |  -0.930 | U_n491gat/D
       30 |       0 |      33 |            0 |    +1.0% |  -0.024 |  -0.612 | U_n816gat/D
       40 |       0 |      41 |            0 |    +1.3% |  -0.012 |  -0.274 | U_n618gat/SE
       50 |       0 |      42 |            0 |    +1.3% |  -0.003 |  -0.003 | U_n1740gat/SI
       60 |       0 |      42 |            0 |    +1.3% |  -0.003 |  -0.003 | U_n1740gat/SI
       70 |       0 |      42 |            0 |    +1.3% |  -0.003 |  -0.003 | U_n1740gat/SI
       80 |       0 |      42 |            0 |    +1.3% |  -0.003 |  -0.003 | U_n1740gat/SI
       90 |       0 |      42 |            0 |    +1.3% |  -0.003 |  -0.003 | U_n1740gat/SI
    final |       0 |      43 |            0 |    +1.3% |   0.004 |   0.000 | U_n2588gat/D
--------------------------------------------------------------------------------------
[INFO RSZ-0032] Inserted 43 hold buffers.
detailed_placement
[INFO DPL-0006] Core area: 6921.05 um^2, Instances area: 2600.68 um^2, Utilization: 37.6%
[INFO DPL-0005] Diamond search max displacement: +/- 500 sites horizontally, +/- 100 rows vertically.
[INFO DPL-1101] Legalizing using diamond search.
Movements Summary
---------------------------------------
Total cells:                    1970
Diamond Move Success:           1970 (100.00%)
Diamond Move Failure:              0
Rip-up and replace Success:        0 (  0.00% of diamond failures)
Rip-up and replace Failure:        0
Total Placement Failures:          0
---------------------------------------
Placement Analysis
---------------------------------
total displacement         47.2 u
average displacement        0.0 u
max displacement            2.4 u
original HPWL           24523.0 u
legalized HPWL          24547.8 u
delta HPWL                    0 %

estimate_parasitics -placement
Report metrics stage 4, cts final...

==========================================================================
cts final report_design_area
--------------------------------------------------------------------------
Design area 2601 um^2 38% utilization.
write_db ./results/nangate45/s5378/phase0c_s11_k2_J50_9c54b48f_4c45ea7c/4_1_cts.odb
write_sdc -no_timestamp ./results/nangate45/s5378/phase0c_s11_k2_J50_9c54b48f_4c45ea7c/4_cts.sdc
Log                       Ext     Elapsed/s Peak Memory/MB sha1sum result [0:20)
4_1_cts                   .odb            3            147 206cea7ad0df960784be
cp ./results/nangate45/s5378/phase0c_s11_k2_J50_9c54b48f_4c45ea7c/4_1_cts.odb ./results/nangate45/s5378/phase0c_s11_k2_J50_9c54b48f_4c45ea7c/4_cts.odb
/root/pact-deps/OpenROAD-flow-scripts/flow/scripts/flow.sh 5_1_grt global_route
Running global_route.tcl, stage 5_1_grt
read_liberty /root/pact-deps/OpenROAD-flow-scripts/flow/platforms/nangate45/lib/NangateOpenCellLibrary_typical.lib
read_db ./results/nangate45/s5378/phase0c_s11_k2_J50_9c54b48f_4c45ea7c/4_cts.odb
read_sdc ./results/nangate45/s5378/phase0c_s11_k2_J50_9c54b48f_4c45ea7c/4_cts.sdc
source /root/pact-deps/OpenROAD-flow-scripts/flow/platforms/nangate45/setRC.tcl
pin_access
[INFO DRT-0149] Reading tech and libs.

Units:                2000
Number of layers:     21
Number of macros:     135
Number of vias:       33
Number of viarulegen: 19

[INFO DRT-0150] Reading design.

Design:                   s5378
Die area:                 ( 0 0 ) ( 171970 171970 )
Number of track patterns: 20
Number of DEF vias:       0
Number of components:     2088
Number of terminals:      92
Number of snets:          2
Number of nets:           1994

[WARNING DRT-0422] No routing tracks pass through the center of Term test_so.
[WARNING DRT-0421] Term test_si_1 has no pins on routing grid
[WARNING DRT-0422] No routing tracks pass through the center of Term test_so_1.
[INFO DRT-0167] List of default vias:
  Layer via2
    default via: via2_5
  Layer via3
    default via: via3_2
  Layer via4
    default via: via4_0
  Layer via5
    default via: via5_0
  Layer via6
    default via: via6_0
  Layer via7
    default via: via7_0
  Layer via8
    default via: via8_0
  Layer via9
    default via: via9_0
[INFO DRT-0162] Library cell analysis.
[INFO DRT-0163] Instance analysis.
[INFO DRT-0164] Number of unique instances = 32.
[INFO DRT-0168] Init region query.
[INFO DRT-0024]   Complete active.
[INFO DRT-0024]   Complete Fr_VIA.
[INFO DRT-0024]   Complete metal1.
[INFO DRT-0024]   Complete via1.
[INFO DRT-0024]   Complete metal2.
[INFO DRT-0024]   Complete via2.
[INFO DRT-0024]   Complete metal3.
[INFO DRT-0024]   Complete via3.
[INFO DRT-0024]   Complete metal4.
[INFO DRT-0024]   Complete via4.
[INFO DRT-0024]   Complete metal5.
[INFO DRT-0024]   Complete via5.
[INFO DRT-0024]   Complete metal6.
[INFO DRT-0024]   Complete via6.
[INFO DRT-0024]   Complete metal7.
[INFO DRT-0024]   Complete via7.
[INFO DRT-0024]   Complete metal8.
[INFO DRT-0024]   Complete via8.
[INFO DRT-0024]   Complete metal9.
[INFO DRT-0024]   Complete via9.
[INFO DRT-0024]   Complete metal10.
[INFO DRT-0033] active shape region query size = 0.
[INFO DRT-0033] FR_VIA shape region query size = 0.
[INFO DRT-0033] metal1 shape region query size = 29390.
[INFO DRT-0033] via1 shape region query size = 270.
[INFO DRT-0033] metal2 shape region query size = 180.
[INFO DRT-0033] via2 shape region query size = 270.
[INFO DRT-0033] metal3 shape region query size = 180.
[INFO DRT-0033] via3 shape region query size = 270.
[INFO DRT-0033] metal4 shape region query size = 102.
[INFO DRT-0033] via4 shape region query size = 90.
[INFO DRT-0033] metal5 shape region query size = 65.
[INFO DRT-0033] via5 shape region query size = 90.
[INFO DRT-0033] metal6 shape region query size = 61.
[INFO DRT-0033] via6 shape region query size = 36.
[INFO DRT-0033] metal7 shape region query size = 21.
[INFO DRT-0033] via7 shape region query size = 0.
[INFO DRT-0033] metal8 shape region query size = 0.
[INFO DRT-0033] via8 shape region query size = 0.
[INFO DRT-0033] metal9 shape region query size = 0.
[INFO DRT-0033] via9 shape region query size = 0.
[INFO DRT-0033] metal10 shape region query size = 0.
[INFO DRT-0165] Start pin access.
[INFO DRT-0078]   Complete 152 pins.
[INFO DRT-0081]   Complete 32 unique inst patterns.
[INFO DRT-0084]   Complete 1185 groups.
#scanned instances     = 2088
#unique  instances     = 32
#stdCellGenAp          = 621
#stdCellValidPlanarAp  = 0
#stdCellValidViaAp     = 496
#stdCellPinNoAp        = 0
#stdCellPinCnt         = 5895
#instTermValidViaApCnt = 0
#macroGenAp            = 0
#macroValidPlanarAp    = 0
#macroValidViaAp       = 0
#macroNoAp             = 0
[INFO DRT-0166] Complete pin access.
[INFO DRT-0267] cpu time = 00:00:13, elapsed time = 00:00:03, memory = 116.42 (MB), peak = 116.21 (MB)
set_global_routing_random -seed 11
global_route -congestion_report_file ./reports/nangate45/s5378/phase0c_s11_k2_J50_9c54b48f_4c45ea7c/congestion.rpt -congestion_iterations 30 -congestion_report_iter_step 5 -verbose
[INFO GRT-0020] Min routing layer: metal2
[INFO GRT-0021] Max routing layer: metal10
[INFO GRT-0022] Global adjustment: 0%
[INFO GRT-0023] Grid origin: (0, 0)
[INFO GRT-0088] Layer metal1  Track-Pitch = 0.1400  line-2-Via Pitch: 0.1350
[INFO GRT-0088] Layer metal2  Track-Pitch = 0.1900  line-2-Via Pitch: 0.1400
[INFO GRT-0088] Layer metal3  Track-Pitch = 0.1400  line-2-Via Pitch: 0.1400
[INFO GRT-0088] Layer metal4  Track-Pitch = 0.2800  line-2-Via Pitch: 0.2800
[INFO GRT-0088] Layer metal5  Track-Pitch = 0.2800  line-2-Via Pitch: 0.2800
[INFO GRT-0088] Layer metal6  Track-Pitch = 0.2800  line-2-Via Pitch: 0.2800
[INFO GRT-0088] Layer metal7  Track-Pitch = 0.8000  line-2-Via Pitch: 0.8000
[INFO GRT-0088] Layer metal8  Track-Pitch = 0.8000  line-2-Via Pitch: 0.8000
[INFO GRT-0088] Layer metal9  Track-Pitch = 1.6000  line-2-Via Pitch: 1.6000
[INFO GRT-0088] Layer metal10 Track-Pitch = 1.6000  line-2-Via Pitch: 1.6000
[INFO GRT-0003] Macros: 0
[INFO GRT-0004] Blockages: 0
[INFO GRT-0019] Found 18 clock nets.
[INFO GRT-0001] Minimum degree: 2
[INFO GRT-0002] Maximum degree: 59

[INFO GRT-0053] Routing resources analysis:
          Routing      Original      Derated      Resource
Layer     Direction    Resources     Resources    Reduction (%)
---------------------------------------------------------------
metal1     Horizontal          0             0          0.00%
metal2     Vertical        12818          6032          52.94%
metal3     Horizontal      17709          8695          50.90%
metal4     Vertical         8700          6148          29.33%
metal5     Horizontal       8855          6255          29.36%
metal6     Vertical         8880          6276          29.32%
metal7     Horizontal       2726          1972          27.66%
metal8     Vertical         3103          2233          28.04%
metal9     Horizontal       1537           870          43.40%
metal10    Vertical         1537           870          43.40%
---------------------------------------------------------------

[INFO GRT-0197] Via related to pin nodes: 11554
[INFO GRT-0198] Via related Steiner nodes: 251
[INFO GRT-0199] Via filling finished.
[INFO GRT-0111] Final number of vias: 15025
[INFO GRT-0112] Final usage 3D: 54588

[INFO GRT-0096] Final congestion report:
Layer         Resource        Demand        Usage (%)    Max H / Max V / Total Overflow
---------------------------------------------------------------------------------------
metal1               0             0            0.00%             0 /  0 /  0
metal2            6032          3405           56.45%             0 /  0 /  0
metal3            8695          4010           46.12%             0 /  0 /  0
metal4            6148          1315           21.39%             0 /  0 /  0
metal5            6255           556            8.89%             0 /  0 /  0
metal6            6276           227            3.62%             0 /  0 /  0
metal7            1972             0            0.00%             0 /  0 /  0
metal8            2233             0            0.00%             0 /  0 /  0
metal9             870             0            0.00%             0 /  0 /  0
metal10            870             0            0.00%             0 /  0 /  0
---------------------------------------------------------------------------------------
Total            39351          9513           24.17%             0 /  0 /  0

[INFO GRT-0018] Total wirelength: 41590 um
[INFO GRT-0014] Routed nets: 1994
[INFO GRT-0303] Global routing runtime = 00:00:00
estimate_parasitics -global_routing
Perform buffer insertion and gate resizing...
repair_design -verbose
Iteration |   Area    | Resized | Buffers | Nets repaired | Remaining
---------------------------------------------------------------------
        0 |     +0.0% |       0 |       0 |             0 |      2188
       10 |     +0.0% |       0 |       0 |             0 |      2178
       20 |     +0.0% |       0 |       0 |             0 |      2168
       30 |     +0.0% |       0 |       0 |             0 |      2158
       40 |     +0.0% |       0 |       0 |             0 |      2148
       50 |     +0.0% |       0 |       0 |             0 |      2138
       60 |     +0.0% |       0 |       0 |             0 |      2128
       70 |     +0.0% |       0 |       0 |             0 |      2118
       80 |     +0.0% |       0 |       0 |             0 |      2108
       90 |     +0.0% |       0 |       0 |             0 |      2098
      100 |     +0.0% |       0 |       0 |             0 |      2088
      110 |     +0.0% |       0 |       0 |             0 |      2078
      120 |     +0.0% |       0 |       0 |             0 |      2068
      130 |     +0.0% |       0 |       0 |             0 |      2058
      140 |     +0.0% |       0 |       0 |             0 |      2048
      150 |     +0.0% |       0 |       0 |             0 |      2038
      160 |     +0.0% |       0 |       0 |             0 |      2028
      170 |     +0.0% |       0 |       0 |             0 |      2018
      180 |     +0.0% |       0 |       0 |             0 |      2008
      190 |     +0.0% |       0 |       0 |             0 |      1998
      200 |     +0.0% |       0 |       0 |             0 |      1988
      210 |     +0.0% |       0 |       0 |             0 |      1978
      220 |     +0.0% |       0 |       0 |             0 |      1968
      230 |     +0.0% |       0 |       0 |             0 |      1958
      240 |     +0.0% |       0 |       0 |             0 |      1948
      250 |     +0.0% |       0 |       0 |             0 |      1938
      260 |     +0.0% |       0 |       0 |             0 |      1928
      270 |     +0.0% |       0 |       0 |             0 |      1918
      280 |     +0.0% |       0 |       0 |             0 |      1908
      290 |     +0.0% |       0 |       0 |             0 |      1898
      300 |     +0.0% |       0 |       0 |             0 |      1888
      310 |     +0.0% |       0 |       0 |             0 |      1878
      320 |     +0.0% |       0 |       0 |             0 |      1868
      330 |     +0.0% |       0 |       0 |             0 |      1858
      340 |     +0.0% |       0 |       0 |             0 |      1848
      350 |     +0.0% |       0 |       0 |             0 |      1838
      360 |     +0.0% |       0 |       0 |             0 |      1828
      370 |     +0.0% |       0 |       0 |             0 |      1818
      380 |     +0.0% |       0 |       0 |             0 |      1808
      390 |     +0.0% |       0 |       0 |             0 |      1798
      400 |     +0.0% |       0 |       0 |             0 |      1788
      410 |     +0.0% |       0 |       0 |             0 |      1778
      420 |     +0.0% |       0 |       0 |             0 |      1768
      430 |     +0.0% |       0 |       0 |             0 |      1758
      440 |     +0.0% |       0 |       0 |             0 |      1748
      450 |     +0.0% |       0 |       0 |             0 |      1738
      460 |     +0.0% |       0 |       0 |             0 |      1728
      470 |     +0.0% |       0 |       0 |             0 |      1718
      480 |     +0.0% |       0 |       0 |             0 |      1708
      490 |     +0.0% |       0 |       0 |             0 |      1698
      500 |     +0.0% |       0 |       0 |             0 |      1688
      510 |     +0.0% |       0 |       0 |             0 |      1678
      520 |     +0.0% |       0 |       0 |             0 |      1668
      530 |     +0.0% |       0 |       0 |             0 |      1658
      540 |     +0.0% |       0 |       0 |             0 |      1648
      550 |     +0.0% |       0 |       0 |             0 |      1638
      560 |     +0.0% |       0 |       0 |             0 |      1628
      570 |     +0.0% |       0 |       0 |             0 |      1618
      580 |     +0.0% |       0 |       0 |             0 |      1608
      590 |     +0.0% |       0 |       0 |             0 |      1598
      600 |     +0.0% |       0 |       0 |             0 |      1588
      610 |     +0.0% |       0 |       0 |             0 |      1578
      620 |     +0.0% |       0 |       0 |             0 |      1568
      630 |     +0.0% |       0 |       0 |             0 |      1558
      640 |     +0.0% |       0 |       0 |             0 |      1548
      650 |     +0.0% |       0 |       0 |             0 |      1538
      660 |     +0.0% |       0 |       0 |             0 |      1528
      670 |     +0.0% |       0 |       0 |             0 |      1518
      680 |     +0.0% |       0 |       0 |             0 |      1508
      690 |     +0.0% |       0 |       0 |             0 |      1498
      700 |     +0.0% |       0 |       0 |             0 |      1488
      710 |     +0.0% |       0 |       0 |             0 |      1478
      720 |     +0.0% |       0 |       0 |             0 |      1468
      730 |     +0.0% |       0 |       0 |             0 |      1458
      740 |     +0.0% |       0 |       0 |             0 |      1448
      750 |     +0.0% |       0 |       0 |             0 |      1438
      760 |     +0.0% |       0 |       0 |             0 |      1428
      770 |     +0.0% |       0 |       0 |             0 |      1418
      780 |     +0.0% |       0 |       0 |             0 |      1408
      790 |     +0.0% |       0 |       0 |             0 |      1398
      800 |     +0.0% |       0 |       0 |             0 |      1388
      810 |     +0.0% |       0 |       0 |             0 |      1378
      820 |     +0.0% |       0 |       0 |             0 |      1368
      830 |     +0.0% |       0 |       0 |             0 |      1358
      840 |     +0.0% |       0 |       0 |             0 |      1348
      850 |     +0.0% |       0 |       0 |             0 |      1338
      860 |     +0.0% |       0 |       0 |             0 |      1328
      870 |     +0.0% |       0 |       0 |             0 |      1318
      880 |     +0.0% |       0 |       0 |             0 |      1308
      890 |     +0.0% |       0 |       0 |             0 |      1298
      900 |     +0.0% |       0 |       0 |             0 |      1288
      910 |     +0.0% |       0 |       0 |             0 |      1278
      920 |     +0.0% |       0 |       0 |             0 |      1268
      930 |     +0.0% |       0 |       0 |             0 |      1258
      940 |     +0.0% |       0 |       0 |             0 |      1248
      950 |     +0.0% |       0 |       0 |             0 |      1238
      960 |     +0.0% |       0 |       0 |             0 |      1228
      970 |     +0.0% |       0 |       0 |             0 |      1218
      980 |     +0.0% |       0 |       0 |             0 |      1208
      990 |     +0.0% |       0 |       0 |             0 |      1198
     1000 |     +0.0% |       0 |       0 |             0 |      1188
     1010 |     +0.0% |       0 |       0 |             0 |      1178
     1020 |     +0.0% |       0 |       0 |             0 |      1168
     1030 |     +0.0% |       0 |       0 |             0 |      1158
     1040 |     +0.0% |       0 |       0 |             0 |      1148
     1050 |     +0.0% |       0 |       0 |             0 |      1138
     1060 |     +0.0% |       0 |       0 |             0 |      1128
     1070 |     +0.0% |       0 |       0 |             0 |      1118
     1080 |     +0.0% |       0 |       0 |             0 |      1108
     1090 |     +0.0% |       0 |       0 |             0 |      1098
     1100 |     +0.0% |       0 |       0 |             0 |      1088
     1110 |     +0.0% |       0 |       0 |             0 |      1078
     1120 |     +0.0% |       0 |       0 |             0 |      1068
     1130 |     +0.0% |       0 |       0 |             0 |      1058
     1140 |     +0.0% |       0 |       0 |             0 |      1048
     1150 |     +0.0% |       0 |       0 |             0 |      1038
     1160 |     +0.0% |       0 |       0 |             0 |      1028
     1170 |     +0.0% |       0 |       0 |             0 |      1018
     1180 |     +0.0% |       0 |       0 |             0 |      1008
     1190 |     +0.0% |       0 |       0 |             0 |       998
     1200 |     +0.0% |       0 |       0 |             0 |       988
     1210 |     +0.0% |       0 |       0 |             0 |       978
     1220 |     +0.0% |       0 |       0 |             0 |       968
     1230 |     +0.0% |       0 |       0 |             0 |       958
     1240 |     +0.0% |       0 |       0 |             0 |       948
     1250 |     +0.0% |       0 |       0 |             0 |       938
     1260 |     +0.0% |       0 |       0 |             0 |       928
     1270 |     +0.0% |       0 |       0 |             0 |       918
     1280 |     +0.0% |       0 |       0 |             0 |       908
     1290 |     +0.0% |       0 |       0 |             0 |       898
     1300 |     +0.0% |       0 |       0 |             0 |       888
     1310 |     +0.0% |       0 |       0 |             0 |       878
     1320 |     +0.0% |       0 |       0 |             0 |       868
     1330 |     +0.0% |       0 |       0 |             0 |       858
     1340 |     +0.0% |       0 |       0 |             0 |       848
     1350 |     +0.0% |       0 |       0 |             0 |       838
     1360 |     +0.0% |       0 |       0 |             0 |       828
     1370 |     +0.0% |       0 |       0 |             0 |       818
     1380 |     +0.0% |       0 |       0 |             0 |       808
     1390 |     +0.0% |       0 |       0 |             0 |       798
     1400 |     +0.0% |       0 |       0 |             0 |       788
     1410 |     +0.0% |       0 |       0 |             0 |       778
     1420 |     +0.0% |       0 |       0 |             0 |       768
     1430 |     +0.0% |       0 |       0 |             0 |       758
     1440 |     +0.0% |       0 |       0 |             0 |       748
     1450 |     +0.0% |       0 |       0 |             0 |       738
     1460 |     +0.0% |       0 |       0 |             0 |       728
     1470 |     +0.0% |       0 |       0 |             0 |       718
     1480 |     +0.0% |       0 |       0 |             0 |       708
     1490 |     +0.0% |       0 |       0 |             0 |       698
     1500 |     +0.0% |       0 |       0 |             0 |       688
     1510 |     +0.0% |       0 |       0 |             0 |       678
     1520 |     +0.0% |       0 |       0 |             0 |       668
     1530 |     +0.0% |       0 |       0 |             0 |       658
     1540 |     +0.0% |       0 |       0 |             0 |       648
     1550 |     +0.0% |       0 |       0 |             0 |       638
     1560 |     +0.0% |       0 |       0 |             0 |       628
     1570 |     +0.0% |       0 |       0 |             0 |       618
     1580 |     +0.0% |       0 |       0 |             0 |       608
     1590 |     +0.0% |       0 |       0 |             0 |       598
     1600 |     +0.0% |       0 |       0 |             0 |       588
     1610 |     +0.0% |       0 |       0 |             0 |       578
     1620 |     +0.0% |       0 |       0 |             0 |       568
     1630 |     +0.0% |       0 |       0 |             0 |       558
     1640 |     +0.0% |       0 |       0 |             0 |       548
     1650 |     +0.0% |       0 |       0 |             0 |       538
     1660 |     +0.0% |       0 |       0 |             0 |       528
     1670 |     +0.0% |       0 |       0 |             0 |       518
     1680 |     +0.0% |       0 |       0 |             0 |       508
     1690 |     +0.0% |       0 |       0 |             0 |       498
     1700 |     +0.0% |       0 |       0 |             0 |       488
     1710 |     +0.0% |       0 |       0 |             0 |       478
     1720 |     +0.0% |       0 |       0 |             0 |       468
     1730 |     +0.0% |       0 |       0 |             0 |       458
     1740 |     +0.0% |       0 |       0 |             0 |       448
     1750 |     +0.0% |       0 |       0 |             0 |       438
     1760 |     +0.0% |       0 |       0 |             0 |       428
     1770 |     +0.0% |       0 |       0 |             0 |       418
     1780 |     +0.0% |       0 |       0 |             0 |       408
     1790 |     +0.0% |       0 |       0 |             0 |       398
     1800 |     +0.0% |       0 |       0 |             0 |       388
     1810 |     +0.0% |       0 |       0 |             0 |       378
     1820 |     +0.0% |       0 |       0 |             0 |       368
     1830 |     +0.0% |       0 |       0 |             0 |       358
     1840 |     +0.0% |       0 |       0 |             0 |       348
     1850 |     +0.0% |       0 |       0 |             0 |       338
     1860 |     +0.0% |       0 |       0 |             0 |       328
     1870 |     +0.0% |       0 |       0 |             0 |       318
     1880 |     +0.0% |       0 |       0 |             0 |       308
     1890 |     +0.0% |       0 |       0 |             0 |       298
     1900 |     +0.0% |       0 |       0 |             0 |       288
     1910 |     +0.0% |       0 |       0 |             0 |       278
     1920 |     +0.0% |       0 |       0 |             0 |       268
     1930 |     +0.0% |       0 |       0 |             0 |       258
     1940 |     +0.0% |       0 |       0 |             0 |       248
     1950 |     +0.0% |       0 |       0 |             0 |       238
     1960 |     +0.0% |       0 |       0 |             0 |       228
     1970 |     +0.0% |       0 |       0 |             0 |       218
     1980 |     +0.0% |       0 |       0 |             0 |       208
     1990 |     +0.0% |       0 |       0 |             0 |       198
     2000 |     +0.0% |       0 |       0 |             0 |       188
     2010 |     +0.0% |       0 |       0 |             0 |       178
     2020 |     +0.0% |       0 |       0 |             0 |       168
     2030 |     +0.0% |       0 |       0 |             0 |       158
     2040 |     +0.0% |       0 |       0 |             0 |       148
     2050 |     +0.0% |       0 |       0 |             0 |       138
     2060 |     +0.0% |       0 |       0 |             0 |       128
     2070 |     +0.0% |       0 |       0 |             0 |       118
     2080 |     +0.0% |       0 |       0 |             0 |       108
     2090 |     +0.0% |       0 |       0 |             0 |        98
     2100 |     +0.0% |       0 |       0 |             0 |        88
     2110 |     +0.0% |       0 |       0 |             0 |        78
     2120 |     +0.0% |       0 |       0 |             0 |        68
     2130 |     +0.0% |       0 |       0 |             0 |        58
     2140 |     +0.0% |       0 |       0 |             0 |        48
     2150 |     +0.0% |       0 |       0 |             0 |        38
     2160 |     +0.0% |       0 |       0 |             0 |        28
     2170 |     +0.0% |       0 |       0 |             0 |        18
     2180 |     +0.0% |       0 |       0 |             0 |         8
    final |     +0.0% |       0 |       0 |             0 |         0
---------------------------------------------------------------------
global_route -start_incremental
detailed_placement
[INFO DPL-0006] Core area: 6921.05 um^2, Instances area: 2600.68 um^2, Utilization: 37.6%
[INFO DPL-0005] Diamond search max displacement: +/- 500 sites horizontally, +/- 100 rows vertically.
[INFO DPL-1101] Legalizing using diamond search.
Movements Summary
---------------------------------------
Total cells:                    1970
Diamond Move Success:           1970 (100.00%)
Diamond Move Failure:              0
Rip-up and replace Success:        0 (  0.00% of diamond failures)
Rip-up and replace Failure:        0
Total Placement Failures:          0
---------------------------------------
Placement Analysis
---------------------------------
total displacement          0.0 u
average displacement        0.0 u
max displacement            0.0 u
original HPWL           24547.8 u
legalized HPWL          24547.8 u
delta HPWL                    0 %

global_route -end_incremental -congestion_report_file ./reports/nangate45/s5378/phase0c_s11_k2_J50_9c54b48f_4c45ea7c/congestion_post_repair_design.rpt
Repair setup and hold violations...
estimate_parasitics -global_routing
repair_timing -setup_margin 0 -hold_margin 0 -repair_tns 100 -verbose
[INFO RSZ-0100] Repair move sequence: UnbufferMove SizeUpMove SwapPinsMove BufferMove CloneMove SplitLoadMove 
[INFO RSZ-0098] No setup violations found
[INFO RSZ-0033] No hold violations found.
global_route -start_incremental
detailed_placement
[INFO DPL-0006] Core area: 6921.05 um^2, Instances area: 2600.68 um^2, Utilization: 37.6%
[INFO DPL-0005] Diamond search max displacement: +/- 500 sites horizontally, +/- 100 rows vertically.
[INFO DPL-1101] Legalizing using diamond search.
Movements Summary
---------------------------------------
Total cells:                    1970
Diamond Move Success:           1970 (100.00%)
Diamond Move Failure:              0
Rip-up and replace Success:        0 (  0.00% of diamond failures)
Rip-up and replace Failure:        0
Total Placement Failures:          0
---------------------------------------
Placement Analysis
---------------------------------
total displacement          0.0 u
average displacement        0.0 u
max displacement            0.0 u
original HPWL           24547.8 u
legalized HPWL          24547.8 u
delta HPWL                    0 %

check_placement -verbose
global_route -end_incremental -congestion_report_file ./reports/nangate45/s5378/phase0c_s11_k2_J50_9c54b48f_4c45ea7c/congestion_post_repair_timing.rpt
estimate_parasitics -global_routing
global_route -start_incremental
global_route -end_incremental -congestion_report_file ./reports/nangate45/s5378/phase0c_s11_k2_J50_9c54b48f_4c45ea7c/congestion_post_recover_power.rpt
Repair antennas...
[WARNING GRT-0246] No diode with LEF class CORE ANTENNACELL found.
[INFO ANT-0002] Found 0 net violations.
[INFO ANT-0001] Found 0 pin violations.
Estimate parasitics...
estimate_parasitics -global_routing
Report metrics stage 5, global route...

==========================================================================
global route report_design_area
--------------------------------------------------------------------------
Design area 2601 um^2 38% utilization.
[INFO FLW-0007] clock clk period 10.000000
[INFO FLW-0008] Clock clk period 0.868
[INFO FLW-0009] Clock clk slack 9.087
write_sdc -no_timestamp ./results/nangate45/s5378/phase0c_s11_k2_J50_9c54b48f_4c45ea7c/updated_clks.sdc
[INFO FLW-0011] Path endpoint path count 782
write_db ./results/nangate45/s5378/phase0c_s11_k2_J50_9c54b48f_4c45ea7c/5_1_grt.odb
write_sdc -no_timestamp ./results/nangate45/s5378/phase0c_s11_k2_J50_9c54b48f_4c45ea7c/5_1_grt.sdc
Log                       Ext     Elapsed/s Peak Memory/MB sha1sum result [0:20)
5_1_grt                   .odb            6            302 c4a9121c0086f4bacfc1
5_1_grt                   .sdc                             dc3b136b356fec3f3ef5
/root/pact-deps/OpenROAD-flow-scripts/flow/scripts/flow.sh 5_2_route detail_route
Running detail_route.tcl, stage 5_2_route
read_liberty /root/pact-deps/OpenROAD-flow-scripts/flow/platforms/nangate45/lib/NangateOpenCellLibrary_typical.lib
read_db ./results/nangate45/s5378/phase0c_s11_k2_J50_9c54b48f_4c45ea7c/5_1_grt.odb
read_sdc ./results/nangate45/s5378/phase0c_s11_k2_J50_9c54b48f_4c45ea7c/5_1_grt.sdc
source /root/pact-deps/OpenROAD-flow-scripts/flow/platforms/nangate45/setRC.tcl
detailed_route -output_drc ./reports/nangate45/s5378/phase0c_s11_k2_J50_9c54b48f_4c45ea7c/5_route_drc.rpt -output_maze ./results/nangate45/s5378/phase0c_s11_k2_J50_9c54b48f_4c45ea7c/maze.log -droute_end_iter 64 -verbose 1 -drc_report_iter_step 5
[INFO DRT-0149] Reading tech and libs.

Units:                2000
Number of layers:     21
Number of macros:     135
Number of vias:       33
Number of viarulegen: 19

[INFO DRT-0150] Reading design.

Design:                   s5378
Die area:                 ( 0 0 ) ( 171970 171970 )
Number of track patterns: 20
Number of DEF vias:       0
Number of components:     2088
Number of terminals:      92
Number of snets:          2
Number of nets:           1994

[WARNING DRT-0422] No routing tracks pass through the center of Term test_so.
[WARNING DRT-0421] Term test_si_1 has no pins on routing grid
[WARNING DRT-0422] No routing tracks pass through the center of Term test_so_1.
[INFO DRT-0167] List of default vias:
  Layer via2
    default via: via2_5
  Layer via3
    default via: via3_2
  Layer via4
    default via: via4_0
  Layer via5
    default via: via5_0
  Layer via6
    default via: via6_0
  Layer via7
    default via: via7_0
  Layer via8
    default via: via8_0
  Layer via9
    default via: via9_0
[INFO DRT-0162] Library cell analysis.
[INFO DRT-0163] Instance analysis.
[INFO DRT-0164] Number of unique instances = 32.
[INFO DRT-0168] Init region query.
[INFO DRT-0024]   Complete active.
[INFO DRT-0024]   Complete Fr_VIA.
[INFO DRT-0024]   Complete metal1.
[INFO DRT-0024]   Complete via1.
[INFO DRT-0024]   Complete metal2.
[INFO DRT-0024]   Complete via2.
[INFO DRT-0024]   Complete metal3.
[INFO DRT-0024]   Complete via3.
[INFO DRT-0024]   Complete metal4.
[INFO DRT-0024]   Complete via4.
[INFO DRT-0024]   Complete metal5.
[INFO DRT-0024]   Complete via5.
[INFO DRT-0024]   Complete metal6.
[INFO DRT-0024]   Complete via6.
[INFO DRT-0024]   Complete metal7.
[INFO DRT-0024]   Complete via7.
[INFO DRT-0024]   Complete metal8.
[INFO DRT-0024]   Complete via8.
[INFO DRT-0024]   Complete metal9.
[INFO DRT-0024]   Complete via9.
[INFO DRT-0024]   Complete metal10.
[INFO DRT-0033] active shape region query size = 0.
[INFO DRT-0033] FR_VIA shape region query size = 0.
[INFO DRT-0033] metal1 shape region query size = 29390.
[INFO DRT-0033] via1 shape region query size = 270.
[INFO DRT-0033] metal2 shape region query size = 180.
[INFO DRT-0033] via2 shape region query size = 270.
[INFO DRT-0033] metal3 shape region query size = 180.
[INFO DRT-0033] via3 shape region query size = 270.
[INFO DRT-0033] metal4 shape region query size = 102.
[INFO DRT-0033] via4 shape region query size = 90.
[INFO DRT-0033] metal5 shape region query size = 65.
[INFO DRT-0033] via5 shape region query size = 90.
[INFO DRT-0033] metal6 shape region query size = 61.
[INFO DRT-0033] via6 shape region query size = 36.
[INFO DRT-0033] metal7 shape region query size = 21.
[INFO DRT-0033] via7 shape region query size = 0.
[INFO DRT-0033] metal8 shape region query size = 0.
[INFO DRT-0033] via8 shape region query size = 0.
[INFO DRT-0033] metal9 shape region query size = 0.
[INFO DRT-0033] via9 shape region query size = 0.
[INFO DRT-0033] metal10 shape region query size = 0.
[INFO DRT-0165] Start pin access.
[INFO DRT-0078]   Complete 152 pins.
[INFO DRT-0081]   Complete 32 unique inst patterns.
[INFO DRT-0084]   Complete 1185 groups.
#scanned instances     = 2088
#unique  instances     = 32
#stdCellGenAp          = 621
#stdCellValidPlanarAp  = 0
#stdCellValidViaAp     = 496
#stdCellPinNoAp        = 0
#stdCellPinCnt         = 5895
#instTermValidViaApCnt = 0
#macroGenAp            = 0
#macroValidPlanarAp    = 0
#macroValidViaAp       = 0
#macroNoAp             = 0
[INFO DRT-0166] Complete pin access.
[INFO DRT-0267] cpu time = 00:00:13, elapsed time = 00:00:03, memory = 261.91 (MB), peak = 261.50 (MB)

[INFO DRT-0157] Number of guides:     16520

[INFO DRT-0169] Post process guides.
[INFO DRT-0176] GCELLGRID X 0 DO 30 STEP 5700 ;
[INFO DRT-0177] GCELLGRID Y 0 DO 30 STEP 5700 ;
[INFO DRT-0028]   Complete active.
[INFO DRT-0028]   Complete Fr_VIA.
[INFO DRT-0028]   Complete metal1.
[INFO DRT-0028]   Complete via1.
[INFO DRT-0028]   Complete metal2.
[INFO DRT-0028]   Complete via2.
[INFO DRT-0028]   Complete metal3.
[INFO DRT-0028]   Complete via3.
[INFO DRT-0028]   Complete metal4.
[INFO DRT-0028]   Complete via4.
[INFO DRT-0028]   Complete metal5.
[INFO DRT-0028]   Complete via5.
[INFO DRT-0028]   Complete metal6.
[INFO DRT-0028]   Complete via6.
[INFO DRT-0028]   Complete metal7.
[INFO DRT-0028]   Complete via7.
[INFO DRT-0028]   Complete metal8.
[INFO DRT-0028]   Complete via8.
[INFO DRT-0028]   Complete metal9.
[INFO DRT-0028]   Complete via9.
[INFO DRT-0028]   Complete metal10.
[INFO DRT-0178] Init guide query.
[INFO DRT-0035]   Complete active (guide).
[INFO DRT-0035]   Complete Fr_VIA (guide).
[INFO DRT-0035]   Complete metal1 (guide).
[INFO DRT-0035]   Complete via1 (guide).
[INFO DRT-0035]   Complete metal2 (guide).
[INFO DRT-0035]   Complete via2 (guide).
[INFO DRT-0035]   Complete metal3 (guide).
[INFO DRT-0035]   Complete via3 (guide).
[INFO DRT-0035]   Complete metal4 (guide).
[INFO DRT-0035]   Complete via4 (guide).
[INFO DRT-0035]   Complete metal5 (guide).
[INFO DRT-0035]   Complete via5 (guide).
[INFO DRT-0035]   Complete metal6 (guide).
[INFO DRT-0035]   Complete via6 (guide).
[INFO DRT-0035]   Complete metal7 (guide).
[INFO DRT-0035]   Complete via7 (guide).
[INFO DRT-0035]   Complete metal8 (guide).
[INFO DRT-0035]   Complete via8 (guide).
[INFO DRT-0035]   Complete metal9 (guide).
[INFO DRT-0035]   Complete via9 (guide).
[INFO DRT-0035]   Complete metal10 (guide).
[INFO DRT-0036] active guide region query size = 0.
[INFO DRT-0036] FR_VIA guide region query size = 0.
[INFO DRT-0036] metal1 guide region query size = 5298.
[INFO DRT-0036] via1 guide region query size = 0.
[INFO DRT-0036] metal2 guide region query size = 4860.
[INFO DRT-0036] via2 guide region query size = 0.
[INFO DRT-0036] metal3 guide region query size = 2793.
[INFO DRT-0036] via3 guide region query size = 0.
[INFO DRT-0036] metal4 guide region query size = 535.
[INFO DRT-0036] via4 guide region query size = 0.
[INFO DRT-0036] metal5 guide region query size = 228.
[INFO DRT-0036] via5 guide region query size = 0.
[INFO DRT-0036] metal6 guide region query size = 68.
[INFO DRT-0036] via6 guide region query size = 0.
[INFO DRT-0036] metal7 guide region query size = 0.
[INFO DRT-0036] via7 guide region query size = 0.
[INFO DRT-0036] metal8 guide region query size = 0.
[INFO DRT-0036] via8 guide region query size = 0.
[INFO DRT-0036] metal9 guide region query size = 0.
[INFO DRT-0036] via9 guide region query size = 0.
[INFO DRT-0036] metal10 guide region query size = 0.
[INFO DRT-0179] Init gr pin query.
[INFO DRT-0267] cpu time = 00:00:00, elapsed time = 00:00:00, memory = 267.77 (MB), peak = 267.38 (MB)
[INFO DRT-0245] skipped writing guide updates to database.
[INFO DRT-0181] Start track assignment.
[INFO DRT-0184] Done with 5463 vertical wires in 1 frboxes and 8319 horizontal wires in 1 frboxes.
[INFO DRT-0186] Done with 1663 vertical wires in 1 frboxes and 1802 horizontal wires in 1 frboxes.
[INFO DRT-0182] Complete track assignment.
[INFO DRT-0267] cpu time = 00:00:01, elapsed time = 00:00:01, memory = 301.78 (MB), peak = 301.47 (MB)
[INFO DRT-0187] Start routing data preparation.
[INFO DRT-0267] cpu time = 00:00:00, elapsed time = 00:00:00, memory = 301.84 (MB), peak = 301.47 (MB)
[INFO DRT-0194] Start detail routing.
[INFO DRT-0195] Start 0th optimization iteration.
    Completing 10% with 0 violations.
    elapsed time = 00:00:00, memory = 339.70 (MB).
    Completing 20% with 0 violations.
    elapsed time = 00:00:00, memory = 343.47 (MB).
    Completing 30% with 0 violations.
    elapsed time = 00:00:02, memory = 339.57 (MB).
    Completing 40% with 64 violations.
    elapsed time = 00:00:04, memory = 379.32 (MB).
    Completing 50% with 64 violations.
    elapsed time = 00:00:05, memory = 369.17 (MB).
    Completing 60% with 64 violations.
    elapsed time = 00:00:07, memory = 338.59 (MB).
    Completing 70% with 143 violations.
    elapsed time = 00:00:07, memory = 386.62 (MB).
    Completing 80% with 143 violations.
    elapsed time = 00:00:10, memory = 369.16 (MB).
    Completing 90% with 220 violations.
    elapsed time = 00:00:12, memory = 408.57 (MB).
    Completing 100% with 295 violations.
    elapsed time = 00:00:14, memory = 373.32 (MB).
[INFO DRT-0199]   Number of violations = 417.
Viol/Layer      metal1   via1 metal2   via2 metal3   via3 metal4   via4
Cut Spacing          0      0      0      0      0      0      0      1
Metal Spacing        0      0     27      0      2      0      6      0
Recheck              2      0     65      0     54      0      1      0
Short                0      1    219      1     35      1      2      0
[INFO DRT-0267] cpu time = 00:00:36, elapsed time = 00:00:15, memory = 910.03 (MB), peak = 909.69 (MB)
Total wire length = 27709 um.
Total wire length on LAYER metal1 = 0 um.
Total wire length on LAYER metal2 = 10224 um.
Total wire length on LAYER metal3 = 11966 um.
Total wire length on LAYER metal4 = 3507 um.
Total wire length on LAYER metal5 = 1347 um.
Total wire length on LAYER metal6 = 663 um.
Total wire length on LAYER metal7 = 0 um.
Total wire length on LAYER metal8 = 0 um.
Total wire length on LAYER metal9 = 0 um.
Total wire length on LAYER metal10 = 0 um.
Total number of vias = 13425.
Up-via summary (total 13425):

----------------
 active        0
 metal1     5922
 metal2     6386
 metal3      730
 metal4      292
 metal5       95
 metal6        0
 metal7        0
 metal8        0
 metal9        0
----------------
       13425


[INFO DRT-0195] Start 1st optimization iteration.
    Completing 10% with 417 violations.
    elapsed time = 00:00:00, memory = 937.99 (MB).
    Completing 20% with 417 violations.
    elapsed time = 00:00:00, memory = 937.99 (MB).
    Completing 30% with 417 violations.
    elapsed time = 00:00:01, memory = 942.62 (MB).
    Completing 40% with 355 violations.
    elapsed time = 00:00:03, memory = 928.37 (MB).
    Completing 50% with 355 violations.
    elapsed time = 00:00:04, memory = 928.37 (MB).
    Completing 60% with 355 violations.
    elapsed time = 00:00:06, memory = 933.38 (MB).
    Completing 70% with 316 violations.
    elapsed time = 00:00:06, memory = 933.38 (MB).
    Completing 80% with 316 violations.
    elapsed time = 00:00:10, memory = 934.50 (MB).
    Completing 90% with 240 violations.
    elapsed time = 00:00:13, memory = 944.31 (MB).
    Completing 100% with 131 violations.
    elapsed time = 00:00:13, memory = 944.31 (MB).
[INFO DRT-0199]   Number of violations = 131.
Viol/Layer      metal2   via2 metal3   via4
Cut Spacing          0      1      0      1
Metal Spacing       14      0      4      0
Short               96      0     15      0
[INFO DRT-0267] cpu time = 00:00:37, elapsed time = 00:00:13, memory = 947.31 (MB), peak = 946.91 (MB)
Total wire length = 27468 um.
Total wire length on LAYER metal1 = 0 um.
Total wire length on LAYER metal2 = 10092 um.
Total wire length on LAYER metal3 = 11863 um.
Total wire length on LAYER metal4 = 3519 um.
Total wire length on LAYER metal5 = 1335 um.
Total wire length on LAYER metal6 = 657 um.
Total wire length on LAYER metal7 = 0 um.
Total wire length on LAYER metal8 = 0 um.
Total wire length on LAYER metal9 = 0 um.
Total wire length on LAYER metal10 = 0 um.
Total number of vias = 13350.
Up-via summary (total 13350):

----------------
 active        0
 metal1     5923
 metal2     6310
 metal3      731
 metal4      291
 metal5       95
 metal6        0
 metal7        0
 metal8        0
 metal9        0
----------------
       13350


[INFO DRT-0195] Start 2nd optimization iteration.
    Completing 10% with 131 violations.
    elapsed time = 00:00:00, memory = 947.31 (MB).
    Completing 20% with 131 violations.
    elapsed time = 00:00:00, memory = 947.31 (MB).
    Completing 30% with 131 violations.
    elapsed time = 00:00:02, memory = 947.31 (MB).
    Completing 40% with 132 violations.
    elapsed time = 00:00:02, memory = 947.31 (MB).
    Completing 50% with 132 violations.
    elapsed time = 00:00:04, memory = 947.31 (MB).
    Completing 60% with 132 violations.
    elapsed time = 00:00:06, memory = 947.31 (MB).
    Completing 70% with 134 violations.
    elapsed time = 00:00:06, memory = 947.31 (MB).
    Completing 80% with 134 violations.
    elapsed time = 00:00:10, memory = 949.71 (MB).
    Completing 90% with 131 violations.
    elapsed time = 00:00:13, memory = 973.36 (MB).
    Completing 100% with 123 violations.
    elapsed time = 00:00:14, memory = 949.71 (MB).
[INFO DRT-0199]   Number of violations = 123.
Viol/Layer      metal2 metal3
Metal Spacing       21      3
Short               95      4
[INFO DRT-0267] cpu time = 00:00:35, elapsed time = 00:00:14, memory = 949.71 (MB), peak = 972.91 (MB)
Total wire length = 27428 um.
Total wire length on LAYER metal1 = 0 um.
Total wire length on LAYER metal2 = 10069 um.
Total wire length on LAYER metal3 = 11861 um.
Total wire length on LAYER metal4 = 3511 um.
Total wire length on LAYER metal5 = 1339 um.
Total wire length on LAYER metal6 = 646 um.
Total wire length on LAYER metal7 = 0 um.
Total wire length on LAYER metal8 = 0 um.
Total wire length on LAYER metal9 = 0 um.
Total wire length on LAYER metal10 = 0 um.
Total number of vias = 13366.
Up-via summary (total 13366):

----------------
 active        0
 metal1     5922
 metal2     6329
 metal3      728
 metal4      295
 metal5       92
 metal6        0
 metal7        0
 metal8        0
 metal9        0
----------------
       13366


[INFO DRT-0195] Start 3rd optimization iteration.
    Completing 10% with 123 violations.
    elapsed time = 00:00:00, memory = 949.71 (MB).
    Completing 20% with 123 violations.
    elapsed time = 00:00:00, memory = 949.71 (MB).
    Completing 30% with 123 violations.
    elapsed time = 00:00:01, memory = 949.71 (MB).
    Completing 40% with 105 violations.
    elapsed time = 00:00:01, memory = 949.71 (MB).
    Completing 50% with 105 violations.
    elapsed time = 00:00:02, memory = 949.71 (MB).
    Completing 60% with 105 violations.
    elapsed time = 00:00:03, memory = 960.96 (MB).
    Completing 70% with 56 violations.
    elapsed time = 00:00:03, memory = 973.88 (MB).
    Completing 80% with 56 violations.
    elapsed time = 00:00:04, memory = 973.88 (MB).
    Completing 90% with 23 violations.
    elapsed time = 00:00:06, memory = 973.88 (MB).
    Completing 100% with 1 violations.
    elapsed time = 00:00:07, memory = 973.88 (MB).
[INFO DRT-0199]   Number of violations = 1.
Viol/Layer      metal2
Short                1
[INFO DRT-0267] cpu time = 00:00:19, elapsed time = 00:00:07, memory = 973.88 (MB), peak = 973.43 (MB)
Total wire length = 27401 um.
Total wire length on LAYER metal1 = 0 um.
Total wire length on LAYER metal2 = 9822 um.
Total wire length on LAYER metal3 = 11913 um.
Total wire length on LAYER metal4 = 3691 um.
Total wire length on LAYER metal5 = 1326 um.
Total wire length on LAYER metal6 = 646 um.
Total wire length on LAYER metal7 = 0 um.
Total wire length on LAYER metal8 = 0 um.
Total wire length on LAYER metal9 = 0 um.
Total wire length on LAYER metal10 = 0 um.
Total number of vias = 13481.
Up-via summary (total 13481):

----------------
 active        0
 metal1     5922
 metal2     6389
 metal3      785
 metal4      293
 metal5       92
 metal6        0
 metal7        0
 metal8        0
 metal9        0
----------------
       13481


[INFO DRT-0195] Start 4th guides tiles iteration.
    Completing 50% with 1 violations.
    elapsed time = 00:00:00, memory = 973.88 (MB).
    Completing 100% with 0 violations.
    elapsed time = 00:00:00, memory = 973.88 (MB).
[INFO DRT-0199]   Number of violations = 0.
[INFO DRT-0267] cpu time = 00:00:00, elapsed time = 00:00:00, memory = 973.88 (MB), peak = 973.43 (MB)
Total wire length = 27405 um.
Total wire length on LAYER metal1 = 0 um.
Total wire length on LAYER metal2 = 9825 um.
Total wire length on LAYER metal3 = 11914 um.
Total wire length on LAYER metal4 = 3691 um.
Total wire length on LAYER metal5 = 1326 um.
Total wire length on LAYER metal6 = 646 um.
Total wire length on LAYER metal7 = 0 um.
Total wire length on LAYER metal8 = 0 um.
Total wire length on LAYER metal9 = 0 um.
Total wire length on LAYER metal10 = 0 um.
Total number of vias = 13485.
Up-via summary (total 13485):

----------------
 active        0
 metal1     5922
 metal2     6393
 metal3      785
 metal4      293
 metal5       92
 metal6        0
 metal7        0
 metal8        0
 metal9        0
----------------
       13485


[INFO DRT-0198] Complete detail routing.
Total wire length = 27405 um.
Total wire length on LAYER metal1 = 0 um.
Total wire length on LAYER metal2 = 9825 um.
Total wire length on LAYER metal3 = 11914 um.
Total wire length on LAYER metal4 = 3691 um.
Total wire length on LAYER metal5 = 1326 um.
Total wire length on LAYER metal6 = 646 um.
Total wire length on LAYER metal7 = 0 um.
Total wire length on LAYER metal8 = 0 um.
Total wire length on LAYER metal9 = 0 um.
Total wire length on LAYER metal10 = 0 um.
Total number of vias = 13485.
Up-via summary (total 13485):

----------------
 active        0
 metal1     5922
 metal2     6393
 metal3      785
 metal4      293
 metal5       92
 metal6        0
 metal7        0
 metal8        0
 metal9        0
----------------
       13485


[INFO DRT-0267] cpu time = 00:02:08, elapsed time = 00:00:51, memory = 974.01 (MB), peak = 973.56 (MB)

[INFO DRT-0180] Post processing.
Took 56 seconds: detailed_route -output_drc ./reports/nangate45/s5378/phase0c_s11_k2_J50_9c54b48f_4c45ea7c/5_route_drc.rpt -output_maze ./results/nangate45/s5378/phase0c_s11_k2_J50_9c54b48f_4c45ea7c/maze.log -droute_end_iter 64 -verbose 1 -drc_report_iter_step 5
[WARNING GRT-0246] No diode with LEF class CORE ANTENNACELL found.
[INFO ANT-0002] Found 0 net violations.
[INFO ANT-0001] Found 0 pin violations.
[INFO ANT-0002] Found 0 net violations.
[INFO ANT-0001] Found 0 pin violations.
Design area 2601 um^2 38% utilization.
write_db ./results/nangate45/s5378/phase0c_s11_k2_J50_9c54b48f_4c45ea7c/5_2_route.odb
Log                       Ext     Elapsed/s Peak Memory/MB sha1sum result [0:20)
5_2_route                 .odb           57            973 374897d05d1523700f6a
/root/pact-deps/OpenROAD-flow-scripts/flow/scripts/flow.sh 5_3_fillcell fillcell
Running fillcell.tcl, stage 5_3_fillcell
read_liberty /root/pact-deps/OpenROAD-flow-scripts/flow/platforms/nangate45/lib/NangateOpenCellLibrary_typical.lib
read_db ./results/nangate45/s5378/phase0c_s11_k2_J50_9c54b48f_4c45ea7c/5_2_route.odb
read_sdc ./results/nangate45/s5378/phase0c_s11_k2_J50_9c54b48f_4c45ea7c/5_1_grt.sdc
source /root/pact-deps/OpenROAD-flow-scripts/flow/platforms/nangate45/setRC.tcl
filler_placement "FILLCELL_X1 FILLCELL_X2 FILLCELL_X4 FILLCELL_X8 FILLCELL_X16 FILLCELL_X32"
[INFO DPL-0001] Placed 2560 filler instances.
Design area 2601 um^2 38% utilization.
write_db ./results/nangate45/s5378/phase0c_s11_k2_J50_9c54b48f_4c45ea7c/5_3_fillcell.odb
Log                       Ext     Elapsed/s Peak Memory/MB sha1sum result [0:20)
5_3_fillcell              .odb            0            116 52aef0e68f16a83ba4cc
cp ./results/nangate45/s5378/phase0c_s11_k2_J50_9c54b48f_4c45ea7c/5_3_fillcell.odb ./results/nangate45/s5378/phase0c_s11_k2_J50_9c54b48f_4c45ea7c/5_route.odb
cp ./results/nangate45/s5378/phase0c_s11_k2_J50_9c54b48f_4c45ea7c/5_1_grt.sdc ./results/nangate45/s5378/phase0c_s11_k2_J50_9c54b48f_4c45ea7c/5_route.sdc
