OpenROAD 26Q2-1164-g08f67ee5ec 
Features included (+) or not (-): +GPU +GUI +Python
This program is licensed under the BSD-3 license. See the LICENSE file for details.
Components of this program may be licensed under more restrictive licenses which must be honored.
[INFO ORD-0030] Using 4 thread(s).
mkdir -p ./objects/nangate45/s5378/phase0c_f3e7b516a_s17_k2_P_4391288d_7f655d61
/root/pact-deps/OpenROAD-flow-scripts/flow/scripts/flow.sh 4_1_cts cts
Running cts.tcl, stage 4_1_cts
read_liberty /root/pact-deps/OpenROAD-flow-scripts/flow/platforms/nangate45/lib/NangateOpenCellLibrary_typical.lib
read_db ./results/nangate45/s5378/phase0c_f3e7b516a_s17_k2_P_4391288d_7f655d61/3_place.odb
read_sdc ./results/nangate45/s5378/phase0c_f3e7b516a_s17_k2_P_4391288d_7f655d61/3_place.sdc
source /root/pact-deps/OpenROAD-flow-scripts/flow/platforms/nangate45/setRC.tcl
clock_tree_synthesis -sink_clustering_enable -repair_clock_nets
[INFO CTS-0050] Root buffer is CLKBUF_X3.
[INFO CTS-0051] Sink buffer is CLKBUF_X3.
[INFO CTS-0052] The following clock buffers will be used for CTS:
                    CLKBUF_X3
[INFO CTS-0049] Characterization buffer is CLKBUF_X3.
[INFO CTS-0007] Net "CK" found for clock "clk".
[INFO CTS-0010]  Clock net "CK" has 179 sinks.
[INFO CTS-0008] TritonCTS found 1 clock nets.
[INFO CTS-0097] Characterization used 1 buffer(s) types.
[INFO CTS-0201] 0 blockages from hard placement blockages and placed macros will be used.
[INFO CTS-0027] Generating H-Tree topology for net CK.
[INFO CTS-0028]  Total number of sinks: 179.
[INFO CTS-0090]  Sinks will be clustered based on buffer max cap.
[INFO CTS-0030]  Number of static layers: 0.
[INFO CTS-0020]  Wire segment unit: 14000  dbu (7 um).
[INFO CTS-0023]  Original sink region: [(6905, 20600), (160045, 166200)].
[INFO CTS-0024]  Normalized sink region: [(0.493214, 1.47143), (11.4318, 11.8714)].
[INFO CTS-0025]     Width:  10.9386.
[INFO CTS-0026]     Height: 10.4000.
 Level 1
    Direction: Horizontal
    Sinks per sub-region: 90
    Sub-region size: 5.4693 X 10.4000
[INFO CTS-0034]     Segment length (rounded): 2.
 Level 2
    Direction: Vertical
    Sinks per sub-region: 45
    Sub-region size: 5.4693 X 5.2000
[INFO CTS-0034]     Segment length (rounded): 2.
 Level 3
    Direction: Horizontal
    Sinks per sub-region: 23
    Sub-region size: 2.7346 X 5.2000
[INFO CTS-0034]     Segment length (rounded): 1.
 Level 4
    Direction: Vertical
    Sinks per sub-region: 12
    Sub-region size: 2.7346 X 2.6000
[INFO CTS-0034]     Segment length (rounded): 1.
[INFO CTS-0032]  Stop criterion found. Max number of sinks is 15.
[INFO CTS-0035]  Number of sinks covered: 179.
[INFO CTS-0018]     Created 17 clock buffers.
[INFO CTS-0012]     Minimum number of buffers in the clock path: 2.
[INFO CTS-0013]     Maximum number of buffers in the clock path: 2.
[INFO CTS-0015]     Created 17 clock nets.
[INFO CTS-0016]     Fanout distribution for the current clock = 7:1, 8:2, 9:1, 10:4, 11:2, 12:2, 13:2, 16:1, 19:1..
[INFO CTS-0017]     Max level of the clock tree: 4.
[INFO CTS-0098] Clock net "CK"
[INFO CTS-0099]  Sinks 194
[INFO CTS-0100]  Leaf buffers 0
[INFO CTS-0101]  Average sink wire length 113.52 um
[INFO CTS-0102]  Path depth 2 - 2
[INFO CTS-0207]  Dummy loads inserted 15
estimate_parasitics -placement
detailed_placement
[INFO DPL-0006] Core area: 6921.05 um^2, Instances area: 2559.45 um^2, Utilization: 37.0%
[INFO DPL-0005] Diamond search max displacement: +/- 500 sites horizontally, +/- 100 rows vertically.
[INFO DPL-1101] Legalizing using diamond search.
Movements Summary
---------------------------------------
Total cells:                    1927
Diamond Move Success:           1927 (100.00%)
Diamond Move Failure:              0
Rip-up and replace Success:        0 (  0.00% of diamond failures)
Rip-up and replace Failure:        0
Total Placement Failures:          0
---------------------------------------
Placement Analysis
---------------------------------
total displacement         75.9 u
average displacement        0.0 u
max displacement            2.4 u
original HPWL           23712.4 u
legalized HPWL          23746.9 u
delta HPWL                    0 %

estimate_parasitics -placement
repair_timing -setup_margin 0 -hold_margin 0 -repair_tns 100 -verbose
[INFO RSZ-0100] Repair move sequence: UnbufferMove SizeUpMove SwapPinsMove BufferMove CloneMove SplitLoadMove 
[INFO RSZ-0098] No setup violations found
[INFO RSZ-0046] Found 91 endpoints with hold violations.
Iteration | Resized | Buffers | Cloned Gates |   Area   |   WNS   |   TNS   | Endpoint
--------------------------------------------------------------------------------------
        0 |       0 |       0 |            0 |    +0.0% |  -0.073 |  -2.051 | U_n165gat/D
       10 |       0 |      14 |            0 |    +0.4% |  -0.064 |  -1.447 | U_n1026gat/D
       20 |       0 |      25 |            0 |    +0.8% |  -0.057 |  -0.669 | U_n394gat/D
       30 |       0 |      31 |            0 |    +1.0% |  -0.019 |  -0.310 | U_n680gat/D
       40 |       0 |      34 |            0 |    +1.1% |  -0.012 |  -0.215 | U_n2061gat/SI
       50 |       0 |      37 |            0 |    +1.2% |  -0.012 |  -0.033 | U_n2061gat/SI
       60 |       0 |      38 |            0 |    +1.2% |  -0.012 |  -0.012 | U_n2061gat/SI
       70 |       0 |      38 |            0 |    +1.2% |  -0.012 |  -0.012 | U_n2061gat/SI
       80 |       0 |      38 |            0 |    +1.2% |  -0.012 |  -0.012 | U_n2061gat/SI
       90 |       0 |      38 |            0 |    +1.2% |  -0.012 |  -0.012 | U_n2061gat/SI
    final |       0 |      40 |            0 |    +1.2% |   0.002 |   0.000 | U_n703gat/D
--------------------------------------------------------------------------------------
[INFO RSZ-0032] Inserted 40 hold buffers.
detailed_placement
[INFO DPL-0006] Core area: 6921.05 um^2, Instances area: 2591.37 um^2, Utilization: 37.4%
[INFO DPL-0005] Diamond search max displacement: +/- 500 sites horizontally, +/- 100 rows vertically.
[INFO DPL-1101] Legalizing using diamond search.
Movements Summary
---------------------------------------
Total cells:                    1967
Diamond Move Success:           1967 (100.00%)
Diamond Move Failure:              0
Rip-up and replace Success:        0 (  0.00% of diamond failures)
Rip-up and replace Failure:        0
Total Placement Failures:          0
---------------------------------------
Placement Analysis
---------------------------------
total displacement         36.5 u
average displacement        0.0 u
max displacement            2.8 u
original HPWL           23987.1 u
legalized HPWL          24003.4 u
delta HPWL                    0 %

estimate_parasitics -placement
Report metrics stage 4, cts final...

==========================================================================
cts final report_design_area
--------------------------------------------------------------------------
Design area 2591 um^2 37% utilization.
write_db ./results/nangate45/s5378/phase0c_f3e7b516a_s17_k2_P_4391288d_7f655d61/4_1_cts.odb
write_sdc -no_timestamp ./results/nangate45/s5378/phase0c_f3e7b516a_s17_k2_P_4391288d_7f655d61/4_cts.sdc
Log                       Ext     Elapsed/s Peak Memory/MB sha1sum result [0:20)
4_1_cts                   .odb            3            149 adbc7f0de8cd53667a34
cp ./results/nangate45/s5378/phase0c_f3e7b516a_s17_k2_P_4391288d_7f655d61/4_1_cts.odb ./results/nangate45/s5378/phase0c_f3e7b516a_s17_k2_P_4391288d_7f655d61/4_cts.odb
/root/pact-deps/OpenROAD-flow-scripts/flow/scripts/flow.sh 5_1_grt global_route
Running global_route.tcl, stage 5_1_grt
read_liberty /root/pact-deps/OpenROAD-flow-scripts/flow/platforms/nangate45/lib/NangateOpenCellLibrary_typical.lib
read_db ./results/nangate45/s5378/phase0c_f3e7b516a_s17_k2_P_4391288d_7f655d61/4_cts.odb
read_sdc ./results/nangate45/s5378/phase0c_f3e7b516a_s17_k2_P_4391288d_7f655d61/4_cts.sdc
source /root/pact-deps/OpenROAD-flow-scripts/flow/platforms/nangate45/setRC.tcl
pin_access
[INFO DRT-0149] Reading tech and libs.

Units:                2000
Number of layers:     21
Number of macros:     135
Number of vias:       33
Number of viarulegen: 19

[INFO DRT-0150] Reading design.

Design:                   s5378
Die area:                 ( 0 0 ) ( 171970 171970 )
Number of track patterns: 20
Number of DEF vias:       0
Number of components:     2085
Number of terminals:      92
Number of snets:          2
Number of nets:           1991

[INFO DRT-0167] List of default vias:
  Layer via2
    default via: via2_5
  Layer via3
    default via: via3_2
  Layer via4
    default via: via4_0
  Layer via5
    default via: via5_0
  Layer via6
    default via: via6_0
  Layer via7
    default via: via7_0
  Layer via8
    default via: via8_0
  Layer via9
    default via: via9_0
[INFO DRT-0162] Library cell analysis.
[INFO DRT-0163] Instance analysis.
[INFO DRT-0164] Number of unique instances = 34.
[INFO DRT-0168] Init region query.
[INFO DRT-0024]   Complete active.
[INFO DRT-0024]   Complete Fr_VIA.
[INFO DRT-0024]   Complete metal1.
[INFO DRT-0024]   Complete via1.
[INFO DRT-0024]   Complete metal2.
[INFO DRT-0024]   Complete via2.
[INFO DRT-0024]   Complete metal3.
[INFO DRT-0024]   Complete via3.
[INFO DRT-0024]   Complete metal4.
[INFO DRT-0024]   Complete via4.
[INFO DRT-0024]   Complete metal5.
[INFO DRT-0024]   Complete via5.
[INFO DRT-0024]   Complete metal6.
[INFO DRT-0024]   Complete via6.
[INFO DRT-0024]   Complete metal7.
[INFO DRT-0024]   Complete via7.
[INFO DRT-0024]   Complete metal8.
[INFO DRT-0024]   Complete via8.
[INFO DRT-0024]   Complete metal9.
[INFO DRT-0024]   Complete via9.
[INFO DRT-0024]   Complete metal10.
[INFO DRT-0033] active shape region query size = 0.
[INFO DRT-0033] FR_VIA shape region query size = 0.
[INFO DRT-0033] metal1 shape region query size = 29322.
[INFO DRT-0033] via1 shape region query size = 270.
[INFO DRT-0033] metal2 shape region query size = 180.
[INFO DRT-0033] via2 shape region query size = 270.
[INFO DRT-0033] metal3 shape region query size = 180.
[INFO DRT-0033] via3 shape region query size = 270.
[INFO DRT-0033] metal4 shape region query size = 102.
[INFO DRT-0033] via4 shape region query size = 90.
[INFO DRT-0033] metal5 shape region query size = 65.
[INFO DRT-0033] via5 shape region query size = 90.
[INFO DRT-0033] metal6 shape region query size = 61.
[INFO DRT-0033] via6 shape region query size = 36.
[INFO DRT-0033] metal7 shape region query size = 21.
[INFO DRT-0033] via7 shape region query size = 0.
[INFO DRT-0033] metal8 shape region query size = 0.
[INFO DRT-0033] via8 shape region query size = 0.
[INFO DRT-0033] metal9 shape region query size = 0.
[INFO DRT-0033] via9 shape region query size = 0.
[INFO DRT-0033] metal10 shape region query size = 0.
[INFO DRT-0165] Start pin access.
[INFO DRT-0078]   Complete 160 pins.
[INFO DRT-0081]   Complete 34 unique inst patterns.
[INFO DRT-0084]   Complete 1176 groups.
#scanned instances     = 2085
#unique  instances     = 34
#stdCellGenAp          = 657
#stdCellValidPlanarAp  = 0
#stdCellValidViaAp     = 526
#stdCellPinNoAp        = 0
#stdCellPinCnt         = 5889
#instTermValidViaApCnt = 0
#macroGenAp            = 0
#macroValidPlanarAp    = 0
#macroValidViaAp       = 0
#macroNoAp             = 0
[INFO DRT-0166] Complete pin access.
[INFO DRT-0267] cpu time = 00:00:13, elapsed time = 00:00:03, memory = 115.61 (MB), peak = 115.22 (MB)
set_global_routing_random -seed 17
global_route -congestion_report_file ./reports/nangate45/s5378/phase0c_f3e7b516a_s17_k2_P_4391288d_7f655d61/congestion.rpt -congestion_iterations 30 -congestion_report_iter_step 5 -verbose
[INFO GRT-0020] Min routing layer: metal2
[INFO GRT-0021] Max routing layer: metal10
[INFO GRT-0022] Global adjustment: 0%
[INFO GRT-0023] Grid origin: (0, 0)
[INFO GRT-0088] Layer metal1  Track-Pitch = 0.1400  line-2-Via Pitch: 0.1350
[INFO GRT-0088] Layer metal2  Track-Pitch = 0.1900  line-2-Via Pitch: 0.1400
[INFO GRT-0088] Layer metal3  Track-Pitch = 0.1400  line-2-Via Pitch: 0.1400
[INFO GRT-0088] Layer metal4  Track-Pitch = 0.2800  line-2-Via Pitch: 0.2800
[INFO GRT-0088] Layer metal5  Track-Pitch = 0.2800  line-2-Via Pitch: 0.2800
[INFO GRT-0088] Layer metal6  Track-Pitch = 0.2800  line-2-Via Pitch: 0.2800
[INFO GRT-0088] Layer metal7  Track-Pitch = 0.8000  line-2-Via Pitch: 0.8000
[INFO GRT-0088] Layer metal8  Track-Pitch = 0.8000  line-2-Via Pitch: 0.8000
[INFO GRT-0088] Layer metal9  Track-Pitch = 1.6000  line-2-Via Pitch: 1.6000
[INFO GRT-0088] Layer metal10 Track-Pitch = 1.6000  line-2-Via Pitch: 1.6000
[INFO GRT-0003] Macros: 0
[INFO GRT-0004] Blockages: 0
[INFO GRT-0019] Found 18 clock nets.
[INFO GRT-0001] Minimum degree: 2
[INFO GRT-0002] Maximum degree: 59

[INFO GRT-0053] Routing resources analysis:
          Routing      Original      Derated      Resource
Layer     Direction    Resources     Resources    Reduction (%)
---------------------------------------------------------------
metal1     Horizontal          0             0          0.00%
metal2     Vertical        12818          6032          52.94%
metal3     Horizontal      17709          8695          50.90%
metal4     Vertical         8700          6148          29.33%
metal5     Horizontal       8855          6255          29.36%
metal6     Vertical         8880          6276          29.32%
metal7     Horizontal       2726          1972          27.66%
metal8     Vertical         3103          2233          28.04%
metal9     Horizontal       1537           870          43.40%
metal10    Vertical         1537           870          43.40%
---------------------------------------------------------------

[INFO GRT-0197] Via related to pin nodes: 11471
[INFO GRT-0198] Via related Steiner nodes: 261
[INFO GRT-0199] Via filling finished.
[INFO GRT-0111] Final number of vias: 14960
[INFO GRT-0112] Final usage 3D: 54105

[INFO GRT-0096] Final congestion report:
Layer         Resource        Demand        Usage (%)    Max H / Max V / Total Overflow
---------------------------------------------------------------------------------------
metal1               0             0            0.00%             0 /  0 /  0
metal2            6032          3412           56.56%             0 /  0 /  0
metal3            8695          3842           44.19%             0 /  0 /  0
metal4            6148          1256           20.43%             0 /  0 /  0
metal5            6255           484            7.74%             0 /  0 /  0
metal6            6276           231            3.68%             0 /  0 /  0
metal7            1972             0            0.00%             0 /  0 /  0
metal8            2233             0            0.00%             0 /  0 /  0
metal9             870             0            0.00%             0 /  0 /  0
metal10            870             0            0.00%             0 /  0 /  0
---------------------------------------------------------------------------------------
Total            39351          9225           23.44%             0 /  0 /  0

[INFO GRT-0018] Total wirelength: 40709 um
[INFO GRT-0014] Routed nets: 1991
[INFO GRT-0303] Global routing runtime = 00:00:00
estimate_parasitics -global_routing
Perform buffer insertion and gate resizing...
repair_design -verbose
Iteration |   Area    | Resized | Buffers | Nets repaired | Remaining
---------------------------------------------------------------------
        0 |     +0.0% |       0 |       0 |             0 |      2185
       10 |     +0.0% |       0 |       0 |             0 |      2175
       20 |     +0.0% |       0 |       0 |             0 |      2165
       30 |     +0.0% |       0 |       0 |             0 |      2155
       40 |     +0.0% |       0 |       0 |             0 |      2145
       50 |     +0.0% |       0 |       0 |             0 |      2135
       60 |     +0.0% |       0 |       0 |             0 |      2125
       70 |     +0.0% |       0 |       0 |             0 |      2115
       80 |     +0.0% |       0 |       0 |             0 |      2105
       90 |     +0.0% |       0 |       0 |             0 |      2095
      100 |     +0.0% |       0 |       0 |             0 |      2085
      110 |     +0.0% |       0 |       0 |             0 |      2075
      120 |     +0.0% |       0 |       0 |             0 |      2065
      130 |     +0.0% |       0 |       0 |             0 |      2055
      140 |     +0.0% |       0 |       0 |             0 |      2045
      150 |     +0.0% |       0 |       0 |             0 |      2035
      160 |     +0.0% |       0 |       0 |             0 |      2025
      170 |     +0.0% |       0 |       0 |             0 |      2015
      180 |     +0.0% |       0 |       0 |             0 |      2005
      190 |     +0.0% |       0 |       0 |             0 |      1995
      200 |     +0.0% |       0 |       0 |             0 |      1985
      210 |     +0.0% |       0 |       0 |             0 |      1975
      220 |     +0.0% |       0 |       0 |             0 |      1965
      230 |     +0.0% |       0 |       0 |             0 |      1955
      240 |     +0.0% |       0 |       0 |             0 |      1945
      250 |     +0.0% |       0 |       0 |             0 |      1935
      260 |     +0.0% |       0 |       0 |             0 |      1925
      270 |     +0.0% |       0 |       0 |             0 |      1915
      280 |     +0.0% |       0 |       0 |             0 |      1905
      290 |     +0.0% |       0 |       0 |             0 |      1895
      300 |     +0.0% |       0 |       0 |             0 |      1885
      310 |     +0.0% |       0 |       0 |             0 |      1875
      320 |     +0.0% |       0 |       0 |             0 |      1865
      330 |     +0.0% |       0 |       0 |             0 |      1855
      340 |     +0.0% |       0 |       0 |             0 |      1845
      350 |     +0.0% |       0 |       0 |             0 |      1835
      360 |     +0.0% |       0 |       0 |             0 |      1825
      370 |     +0.0% |       0 |       0 |             0 |      1815
      380 |     +0.0% |       0 |       0 |             0 |      1805
      390 |     +0.0% |       0 |       0 |             0 |      1795
      400 |     +0.0% |       0 |       0 |             0 |      1785
      410 |     +0.0% |       0 |       0 |             0 |      1775
      420 |     +0.0% |       0 |       0 |             0 |      1765
      430 |     +0.0% |       0 |       0 |             0 |      1755
      440 |     +0.0% |       0 |       0 |             0 |      1745
      450 |     +0.0% |       0 |       0 |             0 |      1735
      460 |     +0.0% |       0 |       0 |             0 |      1725
      470 |     +0.0% |       0 |       0 |             0 |      1715
      480 |     +0.0% |       0 |       0 |             0 |      1705
      490 |     +0.0% |       0 |       0 |             0 |      1695
      500 |     +0.0% |       0 |       0 |             0 |      1685
      510 |     +0.0% |       0 |       0 |             0 |      1675
      520 |     +0.0% |       0 |       0 |             0 |      1665
      530 |     +0.0% |       0 |       0 |             0 |      1655
      540 |     +0.0% |       0 |       0 |             0 |      1645
      550 |     +0.0% |       0 |       0 |             0 |      1635
      560 |     +0.0% |       0 |       0 |             0 |      1625
      570 |     +0.0% |       0 |       0 |             0 |      1615
      580 |     +0.0% |       0 |       0 |             0 |      1605
      590 |     +0.0% |       0 |       0 |             0 |      1595
      600 |     +0.0% |       0 |       0 |             0 |      1585
      610 |     +0.0% |       0 |       0 |             0 |      1575
      620 |     +0.0% |       0 |       0 |             0 |      1565
      630 |     +0.0% |       0 |       0 |             0 |      1555
      640 |     +0.0% |       0 |       0 |             0 |      1545
      650 |     +0.0% |       0 |       0 |             0 |      1535
      660 |     +0.0% |       0 |       0 |             0 |      1525
      670 |     +0.0% |       0 |       0 |             0 |      1515
      680 |     +0.0% |       0 |       0 |             0 |      1505
      690 |     +0.0% |       0 |       0 |             0 |      1495
      700 |     +0.0% |       0 |       0 |             0 |      1485
      710 |     +0.0% |       0 |       0 |             0 |      1475
      720 |     +0.0% |       0 |       0 |             0 |      1465
      730 |     +0.0% |       0 |       0 |             0 |      1455
      740 |     +0.0% |       0 |       0 |             0 |      1445
      750 |     +0.0% |       0 |       0 |             0 |      1435
      760 |     +0.0% |       0 |       0 |             0 |      1425
      770 |     +0.0% |       0 |       0 |             0 |      1415
      780 |     +0.0% |       0 |       0 |             0 |      1405
      790 |     +0.0% |       0 |       0 |             0 |      1395
      800 |     +0.0% |       0 |       0 |             0 |      1385
      810 |     +0.0% |       0 |       0 |             0 |      1375
      820 |     +0.0% |       0 |       0 |             0 |      1365
      830 |     +0.0% |       0 |       0 |             0 |      1355
      840 |     +0.0% |       0 |       0 |             0 |      1345
      850 |     +0.0% |       0 |       0 |             0 |      1335
      860 |     +0.0% |       0 |       0 |             0 |      1325
      870 |     +0.0% |       0 |       0 |             0 |      1315
      880 |     +0.0% |       0 |       0 |             0 |      1305
      890 |     +0.0% |       0 |       0 |             0 |      1295
      900 |     +0.0% |       0 |       0 |             0 |      1285
      910 |     +0.0% |       0 |       0 |             0 |      1275
      920 |     +0.0% |       0 |       0 |             0 |      1265
      930 |     +0.0% |       0 |       0 |             0 |      1255
      940 |     +0.0% |       0 |       0 |             0 |      1245
      950 |     +0.0% |       0 |       0 |             0 |      1235
      960 |     +0.0% |       0 |       0 |             0 |      1225
      970 |     +0.0% |       0 |       0 |             0 |      1215
      980 |     +0.0% |       0 |       0 |             0 |      1205
      990 |     +0.0% |       0 |       0 |             0 |      1195
     1000 |     +0.0% |       0 |       0 |             0 |      1185
     1010 |     +0.0% |       0 |       0 |             0 |      1175
     1020 |     +0.0% |       0 |       0 |             0 |      1165
     1030 |     +0.0% |       0 |       0 |             0 |      1155
     1040 |     +0.0% |       0 |       0 |             0 |      1145
     1050 |     +0.0% |       0 |       0 |             0 |      1135
     1060 |     +0.0% |       0 |       0 |             0 |      1125
     1070 |     +0.0% |       0 |       0 |             0 |      1115
     1080 |     +0.0% |       0 |       0 |             0 |      1105
     1090 |     +0.0% |       0 |       0 |             0 |      1095
     1100 |     +0.0% |       0 |       0 |             0 |      1085
     1110 |     +0.0% |       0 |       0 |             0 |      1075
     1120 |     +0.0% |       0 |       0 |             0 |      1065
     1130 |     +0.0% |       0 |       0 |             0 |      1055
     1140 |     +0.0% |       0 |       0 |             0 |      1045
     1150 |     +0.0% |       0 |       0 |             0 |      1035
     1160 |     +0.0% |       0 |       0 |             0 |      1025
     1170 |     +0.0% |       0 |       0 |             0 |      1015
     1180 |     +0.0% |       0 |       0 |             0 |      1005
     1190 |     +0.0% |       0 |       0 |             0 |       995
     1200 |     +0.0% |       0 |       0 |             0 |       985
     1210 |     +0.0% |       0 |       0 |             0 |       975
     1220 |     +0.0% |       0 |       0 |             0 |       965
     1230 |     +0.0% |       0 |       0 |             0 |       955
     1240 |     +0.0% |       0 |       0 |             0 |       945
     1250 |     +0.0% |       0 |       0 |             0 |       935
     1260 |     +0.0% |       0 |       0 |             0 |       925
     1270 |     +0.0% |       0 |       0 |             0 |       915
     1280 |     +0.0% |       0 |       0 |             0 |       905
     1290 |     +0.0% |       0 |       0 |             0 |       895
     1300 |     +0.0% |       0 |       0 |             0 |       885
     1310 |     +0.0% |       0 |       0 |             0 |       875
     1320 |     +0.0% |       0 |       0 |             0 |       865
     1330 |     +0.0% |       0 |       0 |             0 |       855
     1340 |     +0.0% |       0 |       0 |             0 |       845
     1350 |     +0.0% |       0 |       0 |             0 |       835
     1360 |     +0.0% |       0 |       0 |             0 |       825
     1370 |     +0.0% |       0 |       0 |             0 |       815
     1380 |     +0.0% |       0 |       0 |             0 |       805
     1390 |     +0.0% |       0 |       0 |             0 |       795
     1400 |     +0.0% |       0 |       0 |             0 |       785
     1410 |     +0.0% |       0 |       0 |             0 |       775
     1420 |     +0.0% |       0 |       0 |             0 |       765
     1430 |     +0.0% |       0 |       0 |             0 |       755
     1440 |     +0.0% |       0 |       0 |             0 |       745
     1450 |     +0.0% |       0 |       0 |             0 |       735
     1460 |     +0.0% |       0 |       0 |             0 |       725
     1470 |     +0.0% |       0 |       0 |             0 |       715
     1480 |     +0.0% |       0 |       0 |             0 |       705
     1490 |     +0.0% |       0 |       0 |             0 |       695
     1500 |     +0.0% |       0 |       0 |             0 |       685
     1510 |     +0.0% |       0 |       0 |             0 |       675
     1520 |     +0.0% |       0 |       0 |             0 |       665
     1530 |     +0.0% |       0 |       0 |             0 |       655
     1540 |     +0.0% |       0 |       0 |             0 |       645
     1550 |     +0.0% |       0 |       0 |             0 |       635
     1560 |     +0.0% |       0 |       0 |             0 |       625
     1570 |     +0.0% |       0 |       0 |             0 |       615
     1580 |     +0.0% |       0 |       0 |             0 |       605
     1590 |     +0.0% |       0 |       0 |             0 |       595
     1600 |     +0.0% |       0 |       0 |             0 |       585
     1610 |     +0.0% |       0 |       0 |             0 |       575
     1620 |     +0.0% |       0 |       0 |             0 |       565
     1630 |     +0.0% |       0 |       0 |             0 |       555
     1640 |     +0.0% |       0 |       0 |             0 |       545
     1650 |     +0.0% |       0 |       0 |             0 |       535
     1660 |     +0.0% |       0 |       0 |             0 |       525
     1670 |     +0.0% |       0 |       0 |             0 |       515
     1680 |     +0.0% |       0 |       0 |             0 |       505
     1690 |     +0.0% |       0 |       0 |             0 |       495
     1700 |     +0.0% |       0 |       0 |             0 |       485
     1710 |     +0.0% |       0 |       0 |             0 |       475
     1720 |     +0.0% |       0 |       0 |             0 |       465
     1730 |     +0.0% |       0 |       0 |             0 |       455
     1740 |     +0.0% |       0 |       0 |             0 |       445
     1750 |     +0.0% |       0 |       0 |             0 |       435
     1760 |     +0.0% |       0 |       0 |             0 |       425
     1770 |     +0.0% |       0 |       0 |             0 |       415
     1780 |     +0.0% |       0 |       0 |             0 |       405
     1790 |     +0.0% |       0 |       0 |             0 |       395
     1800 |     +0.0% |       0 |       0 |             0 |       385
     1810 |     +0.0% |       0 |       0 |             0 |       375
     1820 |     +0.0% |       0 |       0 |             0 |       365
     1830 |     +0.0% |       0 |       0 |             0 |       355
     1840 |     +0.0% |       0 |       0 |             0 |       345
     1850 |     +0.0% |       0 |       0 |             0 |       335
     1860 |     +0.0% |       0 |       0 |             0 |       325
     1870 |     +0.0% |       0 |       0 |             0 |       315
     1880 |     +0.0% |       0 |       0 |             0 |       305
     1890 |     +0.0% |       0 |       0 |             0 |       295
     1900 |     +0.0% |       0 |       0 |             0 |       285
     1910 |     +0.0% |       0 |       0 |             0 |       275
     1920 |     +0.0% |       0 |       0 |             0 |       265
     1930 |     +0.0% |       0 |       0 |             0 |       255
     1940 |     +0.0% |       0 |       0 |             0 |       245
     1950 |     +0.0% |       0 |       0 |             0 |       235
     1960 |     +0.0% |       0 |       0 |             0 |       225
     1970 |     +0.0% |       0 |       0 |             0 |       215
     1980 |     +0.0% |       0 |       0 |             0 |       205
     1990 |     +0.0% |       0 |       0 |             0 |       195
     2000 |     +0.0% |       0 |       0 |             0 |       185
     2010 |     +0.0% |       0 |       0 |             0 |       175
     2020 |     +0.0% |       0 |       0 |             0 |       165
     2030 |     +0.0% |       0 |       0 |             0 |       155
     2040 |     +0.0% |       0 |       0 |             0 |       145
     2050 |     +0.0% |       0 |       0 |             0 |       135
     2060 |     +0.0% |       0 |       0 |             0 |       125
     2070 |     +0.0% |       0 |       0 |             0 |       115
     2080 |     +0.0% |       0 |       0 |             0 |       105
     2090 |     +0.0% |       0 |       0 |             0 |        95
     2100 |     +0.0% |       0 |       0 |             0 |        85
     2110 |     +0.0% |       0 |       0 |             0 |        75
     2120 |     +0.0% |       0 |       0 |             0 |        65
     2130 |     +0.0% |       0 |       0 |             0 |        55
     2140 |     +0.0% |       0 |       0 |             0 |        45
     2150 |     +0.0% |       0 |       0 |             0 |        35
     2160 |     +0.0% |       0 |       0 |             0 |        25
     2170 |     +0.0% |       0 |       0 |             0 |        15
     2180 |     +0.0% |       0 |       0 |             0 |         5
    final |     +0.0% |       0 |       0 |             0 |         0
---------------------------------------------------------------------
global_route -start_incremental
detailed_placement
[INFO DPL-0006] Core area: 6921.05 um^2, Instances area: 2591.37 um^2, Utilization: 37.4%
[INFO DPL-0005] Diamond search max displacement: +/- 500 sites horizontally, +/- 100 rows vertically.
[INFO DPL-1101] Legalizing using diamond search.
Movements Summary
---------------------------------------
Total cells:                    1967
Diamond Move Success:           1967 (100.00%)
Diamond Move Failure:              0
Rip-up and replace Success:        0 (  0.00% of diamond failures)
Rip-up and replace Failure:        0
Total Placement Failures:          0
---------------------------------------
Placement Analysis
---------------------------------
total displacement          0.0 u
average displacement        0.0 u
max displacement            0.0 u
original HPWL           24003.4 u
legalized HPWL          24003.4 u
delta HPWL                    0 %

global_route -end_incremental -congestion_report_file ./reports/nangate45/s5378/phase0c_f3e7b516a_s17_k2_P_4391288d_7f655d61/congestion_post_repair_design.rpt
Repair setup and hold violations...
estimate_parasitics -global_routing
repair_timing -setup_margin 0 -hold_margin 0 -repair_tns 100 -verbose
[INFO RSZ-0100] Repair move sequence: UnbufferMove SizeUpMove SwapPinsMove BufferMove CloneMove SplitLoadMove 
[INFO RSZ-0098] No setup violations found
[INFO RSZ-0033] No hold violations found.
global_route -start_incremental
detailed_placement
[INFO DPL-0006] Core area: 6921.05 um^2, Instances area: 2591.37 um^2, Utilization: 37.4%
[INFO DPL-0005] Diamond search max displacement: +/- 500 sites horizontally, +/- 100 rows vertically.
[INFO DPL-1101] Legalizing using diamond search.
Movements Summary
---------------------------------------
Total cells:                    1967
Diamond Move Success:           1967 (100.00%)
Diamond Move Failure:              0
Rip-up and replace Success:        0 (  0.00% of diamond failures)
Rip-up and replace Failure:        0
Total Placement Failures:          0
---------------------------------------
Placement Analysis
---------------------------------
total displacement          0.0 u
average displacement        0.0 u
max displacement            0.0 u
original HPWL           24003.4 u
legalized HPWL          24003.4 u
delta HPWL                    0 %

check_placement -verbose
global_route -end_incremental -congestion_report_file ./reports/nangate45/s5378/phase0c_f3e7b516a_s17_k2_P_4391288d_7f655d61/congestion_post_repair_timing.rpt
estimate_parasitics -global_routing
global_route -start_incremental
global_route -end_incremental -congestion_report_file ./reports/nangate45/s5378/phase0c_f3e7b516a_s17_k2_P_4391288d_7f655d61/congestion_post_recover_power.rpt
Repair antennas...
[WARNING GRT-0246] No diode with LEF class CORE ANTENNACELL found.
[INFO ANT-0002] Found 0 net violations.
[INFO ANT-0001] Found 0 pin violations.
Estimate parasitics...
estimate_parasitics -global_routing
Report metrics stage 5, global route...

==========================================================================
global route report_design_area
--------------------------------------------------------------------------
Design area 2591 um^2 37% utilization.
[INFO FLW-0007] clock clk period 10.000000
[INFO FLW-0008] Clock clk period 0.848
[INFO FLW-0009] Clock clk slack 9.108
write_sdc -no_timestamp ./results/nangate45/s5378/phase0c_f3e7b516a_s17_k2_P_4391288d_7f655d61/updated_clks.sdc
[INFO FLW-0011] Path endpoint path count 782
write_db ./results/nangate45/s5378/phase0c_f3e7b516a_s17_k2_P_4391288d_7f655d61/5_1_grt.odb
write_sdc -no_timestamp ./results/nangate45/s5378/phase0c_f3e7b516a_s17_k2_P_4391288d_7f655d61/5_1_grt.sdc
Log                       Ext     Elapsed/s Peak Memory/MB sha1sum result [0:20)
5_1_grt                   .odb            7            301 f43d06047900e60f43b5
5_1_grt                   .sdc                             dc3b136b356fec3f3ef5
/root/pact-deps/OpenROAD-flow-scripts/flow/scripts/flow.sh 5_2_route detail_route
Running detail_route.tcl, stage 5_2_route
read_liberty /root/pact-deps/OpenROAD-flow-scripts/flow/platforms/nangate45/lib/NangateOpenCellLibrary_typical.lib
read_db ./results/nangate45/s5378/phase0c_f3e7b516a_s17_k2_P_4391288d_7f655d61/5_1_grt.odb
read_sdc ./results/nangate45/s5378/phase0c_f3e7b516a_s17_k2_P_4391288d_7f655d61/5_1_grt.sdc
source /root/pact-deps/OpenROAD-flow-scripts/flow/platforms/nangate45/setRC.tcl
detailed_route -output_drc ./reports/nangate45/s5378/phase0c_f3e7b516a_s17_k2_P_4391288d_7f655d61/5_route_drc.rpt -output_maze ./results/nangate45/s5378/phase0c_f3e7b516a_s17_k2_P_4391288d_7f655d61/maze.log -droute_end_iter 64 -verbose 1 -drc_report_iter_step 5
[INFO DRT-0149] Reading tech and libs.

Units:                2000
Number of layers:     21
Number of macros:     135
Number of vias:       33
Number of viarulegen: 19

[INFO DRT-0150] Reading design.

Design:                   s5378
Die area:                 ( 0 0 ) ( 171970 171970 )
Number of track patterns: 20
Number of DEF vias:       0
Number of components:     2085
Number of terminals:      92
Number of snets:          2
Number of nets:           1991

[INFO DRT-0167] List of default vias:
  Layer via2
    default via: via2_5
  Layer via3
    default via: via3_2
  Layer via4
    default via: via4_0
  Layer via5
    default via: via5_0
  Layer via6
    default via: via6_0
  Layer via7
    default via: via7_0
  Layer via8
    default via: via8_0
  Layer via9
    default via: via9_0
[INFO DRT-0162] Library cell analysis.
[INFO DRT-0163] Instance analysis.
[INFO DRT-0164] Number of unique instances = 34.
[INFO DRT-0168] Init region query.
[INFO DRT-0024]   Complete active.
[INFO DRT-0024]   Complete Fr_VIA.
[INFO DRT-0024]   Complete metal1.
[INFO DRT-0024]   Complete via1.
[INFO DRT-0024]   Complete metal2.
[INFO DRT-0024]   Complete via2.
[INFO DRT-0024]   Complete metal3.
[INFO DRT-0024]   Complete via3.
[INFO DRT-0024]   Complete metal4.
[INFO DRT-0024]   Complete via4.
[INFO DRT-0024]   Complete metal5.
[INFO DRT-0024]   Complete via5.
[INFO DRT-0024]   Complete metal6.
[INFO DRT-0024]   Complete via6.
[INFO DRT-0024]   Complete metal7.
[INFO DRT-0024]   Complete via7.
[INFO DRT-0024]   Complete metal8.
[INFO DRT-0024]   Complete via8.
[INFO DRT-0024]   Complete metal9.
[INFO DRT-0024]   Complete via9.
[INFO DRT-0024]   Complete metal10.
[INFO DRT-0033] active shape region query size = 0.
[INFO DRT-0033] FR_VIA shape region query size = 0.
[INFO DRT-0033] metal1 shape region query size = 29322.
[INFO DRT-0033] via1 shape region query size = 270.
[INFO DRT-0033] metal2 shape region query size = 180.
[INFO DRT-0033] via2 shape region query size = 270.
[INFO DRT-0033] metal3 shape region query size = 180.
[INFO DRT-0033] via3 shape region query size = 270.
[INFO DRT-0033] metal4 shape region query size = 102.
[INFO DRT-0033] via4 shape region query size = 90.
[INFO DRT-0033] metal5 shape region query size = 65.
[INFO DRT-0033] via5 shape region query size = 90.
[INFO DRT-0033] metal6 shape region query size = 61.
[INFO DRT-0033] via6 shape region query size = 36.
[INFO DRT-0033] metal7 shape region query size = 21.
[INFO DRT-0033] via7 shape region query size = 0.
[INFO DRT-0033] metal8 shape region query size = 0.
[INFO DRT-0033] via8 shape region query size = 0.
[INFO DRT-0033] metal9 shape region query size = 0.
[INFO DRT-0033] via9 shape region query size = 0.
[INFO DRT-0033] metal10 shape region query size = 0.
[INFO DRT-0165] Start pin access.
[INFO DRT-0078]   Complete 160 pins.
[INFO DRT-0081]   Complete 34 unique inst patterns.
[INFO DRT-0084]   Complete 1176 groups.
#scanned instances     = 2085
#unique  instances     = 34
#stdCellGenAp          = 657
#stdCellValidPlanarAp  = 0
#stdCellValidViaAp     = 526
#stdCellPinNoAp        = 0
#stdCellPinCnt         = 5889
#instTermValidViaApCnt = 0
#macroGenAp            = 0
#macroValidPlanarAp    = 0
#macroValidViaAp       = 0
#macroNoAp             = 0
[INFO DRT-0166] Complete pin access.
[INFO DRT-0267] cpu time = 00:00:13, elapsed time = 00:00:03, memory = 261.44 (MB), peak = 260.94 (MB)

[INFO DRT-0157] Number of guides:     16447

[INFO DRT-0169] Post process guides.
[INFO DRT-0176] GCELLGRID X 0 DO 30 STEP 5700 ;
[INFO DRT-0177] GCELLGRID Y 0 DO 30 STEP 5700 ;
[INFO DRT-0028]   Complete active.
[INFO DRT-0028]   Complete Fr_VIA.
[INFO DRT-0028]   Complete metal1.
[INFO DRT-0028]   Complete via1.
[INFO DRT-0028]   Complete metal2.
[INFO DRT-0028]   Complete via2.
[INFO DRT-0028]   Complete metal3.
[INFO DRT-0028]   Complete via3.
[INFO DRT-0028]   Complete metal4.
[INFO DRT-0028]   Complete via4.
[INFO DRT-0028]   Complete metal5.
[INFO DRT-0028]   Complete via5.
[INFO DRT-0028]   Complete metal6.
[INFO DRT-0028]   Complete via6.
[INFO DRT-0028]   Complete metal7.
[INFO DRT-0028]   Complete via7.
[INFO DRT-0028]   Complete metal8.
[INFO DRT-0028]   Complete via8.
[INFO DRT-0028]   Complete metal9.
[INFO DRT-0028]   Complete via9.
[INFO DRT-0028]   Complete metal10.
[INFO DRT-0178] Init guide query.
[INFO DRT-0035]   Complete active (guide).
[INFO DRT-0035]   Complete Fr_VIA (guide).
[INFO DRT-0035]   Complete metal1 (guide).
[INFO DRT-0035]   Complete via1 (guide).
[INFO DRT-0035]   Complete metal2 (guide).
[INFO DRT-0035]   Complete via2 (guide).
[INFO DRT-0035]   Complete metal3 (guide).
[INFO DRT-0035]   Complete via3 (guide).
[INFO DRT-0035]   Complete metal4 (guide).
[INFO DRT-0035]   Complete via4 (guide).
[INFO DRT-0035]   Complete metal5 (guide).
[INFO DRT-0035]   Complete via5 (guide).
[INFO DRT-0035]   Complete metal6 (guide).
[INFO DRT-0035]   Complete via6 (guide).
[INFO DRT-0035]   Complete metal7 (guide).
[INFO DRT-0035]   Complete via7 (guide).
[INFO DRT-0035]   Complete metal8 (guide).
[INFO DRT-0035]   Complete via8 (guide).
[INFO DRT-0035]   Complete metal9 (guide).
[INFO DRT-0035]   Complete via9 (guide).
[INFO DRT-0035]   Complete metal10 (guide).
[INFO DRT-0036] active guide region query size = 0.
[INFO DRT-0036] FR_VIA guide region query size = 0.
[INFO DRT-0036] metal1 guide region query size = 5270.
[INFO DRT-0036] via1 guide region query size = 0.
[INFO DRT-0036] metal2 guide region query size = 4855.
[INFO DRT-0036] via2 guide region query size = 0.
[INFO DRT-0036] metal3 guide region query size = 2799.
[INFO DRT-0036] via3 guide region query size = 0.
[INFO DRT-0036] metal4 guide region query size = 505.
[INFO DRT-0036] via4 guide region query size = 0.
[INFO DRT-0036] metal5 guide region query size = 205.
[INFO DRT-0036] via5 guide region query size = 0.
[INFO DRT-0036] metal6 guide region query size = 68.
[INFO DRT-0036] via6 guide region query size = 0.
[INFO DRT-0036] metal7 guide region query size = 0.
[INFO DRT-0036] via7 guide region query size = 0.
[INFO DRT-0036] metal8 guide region query size = 0.
[INFO DRT-0036] via8 guide region query size = 0.
[INFO DRT-0036] metal9 guide region query size = 0.
[INFO DRT-0036] via9 guide region query size = 0.
[INFO DRT-0036] metal10 guide region query size = 0.
[INFO DRT-0179] Init gr pin query.
[INFO DRT-0267] cpu time = 00:00:00, elapsed time = 00:00:00, memory = 267.30 (MB), peak = 266.82 (MB)
[INFO DRT-0245] skipped writing guide updates to database.
[INFO DRT-0181] Start track assignment.
[INFO DRT-0184] Done with 5428 vertical wires in 1 frboxes and 8274 horizontal wires in 1 frboxes.
[INFO DRT-0186] Done with 1620 vertical wires in 1 frboxes and 1754 horizontal wires in 1 frboxes.
[INFO DRT-0182] Complete track assignment.
[INFO DRT-0267] cpu time = 00:00:01, elapsed time = 00:00:01, memory = 288.65 (MB), peak = 288.46 (MB)
[INFO DRT-0187] Start routing data preparation.
[INFO DRT-0267] cpu time = 00:00:00, elapsed time = 00:00:00, memory = 289.76 (MB), peak = 289.46 (MB)
[INFO DRT-0194] Start detail routing.
[INFO DRT-0195] Start 0th optimization iteration.
    Completing 10% with 0 violations.
    elapsed time = 00:00:00, memory = 336.43 (MB).
    Completing 20% with 0 violations.
    elapsed time = 00:00:01, memory = 351.93 (MB).
    Completing 30% with 0 violations.
    elapsed time = 00:00:02, memory = 338.32 (MB).
    Completing 40% with 64 violations.
    elapsed time = 00:00:04, memory = 382.55 (MB).
    Completing 50% with 64 violations.
    elapsed time = 00:00:05, memory = 374.45 (MB).
    Completing 60% with 64 violations.
    elapsed time = 00:00:06, memory = 344.32 (MB).
    Completing 70% with 146 violations.
    elapsed time = 00:00:07, memory = 385.28 (MB).
    Completing 80% with 146 violations.
    elapsed time = 00:00:10, memory = 369.16 (MB).
    Completing 90% with 239 violations.
    elapsed time = 00:00:12, memory = 395.79 (MB).
    Completing 100% with 299 violations.
    elapsed time = 00:00:13, memory = 357.62 (MB).
[INFO DRT-0199]   Number of violations = 432.
Viol/Layer      metal1   via1 metal2   via2 metal3 metal4   via4
Cut Spacing          0      0      0      2      0      0      1
Metal Spacing        0      0     44      0      4      0      0
Recheck              2      0     83      0     47      1      0
Short                0      2    216      0     30      0      0
[INFO DRT-0267] cpu time = 00:00:36, elapsed time = 00:00:15, memory = 900.59 (MB), peak = 900.35 (MB)
Total wire length = 27085 um.
Total wire length on LAYER metal1 = 0 um.
Total wire length on LAYER metal2 = 10244 um.
Total wire length on LAYER metal3 = 11610 um.
Total wire length on LAYER metal4 = 3424 um.
Total wire length on LAYER metal5 = 1144 um.
Total wire length on LAYER metal6 = 661 um.
Total wire length on LAYER metal7 = 0 um.
Total wire length on LAYER metal8 = 0 um.
Total wire length on LAYER metal9 = 0 um.
Total wire length on LAYER metal10 = 0 um.
Total number of vias = 13482.
Up-via summary (total 13482):

----------------
 active        0
 metal1     5927
 metal2     6474
 metal3      720
 metal4      270
 metal5       91
 metal6        0
 metal7        0
 metal8        0
 metal9        0
----------------
       13482


[INFO DRT-0195] Start 1st optimization iteration.
    Completing 10% with 432 violations.
    elapsed time = 00:00:00, memory = 915.20 (MB).
    Completing 20% with 432 violations.
    elapsed time = 00:00:00, memory = 915.83 (MB).
    Completing 30% with 432 violations.
    elapsed time = 00:00:02, memory = 918.49 (MB).
    Completing 40% with 369 violations.
    elapsed time = 00:00:03, memory = 960.46 (MB).
    Completing 50% with 369 violations.
    elapsed time = 00:00:04, memory = 960.46 (MB).
    Completing 60% with 369 violations.
    elapsed time = 00:00:07, memory = 940.49 (MB).
    Completing 70% with 290 violations.
    elapsed time = 00:00:08, memory = 960.80 (MB).
    Completing 80% with 290 violations.
    elapsed time = 00:00:12, memory = 960.80 (MB).
    Completing 90% with 215 violations.
    elapsed time = 00:00:14, memory = 947.05 (MB).
    Completing 100% with 126 violations.
    elapsed time = 00:00:15, memory = 947.05 (MB).
[INFO DRT-0199]   Number of violations = 126.
Viol/Layer      metal2 metal3
Metal Spacing       25      1
Short               88     12
[INFO DRT-0267] cpu time = 00:00:36, elapsed time = 00:00:16, memory = 950.05 (MB), peak = 960.54 (MB)
Total wire length = 26872 um.
Total wire length on LAYER metal1 = 0 um.
Total wire length on LAYER metal2 = 10237 um.
Total wire length on LAYER metal3 = 11479 um.
Total wire length on LAYER metal4 = 3370 um.
Total wire length on LAYER metal5 = 1127 um.
Total wire length on LAYER metal6 = 656 um.
Total wire length on LAYER metal7 = 0 um.
Total wire length on LAYER metal8 = 0 um.
Total wire length on LAYER metal9 = 0 um.
Total wire length on LAYER metal10 = 0 um.
Total number of vias = 13290.
Up-via summary (total 13290):

----------------
 active        0
 metal1     5923
 metal2     6301
 metal3      710
 metal4      266
 metal5       90
 metal6        0
 metal7        0
 metal8        0
 metal9        0
----------------
       13290


[INFO DRT-0195] Start 2nd optimization iteration.
    Completing 10% with 126 violations.
    elapsed time = 00:00:00, memory = 950.05 (MB).
    Completing 20% with 126 violations.
    elapsed time = 00:00:00, memory = 950.05 (MB).
    Completing 30% with 126 violations.
    elapsed time = 00:00:02, memory = 951.80 (MB).
    Completing 40% with 135 violations.
    elapsed time = 00:00:03, memory = 954.25 (MB).
    Completing 50% with 135 violations.
    elapsed time = 00:00:04, memory = 954.25 (MB).
    Completing 60% with 135 violations.
    elapsed time = 00:00:05, memory = 954.25 (MB).
    Completing 70% with 130 violations.
    elapsed time = 00:00:05, memory = 954.25 (MB).
    Completing 80% with 130 violations.
    elapsed time = 00:00:07, memory = 954.25 (MB).
    Completing 90% with 123 violations.
    elapsed time = 00:00:11, memory = 954.25 (MB).
    Completing 100% with 110 violations.
    elapsed time = 00:00:11, memory = 954.25 (MB).
[INFO DRT-0199]   Number of violations = 110.
Viol/Layer      metal2 metal3
Metal Spacing       18      2
Short               84      6
[INFO DRT-0267] cpu time = 00:00:30, elapsed time = 00:00:12, memory = 954.25 (MB), peak = 960.54 (MB)
Total wire length = 26820 um.
Total wire length on LAYER metal1 = 0 um.
Total wire length on LAYER metal2 = 10189 um.
Total wire length on LAYER metal3 = 11483 um.
Total wire length on LAYER metal4 = 3372 um.
Total wire length on LAYER metal5 = 1122 um.
Total wire length on LAYER metal6 = 652 um.
Total wire length on LAYER metal7 = 0 um.
Total wire length on LAYER metal8 = 0 um.
Total wire length on LAYER metal9 = 0 um.
Total wire length on LAYER metal10 = 0 um.
Total number of vias = 13260.
Up-via summary (total 13260):

----------------
 active        0
 metal1     5922
 metal2     6281
 metal3      707
 metal4      261
 metal5       89
 metal6        0
 metal7        0
 metal8        0
 metal9        0
----------------
       13260


[INFO DRT-0195] Start 3rd optimization iteration.
    Completing 10% with 110 violations.
    elapsed time = 00:00:00, memory = 954.25 (MB).
    Completing 20% with 110 violations.
    elapsed time = 00:00:00, memory = 954.25 (MB).
    Completing 30% with 110 violations.
    elapsed time = 00:00:01, memory = 954.25 (MB).
    Completing 40% with 78 violations.
    elapsed time = 00:00:01, memory = 957.29 (MB).
    Completing 50% with 78 violations.
    elapsed time = 00:00:02, memory = 978.28 (MB).
    Completing 60% with 78 violations.
    elapsed time = 00:00:03, memory = 957.29 (MB).
    Completing 70% with 60 violations.
    elapsed time = 00:00:03, memory = 957.29 (MB).
    Completing 80% with 60 violations.
    elapsed time = 00:00:05, memory = 957.29 (MB).
    Completing 90% with 23 violations.
    elapsed time = 00:00:06, memory = 957.29 (MB).
    Completing 100% with 12 violations.
    elapsed time = 00:00:08, memory = 960.36 (MB).
[INFO DRT-0199]   Number of violations = 12.
Viol/Layer      metal2 metal3
Metal Spacing        1      0
Short                9      2
[INFO DRT-0267] cpu time = 00:00:18, elapsed time = 00:00:08, memory = 960.36 (MB), peak = 977.85 (MB)
Total wire length = 26836 um.
Total wire length on LAYER metal1 = 0 um.
Total wire length on LAYER metal2 = 10050 um.
Total wire length on LAYER metal3 = 11516 um.
Total wire length on LAYER metal4 = 3506 um.
Total wire length on LAYER metal5 = 1110 um.
Total wire length on LAYER metal6 = 652 um.
Total wire length on LAYER metal7 = 0 um.
Total wire length on LAYER metal8 = 0 um.
Total wire length on LAYER metal9 = 0 um.
Total wire length on LAYER metal10 = 0 um.
Total number of vias = 13395.
Up-via summary (total 13395):

----------------
 active        0
 metal1     5922
 metal2     6352
 metal3      771
 metal4      261
 metal5       89
 metal6        0
 metal7        0
 metal8        0
 metal9        0
----------------
       13395


[INFO DRT-0195] Start 4th guides tiles iteration.
    Completing 50% with 12 violations.
    elapsed time = 00:00:00, memory = 960.36 (MB).
    Completing 100% with 0 violations.
    elapsed time = 00:00:00, memory = 960.36 (MB).
[INFO DRT-0199]   Number of violations = 0.
[INFO DRT-0267] cpu time = 00:00:00, elapsed time = 00:00:00, memory = 960.36 (MB), peak = 977.85 (MB)
Total wire length = 26833 um.
Total wire length on LAYER metal1 = 0 um.
Total wire length on LAYER metal2 = 10043 um.
Total wire length on LAYER metal3 = 11517 um.
Total wire length on LAYER metal4 = 3510 um.
Total wire length on LAYER metal5 = 1110 um.
Total wire length on LAYER metal6 = 652 um.
Total wire length on LAYER metal7 = 0 um.
Total wire length on LAYER metal8 = 0 um.
Total wire length on LAYER metal9 = 0 um.
Total wire length on LAYER metal10 = 0 um.
Total number of vias = 13399.
Up-via summary (total 13399):

----------------
 active        0
 metal1     5921
 metal2     6353
 metal3      775
 metal4      261
 metal5       89
 metal6        0
 metal7        0
 metal8        0
 metal9        0
----------------
       13399


[INFO DRT-0198] Complete detail routing.
Total wire length = 26833 um.
Total wire length on LAYER metal1 = 0 um.
Total wire length on LAYER metal2 = 10043 um.
Total wire length on LAYER metal3 = 11517 um.
Total wire length on LAYER metal4 = 3510 um.
Total wire length on LAYER metal5 = 1110 um.
Total wire length on LAYER metal6 = 652 um.
Total wire length on LAYER metal7 = 0 um.
Total wire length on LAYER metal8 = 0 um.
Total wire length on LAYER metal9 = 0 um.
Total wire length on LAYER metal10 = 0 um.
Total number of vias = 13399.
Up-via summary (total 13399):

----------------
 active        0
 metal1     5921
 metal2     6353
 metal3      775
 metal4      261
 metal5       89
 metal6        0
 metal7        0
 metal8        0
 metal9        0
----------------
       13399


[INFO DRT-0267] cpu time = 00:02:01, elapsed time = 00:00:52, memory = 960.42 (MB), peak = 977.85 (MB)

[INFO DRT-0180] Post processing.
Took 58 seconds: detailed_route -output_drc ./reports/nangate45/s5378/phase0c_f3e7b516a_s17_k2_P_4391288d_7f655d61/5_route_drc.rpt -output_maze ./results/nangate45/s5378/phase0c_f3e7b516a_s17_k2_P_4391288d_7f655d61/maze.log -droute_end_iter 64 -verbose 1 -drc_report_iter_step 5
[WARNING GRT-0246] No diode with LEF class CORE ANTENNACELL found.
[INFO ANT-0002] Found 0 net violations.
[INFO ANT-0001] Found 0 pin violations.
[INFO ANT-0002] Found 0 net violations.
[INFO ANT-0001] Found 0 pin violations.
Design area 2591 um^2 37% utilization.
write_db ./results/nangate45/s5378/phase0c_f3e7b516a_s17_k2_P_4391288d_7f655d61/5_2_route.odb
Log                       Ext     Elapsed/s Peak Memory/MB sha1sum result [0:20)
5_2_route                 .odb           63            977 16a9a5c08df293737a58
/root/pact-deps/OpenROAD-flow-scripts/flow/scripts/flow.sh 5_3_fillcell fillcell
Running fillcell.tcl, stage 5_3_fillcell
read_liberty /root/pact-deps/OpenROAD-flow-scripts/flow/platforms/nangate45/lib/NangateOpenCellLibrary_typical.lib
read_db ./results/nangate45/s5378/phase0c_f3e7b516a_s17_k2_P_4391288d_7f655d61/5_2_route.odb
read_sdc ./results/nangate45/s5378/phase0c_f3e7b516a_s17_k2_P_4391288d_7f655d61/5_1_grt.sdc
source /root/pact-deps/OpenROAD-flow-scripts/flow/platforms/nangate45/setRC.tcl
filler_placement "FILLCELL_X1 FILLCELL_X2 FILLCELL_X4 FILLCELL_X8 FILLCELL_X16 FILLCELL_X32"
[INFO DPL-0001] Placed 2515 filler instances.
Design area 2591 um^2 37% utilization.
write_db ./results/nangate45/s5378/phase0c_f3e7b516a_s17_k2_P_4391288d_7f655d61/5_3_fillcell.odb
Log                       Ext     Elapsed/s Peak Memory/MB sha1sum result [0:20)
5_3_fillcell              .odb            0            116 e5b9f837da74e749cbd0
cp ./results/nangate45/s5378/phase0c_f3e7b516a_s17_k2_P_4391288d_7f655d61/5_3_fillcell.odb ./results/nangate45/s5378/phase0c_f3e7b516a_s17_k2_P_4391288d_7f655d61/5_route.odb
cp ./results/nangate45/s5378/phase0c_f3e7b516a_s17_k2_P_4391288d_7f655d61/5_1_grt.sdc ./results/nangate45/s5378/phase0c_f3e7b516a_s17_k2_P_4391288d_7f655d61/5_route.sdc
