
==========================================================================
global route report_tns
--------------------------------------------------------------------------
tns max 0.00

==========================================================================
global route report_wns
--------------------------------------------------------------------------
wns max 0.00

==========================================================================
global route report_worst_slack
--------------------------------------------------------------------------
worst slack max 8.09

==========================================================================
global route report_clock_min_period
--------------------------------------------------------------------------
clk period_min = 1.91 fmax = 524.29

==========================================================================
global route report_clock_skew
--------------------------------------------------------------------------
Clock clk
   0.16 source latency U_g123/CK ^
  -0.17 target latency U_g357/CK ^
   0.00 CRPR
--------------
  -0.01 setup skew


==========================================================================
global route report_checks -path_delay min
--------------------------------------------------------------------------
Startpoint: g28 (input port clocked by clk)
Endpoint: U_g582 (rising edge-triggered flip-flop clocked by clk)
Path Group: clk
Path Type: min

Fanout     Cap    Slew   Delay    Time   Description
-----------------------------------------------------------------------------
                          0.00    0.00   clock clk (rise edge)
                          0.00    0.00   clock network delay (propagated)
                          0.00    0.00 ^ input external delay
     1    1.13    0.00    0.00    0.00 ^ g28 (in)
                                         g28 (net)
                  0.00    0.00    0.00 ^ hold308/A (CLKBUF_X1)
     1    0.90    0.01    0.02    0.02 ^ hold308/Z (CLKBUF_X1)
                                         net307 (net)
                  0.01    0.00    0.02 ^ hold306/A (CLKBUF_X1)
     1    1.05    0.01    0.03    0.05 ^ hold306/Z (CLKBUF_X1)
                                         net305 (net)
                  0.01    0.00    0.05 ^ hold309/A (CLKBUF_X1)
     1    1.26    0.01    0.03    0.08 ^ hold309/Z (CLKBUF_X1)
                                         net308 (net)
                  0.01    0.00    0.08 ^ input27/A (BUF_X1)
     2    8.34    0.02    0.04    0.11 ^ input27/Z (BUF_X1)
                                         net27 (net)
                  0.02    0.00    0.11 ^ hold307/A (CLKBUF_X1)
     2    8.84    0.02    0.05    0.16 ^ hold307/Z (CLKBUF_X1)
                                         net306 (net)
                  0.02    0.00    0.16 ^ U_g582/D (SDFF_X1)
                                  0.16   data arrival time

                          0.00    0.00   clock clk (rise edge)
                          0.00    0.00   clock source latency
     1   16.32    0.00    0.00    0.00 ^ CK (in)
                                         CK (net)
                  0.00    0.00    0.00 ^ clkbuf_0_CK/A (CLKBUF_X3)
     8   39.69    0.03    0.06    0.06 ^ clkbuf_0_CK/Z (CLKBUF_X3)
                                         clknet_0_CK (net)
                  0.03    0.00    0.06 ^ clkbuf_3_4__f_CK/A (CLKBUF_X3)
    14   38.37    0.03    0.07    0.13 ^ clkbuf_3_4__f_CK/Z (CLKBUF_X3)
                                         clknet_3_4__leaf_CK (net)
                  0.03    0.00    0.13 ^ clkbuf_leaf_16_CK/A (CLKBUF_X3)
     8   11.29    0.01    0.05    0.17 ^ clkbuf_leaf_16_CK/Z (CLKBUF_X3)
                                         clknet_leaf_16_CK (net)
                  0.01    0.00    0.17 ^ U_g582/CK (SDFF_X1)
                          0.00    0.17   clock reconvergence pessimism
                         -0.01    0.16   library hold time
                                  0.16   data required time
-----------------------------------------------------------------------------
                                  0.16   data required time
                                 -0.16   data arrival time
-----------------------------------------------------------------------------
                                  0.00   slack (MET)



==========================================================================
global route report_checks -path_delay max
--------------------------------------------------------------------------
Startpoint: g48 (input port clocked by clk)
Endpoint: U_g336 (rising edge-triggered flip-flop clocked by clk)
Path Group: clk
Path Type: max

Fanout     Cap    Slew   Delay    Time   Description
-----------------------------------------------------------------------------
                          0.00    0.00   clock clk (rise edge)
                          0.00    0.00   clock network delay (propagated)
                          0.00    0.00 v input external delay
     1    1.35    0.00    0.00    0.00 v g48 (in)
                                         g48 (net)
                  0.00    0.00    0.00 v input38/A (BUF_X1)
    14   35.79    0.04    0.06    0.06 v input38/Z (BUF_X1)
                                         net38 (net)
                  0.04    0.00    0.07 v U_g6351/A2 (AND2_X1)
     1    1.84    0.01    0.05    0.11 v U_g6351/ZN (AND2_X1)
                                         g6351 (net)
                  0.01    0.00    0.11 v U_I11360/A (INV_X1)
    16   26.84    0.06    0.07    0.18 ^ U_I11360/ZN (INV_X1)
                                         I11360 (net)
                  0.06    0.00    0.18 ^ U_g8109/A2 (NAND2_X1)
     1    1.07    0.02    0.02    0.20 v U_g8109/ZN (NAND2_X1)
                                         g8109 (net)
                  0.02    0.00    0.20 v U_g8289/A2 (AND3_X1)
     1    2.18    0.01    0.04    0.24 v U_g8289/ZN (AND3_X1)
                                         g8289 (net)
                  0.01    0.00    0.24 v U_g8465/A (INV_X1)
     3    6.30    0.02    0.02    0.26 ^ U_g8465/ZN (INV_X1)
                                         g8465 (net)
                  0.02    0.00    0.26 ^ U_g8617/A (INV_X1)
     4    7.79    0.01    0.02    0.28 v U_g8617/ZN (INV_X1)
                                         g8617 (net)
                  0.01    0.00    0.28 v U_g8744/A1 (NAND3_X1)
     1    2.87    0.01    0.02    0.30 ^ U_g8744/ZN (NAND3_X1)
                                         g8744 (net)
                  0.01    0.00    0.30 ^ U_g8828/A (INV_X1)
     8   11.23    0.01    0.02    0.33 v U_g8828/ZN (INV_X1)
                                         g8828 (net)
                  0.01    0.00    0.33 v U_g8960/A3 (AND3_X1)
     1    2.78    0.01    0.04    0.37 v U_g8960/ZN (AND3_X1)
                                         g8960 (net)
                  0.01    0.00    0.37 v U_g9223/A2 (AND2_X2)
    10   15.16    0.01    0.04    0.40 v U_g9223/ZN (AND2_X2)
                                         g9223 (net)
                  0.01    0.00    0.40 v U_g9388/A2 (OR2_X1)
     1    2.28    0.01    0.05    0.46 v U_g9388/ZN (OR2_X1)
                                         g9388 (net)
                  0.01    0.00    0.46 v U_g9785/A3 (OR4_X1)
    14   22.04    0.04    0.16    0.61 v U_g9785/ZN (OR4_X1)
                                         g9785 (net)
                  0.04    0.00    0.61 v U_I15048/A4 (OR4_X1)
     2    5.08    0.02    0.14    0.75 v U_I15048/ZN (OR4_X1)
                                         I15048 (net)
                  0.02    0.00    0.75 v U_g9877/A4 (NOR4_X1)
     1    2.36    0.05    0.09    0.84 ^ U_g9877/ZN (NOR4_X1)
                                         g9877 (net)
                  0.05    0.00    0.84 ^ U_I15220/A4 (OR4_X1)
     1    1.86    0.01    0.04    0.88 ^ U_I15220/ZN (OR4_X1)
                                         I15220 (net)
                  0.01    0.00    0.88 ^ U_g10019/A2 (OR2_X1)
     6   10.87    0.03    0.05    0.93 ^ U_g10019/ZN (OR2_X1)
                                         g10019 (net)
                  0.03    0.00    0.93 ^ U_I15500/A (INV_X1)
     5    8.00    0.01    0.02    0.95 v U_I15500/ZN (INV_X1)
                                         I15500 (net)
                  0.01    0.00    0.95 v U_g10438/A1 (NOR2_X1)
     6   14.29    0.07    0.09    1.04 ^ U_g10438/ZN (NOR2_X1)
                                         g10438 (net)
                  0.07    0.00    1.04 ^ U_I16072/A2 (NAND2_X1)
     2    5.33    0.02    0.03    1.07 v U_I16072/ZN (NAND2_X1)
                                         I16072 (net)
                  0.02    0.00    1.07 v U_I16074/A2 (NAND2_X1)
     1    3.01    0.02    0.03    1.10 ^ U_I16074/ZN (NAND2_X1)
                                         I16074 (net)
                  0.02    0.00    1.10 ^ U_g10481/A2 (NAND2_X1)
     1    1.43    0.01    0.01    1.11 v U_g10481/ZN (NAND2_X1)
                                         g10481 (net)
                  0.01    0.00    1.11 v U_I16160/A4 (OR4_X1)
     1    2.24    0.02    0.12    1.23 v U_I16160/ZN (OR4_X1)
                                         I16160 (net)
                  0.02    0.00    1.23 v U_g10529/A1 (OR2_X1)
     1    3.20    0.01    0.05    1.28 v U_g10529/ZN (OR2_X1)
                                         g10529 (net)
                  0.01    0.00    1.28 v U_g10562/A2 (NOR2_X1)
     1    2.69    0.02    0.03    1.32 ^ U_g10562/ZN (NOR2_X1)
                                         g10562 (net)
                  0.02    0.00    1.32 ^ U_g10702/A1 (OR2_X2)
    24   42.38    0.05    0.07    1.38 ^ U_g10702/ZN (OR2_X2)
                                         g10702 (net)
                  0.05    0.01    1.39 ^ FE_OFC10_g10702/A (INV_X1)
     4    5.46    0.02    0.02    1.41 v FE_OFC10_g10702/ZN (INV_X1)
                                         FE_OFN10_g10702 (net)
                  0.02    0.00    1.41 v FE_OFC13_g10702/A (INV_X1)
    23   35.50    0.08    0.10    1.51 ^ FE_OFC13_g10702/ZN (INV_X1)
                                         FE_OFN13_g10702 (net)
                  0.08    0.00    1.51 ^ U_g11006/A2 (AND2_X1)
     1    2.46    0.01    0.05    1.56 ^ U_g11006/ZN (AND2_X1)
                                         g11006 (net)
                  0.01    0.00    1.56 ^ U_g11219/A2 (OR2_X1)
     3    5.72    0.02    0.04    1.59 ^ U_g11219/ZN (OR2_X1)
                                         g11219 (net)
                  0.02    0.00    1.59 ^ U_I17281/A2 (NAND2_X1)
     2    3.49    0.01    0.02    1.61 v U_I17281/ZN (NAND2_X1)
                                         I17281 (net)
                  0.01    0.00    1.61 v U_I17283/A2 (NAND2_X1)
     1    2.94    0.01    0.02    1.63 ^ U_I17283/ZN (NAND2_X1)
                                         I17283 (net)
                  0.01    0.00    1.63 ^ U_g11414/A2 (NAND2_X1)
     2    4.66    0.01    0.02    1.65 v U_g11414/ZN (NAND2_X1)
                                         g11414 (net)
                  0.01    0.00    1.66 v U_I17393/A2 (NAND2_X1)
     2    4.26    0.01    0.02    1.68 ^ U_I17393/ZN (NAND2_X1)
                                         I17393 (net)
                  0.01    0.00    1.68 ^ U_I17395/A2 (NAND2_X1)
     1    2.74    0.01    0.02    1.70 v U_I17395/ZN (NAND2_X1)
                                         I17395 (net)
                  0.01    0.00    1.70 v U_g11448/A2 (NAND2_X1)
     2    5.28    0.02    0.03    1.72 ^ U_g11448/ZN (NAND2_X1)
                                         g11448 (net)
                  0.02    0.00    1.72 ^ U_I17459/A2 (NAND2_X1)
     2    5.14    0.01    0.02    1.75 v U_I17459/ZN (NAND2_X1)
                                         I17459 (net)
                  0.01    0.00    1.75 v U_I17461/A2 (NAND2_X1)
     1    3.77    0.01    0.02    1.77 ^ U_I17461/ZN (NAND2_X1)
                                         I17461 (net)
                  0.01    0.00    1.77 ^ U_g11474/A2 (NAND2_X1)
     2    5.14    0.01    0.02    1.79 v U_g11474/ZN (NAND2_X1)
                                         g11474 (net)
                  0.01    0.00    1.79 v U_I17485/A2 (NAND2_X1)
     2    4.72    0.02    0.03    1.82 ^ U_I17485/ZN (NAND2_X1)
                                         I17485 (net)
                  0.02    0.00    1.82 ^ U_I17487/A2 (NAND2_X1)
     1    2.65    0.01    0.02    1.84 v U_I17487/ZN (NAND2_X1)
                                         I17487 (net)
                  0.01    0.00    1.84 v U_g11490/A2 (NAND2_X1)
     1    3.05    0.01    0.02    1.86 ^ U_g11490/ZN (NAND2_X1)
                                         g11490 (net)
                  0.01    0.00    1.86 ^ U_g11515/A (INV_X1)
     3    5.34    0.01    0.01    1.87 v U_g11515/ZN (INV_X1)
                                         g11515 (net)
                  0.01    0.00    1.87 v U_g11544/A1 (AND2_X1)
     1    1.13    0.01    0.03    1.90 v U_g11544/ZN (AND2_X1)
                                         g11544 (net)
                  0.01    0.00    1.90 v U_g11580/A2 (OR2_X1)
     1    1.89    0.01    0.05    1.95 v U_g11580/ZN (OR2_X1)
                                         g11580 (net)
                  0.01    0.00    1.95 v U_g11596/A (INV_X1)
     1    1.18    0.01    0.01    1.96 ^ U_g11596/ZN (INV_X1)
                                         g11596 (net)
                  0.01    0.00    1.96 ^ U_g11637/A1 (AND2_X1)
     1    1.84    0.01    0.03    1.99 ^ U_g11637/ZN (AND2_X1)
                                         g11637 (net)
                  0.01    0.00    1.99 ^ U_g11647/A2 (OR2_X1)
     1    1.91    0.01    0.02    2.01 ^ U_g11647/ZN (OR2_X1)
                                         g11647 (net)
                  0.01    0.00    2.01 ^ U_g336/D (SDFF_X1)
                                  2.01   data arrival time

                         10.00   10.00   clock clk (rise edge)
                          0.00   10.00   clock source latency
     1   16.32    0.00    0.00   10.00 ^ CK (in)
                                         CK (net)
                  0.00    0.00   10.00 ^ clkbuf_0_CK/A (CLKBUF_X3)
     8   39.69    0.03    0.06   10.06 ^ clkbuf_0_CK/Z (CLKBUF_X3)
                                         clknet_0_CK (net)
                  0.03    0.00   10.06 ^ clkbuf_3_4__f_CK/A (CLKBUF_X3)
    14   38.37    0.03    0.07   10.13 ^ clkbuf_3_4__f_CK/Z (CLKBUF_X3)
                                         clknet_3_4__leaf_CK (net)
                  0.03    0.00   10.13 ^ clkbuf_leaf_14_CK/A (CLKBUF_X3)
     9   11.84    0.01    0.05   10.17 ^ clkbuf_leaf_14_CK/Z (CLKBUF_X3)
                                         clknet_leaf_14_CK (net)
                  0.01    0.00   10.17 ^ U_g336/CK (SDFF_X1)
                          0.00   10.17   clock reconvergence pessimism
                         -0.07   10.10   library setup time
                                 10.10   data required time
-----------------------------------------------------------------------------
                                 10.10   data required time
                                 -2.01   data arrival time
-----------------------------------------------------------------------------
                                  8.09   slack (MET)



==========================================================================
global route report_checks -unconstrained
--------------------------------------------------------------------------
Startpoint: g48 (input port clocked by clk)
Endpoint: U_g336 (rising edge-triggered flip-flop clocked by clk)
Path Group: clk
Path Type: max

Fanout     Cap    Slew   Delay    Time   Description
-----------------------------------------------------------------------------
                          0.00    0.00   clock clk (rise edge)
                          0.00    0.00   clock network delay (propagated)
                          0.00    0.00 v input external delay
     1    1.35    0.00    0.00    0.00 v g48 (in)
                                         g48 (net)
                  0.00    0.00    0.00 v input38/A (BUF_X1)
    14   35.79    0.04    0.06    0.06 v input38/Z (BUF_X1)
                                         net38 (net)
                  0.04    0.00    0.07 v U_g6351/A2 (AND2_X1)
     1    1.84    0.01    0.05    0.11 v U_g6351/ZN (AND2_X1)
                                         g6351 (net)
                  0.01    0.00    0.11 v U_I11360/A (INV_X1)
    16   26.84    0.06    0.07    0.18 ^ U_I11360/ZN (INV_X1)
                                         I11360 (net)
                  0.06    0.00    0.18 ^ U_g8109/A2 (NAND2_X1)
     1    1.07    0.02    0.02    0.20 v U_g8109/ZN (NAND2_X1)
                                         g8109 (net)
                  0.02    0.00    0.20 v U_g8289/A2 (AND3_X1)
     1    2.18    0.01    0.04    0.24 v U_g8289/ZN (AND3_X1)
                                         g8289 (net)
                  0.01    0.00    0.24 v U_g8465/A (INV_X1)
     3    6.30    0.02    0.02    0.26 ^ U_g8465/ZN (INV_X1)
                                         g8465 (net)
                  0.02    0.00    0.26 ^ U_g8617/A (INV_X1)
     4    7.79    0.01    0.02    0.28 v U_g8617/ZN (INV_X1)
                                         g8617 (net)
                  0.01    0.00    0.28 v U_g8744/A1 (NAND3_X1)
     1    2.87    0.01    0.02    0.30 ^ U_g8744/ZN (NAND3_X1)
                                         g8744 (net)
                  0.01    0.00    0.30 ^ U_g8828/A (INV_X1)
     8   11.23    0.01    0.02    0.33 v U_g8828/ZN (INV_X1)
                                         g8828 (net)
                  0.01    0.00    0.33 v U_g8960/A3 (AND3_X1)
     1    2.78    0.01    0.04    0.37 v U_g8960/ZN (AND3_X1)
                                         g8960 (net)
                  0.01    0.00    0.37 v U_g9223/A2 (AND2_X2)
    10   15.16    0.01    0.04    0.40 v U_g9223/ZN (AND2_X2)
                                         g9223 (net)
                  0.01    0.00    0.40 v U_g9388/A2 (OR2_X1)
     1    2.28    0.01    0.05    0.46 v U_g9388/ZN (OR2_X1)
                                         g9388 (net)
                  0.01    0.00    0.46 v U_g9785/A3 (OR4_X1)
    14   22.04    0.04    0.16    0.61 v U_g9785/ZN (OR4_X1)
                                         g9785 (net)
                  0.04    0.00    0.61 v U_I15048/A4 (OR4_X1)
     2    5.08    0.02    0.14    0.75 v U_I15048/ZN (OR4_X1)
                                         I15048 (net)
                  0.02    0.00    0.75 v U_g9877/A4 (NOR4_X1)
     1    2.36    0.05    0.09    0.84 ^ U_g9877/ZN (NOR4_X1)
                                         g9877 (net)
                  0.05    0.00    0.84 ^ U_I15220/A4 (OR4_X1)
     1    1.86    0.01    0.04    0.88 ^ U_I15220/ZN (OR4_X1)
                                         I15220 (net)
                  0.01    0.00    0.88 ^ U_g10019/A2 (OR2_X1)
     6   10.87    0.03    0.05    0.93 ^ U_g10019/ZN (OR2_X1)
                                         g10019 (net)
                  0.03    0.00    0.93 ^ U_I15500/A (INV_X1)
     5    8.00    0.01    0.02    0.95 v U_I15500/ZN (INV_X1)
                                         I15500 (net)
                  0.01    0.00    0.95 v U_g10438/A1 (NOR2_X1)
     6   14.29    0.07    0.09    1.04 ^ U_g10438/ZN (NOR2_X1)
                                         g10438 (net)
                  0.07    0.00    1.04 ^ U_I16072/A2 (NAND2_X1)
     2    5.33    0.02    0.03    1.07 v U_I16072/ZN (NAND2_X1)
                                         I16072 (net)
                  0.02    0.00    1.07 v U_I16074/A2 (NAND2_X1)
     1    3.01    0.02    0.03    1.10 ^ U_I16074/ZN (NAND2_X1)
                                         I16074 (net)
                  0.02    0.00    1.10 ^ U_g10481/A2 (NAND2_X1)
     1    1.43    0.01    0.01    1.11 v U_g10481/ZN (NAND2_X1)
                                         g10481 (net)
                  0.01    0.00    1.11 v U_I16160/A4 (OR4_X1)
     1    2.24    0.02    0.12    1.23 v U_I16160/ZN (OR4_X1)
                                         I16160 (net)
                  0.02    0.00    1.23 v U_g10529/A1 (OR2_X1)
     1    3.20    0.01    0.05    1.28 v U_g10529/ZN (OR2_X1)
                                         g10529 (net)
                  0.01    0.00    1.28 v U_g10562/A2 (NOR2_X1)
     1    2.69    0.02    0.03    1.32 ^ U_g10562/ZN (NOR2_X1)
                                         g10562 (net)
                  0.02    0.00    1.32 ^ U_g10702/A1 (OR2_X2)
    24   42.38    0.05    0.07    1.38 ^ U_g10702/ZN (OR2_X2)
                                         g10702 (net)
                  0.05    0.01    1.39 ^ FE_OFC10_g10702/A (INV_X1)
     4    5.46    0.02    0.02    1.41 v FE_OFC10_g10702/ZN (INV_X1)
                                         FE_OFN10_g10702 (net)
                  0.02    0.00    1.41 v FE_OFC13_g10702/A (INV_X1)
    23   35.50    0.08    0.10    1.51 ^ FE_OFC13_g10702/ZN (INV_X1)
                                         FE_OFN13_g10702 (net)
                  0.08    0.00    1.51 ^ U_g11006/A2 (AND2_X1)
     1    2.46    0.01    0.05    1.56 ^ U_g11006/ZN (AND2_X1)
                                         g11006 (net)
                  0.01    0.00    1.56 ^ U_g11219/A2 (OR2_X1)
     3    5.72    0.02    0.04    1.59 ^ U_g11219/ZN (OR2_X1)
                                         g11219 (net)
                  0.02    0.00    1.59 ^ U_I17281/A2 (NAND2_X1)
     2    3.49    0.01    0.02    1.61 v U_I17281/ZN (NAND2_X1)
                                         I17281 (net)
                  0.01    0.00    1.61 v U_I17283/A2 (NAND2_X1)
     1    2.94    0.01    0.02    1.63 ^ U_I17283/ZN (NAND2_X1)
                                         I17283 (net)
                  0.01    0.00    1.63 ^ U_g11414/A2 (NAND2_X1)
     2    4.66    0.01    0.02    1.65 v U_g11414/ZN (NAND2_X1)
                                         g11414 (net)
                  0.01    0.00    1.66 v U_I17393/A2 (NAND2_X1)
     2    4.26    0.01    0.02    1.68 ^ U_I17393/ZN (NAND2_X1)
                                         I17393 (net)
                  0.01    0.00    1.68 ^ U_I17395/A2 (NAND2_X1)
     1    2.74    0.01    0.02    1.70 v U_I17395/ZN (NAND2_X1)
                                         I17395 (net)
                  0.01    0.00    1.70 v U_g11448/A2 (NAND2_X1)
     2    5.28    0.02    0.03    1.72 ^ U_g11448/ZN (NAND2_X1)
                                         g11448 (net)
                  0.02    0.00    1.72 ^ U_I17459/A2 (NAND2_X1)
     2    5.14    0.01    0.02    1.75 v U_I17459/ZN (NAND2_X1)
                                         I17459 (net)
                  0.01    0.00    1.75 v U_I17461/A2 (NAND2_X1)
     1    3.77    0.01    0.02    1.77 ^ U_I17461/ZN (NAND2_X1)
                                         I17461 (net)
                  0.01    0.00    1.77 ^ U_g11474/A2 (NAND2_X1)
     2    5.14    0.01    0.02    1.79 v U_g11474/ZN (NAND2_X1)
                                         g11474 (net)
                  0.01    0.00    1.79 v U_I17485/A2 (NAND2_X1)
     2    4.72    0.02    0.03    1.82 ^ U_I17485/ZN (NAND2_X1)
                                         I17485 (net)
                  0.02    0.00    1.82 ^ U_I17487/A2 (NAND2_X1)
     1    2.65    0.01    0.02    1.84 v U_I17487/ZN (NAND2_X1)
                                         I17487 (net)
                  0.01    0.00    1.84 v U_g11490/A2 (NAND2_X1)
     1    3.05    0.01    0.02    1.86 ^ U_g11490/ZN (NAND2_X1)
                                         g11490 (net)
                  0.01    0.00    1.86 ^ U_g11515/A (INV_X1)
     3    5.34    0.01    0.01    1.87 v U_g11515/ZN (INV_X1)
                                         g11515 (net)
                  0.01    0.00    1.87 v U_g11544/A1 (AND2_X1)
     1    1.13    0.01    0.03    1.90 v U_g11544/ZN (AND2_X1)
                                         g11544 (net)
                  0.01    0.00    1.90 v U_g11580/A2 (OR2_X1)
     1    1.89    0.01    0.05    1.95 v U_g11580/ZN (OR2_X1)
                                         g11580 (net)
                  0.01    0.00    1.95 v U_g11596/A (INV_X1)
     1    1.18    0.01    0.01    1.96 ^ U_g11596/ZN (INV_X1)
                                         g11596 (net)
                  0.01    0.00    1.96 ^ U_g11637/A1 (AND2_X1)
     1    1.84    0.01    0.03    1.99 ^ U_g11637/ZN (AND2_X1)
                                         g11637 (net)
                  0.01    0.00    1.99 ^ U_g11647/A2 (OR2_X1)
     1    1.91    0.01    0.02    2.01 ^ U_g11647/ZN (OR2_X1)
                                         g11647 (net)
                  0.01    0.00    2.01 ^ U_g336/D (SDFF_X1)
                                  2.01   data arrival time

                         10.00   10.00   clock clk (rise edge)
                          0.00   10.00   clock source latency
     1   16.32    0.00    0.00   10.00 ^ CK (in)
                                         CK (net)
                  0.00    0.00   10.00 ^ clkbuf_0_CK/A (CLKBUF_X3)
     8   39.69    0.03    0.06   10.06 ^ clkbuf_0_CK/Z (CLKBUF_X3)
                                         clknet_0_CK (net)
                  0.03    0.00   10.06 ^ clkbuf_3_4__f_CK/A (CLKBUF_X3)
    14   38.37    0.03    0.07   10.13 ^ clkbuf_3_4__f_CK/Z (CLKBUF_X3)
                                         clknet_3_4__leaf_CK (net)
                  0.03    0.00   10.13 ^ clkbuf_leaf_14_CK/A (CLKBUF_X3)
     9   11.84    0.01    0.05   10.17 ^ clkbuf_leaf_14_CK/Z (CLKBUF_X3)
                                         clknet_leaf_14_CK (net)
                  0.01    0.00   10.17 ^ U_g336/CK (SDFF_X1)
                          0.00   10.17   clock reconvergence pessimism
                         -0.07   10.10   library setup time
                                 10.10   data required time
-----------------------------------------------------------------------------
                                 10.10   data required time
                                 -2.01   data arrival time
-----------------------------------------------------------------------------
                                  8.09   slack (MET)



==========================================================================
global route report_check_types -max_slew -max_cap -max_fanout -violators
--------------------------------------------------------------------------

==========================================================================
global route max_slew_check_slack
--------------------------------------------------------------------------
0.08938776701688766

==========================================================================
global route max_slew_check_limit
--------------------------------------------------------------------------
0.1985349953174591

==========================================================================
global route max_slew_check_slack_limit
--------------------------------------------------------------------------
0.4502

==========================================================================
global route max_fanout_check_slack
--------------------------------------------------------------------------
1.0000000150474662e+30

==========================================================================
global route max_fanout_check_limit
--------------------------------------------------------------------------
1.0000000150474662e+30

==========================================================================
global route max_capacitance_check_slack
--------------------------------------------------------------------------
4.456657886505127

==========================================================================
global route max_capacitance_check_limit
--------------------------------------------------------------------------
10.47130012512207

==========================================================================
global route max_capacitance_check_slack_limit
--------------------------------------------------------------------------
0.4256

==========================================================================
global route max_slew_violation_count
--------------------------------------------------------------------------
max slew violation count 0

==========================================================================
global route max_fanout_violation_count
--------------------------------------------------------------------------
max fanout violation count 0

==========================================================================
global route max_cap_violation_count
--------------------------------------------------------------------------
max cap violation count 0

==========================================================================
global route setup_violation_count
--------------------------------------------------------------------------
setup violation count 0

==========================================================================
global route hold_violation_count
--------------------------------------------------------------------------
hold violation count 0

==========================================================================
global route report_checks -path_delay max reg to reg
--------------------------------------------------------------------------
Startpoint: U_g928 (rising edge-triggered flip-flop clocked by clk)
Endpoint: U_g336 (rising edge-triggered flip-flop clocked by clk)
Path Group: clk
Path Type: max

  Delay    Time   Description
---------------------------------------------------------
   0.00    0.00   clock clk (rise edge)
   0.00    0.00   clock source latency
   0.00    0.00 ^ CK (in)
   0.06    0.06 ^ clkbuf_0_CK/Z (CLKBUF_X3)
   0.07    0.12 ^ clkbuf_3_2__f_CK/Z (CLKBUF_X3)
   0.04    0.17 ^ clkbuf_leaf_64_CK/Z (CLKBUF_X3)
   0.00    0.17 ^ U_g928/CK (SDFF_X1)
   0.08    0.25 v U_g928/Q (SDFF_X1)
   0.03    0.28 v U_g9596/ZN (AND2_X1)
   0.12    0.40 v U_I14855/ZN (OR4_X1)
   0.12    0.52 v U_g9722/ZN (OR4_X1)
   0.04    0.55 v U_g9828/ZN (AND2_X1)
   0.12    0.67 v U_I15199/ZN (OR4_X1)
   0.07    0.73 v U_g9995/ZN (OR2_X1)
   0.04    0.78 ^ U_I15503/ZN (INV_X1)
   0.03    0.81 v U_g10430/ZN (NOR2_X1)
   0.03    0.84 ^ U_I16032/ZN (NAND2_X1)
   0.01    0.85 v U_g10475/ZN (NAND2_X1)
   0.11    0.96 v U_I16161/ZN (OR4_X1)
   0.06    1.02 v U_g10529/ZN (OR2_X1)
   0.03    1.05 ^ U_g10562/ZN (NOR2_X1)
   0.07    1.12 ^ U_g10702/ZN (OR2_X2)
   0.03    1.15 v FE_OFC10_g10702/ZN (INV_X1)
   0.10    1.25 ^ FE_OFC13_g10702/ZN (INV_X1)
   0.05    1.30 ^ U_g11006/ZN (AND2_X1)
   0.04    1.33 ^ U_g11219/ZN (OR2_X1)
   0.02    1.35 v U_I17281/ZN (NAND2_X1)
   0.02    1.37 ^ U_I17283/ZN (NAND2_X1)
   0.02    1.39 v U_g11414/ZN (NAND2_X1)
   0.02    1.42 ^ U_I17393/ZN (NAND2_X1)
   0.02    1.43 v U_I17395/ZN (NAND2_X1)
   0.03    1.46 ^ U_g11448/ZN (NAND2_X1)
   0.02    1.48 v U_I17459/ZN (NAND2_X1)
   0.02    1.51 ^ U_I17461/ZN (NAND2_X1)
   0.02    1.53 v U_g11474/ZN (NAND2_X1)
   0.03    1.55 ^ U_I17485/ZN (NAND2_X1)
   0.02    1.57 v U_I17487/ZN (NAND2_X1)
   0.02    1.59 ^ U_g11490/ZN (NAND2_X1)
   0.01    1.61 v U_g11515/ZN (INV_X1)
   0.03    1.63 v U_g11544/ZN (AND2_X1)
   0.05    1.68 v U_g11580/ZN (OR2_X1)
   0.01    1.69 ^ U_g11596/ZN (INV_X1)
   0.03    1.72 ^ U_g11637/ZN (AND2_X1)
   0.02    1.75 ^ U_g11647/ZN (OR2_X1)
   0.00    1.75 ^ U_g336/D (SDFF_X1)
           1.75   data arrival time

  10.00   10.00   clock clk (rise edge)
   0.00   10.00   clock source latency
   0.00   10.00 ^ CK (in)
   0.06   10.06 ^ clkbuf_0_CK/Z (CLKBUF_X3)
   0.07   10.13 ^ clkbuf_3_4__f_CK/Z (CLKBUF_X3)
   0.05   10.17 ^ clkbuf_leaf_14_CK/Z (CLKBUF_X3)
   0.00   10.17 ^ U_g336/CK (SDFF_X1)
   0.00   10.17   clock reconvergence pessimism
  -0.07   10.10   library setup time
          10.10   data required time
---------------------------------------------------------
          10.10   data required time
          -1.75   data arrival time
---------------------------------------------------------
           8.36   slack (MET)



==========================================================================
global route report_checks -path_delay min reg to reg
--------------------------------------------------------------------------
Startpoint: U_g126 (rising edge-triggered flip-flop clocked by clk)
Endpoint: U_g378 (rising edge-triggered flip-flop clocked by clk)
Path Group: clk
Path Type: min

  Delay    Time   Description
---------------------------------------------------------
   0.00    0.00   clock clk (rise edge)
   0.00    0.00   clock source latency
   0.00    0.00 ^ CK (in)
   0.06    0.06 ^ clkbuf_0_CK/Z (CLKBUF_X3)
   0.07    0.12 ^ clkbuf_3_2__f_CK/Z (CLKBUF_X3)
   0.04    0.17 ^ clkbuf_leaf_67_CK/Z (CLKBUF_X3)
   0.00    0.17 ^ U_g126/CK (SDFF_X1)
   0.07    0.24 ^ U_g126/Q (SDFF_X1)
   0.00    0.24 ^ U_g378/SI (SDFF_X1)
           0.24   data arrival time

   0.00    0.00   clock clk (rise edge)
   0.00    0.00   clock source latency
   0.00    0.00 ^ CK (in)
   0.06    0.06 ^ clkbuf_0_CK/Z (CLKBUF_X3)
   0.07    0.12 ^ clkbuf_3_1__f_CK/Z (CLKBUF_X3)
   0.05    0.17 ^ clkbuf_leaf_70_CK/Z (CLKBUF_X3)
   0.00    0.17 ^ U_g378/CK (SDFF_X1)
   0.00    0.17   clock reconvergence pessimism
  -0.01    0.16   library hold time
           0.16   data required time
---------------------------------------------------------
           0.16   data required time
          -0.24   data arrival time
---------------------------------------------------------
           0.08   slack (MET)



==========================================================================
global route critical path target clock latency max path
--------------------------------------------------------------------------
0.1733

==========================================================================
global route critical path target clock latency min path
--------------------------------------------------------------------------
0.1729

==========================================================================
global route critical path source clock latency min path
--------------------------------------------------------------------------
0.0000

==========================================================================
global route critical path delay
--------------------------------------------------------------------------
2.0118

==========================================================================
global route critical path slack
--------------------------------------------------------------------------
8.0927

==========================================================================
global route slack div critical path delay
--------------------------------------------------------------------------
402.261656

==========================================================================
global route report_power
--------------------------------------------------------------------------
Group                  Internal  Switching    Leakage      Total
                          Power      Power      Power      Power (Watts)
----------------------------------------------------------------
Sequential             5.39e-04   1.42e-04   5.00e-05   7.31e-04  42.9%
Combinational          3.02e-04   2.96e-04   1.01e-04   7.00e-04  41.1%
Clock                  1.19e-04   1.49e-04   4.28e-06   2.73e-04  16.0%
Macro                  0.00e+00   0.00e+00   0.00e+00   0.00e+00   0.0%
Pad                    0.00e+00   0.00e+00   0.00e+00   0.00e+00   0.0%
----------------------------------------------------------------
Total                  9.60e-04   5.87e-04   1.55e-04   1.70e-03 100.0%
                          56.4%      34.5%       9.1%
