OpenROAD 26Q2-1164-g08f67ee5ec 
Features included (+) or not (-): +GPU +GUI +Python
This program is licensed under the BSD-3 license. See the LICENSE file for details.
Components of this program may be licensed under more restrictive licenses which must be honored.
[INFO ORD-0030] Using 4 thread(s).
read_liberty /root/pact-deps/OpenROAD-flow-scripts/flow/platforms/nangate45/lib/NangateOpenCellLibrary_typical.lib
read_db /mnt/c/Users/Abhinav/OneDrive/Desktop/PACT/PACT/results/phase2d_independent_gp/raw/orfs/results/nangate45/s5378/phase2c_s29_8ec6dc6070b5/5_1_grt.odb
read_sdc /mnt/c/Users/Abhinav/OneDrive/Desktop/PACT/PACT/results/phase2d_independent_gp/raw/orfs/results/nangate45/s5378/phase2c_s29_8ec6dc6070b5/5_1_grt.sdc
source /root/pact-deps/OpenROAD-flow-scripts/flow/platforms/nangate45/setRC.tcl
detailed_route -output_drc /mnt/c/Users/Abhinav/OneDrive/Desktop/PACT/PACT/results/phase2d_independent_gp/raw/orfs/reports/nangate45/s5378/phase2c_s29_8ec6dc6070b5/5_route_drc.rpt -output_maze /mnt/c/Users/Abhinav/OneDrive/Desktop/PACT/PACT/results/phase2d_independent_gp/raw/orfs/results/nangate45/s5378/phase2c_s29_8ec6dc6070b5/maze.log -droute_end_iter 64 -verbose 1 -drc_report_iter_step 5
[INFO DRT-0149] Reading tech and libs.

Units:                2000
Number of layers:     21
Number of macros:     135
Number of vias:       33
Number of viarulegen: 19

[INFO DRT-0150] Reading design.

Design:                   s5378
Die area:                 ( 0 0 ) ( 171970 171970 )
Number of track patterns: 20
Number of DEF vias:       0
Number of components:     2091
Number of terminals:      92
Number of snets:          2
Number of nets:           1997

[INFO DRT-0167] List of default vias:
  Layer via2
    default via: via2_5
  Layer via3
    default via: via3_2
  Layer via4
    default via: via4_0
  Layer via5
    default via: via5_0
  Layer via6
    default via: via6_0
  Layer via7
    default via: via7_0
  Layer via8
    default via: via8_0
  Layer via9
    default via: via9_0
[INFO DRT-0162] Library cell analysis.
[INFO DRT-0163] Instance analysis.
[INFO DRT-0164] Number of unique instances = 32.
[INFO DRT-0168] Init region query.
[INFO DRT-0024]   Complete active.
[INFO DRT-0024]   Complete Fr_VIA.
[INFO DRT-0024]   Complete metal1.
[INFO DRT-0024]   Complete via1.
[INFO DRT-0024]   Complete metal2.
[INFO DRT-0024]   Complete via2.
[INFO DRT-0024]   Complete metal3.
[INFO DRT-0024]   Complete via3.
[INFO DRT-0024]   Complete metal4.
[INFO DRT-0024]   Complete via4.
[INFO DRT-0024]   Complete metal5.
[INFO DRT-0024]   Complete via5.
[INFO DRT-0024]   Complete metal6.
[INFO DRT-0024]   Complete via6.
[INFO DRT-0024]   Complete metal7.
[INFO DRT-0024]   Complete via7.
[INFO DRT-0024]   Complete metal8.
[INFO DRT-0024]   Complete via8.
[INFO DRT-0024]   Complete metal9.
[INFO DRT-0024]   Complete via9.
[INFO DRT-0024]   Complete metal10.
[INFO DRT-0033] active shape region query size = 0.
[INFO DRT-0033] FR_VIA shape region query size = 0.
[INFO DRT-0033] metal1 shape region query size = 29330.
[INFO DRT-0033] via1 shape region query size = 270.
[INFO DRT-0033] metal2 shape region query size = 180.
[INFO DRT-0033] via2 shape region query size = 270.
[INFO DRT-0033] metal3 shape region query size = 180.
[INFO DRT-0033] via3 shape region query size = 270.
[INFO DRT-0033] metal4 shape region query size = 102.
[INFO DRT-0033] via4 shape region query size = 90.
[INFO DRT-0033] metal5 shape region query size = 75.
[INFO DRT-0033] via5 shape region query size = 90.
[INFO DRT-0033] metal6 shape region query size = 51.
[INFO DRT-0033] via6 shape region query size = 36.
[INFO DRT-0033] metal7 shape region query size = 21.
[INFO DRT-0033] via7 shape region query size = 0.
[INFO DRT-0033] metal8 shape region query size = 0.
[INFO DRT-0033] via8 shape region query size = 0.
[INFO DRT-0033] metal9 shape region query size = 0.
[INFO DRT-0033] via9 shape region query size = 0.
[INFO DRT-0033] metal10 shape region query size = 0.
[INFO DRT-0165] Start pin access.
[INFO DRT-0078]   Complete 152 pins.
[INFO DRT-0081]   Complete 32 unique inst patterns.
[INFO DRT-0084]   Complete 1055 groups.
#scanned instances     = 2091
#unique  instances     = 32
#stdCellGenAp          = 613
#stdCellValidPlanarAp  = 0
#stdCellValidViaAp     = 487
#stdCellPinNoAp        = 0
#stdCellPinCnt         = 5901
#instTermValidViaApCnt = 0
#macroGenAp            = 0
#macroValidPlanarAp    = 0
#macroValidViaAp       = 0
#macroNoAp             = 0
[INFO DRT-0166] Complete pin access.
[INFO DRT-0267] cpu time = 00:00:15, elapsed time = 00:00:03, memory = 261.56 (MB), peak = 261.21 (MB)

[INFO DRT-0157] Number of guides:     12842

[INFO DRT-0169] Post process guides.
[INFO DRT-0176] GCELLGRID X 0 DO 30 STEP 5700 ;
[INFO DRT-0177] GCELLGRID Y 0 DO 30 STEP 5700 ;
[INFO DRT-0028]   Complete active.
[INFO DRT-0028]   Complete Fr_VIA.
[INFO DRT-0028]   Complete metal1.
[INFO DRT-0028]   Complete via1.
[INFO DRT-0028]   Complete metal2.
[INFO DRT-0028]   Complete via2.
[INFO DRT-0028]   Complete metal3.
[INFO DRT-0028]   Complete via3.
[INFO DRT-0028]   Complete metal4.
[INFO DRT-0028]   Complete via4.
[INFO DRT-0028]   Complete metal5.
[INFO DRT-0028]   Complete via5.
[INFO DRT-0028]   Complete metal6.
[INFO DRT-0028]   Complete via6.
[INFO DRT-0028]   Complete metal7.
[INFO DRT-0028]   Complete via7.
[INFO DRT-0028]   Complete metal8.
[INFO DRT-0028]   Complete via8.
[INFO DRT-0028]   Complete metal9.
[INFO DRT-0028]   Complete via9.
[INFO DRT-0028]   Complete metal10.
[INFO DRT-0178] Init guide query.
[INFO DRT-0035]   Complete active (guide).
[INFO DRT-0035]   Complete Fr_VIA (guide).
[INFO DRT-0035]   Complete metal1 (guide).
[INFO DRT-0035]   Complete via1 (guide).
[INFO DRT-0035]   Complete metal2 (guide).
[INFO DRT-0035]   Complete via2 (guide).
[INFO DRT-0035]   Complete metal3 (guide).
[INFO DRT-0035]   Complete via3 (guide).
[INFO DRT-0035]   Complete metal4 (guide).
[INFO DRT-0035]   Complete via4 (guide).
[INFO DRT-0035]   Complete metal5 (guide).
[INFO DRT-0035]   Complete via5 (guide).
[INFO DRT-0035]   Complete metal6 (guide).
[INFO DRT-0035]   Complete via6 (guide).
[INFO DRT-0035]   Complete metal7 (guide).
[INFO DRT-0035]   Complete via7 (guide).
[INFO DRT-0035]   Complete metal8 (guide).
[INFO DRT-0035]   Complete via8 (guide).
[INFO DRT-0035]   Complete metal9 (guide).
[INFO DRT-0035]   Complete via9 (guide).
[INFO DRT-0035]   Complete metal10 (guide).
[INFO DRT-0036] active guide region query size = 0.
[INFO DRT-0036] FR_VIA guide region query size = 0.
[INFO DRT-0036] metal1 guide region query size = 4598.
[INFO DRT-0036] via1 guide region query size = 0.
[INFO DRT-0036] metal2 guide region query size = 3603.
[INFO DRT-0036] via2 guide region query size = 0.
[INFO DRT-0036] metal3 guide region query size = 1865.
[INFO DRT-0036] via3 guide region query size = 0.
[INFO DRT-0036] metal4 guide region query size = 262.
[INFO DRT-0036] via4 guide region query size = 0.
[INFO DRT-0036] metal5 guide region query size = 135.
[INFO DRT-0036] via5 guide region query size = 0.
[INFO DRT-0036] metal6 guide region query size = 42.
[INFO DRT-0036] via6 guide region query size = 0.
[INFO DRT-0036] metal7 guide region query size = 0.
[INFO DRT-0036] via7 guide region query size = 0.
[INFO DRT-0036] metal8 guide region query size = 0.
[INFO DRT-0036] via8 guide region query size = 0.
[INFO DRT-0036] metal9 guide region query size = 0.
[INFO DRT-0036] via9 guide region query size = 0.
[INFO DRT-0036] metal10 guide region query size = 0.
[INFO DRT-0179] Init gr pin query.
[INFO DRT-0267] cpu time = 00:00:00, elapsed time = 00:00:00, memory = 266.23 (MB), peak = 265.96 (MB)
[INFO DRT-0245] skipped writing guide updates to database.
[INFO DRT-0181] Start track assignment.
[INFO DRT-0184] Done with 3907 vertical wires in 1 frboxes and 6598 horizontal wires in 1 frboxes.
[INFO DRT-0186] Done with 972 vertical wires in 1 frboxes and 1096 horizontal wires in 1 frboxes.
[INFO DRT-0182] Complete track assignment.
[INFO DRT-0267] cpu time = 00:00:01, elapsed time = 00:00:00, memory = 303.52 (MB), peak = 303.21 (MB)
[INFO DRT-0187] Start routing data preparation.
[INFO DRT-0267] cpu time = 00:00:00, elapsed time = 00:00:00, memory = 303.59 (MB), peak = 303.21 (MB)
[INFO DRT-0194] Start detail routing.
[INFO DRT-0195] Start 0th optimization iteration.
    Completing 10% with 0 violations.
    elapsed time = 00:00:00, memory = 343.31 (MB).
    Completing 20% with 0 violations.
    elapsed time = 00:00:00, memory = 351.56 (MB).
    Completing 30% with 0 violations.
    elapsed time = 00:00:01, memory = 331.63 (MB).
    Completing 40% with 56 violations.
    elapsed time = 00:00:03, memory = 365.54 (MB).
    Completing 50% with 56 violations.
    elapsed time = 00:00:04, memory = 368.59 (MB).
    Completing 60% with 56 violations.
    elapsed time = 00:00:04, memory = 341.76 (MB).
    Completing 70% with 104 violations.
    elapsed time = 00:00:05, memory = 390.02 (MB).
    Completing 80% with 104 violations.
    elapsed time = 00:00:07, memory = 375.55 (MB).
    Completing 90% with 151 violations.
    elapsed time = 00:00:09, memory = 394.02 (MB).
    Completing 100% with 211 violations.
    elapsed time = 00:00:12, memory = 373.64 (MB).
[INFO DRT-0199]   Number of violations = 285.
Viol/Layer        via1 metal2 metal3 metal4 metal5
Metal Spacing        0     18      0      0      0
Recheck              0     57     15      1      1
Short                1    181     10      0      1
[INFO DRT-0267] cpu time = 00:00:30, elapsed time = 00:00:13, memory = 904.62 (MB), peak = 904.28 (MB)
Total wire length = 19079 um.
Total wire length on LAYER metal1 = 0 um.
Total wire length on LAYER metal2 = 7657 um.
Total wire length on LAYER metal3 = 8308 um.
Total wire length on LAYER metal4 = 2158 um.
Total wire length on LAYER metal5 = 690 um.
Total wire length on LAYER metal6 = 263 um.
Total wire length on LAYER metal7 = 0 um.
Total wire length on LAYER metal8 = 0 um.
Total wire length on LAYER metal9 = 0 um.
Total wire length on LAYER metal10 = 0 um.
Total number of vias = 11505.
Up-via summary (total 11505):

----------------
 active        0
 metal1     5933
 metal2     4997
 metal3      374
 metal4      152
 metal5       49
 metal6        0
 metal7        0
 metal8        0
 metal9        0
----------------
       11505


[INFO DRT-0195] Start 1st optimization iteration.
    Completing 10% with 285 violations.
    elapsed time = 00:00:00, memory = 906.83 (MB).
    Completing 20% with 285 violations.
    elapsed time = 00:00:01, memory = 907.86 (MB).
    Completing 30% with 285 violations.
    elapsed time = 00:00:01, memory = 910.64 (MB).
    Completing 40% with 249 violations.
    elapsed time = 00:00:02, memory = 918.67 (MB).
    Completing 50% with 249 violations.
    elapsed time = 00:00:02, memory = 918.67 (MB).
    Completing 60% with 249 violations.
    elapsed time = 00:00:03, memory = 920.27 (MB).
    Completing 70% with 199 violations.
    elapsed time = 00:00:04, memory = 941.51 (MB).
    Completing 80% with 199 violations.
    elapsed time = 00:00:06, memory = 941.51 (MB).
    Completing 90% with 153 violations.
    elapsed time = 00:00:09, memory = 924.52 (MB).
    Completing 100% with 65 violations.
    elapsed time = 00:00:10, memory = 924.53 (MB).
[INFO DRT-0199]   Number of violations = 65.
Viol/Layer      metal2 metal3
Metal Spacing       10      0
Short               51      4
[INFO DRT-0267] cpu time = 00:00:28, elapsed time = 00:00:10, memory = 927.53 (MB), peak = 941.16 (MB)
Total wire length = 18957 um.
Total wire length on LAYER metal1 = 0 um.
Total wire length on LAYER metal2 = 7616 um.
Total wire length on LAYER metal3 = 8242 um.
Total wire length on LAYER metal4 = 2149 um.
Total wire length on LAYER metal5 = 683 um.
Total wire length on LAYER metal6 = 264 um.
Total wire length on LAYER metal7 = 0 um.
Total wire length on LAYER metal8 = 0 um.
Total wire length on LAYER metal9 = 0 um.
Total wire length on LAYER metal10 = 0 um.
Total number of vias = 11451.
Up-via summary (total 11451):

----------------
 active        0
 metal1     5932
 metal2     4957
 metal3      364
 metal4      149
 metal5       49
 metal6        0
 metal7        0
 metal8        0
 metal9        0
----------------
       11451


[INFO DRT-0195] Start 2nd optimization iteration.
    Completing 10% with 65 violations.
    elapsed time = 00:00:00, memory = 927.53 (MB).
    Completing 20% with 65 violations.
    elapsed time = 00:00:00, memory = 927.53 (MB).
    Completing 30% with 65 violations.
    elapsed time = 00:00:01, memory = 928.94 (MB).
    Completing 40% with 80 violations.
    elapsed time = 00:00:02, memory = 933.08 (MB).
    Completing 50% with 80 violations.
    elapsed time = 00:00:03, memory = 933.08 (MB).
    Completing 60% with 80 violations.
    elapsed time = 00:00:05, memory = 933.09 (MB).
    Completing 70% with 75 violations.
    elapsed time = 00:00:05, memory = 953.99 (MB).
    Completing 80% with 75 violations.
    elapsed time = 00:00:07, memory = 953.99 (MB).
    Completing 90% with 74 violations.
    elapsed time = 00:00:09, memory = 954.16 (MB).
    Completing 100% with 77 violations.
    elapsed time = 00:00:10, memory = 957.40 (MB).
[INFO DRT-0199]   Number of violations = 77.
Viol/Layer      metal2 metal3
Metal Spacing       15      0
Short               57      5
[INFO DRT-0267] cpu time = 00:00:23, elapsed time = 00:00:11, memory = 957.40 (MB), peak = 957.08 (MB)
Total wire length = 18930 um.
Total wire length on LAYER metal1 = 0 um.
Total wire length on LAYER metal2 = 7581 um.
Total wire length on LAYER metal3 = 8254 um.
Total wire length on LAYER metal4 = 2150 um.
Total wire length on LAYER metal5 = 683 um.
Total wire length on LAYER metal6 = 260 um.
Total wire length on LAYER metal7 = 0 um.
Total wire length on LAYER metal8 = 0 um.
Total wire length on LAYER metal9 = 0 um.
Total wire length on LAYER metal10 = 0 um.
Total number of vias = 11448.
Up-via summary (total 11448):

----------------
 active        0
 metal1     5941
 metal2     4942
 metal3      367
 metal4      149
 metal5       49
 metal6        0
 metal7        0
 metal8        0
 metal9        0
----------------
       11448


[INFO DRT-0195] Start 3rd guides tiles iteration.
    Completing 10% with 77 violations.
    elapsed time = 00:00:00, memory = 988.55 (MB).
    Completing 20% with 77 violations.
    elapsed time = 00:00:00, memory = 1054.76 (MB).
    Completing 30% with 77 violations.
    elapsed time = 00:00:17, memory = 980.42 (MB).
    Completing 40% with 10 violations.
    elapsed time = 00:00:17, memory = 980.42 (MB).
    Completing 50% with 10 violations.
    elapsed time = 00:00:17, memory = 980.42 (MB).
    Completing 60% with 10 violations.
    elapsed time = 00:00:17, memory = 980.42 (MB).
    Completing 70% with 10 violations.
    elapsed time = 00:00:18, memory = 1007.02 (MB).
    Completing 80% with 10 violations.
    elapsed time = 00:00:19, memory = 980.42 (MB).
    Completing 90% with 0 violations.
    elapsed time = 00:00:19, memory = 980.42 (MB).
    Completing 100% with 0 violations.
    elapsed time = 00:00:19, memory = 980.42 (MB).
[INFO DRT-0199]   Number of violations = 5.
Viol/Layer      metal2
Recheck              5
[INFO DRT-0267] cpu time = 00:00:21, elapsed time = 00:00:19, memory = 980.42 (MB), peak = 1089.46 (MB)
Total wire length = 18924 um.
Total wire length on LAYER metal1 = 0 um.
Total wire length on LAYER metal2 = 7502 um.
Total wire length on LAYER metal3 = 8264 um.
Total wire length on LAYER metal4 = 2242 um.
Total wire length on LAYER metal5 = 679 um.
Total wire length on LAYER metal6 = 235 um.
Total wire length on LAYER metal7 = 0 um.
Total wire length on LAYER metal8 = 0 um.
Total wire length on LAYER metal9 = 0 um.
Total wire length on LAYER metal10 = 0 um.
Total number of vias = 11521.
Up-via summary (total 11521):

----------------
 active        0
 metal1     5943
 metal2     4975
 metal3      407
 metal4      149
 metal5       47
 metal6        0
 metal7        0
 metal8        0
 metal9        0
----------------
       11521


[INFO DRT-0195] Start 4th guides tiles iteration.
    Completing 30% with 5 violations.
    elapsed time = 00:00:00, memory = 980.42 (MB).
    Completing 60% with 0 violations.
    elapsed time = 00:00:00, memory = 980.42 (MB).
    Completing 100% with 0 violations.
    elapsed time = 00:00:00, memory = 980.42 (MB).
[INFO DRT-0199]   Number of violations = 0.
[INFO DRT-0267] cpu time = 00:00:00, elapsed time = 00:00:00, memory = 980.42 (MB), peak = 1089.46 (MB)
Total wire length = 18924 um.
Total wire length on LAYER metal1 = 0 um.
Total wire length on LAYER metal2 = 7502 um.
Total wire length on LAYER metal3 = 8264 um.
Total wire length on LAYER metal4 = 2242 um.
Total wire length on LAYER metal5 = 679 um.
Total wire length on LAYER metal6 = 235 um.
Total wire length on LAYER metal7 = 0 um.
Total wire length on LAYER metal8 = 0 um.
Total wire length on LAYER metal9 = 0 um.
Total wire length on LAYER metal10 = 0 um.
Total number of vias = 11521.
Up-via summary (total 11521):

----------------
 active        0
 metal1     5943
 metal2     4975
 metal3      407
 metal4      149
 metal5       47
 metal6        0
 metal7        0
 metal8        0
 metal9        0
----------------
       11521


[INFO DRT-0198] Complete detail routing.
Total wire length = 18924 um.
Total wire length on LAYER metal1 = 0 um.
Total wire length on LAYER metal2 = 7502 um.
Total wire length on LAYER metal3 = 8264 um.
Total wire length on LAYER metal4 = 2242 um.
Total wire length on LAYER metal5 = 679 um.
Total wire length on LAYER metal6 = 235 um.
Total wire length on LAYER metal7 = 0 um.
Total wire length on LAYER metal8 = 0 um.
Total wire length on LAYER metal9 = 0 um.
Total wire length on LAYER metal10 = 0 um.
Total number of vias = 11521.
Up-via summary (total 11521):

----------------
 active        0
 metal1     5943
 metal2     4975
 metal3      407
 metal4      149
 metal5       47
 metal6        0
 metal7        0
 metal8        0
 metal9        0
----------------
       11521


[INFO DRT-0267] cpu time = 00:01:43, elapsed time = 00:00:55, memory = 980.55 (MB), peak = 1089.46 (MB)

[INFO DRT-0180] Post processing.
Took 61 seconds: detailed_route -output_drc /mnt/c/Users/Abhinav/OneDrive/Desktop/PACT/PACT/results/phase2d_independent_gp/raw/orfs/reports/nangate45/s5378/phase2c_s29_8ec6dc6070b5/5_route_drc.rpt -output_maze /mnt/c/Users/Abhinav/OneDrive/Desktop/PACT/PACT/results/phase2d_independent_gp/raw/orfs/results/nangate45/s5378/phase2c_s29_8ec6dc6070b5/maze.log -droute_end_iter 64 -verbose 1 -drc_report_iter_step 5
[WARNING GRT-0246] No diode with LEF class CORE ANTENNACELL found.
[INFO ANT-0002] Found 0 net violations.
[INFO ANT-0001] Found 0 pin violations.
[INFO ANT-0002] Found 0 net violations.
[INFO ANT-0001] Found 0 pin violations.
Design area 2587 um^2 37% utilization.
write_db /mnt/c/Users/Abhinav/OneDrive/Desktop/PACT/PACT/results/phase2d_independent_gp/raw/orfs/results/nangate45/s5378/phase2c_s29_8ec6dc6070b5/5_2_route.odb
Elapsed time: 1:03.91[h:]min:sec. CPU time: user 121.42 sys 2.00 (193%). Peak memory: 1115604KB.
Log                       Ext     Elapsed/s Peak Memory/MB sha1sum result [0:20)
5_2_route                 .odb           63           1089 3bdcf8c1ed9f435829a3
