OpenROAD 26Q2-1164-g08f67ee5ec 
Features included (+) or not (-): +GPU +GUI +Python
This program is licensed under the BSD-3 license. See the LICENSE file for details.
Components of this program may be licensed under more restrictive licenses which must be honored.
[INFO ORD-0030] Using 4 thread(s).
read_liberty /root/pact-deps/OpenROAD-flow-scripts/flow/platforms/nangate45/lib/NangateOpenCellLibrary_typical.lib
read_db /mnt/c/Users/Abhinav/OneDrive/Desktop/PACT/PACT/results/phase2c_repair_multiseed/raw/orfs/results/nangate45/s15850/phase2c_s17_16738bfbd10f/3_place.odb
read_sdc /mnt/c/Users/Abhinav/OneDrive/Desktop/PACT/PACT/results/phase2c_repair_multiseed/raw/orfs/results/nangate45/s15850/phase2c_s17_16738bfbd10f/3_place.sdc
source /root/pact-deps/OpenROAD-flow-scripts/flow/platforms/nangate45/setRC.tcl
clock_tree_synthesis -sink_clustering_enable -repair_clock_nets
[INFO CTS-0050] Root buffer is CLKBUF_X3.
[INFO CTS-0051] Sink buffer is CLKBUF_X3.
[INFO CTS-0052] The following clock buffers will be used for CTS:
                    CLKBUF_X3
[INFO CTS-0049] Characterization buffer is CLKBUF_X3.
[INFO CTS-0007] Net "CK" found for clock "clk".
[INFO CTS-0010]  Clock net "CK" has 534 sinks.
[INFO CTS-0008] TritonCTS found 1 clock nets.
[INFO CTS-0097] Characterization used 1 buffer(s) types.
[INFO CTS-0201] 0 blockages from hard placement blockages and placed macros will be used.
[INFO CTS-0027] Generating H-Tree topology for net CK.
[INFO CTS-0028]  Total number of sinks: 534.
[INFO CTS-0090]  Sinks will be clustered based on buffer max cap.
[INFO CTS-0030]  Number of static layers: 0.
[INFO CTS-0020]  Wire segment unit: 14000  dbu (7 um).
[INFO CTS-0206] Best clustering solution was found from max clustering size of 9 and max clustering diameter of 44.
[INFO CTS-0019]  Total number of sinks after clustering: 81.
[INFO CTS-0024]  Normalized sink region: [(2.88566, 1.75714), (19.3575, 19.2184)].
[INFO CTS-0025]     Width:  16.4718.
[INFO CTS-0026]     Height: 17.4612.
 Level 1
    Direction: Vertical
    Sinks per sub-region: 41
    Sub-region size: 16.4718 X 8.7306
[INFO CTS-0034]     Segment length (rounded): 4.
 Level 2
    Direction: Horizontal
    Sinks per sub-region: 21
    Sub-region size: 8.2359 X 8.7306
[INFO CTS-0034]     Segment length (rounded): 4.
 Level 3
    Direction: Vertical
    Sinks per sub-region: 11
    Sub-region size: 8.2359 X 4.3653
[INFO CTS-0034]     Segment length (rounded): 2.
[INFO CTS-0032]  Stop criterion found. Max number of sinks is 15.
[INFO CTS-0035]  Number of sinks covered: 81.
[INFO CTS-0018]     Created 90 clock buffers.
[INFO CTS-0012]     Minimum number of buffers in the clock path: 3.
[INFO CTS-0013]     Maximum number of buffers in the clock path: 3.
[INFO CTS-0015]     Created 90 clock nets.
[INFO CTS-0016]     Fanout distribution for the current clock = 4:3, 5:4, 6:30, 7:33, 8:10, 9:3, 10:4, 11:1, 14:1..
[INFO CTS-0017]     Max level of the clock tree: 3.
[INFO CTS-0098] Clock net "CK"
[INFO CTS-0099]  Sinks 607
[INFO CTS-0100]  Leaf buffers 81
[INFO CTS-0101]  Average sink wire length 209.06 um
[INFO CTS-0102]  Path depth 2 - 3
[INFO CTS-0207]  Dummy loads inserted 73
estimate_parasitics -placement
detailed_placement
[INFO DPL-0006] Core area: 20959.47 um^2, Instances area: 7542.70 um^2, Utilization: 36.0%
[INFO DPL-0005] Diamond search max displacement: +/- 500 sites horizontally, +/- 100 rows vertically.
[INFO DPL-1101] Legalizing using diamond search.
Movements Summary
---------------------------------------
Total cells:                    5041
Diamond Move Success:           5041 (100.00%)
Diamond Move Failure:              0
Rip-up and replace Success:        0 (  0.00% of diamond failures)
Rip-up and replace Failure:        0
Total Placement Failures:          0
---------------------------------------
Placement Analysis
---------------------------------
total displacement        231.5 u
average displacement        0.0 u
max displacement            3.5 u
original HPWL           72183.1 u
legalized HPWL          72204.8 u
delta HPWL                    0 %

estimate_parasitics -placement
repair_timing -setup_margin 0 -hold_margin 0 -repair_tns 100 -verbose
[INFO RSZ-0100] Repair move sequence: UnbufferMove SizeUpMove SwapPinsMove BufferMove CloneMove SplitLoadMove 
[INFO RSZ-0098] No setup violations found
[INFO RSZ-0046] Found 90 endpoints with hold violations.
Iteration | Resized | Buffers | Cloned Gates |   Area   |   WNS   |   TNS   | Endpoint
--------------------------------------------------------------------------------------
        0 |       0 |       0 |            0 |    +0.0% |  -0.136 |  -5.228 | U_g588/SI
       10 |       0 |      22 |            0 |    +0.2% |  -0.116 |  -4.214 | U_g755/D
       20 |       0 |      43 |            0 |    +0.5% |  -0.080 |  -3.122 | U_g588/SI
       30 |       0 |      75 |            0 |    +0.8% |  -0.080 |  -2.303 | U_g588/SI
       40 |       1 |      88 |            0 |    +0.9% |  -0.080 |  -0.144 | U_g588/SI
       50 |       1 |      88 |            0 |    +0.9% |  -0.080 |  -0.144 | U_g588/SI
       60 |       1 |      88 |            0 |    +0.9% |  -0.080 |  -0.144 | U_g588/SI
       70 |       1 |      88 |            0 |    +0.9% |  -0.080 |  -0.144 | U_g588/SI
       80 |       1 |      92 |            0 |    +1.0% |  -0.080 |  -0.080 | U_g588/SI
       90 |       1 |      92 |            0 |    +1.0% |  -0.080 |  -0.080 | U_g588/SI
    final |       1 |      96 |            0 |    +1.0% |   0.001 |   0.000 | U_g70/D
--------------------------------------------------------------------------------------
[INFO RSZ-0032] Inserted 96 hold buffers.
detailed_placement
[INFO DPL-0006] Core area: 20959.47 um^2, Instances area: 7619.84 um^2, Utilization: 36.4%
[INFO DPL-0005] Diamond search max displacement: +/- 500 sites horizontally, +/- 100 rows vertically.
[INFO DPL-1101] Legalizing using diamond search.
Movements Summary
---------------------------------------
Total cells:                    5137
Diamond Move Success:           5137 (100.00%)
Diamond Move Failure:              0
Rip-up and replace Success:        0 (  0.00% of diamond failures)
Rip-up and replace Failure:        0
Total Placement Failures:          0
---------------------------------------
Placement Analysis
---------------------------------
total displacement         82.4 u
average displacement        0.0 u
max displacement            3.4 u
original HPWL           72491.2 u
legalized HPWL          72519.8 u
delta HPWL                    0 %

estimate_parasitics -placement
Report metrics stage 4, cts final...

==========================================================================
cts final report_design_area
--------------------------------------------------------------------------
Design area 7620 um^2 36% utilization.
write_db /mnt/c/Users/Abhinav/OneDrive/Desktop/PACT/PACT/results/phase2c_repair_multiseed/raw/orfs/results/nangate45/s15850/phase2c_s17_16738bfbd10f/4_1_cts.odb
write_sdc -no_timestamp /mnt/c/Users/Abhinav/OneDrive/Desktop/PACT/PACT/results/phase2c_repair_multiseed/raw/orfs/results/nangate45/s15850/phase2c_s17_16738bfbd10f/4_cts.sdc
Elapsed time: 0:15.03[h:]min:sec. CPU time: user 8.89 sys 1.35 (68%). Peak memory: 259944KB.
Log                       Ext     Elapsed/s Peak Memory/MB sha1sum result [0:20)
4_1_cts                   .odb           15            253 1b4c148233dc8bafe6f9
