OpenROAD 26Q2-1164-g08f67ee5ec 
Features included (+) or not (-): +GPU +GUI +Python
This program is licensed under the BSD-3 license. See the LICENSE file for details.
Components of this program may be licensed under more restrictive licenses which must be honored.
[INFO ORD-0030] Using 4 thread(s).
read_liberty /root/pact-deps/OpenROAD-flow-scripts/flow/platforms/nangate45/lib/NangateOpenCellLibrary_typical.lib
read_db /mnt/c/Users/Abhinav/OneDrive/Desktop/PACT/PACT/results/phase2c_repair_multiseed/raw/orfs/results/nangate45/s15850/phase2c_s17_16738bfbd10f/5_1_grt.odb
read_sdc /mnt/c/Users/Abhinav/OneDrive/Desktop/PACT/PACT/results/phase2c_repair_multiseed/raw/orfs/results/nangate45/s15850/phase2c_s17_16738bfbd10f/5_1_grt.sdc
source /root/pact-deps/OpenROAD-flow-scripts/flow/platforms/nangate45/setRC.tcl
detailed_route -output_drc /mnt/c/Users/Abhinav/OneDrive/Desktop/PACT/PACT/results/phase2c_repair_multiseed/raw/orfs/reports/nangate45/s15850/phase2c_s17_16738bfbd10f/5_route_drc.rpt -output_maze /mnt/c/Users/Abhinav/OneDrive/Desktop/PACT/PACT/results/phase2c_repair_multiseed/raw/orfs/results/nangate45/s15850/phase2c_s17_16738bfbd10f/maze.log -droute_end_iter 64 -verbose 1 -drc_report_iter_step 5
[INFO DRT-0149] Reading tech and libs.

Units:                2000
Number of layers:     21
Number of macros:     135
Number of vias:       33
Number of viarulegen: 19

[INFO DRT-0150] Reading design.

Design:                   s15850
Die area:                 ( 0 0 ) ( 295060 295060 )
Number of track patterns: 20
Number of DEF vias:       0
Number of components:     5400
Number of terminals:      235
Number of snets:          2
Number of nets:           5150

[INFO DRT-0167] List of default vias:
  Layer via2
    default via: via2_5
  Layer via3
    default via: via3_2
  Layer via4
    default via: via4_0
  Layer via5
    default via: via5_0
  Layer via6
    default via: via6_0
  Layer via7
    default via: via7_0
  Layer via8
    default via: via8_0
  Layer via9
    default via: via9_0
[INFO DRT-0162] Library cell analysis.
[INFO DRT-0163] Instance analysis.
[INFO DRT-0164] Number of unique instances = 57.
[INFO DRT-0168] Init region query.
[INFO DRT-0024]   Complete active.
[INFO DRT-0024]   Complete Fr_VIA.
[INFO DRT-0024]   Complete metal1.
[INFO DRT-0024]   Complete via1.
[INFO DRT-0024]   Complete metal2.
[INFO DRT-0024]   Complete via2.
[INFO DRT-0024]   Complete metal3.
[INFO DRT-0024]   Complete via3.
[INFO DRT-0024]   Complete metal4.
[INFO DRT-0024]   Complete via4.
[INFO DRT-0024]   Complete metal5.
[INFO DRT-0024]   Complete via5.
[INFO DRT-0024]   Complete metal6.
[INFO DRT-0024]   Complete via6.
[INFO DRT-0024]   Complete metal7.
[INFO DRT-0024]   Complete via7.
[INFO DRT-0024]   Complete metal8.
[INFO DRT-0024]   Complete via8.
[INFO DRT-0024]   Complete metal9.
[INFO DRT-0024]   Complete via9.
[INFO DRT-0024]   Complete metal10.
[INFO DRT-0033] active shape region query size = 0.
[INFO DRT-0033] FR_VIA shape region query size = 0.
[INFO DRT-0033] metal1 shape region query size = 88264.
[INFO DRT-0033] via1 shape region query size = 936.
[INFO DRT-0033] metal2 shape region query size = 624.
[INFO DRT-0033] via2 shape region query size = 936.
[INFO DRT-0033] metal3 shape region query size = 624.
[INFO DRT-0033] via3 shape region query size = 936.
[INFO DRT-0033] metal4 shape region query size = 348.
[INFO DRT-0033] via4 shape region query size = 300.
[INFO DRT-0033] metal5 shape region query size = 136.
[INFO DRT-0033] via5 shape region query size = 300.
[INFO DRT-0033] metal6 shape region query size = 217.
[INFO DRT-0033] via6 shape region query size = 120.
[INFO DRT-0033] metal7 shape region query size = 50.
[INFO DRT-0033] via7 shape region query size = 0.
[INFO DRT-0033] metal8 shape region query size = 0.
[INFO DRT-0033] via8 shape region query size = 0.
[INFO DRT-0033] metal9 shape region query size = 0.
[INFO DRT-0033] via9 shape region query size = 0.
[INFO DRT-0033] metal10 shape region query size = 0.
[INFO DRT-0165] Start pin access.
[INFO DRT-0078]   Complete 291 pins.
[INFO DRT-0081]   Complete 57 unique inst patterns.
[INFO DRT-0084]   Complete 3087 groups.
#scanned instances     = 5400
#unique  instances     = 57
#stdCellGenAp          = 1296
#stdCellValidPlanarAp  = 0
#stdCellValidViaAp     = 1004
#stdCellPinNoAp        = 0
#stdCellPinCnt         = 15572
#instTermValidViaApCnt = 0
#macroGenAp            = 0
#macroValidPlanarAp    = 0
#macroValidViaAp       = 0
#macroNoAp             = 0
[INFO DRT-0166] Complete pin access.
[INFO DRT-0267] cpu time = 00:00:54, elapsed time = 00:00:26, memory = 283.14 (MB), peak = 282.95 (MB)

[INFO DRT-0157] Number of guides:     43489

[INFO DRT-0169] Post process guides.
[INFO DRT-0176] GCELLGRID X 0 DO 51 STEP 5700 ;
[INFO DRT-0177] GCELLGRID Y 0 DO 51 STEP 5700 ;
[INFO DRT-0028]   Complete active.
[INFO DRT-0028]   Complete Fr_VIA.
[INFO DRT-0028]   Complete metal1.
[INFO DRT-0028]   Complete via1.
[INFO DRT-0028]   Complete metal2.
[INFO DRT-0028]   Complete via2.
[INFO DRT-0028]   Complete metal3.
[INFO DRT-0028]   Complete via3.
[INFO DRT-0028]   Complete metal4.
[INFO DRT-0028]   Complete via4.
[INFO DRT-0028]   Complete metal5.
[INFO DRT-0028]   Complete via5.
[INFO DRT-0028]   Complete metal6.
[INFO DRT-0028]   Complete via6.
[INFO DRT-0028]   Complete metal7.
[INFO DRT-0028]   Complete via7.
[INFO DRT-0028]   Complete metal8.
[INFO DRT-0028]   Complete via8.
[INFO DRT-0028]   Complete metal9.
[INFO DRT-0028]   Complete via9.
[INFO DRT-0028]   Complete metal10.
[INFO DRT-0178] Init guide query.
[INFO DRT-0035]   Complete active (guide).
[INFO DRT-0035]   Complete Fr_VIA (guide).
[INFO DRT-0035]   Complete metal1 (guide).
[INFO DRT-0035]   Complete via1 (guide).
[INFO DRT-0035]   Complete metal2 (guide).
[INFO DRT-0035]   Complete via2 (guide).
[INFO DRT-0035]   Complete metal3 (guide).
[INFO DRT-0035]   Complete via3 (guide).
[INFO DRT-0035]   Complete metal4 (guide).
[INFO DRT-0035]   Complete via4 (guide).
[INFO DRT-0035]   Complete metal5 (guide).
[INFO DRT-0035]   Complete via5 (guide).
[INFO DRT-0035]   Complete metal6 (guide).
[INFO DRT-0035]   Complete via6 (guide).
[INFO DRT-0035]   Complete metal7 (guide).
[INFO DRT-0035]   Complete via7 (guide).
[INFO DRT-0035]   Complete metal8 (guide).
[INFO DRT-0035]   Complete via8 (guide).
[INFO DRT-0035]   Complete metal9 (guide).
[INFO DRT-0035]   Complete via9 (guide).
[INFO DRT-0035]   Complete metal10 (guide).
[INFO DRT-0036] active guide region query size = 0.
[INFO DRT-0036] FR_VIA guide region query size = 0.
[INFO DRT-0036] metal1 guide region query size = 13849.
[INFO DRT-0036] via1 guide region query size = 0.
[INFO DRT-0036] metal2 guide region query size = 12748.
[INFO DRT-0036] via2 guide region query size = 0.
[INFO DRT-0036] metal3 guide region query size = 7310.
[INFO DRT-0036] via3 guide region query size = 0.
[INFO DRT-0036] metal4 guide region query size = 1347.
[INFO DRT-0036] via4 guide region query size = 0.
[INFO DRT-0036] metal5 guide region query size = 598.
[INFO DRT-0036] via5 guide region query size = 0.
[INFO DRT-0036] metal6 guide region query size = 221.
[INFO DRT-0036] via6 guide region query size = 0.
[INFO DRT-0036] metal7 guide region query size = 0.
[INFO DRT-0036] via7 guide region query size = 0.
[INFO DRT-0036] metal8 guide region query size = 0.
[INFO DRT-0036] via8 guide region query size = 0.
[INFO DRT-0036] metal9 guide region query size = 0.
[INFO DRT-0036] via9 guide region query size = 0.
[INFO DRT-0036] metal10 guide region query size = 0.
[INFO DRT-0179] Init gr pin query.
[INFO DRT-0267] cpu time = 00:00:00, elapsed time = 00:00:00, memory = 299.06 (MB), peak = 298.69 (MB)
[INFO DRT-0245] skipped writing guide updates to database.
[INFO DRT-0181] Start track assignment.
[INFO DRT-0184] Done with 14316 vertical wires in 2 frboxes and 21757 horizontal wires in 2 frboxes.
[INFO DRT-0186] Done with 4054 vertical wires in 2 frboxes and 4907 horizontal wires in 2 frboxes.
[INFO DRT-0182] Complete track assignment.
[INFO DRT-0267] cpu time = 00:00:04, elapsed time = 00:00:04, memory = 410.50 (MB), peak = 409.94 (MB)
[INFO DRT-0187] Start routing data preparation.
[INFO DRT-0267] cpu time = 00:00:00, elapsed time = 00:00:00, memory = 410.56 (MB), peak = 410.07 (MB)
[INFO DRT-0194] Start detail routing.
[INFO DRT-0195] Start 0th optimization iteration.
    Completing 10% with 0 violations.
    elapsed time = 00:00:04, memory = 466.68 (MB).
    Completing 20% with 0 violations.
    elapsed time = 00:00:08, memory = 488.78 (MB).
    Completing 30% with 130 violations.
    elapsed time = 00:00:13, memory = 526.40 (MB).
    Completing 40% with 130 violations.
    elapsed time = 00:00:18, memory = 540.44 (MB).
    Completing 50% with 130 violations.
    elapsed time = 00:00:25, memory = 528.57 (MB).
    Completing 60% with 265 violations.
    elapsed time = 00:00:32, memory = 548.52 (MB).
    Completing 70% with 265 violations.
    elapsed time = 00:00:35, memory = 552.25 (MB).
    Completing 80% with 402 violations.
    elapsed time = 00:00:43, memory = 621.43 (MB).
    Completing 90% with 402 violations.
    elapsed time = 00:00:48, memory = 570.34 (MB).
    Completing 100% with 528 violations.
    elapsed time = 00:00:52, memory = 522.84 (MB).
[INFO DRT-0199]   Number of violations = 823.
Viol/Layer      metal1   via1 metal2   via2 metal3 metal4 metal5
Cut Spacing          0      1      0      2      0      0      0
Metal Spacing        0      0     47      0     11      1      0
Recheck              2      0    185      0    105      2      1
Short                0      1    386      0     73      6      0
[INFO DRT-0267] cpu time = 00:01:45, elapsed time = 00:00:54, memory = 1039.82 (MB), peak = 1039.55 (MB)
Total wire length = 82549 um.
Total wire length on LAYER metal1 = 0 um.
Total wire length on LAYER metal2 = 29463 um.
Total wire length on LAYER metal3 = 34836 um.
Total wire length on LAYER metal4 = 10803 um.
Total wire length on LAYER metal5 = 4951 um.
Total wire length on LAYER metal6 = 2495 um.
Total wire length on LAYER metal7 = 0 um.
Total wire length on LAYER metal8 = 0 um.
Total wire length on LAYER metal9 = 0 um.
Total wire length on LAYER metal10 = 0 um.
Total number of vias = 35171.
Up-via summary (total 35171):

----------------
 active        0
 metal1    15647
 metal2    16628
 metal3     1853
 metal4      770
 metal5      273
 metal6        0
 metal7        0
 metal8        0
 metal9        0
----------------
       35171


[INFO DRT-0195] Start 1st optimization iteration.
    Completing 10% with 823 violations.
    elapsed time = 00:00:03, memory = 1039.88 (MB).
    Completing 20% with 823 violations.
    elapsed time = 00:00:09, memory = 1039.88 (MB).
    Completing 30% with 670 violations.
    elapsed time = 00:00:13, memory = 1039.88 (MB).
    Completing 40% with 670 violations.
    elapsed time = 00:00:18, memory = 1039.88 (MB).
    Completing 50% with 670 violations.
    elapsed time = 00:00:24, memory = 1039.88 (MB).
    Completing 60% with 519 violations.
    elapsed time = 00:00:30, memory = 1039.88 (MB).
    Completing 70% with 519 violations.
    elapsed time = 00:00:34, memory = 1039.88 (MB).
    Completing 80% with 395 violations.
    elapsed time = 00:00:42, memory = 1039.88 (MB).
    Completing 90% with 395 violations.
    elapsed time = 00:00:46, memory = 1039.88 (MB).
    Completing 100% with 226 violations.
    elapsed time = 00:00:47, memory = 1039.88 (MB).
[INFO DRT-0199]   Number of violations = 226.
Viol/Layer      metal2 metal3
Metal Spacing       52      0
Short              166      8
[INFO DRT-0267] cpu time = 00:01:41, elapsed time = 00:00:48, memory = 1042.88 (MB), peak = 1064.80 (MB)
Total wire length = 81977 um.
Total wire length on LAYER metal1 = 0 um.
Total wire length on LAYER metal2 = 29262 um.
Total wire length on LAYER metal3 = 34577 um.
Total wire length on LAYER metal4 = 10713 um.
Total wire length on LAYER metal5 = 4937 um.
Total wire length on LAYER metal6 = 2487 um.
Total wire length on LAYER metal7 = 0 um.
Total wire length on LAYER metal8 = 0 um.
Total wire length on LAYER metal9 = 0 um.
Total wire length on LAYER metal10 = 0 um.
Total number of vias = 34760.
Up-via summary (total 34760):

----------------
 active        0
 metal1    15654
 metal2    16246
 metal3     1830
 metal4      757
 metal5      273
 metal6        0
 metal7        0
 metal8        0
 metal9        0
----------------
       34760


[INFO DRT-0195] Start 2nd optimization iteration.
    Completing 10% with 226 violations.
    elapsed time = 00:00:00, memory = 1042.88 (MB).
    Completing 20% with 226 violations.
    elapsed time = 00:00:07, memory = 1042.88 (MB).
    Completing 30% with 227 violations.
    elapsed time = 00:00:09, memory = 1042.88 (MB).
    Completing 40% with 227 violations.
    elapsed time = 00:00:12, memory = 1042.88 (MB).
    Completing 50% with 227 violations.
    elapsed time = 00:00:16, memory = 1042.88 (MB).
    Completing 60% with 213 violations.
    elapsed time = 00:00:18, memory = 1072.50 (MB).
    Completing 70% with 213 violations.
    elapsed time = 00:00:21, memory = 1042.88 (MB).
    Completing 80% with 186 violations.
    elapsed time = 00:00:25, memory = 1044.58 (MB).
    Completing 90% with 186 violations.
    elapsed time = 00:00:28, memory = 1044.58 (MB).
    Completing 100% with 196 violations.
    elapsed time = 00:00:31, memory = 1044.58 (MB).
[INFO DRT-0199]   Number of violations = 196.
Viol/Layer      metal2 metal3 metal4
Metal Spacing       39      5      0
Short              135     16      1
[INFO DRT-0267] cpu time = 00:01:24, elapsed time = 00:00:31, memory = 1047.58 (MB), peak = 1071.96 (MB)
Total wire length = 81951 um.
Total wire length on LAYER metal1 = 0 um.
Total wire length on LAYER metal2 = 29264 um.
Total wire length on LAYER metal3 = 34573 um.
Total wire length on LAYER metal4 = 10695 um.
Total wire length on LAYER metal5 = 4935 um.
Total wire length on LAYER metal6 = 2483 um.
Total wire length on LAYER metal7 = 0 um.
Total wire length on LAYER metal8 = 0 um.
Total wire length on LAYER metal9 = 0 um.
Total wire length on LAYER metal10 = 0 um.
Total number of vias = 34713.
Up-via summary (total 34713):

----------------
 active        0
 metal1    15651
 metal2    16219
 metal3     1814
 metal4      756
 metal5      273
 metal6        0
 metal7        0
 metal8        0
 metal9        0
----------------
       34713


[INFO DRT-0195] Start 3rd optimization iteration.
    Completing 10% with 196 violations.
    elapsed time = 00:00:01, memory = 1047.58 (MB).
    Completing 20% with 196 violations.
    elapsed time = 00:00:01, memory = 1047.58 (MB).
    Completing 30% with 160 violations.
    elapsed time = 00:00:04, memory = 1047.58 (MB).
    Completing 40% with 160 violations.
    elapsed time = 00:00:06, memory = 1047.58 (MB).
    Completing 50% with 160 violations.
    elapsed time = 00:00:07, memory = 1047.58 (MB).
    Completing 60% with 101 violations.
    elapsed time = 00:00:09, memory = 1051.32 (MB).
    Completing 70% with 101 violations.
    elapsed time = 00:00:10, memory = 1051.32 (MB).
    Completing 80% with 40 violations.
    elapsed time = 00:00:12, memory = 1051.32 (MB).
    Completing 90% with 40 violations.
    elapsed time = 00:00:13, memory = 1051.32 (MB).
    Completing 100% with 3 violations.
    elapsed time = 00:00:14, memory = 1051.32 (MB).
[INFO DRT-0199]   Number of violations = 3.
Viol/Layer      metal2
Metal Spacing        3
[INFO DRT-0267] cpu time = 00:00:40, elapsed time = 00:00:14, memory = 1051.32 (MB), peak = 1071.96 (MB)
Total wire length = 81955 um.
Total wire length on LAYER metal1 = 0 um.
Total wire length on LAYER metal2 = 29111 um.
Total wire length on LAYER metal3 = 34633 um.
Total wire length on LAYER metal4 = 10793 um.
Total wire length on LAYER metal5 = 4933 um.
Total wire length on LAYER metal6 = 2483 um.
Total wire length on LAYER metal7 = 0 um.
Total wire length on LAYER metal8 = 0 um.
Total wire length on LAYER metal9 = 0 um.
Total wire length on LAYER metal10 = 0 um.
Total number of vias = 34873.
Up-via summary (total 34873):

----------------
 active        0
 metal1    15651
 metal2    16332
 metal3     1866
 metal4      751
 metal5      273
 metal6        0
 metal7        0
 metal8        0
 metal9        0
----------------
       34873


[INFO DRT-0195] Start 4th guides tiles iteration.
    Completing 100% with 0 violations.
    elapsed time = 00:00:00, memory = 1051.32 (MB).
[INFO DRT-0199]   Number of violations = 0.
[INFO DRT-0267] cpu time = 00:00:00, elapsed time = 00:00:00, memory = 1051.32 (MB), peak = 1071.96 (MB)
Total wire length = 81955 um.
Total wire length on LAYER metal1 = 0 um.
Total wire length on LAYER metal2 = 29111 um.
Total wire length on LAYER metal3 = 34633 um.
Total wire length on LAYER metal4 = 10793 um.
Total wire length on LAYER metal5 = 4933 um.
Total wire length on LAYER metal6 = 2483 um.
Total wire length on LAYER metal7 = 0 um.
Total wire length on LAYER metal8 = 0 um.
Total wire length on LAYER metal9 = 0 um.
Total wire length on LAYER metal10 = 0 um.
Total number of vias = 34873.
Up-via summary (total 34873):

----------------
 active        0
 metal1    15651
 metal2    16332
 metal3     1866
 metal4      751
 metal5      273
 metal6        0
 metal7        0
 metal8        0
 metal9        0
----------------
       34873


[INFO DRT-0198] Complete detail routing.
Total wire length = 81955 um.
Total wire length on LAYER metal1 = 0 um.
Total wire length on LAYER metal2 = 29111 um.
Total wire length on LAYER metal3 = 34633 um.
Total wire length on LAYER metal4 = 10793 um.
Total wire length on LAYER metal5 = 4933 um.
Total wire length on LAYER metal6 = 2483 um.
Total wire length on LAYER metal7 = 0 um.
Total wire length on LAYER metal8 = 0 um.
Total wire length on LAYER metal9 = 0 um.
Total wire length on LAYER metal10 = 0 um.
Total number of vias = 34873.
Up-via summary (total 34873):

----------------
 active        0
 metal1    15651
 metal2    16332
 metal3     1866
 metal4      751
 metal5      273
 metal6        0
 metal7        0
 metal8        0
 metal9        0
----------------
       34873


[INFO DRT-0267] cpu time = 00:05:33, elapsed time = 00:02:28, memory = 1051.38 (MB), peak = 1071.96 (MB)

[INFO DRT-0180] Post processing.
Took 180 seconds: detailed_route -output_drc /mnt/c/Users/Abhinav/OneDrive/Desktop/PACT/PACT/results/phase2c_repair_multiseed/raw/orfs/reports/nangate45/s15850/phase2c_s17_16738bfbd10f/5_route_drc.rpt -output_maze /mnt/c/Users/Abhinav/OneDrive/Desktop/PACT/PACT/results/phase2c_repair_multiseed/raw/orfs/results/nangate45/s15850/phase2c_s17_16738bfbd10f/maze.log -droute_end_iter 64 -verbose 1 -drc_report_iter_step 5
[WARNING GRT-0246] No diode with LEF class CORE ANTENNACELL found.
[INFO ANT-0002] Found 0 net violations.
[INFO ANT-0001] Found 0 pin violations.
[INFO ANT-0002] Found 0 net violations.
[INFO ANT-0001] Found 0 pin violations.
Design area 7624 um^2 36% utilization.
write_db /mnt/c/Users/Abhinav/OneDrive/Desktop/PACT/PACT/results/phase2c_repair_multiseed/raw/orfs/results/nangate45/s15850/phase2c_s17_16738bfbd10f/5_2_route.odb
Elapsed time: 3:08.84[h:]min:sec. CPU time: user 397.92 sys 3.50 (212%). Peak memory: 1097692KB.
Log                       Ext     Elapsed/s Peak Memory/MB sha1sum result [0:20)
5_2_route                 .odb          188           1071 073d554a82509873d868
