OpenROAD 26Q2-1164-g08f67ee5ec 
Features included (+) or not (-): +GPU +GUI +Python
This program is licensed under the BSD-3 license. See the LICENSE file for details.
Components of this program may be licensed under more restrictive licenses which must be honored.
[INFO ORD-0030] Using 1 thread(s).
GATE10A_FF_POPULATION 245
[INFO PSM-0040] All shapes on net VDD are connected.
GATE10A_POWER_SI 0.00034221208860954933 0.00032065203440692094 0.00010010559321926848
GATE10A_POWERED_MODELED 3137
[INFO PSM-0040] All shapes on net VDD are connected.
[INFO PSM-0015] Reading location of sources from: /mnt/c/Users/Abhinav/OneDrive/Desktop/PACT/PACT/reports/gate10a/runs/b14_opt/CS_C1/science_nominal/sources.csv.
########## IR report #################
Net              : VDD
Corner           : default
Total power      : 7.63e-04 W
Supply voltage   : 1.10e+00 V
Worstcase voltage: 1.10e+00 V
Average voltage  : 1.10e+00 V
Average IR drop  : 4.74e-04 V
Worstcase IR drop: 7.44e-04 V
Percentage drop  : 0.07 %
######################################
########## EM analysis ###############
Net                : VDD
Corner             : default
Maximum current    : 1.16e-04 A
Average current    : 1.48e-06 A
Number of resistors: 13317
######################################
GATE10A_MEASURE_COMPLETE
