{
  "schema": "pact_gate09_reference_worker_v1",
  "action": "prepare",
  "design": "b15_opt",
  "created_utc": "2026-10-05T19:56:18.423174+00:00",
  "PID": 3659,
  "source_admission": {
    "path": "/mnt/c/Users/Abhinav/OneDrive/Desktop/PACT/PACT/results/pact_gate09_open_source_20261005/source_admission/b15_opt.json",
    "sha256": "784f19d0c57f0f7aed50cfb9cb645993a12cc6a3ba9023cd3005615ae4956587",
    "bytes": 5820
  },
  "harness": {
    "path": "/mnt/c/Users/Abhinav/OneDrive/Desktop/PACT/PACT/scripts/pact_gate09_reference.py",
    "sha256": "3d2220b04dc33def9f726e43c4195fd675cbb27ee0d4ee6fa257472f2eaf7169",
    "bytes": 16283
  },
  "capacity": {
    "volumes": {
      "C": {
        "free_bytes": 19073200128,
        "minimum_free_bytes": 6509559808,
        "deficit_bytes": 0,
        "status": "PASS"
      },
      "D": {
        "free_bytes": 39155060736,
        "minimum_free_bytes": 27380416512,
        "deficit_bytes": 0,
        "status": "PASS"
      }
    },
    "status": "PASS",
    "per_design_margin": {
      "stage": "ATPG_AND_PHYSICAL_REFERENCE_PREPARATION",
      "measured_source_bytes": 3603386,
      "additional_bytes": {
        "C": 67108864,
        "D": 536870912
      },
      "rule": "C +64 MiB; D +max(512 MiB,128*(mapped netlist bytes + mapped JSON bytes))",
      "exact_activity_margin": "Must be recalculated from the actual pattern/cycle/net dimensions before activity jobs"
    }
  },
  "scientific_method_changes": 0,
  "repair_attempt": "primary_b15_opt",
  "dependency_repair": {
    "path": "/mnt/c/Users/Abhinav/OneDrive/Desktop/PACT/PACT/results/pact_gate09_open_source_20261005/dependency_repairs/FAN_ATPG/compound_reporter_qualification.json",
    "sha256": "71bc45f4e54c8928ff50a635d829a8e17b7f18ad6e582f5ae496a93520d06a24",
    "bytes": 17558
  },
  "common_FAN_backend": {
    "bytes": 871192,
    "path": "/root/pact-deps/FAN_ATPG-gate09-reporter-repair/bin/opt/fan",
    "sha256": "b554618c945f68dcf242f0baa9542b52bbfc8f8b2abb72378009bdec3b62433e"
  },
  "qualified_repair_source_SHA": "4c253bfa613e5827f17c42a5fce8be7bea779e1e",
  "PACT_search_started": false,
  "source_and_destination_adaptation_only": true,
  "status": "PACT_GATE09_REFERENCE_ADMISSION_BLOCKED",
  "error": "[Errno 2] No such file or directory: '/mnt/c/Users/Abhinav/OneDrive/Desktop/PACT/PACT/results/pact_gate09_open_source_20261005/physical/b15_opt/preparation.json'",
  "traceback": "Traceback (most recent call last):\n  File \"/mnt/c/Users/Abhinav/OneDrive/Desktop/PACT/PACT/scripts/pact_gate09_reference.py\", line 211, in run\n    register_source(design, source, protocol, dependency_repair)\n  File \"/mnt/c/Users/Abhinav/OneDrive/Desktop/PACT/PACT/scripts/pact_gate09_reference.py\", line 185, in register_source\n    original_failed_preparation=admission.binding(BASE_META / f'physical/{design}/preparation.json')\n                                ^^^^^^^^^^^^^^^^^^^^^^^^^^^^^^^^^^^^^^^^^^^^^^^^^^^^^^^^^^^^^^^^^^^^\n  File \"/mnt/c/Users/Abhinav/OneDrive/Desktop/PACT/PACT/scripts/pact_gate09_admission.py\", line 41, in binding\n    return dict(path=str(path), sha256=digest(path), bytes=path.stat().st_size)\n                                       ^^^^^^^^^^^^\n  File \"/mnt/c/Users/Abhinav/OneDrive/Desktop/PACT/PACT/scripts/pact_gate09_admission.py\", line 33, in digest\n    with Path(path).open('rb') as stream:\n         ^^^^^^^^^^^^^^^^^^^^^\n  File \"/usr/lib/python3.12/pathlib.py\", line 1015, in open\n    return io.open(self, mode, buffering, encoding, errors, newline)\n           ^^^^^^^^^^^^^^^^^^^^^^^^^^^^^^^^^^^^^^^^^^^^^^^^^^^^^^^^^\nFileNotFoundError: [Errno 2] No such file or directory: '/mnt/c/Users/Abhinav/OneDrive/Desktop/PACT/PACT/results/pact_gate09_open_source_20261005/physical/b15_opt/preparation.json'\n",
  "completed_utc": "2026-10-05T19:56:18.591480+00:00",
  "wall_seconds": 4.019802360999165,
  "CPU_seconds": 0.8809180000000001,
  "children_CPU_seconds": 0.0,
  "peak_RSS_KiB": 21708,
  "child_peak_RSS_KiB": 0
}
