COMMAND ["cmake", "-S", "/scratch/recovery_20261003/dependency_probe", "-B", "/scratch/recovery_20261003/dependency_probe/build", "-DCMAKE_C_COMPILER=/usr/bin/gcc", "-DCMAKE_CXX_COMPILER=/usr/bin/g++", "-DCMAKE_PREFIX_PATH=/build_storage/toolchain;/opt/or-tools;/usr/local"]
-- The C compiler identification is GNU 11.4.0
-- The CXX compiler identification is GNU 11.4.0
-- Detecting C compiler ABI info
-- Detecting C compiler ABI info - done
-- Check for working C compiler: /usr/bin/gcc - skipped
-- Detecting C compile features
-- Detecting C compile features - done
-- Detecting CXX compiler ABI info
-- Detecting CXX compiler ABI info - done
-- Check for working CXX compiler: /usr/bin/g++ - skipped
-- Detecting CXX compile features
-- Detecting CXX compile features - done
CMake Error at /opt/or-tools/lib/cmake/Boost-1.87.0/BoostConfig.cmake:67 (find_package):
  Could not find a configuration file for package "boost_iostreams" that
  exactly matches requested version "1.87.0".

  The following configuration files were considered but not accepted:

    /usr/local/lib/cmake/boost_iostreams-1.89.0/boost_iostreams-config.cmake, version: 1.89.0
    /usr/lib/x86_64-linux-gnu/cmake/boost_iostreams-1.74.0/boost_iostreams-config.cmake, version: 1.74.0
    /lib/x86_64-linux-gnu/cmake/boost_iostreams-1.74.0/boost_iostreams-config.cmake, version: 1.74.0

Call Stack (most recent call first):
  /opt/or-tools/lib/cmake/Boost-1.87.0/BoostConfig.cmake:128 (boostcfg_find_component)
  CMakeLists.txt:3 (find_package)


-- Configuring incomplete, errors occurred!
Traceback (most recent call last):
  File "/workspace/scripts/pact_oss_dependency_probe.py", line 48, in <module>
    main()
  File "/workspace/scripts/pact_oss_dependency_probe.py", line 41, in main
    subprocess.run(args, check=True)
  File "/usr/lib/python3.10/subprocess.py", line 526, in run
    raise CalledProcessError(retcode, process.args,
subprocess.CalledProcessError: Command '['cmake', '-S', '/scratch/recovery_20261003/dependency_probe', '-B', '/scratch/recovery_20261003/dependency_probe/build', '-DCMAKE_C_COMPILER=/usr/bin/gcc', '-DCMAKE_CXX_COMPILER=/usr/bin/g++', '-DCMAKE_PREFIX_PATH=/build_storage/toolchain;/opt/or-tools;/usr/local']' returned non-zero exit status 1.
