#  ==========================================================================
#
#                                   FAN ATPG
#
#                Copyright(c) Laboratory of Dependable Systems,
#                Graduate Institute of Electronics Engineering,
#                          National Taiwan University
#                             All Rights Reserved.
#
#  ==========================================================================
#
#  Kernel:   Linux
#  Platform: x86_64
#  Memory:   3916.61 MB
#
/atpg_s27.script 1> read_lib techlib/mod_nangate45.mdt
#  Reading technology library ...
#  Finished reading library `techlib/mod_nangate45.mdt'    0.01563 s    9.37109 MB
/atpg_s27.script 2> read_netlist mod_netlist/s27.v
#  Reading netlist ...
#  Finished reading netlist `mod_netlist/s27.v'    0.000521 s    9.37109 MB
/atpg_s27.script 3> report_netlist
#  netlist information
#    number of modules: 1
#    modules:           s27
#    current module:    s27
#    number of ports:   9
#    number of cells:   13
#    number of nets:    21
/atpg_s27.script 4> build_circuit --frame 1
#  Building circuit ...
#  Finished building circuit    0.000399 s    9.37109 MB
/atpg_s27.script 5> report_circuit
#  circuit information
#    netlist:         s27
#    number of PIs:   4
#    number of PPIs:  3
#    number of POs:   1
#    number of combs: 10
#    number of gates: 21
#    number of nets:  32
/atpg_s27.script 6> set_fault_type saf
#  fault type set to stuck-at fault
/atpg_s27.script 7> add_fault --all
#  Building fault list ...
#  Finished building fault list    4.3e-05 s    9.37109 MB
/atpg_s27.script 8> set_static_compression on
#  static compression set to on
/atpg_s27.script 9> set_dynamic_compression on
#  dynamic compression set to on
/atpg_s27.script 10> set_X-Fill on
#  X-Fill set to on
/atpg_s27.script 11> run_atpg
#  Performing pattern generation ...
#  Finished pattern generation    0.000235 s    9.66406 MB
/atpg_s27.script 12> report_statistics > rpt/FAN_s27.rpt
/atpg_s27.script 13> write_pattern pat/FAN_s27.pat
#  Writing pattern to `pat/FAN_s27.pat' ...
/atpg_s27.script 14> write_to_STIL pat/FAN_s27.stil
#  Writing pattern to STIL...
==========
PI_ORDER CK test_si test_se G0 G1 G2 G3 
SCAN_ORDER U_G5 U_G6 U_G7 
PO_ORDER test_so G17 
BASIC_SCAN 5

pattern_1
pPI1 0000
pPO1 L
pPPI1 110
pPPO HHL

pattern_2
pPI1 0111
pPO1 H
pPPI1 000
pPPO LLL

pattern_3
pPI1 1010
pPO1 H
pPPI1 010
pPPO LLH

pattern_4
pPI1 1011
pPO1 L
pPPI1 000
pPPO LHL

pattern_5
pPI1 0001
pPO1 H
pPPI1 011
pPPO LLL
==========
/atpg_s27.script 15> exit
#  Goodbye
#  Runtime        real 0.02782 s        user 0.01126 s        sys 0.009196 s
#  Memory         peak 9.664 MB
