
==========================================================================
global route report_tns
--------------------------------------------------------------------------
tns max 0.00

==========================================================================
global route report_wns
--------------------------------------------------------------------------
wns max 0.00

==========================================================================
global route report_worst_slack
--------------------------------------------------------------------------
worst slack max 8.19

==========================================================================
global route report_clock_min_period
--------------------------------------------------------------------------
clk period_min = 1.81 fmax = 551.85

==========================================================================
global route report_clock_skew
--------------------------------------------------------------------------
Clock clk
   0.17 source latency U_g627/CK ^
  -0.16 target latency U_g654/CK ^
   0.00 CRPR
--------------
   0.01 setup skew


==========================================================================
global route report_checks -path_delay min
--------------------------------------------------------------------------
Startpoint: g92 (input port clocked by clk)
Endpoint: U_g1062 (rising edge-triggered flip-flop clocked by clk)
Path Group: clk
Path Type: min

Fanout     Cap    Slew   Delay    Time   Description
-----------------------------------------------------------------------------
                          0.00    0.00   clock clk (rise edge)
                          0.00    0.00   clock network delay (propagated)
                          0.00    0.00 ^ input external delay
     1    1.11    0.00    0.00    0.00 ^ g92 (in)
                                         g92 (net)
                  0.00    0.00    0.00 ^ hold317/A (CLKBUF_X1)
     1    1.14    0.01    0.02    0.02 ^ hold317/Z (CLKBUF_X1)
                                         net316 (net)
                  0.01    0.00    0.02 ^ input70/A (BUF_X1)
     2    3.45    0.01    0.03    0.05 ^ input70/Z (BUF_X1)
                                         net70 (net)
                  0.01    0.00    0.05 ^ hold318/A (CLKBUF_X1)
     1    1.42    0.01    0.03    0.08 ^ hold318/Z (CLKBUF_X1)
                                         net317 (net)
                  0.01    0.00    0.08 ^ U_g6687/A1 (AND2_X1)
     1    0.95    0.01    0.03    0.11 ^ U_g6687/ZN (AND2_X1)
                                         g6687 (net)
                  0.01    0.00    0.11 ^ hold319/A (CLKBUF_X1)
     1    1.41    0.01    0.03    0.13 ^ hold319/Z (CLKBUF_X1)
                                         net318 (net)
                  0.01    0.00    0.13 ^ U_g7240/A1 (OR2_X1)
     1    1.69    0.01    0.02    0.15 ^ U_g7240/ZN (OR2_X1)
                                         g7240 (net)
                  0.01    0.00    0.15 ^ U_g1062/D (SDFF_X1)
                                  0.15   data arrival time

                          0.00    0.00   clock clk (rise edge)
                          0.00    0.00   clock source latency
     1   16.30    0.00    0.00    0.00 ^ CK (in)
                                         CK (net)
                  0.00    0.00    0.00 ^ clkbuf_0_CK/A (CLKBUF_X3)
     8   37.19    0.03    0.05    0.06 ^ clkbuf_0_CK/Z (CLKBUF_X3)
                                         clknet_0_CK (net)
                  0.03    0.00    0.06 ^ clkbuf_3_0__f_CK/A (CLKBUF_X3)
    12   34.92    0.03    0.06    0.12 ^ clkbuf_3_0__f_CK/Z (CLKBUF_X3)
                                         clknet_3_0__leaf_CK (net)
                  0.03    0.00    0.12 ^ clkbuf_leaf_81_CK/A (CLKBUF_X3)
     6    9.37    0.01    0.04    0.16 ^ clkbuf_leaf_81_CK/Z (CLKBUF_X3)
                                         clknet_leaf_81_CK (net)
                  0.01    0.00    0.16 ^ U_g1062/CK (SDFF_X1)
                          0.00    0.16   clock reconvergence pessimism
                         -0.01    0.15   library hold time
                                  0.15   data required time
-----------------------------------------------------------------------------
                                  0.15   data required time
                                 -0.15   data arrival time
-----------------------------------------------------------------------------
                                  0.00   slack (MET)



==========================================================================
global route report_checks -path_delay max
--------------------------------------------------------------------------
Startpoint: g48 (input port clocked by clk)
Endpoint: U_g336 (rising edge-triggered flip-flop clocked by clk)
Path Group: clk
Path Type: max

Fanout     Cap    Slew   Delay    Time   Description
-----------------------------------------------------------------------------
                          0.00    0.00   clock clk (rise edge)
                          0.00    0.00   clock network delay (propagated)
                          0.00    0.00 v input external delay
     1    1.52    0.00    0.00    0.00 v g48 (in)
                                         g48 (net)
                  0.00    0.00    0.00 v input38/A (BUF_X1)
    12   27.91    0.03    0.06    0.06 v input38/Z (BUF_X1)
                                         net38 (net)
                  0.03    0.00    0.06 v U_g6351/A2 (AND2_X1)
     1    1.96    0.01    0.04    0.10 v U_g6351/ZN (AND2_X1)
                                         g6351 (net)
                  0.01    0.00    0.10 v U_I11360/A (INV_X1)
    16   22.92    0.05    0.06    0.16 ^ U_I11360/ZN (INV_X1)
                                         I11360 (net)
                  0.05    0.00    0.16 ^ U_g8109/A2 (NAND2_X1)
     1    1.40    0.02    0.02    0.18 v U_g8109/ZN (NAND2_X1)
                                         g8109 (net)
                  0.02    0.00    0.18 v U_g8289/A2 (AND3_X1)
     1    2.10    0.01    0.04    0.22 v U_g8289/ZN (AND3_X1)
                                         g8289 (net)
                  0.01    0.00    0.22 v U_g8465/A (INV_X1)
     3    4.83    0.01    0.02    0.24 ^ U_g8465/ZN (INV_X1)
                                         g8465 (net)
                  0.01    0.00    0.24 ^ U_g8617/A (INV_X1)
     4    7.01    0.01    0.02    0.25 v U_g8617/ZN (INV_X1)
                                         g8617 (net)
                  0.01    0.00    0.25 v U_g8744/A1 (NAND3_X1)
     1    2.24    0.01    0.02    0.27 ^ U_g8744/ZN (NAND3_X1)
                                         g8744 (net)
                  0.01    0.00    0.27 ^ U_g8828/A (INV_X1)
     8   10.65    0.01    0.02    0.29 v U_g8828/ZN (INV_X1)
                                         g8828 (net)
                  0.01    0.00    0.29 v U_g8960/A3 (AND3_X1)
     1    2.25    0.01    0.04    0.33 v U_g8960/ZN (AND3_X1)
                                         g8960 (net)
                  0.01    0.00    0.33 v U_g9223/A2 (AND2_X2)
    10   13.48    0.01    0.04    0.37 v U_g9223/ZN (AND2_X2)
                                         g9223 (net)
                  0.01    0.00    0.37 v U_g9388/A2 (OR2_X1)
     1    1.15    0.01    0.05    0.42 v U_g9388/ZN (OR2_X1)
                                         g9388 (net)
                  0.01    0.00    0.42 v U_g9785/A3 (OR4_X1)
    14   19.25    0.04    0.15    0.57 v U_g9785/ZN (OR4_X1)
                                         g9785 (net)
                  0.04    0.00    0.57 v U_I15051/A4 (OR4_X1)
     1    2.26    0.02    0.13    0.70 v U_I15051/ZN (OR4_X1)
                                         I15051 (net)
                  0.02    0.00    0.70 v U_g9880/A4 (NOR4_X1)
     1    1.56    0.04    0.08    0.78 ^ U_g9880/ZN (NOR4_X1)
                                         g9880 (net)
                  0.04    0.00    0.78 ^ U_I15200/A4 (OR4_X1)
     1    1.55    0.01    0.04    0.81 ^ U_I15200/ZN (OR4_X1)
                                         I15200 (net)
                  0.01    0.00    0.81 ^ U_g9995/A2 (OR2_X1)
     6   12.56    0.03    0.05    0.87 ^ U_g9995/ZN (OR2_X1)
                                         g9995 (net)
                  0.03    0.00    0.87 ^ U_I15503/A (INV_X1)
     5    8.54    0.01    0.02    0.89 v U_I15503/ZN (INV_X1)
                                         I15503 (net)
                  0.01    0.00    0.89 v U_g10430/A1 (NOR2_X1)
     7   13.84    0.07    0.09    0.98 ^ U_g10430/ZN (NOR2_X1)
                                         g10430 (net)
                  0.07    0.00    0.98 ^ U_I16030/A2 (NAND2_X1)
     2    3.27    0.02    0.03    1.00 v U_I16030/ZN (NAND2_X1)
                                         I16030 (net)
                  0.02    0.00    1.00 v U_I16032/A2 (NAND2_X1)
     1    1.81    0.01    0.02    1.02 ^ U_I16032/ZN (NAND2_X1)
                                         I16032 (net)
                  0.01    0.00    1.02 ^ U_g10475/A2 (NAND2_X1)
     1    1.67    0.01    0.01    1.04 v U_g10475/ZN (NAND2_X1)
                                         g10475 (net)
                  0.01    0.00    1.04 v U_I16161/A4 (OR4_X1)
     1    1.37    0.02    0.11    1.15 v U_I16161/ZN (OR4_X1)
                                         I16161 (net)
                  0.02    0.00    1.15 v U_g10529/A2 (OR2_X1)
     1    2.35    0.01    0.05    1.21 v U_g10529/ZN (OR2_X1)
                                         g10529 (net)
                  0.01    0.00    1.21 v U_g10562/A2 (NOR2_X1)
     1    4.90    0.03    0.04    1.25 ^ U_g10562/ZN (NOR2_X1)
                                         g10562 (net)
                  0.03    0.00    1.25 ^ U_g10702/A1 (OR2_X2)
    24   42.14    0.05    0.07    1.32 ^ U_g10702/ZN (OR2_X2)
                                         g10702 (net)
                  0.05    0.01    1.33 ^ FE_OFC10_g10702/A (INV_X1)
     4    5.36    0.02    0.02    1.35 v FE_OFC10_g10702/ZN (INV_X1)
                                         FE_OFN10_g10702 (net)
                  0.02    0.00    1.35 v FE_OFC13_g10702/A (INV_X1)
    23   35.40    0.08    0.10    1.45 ^ FE_OFC13_g10702/ZN (INV_X1)
                                         FE_OFN13_g10702 (net)
                  0.08    0.00    1.45 ^ U_g11006/A2 (AND2_X1)
     1    1.39    0.01    0.04    1.49 ^ U_g11006/ZN (AND2_X1)
                                         g11006 (net)
                  0.01    0.00    1.49 ^ U_g11219/A2 (OR2_X1)
     3    5.59    0.02    0.03    1.53 ^ U_g11219/ZN (OR2_X1)
                                         g11219 (net)
                  0.02    0.00    1.53 ^ U_I17281/A2 (NAND2_X1)
     2    3.65    0.01    0.02    1.55 v U_I17281/ZN (NAND2_X1)
                                         I17281 (net)
                  0.01    0.00    1.55 v U_I17283/A2 (NAND2_X1)
     1    2.22    0.01    0.02    1.57 ^ U_I17283/ZN (NAND2_X1)
                                         I17283 (net)
                  0.01    0.00    1.57 ^ U_g11414/A2 (NAND2_X1)
     2    4.12    0.01    0.02    1.58 v U_g11414/ZN (NAND2_X1)
                                         g11414 (net)
                  0.01    0.00    1.58 v U_I17393/A2 (NAND2_X1)
     2    4.06    0.01    0.02    1.61 ^ U_I17393/ZN (NAND2_X1)
                                         I17393 (net)
                  0.01    0.00    1.61 ^ U_I17395/A2 (NAND2_X1)
     1    2.01    0.01    0.02    1.62 v U_I17395/ZN (NAND2_X1)
                                         I17395 (net)
                  0.01    0.00    1.62 v U_g11448/A2 (NAND2_X1)
     2    3.43    0.01    0.02    1.64 ^ U_g11448/ZN (NAND2_X1)
                                         g11448 (net)
                  0.01    0.00    1.64 ^ U_I17459/A2 (NAND2_X1)
     2    3.50    0.01    0.02    1.66 v U_I17459/ZN (NAND2_X1)
                                         I17459 (net)
                  0.01    0.00    1.66 v U_I17461/A2 (NAND2_X1)
     1    2.11    0.01    0.02    1.68 ^ U_I17461/ZN (NAND2_X1)
                                         I17461 (net)
                  0.01    0.00    1.68 ^ U_g11474/A2 (NAND2_X1)
     2    4.00    0.01    0.02    1.70 v U_g11474/ZN (NAND2_X1)
                                         g11474 (net)
                  0.01    0.00    1.70 v U_I17485/A2 (NAND2_X1)
     2    3.93    0.01    0.02    1.72 ^ U_I17485/ZN (NAND2_X1)
                                         I17485 (net)
                  0.01    0.00    1.72 ^ U_I17487/A2 (NAND2_X1)
     1    1.89    0.01    0.02    1.74 v U_I17487/ZN (NAND2_X1)
                                         I17487 (net)
                  0.01    0.00    1.74 v U_g11490/A2 (NAND2_X1)
     1    1.86    0.01    0.02    1.76 ^ U_g11490/ZN (NAND2_X1)
                                         g11490 (net)
                  0.01    0.00    1.76 ^ U_g11515/A (INV_X1)
     3    5.09    0.01    0.01    1.77 v U_g11515/ZN (INV_X1)
                                         g11515 (net)
                  0.01    0.00    1.77 v U_g11544/A1 (AND2_X1)
     1    1.41    0.01    0.03    1.80 v U_g11544/ZN (AND2_X1)
                                         g11544 (net)
                  0.01    0.00    1.80 v U_g11580/A2 (OR2_X1)
     1    1.86    0.01    0.05    1.84 v U_g11580/ZN (OR2_X1)
                                         g11580 (net)
                  0.01    0.00    1.84 v U_g11596/A (INV_X1)
     1    1.19    0.01    0.01    1.86 ^ U_g11596/ZN (INV_X1)
                                         g11596 (net)
                  0.01    0.00    1.86 ^ U_g11637/A1 (AND2_X1)
     1    1.37    0.01    0.03    1.88 ^ U_g11637/ZN (AND2_X1)
                                         g11637 (net)
                  0.01    0.00    1.88 ^ U_g11647/A2 (OR2_X1)
     1    1.30    0.01    0.02    1.91 ^ U_g11647/ZN (OR2_X1)
                                         g11647 (net)
                  0.01    0.00    1.91 ^ U_g336/D (SDFF_X1)
                                  1.91   data arrival time

                         10.00   10.00   clock clk (rise edge)
                          0.00   10.00   clock source latency
     1   16.30    0.00    0.00   10.00 ^ CK (in)
                                         CK (net)
                  0.00    0.00   10.00 ^ clkbuf_0_CK/A (CLKBUF_X3)
     8   37.19    0.03    0.05   10.06 ^ clkbuf_0_CK/Z (CLKBUF_X3)
                                         clknet_0_CK (net)
                  0.03    0.00   10.06 ^ clkbuf_3_1__f_CK/A (CLKBUF_X3)
    12   32.69    0.03    0.06   10.12 ^ clkbuf_3_1__f_CK/Z (CLKBUF_X3)
                                         clknet_3_1__leaf_CK (net)
                  0.03    0.00   10.12 ^ clkbuf_leaf_70_CK/A (CLKBUF_X3)
     8   10.58    0.01    0.04   10.16 ^ clkbuf_leaf_70_CK/Z (CLKBUF_X3)
                                         clknet_leaf_70_CK (net)
                  0.01    0.00   10.16 ^ U_g336/CK (SDFF_X1)
                          0.00   10.16   clock reconvergence pessimism
                         -0.07   10.09   library setup time
                                 10.09   data required time
-----------------------------------------------------------------------------
                                 10.09   data required time
                                 -1.91   data arrival time
-----------------------------------------------------------------------------
                                  8.19   slack (MET)



==========================================================================
global route report_checks -unconstrained
--------------------------------------------------------------------------
Startpoint: g48 (input port clocked by clk)
Endpoint: U_g336 (rising edge-triggered flip-flop clocked by clk)
Path Group: clk
Path Type: max

Fanout     Cap    Slew   Delay    Time   Description
-----------------------------------------------------------------------------
                          0.00    0.00   clock clk (rise edge)
                          0.00    0.00   clock network delay (propagated)
                          0.00    0.00 v input external delay
     1    1.52    0.00    0.00    0.00 v g48 (in)
                                         g48 (net)
                  0.00    0.00    0.00 v input38/A (BUF_X1)
    12   27.91    0.03    0.06    0.06 v input38/Z (BUF_X1)
                                         net38 (net)
                  0.03    0.00    0.06 v U_g6351/A2 (AND2_X1)
     1    1.96    0.01    0.04    0.10 v U_g6351/ZN (AND2_X1)
                                         g6351 (net)
                  0.01    0.00    0.10 v U_I11360/A (INV_X1)
    16   22.92    0.05    0.06    0.16 ^ U_I11360/ZN (INV_X1)
                                         I11360 (net)
                  0.05    0.00    0.16 ^ U_g8109/A2 (NAND2_X1)
     1    1.40    0.02    0.02    0.18 v U_g8109/ZN (NAND2_X1)
                                         g8109 (net)
                  0.02    0.00    0.18 v U_g8289/A2 (AND3_X1)
     1    2.10    0.01    0.04    0.22 v U_g8289/ZN (AND3_X1)
                                         g8289 (net)
                  0.01    0.00    0.22 v U_g8465/A (INV_X1)
     3    4.83    0.01    0.02    0.24 ^ U_g8465/ZN (INV_X1)
                                         g8465 (net)
                  0.01    0.00    0.24 ^ U_g8617/A (INV_X1)
     4    7.01    0.01    0.02    0.25 v U_g8617/ZN (INV_X1)
                                         g8617 (net)
                  0.01    0.00    0.25 v U_g8744/A1 (NAND3_X1)
     1    2.24    0.01    0.02    0.27 ^ U_g8744/ZN (NAND3_X1)
                                         g8744 (net)
                  0.01    0.00    0.27 ^ U_g8828/A (INV_X1)
     8   10.65    0.01    0.02    0.29 v U_g8828/ZN (INV_X1)
                                         g8828 (net)
                  0.01    0.00    0.29 v U_g8960/A3 (AND3_X1)
     1    2.25    0.01    0.04    0.33 v U_g8960/ZN (AND3_X1)
                                         g8960 (net)
                  0.01    0.00    0.33 v U_g9223/A2 (AND2_X2)
    10   13.48    0.01    0.04    0.37 v U_g9223/ZN (AND2_X2)
                                         g9223 (net)
                  0.01    0.00    0.37 v U_g9388/A2 (OR2_X1)
     1    1.15    0.01    0.05    0.42 v U_g9388/ZN (OR2_X1)
                                         g9388 (net)
                  0.01    0.00    0.42 v U_g9785/A3 (OR4_X1)
    14   19.25    0.04    0.15    0.57 v U_g9785/ZN (OR4_X1)
                                         g9785 (net)
                  0.04    0.00    0.57 v U_I15051/A4 (OR4_X1)
     1    2.26    0.02    0.13    0.70 v U_I15051/ZN (OR4_X1)
                                         I15051 (net)
                  0.02    0.00    0.70 v U_g9880/A4 (NOR4_X1)
     1    1.56    0.04    0.08    0.78 ^ U_g9880/ZN (NOR4_X1)
                                         g9880 (net)
                  0.04    0.00    0.78 ^ U_I15200/A4 (OR4_X1)
     1    1.55    0.01    0.04    0.81 ^ U_I15200/ZN (OR4_X1)
                                         I15200 (net)
                  0.01    0.00    0.81 ^ U_g9995/A2 (OR2_X1)
     6   12.56    0.03    0.05    0.87 ^ U_g9995/ZN (OR2_X1)
                                         g9995 (net)
                  0.03    0.00    0.87 ^ U_I15503/A (INV_X1)
     5    8.54    0.01    0.02    0.89 v U_I15503/ZN (INV_X1)
                                         I15503 (net)
                  0.01    0.00    0.89 v U_g10430/A1 (NOR2_X1)
     7   13.84    0.07    0.09    0.98 ^ U_g10430/ZN (NOR2_X1)
                                         g10430 (net)
                  0.07    0.00    0.98 ^ U_I16030/A2 (NAND2_X1)
     2    3.27    0.02    0.03    1.00 v U_I16030/ZN (NAND2_X1)
                                         I16030 (net)
                  0.02    0.00    1.00 v U_I16032/A2 (NAND2_X1)
     1    1.81    0.01    0.02    1.02 ^ U_I16032/ZN (NAND2_X1)
                                         I16032 (net)
                  0.01    0.00    1.02 ^ U_g10475/A2 (NAND2_X1)
     1    1.67    0.01    0.01    1.04 v U_g10475/ZN (NAND2_X1)
                                         g10475 (net)
                  0.01    0.00    1.04 v U_I16161/A4 (OR4_X1)
     1    1.37    0.02    0.11    1.15 v U_I16161/ZN (OR4_X1)
                                         I16161 (net)
                  0.02    0.00    1.15 v U_g10529/A2 (OR2_X1)
     1    2.35    0.01    0.05    1.21 v U_g10529/ZN (OR2_X1)
                                         g10529 (net)
                  0.01    0.00    1.21 v U_g10562/A2 (NOR2_X1)
     1    4.90    0.03    0.04    1.25 ^ U_g10562/ZN (NOR2_X1)
                                         g10562 (net)
                  0.03    0.00    1.25 ^ U_g10702/A1 (OR2_X2)
    24   42.14    0.05    0.07    1.32 ^ U_g10702/ZN (OR2_X2)
                                         g10702 (net)
                  0.05    0.01    1.33 ^ FE_OFC10_g10702/A (INV_X1)
     4    5.36    0.02    0.02    1.35 v FE_OFC10_g10702/ZN (INV_X1)
                                         FE_OFN10_g10702 (net)
                  0.02    0.00    1.35 v FE_OFC13_g10702/A (INV_X1)
    23   35.40    0.08    0.10    1.45 ^ FE_OFC13_g10702/ZN (INV_X1)
                                         FE_OFN13_g10702 (net)
                  0.08    0.00    1.45 ^ U_g11006/A2 (AND2_X1)
     1    1.39    0.01    0.04    1.49 ^ U_g11006/ZN (AND2_X1)
                                         g11006 (net)
                  0.01    0.00    1.49 ^ U_g11219/A2 (OR2_X1)
     3    5.59    0.02    0.03    1.53 ^ U_g11219/ZN (OR2_X1)
                                         g11219 (net)
                  0.02    0.00    1.53 ^ U_I17281/A2 (NAND2_X1)
     2    3.65    0.01    0.02    1.55 v U_I17281/ZN (NAND2_X1)
                                         I17281 (net)
                  0.01    0.00    1.55 v U_I17283/A2 (NAND2_X1)
     1    2.22    0.01    0.02    1.57 ^ U_I17283/ZN (NAND2_X1)
                                         I17283 (net)
                  0.01    0.00    1.57 ^ U_g11414/A2 (NAND2_X1)
     2    4.12    0.01    0.02    1.58 v U_g11414/ZN (NAND2_X1)
                                         g11414 (net)
                  0.01    0.00    1.58 v U_I17393/A2 (NAND2_X1)
     2    4.06    0.01    0.02    1.61 ^ U_I17393/ZN (NAND2_X1)
                                         I17393 (net)
                  0.01    0.00    1.61 ^ U_I17395/A2 (NAND2_X1)
     1    2.01    0.01    0.02    1.62 v U_I17395/ZN (NAND2_X1)
                                         I17395 (net)
                  0.01    0.00    1.62 v U_g11448/A2 (NAND2_X1)
     2    3.43    0.01    0.02    1.64 ^ U_g11448/ZN (NAND2_X1)
                                         g11448 (net)
                  0.01    0.00    1.64 ^ U_I17459/A2 (NAND2_X1)
     2    3.50    0.01    0.02    1.66 v U_I17459/ZN (NAND2_X1)
                                         I17459 (net)
                  0.01    0.00    1.66 v U_I17461/A2 (NAND2_X1)
     1    2.11    0.01    0.02    1.68 ^ U_I17461/ZN (NAND2_X1)
                                         I17461 (net)
                  0.01    0.00    1.68 ^ U_g11474/A2 (NAND2_X1)
     2    4.00    0.01    0.02    1.70 v U_g11474/ZN (NAND2_X1)
                                         g11474 (net)
                  0.01    0.00    1.70 v U_I17485/A2 (NAND2_X1)
     2    3.93    0.01    0.02    1.72 ^ U_I17485/ZN (NAND2_X1)
                                         I17485 (net)
                  0.01    0.00    1.72 ^ U_I17487/A2 (NAND2_X1)
     1    1.89    0.01    0.02    1.74 v U_I17487/ZN (NAND2_X1)
                                         I17487 (net)
                  0.01    0.00    1.74 v U_g11490/A2 (NAND2_X1)
     1    1.86    0.01    0.02    1.76 ^ U_g11490/ZN (NAND2_X1)
                                         g11490 (net)
                  0.01    0.00    1.76 ^ U_g11515/A (INV_X1)
     3    5.09    0.01    0.01    1.77 v U_g11515/ZN (INV_X1)
                                         g11515 (net)
                  0.01    0.00    1.77 v U_g11544/A1 (AND2_X1)
     1    1.41    0.01    0.03    1.80 v U_g11544/ZN (AND2_X1)
                                         g11544 (net)
                  0.01    0.00    1.80 v U_g11580/A2 (OR2_X1)
     1    1.86    0.01    0.05    1.84 v U_g11580/ZN (OR2_X1)
                                         g11580 (net)
                  0.01    0.00    1.84 v U_g11596/A (INV_X1)
     1    1.19    0.01    0.01    1.86 ^ U_g11596/ZN (INV_X1)
                                         g11596 (net)
                  0.01    0.00    1.86 ^ U_g11637/A1 (AND2_X1)
     1    1.37    0.01    0.03    1.88 ^ U_g11637/ZN (AND2_X1)
                                         g11637 (net)
                  0.01    0.00    1.88 ^ U_g11647/A2 (OR2_X1)
     1    1.30    0.01    0.02    1.91 ^ U_g11647/ZN (OR2_X1)
                                         g11647 (net)
                  0.01    0.00    1.91 ^ U_g336/D (SDFF_X1)
                                  1.91   data arrival time

                         10.00   10.00   clock clk (rise edge)
                          0.00   10.00   clock source latency
     1   16.30    0.00    0.00   10.00 ^ CK (in)
                                         CK (net)
                  0.00    0.00   10.00 ^ clkbuf_0_CK/A (CLKBUF_X3)
     8   37.19    0.03    0.05   10.06 ^ clkbuf_0_CK/Z (CLKBUF_X3)
                                         clknet_0_CK (net)
                  0.03    0.00   10.06 ^ clkbuf_3_1__f_CK/A (CLKBUF_X3)
    12   32.69    0.03    0.06   10.12 ^ clkbuf_3_1__f_CK/Z (CLKBUF_X3)
                                         clknet_3_1__leaf_CK (net)
                  0.03    0.00   10.12 ^ clkbuf_leaf_70_CK/A (CLKBUF_X3)
     8   10.58    0.01    0.04   10.16 ^ clkbuf_leaf_70_CK/Z (CLKBUF_X3)
                                         clknet_leaf_70_CK (net)
                  0.01    0.00   10.16 ^ U_g336/CK (SDFF_X1)
                          0.00   10.16   clock reconvergence pessimism
                         -0.07   10.09   library setup time
                                 10.09   data required time
-----------------------------------------------------------------------------
                                 10.09   data required time
                                 -1.91   data arrival time
-----------------------------------------------------------------------------
                                  8.19   slack (MET)



==========================================================================
global route report_check_types -max_slew -max_cap -max_fanout -violators
--------------------------------------------------------------------------

==========================================================================
global route max_slew_check_slack
--------------------------------------------------------------------------
0.06833218783140182

==========================================================================
global route max_slew_check_limit
--------------------------------------------------------------------------
0.1985349953174591

==========================================================================
global route max_slew_check_slack_limit
--------------------------------------------------------------------------
0.3442

==========================================================================
global route max_fanout_check_slack
--------------------------------------------------------------------------
1.0000000150474662e+30

==========================================================================
global route max_fanout_check_limit
--------------------------------------------------------------------------
1.0000000150474662e+30

==========================================================================
global route max_capacitance_check_slack
--------------------------------------------------------------------------
1.6829595565795898

==========================================================================
global route max_capacitance_check_limit
--------------------------------------------------------------------------
60.65370559692383

==========================================================================
global route max_capacitance_check_slack_limit
--------------------------------------------------------------------------
0.0277

==========================================================================
global route max_slew_violation_count
--------------------------------------------------------------------------
max slew violation count 0

==========================================================================
global route max_fanout_violation_count
--------------------------------------------------------------------------
max fanout violation count 0

==========================================================================
global route max_cap_violation_count
--------------------------------------------------------------------------
max cap violation count 0

==========================================================================
global route setup_violation_count
--------------------------------------------------------------------------
setup violation count 0

==========================================================================
global route hold_violation_count
--------------------------------------------------------------------------
hold violation count 0

==========================================================================
global route report_checks -path_delay max reg to reg
--------------------------------------------------------------------------
Startpoint: U_g928 (rising edge-triggered flip-flop clocked by clk)
Endpoint: U_g336 (rising edge-triggered flip-flop clocked by clk)
Path Group: clk
Path Type: max

  Delay    Time   Description
---------------------------------------------------------
   0.00    0.00   clock clk (rise edge)
   0.00    0.00   clock source latency
   0.00    0.00 ^ CK (in)
   0.06    0.06 ^ clkbuf_0_CK/Z (CLKBUF_X3)
   0.06    0.12 ^ clkbuf_3_5__f_CK/Z (CLKBUF_X3)
   0.04    0.16 ^ clkbuf_leaf_51_CK/Z (CLKBUF_X3)
   0.00    0.16 ^ U_g928/CK (SDFF_X1)
   0.08    0.24 v U_g928/Q (SDFF_X1)
   0.03    0.27 v U_g9596/ZN (AND2_X1)
   0.11    0.39 v U_I14855/ZN (OR4_X1)
   0.12    0.51 v U_g9722/ZN (OR4_X1)
   0.03    0.54 v U_g9828/ZN (AND2_X1)
   0.12    0.66 v U_I15199/ZN (OR4_X1)
   0.07    0.73 v U_g9995/ZN (OR2_X1)
   0.04    0.76 ^ U_I15503/ZN (INV_X1)
   0.03    0.79 v U_g10430/ZN (NOR2_X1)
   0.02    0.82 ^ U_I16032/ZN (NAND2_X1)
   0.01    0.83 v U_g10475/ZN (NAND2_X1)
   0.11    0.94 v U_I16161/ZN (OR4_X1)
   0.05    1.00 v U_g10529/ZN (OR2_X1)
   0.04    1.04 ^ U_g10562/ZN (NOR2_X1)
   0.07    1.11 ^ U_g10702/ZN (OR2_X2)
   0.03    1.14 v FE_OFC10_g10702/ZN (INV_X1)
   0.10    1.24 ^ FE_OFC13_g10702/ZN (INV_X1)
   0.05    1.28 ^ U_g11006/ZN (AND2_X1)
   0.03    1.32 ^ U_g11219/ZN (OR2_X1)
   0.02    1.34 v U_I17281/ZN (NAND2_X1)
   0.02    1.36 ^ U_I17283/ZN (NAND2_X1)
   0.02    1.38 v U_g11414/ZN (NAND2_X1)
   0.02    1.40 ^ U_I17393/ZN (NAND2_X1)
   0.02    1.41 v U_I17395/ZN (NAND2_X1)
   0.02    1.44 ^ U_g11448/ZN (NAND2_X1)
   0.02    1.45 v U_I17459/ZN (NAND2_X1)
   0.02    1.47 ^ U_I17461/ZN (NAND2_X1)
   0.02    1.49 v U_g11474/ZN (NAND2_X1)
   0.02    1.51 ^ U_I17485/ZN (NAND2_X1)
   0.02    1.53 v U_I17487/ZN (NAND2_X1)
   0.02    1.55 ^ U_g11490/ZN (NAND2_X1)
   0.01    1.56 v U_g11515/ZN (INV_X1)
   0.03    1.59 v U_g11544/ZN (AND2_X1)
   0.05    1.64 v U_g11580/ZN (OR2_X1)
   0.01    1.65 ^ U_g11596/ZN (INV_X1)
   0.03    1.67 ^ U_g11637/ZN (AND2_X1)
   0.02    1.70 ^ U_g11647/ZN (OR2_X1)
   0.00    1.70 ^ U_g336/D (SDFF_X1)
           1.70   data arrival time

  10.00   10.00   clock clk (rise edge)
   0.00   10.00   clock source latency
   0.00   10.00 ^ CK (in)
   0.06   10.06 ^ clkbuf_0_CK/Z (CLKBUF_X3)
   0.06   10.12 ^ clkbuf_3_1__f_CK/Z (CLKBUF_X3)
   0.04   10.16 ^ clkbuf_leaf_70_CK/Z (CLKBUF_X3)
   0.00   10.16 ^ U_g336/CK (SDFF_X1)
   0.00   10.16   clock reconvergence pessimism
  -0.07   10.09   library setup time
          10.09   data required time
---------------------------------------------------------
          10.09   data required time
          -1.70   data arrival time
---------------------------------------------------------
           8.40   slack (MET)



==========================================================================
global route report_checks -path_delay min reg to reg
--------------------------------------------------------------------------
Startpoint: U_g1527 (rising edge-triggered flip-flop clocked by clk)
Endpoint: U_g1546 (rising edge-triggered flip-flop clocked by clk)
Path Group: clk
Path Type: min

  Delay    Time   Description
---------------------------------------------------------
   0.00    0.00   clock clk (rise edge)
   0.00    0.00   clock source latency
   0.00    0.00 ^ CK (in)
   0.06    0.06 ^ clkbuf_0_CK/Z (CLKBUF_X3)
   0.06    0.12 ^ clkbuf_3_7__f_CK/Z (CLKBUF_X3)
   0.04    0.16 ^ clkbuf_leaf_42_CK/Z (CLKBUF_X3)
   0.00    0.16 ^ U_g1527/CK (SDFF_X1)
   0.07    0.23 ^ U_g1527/Q (SDFF_X1)
   0.00    0.23 ^ U_g1546/SI (SDFF_X1)
           0.23   data arrival time

   0.00    0.00   clock clk (rise edge)
   0.00    0.00   clock source latency
   0.00    0.00 ^ CK (in)
   0.06    0.06 ^ clkbuf_0_CK/Z (CLKBUF_X3)
   0.06    0.12 ^ clkbuf_3_7__f_CK/Z (CLKBUF_X3)
   0.04    0.16 ^ clkbuf_leaf_41_CK/Z (CLKBUF_X3)
   0.00    0.16 ^ U_g1546/CK (SDFF_X1)
   0.00    0.16   clock reconvergence pessimism
  -0.01    0.15   library hold time
           0.15   data required time
---------------------------------------------------------
           0.15   data required time
          -0.23   data arrival time
---------------------------------------------------------
           0.08   slack (MET)



==========================================================================
global route critical path target clock latency max path
--------------------------------------------------------------------------
0.1629

==========================================================================
global route critical path target clock latency min path
--------------------------------------------------------------------------
0.1649

==========================================================================
global route critical path source clock latency min path
--------------------------------------------------------------------------
0.0000

==========================================================================
global route critical path delay
--------------------------------------------------------------------------
1.9061

==========================================================================
global route critical path slack
--------------------------------------------------------------------------
8.1879

==========================================================================
global route slack div critical path delay
--------------------------------------------------------------------------
429.562982

==========================================================================
global route report_power
--------------------------------------------------------------------------
Group                  Internal  Switching    Leakage      Total
                          Power      Power      Power      Power (Watts)
----------------------------------------------------------------
Sequential             5.42e-04   1.55e-04   5.02e-05   7.47e-04  44.3%
Combinational          3.09e-04   2.61e-04   1.01e-04   6.71e-04  39.8%
Clock                  1.19e-04   1.44e-04   4.06e-06   2.67e-04  15.8%
Macro                  0.00e+00   0.00e+00   0.00e+00   0.00e+00   0.0%
Pad                    0.00e+00   0.00e+00   0.00e+00   0.00e+00   0.0%
----------------------------------------------------------------
Total                  9.70e-04   5.60e-04   1.55e-04   1.68e-03 100.0%
                          57.5%      33.2%       9.2%
