OpenROAD 26Q2-1164-g08f67ee5ec 
Features included (+) or not (-): +GPU +GUI +Python
This program is licensed under the BSD-3 license. See the LICENSE file for details.
Components of this program may be licensed under more restrictive licenses which must be honored.
[INFO ORD-0030] Using 4 thread(s).
read_liberty /root/pact-deps/OpenROAD-flow-scripts/flow/platforms/nangate45/lib/NangateOpenCellLibrary_typical.lib
read_db /mnt/c/Users/Abhinav/OneDrive/Desktop/PACT/PACT/results/phase2c_repair_multiseed/raw/orfs/results/nangate45/s9234f/phase2c_s13_7294cc1ffe74/5_1_grt.odb
read_sdc /mnt/c/Users/Abhinav/OneDrive/Desktop/PACT/PACT/results/phase2c_repair_multiseed/raw/orfs/results/nangate45/s9234f/phase2c_s13_7294cc1ffe74/5_1_grt.sdc
source /root/pact-deps/OpenROAD-flow-scripts/flow/platforms/nangate45/setRC.tcl
detailed_route -output_drc /mnt/c/Users/Abhinav/OneDrive/Desktop/PACT/PACT/results/phase2c_repair_multiseed/raw/orfs/reports/nangate45/s9234f/phase2c_s13_7294cc1ffe74/5_route_drc.rpt -output_maze /mnt/c/Users/Abhinav/OneDrive/Desktop/PACT/PACT/results/phase2c_repair_multiseed/raw/orfs/results/nangate45/s9234f/phase2c_s13_7294cc1ffe74/maze.log -droute_end_iter 64 -verbose 1 -drc_report_iter_step 5
[INFO DRT-0149] Reading tech and libs.

Units:                2000
Number of layers:     21
Number of macros:     135
Number of vias:       33
Number of viarulegen: 19

[INFO DRT-0150] Reading design.

Design:                   s9234f
Die area:                 ( 0 0 ) ( 206880 206880 )
Number of track patterns: 20
Number of DEF vias:       0
Number of components:     2795
Number of terminals:      83
Number of snets:          2
Number of nets:           2672

[INFO DRT-0167] List of default vias:
  Layer via2
    default via: via2_5
  Layer via3
    default via: via3_2
  Layer via4
    default via: via4_0
  Layer via5
    default via: via5_0
  Layer via6
    default via: via6_0
  Layer via7
    default via: via7_0
  Layer via8
    default via: via8_0
  Layer via9
    default via: via9_0
[INFO DRT-0162] Library cell analysis.
[INFO DRT-0163] Instance analysis.
[INFO DRT-0164] Number of unique instances = 49.
[INFO DRT-0168] Init region query.
[INFO DRT-0024]   Complete active.
[INFO DRT-0024]   Complete Fr_VIA.
[INFO DRT-0024]   Complete metal1.
[INFO DRT-0024]   Complete via1.
[INFO DRT-0024]   Complete metal2.
[INFO DRT-0024]   Complete via2.
[INFO DRT-0024]   Complete metal3.
[INFO DRT-0024]   Complete via3.
[INFO DRT-0024]   Complete metal4.
[INFO DRT-0024]   Complete via4.
[INFO DRT-0024]   Complete metal5.
[INFO DRT-0024]   Complete via5.
[INFO DRT-0024]   Complete metal6.
[INFO DRT-0024]   Complete via6.
[INFO DRT-0024]   Complete metal7.
[INFO DRT-0024]   Complete via7.
[INFO DRT-0024]   Complete metal8.
[INFO DRT-0024]   Complete via8.
[INFO DRT-0024]   Complete metal9.
[INFO DRT-0024]   Complete via9.
[INFO DRT-0024]   Complete metal10.
[INFO DRT-0033] active shape region query size = 0.
[INFO DRT-0033] FR_VIA shape region query size = 0.
[INFO DRT-0033] metal1 shape region query size = 42556.
[INFO DRT-0033] via1 shape region query size = 438.
[INFO DRT-0033] metal2 shape region query size = 292.
[INFO DRT-0033] via2 shape region query size = 438.
[INFO DRT-0033] metal3 shape region query size = 292.
[INFO DRT-0033] via3 shape region query size = 438.
[INFO DRT-0033] metal4 shape region query size = 164.
[INFO DRT-0033] via4 shape region query size = 140.
[INFO DRT-0033] metal5 shape region query size = 64.
[INFO DRT-0033] via5 shape region query size = 140.
[INFO DRT-0033] metal6 shape region query size = 73.
[INFO DRT-0033] via6 shape region query size = 56.
[INFO DRT-0033] metal7 shape region query size = 28.
[INFO DRT-0033] via7 shape region query size = 0.
[INFO DRT-0033] metal8 shape region query size = 0.
[INFO DRT-0033] via8 shape region query size = 0.
[INFO DRT-0033] metal9 shape region query size = 0.
[INFO DRT-0033] via9 shape region query size = 0.
[INFO DRT-0033] metal10 shape region query size = 0.
[INFO DRT-0165] Start pin access.
[INFO DRT-0078]   Complete 249 pins.
[INFO DRT-0081]   Complete 49 unique inst patterns.
[INFO DRT-0084]   Complete 1545 groups.
#scanned instances     = 2795
#unique  instances     = 49
#stdCellGenAp          = 1067
#stdCellValidPlanarAp  = 0
#stdCellValidViaAp     = 854
#stdCellPinNoAp        = 0
#stdCellPinCnt         = 8125
#instTermValidViaApCnt = 0
#macroGenAp            = 0
#macroValidPlanarAp    = 0
#macroValidViaAp       = 0
#macroNoAp             = 0
[INFO DRT-0166] Complete pin access.
[INFO DRT-0267] cpu time = 00:00:31, elapsed time = 00:00:13, memory = 266.46 (MB), peak = 265.99 (MB)

[INFO DRT-0157] Number of guides:     22076

[INFO DRT-0169] Post process guides.
[INFO DRT-0176] GCELLGRID X 0 DO 36 STEP 5700 ;
[INFO DRT-0177] GCELLGRID Y 0 DO 36 STEP 5700 ;
[INFO DRT-0028]   Complete active.
[INFO DRT-0028]   Complete Fr_VIA.
[INFO DRT-0028]   Complete metal1.
[INFO DRT-0028]   Complete via1.
[INFO DRT-0028]   Complete metal2.
[INFO DRT-0028]   Complete via2.
[INFO DRT-0028]   Complete metal3.
[INFO DRT-0028]   Complete via3.
[INFO DRT-0028]   Complete metal4.
[INFO DRT-0028]   Complete via4.
[INFO DRT-0028]   Complete metal5.
[INFO DRT-0028]   Complete via5.
[INFO DRT-0028]   Complete metal6.
[INFO DRT-0028]   Complete via6.
[INFO DRT-0028]   Complete metal7.
[INFO DRT-0028]   Complete via7.
[INFO DRT-0028]   Complete metal8.
[INFO DRT-0028]   Complete via8.
[INFO DRT-0028]   Complete metal9.
[INFO DRT-0028]   Complete via9.
[INFO DRT-0028]   Complete metal10.
[INFO DRT-0178] Init guide query.
[INFO DRT-0035]   Complete active (guide).
[INFO DRT-0035]   Complete Fr_VIA (guide).
[INFO DRT-0035]   Complete metal1 (guide).
[INFO DRT-0035]   Complete via1 (guide).
[INFO DRT-0035]   Complete metal2 (guide).
[INFO DRT-0035]   Complete via2 (guide).
[INFO DRT-0035]   Complete metal3 (guide).
[INFO DRT-0035]   Complete via3 (guide).
[INFO DRT-0035]   Complete metal4 (guide).
[INFO DRT-0035]   Complete via4 (guide).
[INFO DRT-0035]   Complete metal5 (guide).
[INFO DRT-0035]   Complete via5 (guide).
[INFO DRT-0035]   Complete metal6 (guide).
[INFO DRT-0035]   Complete via6 (guide).
[INFO DRT-0035]   Complete metal7 (guide).
[INFO DRT-0035]   Complete via7 (guide).
[INFO DRT-0035]   Complete metal8 (guide).
[INFO DRT-0035]   Complete via8 (guide).
[INFO DRT-0035]   Complete metal9 (guide).
[INFO DRT-0035]   Complete via9 (guide).
[INFO DRT-0035]   Complete metal10 (guide).
[INFO DRT-0036] active guide region query size = 0.
[INFO DRT-0036] FR_VIA guide region query size = 0.
[INFO DRT-0036] metal1 guide region query size = 7163.
[INFO DRT-0036] via1 guide region query size = 0.
[INFO DRT-0036] metal2 guide region query size = 6485.
[INFO DRT-0036] via2 guide region query size = 0.
[INFO DRT-0036] metal3 guide region query size = 3669.
[INFO DRT-0036] via3 guide region query size = 0.
[INFO DRT-0036] metal4 guide region query size = 675.
[INFO DRT-0036] via4 guide region query size = 0.
[INFO DRT-0036] metal5 guide region query size = 286.
[INFO DRT-0036] via5 guide region query size = 0.
[INFO DRT-0036] metal6 guide region query size = 91.
[INFO DRT-0036] via6 guide region query size = 0.
[INFO DRT-0036] metal7 guide region query size = 1.
[INFO DRT-0036] via7 guide region query size = 0.
[INFO DRT-0036] metal8 guide region query size = 0.
[INFO DRT-0036] via8 guide region query size = 0.
[INFO DRT-0036] metal9 guide region query size = 0.
[INFO DRT-0036] via9 guide region query size = 0.
[INFO DRT-0036] metal10 guide region query size = 0.
[INFO DRT-0179] Init gr pin query.
[INFO DRT-0267] cpu time = 00:00:00, elapsed time = 00:00:00, memory = 274.55 (MB), peak = 274.11 (MB)
[INFO DRT-0245] skipped writing guide updates to database.
[INFO DRT-0181] Start track assignment.
[INFO DRT-0184] Done with 7251 vertical wires in 1 frboxes and 11119 horizontal wires in 1 frboxes.
[INFO DRT-0186] Done with 2192 vertical wires in 1 frboxes and 2732 horizontal wires in 1 frboxes.
[INFO DRT-0182] Complete track assignment.
[INFO DRT-0267] cpu time = 00:00:02, elapsed time = 00:00:01, memory = 311.89 (MB), peak = 311.55 (MB)
[INFO DRT-0187] Start routing data preparation.
[INFO DRT-0267] cpu time = 00:00:00, elapsed time = 00:00:00, memory = 311.95 (MB), peak = 311.55 (MB)
[INFO DRT-0194] Start detail routing.
[INFO DRT-0195] Start 0th optimization iteration.
    Completing 10% with 0 violations.
    elapsed time = 00:00:01, memory = 375.16 (MB).
    Completing 20% with 0 violations.
    elapsed time = 00:00:04, memory = 376.93 (MB).
    Completing 30% with 98 violations.
    elapsed time = 00:00:06, memory = 420.14 (MB).
    Completing 40% with 98 violations.
    elapsed time = 00:00:09, memory = 444.59 (MB).
    Completing 50% with 98 violations.
    elapsed time = 00:00:18, memory = 393.97 (MB).
    Completing 60% with 179 violations.
    elapsed time = 00:00:21, memory = 439.94 (MB).
    Completing 70% with 179 violations.
    elapsed time = 00:00:26, memory = 442.64 (MB).
    Completing 80% with 313 violations.
    elapsed time = 00:00:31, memory = 474.88 (MB).
    Completing 90% with 313 violations.
    elapsed time = 00:00:31, memory = 474.94 (MB).
    Completing 100% with 388 violations.
    elapsed time = 00:00:37, memory = 453.00 (MB).
[INFO DRT-0199]   Number of violations = 558.
Viol/Layer      metal1 metal2   via2 metal3 metal4   via4 metal5
Cut Spacing          0      0      1      0      0      1      0
Metal Spacing        0     42      0      2      1      0      0
Recheck              1     96      0     63      8      0      2
Short                0    280      0     61      0      0      0
[INFO DRT-0267] cpu time = 00:01:03, elapsed time = 00:00:38, memory = 966.42 (MB), peak = 966.13 (MB)
Total wire length = 38062 um.
Total wire length on LAYER metal1 = 0 um.
Total wire length on LAYER metal2 = 14225 um.
Total wire length on LAYER metal3 = 16286 um.
Total wire length on LAYER metal4 = 4224 um.
Total wire length on LAYER metal5 = 2315 um.
Total wire length on LAYER metal6 = 989 um.
Total wire length on LAYER metal7 = 20 um.
Total wire length on LAYER metal8 = 0 um.
Total wire length on LAYER metal9 = 0 um.
Total wire length on LAYER metal10 = 0 um.
Total number of vias = 18280.
Up-via summary (total 18280):

----------------
 active        0
 metal1     8177
 metal2     8690
 metal3      920
 metal4      363
 metal5      128
 metal6        2
 metal7        0
 metal8        0
 metal9        0
----------------
       18280


[INFO DRT-0195] Start 1st optimization iteration.
    Completing 10% with 558 violations.
    elapsed time = 00:00:00, memory = 967.07 (MB).
    Completing 20% with 558 violations.
    elapsed time = 00:00:06, memory = 972.65 (MB).
    Completing 30% with 492 violations.
    elapsed time = 00:00:07, memory = 972.65 (MB).
    Completing 40% with 492 violations.
    elapsed time = 00:00:11, memory = 974.62 (MB).
    Completing 50% with 492 violations.
    elapsed time = 00:00:15, memory = 977.13 (MB).
    Completing 60% with 395 violations.
    elapsed time = 00:00:17, memory = 1007.12 (MB).
    Completing 70% with 395 violations.
    elapsed time = 00:00:21, memory = 1007.12 (MB).
    Completing 80% with 280 violations.
    elapsed time = 00:00:30, memory = 978.54 (MB).
    Completing 90% with 280 violations.
    elapsed time = 00:00:32, memory = 984.23 (MB).
    Completing 100% with 175 violations.
    elapsed time = 00:00:33, memory = 984.23 (MB).
[INFO DRT-0199]   Number of violations = 175.
Viol/Layer      metal2 metal3
Metal Spacing       25      1
Short              142      7
[INFO DRT-0267] cpu time = 00:01:00, elapsed time = 00:00:33, memory = 987.23 (MB), peak = 1006.75 (MB)
Total wire length = 37765 um.
Total wire length on LAYER metal1 = 0 um.
Total wire length on LAYER metal2 = 14025 um.
Total wire length on LAYER metal3 = 16191 um.
Total wire length on LAYER metal4 = 4237 um.
Total wire length on LAYER metal5 = 2296 um.
Total wire length on LAYER metal6 = 993 um.
Total wire length on LAYER metal7 = 21 um.
Total wire length on LAYER metal8 = 0 um.
Total wire length on LAYER metal9 = 0 um.
Total wire length on LAYER metal10 = 0 um.
Total number of vias = 18124.
Up-via summary (total 18124):

----------------
 active        0
 metal1     8179
 metal2     8529
 metal3      925
 metal4      358
 metal5      131
 metal6        2
 metal7        0
 metal8        0
 metal9        0
----------------
       18124


[INFO DRT-0195] Start 2nd optimization iteration.
    Completing 10% with 175 violations.
    elapsed time = 00:00:00, memory = 987.23 (MB).
    Completing 20% with 175 violations.
    elapsed time = 00:00:04, memory = 990.14 (MB).
    Completing 30% with 167 violations.
    elapsed time = 00:00:07, memory = 990.14 (MB).
    Completing 40% with 167 violations.
    elapsed time = 00:00:10, memory = 990.14 (MB).
    Completing 50% with 167 violations.
    elapsed time = 00:00:16, memory = 990.14 (MB).
    Completing 60% with 186 violations.
    elapsed time = 00:00:19, memory = 993.60 (MB).
    Completing 70% with 186 violations.
    elapsed time = 00:00:20, memory = 996.14 (MB).
    Completing 80% with 164 violations.
    elapsed time = 00:00:25, memory = 1003.28 (MB).
    Completing 90% with 164 violations.
    elapsed time = 00:00:29, memory = 1003.28 (MB).
    Completing 100% with 154 violations.
    elapsed time = 00:00:33, memory = 1003.28 (MB).
[INFO DRT-0199]   Number of violations = 154.
Viol/Layer      metal2   via2 metal3 metal4
Cut Spacing          0      1      0      0
Metal Spacing       35      0      2      0
Short              105      0     10      1
[INFO DRT-0267] cpu time = 00:00:53, elapsed time = 00:00:33, memory = 1003.28 (MB), peak = 1006.75 (MB)
Total wire length = 37661 um.
Total wire length on LAYER metal1 = 0 um.
Total wire length on LAYER metal2 = 13968 um.
Total wire length on LAYER metal3 = 16219 um.
Total wire length on LAYER metal4 = 4181 um.
Total wire length on LAYER metal5 = 2280 um.
Total wire length on LAYER metal6 = 992 um.
Total wire length on LAYER metal7 = 20 um.
Total wire length on LAYER metal8 = 0 um.
Total wire length on LAYER metal9 = 0 um.
Total wire length on LAYER metal10 = 0 um.
Total number of vias = 18094.
Up-via summary (total 18094):

----------------
 active        0
 metal1     8181
 metal2     8496
 metal3      916
 metal4      364
 metal5      135
 metal6        2
 metal7        0
 metal8        0
 metal9        0
----------------
       18094


[INFO DRT-0195] Start 3rd optimization iteration.
    Completing 10% with 154 violations.
    elapsed time = 00:00:00, memory = 1003.28 (MB).
    Completing 20% with 154 violations.
    elapsed time = 00:00:03, memory = 1012.36 (MB).
    Completing 30% with 124 violations.
    elapsed time = 00:00:04, memory = 1012.36 (MB).
    Completing 40% with 124 violations.
    elapsed time = 00:00:05, memory = 1012.36 (MB).
    Completing 50% with 124 violations.
    elapsed time = 00:00:06, memory = 1012.36 (MB).
    Completing 60% with 81 violations.
    elapsed time = 00:00:06, memory = 1012.36 (MB).
    Completing 70% with 81 violations.
    elapsed time = 00:00:09, memory = 1012.36 (MB).
    Completing 80% with 41 violations.
    elapsed time = 00:00:10, memory = 1012.36 (MB).
    Completing 90% with 41 violations.
    elapsed time = 00:00:10, memory = 1012.36 (MB).
    Completing 100% with 12 violations.
    elapsed time = 00:00:14, memory = 1012.36 (MB).
[INFO DRT-0199]   Number of violations = 12.
Viol/Layer      metal2 metal3 metal4
Metal Spacing        2      1      0
Short                6      2      1
[INFO DRT-0267] cpu time = 00:00:25, elapsed time = 00:00:14, memory = 1012.36 (MB), peak = 1011.88 (MB)
Total wire length = 37685 um.
Total wire length on LAYER metal1 = 0 um.
Total wire length on LAYER metal2 = 13774 um.
Total wire length on LAYER metal3 = 16266 um.
Total wire length on LAYER metal4 = 4354 um.
Total wire length on LAYER metal5 = 2281 um.
Total wire length on LAYER metal6 = 988 um.
Total wire length on LAYER metal7 = 20 um.
Total wire length on LAYER metal8 = 0 um.
Total wire length on LAYER metal9 = 0 um.
Total wire length on LAYER metal10 = 0 um.
Total number of vias = 18245.
Up-via summary (total 18245):

----------------
 active        0
 metal1     8182
 metal2     8579
 metal3      983
 metal4      364
 metal5      135
 metal6        2
 metal7        0
 metal8        0
 metal9        0
----------------
       18245


[INFO DRT-0195] Start 4th guides tiles iteration.
    Completing 10% with 12 violations.
    elapsed time = 00:00:00, memory = 1012.36 (MB).
    Completing 20% with 12 violations.
    elapsed time = 00:00:00, memory = 1012.36 (MB).
    Completing 30% with 12 violations.
    elapsed time = 00:00:00, memory = 1012.36 (MB).
    Completing 40% with 12 violations.
    elapsed time = 00:00:00, memory = 1012.36 (MB).
    Completing 50% with 12 violations.
    elapsed time = 00:00:00, memory = 1012.36 (MB).
    Completing 60% with 1 violations.
    elapsed time = 00:00:00, memory = 1012.36 (MB).
    Completing 70% with 1 violations.
    elapsed time = 00:00:00, memory = 1012.36 (MB).
    Completing 80% with 1 violations.
    elapsed time = 00:00:00, memory = 1012.36 (MB).
    Completing 90% with 1 violations.
    elapsed time = 00:00:00, memory = 1012.36 (MB).
    Completing 100% with 0 violations.
    elapsed time = 00:00:00, memory = 1012.36 (MB).
[INFO DRT-0199]   Number of violations = 0.
[INFO DRT-0267] cpu time = 00:00:01, elapsed time = 00:00:00, memory = 1012.36 (MB), peak = 1011.88 (MB)
Total wire length = 37686 um.
Total wire length on LAYER metal1 = 0 um.
Total wire length on LAYER metal2 = 13768 um.
Total wire length on LAYER metal3 = 16267 um.
Total wire length on LAYER metal4 = 4360 um.
Total wire length on LAYER metal5 = 2281 um.
Total wire length on LAYER metal6 = 988 um.
Total wire length on LAYER metal7 = 20 um.
Total wire length on LAYER metal8 = 0 um.
Total wire length on LAYER metal9 = 0 um.
Total wire length on LAYER metal10 = 0 um.
Total number of vias = 18250.
Up-via summary (total 18250):

----------------
 active        0
 metal1     8182
 metal2     8584
 metal3      983
 metal4      364
 metal5      135
 metal6        2
 metal7        0
 metal8        0
 metal9        0
----------------
       18250


[INFO DRT-0198] Complete detail routing.
Total wire length = 37686 um.
Total wire length on LAYER metal1 = 0 um.
Total wire length on LAYER metal2 = 13768 um.
Total wire length on LAYER metal3 = 16267 um.
Total wire length on LAYER metal4 = 4360 um.
Total wire length on LAYER metal5 = 2281 um.
Total wire length on LAYER metal6 = 988 um.
Total wire length on LAYER metal7 = 20 um.
Total wire length on LAYER metal8 = 0 um.
Total wire length on LAYER metal9 = 0 um.
Total wire length on LAYER metal10 = 0 um.
Total number of vias = 18250.
Up-via summary (total 18250):

----------------
 active        0
 metal1     8182
 metal2     8584
 metal3      983
 metal4      364
 metal5      135
 metal6        2
 metal7        0
 metal8        0
 metal9        0
----------------
       18250


[INFO DRT-0267] cpu time = 00:03:25, elapsed time = 00:02:00, memory = 1012.42 (MB), peak = 1012.01 (MB)

[INFO DRT-0180] Post processing.
Took 136 seconds: detailed_route -output_drc /mnt/c/Users/Abhinav/OneDrive/Desktop/PACT/PACT/results/phase2c_repair_multiseed/raw/orfs/reports/nangate45/s9234f/phase2c_s13_7294cc1ffe74/5_route_drc.rpt -output_maze /mnt/c/Users/Abhinav/OneDrive/Desktop/PACT/PACT/results/phase2c_repair_multiseed/raw/orfs/results/nangate45/s9234f/phase2c_s13_7294cc1ffe74/maze.log -droute_end_iter 64 -verbose 1 -drc_report_iter_step 5
[WARNING GRT-0246] No diode with LEF class CORE ANTENNACELL found.
[INFO ANT-0002] Found 0 net violations.
[INFO ANT-0001] Found 0 pin violations.
[INFO ANT-0002] Found 0 net violations.
[INFO ANT-0001] Found 0 pin violations.
Design area 3636 um^2 36% utilization.
write_db /mnt/c/Users/Abhinav/OneDrive/Desktop/PACT/PACT/results/phase2c_repair_multiseed/raw/orfs/results/nangate45/s9234f/phase2c_s13_7294cc1ffe74/5_2_route.odb
Elapsed time: 2:20.95[h:]min:sec. CPU time: user 238.27 sys 6.57 (173%). Peak memory: 1036296KB.
Log                       Ext     Elapsed/s Peak Memory/MB sha1sum result [0:20)
5_2_route                 .odb          140           1012 b7e1ab8d86c72d96ce68
