{
  "status": "PACT_GATE09_REFERENCE_ADMISSION_PENDING",
  "capacity": {
    "volumes": {
      "C": {
        "free_bytes": 18977456128,
        "minimum_free_bytes": 6442450944,
        "deficit_bytes": 0,
        "status": "PASS"
      },
      "D": {
        "free_bytes": 35747160064,
        "minimum_free_bytes": 26843545600,
        "deficit_bytes": 0,
        "status": "PASS"
      }
    },
    "status": "PASS",
    "per_design_margin": "Pending admitted artifact dimensions; fixed floor is a minimum, not a sufficient per-design budget"
  },
  "audit_path": "/mnt/c/Users/Abhinav/OneDrive/Desktop/PACT/PACT/results/pact_gate09_open_source_20261005/cohort_input_namespaced/b17_opt/capacity/admission.json"
}
