atpg_generate -15 900.05 seconds
b17_opt PACT_EXECUTION_BLOCKED Command failed: /mnt/d/PACT_EXPERIMENTS/results/pact_gate09_open_source_20261005/repair_attempts/metadata_registration_b17_opt/inputs/b17_opt/atpg_generate/execution.json
{
  "schema": "pact_gate09_reference_worker_v1",
  "action": "prepare",
  "design": "b17_opt",
  "created_utc": "2026-10-06T00:21:46.372673+00:00",
  "PID": 2251,
  "source_admission": {
    "path": "/mnt/c/Users/Abhinav/OneDrive/Desktop/PACT/PACT/results/pact_gate09_open_source_20261005/source_admission/b17_opt.json",
    "sha256": "ddeafe314c5f5a6eeb45e4b4fb9db8156ffc838dac1323df89300f13203eca2d",
    "bytes": 5841
  },
  "harness": {
    "path": "/mnt/c/Users/Abhinav/OneDrive/Desktop/PACT/PACT/scripts/pact_gate09_reference.py",
    "sha256": "3d2220b04dc33def9f726e43c4195fd675cbb27ee0d4ee6fa257472f2eaf7169",
    "bytes": 16283
  },
  "capacity": {
    "volumes": {
      "C": {
        "free_bytes": 18894512128,
        "minimum_free_bytes": 6509559808,
        "deficit_bytes": 0,
        "status": "PASS"
      },
      "D": {
        "free_bytes": 35730239488,
        "minimum_free_bytes": 28257724032,
        "deficit_bytes": 0,
        "status": "PASS"
      }
    },
    "status": "PASS",
    "per_design_margin": {
      "stage": "ATPG_AND_PHYSICAL_REFERENCE_PREPARATION",
      "measured_source_bytes": 11048269,
      "additional_bytes": {
        "C": 67108864,
        "D": 1414178432
      },
      "rule": "C +64 MiB; D +max(512 MiB,128*(mapped netlist bytes + mapped JSON bytes))",
      "exact_activity_margin": "Must be recalculated from the actual pattern/cycle/net dimensions before activity jobs"
    }
  },
  "scientific_method_changes": 0,
  "repair_attempt": "metadata_registration_b17_opt",
  "dependency_repair": {
    "path": "/mnt/c/Users/Abhinav/OneDrive/Desktop/PACT/PACT/results/pact_gate09_open_source_20261005/dependency_repairs/FAN_ATPG/compound_reporter_qualification.json",
    "sha256": "71bc45f4e54c8928ff50a635d829a8e17b7f18ad6e582f5ae496a93520d06a24",
    "bytes": 17558
  },
  "common_FAN_backend": {
    "bytes": 871192,
    "path": "/root/pact-deps/FAN_ATPG-gate09-reporter-repair/bin/opt/fan",
    "sha256": "b554618c945f68dcf242f0baa9542b52bbfc8f8b2abb72378009bdec3b62433e"
  },
  "qualified_repair_source_SHA": "4c253bfa613e5827f17c42a5fce8be7bea779e1e",
  "PACT_search_started": false,
  "source_and_destination_adaptation_only": true,
  "status": "PACT_EXECUTION_BLOCKED",
  "receipt": {
    "path": "/mnt/c/Users/Abhinav/OneDrive/Desktop/PACT/PACT/results/pact_gate09_open_source_20261005/repair_attempts/metadata_registration_b17_opt/physical/b17_opt/preparation.json",
    "sha256": "4844602c79c2e3120ff9a606ceca093ac183341d447784cb559e6ca0fff8b548",
    "bytes": 1574
  },
  "completed_utc": "2026-10-06T00:37:13.842204+00:00",
  "wall_seconds": 910.7242889809995,
  "CPU_seconds": 2.493745,
  "children_CPU_seconds": 926.149346,
  "peak_RSS_KiB": 24644,
  "child_peak_RSS_KiB": 96888
}
