OpenROAD 26Q2-1164-g08f67ee5ec 
Features included (+) or not (-): +GPU +GUI +Python
This program is licensed under the BSD-3 license. See the LICENSE file for details.
Components of this program may be licensed under more restrictive licenses which must be honored.
[INFO ORD-0030] Using 4 thread(s).
mkdir -p ./objects/nangate45/s5378/phase0c_f3e7b516a_s23_k4_B0_048d7f2c_7f655d61
/root/pact-deps/OpenROAD-flow-scripts/flow/scripts/flow.sh 4_1_cts cts
Running cts.tcl, stage 4_1_cts
read_liberty /root/pact-deps/OpenROAD-flow-scripts/flow/platforms/nangate45/lib/NangateOpenCellLibrary_typical.lib
read_db ./results/nangate45/s5378/phase0c_f3e7b516a_s23_k4_B0_048d7f2c_7f655d61/3_place.odb
read_sdc ./results/nangate45/s5378/phase0c_f3e7b516a_s23_k4_B0_048d7f2c_7f655d61/3_place.sdc
source /root/pact-deps/OpenROAD-flow-scripts/flow/platforms/nangate45/setRC.tcl
clock_tree_synthesis -sink_clustering_enable -repair_clock_nets
[INFO CTS-0050] Root buffer is CLKBUF_X3.
[INFO CTS-0051] Sink buffer is CLKBUF_X3.
[INFO CTS-0052] The following clock buffers will be used for CTS:
                    CLKBUF_X3
[INFO CTS-0049] Characterization buffer is CLKBUF_X3.
[INFO CTS-0007] Net "CK" found for clock "clk".
[INFO CTS-0010]  Clock net "CK" has 179 sinks.
[INFO CTS-0008] TritonCTS found 1 clock nets.
[INFO CTS-0097] Characterization used 1 buffer(s) types.
[INFO CTS-0201] 0 blockages from hard placement blockages and placed macros will be used.
[INFO CTS-0027] Generating H-Tree topology for net CK.
[INFO CTS-0028]  Total number of sinks: 179.
[INFO CTS-0090]  Sinks will be clustered based on buffer max cap.
[INFO CTS-0030]  Number of static layers: 0.
[INFO CTS-0020]  Wire segment unit: 14000  dbu (7 um).
[INFO CTS-0023]  Original sink region: [(6905, 24200), (161565, 158600)].
[INFO CTS-0024]  Normalized sink region: [(0.493214, 1.72857), (11.5404, 11.3286)].
[INFO CTS-0025]     Width:  11.0471.
[INFO CTS-0026]     Height: 9.6000.
 Level 1
    Direction: Horizontal
    Sinks per sub-region: 90
    Sub-region size: 5.5236 X 9.6000
[INFO CTS-0034]     Segment length (rounded): 2.
 Level 2
    Direction: Vertical
    Sinks per sub-region: 45
    Sub-region size: 5.5236 X 4.8000
[INFO CTS-0034]     Segment length (rounded): 2.
 Level 3
    Direction: Horizontal
    Sinks per sub-region: 23
    Sub-region size: 2.7618 X 4.8000
[INFO CTS-0034]     Segment length (rounded): 1.
 Level 4
    Direction: Vertical
    Sinks per sub-region: 12
    Sub-region size: 2.7618 X 2.4000
[INFO CTS-0034]     Segment length (rounded): 1.
[INFO CTS-0032]  Stop criterion found. Max number of sinks is 15.
[INFO CTS-0035]  Number of sinks covered: 179.
[INFO CTS-0018]     Created 17 clock buffers.
[INFO CTS-0012]     Minimum number of buffers in the clock path: 2.
[INFO CTS-0013]     Maximum number of buffers in the clock path: 2.
[INFO CTS-0015]     Created 17 clock nets.
[INFO CTS-0016]     Fanout distribution for the current clock = 7:2, 8:2, 9:3, 10:1, 11:1, 12:1, 13:2, 14:2, 15:1, 20:1..
[INFO CTS-0017]     Max level of the clock tree: 4.
[INFO CTS-0098] Clock net "CK"
[INFO CTS-0099]  Sinks 194
[INFO CTS-0100]  Leaf buffers 0
[INFO CTS-0101]  Average sink wire length 114.28 um
[INFO CTS-0102]  Path depth 2 - 2
[INFO CTS-0207]  Dummy loads inserted 15
estimate_parasitics -placement
detailed_placement
[INFO DPL-0006] Core area: 6921.05 um^2, Instances area: 2564.24 um^2, Utilization: 37.0%
[INFO DPL-0005] Diamond search max displacement: +/- 500 sites horizontally, +/- 100 rows vertically.
[INFO DPL-1101] Legalizing using diamond search.
Movements Summary
---------------------------------------
Total cells:                    1927
Diamond Move Success:           1927 (100.00%)
Diamond Move Failure:              0
Rip-up and replace Success:        0 (  0.00% of diamond failures)
Rip-up and replace Failure:        0
Total Placement Failures:          0
---------------------------------------
Placement Analysis
---------------------------------
total displacement         84.5 u
average displacement        0.0 u
max displacement            2.6 u
original HPWL           23277.0 u
legalized HPWL          23308.9 u
delta HPWL                    0 %

estimate_parasitics -placement
repair_timing -setup_margin 0 -hold_margin 0 -repair_tns 100 -verbose
[INFO RSZ-0100] Repair move sequence: UnbufferMove SizeUpMove SwapPinsMove BufferMove CloneMove SplitLoadMove 
[INFO RSZ-0098] No setup violations found
[INFO RSZ-0046] Found 91 endpoints with hold violations.
Iteration | Resized | Buffers | Cloned Gates |   Area   |   WNS   |   TNS   | Endpoint
--------------------------------------------------------------------------------------
        0 |       0 |       0 |            0 |    +0.0% |  -0.085 |  -2.332 | U_n673gat/SI
       10 |       0 |      14 |            0 |    +0.4% |  -0.065 |  -1.716 | U_n1026gat/D
       20 |       0 |      26 |            0 |    +0.8% |  -0.059 |  -0.918 | U_n618gat/D
       30 |       0 |      32 |            0 |    +1.0% |  -0.032 |  -0.582 | U_n673gat/SI
       40 |       0 |      38 |            0 |    +1.2% |  -0.032 |  -0.326 | U_n673gat/SI
       50 |       0 |      40 |            0 |    +1.2% |  -0.032 |  -0.032 | U_n673gat/SI
       60 |       0 |      40 |            0 |    +1.2% |  -0.032 |  -0.032 | U_n673gat/SI
       70 |       0 |      40 |            0 |    +1.2% |  -0.032 |  -0.032 | U_n673gat/SI
       80 |       0 |      40 |            0 |    +1.2% |  -0.032 |  -0.032 | U_n673gat/SI
       90 |       0 |      40 |            0 |    +1.2% |  -0.032 |  -0.032 | U_n673gat/SI
    final |       0 |      42 |            0 |    +1.3% |   0.001 |   0.000 | U_n816gat/D
--------------------------------------------------------------------------------------
[INFO RSZ-0032] Inserted 42 hold buffers.
detailed_placement
[INFO DPL-0006] Core area: 6921.05 um^2, Instances area: 2597.76 um^2, Utilization: 37.5%
[INFO DPL-0005] Diamond search max displacement: +/- 500 sites horizontally, +/- 100 rows vertically.
[INFO DPL-1101] Legalizing using diamond search.
Movements Summary
---------------------------------------
Total cells:                    1969
Diamond Move Success:           1969 (100.00%)
Diamond Move Failure:              0
Rip-up and replace Success:        0 (  0.00% of diamond failures)
Rip-up and replace Failure:        0
Total Placement Failures:          0
---------------------------------------
Placement Analysis
---------------------------------
total displacement         50.4 u
average displacement        0.0 u
max displacement            3.9 u
original HPWL           23557.4 u
legalized HPWL          23590.9 u
delta HPWL                    0 %

estimate_parasitics -placement
Report metrics stage 4, cts final...

==========================================================================
cts final report_design_area
--------------------------------------------------------------------------
Design area 2598 um^2 38% utilization.
write_db ./results/nangate45/s5378/phase0c_f3e7b516a_s23_k4_B0_048d7f2c_7f655d61/4_1_cts.odb
write_sdc -no_timestamp ./results/nangate45/s5378/phase0c_f3e7b516a_s23_k4_B0_048d7f2c_7f655d61/4_cts.sdc
Log                       Ext     Elapsed/s Peak Memory/MB sha1sum result [0:20)
4_1_cts                   .odb            3            148 96ff34c032656e757ece
cp ./results/nangate45/s5378/phase0c_f3e7b516a_s23_k4_B0_048d7f2c_7f655d61/4_1_cts.odb ./results/nangate45/s5378/phase0c_f3e7b516a_s23_k4_B0_048d7f2c_7f655d61/4_cts.odb
/root/pact-deps/OpenROAD-flow-scripts/flow/scripts/flow.sh 5_1_grt global_route
Running global_route.tcl, stage 5_1_grt
read_liberty /root/pact-deps/OpenROAD-flow-scripts/flow/platforms/nangate45/lib/NangateOpenCellLibrary_typical.lib
read_db ./results/nangate45/s5378/phase0c_f3e7b516a_s23_k4_B0_048d7f2c_7f655d61/4_cts.odb
read_sdc ./results/nangate45/s5378/phase0c_f3e7b516a_s23_k4_B0_048d7f2c_7f655d61/4_cts.sdc
source /root/pact-deps/OpenROAD-flow-scripts/flow/platforms/nangate45/setRC.tcl
pin_access
[INFO DRT-0149] Reading tech and libs.

Units:                2000
Number of layers:     21
Number of macros:     135
Number of vias:       33
Number of viarulegen: 19

[INFO DRT-0150] Reading design.

Design:                   s5378
Die area:                 ( 0 0 ) ( 171970 171970 )
Number of track patterns: 20
Number of DEF vias:       0
Number of components:     2087
Number of terminals:      96
Number of snets:          2
Number of nets:           1995

[INFO DRT-0167] List of default vias:
  Layer via2
    default via: via2_5
  Layer via3
    default via: via3_2
  Layer via4
    default via: via4_0
  Layer via5
    default via: via5_0
  Layer via6
    default via: via6_0
  Layer via7
    default via: via7_0
  Layer via8
    default via: via8_0
  Layer via9
    default via: via9_0
[INFO DRT-0162] Library cell analysis.
[INFO DRT-0163] Instance analysis.
[INFO DRT-0164] Number of unique instances = 33.
[INFO DRT-0168] Init region query.
[INFO DRT-0024]   Complete active.
[INFO DRT-0024]   Complete Fr_VIA.
[INFO DRT-0024]   Complete metal1.
[INFO DRT-0024]   Complete via1.
[INFO DRT-0024]   Complete metal2.
[INFO DRT-0024]   Complete via2.
[INFO DRT-0024]   Complete metal3.
[INFO DRT-0024]   Complete via3.
[INFO DRT-0024]   Complete metal4.
[INFO DRT-0024]   Complete via4.
[INFO DRT-0024]   Complete metal5.
[INFO DRT-0024]   Complete via5.
[INFO DRT-0024]   Complete metal6.
[INFO DRT-0024]   Complete via6.
[INFO DRT-0024]   Complete metal7.
[INFO DRT-0024]   Complete via7.
[INFO DRT-0024]   Complete metal8.
[INFO DRT-0024]   Complete via8.
[INFO DRT-0024]   Complete metal9.
[INFO DRT-0024]   Complete via9.
[INFO DRT-0024]   Complete metal10.
[INFO DRT-0033] active shape region query size = 0.
[INFO DRT-0033] FR_VIA shape region query size = 0.
[INFO DRT-0033] metal1 shape region query size = 29369.
[INFO DRT-0033] via1 shape region query size = 270.
[INFO DRT-0033] metal2 shape region query size = 180.
[INFO DRT-0033] via2 shape region query size = 270.
[INFO DRT-0033] metal3 shape region query size = 180.
[INFO DRT-0033] via3 shape region query size = 270.
[INFO DRT-0033] metal4 shape region query size = 102.
[INFO DRT-0033] via4 shape region query size = 90.
[INFO DRT-0033] metal5 shape region query size = 69.
[INFO DRT-0033] via5 shape region query size = 90.
[INFO DRT-0033] metal6 shape region query size = 61.
[INFO DRT-0033] via6 shape region query size = 36.
[INFO DRT-0033] metal7 shape region query size = 21.
[INFO DRT-0033] via7 shape region query size = 0.
[INFO DRT-0033] metal8 shape region query size = 0.
[INFO DRT-0033] via8 shape region query size = 0.
[INFO DRT-0033] metal9 shape region query size = 0.
[INFO DRT-0033] via9 shape region query size = 0.
[INFO DRT-0033] metal10 shape region query size = 0.
[INFO DRT-0165] Start pin access.
[INFO DRT-0078]   Complete 156 pins.
[INFO DRT-0081]   Complete 33 unique inst patterns.
[INFO DRT-0084]   Complete 1134 groups.
#scanned instances     = 2087
#unique  instances     = 33
#stdCellGenAp          = 654
#stdCellValidPlanarAp  = 0
#stdCellValidViaAp     = 523
#stdCellPinNoAp        = 0
#stdCellPinCnt         = 5893
#instTermValidViaApCnt = 0
#macroGenAp            = 0
#macroValidPlanarAp    = 0
#macroValidViaAp       = 0
#macroNoAp             = 0
[INFO DRT-0166] Complete pin access.
[INFO DRT-0267] cpu time = 00:00:13, elapsed time = 00:00:03, memory = 116.53 (MB), peak = 116.27 (MB)
set_global_routing_random -seed 23
global_route -congestion_report_file ./reports/nangate45/s5378/phase0c_f3e7b516a_s23_k4_B0_048d7f2c_7f655d61/congestion.rpt -congestion_iterations 30 -congestion_report_iter_step 5 -verbose
[INFO GRT-0020] Min routing layer: metal2
[INFO GRT-0021] Max routing layer: metal10
[INFO GRT-0022] Global adjustment: 0%
[INFO GRT-0023] Grid origin: (0, 0)
[INFO GRT-0088] Layer metal1  Track-Pitch = 0.1400  line-2-Via Pitch: 0.1350
[INFO GRT-0088] Layer metal2  Track-Pitch = 0.1900  line-2-Via Pitch: 0.1400
[INFO GRT-0088] Layer metal3  Track-Pitch = 0.1400  line-2-Via Pitch: 0.1400
[INFO GRT-0088] Layer metal4  Track-Pitch = 0.2800  line-2-Via Pitch: 0.2800
[INFO GRT-0088] Layer metal5  Track-Pitch = 0.2800  line-2-Via Pitch: 0.2800
[INFO GRT-0088] Layer metal6  Track-Pitch = 0.2800  line-2-Via Pitch: 0.2800
[INFO GRT-0088] Layer metal7  Track-Pitch = 0.8000  line-2-Via Pitch: 0.8000
[INFO GRT-0088] Layer metal8  Track-Pitch = 0.8000  line-2-Via Pitch: 0.8000
[INFO GRT-0088] Layer metal9  Track-Pitch = 1.6000  line-2-Via Pitch: 1.6000
[INFO GRT-0088] Layer metal10 Track-Pitch = 1.6000  line-2-Via Pitch: 1.6000
[INFO GRT-0003] Macros: 0
[INFO GRT-0004] Blockages: 0
[INFO GRT-0019] Found 18 clock nets.
[INFO GRT-0001] Minimum degree: 2
[INFO GRT-0002] Maximum degree: 59

[INFO GRT-0053] Routing resources analysis:
          Routing      Original      Derated      Resource
Layer     Direction    Resources     Resources    Reduction (%)
---------------------------------------------------------------
metal1     Horizontal          0             0          0.00%
metal2     Vertical        12818          6032          52.94%
metal3     Horizontal      17709          8695          50.90%
metal4     Vertical         8700          6148          29.33%
metal5     Horizontal       8855          6255          29.36%
metal6     Vertical         8880          6276          29.32%
metal7     Horizontal       2726          1972          27.66%
metal8     Vertical         3103          2233          28.04%
metal9     Horizontal       1537           870          43.40%
metal10    Vertical         1537           870          43.40%
---------------------------------------------------------------

[INFO GRT-0197] Via related to pin nodes: 11290
[INFO GRT-0198] Via related Steiner nodes: 228
[INFO GRT-0199] Via filling finished.
[INFO GRT-0111] Final number of vias: 14654
[INFO GRT-0112] Final usage 3D: 53056

[INFO GRT-0096] Final congestion report:
Layer         Resource        Demand        Usage (%)    Max H / Max V / Total Overflow
---------------------------------------------------------------------------------------
metal1               0             0            0.00%             0 /  0 /  0
metal2            6032          3395           56.28%             0 /  0 /  0
metal3            8695          3731           42.91%             0 /  0 /  0
metal4            6148          1199           19.50%             0 /  0 /  0
metal5            6255           513            8.20%             0 /  0 /  0
metal6            6276           256            4.08%             0 /  0 /  0
metal7            1972             0            0.00%             0 /  0 /  0
metal8            2233             0            0.00%             0 /  0 /  0
metal9             870             0            0.00%             0 /  0 /  0
metal10            870             0            0.00%             0 /  0 /  0
---------------------------------------------------------------------------------------
Total            39351          9094           23.11%             0 /  0 /  0

[INFO GRT-0018] Total wirelength: 39925 um
[INFO GRT-0014] Routed nets: 1995
[INFO GRT-0303] Global routing runtime = 00:00:00
estimate_parasitics -global_routing
Perform buffer insertion and gate resizing...
repair_design -verbose
Iteration |   Area    | Resized | Buffers | Nets repaired | Remaining
---------------------------------------------------------------------
        0 |     +0.0% |       0 |       0 |             0 |      2189
       10 |     +0.0% |       0 |       0 |             0 |      2179
       20 |     +0.0% |       0 |       0 |             0 |      2169
       30 |     +0.0% |       0 |       0 |             0 |      2159
       40 |     +0.0% |       0 |       0 |             0 |      2149
       50 |     +0.0% |       0 |       0 |             0 |      2139
       60 |     +0.0% |       0 |       0 |             0 |      2129
       70 |     +0.0% |       0 |       0 |             0 |      2119
       80 |     +0.0% |       0 |       0 |             0 |      2109
       90 |     +0.0% |       0 |       0 |             0 |      2099
      100 |     +0.0% |       0 |       0 |             0 |      2089
      110 |     +0.0% |       0 |       0 |             0 |      2079
      120 |     +0.0% |       0 |       0 |             0 |      2069
      130 |     +0.0% |       0 |       0 |             0 |      2059
      140 |     +0.0% |       0 |       0 |             0 |      2049
      150 |     +0.0% |       0 |       0 |             0 |      2039
      160 |     +0.0% |       0 |       0 |             0 |      2029
      170 |     +0.0% |       0 |       0 |             0 |      2019
      180 |     +0.0% |       0 |       0 |             0 |      2009
      190 |     +0.0% |       0 |       0 |             0 |      1999
      200 |     +0.0% |       0 |       0 |             0 |      1989
      210 |     +0.0% |       0 |       0 |             0 |      1979
      220 |     +0.0% |       0 |       0 |             0 |      1969
      230 |     +0.0% |       0 |       0 |             0 |      1959
      240 |     +0.0% |       0 |       0 |             0 |      1949
      250 |     +0.0% |       0 |       0 |             0 |      1939
      260 |     +0.0% |       0 |       0 |             0 |      1929
      270 |     +0.0% |       0 |       0 |             0 |      1919
      280 |     +0.0% |       0 |       0 |             0 |      1909
      290 |     +0.0% |       0 |       0 |             0 |      1899
      300 |     +0.0% |       0 |       0 |             0 |      1889
      310 |     +0.0% |       0 |       0 |             0 |      1879
      320 |     +0.0% |       0 |       0 |             0 |      1869
      330 |     +0.0% |       0 |       0 |             0 |      1859
      340 |     +0.0% |       0 |       0 |             0 |      1849
      350 |     +0.0% |       0 |       0 |             0 |      1839
      360 |     +0.0% |       0 |       0 |             0 |      1829
      370 |     +0.0% |       0 |       0 |             0 |      1819
      380 |     +0.0% |       0 |       0 |             0 |      1809
      390 |     +0.0% |       0 |       0 |             0 |      1799
      400 |     +0.0% |       0 |       0 |             0 |      1789
      410 |     +0.0% |       0 |       0 |             0 |      1779
      420 |     +0.0% |       0 |       0 |             0 |      1769
      430 |     +0.0% |       0 |       0 |             0 |      1759
      440 |     +0.0% |       0 |       0 |             0 |      1749
      450 |     +0.0% |       0 |       0 |             0 |      1739
      460 |     +0.0% |       0 |       0 |             0 |      1729
      470 |     +0.0% |       0 |       0 |             0 |      1719
      480 |     +0.0% |       0 |       0 |             0 |      1709
      490 |     +0.0% |       0 |       0 |             0 |      1699
      500 |     +0.0% |       0 |       0 |             0 |      1689
      510 |     +0.0% |       0 |       0 |             0 |      1679
      520 |     +0.0% |       0 |       0 |             0 |      1669
      530 |     +0.0% |       0 |       0 |             0 |      1659
      540 |     +0.0% |       0 |       0 |             0 |      1649
      550 |     +0.0% |       0 |       0 |             0 |      1639
      560 |     +0.0% |       0 |       0 |             0 |      1629
      570 |     +0.0% |       0 |       0 |             0 |      1619
      580 |     +0.0% |       0 |       0 |             0 |      1609
      590 |     +0.0% |       0 |       0 |             0 |      1599
      600 |     +0.0% |       0 |       0 |             0 |      1589
      610 |     +0.0% |       0 |       0 |             0 |      1579
      620 |     +0.0% |       0 |       0 |             0 |      1569
      630 |     +0.0% |       0 |       0 |             0 |      1559
      640 |     +0.0% |       0 |       0 |             0 |      1549
      650 |     +0.0% |       0 |       0 |             0 |      1539
      660 |     +0.0% |       0 |       0 |             0 |      1529
      670 |     +0.0% |       0 |       0 |             0 |      1519
      680 |     +0.0% |       0 |       0 |             0 |      1509
      690 |     +0.0% |       0 |       0 |             0 |      1499
      700 |     +0.0% |       0 |       0 |             0 |      1489
      710 |     +0.0% |       0 |       0 |             0 |      1479
      720 |     +0.0% |       0 |       0 |             0 |      1469
      730 |     +0.0% |       0 |       0 |             0 |      1459
      740 |     +0.0% |       0 |       0 |             0 |      1449
      750 |     +0.0% |       0 |       0 |             0 |      1439
      760 |     +0.0% |       0 |       0 |             0 |      1429
      770 |     +0.0% |       0 |       0 |             0 |      1419
      780 |     +0.0% |       0 |       0 |             0 |      1409
      790 |     +0.0% |       0 |       0 |             0 |      1399
      800 |     +0.0% |       0 |       0 |             0 |      1389
      810 |     +0.0% |       0 |       0 |             0 |      1379
      820 |     +0.0% |       0 |       0 |             0 |      1369
      830 |     +0.0% |       0 |       0 |             0 |      1359
      840 |     +0.0% |       0 |       0 |             0 |      1349
      850 |     +0.0% |       0 |       0 |             0 |      1339
      860 |     +0.0% |       0 |       0 |             0 |      1329
      870 |     +0.0% |       0 |       0 |             0 |      1319
      880 |     +0.0% |       0 |       0 |             0 |      1309
      890 |     +0.0% |       0 |       0 |             0 |      1299
      900 |     +0.0% |       0 |       0 |             0 |      1289
      910 |     +0.0% |       0 |       0 |             0 |      1279
      920 |     +0.0% |       0 |       0 |             0 |      1269
      930 |     +0.0% |       0 |       0 |             0 |      1259
      940 |     +0.0% |       0 |       0 |             0 |      1249
      950 |     +0.0% |       0 |       0 |             0 |      1239
      960 |     +0.0% |       0 |       0 |             0 |      1229
      970 |     +0.0% |       0 |       0 |             0 |      1219
      980 |     +0.0% |       0 |       0 |             0 |      1209
      990 |     +0.0% |       0 |       0 |             0 |      1199
     1000 |     +0.0% |       0 |       0 |             0 |      1189
     1010 |     +0.0% |       0 |       0 |             0 |      1179
     1020 |     +0.0% |       0 |       0 |             0 |      1169
     1030 |     +0.0% |       0 |       0 |             0 |      1159
     1040 |     +0.0% |       0 |       0 |             0 |      1149
     1050 |     +0.0% |       0 |       0 |             0 |      1139
     1060 |     +0.0% |       0 |       0 |             0 |      1129
     1070 |     +0.0% |       0 |       0 |             0 |      1119
     1080 |     +0.0% |       0 |       0 |             0 |      1109
     1090 |     +0.0% |       0 |       0 |             0 |      1099
     1100 |     +0.0% |       0 |       0 |             0 |      1089
     1110 |     +0.0% |       0 |       0 |             0 |      1079
     1120 |     +0.0% |       0 |       0 |             0 |      1069
     1130 |     +0.0% |       0 |       0 |             0 |      1059
     1140 |     +0.0% |       0 |       0 |             0 |      1049
     1150 |     +0.0% |       0 |       0 |             0 |      1039
     1160 |     +0.0% |       0 |       0 |             0 |      1029
     1170 |     +0.0% |       0 |       0 |             0 |      1019
     1180 |     +0.0% |       0 |       0 |             0 |      1009
     1190 |     +0.0% |       0 |       0 |             0 |       999
     1200 |     +0.0% |       0 |       0 |             0 |       989
     1210 |     +0.0% |       0 |       0 |             0 |       979
     1220 |     +0.0% |       0 |       0 |             0 |       969
     1230 |     +0.0% |       0 |       0 |             0 |       959
     1240 |     +0.0% |       0 |       0 |             0 |       949
     1250 |     +0.0% |       0 |       0 |             0 |       939
     1260 |     +0.0% |       0 |       0 |             0 |       929
     1270 |     +0.0% |       0 |       0 |             0 |       919
     1280 |     +0.0% |       0 |       0 |             0 |       909
     1290 |     +0.0% |       0 |       0 |             0 |       899
     1300 |     +0.0% |       0 |       0 |             0 |       889
     1310 |     +0.0% |       0 |       0 |             0 |       879
     1320 |     +0.0% |       0 |       0 |             0 |       869
     1330 |     +0.0% |       0 |       0 |             0 |       859
     1340 |     +0.0% |       0 |       0 |             0 |       849
     1350 |     +0.0% |       0 |       0 |             0 |       839
     1360 |     +0.0% |       0 |       0 |             0 |       829
     1370 |     +0.0% |       0 |       0 |             0 |       819
     1380 |     +0.0% |       0 |       0 |             0 |       809
     1390 |     +0.0% |       0 |       0 |             0 |       799
     1400 |     +0.0% |       0 |       0 |             0 |       789
     1410 |     +0.0% |       0 |       0 |             0 |       779
     1420 |     +0.0% |       0 |       0 |             0 |       769
     1430 |     +0.0% |       0 |       0 |             0 |       759
     1440 |     +0.0% |       0 |       0 |             0 |       749
     1450 |     +0.0% |       0 |       0 |             0 |       739
     1460 |     +0.0% |       0 |       0 |             0 |       729
     1470 |     +0.0% |       0 |       0 |             0 |       719
     1480 |     +0.0% |       0 |       0 |             0 |       709
     1490 |     +0.0% |       0 |       0 |             0 |       699
     1500 |     +0.0% |       0 |       0 |             0 |       689
     1510 |     +0.0% |       0 |       0 |             0 |       679
     1520 |     +0.0% |       0 |       0 |             0 |       669
     1530 |     +0.0% |       0 |       0 |             0 |       659
     1540 |     +0.0% |       0 |       0 |             0 |       649
     1550 |     +0.0% |       0 |       0 |             0 |       639
     1560 |     +0.0% |       0 |       0 |             0 |       629
     1570 |     +0.0% |       0 |       0 |             0 |       619
     1580 |     +0.0% |       0 |       0 |             0 |       609
     1590 |     +0.0% |       0 |       0 |             0 |       599
     1600 |     +0.0% |       0 |       0 |             0 |       589
     1610 |     +0.0% |       0 |       0 |             0 |       579
     1620 |     +0.0% |       0 |       0 |             0 |       569
     1630 |     +0.0% |       0 |       0 |             0 |       559
     1640 |     +0.0% |       0 |       0 |             0 |       549
     1650 |     +0.0% |       0 |       0 |             0 |       539
     1660 |     +0.0% |       0 |       0 |             0 |       529
     1670 |     +0.0% |       0 |       0 |             0 |       519
     1680 |     +0.0% |       0 |       0 |             0 |       509
     1690 |     +0.0% |       0 |       0 |             0 |       499
     1700 |     +0.0% |       0 |       0 |             0 |       489
     1710 |     +0.0% |       0 |       0 |             0 |       479
     1720 |     +0.0% |       0 |       0 |             0 |       469
     1730 |     +0.0% |       0 |       0 |             0 |       459
     1740 |     +0.0% |       0 |       0 |             0 |       449
     1750 |     +0.0% |       0 |       0 |             0 |       439
     1760 |     +0.0% |       0 |       0 |             0 |       429
     1770 |     +0.0% |       0 |       0 |             0 |       419
     1780 |     +0.0% |       0 |       0 |             0 |       409
     1790 |     +0.0% |       0 |       0 |             0 |       399
     1800 |     +0.0% |       0 |       0 |             0 |       389
     1810 |     +0.0% |       0 |       0 |             0 |       379
     1820 |     +0.0% |       0 |       0 |             0 |       369
     1830 |     +0.0% |       0 |       0 |             0 |       359
     1840 |     +0.0% |       0 |       0 |             0 |       349
     1850 |     +0.0% |       0 |       0 |             0 |       339
     1860 |     +0.0% |       0 |       0 |             0 |       329
     1870 |     +0.0% |       0 |       0 |             0 |       319
     1880 |     +0.0% |       0 |       0 |             0 |       309
     1890 |     +0.0% |       0 |       0 |             0 |       299
     1900 |     +0.0% |       0 |       0 |             0 |       289
     1910 |     +0.0% |       0 |       0 |             0 |       279
     1920 |     +0.0% |       0 |       0 |             0 |       269
     1930 |     +0.0% |       0 |       0 |             0 |       259
     1940 |     +0.0% |       0 |       0 |             0 |       249
     1950 |     +0.0% |       0 |       0 |             0 |       239
     1960 |     +0.0% |       0 |       0 |             0 |       229
     1970 |     +0.0% |       0 |       0 |             0 |       219
     1980 |     +0.0% |       0 |       0 |             0 |       209
     1990 |     +0.0% |       0 |       0 |             0 |       199
     2000 |     +0.0% |       0 |       0 |             0 |       189
     2010 |     +0.0% |       0 |       0 |             0 |       179
     2020 |     +0.0% |       0 |       0 |             0 |       169
     2030 |     +0.0% |       0 |       0 |             0 |       159
     2040 |     +0.0% |       0 |       0 |             0 |       149
     2050 |     +0.0% |       0 |       0 |             0 |       139
     2060 |     +0.0% |       0 |       0 |             0 |       129
     2070 |     +0.0% |       0 |       0 |             0 |       119
     2080 |     +0.0% |       0 |       0 |             0 |       109
     2090 |     +0.0% |       0 |       0 |             0 |        99
     2100 |     +0.0% |       0 |       0 |             0 |        89
     2110 |     +0.0% |       0 |       0 |             0 |        79
     2120 |     +0.0% |       0 |       0 |             0 |        69
     2130 |     +0.0% |       0 |       0 |             0 |        59
     2140 |     +0.0% |       0 |       0 |             0 |        49
     2150 |     +0.0% |       0 |       0 |             0 |        39
     2160 |     +0.0% |       0 |       0 |             0 |        29
     2170 |     +0.0% |       0 |       0 |             0 |        19
     2180 |     +0.0% |       0 |       0 |             0 |         9
    final |     +0.0% |       0 |       0 |             0 |         0
---------------------------------------------------------------------
global_route -start_incremental
detailed_placement
[INFO DPL-0006] Core area: 6921.05 um^2, Instances area: 2597.76 um^2, Utilization: 37.5%
[INFO DPL-0005] Diamond search max displacement: +/- 500 sites horizontally, +/- 100 rows vertically.
[INFO DPL-1101] Legalizing using diamond search.
Movements Summary
---------------------------------------
Total cells:                    1969
Diamond Move Success:           1969 (100.00%)
Diamond Move Failure:              0
Rip-up and replace Success:        0 (  0.00% of diamond failures)
Rip-up and replace Failure:        0
Total Placement Failures:          0
---------------------------------------
Placement Analysis
---------------------------------
total displacement          0.0 u
average displacement        0.0 u
max displacement            0.0 u
original HPWL           23590.9 u
legalized HPWL          23590.9 u
delta HPWL                    0 %

global_route -end_incremental -congestion_report_file ./reports/nangate45/s5378/phase0c_f3e7b516a_s23_k4_B0_048d7f2c_7f655d61/congestion_post_repair_design.rpt
Repair setup and hold violations...
estimate_parasitics -global_routing
repair_timing -setup_margin 0 -hold_margin 0 -repair_tns 100 -verbose
[INFO RSZ-0100] Repair move sequence: UnbufferMove SizeUpMove SwapPinsMove BufferMove CloneMove SplitLoadMove 
[INFO RSZ-0098] No setup violations found
[INFO RSZ-0046] Found 2 endpoints with hold violations.
Iteration | Resized | Buffers | Cloned Gates |   Area   |   WNS   |   TNS   | Endpoint
--------------------------------------------------------------------------------------
        0 |       0 |       0 |            0 |    +0.0% |  -0.001 |  -0.001 | U_n816gat/D
    final |       0 |       2 |            0 |    +0.1% |   0.002 |   0.000 | U_n2095gat/D
--------------------------------------------------------------------------------------
[INFO RSZ-0032] Inserted 2 hold buffers.
global_route -start_incremental
detailed_placement
[INFO DPL-0006] Core area: 6921.05 um^2, Instances area: 2599.35 um^2, Utilization: 37.6%
[INFO DPL-0005] Diamond search max displacement: +/- 500 sites horizontally, +/- 100 rows vertically.
[INFO DPL-1101] Legalizing using diamond search.
Movements Summary
---------------------------------------
Total cells:                    1971
Diamond Move Success:           1971 (100.00%)
Diamond Move Failure:              0
Rip-up and replace Success:        0 (  0.00% of diamond failures)
Rip-up and replace Failure:        0
Total Placement Failures:          0
---------------------------------------
Placement Analysis
---------------------------------
total displacement          8.8 u
average displacement        0.0 u
max displacement            2.7 u
original HPWL           23591.6 u
legalized HPWL          23593.6 u
delta HPWL                    0 %

check_placement -verbose
global_route -end_incremental -congestion_report_file ./reports/nangate45/s5378/phase0c_f3e7b516a_s23_k4_B0_048d7f2c_7f655d61/congestion_post_repair_timing.rpt
estimate_parasitics -global_routing
global_route -start_incremental
global_route -end_incremental -congestion_report_file ./reports/nangate45/s5378/phase0c_f3e7b516a_s23_k4_B0_048d7f2c_7f655d61/congestion_post_recover_power.rpt
Repair antennas...
[WARNING GRT-0246] No diode with LEF class CORE ANTENNACELL found.
[INFO ANT-0002] Found 0 net violations.
[INFO ANT-0001] Found 0 pin violations.
Estimate parasitics...
estimate_parasitics -global_routing
Report metrics stage 5, global route...

==========================================================================
global route report_design_area
--------------------------------------------------------------------------
Design area 2599 um^2 38% utilization.
[INFO FLW-0007] clock clk period 10.000000
[INFO FLW-0008] Clock clk period 0.887
[INFO FLW-0009] Clock clk slack 9.066
write_sdc -no_timestamp ./results/nangate45/s5378/phase0c_f3e7b516a_s23_k4_B0_048d7f2c_7f655d61/updated_clks.sdc
[INFO FLW-0011] Path endpoint path count 784
write_db ./results/nangate45/s5378/phase0c_f3e7b516a_s23_k4_B0_048d7f2c_7f655d61/5_1_grt.odb
write_sdc -no_timestamp ./results/nangate45/s5378/phase0c_f3e7b516a_s23_k4_B0_048d7f2c_7f655d61/5_1_grt.sdc
Log                       Ext     Elapsed/s Peak Memory/MB sha1sum result [0:20)
5_1_grt                   .odb            7            303 eb2f8360380e8a69b09b
5_1_grt                   .sdc                             dc3b136b356fec3f3ef5
/root/pact-deps/OpenROAD-flow-scripts/flow/scripts/flow.sh 5_2_route detail_route
Running detail_route.tcl, stage 5_2_route
read_liberty /root/pact-deps/OpenROAD-flow-scripts/flow/platforms/nangate45/lib/NangateOpenCellLibrary_typical.lib
read_db ./results/nangate45/s5378/phase0c_f3e7b516a_s23_k4_B0_048d7f2c_7f655d61/5_1_grt.odb
read_sdc ./results/nangate45/s5378/phase0c_f3e7b516a_s23_k4_B0_048d7f2c_7f655d61/5_1_grt.sdc
source /root/pact-deps/OpenROAD-flow-scripts/flow/platforms/nangate45/setRC.tcl
detailed_route -output_drc ./reports/nangate45/s5378/phase0c_f3e7b516a_s23_k4_B0_048d7f2c_7f655d61/5_route_drc.rpt -output_maze ./results/nangate45/s5378/phase0c_f3e7b516a_s23_k4_B0_048d7f2c_7f655d61/maze.log -droute_end_iter 64 -verbose 1 -drc_report_iter_step 5
[INFO DRT-0149] Reading tech and libs.

Units:                2000
Number of layers:     21
Number of macros:     135
Number of vias:       33
Number of viarulegen: 19

[INFO DRT-0150] Reading design.

Design:                   s5378
Die area:                 ( 0 0 ) ( 171970 171970 )
Number of track patterns: 20
Number of DEF vias:       0
Number of components:     2089
Number of terminals:      96
Number of snets:          2
Number of nets:           1997

[INFO DRT-0167] List of default vias:
  Layer via2
    default via: via2_5
  Layer via3
    default via: via3_2
  Layer via4
    default via: via4_0
  Layer via5
    default via: via5_0
  Layer via6
    default via: via6_0
  Layer via7
    default via: via7_0
  Layer via8
    default via: via8_0
  Layer via9
    default via: via9_0
[INFO DRT-0162] Library cell analysis.
[INFO DRT-0163] Instance analysis.
[INFO DRT-0164] Number of unique instances = 33.
[INFO DRT-0168] Init region query.
[INFO DRT-0024]   Complete active.
[INFO DRT-0024]   Complete Fr_VIA.
[INFO DRT-0024]   Complete metal1.
[INFO DRT-0024]   Complete via1.
[INFO DRT-0024]   Complete metal2.
[INFO DRT-0024]   Complete via2.
[INFO DRT-0024]   Complete metal3.
[INFO DRT-0024]   Complete via3.
[INFO DRT-0024]   Complete metal4.
[INFO DRT-0024]   Complete via4.
[INFO DRT-0024]   Complete metal5.
[INFO DRT-0024]   Complete via5.
[INFO DRT-0024]   Complete metal6.
[INFO DRT-0024]   Complete via6.
[INFO DRT-0024]   Complete metal7.
[INFO DRT-0024]   Complete via7.
[INFO DRT-0024]   Complete metal8.
[INFO DRT-0024]   Complete via8.
[INFO DRT-0024]   Complete metal9.
[INFO DRT-0024]   Complete via9.
[INFO DRT-0024]   Complete metal10.
[INFO DRT-0033] active shape region query size = 0.
[INFO DRT-0033] FR_VIA shape region query size = 0.
[INFO DRT-0033] metal1 shape region query size = 29391.
[INFO DRT-0033] via1 shape region query size = 270.
[INFO DRT-0033] metal2 shape region query size = 180.
[INFO DRT-0033] via2 shape region query size = 270.
[INFO DRT-0033] metal3 shape region query size = 180.
[INFO DRT-0033] via3 shape region query size = 270.
[INFO DRT-0033] metal4 shape region query size = 102.
[INFO DRT-0033] via4 shape region query size = 90.
[INFO DRT-0033] metal5 shape region query size = 69.
[INFO DRT-0033] via5 shape region query size = 90.
[INFO DRT-0033] metal6 shape region query size = 61.
[INFO DRT-0033] via6 shape region query size = 36.
[INFO DRT-0033] metal7 shape region query size = 21.
[INFO DRT-0033] via7 shape region query size = 0.
[INFO DRT-0033] metal8 shape region query size = 0.
[INFO DRT-0033] via8 shape region query size = 0.
[INFO DRT-0033] metal9 shape region query size = 0.
[INFO DRT-0033] via9 shape region query size = 0.
[INFO DRT-0033] metal10 shape region query size = 0.
[INFO DRT-0165] Start pin access.
[INFO DRT-0078]   Complete 156 pins.
[INFO DRT-0081]   Complete 33 unique inst patterns.
[INFO DRT-0084]   Complete 1133 groups.
#scanned instances     = 2089
#unique  instances     = 33
#stdCellGenAp          = 654
#stdCellValidPlanarAp  = 0
#stdCellValidViaAp     = 523
#stdCellPinNoAp        = 0
#stdCellPinCnt         = 5897
#instTermValidViaApCnt = 0
#macroGenAp            = 0
#macroValidPlanarAp    = 0
#macroValidViaAp       = 0
#macroNoAp             = 0
[INFO DRT-0166] Complete pin access.
[INFO DRT-0267] cpu time = 00:00:14, elapsed time = 00:00:03, memory = 261.45 (MB), peak = 261.16 (MB)

[INFO DRT-0157] Number of guides:     16031

[INFO DRT-0169] Post process guides.
[INFO DRT-0176] GCELLGRID X 0 DO 30 STEP 5700 ;
[INFO DRT-0177] GCELLGRID Y 0 DO 30 STEP 5700 ;
[INFO DRT-0028]   Complete active.
[INFO DRT-0028]   Complete Fr_VIA.
[INFO DRT-0028]   Complete metal1.
[INFO DRT-0028]   Complete via1.
[INFO DRT-0028]   Complete metal2.
[INFO DRT-0028]   Complete via2.
[INFO DRT-0028]   Complete metal3.
[INFO DRT-0028]   Complete via3.
[INFO DRT-0028]   Complete metal4.
[INFO DRT-0028]   Complete via4.
[INFO DRT-0028]   Complete metal5.
[INFO DRT-0028]   Complete via5.
[INFO DRT-0028]   Complete metal6.
[INFO DRT-0028]   Complete via6.
[INFO DRT-0028]   Complete metal7.
[INFO DRT-0028]   Complete via7.
[INFO DRT-0028]   Complete metal8.
[INFO DRT-0028]   Complete via8.
[INFO DRT-0028]   Complete metal9.
[INFO DRT-0028]   Complete via9.
[INFO DRT-0028]   Complete metal10.
[INFO DRT-0178] Init guide query.
[INFO DRT-0035]   Complete active (guide).
[INFO DRT-0035]   Complete Fr_VIA (guide).
[INFO DRT-0035]   Complete metal1 (guide).
[INFO DRT-0035]   Complete via1 (guide).
[INFO DRT-0035]   Complete metal2 (guide).
[INFO DRT-0035]   Complete via2 (guide).
[INFO DRT-0035]   Complete metal3 (guide).
[INFO DRT-0035]   Complete via3 (guide).
[INFO DRT-0035]   Complete metal4 (guide).
[INFO DRT-0035]   Complete via4 (guide).
[INFO DRT-0035]   Complete metal5 (guide).
[INFO DRT-0035]   Complete via5 (guide).
[INFO DRT-0035]   Complete metal6 (guide).
[INFO DRT-0035]   Complete via6 (guide).
[INFO DRT-0035]   Complete metal7 (guide).
[INFO DRT-0035]   Complete via7 (guide).
[INFO DRT-0035]   Complete metal8 (guide).
[INFO DRT-0035]   Complete via8 (guide).
[INFO DRT-0035]   Complete metal9 (guide).
[INFO DRT-0035]   Complete via9 (guide).
[INFO DRT-0035]   Complete metal10 (guide).
[INFO DRT-0036] active guide region query size = 0.
[INFO DRT-0036] FR_VIA guide region query size = 0.
[INFO DRT-0036] metal1 guide region query size = 5224.
[INFO DRT-0036] via1 guide region query size = 0.
[INFO DRT-0036] metal2 guide region query size = 4742.
[INFO DRT-0036] via2 guide region query size = 0.
[INFO DRT-0036] metal3 guide region query size = 2668.
[INFO DRT-0036] via3 guide region query size = 0.
[INFO DRT-0036] metal4 guide region query size = 493.
[INFO DRT-0036] via4 guide region query size = 0.
[INFO DRT-0036] metal5 guide region query size = 208.
[INFO DRT-0036] via5 guide region query size = 0.
[INFO DRT-0036] metal6 guide region query size = 70.
[INFO DRT-0036] via6 guide region query size = 0.
[INFO DRT-0036] metal7 guide region query size = 0.
[INFO DRT-0036] via7 guide region query size = 0.
[INFO DRT-0036] metal8 guide region query size = 0.
[INFO DRT-0036] via8 guide region query size = 0.
[INFO DRT-0036] metal9 guide region query size = 0.
[INFO DRT-0036] via9 guide region query size = 0.
[INFO DRT-0036] metal10 guide region query size = 0.
[INFO DRT-0179] Init gr pin query.
[INFO DRT-0267] cpu time = 00:00:00, elapsed time = 00:00:00, memory = 267.23 (MB), peak = 267.04 (MB)
[INFO DRT-0245] skipped writing guide updates to database.
[INFO DRT-0181] Start track assignment.
[INFO DRT-0184] Done with 5305 vertical wires in 1 frboxes and 8100 horizontal wires in 1 frboxes.
[INFO DRT-0186] Done with 1600 vertical wires in 1 frboxes and 1741 horizontal wires in 1 frboxes.
[INFO DRT-0182] Complete track assignment.
[INFO DRT-0267] cpu time = 00:00:01, elapsed time = 00:00:01, memory = 299.09 (MB), peak = 298.70 (MB)
[INFO DRT-0187] Start routing data preparation.
[INFO DRT-0267] cpu time = 00:00:00, elapsed time = 00:00:00, memory = 300.18 (MB), peak = 299.83 (MB)
[INFO DRT-0194] Start detail routing.
[INFO DRT-0195] Start 0th optimization iteration.
    Completing 10% with 0 violations.
    elapsed time = 00:00:00, memory = 339.86 (MB).
    Completing 20% with 0 violations.
    elapsed time = 00:00:00, memory = 348.23 (MB).
    Completing 30% with 0 violations.
    elapsed time = 00:00:02, memory = 333.41 (MB).
    Completing 40% with 115 violations.
    elapsed time = 00:00:05, memory = 379.78 (MB).
    Completing 50% with 115 violations.
    elapsed time = 00:00:06, memory = 366.58 (MB).
    Completing 60% with 115 violations.
    elapsed time = 00:00:08, memory = 338.50 (MB).
    Completing 70% with 185 violations.
    elapsed time = 00:00:09, memory = 392.00 (MB).
    Completing 80% with 185 violations.
    elapsed time = 00:00:11, memory = 377.63 (MB).
    Completing 90% with 288 violations.
    elapsed time = 00:00:16, memory = 415.79 (MB).
    Completing 100% with 372 violations.
    elapsed time = 00:00:16, memory = 396.91 (MB).
[INFO DRT-0199]   Number of violations = 470.
Viol/Layer      metal1   via1 metal2 metal3 metal4   via4
Cut Spacing          0      0      0      0      0      1
Metal Spacing        0      0     34      4      0      0
Recheck              2      0     57     34      5      0
Short                0      1    287     43      2      0
[INFO DRT-0267] cpu time = 00:00:40, elapsed time = 00:00:18, memory = 922.94 (MB), peak = 922.51 (MB)
Total wire length = 26586 um.
Total wire length on LAYER metal1 = 0 um.
Total wire length on LAYER metal2 = 10239 um.
Total wire length on LAYER metal3 = 11149 um.
Total wire length on LAYER metal4 = 3174 um.
Total wire length on LAYER metal5 = 1255 um.
Total wire length on LAYER metal6 = 767 um.
Total wire length on LAYER metal7 = 0 um.
Total wire length on LAYER metal8 = 0 um.
Total wire length on LAYER metal9 = 0 um.
Total wire length on LAYER metal10 = 0 um.
Total number of vias = 13329.
Up-via summary (total 13329):

----------------
 active        0
 metal1     5924
 metal2     6347
 metal3      706
 metal4      259
 metal5       93
 metal6        0
 metal7        0
 metal8        0
 metal9        0
----------------
       13329


[INFO DRT-0195] Start 1st optimization iteration.
    Completing 10% with 470 violations.
    elapsed time = 00:00:00, memory = 943.66 (MB).
    Completing 20% with 470 violations.
    elapsed time = 00:00:00, memory = 943.66 (MB).
    Completing 30% with 470 violations.
    elapsed time = 00:00:01, memory = 943.66 (MB).
    Completing 40% with 398 violations.
    elapsed time = 00:00:04, memory = 933.68 (MB).
    Completing 50% with 398 violations.
    elapsed time = 00:00:02, memory = 933.68 (MB).
    Completing 60% with 398 violations.
    elapsed time = 00:00:05, memory = 936.05 (MB).
    Completing 70% with 342 violations.
    elapsed time = 00:00:06, memory = 958.54 (MB).
    Completing 80% with 342 violations.
    elapsed time = 00:00:09, memory = 958.54 (MB).
    Completing 90% with 229 violations.
    elapsed time = 00:00:13, memory = 941.21 (MB).
    Completing 100% with 139 violations.
    elapsed time = 00:00:13, memory = 941.21 (MB).
[INFO DRT-0199]   Number of violations = 139.
Viol/Layer      metal2   via2 metal3
Cut Spacing          0      1      0
Metal Spacing       22      0      1
Short              112      0      3
[INFO DRT-0267] cpu time = 00:00:36, elapsed time = 00:00:13, memory = 944.21 (MB), peak = 957.95 (MB)
Total wire length = 26332 um.
Total wire length on LAYER metal1 = 0 um.
Total wire length on LAYER metal2 = 10108 um.
Total wire length on LAYER metal3 = 11072 um.
Total wire length on LAYER metal4 = 3151 um.
Total wire length on LAYER metal5 = 1232 um.
Total wire length on LAYER metal6 = 767 um.
Total wire length on LAYER metal7 = 0 um.
Total wire length on LAYER metal8 = 0 um.
Total wire length on LAYER metal9 = 0 um.
Total wire length on LAYER metal10 = 0 um.
Total number of vias = 13234.
Up-via summary (total 13234):

----------------
 active        0
 metal1     5929
 metal2     6248
 metal3      709
 metal4      254
 metal5       94
 metal6        0
 metal7        0
 metal8        0
 metal9        0
----------------
       13234


[INFO DRT-0195] Start 2nd optimization iteration.
    Completing 10% with 139 violations.
    elapsed time = 00:00:00, memory = 944.21 (MB).
    Completing 20% with 139 violations.
    elapsed time = 00:00:00, memory = 944.21 (MB).
    Completing 30% with 139 violations.
    elapsed time = 00:00:02, memory = 948.57 (MB).
    Completing 40% with 143 violations.
    elapsed time = 00:00:03, memory = 948.57 (MB).
    Completing 50% with 143 violations.
    elapsed time = 00:00:05, memory = 948.57 (MB).
    Completing 60% with 143 violations.
    elapsed time = 00:00:06, memory = 950.02 (MB).
    Completing 70% with 133 violations.
    elapsed time = 00:00:06, memory = 950.02 (MB).
    Completing 80% with 133 violations.
    elapsed time = 00:00:09, memory = 950.02 (MB).
    Completing 90% with 112 violations.
    elapsed time = 00:00:12, memory = 951.42 (MB).
    Completing 100% with 102 violations.
    elapsed time = 00:00:15, memory = 957.98 (MB).
[INFO DRT-0199]   Number of violations = 102.
Viol/Layer      metal2 metal3
Metal Spacing       16      2
Short               83      1
[INFO DRT-0267] cpu time = 00:00:32, elapsed time = 00:00:15, memory = 957.98 (MB), peak = 957.95 (MB)
Total wire length = 26287 um.
Total wire length on LAYER metal1 = 0 um.
Total wire length on LAYER metal2 = 10043 um.
Total wire length on LAYER metal3 = 11078 um.
Total wire length on LAYER metal4 = 3150 um.
Total wire length on LAYER metal5 = 1249 um.
Total wire length on LAYER metal6 = 763 um.
Total wire length on LAYER metal7 = 0 um.
Total wire length on LAYER metal8 = 0 um.
Total wire length on LAYER metal9 = 0 um.
Total wire length on LAYER metal10 = 0 um.
Total number of vias = 13190.
Up-via summary (total 13190):

----------------
 active        0
 metal1     5928
 metal2     6204
 metal3      708
 metal4      257
 metal5       93
 metal6        0
 metal7        0
 metal8        0
 metal9        0
----------------
       13190


[INFO DRT-0195] Start 3rd optimization iteration.
    Completing 10% with 102 violations.
    elapsed time = 00:00:00, memory = 957.98 (MB).
    Completing 20% with 102 violations.
    elapsed time = 00:00:00, memory = 957.98 (MB).
    Completing 30% with 102 violations.
    elapsed time = 00:00:01, memory = 957.99 (MB).
    Completing 40% with 76 violations.
    elapsed time = 00:00:02, memory = 957.99 (MB).
    Completing 50% with 76 violations.
    elapsed time = 00:00:02, memory = 957.99 (MB).
    Completing 60% with 76 violations.
    elapsed time = 00:00:04, memory = 966.69 (MB).
    Completing 70% with 63 violations.
    elapsed time = 00:00:04, memory = 966.69 (MB).
    Completing 80% with 63 violations.
    elapsed time = 00:00:05, memory = 966.69 (MB).
    Completing 90% with 8 violations.
    elapsed time = 00:00:07, memory = 967.77 (MB).
    Completing 100% with 0 violations.
    elapsed time = 00:00:07, memory = 967.77 (MB).
[INFO DRT-0199]   Number of violations = 0.
[INFO DRT-0267] cpu time = 00:00:18, elapsed time = 00:00:08, memory = 967.77 (MB), peak = 967.33 (MB)
Total wire length = 26268 um.
Total wire length on LAYER metal1 = 0 um.
Total wire length on LAYER metal2 = 9860 um.
Total wire length on LAYER metal3 = 11087 um.
Total wire length on LAYER metal4 = 3307 um.
Total wire length on LAYER metal5 = 1249 um.
Total wire length on LAYER metal6 = 763 um.
Total wire length on LAYER metal7 = 0 um.
Total wire length on LAYER metal8 = 0 um.
Total wire length on LAYER metal9 = 0 um.
Total wire length on LAYER metal10 = 0 um.
Total number of vias = 13296.
Up-via summary (total 13296):

----------------
 active        0
 metal1     5926
 metal2     6239
 metal3      781
 metal4      257
 metal5       93
 metal6        0
 metal7        0
 metal8        0
 metal9        0
----------------
       13296


[INFO DRT-0198] Complete detail routing.
Total wire length = 26268 um.
Total wire length on LAYER metal1 = 0 um.
Total wire length on LAYER metal2 = 9860 um.
Total wire length on LAYER metal3 = 11087 um.
Total wire length on LAYER metal4 = 3307 um.
Total wire length on LAYER metal5 = 1249 um.
Total wire length on LAYER metal6 = 763 um.
Total wire length on LAYER metal7 = 0 um.
Total wire length on LAYER metal8 = 0 um.
Total wire length on LAYER metal9 = 0 um.
Total wire length on LAYER metal10 = 0 um.
Total number of vias = 13296.
Up-via summary (total 13296):

----------------
 active        0
 metal1     5926
 metal2     6239
 metal3      781
 metal4      257
 metal5       93
 metal6        0
 metal7        0
 metal8        0
 metal9        0
----------------
       13296


[INFO DRT-0267] cpu time = 00:02:08, elapsed time = 00:00:55, memory = 967.83 (MB), peak = 967.33 (MB)

[INFO DRT-0180] Post processing.
Took 61 seconds: detailed_route -output_drc ./reports/nangate45/s5378/phase0c_f3e7b516a_s23_k4_B0_048d7f2c_7f655d61/5_route_drc.rpt -output_maze ./results/nangate45/s5378/phase0c_f3e7b516a_s23_k4_B0_048d7f2c_7f655d61/maze.log -droute_end_iter 64 -verbose 1 -drc_report_iter_step 5
[WARNING GRT-0246] No diode with LEF class CORE ANTENNACELL found.
[INFO ANT-0002] Found 0 net violations.
[INFO ANT-0001] Found 0 pin violations.
[INFO ANT-0002] Found 0 net violations.
[INFO ANT-0001] Found 0 pin violations.
Design area 2599 um^2 38% utilization.
write_db ./results/nangate45/s5378/phase0c_f3e7b516a_s23_k4_B0_048d7f2c_7f655d61/5_2_route.odb
Log                       Ext     Elapsed/s Peak Memory/MB sha1sum result [0:20)
5_2_route                 .odb           65            967 bbb78cc2cf23740524e5
/root/pact-deps/OpenROAD-flow-scripts/flow/scripts/flow.sh 5_3_fillcell fillcell
Running fillcell.tcl, stage 5_3_fillcell
read_liberty /root/pact-deps/OpenROAD-flow-scripts/flow/platforms/nangate45/lib/NangateOpenCellLibrary_typical.lib
read_db ./results/nangate45/s5378/phase0c_f3e7b516a_s23_k4_B0_048d7f2c_7f655d61/5_2_route.odb
read_sdc ./results/nangate45/s5378/phase0c_f3e7b516a_s23_k4_B0_048d7f2c_7f655d61/5_1_grt.sdc
source /root/pact-deps/OpenROAD-flow-scripts/flow/platforms/nangate45/setRC.tcl
filler_placement "FILLCELL_X1 FILLCELL_X2 FILLCELL_X4 FILLCELL_X8 FILLCELL_X16 FILLCELL_X32"
[INFO DPL-0001] Placed 2430 filler instances.
Design area 2599 um^2 38% utilization.
write_db ./results/nangate45/s5378/phase0c_f3e7b516a_s23_k4_B0_048d7f2c_7f655d61/5_3_fillcell.odb
Log                       Ext     Elapsed/s Peak Memory/MB sha1sum result [0:20)
5_3_fillcell              .odb            0            116 170c194292d30260b65b
cp ./results/nangate45/s5378/phase0c_f3e7b516a_s23_k4_B0_048d7f2c_7f655d61/5_3_fillcell.odb ./results/nangate45/s5378/phase0c_f3e7b516a_s23_k4_B0_048d7f2c_7f655d61/5_route.odb
cp ./results/nangate45/s5378/phase0c_f3e7b516a_s23_k4_B0_048d7f2c_7f655d61/5_1_grt.sdc ./results/nangate45/s5378/phase0c_f3e7b516a_s23_k4_B0_048d7f2c_7f655d61/5_route.sdc
