-- The C compiler identification is GNU 11.4.0
-- The CXX compiler identification is GNU 11.4.0
-- Detecting C compiler ABI info
-- Detecting C compiler ABI info - done
-- Check for working C compiler: /usr/bin/gcc - skipped
-- Detecting C compile features
-- Detecting C compile features - done
-- Detecting CXX compiler ABI info
-- Detecting CXX compiler ABI info - done
-- Check for working CXX compiler: /usr/bin/g++ - skipped
-- Detecting CXX compile features
-- Detecting CXX compile features - done
-- OpenROAD version: 6fff875551fe13a2aae3a22f871a6ca7f8d5c1cf
-- System name: Linux
-- Compiler: GNU 11.4.0
-- Build type: Release
-- Install prefix: /build_storage/B2_openroad_10176/install
-- C++ Standard: 20
-- C++ Standard Required: ON
-- C++ Extensions: OFF
-- LTO/IPO is disabled
-- Performing Test C_COMPILER_SUPPORTS__-Wno-array-bounds
-- Performing Test C_COMPILER_SUPPORTS__-Wno-array-bounds - Success
-- Performing Test CXX_COMPILER_SUPPORTS__-Wno-array-bounds
-- Performing Test CXX_COMPILER_SUPPORTS__-Wno-array-bounds - Success
-- Performing Test C_COMPILER_SUPPORTS__-Wno-nonnull
-- Performing Test C_COMPILER_SUPPORTS__-Wno-nonnull - Success
-- Performing Test CXX_COMPILER_SUPPORTS__-Wno-nonnull
-- Performing Test CXX_COMPILER_SUPPORTS__-Wno-nonnull - Success
-- Performing Test C_COMPILER_SUPPORTS__-Wno-maybe-uninitialized
-- Performing Test C_COMPILER_SUPPORTS__-Wno-maybe-uninitialized - Success
-- Performing Test CXX_COMPILER_SUPPORTS__-Wno-maybe-uninitialized
-- Performing Test CXX_COMPILER_SUPPORTS__-Wno-maybe-uninitialized - Success
-- Performing Test C_COMPILER_SUPPORTS__-Wno-format-overflow
-- Performing Test C_COMPILER_SUPPORTS__-Wno-format-overflow - Success
-- Performing Test CXX_COMPILER_SUPPORTS__-Wno-format-overflow
-- Performing Test CXX_COMPILER_SUPPORTS__-Wno-format-overflow - Success
-- Performing Test C_COMPILER_SUPPORTS__-Wno-unused-variable
-- Performing Test C_COMPILER_SUPPORTS__-Wno-unused-variable - Success
-- Performing Test CXX_COMPILER_SUPPORTS__-Wno-unused-variable
-- Performing Test CXX_COMPILER_SUPPORTS__-Wno-unused-variable - Success
-- Performing Test C_COMPILER_SUPPORTS__-Wno-unused-function
-- Performing Test C_COMPILER_SUPPORTS__-Wno-unused-function - Success
-- Performing Test CXX_COMPILER_SUPPORTS__-Wno-unused-function
-- Performing Test CXX_COMPILER_SUPPORTS__-Wno-unused-function - Success
-- Performing Test C_COMPILER_SUPPORTS__-Wno-write-strings
-- Performing Test C_COMPILER_SUPPORTS__-Wno-write-strings - Success
-- Performing Test CXX_COMPILER_SUPPORTS__-Wno-write-strings
-- Performing Test CXX_COMPILER_SUPPORTS__-Wno-write-strings - Success
-- Performing Test C_COMPILER_SUPPORTS__-Wno-sign-compare
-- Performing Test C_COMPILER_SUPPORTS__-Wno-sign-compare - Success
-- Performing Test CXX_COMPILER_SUPPORTS__-Wno-sign-compare
-- Performing Test CXX_COMPILER_SUPPORTS__-Wno-sign-compare - Success
-- Performing Test C_COMPILER_SUPPORTS__-Wno-deprecated
-- Performing Test C_COMPILER_SUPPORTS__-Wno-deprecated - Success
-- Performing Test CXX_COMPILER_SUPPORTS__-Wno-deprecated
-- Performing Test CXX_COMPILER_SUPPORTS__-Wno-deprecated - Success
-- Performing Test C_COMPILER_SUPPORTS__-Wno-c++11-narrowing
-- Performing Test C_COMPILER_SUPPORTS__-Wno-c++11-narrowing - Failed
-- Performing Test CXX_COMPILER_SUPPORTS__-Wno-c++11-narrowing
-- Performing Test CXX_COMPILER_SUPPORTS__-Wno-c++11-narrowing - Failed
-- Performing Test C_COMPILER_SUPPORTS__-Wno-register
-- Performing Test C_COMPILER_SUPPORTS__-Wno-register - Failed
-- Performing Test CXX_COMPILER_SUPPORTS__-Wno-register
-- Performing Test CXX_COMPILER_SUPPORTS__-Wno-register - Success
-- Performing Test C_COMPILER_SUPPORTS__-Wno-format
-- Performing Test C_COMPILER_SUPPORTS__-Wno-format - Success
-- Performing Test CXX_COMPILER_SUPPORTS__-Wno-format
-- Performing Test CXX_COMPILER_SUPPORTS__-Wno-format - Success
-- Performing Test C_COMPILER_SUPPORTS__-Wno-reserved-user-defined-literal
-- Performing Test C_COMPILER_SUPPORTS__-Wno-reserved-user-defined-literal - Failed
-- Performing Test CXX_COMPILER_SUPPORTS__-Wno-reserved-user-defined-literal
-- Performing Test CXX_COMPILER_SUPPORTS__-Wno-reserved-user-defined-literal - Failed
-- Performing Test C_COMPILER_SUPPORTS__-Wno-alloc-size-larger-than
-- Performing Test C_COMPILER_SUPPORTS__-Wno-alloc-size-larger-than - Success
-- Performing Test CXX_COMPILER_SUPPORTS__-Wno-alloc-size-larger-than
-- Performing Test CXX_COMPILER_SUPPORTS__-Wno-alloc-size-larger-than - Success
-- Performing Test C_COMPILER_SUPPORTS__-Wno-attributes
-- Performing Test C_COMPILER_SUPPORTS__-Wno-attributes - Success
-- Performing Test CXX_COMPILER_SUPPORTS__-Wno-attributes
-- Performing Test CXX_COMPILER_SUPPORTS__-Wno-attributes - Success
-- Performing Test C_COMPILER_SUPPORTS__-Wno-aggressive-loop-optimizations
-- Performing Test C_COMPILER_SUPPORTS__-Wno-aggressive-loop-optimizations - Success
-- Performing Test CXX_COMPILER_SUPPORTS__-Wno-aggressive-loop-optimizations
-- Performing Test CXX_COMPILER_SUPPORTS__-Wno-aggressive-loop-optimizations - Success
-- Performing Test C_COMPILER_SUPPORTS__-Wno-stringop-overflow
-- Performing Test C_COMPILER_SUPPORTS__-Wno-stringop-overflow - Success
-- Performing Test CXX_COMPILER_SUPPORTS__-Wno-stringop-overflow
-- Performing Test CXX_COMPILER_SUPPORTS__-Wno-stringop-overflow - Success
-- Performing Test C_COMPILER_SUPPORTS__-Wno-changes-meaning
-- Performing Test C_COMPILER_SUPPORTS__-Wno-changes-meaning - Failed
-- Performing Test CXX_COMPILER_SUPPORTS__-Wno-changes-meaning
-- Performing Test CXX_COMPILER_SUPPORTS__-Wno-changes-meaning - Failed
-- Performing Test C_COMPILER_SUPPORTS__-fpermissive
-- Performing Test C_COMPILER_SUPPORTS__-fpermissive - Failed
-- Performing Test CXX_COMPILER_SUPPORTS__-fpermissive
-- Performing Test CXX_COMPILER_SUPPORTS__-fpermissive - Success
-- Performing Test C_COMPILER_SUPPORTS__-x
-- Performing Test C_COMPILER_SUPPORTS__-x - Failed
-- Performing Test CXX_COMPILER_SUPPORTS__-x
-- Performing Test CXX_COMPILER_SUPPORTS__-x - Failed
-- Performing Test C_COMPILER_SUPPORTS__c++
-- Performing Test C_COMPILER_SUPPORTS__c++ - Failed
-- Performing Test CXX_COMPILER_SUPPORTS__c++
-- Performing Test CXX_COMPILER_SUPPORTS__c++ - Failed
-- Performing Test C_COMPILER_SUPPORTS__-Wno-unused-but-set-variable
-- Performing Test C_COMPILER_SUPPORTS__-Wno-unused-but-set-variable - Success
-- Performing Test CXX_COMPILER_SUPPORTS__-Wno-unused-but-set-variable
-- Performing Test CXX_COMPILER_SUPPORTS__-Wno-unused-but-set-variable - Success
-- Performing Test C_COMPILER_SUPPORTS__-std=c++17
-- Performing Test C_COMPILER_SUPPORTS__-std=c++17 - Failed
-- Performing Test CXX_COMPILER_SUPPORTS__-std=c++17
-- Performing Test CXX_COMPILER_SUPPORTS__-std=c++17 - Success
-- Performing Test C_COMPILER_SUPPORTS__-fno-exceptions
-- Performing Test C_COMPILER_SUPPORTS__-fno-exceptions - Success
-- Performing Test CXX_COMPILER_SUPPORTS__-fno-exceptions
-- Performing Test CXX_COMPILER_SUPPORTS__-fno-exceptions - Success
-- slang version: 10.0.0+0
-- Found Python: /usr/bin/python3.10 (found version "3.10.12") found components: Interpreter
-- Build STATIC library as: svlang
-- Found system fmt library: /build_storage/toolchain/lib/libfmt.a
-- Using system fmt include: /build_storage/toolchain/include
-- Found system boost 1.89.0 at /usr/local/include
-- Performing Test CMAKE_HAVE_LIBC_PTHREAD
-- Performing Test CMAKE_HAVE_LIBC_PTHREAD - Success
-- Found Threads: TRUE
-- Performing Test COMPILER_HAS_HIDDEN_VISIBILITY
-- Performing Test COMPILER_HAS_HIDDEN_VISIBILITY - Success
-- Performing Test COMPILER_HAS_HIDDEN_INLINE_VISIBILITY
-- Performing Test COMPILER_HAS_HIDDEN_INLINE_VISIBILITY - Success
-- Performing Test COMPILER_HAS_DEPRECATED_ATTR
-- Performing Test COMPILER_HAS_DEPRECATED_ATTR - Success
fatal: not a git repository (or any parent up to mount point /)
Stopping at filesystem boundary (GIT_DISCOVERY_ACROSS_FILESYSTEM not set).
-- Got YOSYS_SLANG_REVISION: UNKNOWN
CMake Warning at third-party/slang-elab/cmake/GitRevision.cmake:15 (message):
  Command "git -C
  /build_storage/B2_openroad_10176/source/third-party/slang-elab rev-parse
  HEAD" failed; VCS information will be unavailable
Call Stack (most recent call first):
  third-party/slang-elab/src/CMakeLists.txt:6 (git_rev_parse)


fatal: not a git repository (or any parent up to mount point /)
Stopping at filesystem boundary (GIT_DISCOVERY_ACROSS_FILESYSTEM not set).
-- Got SLANG_REVISION: UNKNOWN
CMake Warning at third-party/slang-elab/cmake/GitRevision.cmake:15 (message):
  Command "git -C
  /build_storage/B2_openroad_10176/source/third-party/slang-elab/third_party/slang
  rev-parse HEAD" failed; VCS information will be unavailable
Call Stack (most recent call first):
  third-party/slang-elab/src/CMakeLists.txt:7 (git_rev_parse)


-- TCL library: /usr/lib/x86_64-linux-gnu/libtcl8.6.so
-- TCL header: /usr/include/tcl8.6/tcl.h
-- Found SWIG: /usr/local/bin/swig (found suitable version "4.3.0", minimum required is "4.3")
-- boost: 1.89.0
-- absl: 20250512
-- Found Python3: /usr/include/python3.10 (found version "3.10.12") found components: Development Development.Module Development.Embed
-- Found ZLIB: /opt/or-tools/lib/libz.so (found version "1.3.1")
-- spdlog: 1.15.0
-- Found BISON: /usr/bin/bison (found version "3.8.2")
-- Could NOT find Doxygen (missing: DOXYGEN_EXECUTABLE) 
-- STA version: 3.1.0
-- STA git sha: GITDIR-NOTFOUND
-- System name: Linux
-- Compiler: GNU 11.4.0
-- Build type: Release
-- Build CXX_FLAGS: 
-- Install prefix: /build_storage/B2_openroad_10176/install
-- IPO/LTO: enabled for Release builds
-- Found FLEX: /usr/bin/flex (found version "2.6.4")
-- TCL library: /usr/lib/x86_64-linux-gnu/libtcl8.6.so
-- TCL header: /usr/include/tcl8.6/tcl.h
-- Performing Test HAVE_CXX_STD_FORMAT
-- Performing Test HAVE_CXX_STD_FORMAT - Failed
-- std::format: using spdlog's bundled fmt
-- CUDD library: /usr/local/lib/libcudd.a
-- CUDD header: /usr/local/include/cudd.h
-- Found SWIG: /usr/local/bin/swig (found suitable version "4.3.0", minimum required is "3.0")
-- SWIG version: 4.3.0
-- STA library: /build_storage/B2_openroad_10176/build/libOpenSTA.a
-- STA executable: /build_storage/B2_openroad_10176/build/sta
-- Found GTest: /usr/local/lib/cmake/GTest/GTestConfig.cmake (found version "1.17.0")
-- Found BZip2: /opt/or-tools/lib/libbz2.so (found version "1.1.0")
-- Looking for BZ2_bzCompressInit
-- Looking for BZ2_bzCompressInit - found
-- Found re2: /opt/or-tools/lib/cmake/re2/re2Config.cmake (found version "11.0.0")
-- Found Clp: /opt/or-tools/lib/cmake/Clp/ClpConfig.cmake (found version "1.17.10")
-- Found Cbc: /opt/or-tools/lib/cmake/Cbc/CbcConfig.cmake (found version "2.10.12")
-- Found SCIP: /opt/or-tools/lib/cmake/scip/scip-config.cmake (found version "9.2.2")
-- Found OpenMP_C: -fopenmp (found version "4.5")
-- Found OpenMP_CXX: -fopenmp (found version "4.5")
-- Found OpenMP: TRUE (found version "4.5")
-- Found OR-Tools: /opt/or-tools/lib/cmake/ortools (version: 9.14.6206)
-- TCL library: /usr/lib/x86_64-linux-gnu/libtcl8.6.so
-- TCL header: /usr/include/tcl8.6/tcl.h
-- Found OpenGL: /usr/lib/x86_64-linux-gnu/libGL.so
-- GUI is not enabled
-- Could NOT find VTune (missing: VTune_LIBRARIES VTune_INCLUDE_DIRS) 
-- TCL library: /usr/lib/x86_64-linux-gnu/libtcl8.6.so
-- TCL header: /usr/include/tcl8.6/tcl.h
-- Found Eigen3: /opt/or-tools/share/eigen3/cmake/Eigen3Config.cmake (found version "3.4.0")
-- Tcl Extended disabled
-- Python3 enabled
-- 
-- =========================================================
--  OpenROAD Configuration Summary 
-- =========================================================
--  C++ Standard   : 20
--  Build Type     : Release
--  GUI Support    : OFF
--  Python Bindings: ON
--  Tests Enabled  : OFF
-- =========================================================
--  Configuration complete.
-- 
-- Configuring done (12.8s)
-- Generating done (2.6s)
-- Build files have been written to: /build_storage/B2_openroad_10176/build
