{
  "status": "PASS",
  "figures": [
    "reports/figures/s9234/scan_wirelength_vs_hotspot_activity.png",
    "reports/figures/s9234/scan_wirelength_by_method.png",
    "reports/figures/s9234/peak_local_activity_by_method.png",
    "reports/figures/s9234/timing_delta_by_method.png",
    "reports/figures/s9234/congestion_delta_by_method.png",
    "reports/figures/s9234/activity_heatmap_supplied_fan.png",
    "reports/figures/s9234/placement_scan_overlay_supplied_fan.png",
    "reports/figures/s9234/activity_heatmap_nearest_neighbor.png",
    "reports/figures/s9234/placement_scan_overlay_nearest_neighbor.png",
    "reports/figures/s9234/activity_heatmap_serpentine.png",
    "reports/figures/s9234/placement_scan_overlay_serpentine.png",
    "reports/figures/s9234/activity_heatmap_activity_only.png",
    "reports/figures/s9234/placement_scan_overlay_activity_only.png",
    "reports/figures/s9234/activity_heatmap_random_seed_11_.png",
    "reports/figures/s9234/placement_scan_overlay_random_seed_11_.png",
    "reports/figures/s9234/activity_heatmap_random_seed_13_.png",
    "reports/figures/s9234/placement_scan_overlay_random_seed_13_.png",
    "reports/figures/s9234/activity_heatmap_random_seed_17_.png",
    "reports/figures/s9234/placement_scan_overlay_random_seed_17_.png",
    "reports/figures/s9234/activity_heatmap_random_seed_19_.png",
    "reports/figures/s9234/placement_scan_overlay_random_seed_19_.png",
    "reports/figures/s9234/activity_heatmap_random_seed_23_.png",
    "reports/figures/s9234/placement_scan_overlay_random_seed_23_.png",
    "reports/figures/s9234/activity_heatmap_physical_activity_alpha_0_00.png",
    "reports/figures/s9234/placement_scan_overlay_physical_activity_alpha_0_00.png",
    "reports/figures/s9234/activity_heatmap_physical_activity_alpha_0_25.png",
    "reports/figures/s9234/placement_scan_overlay_physical_activity_alpha_0_25.png",
    "reports/figures/s9234/activity_heatmap_physical_activity_alpha_0_50.png",
    "reports/figures/s9234/placement_scan_overlay_physical_activity_alpha_0_50.png",
    "reports/figures/s9234/activity_heatmap_physical_activity_alpha_0_75.png",
    "reports/figures/s9234/placement_scan_overlay_physical_activity_alpha_0_75.png",
    "reports/figures/s9234/activity_heatmap_physical_activity_alpha_1_00.png",
    "reports/figures/s9234/placement_scan_overlay_physical_activity_alpha_1_00.png"
  ]
}
