
==========================================================================
detailed place report_tns
--------------------------------------------------------------------------
tns max 0.00

==========================================================================
detailed place report_wns
--------------------------------------------------------------------------
wns max 0.00

==========================================================================
detailed place report_worst_slack
--------------------------------------------------------------------------
worst slack max 8.86

==========================================================================
detailed place report_clock_min_period
--------------------------------------------------------------------------
clk period_min = 1.14 fmax = 877.34

==========================================================================
detailed place report_checks -path_delay min
--------------------------------------------------------------------------
Startpoint: test_si (input port clocked by clk)
Endpoint: U_g678 (rising edge-triggered flip-flop clocked by clk)
Path Group: clk
Path Type: min

Fanout     Cap    Slew   Delay    Time   Description
-----------------------------------------------------------------------------
                  0.00    0.00    0.00   clock clk (rise edge)
                          0.00    0.00   clock network delay (ideal)
                          0.00    0.00 ^ input external delay
     1    1.16    0.00    0.00    0.00 ^ test_si (in)
                                         test_si (net)
                  0.00    0.00    0.00 ^ input38/A (BUF_X1)
     1    2.25    0.01    0.02    0.02 ^ input38/Z (BUF_X1)
                                         net38 (net)
                  0.01    0.00    0.02 ^ U_g678/SI (SDFF_X1)
                                  0.02   data arrival time

                  0.00    0.00    0.00   clock clk (rise edge)
                          0.00    0.00   clock network delay (ideal)
                          0.00    0.00   clock reconvergence pessimism
                                  0.00 ^ U_g678/CK (SDFF_X1)
                         -0.01   -0.01   library hold time
                                 -0.01   data required time
-----------------------------------------------------------------------------
                                 -0.01   data required time
                                 -0.02   data arrival time
-----------------------------------------------------------------------------
                                  0.03   slack (MET)



==========================================================================
detailed place report_checks -path_delay max
--------------------------------------------------------------------------
Startpoint: U_g697 (rising edge-triggered flip-flop clocked by clk)
Endpoint: U_g123 (rising edge-triggered flip-flop clocked by clk)
Path Group: clk
Path Type: max

Fanout     Cap    Slew   Delay    Time   Description
-----------------------------------------------------------------------------
                  0.00    0.00    0.00   clock clk (rise edge)
                          0.00    0.00   clock network delay (ideal)
                  0.00    0.00    0.00 ^ U_g697/CK (SDFF_X1)
    19   28.94    0.07    0.13    0.13 ^ U_g697/Q (SDFF_X1)
                                         g697 (net)
                  0.07    0.00    0.13 ^ U_g3353/A1 (AND2_X1)
     1    1.78    0.01    0.05    0.17 ^ U_g3353/ZN (AND2_X1)
                                         g3353 (net)
                  0.01    0.00    0.17 ^ U_g3959/A1 (NOR2_X1)
     1    1.10    0.00    0.01    0.18 v U_g3959/ZN (NOR2_X1)
                                         g3959 (net)
                  0.00    0.00    0.18 v U_g4178/A1 (AND2_X1)
     2    3.04    0.01    0.03    0.21 v U_g4178/ZN (AND2_X1)
                                         g4178 (net)
                  0.01    0.00    0.21 v U_g4591/A1 (NOR2_X1)
     1    1.08    0.01    0.02    0.23 ^ U_g4591/ZN (NOR2_X1)
                                         g4591 (net)
                  0.01    0.00    0.23 ^ U_g4685/A1 (AND2_X1)
     1    1.87    0.01    0.03    0.26 ^ U_g4685/ZN (AND2_X1)
                                         g4685 (net)
                  0.01    0.00    0.26 ^ U_g5094/A1 (NOR2_X1)
     1    1.02    0.01    0.01    0.27 v U_g5094/ZN (NOR2_X1)
                                         g5094 (net)
                  0.01    0.00    0.27 v U_g5175/A1 (AND2_X1)
     1    1.74    0.01    0.03    0.30 v U_g5175/ZN (AND2_X1)
                                         g5175 (net)
                  0.01    0.00    0.30 v U_g5423/A2 (NOR2_X1)
     2    3.42    0.02    0.04    0.33 ^ U_g5423/ZN (NOR2_X1)
                                         g5423 (net)
                  0.02    0.00    0.33 ^ U_I8201/A2 (NAND2_X1)
     2    3.13    0.02    0.02    0.35 v U_I8201/ZN (NAND2_X1)
                                         I8201 (net)
                  0.02    0.00    0.35 v U_I8203/A2 (NAND2_X1)
     1    1.79    0.01    0.02    0.37 ^ U_I8203/ZN (NAND2_X1)
                                         I8203 (net)
                  0.01    0.00    0.37 ^ U_g6397/A2 (NAND2_X1)
     2    2.06    0.01    0.01    0.39 v U_g6397/ZN (NAND2_X1)
                                         g6397 (net)
                  0.01    0.00    0.39 v U_g6473/A2 (AND3_X1)
     1    0.82    0.01    0.03    0.42 v U_g6473/ZN (AND3_X1)
                                         g6473 (net)
                  0.01    0.00    0.42 v U_g6549/A1 (OR2_X1)
     2    2.18    0.01    0.04    0.46 v U_g6549/ZN (OR2_X1)
                                         g6549 (net)
                  0.01    0.00    0.46 v U_g6640/A2 (AND2_X1)
     2    1.79    0.01    0.03    0.49 v U_g6640/ZN (AND2_X1)
                                         g6640 (net)
                  0.01    0.00    0.49 v U_g6673/A2 (OR4_X1)
     2    2.52    0.02    0.10    0.60 v U_g6673/ZN (OR4_X1)
                                         g6673 (net)
                  0.02    0.00    0.60 v U_g6715/A (INV_X1)
     1    0.91    0.01    0.01    0.61 ^ U_g6715/ZN (INV_X1)
                                         g6715 (net)
                  0.01    0.00    0.61 ^ U_g6739/A1 (AND3_X1)
     1    0.99    0.01    0.04    0.65 ^ U_g6739/ZN (AND3_X1)
                                         g6739 (net)
                  0.01    0.00    0.65 ^ U_g6762/A3 (OR3_X1)
     3    6.07    0.02    0.04    0.68 ^ U_g6762/ZN (OR3_X1)
                                         g6762 (net)
                  0.02    0.00    0.69 ^ U_g6778/A1 (NAND2_X1)
     2    2.58    0.01    0.02    0.70 v U_g6778/ZN (NAND2_X1)
                                         g6778 (net)
                  0.01    0.00    0.70 v U_g6847/A2 (OR2_X1)
     1    1.18    0.01    0.05    0.75 v U_g6847/ZN (OR2_X1)
                                         g6847 (net)
                  0.01    0.00    0.75 v U_g6852/A1 (AND2_X1)
     1    0.83    0.01    0.03    0.78 v U_g6852/ZN (AND2_X1)
                                         g6852 (net)
                  0.01    0.00    0.78 v U_g6864/A1 (OR2_X1)
     2    1.94    0.01    0.04    0.82 v U_g6864/ZN (OR2_X1)
                                         g6864 (net)
                  0.01    0.00    0.82 v U_g6916/A2 (AND2_X1)
     2    1.86    0.01    0.03    0.85 v U_g6916/ZN (AND2_X1)
                                         g6916 (net)
                  0.01    0.00    0.85 v U_g6920/A2 (OR2_X1)
     2    1.88    0.01    0.05    0.90 v U_g6920/ZN (OR2_X1)
                                         g6920 (net)
                  0.01    0.00    0.90 v U_g6924/A2 (AND2_X1)
     1    1.22    0.01    0.03    0.93 v U_g6924/ZN (AND2_X1)
                                         g6924 (net)
                  0.01    0.00    0.93 v U_g6927/A2 (OR2_X1)
     1    1.68    0.01    0.05    0.98 v U_g6927/ZN (OR2_X1)
                                         g6927 (net)
                  0.01    0.00    0.98 v U_g6929/A2 (NAND2_X1)
     1    1.07    0.01    0.02    0.99 ^ U_g6929/ZN (NAND2_X1)
                                         g6929 (net)
                  0.01    0.00    0.99 ^ U_g6931/A2 (OR2_X1)
     1    1.13    0.01    0.02    1.02 ^ U_g6931/ZN (OR2_X1)
                                         g6931 (net)
                  0.01    0.00    1.02 ^ U_g6934/A1 (AND2_X1)
     1    1.43    0.01    0.03    1.04 ^ U_g6934/ZN (AND2_X1)
                                         g6934 (net)
                  0.01    0.00    1.04 ^ U_g6937/A2 (OR2_X1)
     1    1.18    0.01    0.02    1.07 ^ U_g6937/ZN (OR2_X1)
                                         g6937 (net)
                  0.01    0.00    1.07 ^ U_g123/D (SDFF_X1)
                                  1.07   data arrival time

                  0.00   10.00   10.00   clock clk (rise edge)
                          0.00   10.00   clock network delay (ideal)
                          0.00   10.00   clock reconvergence pessimism
                                 10.00 ^ U_g123/CK (SDFF_X1)
                         -0.07    9.93   library setup time
                                  9.93   data required time
-----------------------------------------------------------------------------
                                  9.93   data required time
                                 -1.07   data arrival time
-----------------------------------------------------------------------------
                                  8.86   slack (MET)



==========================================================================
detailed place report_checks -unconstrained
--------------------------------------------------------------------------
Startpoint: U_g697 (rising edge-triggered flip-flop clocked by clk)
Endpoint: U_g123 (rising edge-triggered flip-flop clocked by clk)
Path Group: clk
Path Type: max

Fanout     Cap    Slew   Delay    Time   Description
-----------------------------------------------------------------------------
                  0.00    0.00    0.00   clock clk (rise edge)
                          0.00    0.00   clock network delay (ideal)
                  0.00    0.00    0.00 ^ U_g697/CK (SDFF_X1)
    19   28.94    0.07    0.13    0.13 ^ U_g697/Q (SDFF_X1)
                                         g697 (net)
                  0.07    0.00    0.13 ^ U_g3353/A1 (AND2_X1)
     1    1.78    0.01    0.05    0.17 ^ U_g3353/ZN (AND2_X1)
                                         g3353 (net)
                  0.01    0.00    0.17 ^ U_g3959/A1 (NOR2_X1)
     1    1.10    0.00    0.01    0.18 v U_g3959/ZN (NOR2_X1)
                                         g3959 (net)
                  0.00    0.00    0.18 v U_g4178/A1 (AND2_X1)
     2    3.04    0.01    0.03    0.21 v U_g4178/ZN (AND2_X1)
                                         g4178 (net)
                  0.01    0.00    0.21 v U_g4591/A1 (NOR2_X1)
     1    1.08    0.01    0.02    0.23 ^ U_g4591/ZN (NOR2_X1)
                                         g4591 (net)
                  0.01    0.00    0.23 ^ U_g4685/A1 (AND2_X1)
     1    1.87    0.01    0.03    0.26 ^ U_g4685/ZN (AND2_X1)
                                         g4685 (net)
                  0.01    0.00    0.26 ^ U_g5094/A1 (NOR2_X1)
     1    1.02    0.01    0.01    0.27 v U_g5094/ZN (NOR2_X1)
                                         g5094 (net)
                  0.01    0.00    0.27 v U_g5175/A1 (AND2_X1)
     1    1.74    0.01    0.03    0.30 v U_g5175/ZN (AND2_X1)
                                         g5175 (net)
                  0.01    0.00    0.30 v U_g5423/A2 (NOR2_X1)
     2    3.42    0.02    0.04    0.33 ^ U_g5423/ZN (NOR2_X1)
                                         g5423 (net)
                  0.02    0.00    0.33 ^ U_I8201/A2 (NAND2_X1)
     2    3.13    0.02    0.02    0.35 v U_I8201/ZN (NAND2_X1)
                                         I8201 (net)
                  0.02    0.00    0.35 v U_I8203/A2 (NAND2_X1)
     1    1.79    0.01    0.02    0.37 ^ U_I8203/ZN (NAND2_X1)
                                         I8203 (net)
                  0.01    0.00    0.37 ^ U_g6397/A2 (NAND2_X1)
     2    2.06    0.01    0.01    0.39 v U_g6397/ZN (NAND2_X1)
                                         g6397 (net)
                  0.01    0.00    0.39 v U_g6473/A2 (AND3_X1)
     1    0.82    0.01    0.03    0.42 v U_g6473/ZN (AND3_X1)
                                         g6473 (net)
                  0.01    0.00    0.42 v U_g6549/A1 (OR2_X1)
     2    2.18    0.01    0.04    0.46 v U_g6549/ZN (OR2_X1)
                                         g6549 (net)
                  0.01    0.00    0.46 v U_g6640/A2 (AND2_X1)
     2    1.79    0.01    0.03    0.49 v U_g6640/ZN (AND2_X1)
                                         g6640 (net)
                  0.01    0.00    0.49 v U_g6673/A2 (OR4_X1)
     2    2.52    0.02    0.10    0.60 v U_g6673/ZN (OR4_X1)
                                         g6673 (net)
                  0.02    0.00    0.60 v U_g6715/A (INV_X1)
     1    0.91    0.01    0.01    0.61 ^ U_g6715/ZN (INV_X1)
                                         g6715 (net)
                  0.01    0.00    0.61 ^ U_g6739/A1 (AND3_X1)
     1    0.99    0.01    0.04    0.65 ^ U_g6739/ZN (AND3_X1)
                                         g6739 (net)
                  0.01    0.00    0.65 ^ U_g6762/A3 (OR3_X1)
     3    6.07    0.02    0.04    0.68 ^ U_g6762/ZN (OR3_X1)
                                         g6762 (net)
                  0.02    0.00    0.69 ^ U_g6778/A1 (NAND2_X1)
     2    2.58    0.01    0.02    0.70 v U_g6778/ZN (NAND2_X1)
                                         g6778 (net)
                  0.01    0.00    0.70 v U_g6847/A2 (OR2_X1)
     1    1.18    0.01    0.05    0.75 v U_g6847/ZN (OR2_X1)
                                         g6847 (net)
                  0.01    0.00    0.75 v U_g6852/A1 (AND2_X1)
     1    0.83    0.01    0.03    0.78 v U_g6852/ZN (AND2_X1)
                                         g6852 (net)
                  0.01    0.00    0.78 v U_g6864/A1 (OR2_X1)
     2    1.94    0.01    0.04    0.82 v U_g6864/ZN (OR2_X1)
                                         g6864 (net)
                  0.01    0.00    0.82 v U_g6916/A2 (AND2_X1)
     2    1.86    0.01    0.03    0.85 v U_g6916/ZN (AND2_X1)
                                         g6916 (net)
                  0.01    0.00    0.85 v U_g6920/A2 (OR2_X1)
     2    1.88    0.01    0.05    0.90 v U_g6920/ZN (OR2_X1)
                                         g6920 (net)
                  0.01    0.00    0.90 v U_g6924/A2 (AND2_X1)
     1    1.22    0.01    0.03    0.93 v U_g6924/ZN (AND2_X1)
                                         g6924 (net)
                  0.01    0.00    0.93 v U_g6927/A2 (OR2_X1)
     1    1.68    0.01    0.05    0.98 v U_g6927/ZN (OR2_X1)
                                         g6927 (net)
                  0.01    0.00    0.98 v U_g6929/A2 (NAND2_X1)
     1    1.07    0.01    0.02    0.99 ^ U_g6929/ZN (NAND2_X1)
                                         g6929 (net)
                  0.01    0.00    0.99 ^ U_g6931/A2 (OR2_X1)
     1    1.13    0.01    0.02    1.02 ^ U_g6931/ZN (OR2_X1)
                                         g6931 (net)
                  0.01    0.00    1.02 ^ U_g6934/A1 (AND2_X1)
     1    1.43    0.01    0.03    1.04 ^ U_g6934/ZN (AND2_X1)
                                         g6934 (net)
                  0.01    0.00    1.04 ^ U_g6937/A2 (OR2_X1)
     1    1.18    0.01    0.02    1.07 ^ U_g6937/ZN (OR2_X1)
                                         g6937 (net)
                  0.01    0.00    1.07 ^ U_g123/D (SDFF_X1)
                                  1.07   data arrival time

                  0.00   10.00   10.00   clock clk (rise edge)
                          0.00   10.00   clock network delay (ideal)
                          0.00   10.00   clock reconvergence pessimism
                                 10.00 ^ U_g123/CK (SDFF_X1)
                         -0.07    9.93   library setup time
                                  9.93   data required time
-----------------------------------------------------------------------------
                                  9.93   data required time
                                 -1.07   data arrival time
-----------------------------------------------------------------------------
                                  8.86   slack (MET)



==========================================================================
detailed place report_check_types -max_slew -max_cap -max_fanout -violators
--------------------------------------------------------------------------

==========================================================================
detailed place max_slew_check_slack
--------------------------------------------------------------------------
0.08004047721624374

==========================================================================
detailed place max_slew_check_limit
--------------------------------------------------------------------------
0.1985349953174591

==========================================================================
detailed place max_slew_check_slack_limit
--------------------------------------------------------------------------
0.4032

==========================================================================
detailed place max_fanout_check_slack
--------------------------------------------------------------------------
1.0000000150474662e+30

==========================================================================
detailed place max_fanout_check_limit
--------------------------------------------------------------------------
1.0000000150474662e+30

==========================================================================
detailed place max_capacitance_check_slack
--------------------------------------------------------------------------
0.7644286155700684

==========================================================================
detailed place max_capacitance_check_limit
--------------------------------------------------------------------------
16.021699905395508

==========================================================================
detailed place max_capacitance_check_slack_limit
--------------------------------------------------------------------------
0.0477

==========================================================================
detailed place max_slew_violation_count
--------------------------------------------------------------------------
max slew violation count 0

==========================================================================
detailed place max_fanout_violation_count
--------------------------------------------------------------------------
max fanout violation count 0

==========================================================================
detailed place max_cap_violation_count
--------------------------------------------------------------------------
max cap violation count 0

==========================================================================
detailed place setup_violation_count
--------------------------------------------------------------------------
setup violation count 0

==========================================================================
detailed place hold_violation_count
--------------------------------------------------------------------------
hold violation count 0

==========================================================================
detailed place report_checks -path_delay max reg to reg
--------------------------------------------------------------------------
Startpoint: U_g697 (rising edge-triggered flip-flop clocked by clk)
Endpoint: U_g123 (rising edge-triggered flip-flop clocked by clk)
Path Group: clk
Path Type: max

  Delay    Time   Description
---------------------------------------------------------
   0.00    0.00   clock clk (rise edge)
   0.00    0.00   clock network delay (ideal)
   0.00    0.00 ^ U_g697/CK (SDFF_X1)
   0.13    0.13 ^ U_g697/Q (SDFF_X1)
   0.05    0.17 ^ U_g3353/ZN (AND2_X1)
   0.01    0.18 v U_g3959/ZN (NOR2_X1)
   0.03    0.21 v U_g4178/ZN (AND2_X1)
   0.02    0.23 ^ U_g4591/ZN (NOR2_X1)
   0.03    0.26 ^ U_g4685/ZN (AND2_X1)
   0.01    0.27 v U_g5094/ZN (NOR2_X1)
   0.03    0.30 v U_g5175/ZN (AND2_X1)
   0.04    0.33 ^ U_g5423/ZN (NOR2_X1)
   0.02    0.35 v U_I8201/ZN (NAND2_X1)
   0.02    0.37 ^ U_I8203/ZN (NAND2_X1)
   0.01    0.39 v U_g6397/ZN (NAND2_X1)
   0.03    0.42 v U_g6473/ZN (AND3_X1)
   0.04    0.46 v U_g6549/ZN (OR2_X1)
   0.03    0.49 v U_g6640/ZN (AND2_X1)
   0.10    0.60 v U_g6673/ZN (OR4_X1)
   0.01    0.61 ^ U_g6715/ZN (INV_X1)
   0.04    0.65 ^ U_g6739/ZN (AND3_X1)
   0.04    0.68 ^ U_g6762/ZN (OR3_X1)
   0.02    0.70 v U_g6778/ZN (NAND2_X1)
   0.05    0.75 v U_g6847/ZN (OR2_X1)
   0.03    0.78 v U_g6852/ZN (AND2_X1)
   0.04    0.82 v U_g6864/ZN (OR2_X1)
   0.03    0.85 v U_g6916/ZN (AND2_X1)
   0.05    0.90 v U_g6920/ZN (OR2_X1)
   0.03    0.93 v U_g6924/ZN (AND2_X1)
   0.05    0.98 v U_g6927/ZN (OR2_X1)
   0.02    0.99 ^ U_g6929/ZN (NAND2_X1)
   0.02    1.02 ^ U_g6931/ZN (OR2_X1)
   0.03    1.04 ^ U_g6934/ZN (AND2_X1)
   0.02    1.07 ^ U_g6937/ZN (OR2_X1)
   0.00    1.07 ^ U_g123/D (SDFF_X1)
           1.07   data arrival time

  10.00   10.00   clock clk (rise edge)
   0.00   10.00   clock network delay (ideal)
   0.00   10.00   clock reconvergence pessimism
          10.00 ^ U_g123/CK (SDFF_X1)
  -0.07    9.93   library setup time
           9.93   data required time
---------------------------------------------------------
           9.93   data required time
          -1.07   data arrival time
---------------------------------------------------------
           8.86   slack (MET)



==========================================================================
detailed place report_checks -path_delay min reg to reg
--------------------------------------------------------------------------
Startpoint: U_g665 (rising edge-triggered flip-flop clocked by clk)
Endpoint: U_g478 (rising edge-triggered flip-flop clocked by clk)
Path Group: clk
Path Type: min

  Delay    Time   Description
---------------------------------------------------------
   0.00    0.00   clock clk (rise edge)
   0.00    0.00   clock network delay (ideal)
   0.00    0.00 ^ U_g665/CK (SDFF_X1)
   0.06    0.06 ^ U_g665/Q (SDFF_X1)
   0.00    0.06 ^ U_g478/D (SDFF_X1)
           0.06   data arrival time

   0.00    0.00   clock clk (rise edge)
   0.00    0.00   clock network delay (ideal)
   0.00    0.00   clock reconvergence pessimism
           0.00 ^ U_g478/CK (SDFF_X1)
  -0.01   -0.01   library hold time
          -0.01   data required time
---------------------------------------------------------
          -0.01   data required time
          -0.06   data arrival time
---------------------------------------------------------
           0.08   slack (MET)



==========================================================================
detailed place critical path target clock latency max path
--------------------------------------------------------------------------
0.0000

==========================================================================
detailed place critical path target clock latency min path
--------------------------------------------------------------------------
0.0000

==========================================================================
detailed place critical path source clock latency min path
--------------------------------------------------------------------------
0.0000

==========================================================================
detailed place critical path delay
--------------------------------------------------------------------------
1.0672

==========================================================================
detailed place critical path slack
--------------------------------------------------------------------------
8.8602

==========================================================================
detailed place slack div critical path delay
--------------------------------------------------------------------------
830.228636

==========================================================================
detailed place report_power
--------------------------------------------------------------------------
Group                  Internal  Switching    Leakage      Total
                          Power      Power      Power      Power (Watts)
----------------------------------------------------------------
Sequential             2.69e-04   1.24e-04   2.10e-05   4.14e-04  41.6%
Combinational          3.10e-04   2.19e-04   5.31e-05   5.82e-04  58.4%
Clock                  0.00e+00   0.00e+00   0.00e+00   0.00e+00   0.0%
Macro                  0.00e+00   0.00e+00   0.00e+00   0.00e+00   0.0%
Pad                    0.00e+00   0.00e+00   0.00e+00   0.00e+00   0.0%
----------------------------------------------------------------
Total                  5.79e-04   3.43e-04   7.41e-05   9.96e-04 100.0%
                          58.2%      34.4%       7.4%
