
==========================================================================
resizer report_tns
--------------------------------------------------------------------------
tns max 0.00

==========================================================================
resizer report_wns
--------------------------------------------------------------------------
wns max 0.00

==========================================================================
resizer report_worst_slack
--------------------------------------------------------------------------
worst slack max 8.87

==========================================================================
resizer report_clock_min_period
--------------------------------------------------------------------------
clk period_min = 1.13 fmax = 885.64

==========================================================================
resizer report_checks -path_delay min
--------------------------------------------------------------------------
Startpoint: test_si (input port clocked by clk)
Endpoint: U_g678 (rising edge-triggered flip-flop clocked by clk)
Path Group: clk
Path Type: min

Fanout     Cap    Slew   Delay    Time   Description
-----------------------------------------------------------------------------
                  0.00    0.00    0.00   clock clk (rise edge)
                          0.00    0.00   clock network delay (ideal)
                          0.00    0.00 ^ input external delay
     1    1.40    0.00    0.00    0.00 ^ test_si (in)
                                         test_si (net)
                  0.00    0.00    0.00 ^ input38/A (BUF_X1)
     1    1.99    0.01    0.02    0.02 ^ input38/Z (BUF_X1)
                                         net38 (net)
                  0.01    0.00    0.02 ^ U_g678/SI (SDFF_X1)
                                  0.02   data arrival time

                  0.00    0.00    0.00   clock clk (rise edge)
                          0.00    0.00   clock network delay (ideal)
                          0.00    0.00   clock reconvergence pessimism
                                  0.00 ^ U_g678/CK (SDFF_X1)
                         -0.01   -0.01   library hold time
                                 -0.01   data required time
-----------------------------------------------------------------------------
                                 -0.01   data required time
                                 -0.02   data arrival time
-----------------------------------------------------------------------------
                                  0.03   slack (MET)



==========================================================================
resizer report_checks -path_delay max
--------------------------------------------------------------------------
Startpoint: U_g204 (rising edge-triggered flip-flop clocked by clk)
Endpoint: U_g127 (rising edge-triggered flip-flop clocked by clk)
Path Group: clk
Path Type: max

Fanout     Cap    Slew   Delay    Time   Description
-----------------------------------------------------------------------------
                  0.00    0.00    0.00   clock clk (rise edge)
                          0.00    0.00   clock network delay (ideal)
                  0.00    0.00    0.00 ^ U_g204/CK (SDFF_X1)
    16   21.21    0.03    0.10    0.10 v U_g204/Q (SDFF_X1)
                                         g204 (net)
                  0.03    0.00    0.10 v U_g2890/A (INV_X1)
     4    4.30    0.02    0.03    0.13 ^ U_g2890/ZN (INV_X1)
                                         g2890 (net)
                  0.02    0.00    0.13 ^ U_g3303/A2 (AND2_X1)
     1    1.85    0.01    0.03    0.16 ^ U_g3303/ZN (AND2_X1)
                                         g3303 (net)
                  0.01    0.00    0.16 ^ U_g3925/A1 (NOR2_X1)
     1    1.23    0.01    0.01    0.17 v U_g3925/ZN (NOR2_X1)
                                         g3925 (net)
                  0.01    0.00    0.17 v U_g4168/A1 (AND2_X1)
     1    1.72    0.01    0.03    0.20 v U_g4168/ZN (AND2_X1)
                                         g4168 (net)
                  0.01    0.00    0.20 v U_g4584/A2 (NOR2_X1)
     1    1.40    0.01    0.03    0.22 ^ U_g4584/ZN (NOR2_X1)
                                         g4584 (net)
                  0.01    0.00    0.22 ^ U_g4684/A1 (AND2_X1)
     1    1.79    0.01    0.03    0.26 ^ U_g4684/ZN (AND2_X1)
                                         g4684 (net)
                  0.01    0.00    0.26 ^ U_g5093/A2 (NOR2_X1)
     1    1.31    0.00    0.01    0.26 v U_g5093/ZN (NOR2_X1)
                                         g5093 (net)
                  0.00    0.00    0.26 v U_g5169/A1 (AND2_X1)
     1    1.80    0.01    0.03    0.29 v U_g5169/ZN (AND2_X1)
                                         g5169 (net)
                  0.01    0.00    0.29 v U_g5418/A2 (NOR2_X1)
     2    3.72    0.02    0.04    0.33 ^ U_g5418/ZN (NOR2_X1)
                                         g5418 (net)
                  0.02    0.00    0.33 ^ U_I8194/A2 (NAND2_X1)
     2    3.17    0.02    0.02    0.35 v U_I8194/ZN (NAND2_X1)
                                         I8194 (net)
                  0.02    0.00    0.35 v U_I8196/A2 (NAND2_X1)
     1    2.01    0.01    0.02    0.37 ^ U_I8196/ZN (NAND2_X1)
                                         I8196 (net)
                  0.01    0.00    0.37 ^ U_g6394/A2 (NAND2_X1)
     2    1.99    0.01    0.01    0.38 v U_g6394/ZN (NAND2_X1)
                                         g6394 (net)
                  0.01    0.00    0.38 v U_g6468/A2 (AND3_X1)
     1    0.93    0.01    0.03    0.42 v U_g6468/ZN (AND3_X1)
                                         g6468 (net)
                  0.01    0.00    0.42 v U_g6545/A1 (OR2_X1)
     2    1.95    0.01    0.04    0.46 v U_g6545/ZN (OR2_X1)
                                         g6545 (net)
                  0.01    0.00    0.46 v U_g6634/A2 (AND2_X1)
     2    1.72    0.01    0.03    0.49 v U_g6634/ZN (AND2_X1)
                                         g6634 (net)
                  0.01    0.00    0.49 v U_g6670/A2 (OR4_X1)
     2    2.56    0.02    0.10    0.59 v U_g6670/ZN (OR4_X1)
                                         g6670 (net)
                  0.02    0.00    0.59 v U_g6714/A (INV_X1)
     1    0.97    0.01    0.01    0.61 ^ U_g6714/ZN (INV_X1)
                                         g6714 (net)
                  0.01    0.00    0.61 ^ U_g6737/A1 (AND3_X1)
     1    0.99    0.01    0.04    0.65 ^ U_g6737/ZN (AND3_X1)
                                         g6737 (net)
                  0.01    0.00    0.65 ^ U_g6754/A3 (OR3_X1)
     3    3.75    0.01    0.03    0.68 ^ U_g6754/ZN (OR3_X1)
                                         g6754 (net)
                  0.01    0.00    0.68 ^ U_g6774/A1 (NAND2_X1)
     2    2.43    0.01    0.02    0.69 v U_g6774/ZN (NAND2_X1)
                                         g6774 (net)
                  0.01    0.00    0.69 v U_g6846/A2 (OR2_X1)
     1    2.10    0.01    0.05    0.74 v U_g6846/ZN (OR2_X1)
                                         g6846 (net)
                  0.01    0.00    0.74 v U_g6851/A1 (AND2_X1)
     1    0.98    0.01    0.03    0.77 v U_g6851/ZN (AND2_X1)
                                         g6851 (net)
                  0.01    0.00    0.77 v U_g6855/A1 (OR2_X1)
     2    1.92    0.01    0.04    0.81 v U_g6855/ZN (OR2_X1)
                                         g6855 (net)
                  0.01    0.00    0.81 v U_g6911/A2 (AND2_X1)
     2    1.84    0.01    0.03    0.84 v U_g6911/ZN (AND2_X1)
                                         g6911 (net)
                  0.01    0.00    0.84 v U_g6917/A2 (OR2_X1)
     2    1.91    0.01    0.05    0.89 v U_g6917/ZN (OR2_X1)
                                         g6917 (net)
                  0.01    0.00    0.89 v U_g6923/A2 (AND2_X1)
     1    1.01    0.01    0.03    0.92 v U_g6923/ZN (AND2_X1)
                                         g6923 (net)
                  0.01    0.00    0.92 v U_g6926/A2 (OR2_X1)
     1    1.55    0.01    0.05    0.97 v U_g6926/ZN (OR2_X1)
                                         g6926 (net)
                  0.01    0.00    0.97 v U_g6928/A2 (NAND2_X1)
     1    0.95    0.01    0.01    0.99 ^ U_g6928/ZN (NAND2_X1)
                                         g6928 (net)
                  0.01    0.00    0.99 ^ U_g6930/A2 (OR2_X1)
     1    1.01    0.01    0.02    1.01 ^ U_g6930/ZN (OR2_X1)
                                         g6930 (net)
                  0.01    0.00    1.01 ^ U_g6935/A1 (AND2_X1)
     1    1.03    0.01    0.03    1.03 ^ U_g6935/ZN (AND2_X1)
                                         g6935 (net)
                  0.01    0.00    1.03 ^ U_g6936/A2 (OR2_X1)
     1    1.17    0.01    0.02    1.06 ^ U_g6936/ZN (OR2_X1)
                                         g6936 (net)
                  0.01    0.00    1.06 ^ U_g127/D (SDFF_X1)
                                  1.06   data arrival time

                  0.00   10.00   10.00   clock clk (rise edge)
                          0.00   10.00   clock network delay (ideal)
                          0.00   10.00   clock reconvergence pessimism
                                 10.00 ^ U_g127/CK (SDFF_X1)
                         -0.07    9.93   library setup time
                                  9.93   data required time
-----------------------------------------------------------------------------
                                  9.93   data required time
                                 -1.06   data arrival time
-----------------------------------------------------------------------------
                                  8.87   slack (MET)



==========================================================================
resizer report_checks -unconstrained
--------------------------------------------------------------------------
Startpoint: U_g204 (rising edge-triggered flip-flop clocked by clk)
Endpoint: U_g127 (rising edge-triggered flip-flop clocked by clk)
Path Group: clk
Path Type: max

Fanout     Cap    Slew   Delay    Time   Description
-----------------------------------------------------------------------------
                  0.00    0.00    0.00   clock clk (rise edge)
                          0.00    0.00   clock network delay (ideal)
                  0.00    0.00    0.00 ^ U_g204/CK (SDFF_X1)
    16   21.21    0.03    0.10    0.10 v U_g204/Q (SDFF_X1)
                                         g204 (net)
                  0.03    0.00    0.10 v U_g2890/A (INV_X1)
     4    4.30    0.02    0.03    0.13 ^ U_g2890/ZN (INV_X1)
                                         g2890 (net)
                  0.02    0.00    0.13 ^ U_g3303/A2 (AND2_X1)
     1    1.85    0.01    0.03    0.16 ^ U_g3303/ZN (AND2_X1)
                                         g3303 (net)
                  0.01    0.00    0.16 ^ U_g3925/A1 (NOR2_X1)
     1    1.23    0.01    0.01    0.17 v U_g3925/ZN (NOR2_X1)
                                         g3925 (net)
                  0.01    0.00    0.17 v U_g4168/A1 (AND2_X1)
     1    1.72    0.01    0.03    0.20 v U_g4168/ZN (AND2_X1)
                                         g4168 (net)
                  0.01    0.00    0.20 v U_g4584/A2 (NOR2_X1)
     1    1.40    0.01    0.03    0.22 ^ U_g4584/ZN (NOR2_X1)
                                         g4584 (net)
                  0.01    0.00    0.22 ^ U_g4684/A1 (AND2_X1)
     1    1.79    0.01    0.03    0.26 ^ U_g4684/ZN (AND2_X1)
                                         g4684 (net)
                  0.01    0.00    0.26 ^ U_g5093/A2 (NOR2_X1)
     1    1.31    0.00    0.01    0.26 v U_g5093/ZN (NOR2_X1)
                                         g5093 (net)
                  0.00    0.00    0.26 v U_g5169/A1 (AND2_X1)
     1    1.80    0.01    0.03    0.29 v U_g5169/ZN (AND2_X1)
                                         g5169 (net)
                  0.01    0.00    0.29 v U_g5418/A2 (NOR2_X1)
     2    3.72    0.02    0.04    0.33 ^ U_g5418/ZN (NOR2_X1)
                                         g5418 (net)
                  0.02    0.00    0.33 ^ U_I8194/A2 (NAND2_X1)
     2    3.17    0.02    0.02    0.35 v U_I8194/ZN (NAND2_X1)
                                         I8194 (net)
                  0.02    0.00    0.35 v U_I8196/A2 (NAND2_X1)
     1    2.01    0.01    0.02    0.37 ^ U_I8196/ZN (NAND2_X1)
                                         I8196 (net)
                  0.01    0.00    0.37 ^ U_g6394/A2 (NAND2_X1)
     2    1.99    0.01    0.01    0.38 v U_g6394/ZN (NAND2_X1)
                                         g6394 (net)
                  0.01    0.00    0.38 v U_g6468/A2 (AND3_X1)
     1    0.93    0.01    0.03    0.42 v U_g6468/ZN (AND3_X1)
                                         g6468 (net)
                  0.01    0.00    0.42 v U_g6545/A1 (OR2_X1)
     2    1.95    0.01    0.04    0.46 v U_g6545/ZN (OR2_X1)
                                         g6545 (net)
                  0.01    0.00    0.46 v U_g6634/A2 (AND2_X1)
     2    1.72    0.01    0.03    0.49 v U_g6634/ZN (AND2_X1)
                                         g6634 (net)
                  0.01    0.00    0.49 v U_g6670/A2 (OR4_X1)
     2    2.56    0.02    0.10    0.59 v U_g6670/ZN (OR4_X1)
                                         g6670 (net)
                  0.02    0.00    0.59 v U_g6714/A (INV_X1)
     1    0.97    0.01    0.01    0.61 ^ U_g6714/ZN (INV_X1)
                                         g6714 (net)
                  0.01    0.00    0.61 ^ U_g6737/A1 (AND3_X1)
     1    0.99    0.01    0.04    0.65 ^ U_g6737/ZN (AND3_X1)
                                         g6737 (net)
                  0.01    0.00    0.65 ^ U_g6754/A3 (OR3_X1)
     3    3.75    0.01    0.03    0.68 ^ U_g6754/ZN (OR3_X1)
                                         g6754 (net)
                  0.01    0.00    0.68 ^ U_g6774/A1 (NAND2_X1)
     2    2.43    0.01    0.02    0.69 v U_g6774/ZN (NAND2_X1)
                                         g6774 (net)
                  0.01    0.00    0.69 v U_g6846/A2 (OR2_X1)
     1    2.10    0.01    0.05    0.74 v U_g6846/ZN (OR2_X1)
                                         g6846 (net)
                  0.01    0.00    0.74 v U_g6851/A1 (AND2_X1)
     1    0.98    0.01    0.03    0.77 v U_g6851/ZN (AND2_X1)
                                         g6851 (net)
                  0.01    0.00    0.77 v U_g6855/A1 (OR2_X1)
     2    1.92    0.01    0.04    0.81 v U_g6855/ZN (OR2_X1)
                                         g6855 (net)
                  0.01    0.00    0.81 v U_g6911/A2 (AND2_X1)
     2    1.84    0.01    0.03    0.84 v U_g6911/ZN (AND2_X1)
                                         g6911 (net)
                  0.01    0.00    0.84 v U_g6917/A2 (OR2_X1)
     2    1.91    0.01    0.05    0.89 v U_g6917/ZN (OR2_X1)
                                         g6917 (net)
                  0.01    0.00    0.89 v U_g6923/A2 (AND2_X1)
     1    1.01    0.01    0.03    0.92 v U_g6923/ZN (AND2_X1)
                                         g6923 (net)
                  0.01    0.00    0.92 v U_g6926/A2 (OR2_X1)
     1    1.55    0.01    0.05    0.97 v U_g6926/ZN (OR2_X1)
                                         g6926 (net)
                  0.01    0.00    0.97 v U_g6928/A2 (NAND2_X1)
     1    0.95    0.01    0.01    0.99 ^ U_g6928/ZN (NAND2_X1)
                                         g6928 (net)
                  0.01    0.00    0.99 ^ U_g6930/A2 (OR2_X1)
     1    1.01    0.01    0.02    1.01 ^ U_g6930/ZN (OR2_X1)
                                         g6930 (net)
                  0.01    0.00    1.01 ^ U_g6935/A1 (AND2_X1)
     1    1.03    0.01    0.03    1.03 ^ U_g6935/ZN (AND2_X1)
                                         g6935 (net)
                  0.01    0.00    1.03 ^ U_g6936/A2 (OR2_X1)
     1    1.17    0.01    0.02    1.06 ^ U_g6936/ZN (OR2_X1)
                                         g6936 (net)
                  0.01    0.00    1.06 ^ U_g127/D (SDFF_X1)
                                  1.06   data arrival time

                  0.00   10.00   10.00   clock clk (rise edge)
                          0.00   10.00   clock network delay (ideal)
                          0.00   10.00   clock reconvergence pessimism
                                 10.00 ^ U_g127/CK (SDFF_X1)
                         -0.07    9.93   library setup time
                                  9.93   data required time
-----------------------------------------------------------------------------
                                  9.93   data required time
                                 -1.06   data arrival time
-----------------------------------------------------------------------------
                                  8.87   slack (MET)



==========================================================================
resizer report_check_types -max_slew -max_cap -max_fanout -violators
--------------------------------------------------------------------------

==========================================================================
resizer max_slew_check_slack
--------------------------------------------------------------------------
0.08130387961864471

==========================================================================
resizer max_slew_check_limit
--------------------------------------------------------------------------
0.1985349953174591

==========================================================================
resizer max_slew_check_slack_limit
--------------------------------------------------------------------------
0.4095

==========================================================================
resizer max_fanout_check_slack
--------------------------------------------------------------------------
1.0000000150474662e+30

==========================================================================
resizer max_fanout_check_limit
--------------------------------------------------------------------------
1.0000000150474662e+30

==========================================================================
resizer max_capacitance_check_slack
--------------------------------------------------------------------------
0.9012667536735535

==========================================================================
resizer max_capacitance_check_limit
--------------------------------------------------------------------------
16.021699905395508

==========================================================================
resizer max_capacitance_check_slack_limit
--------------------------------------------------------------------------
0.0563

==========================================================================
resizer max_slew_violation_count
--------------------------------------------------------------------------
max slew violation count 0

==========================================================================
resizer max_fanout_violation_count
--------------------------------------------------------------------------
max fanout violation count 0

==========================================================================
resizer max_cap_violation_count
--------------------------------------------------------------------------
max cap violation count 0

==========================================================================
resizer setup_violation_count
--------------------------------------------------------------------------
setup violation count 0

==========================================================================
resizer hold_violation_count
--------------------------------------------------------------------------
hold violation count 0

==========================================================================
resizer report_checks -path_delay max reg to reg
--------------------------------------------------------------------------
Startpoint: U_g204 (rising edge-triggered flip-flop clocked by clk)
Endpoint: U_g127 (rising edge-triggered flip-flop clocked by clk)
Path Group: clk
Path Type: max

  Delay    Time   Description
---------------------------------------------------------
   0.00    0.00   clock clk (rise edge)
   0.00    0.00   clock network delay (ideal)
   0.00    0.00 ^ U_g204/CK (SDFF_X1)
   0.10    0.10 v U_g204/Q (SDFF_X1)
   0.03    0.13 ^ U_g2890/ZN (INV_X1)
   0.03    0.16 ^ U_g3303/ZN (AND2_X1)
   0.01    0.17 v U_g3925/ZN (NOR2_X1)
   0.03    0.20 v U_g4168/ZN (AND2_X1)
   0.03    0.22 ^ U_g4584/ZN (NOR2_X1)
   0.03    0.26 ^ U_g4684/ZN (AND2_X1)
   0.01    0.26 v U_g5093/ZN (NOR2_X1)
   0.03    0.29 v U_g5169/ZN (AND2_X1)
   0.04    0.33 ^ U_g5418/ZN (NOR2_X1)
   0.02    0.35 v U_I8194/ZN (NAND2_X1)
   0.02    0.37 ^ U_I8196/ZN (NAND2_X1)
   0.01    0.38 v U_g6394/ZN (NAND2_X1)
   0.03    0.42 v U_g6468/ZN (AND3_X1)
   0.04    0.46 v U_g6545/ZN (OR2_X1)
   0.03    0.49 v U_g6634/ZN (AND2_X1)
   0.10    0.59 v U_g6670/ZN (OR4_X1)
   0.01    0.61 ^ U_g6714/ZN (INV_X1)
   0.04    0.65 ^ U_g6737/ZN (AND3_X1)
   0.03    0.68 ^ U_g6754/ZN (OR3_X1)
   0.02    0.69 v U_g6774/ZN (NAND2_X1)
   0.05    0.74 v U_g6846/ZN (OR2_X1)
   0.03    0.77 v U_g6851/ZN (AND2_X1)
   0.04    0.81 v U_g6855/ZN (OR2_X1)
   0.03    0.84 v U_g6911/ZN (AND2_X1)
   0.05    0.89 v U_g6917/ZN (OR2_X1)
   0.03    0.92 v U_g6923/ZN (AND2_X1)
   0.05    0.97 v U_g6926/ZN (OR2_X1)
   0.01    0.99 ^ U_g6928/ZN (NAND2_X1)
   0.02    1.01 ^ U_g6930/ZN (OR2_X1)
   0.03    1.03 ^ U_g6935/ZN (AND2_X1)
   0.02    1.06 ^ U_g6936/ZN (OR2_X1)
   0.00    1.06 ^ U_g127/D (SDFF_X1)
           1.06   data arrival time

  10.00   10.00   clock clk (rise edge)
   0.00   10.00   clock network delay (ideal)
   0.00   10.00   clock reconvergence pessimism
          10.00 ^ U_g127/CK (SDFF_X1)
  -0.07    9.93   library setup time
           9.93   data required time
---------------------------------------------------------
           9.93   data required time
          -1.06   data arrival time
---------------------------------------------------------
           8.87   slack (MET)



==========================================================================
resizer report_checks -path_delay min reg to reg
--------------------------------------------------------------------------
Startpoint: U_g665 (rising edge-triggered flip-flop clocked by clk)
Endpoint: U_g478 (rising edge-triggered flip-flop clocked by clk)
Path Group: clk
Path Type: min

  Delay    Time   Description
---------------------------------------------------------
   0.00    0.00   clock clk (rise edge)
   0.00    0.00   clock network delay (ideal)
   0.00    0.00 ^ U_g665/CK (SDFF_X1)
   0.06    0.06 ^ U_g665/Q (SDFF_X1)
   0.00    0.06 ^ U_g478/D (SDFF_X1)
           0.06   data arrival time

   0.00    0.00   clock clk (rise edge)
   0.00    0.00   clock network delay (ideal)
   0.00    0.00   clock reconvergence pessimism
           0.00 ^ U_g478/CK (SDFF_X1)
  -0.01   -0.01   library hold time
          -0.01   data required time
---------------------------------------------------------
          -0.01   data required time
          -0.06   data arrival time
---------------------------------------------------------
           0.08   slack (MET)



==========================================================================
resizer critical path target clock latency max path
--------------------------------------------------------------------------
0.0000

==========================================================================
resizer critical path target clock latency min path
--------------------------------------------------------------------------
0.0000

==========================================================================
resizer critical path source clock latency min path
--------------------------------------------------------------------------
0.0000

==========================================================================
resizer critical path delay
--------------------------------------------------------------------------
1.0565

==========================================================================
resizer critical path slack
--------------------------------------------------------------------------
8.8709

==========================================================================
resizer slack div critical path delay
--------------------------------------------------------------------------
839.649787

==========================================================================
resizer report_power
--------------------------------------------------------------------------
Group                  Internal  Switching    Leakage      Total
                          Power      Power      Power      Power (Watts)
----------------------------------------------------------------
Sequential             2.69e-04   1.24e-04   2.10e-05   4.14e-04  41.7%
Combinational          3.10e-04   2.16e-04   5.31e-05   5.79e-04  58.3%
Clock                  0.00e+00   0.00e+00   0.00e+00   0.00e+00   0.0%
Macro                  0.00e+00   0.00e+00   0.00e+00   0.00e+00   0.0%
Pad                    0.00e+00   0.00e+00   0.00e+00   0.00e+00   0.0%
----------------------------------------------------------------
Total                  5.79e-04   3.40e-04   7.41e-05   9.93e-04 100.0%
                          58.3%      34.2%       7.5%
