QUALIFIED s9234 13 A
QUALIFIED s9234 13 P
QUALIFIED s9234 13 J50
QUALIFIED s9234 13 T
QUALIFIED s9234 13 balanced
QUALIFIED s9234 13 activity_extreme
QUALIFIED s9234 17 P
QUALIFIED s9234 17 A
QUALIFIED s9234 17 J50
QUALIFIED s9234 17 T
QUALIFIED s9234 17 balanced
QUALIFIED s9234 17 activity_extreme
QUALIFIED s15850 13 A
QUALIFIED s15850 13 P
QUALIFIED s15850 13 J50
QUALIFIED s15850 13 T
QUALIFIED s15850 13 balanced
QUALIFIED s15850 13 activity_extreme
QUALIFIED s15850 17 A
QUALIFIED s15850 17 P
QUALIFIED s15850 17 J50
QUALIFIED s15850 17 T
QUALIFIED s15850 17 balanced
QUALIFIED s15850 17 activity_extreme
PHYSICAL_COMPLETE 63
