OpenROAD 26Q2-1164-g08f67ee5ec 
Features included (+) or not (-): +GPU +GUI +Python
This program is licensed under the BSD-3 license. See the LICENSE file for details.
Components of this program may be licensed under more restrictive licenses which must be honored.
[INFO ORD-0030] Using 1 thread(s).
GATE10A_FF_POPULATION 449
[INFO PSM-0040] All shapes on net VDD are connected.
GATE10A_POWER_SI 0.00044232209830486857 0.00034560762627218374 0.00015745787533028022
GATE10A_POWERED_MODELED 4768
[INFO PSM-0040] All shapes on net VDD are connected.
[INFO PSM-0015] Reading location of sources from: /mnt/c/Users/Abhinav/OneDrive/Desktop/PACT/PACT/reports/gate10a/runs/b15_opt/B5/science_nominal/sources.csv.
########## IR report #################
Net              : VDD
Corner           : default
Total power      : 9.45e-04 W
Supply voltage   : 1.10e+00 V
Worstcase voltage: 1.10e+00 V
Average voltage  : 1.10e+00 V
Average IR drop  : 5.22e-04 V
Worstcase IR drop: 1.04e-03 V
Percentage drop  : 0.09 %
######################################
########## EM analysis ###############
Net                : VDD
Corner             : default
Maximum current    : 1.30e-04 A
Average current    : 1.34e-06 A
Number of resistors: 21002
######################################
GATE10A_MEASURE_COMPLETE
