OpenROAD 26Q2-1164-g08f67ee5ec 
Features included (+) or not (-): +GPU +GUI +Python
This program is licensed under the BSD-3 license. See the LICENSE file for details.
Components of this program may be licensed under more restrictive licenses which must be honored.
[INFO ORD-0030] Using 4 thread(s).
read_liberty /root/pact-deps/OpenROAD-flow-scripts/flow/platforms/nangate45/lib/NangateOpenCellLibrary_typical.lib
read_db /mnt/c/Users/Abhinav/OneDrive/Desktop/PACT/PACT/results/phase2d_independent_gp/raw/orfs/results/nangate45/s9234f/phase2c_s29_1b950070f713/5_1_grt.odb
read_sdc /mnt/c/Users/Abhinav/OneDrive/Desktop/PACT/PACT/results/phase2d_independent_gp/raw/orfs/results/nangate45/s9234f/phase2c_s29_1b950070f713/5_1_grt.sdc
source /root/pact-deps/OpenROAD-flow-scripts/flow/platforms/nangate45/setRC.tcl
detailed_route -output_drc /mnt/c/Users/Abhinav/OneDrive/Desktop/PACT/PACT/results/phase2d_independent_gp/raw/orfs/reports/nangate45/s9234f/phase2c_s29_1b950070f713/5_route_drc.rpt -output_maze /mnt/c/Users/Abhinav/OneDrive/Desktop/PACT/PACT/results/phase2d_independent_gp/raw/orfs/results/nangate45/s9234f/phase2c_s29_1b950070f713/maze.log -droute_end_iter 64 -verbose 1 -drc_report_iter_step 5
[INFO DRT-0149] Reading tech and libs.

Units:                2000
Number of layers:     21
Number of macros:     135
Number of vias:       33
Number of viarulegen: 19

[INFO DRT-0150] Reading design.

Design:                   s9234f
Die area:                 ( 0 0 ) ( 206880 206880 )
Number of track patterns: 20
Number of DEF vias:       0
Number of components:     2819
Number of terminals:      83
Number of snets:          2
Number of nets:           2688

[INFO DRT-0167] List of default vias:
  Layer via2
    default via: via2_5
  Layer via3
    default via: via3_2
  Layer via4
    default via: via4_0
  Layer via5
    default via: via5_0
  Layer via6
    default via: via6_0
  Layer via7
    default via: via7_0
  Layer via8
    default via: via8_0
  Layer via9
    default via: via9_0
[INFO DRT-0162] Library cell analysis.
[INFO DRT-0163] Instance analysis.
[INFO DRT-0164] Number of unique instances = 48.
[INFO DRT-0168] Init region query.
[INFO DRT-0024]   Complete active.
[INFO DRT-0024]   Complete Fr_VIA.
[INFO DRT-0024]   Complete metal1.
[INFO DRT-0024]   Complete via1.
[INFO DRT-0024]   Complete metal2.
[INFO DRT-0024]   Complete via2.
[INFO DRT-0024]   Complete metal3.
[INFO DRT-0024]   Complete via3.
[INFO DRT-0024]   Complete metal4.
[INFO DRT-0024]   Complete via4.
[INFO DRT-0024]   Complete metal5.
[INFO DRT-0024]   Complete via5.
[INFO DRT-0024]   Complete metal6.
[INFO DRT-0024]   Complete via6.
[INFO DRT-0024]   Complete metal7.
[INFO DRT-0024]   Complete via7.
[INFO DRT-0024]   Complete metal8.
[INFO DRT-0024]   Complete via8.
[INFO DRT-0024]   Complete metal9.
[INFO DRT-0024]   Complete via9.
[INFO DRT-0024]   Complete metal10.
[INFO DRT-0033] active shape region query size = 0.
[INFO DRT-0033] FR_VIA shape region query size = 0.
[INFO DRT-0033] metal1 shape region query size = 42813.
[INFO DRT-0033] via1 shape region query size = 438.
[INFO DRT-0033] metal2 shape region query size = 292.
[INFO DRT-0033] via2 shape region query size = 438.
[INFO DRT-0033] metal3 shape region query size = 292.
[INFO DRT-0033] via3 shape region query size = 438.
[INFO DRT-0033] metal4 shape region query size = 164.
[INFO DRT-0033] via4 shape region query size = 140.
[INFO DRT-0033] metal5 shape region query size = 54.
[INFO DRT-0033] via5 shape region query size = 140.
[INFO DRT-0033] metal6 shape region query size = 83.
[INFO DRT-0033] via6 shape region query size = 56.
[INFO DRT-0033] metal7 shape region query size = 28.
[INFO DRT-0033] via7 shape region query size = 0.
[INFO DRT-0033] metal8 shape region query size = 0.
[INFO DRT-0033] via8 shape region query size = 0.
[INFO DRT-0033] metal9 shape region query size = 0.
[INFO DRT-0033] via9 shape region query size = 0.
[INFO DRT-0033] metal10 shape region query size = 0.
[INFO DRT-0165] Start pin access.
[INFO DRT-0078]   Complete 245 pins.
[INFO DRT-0081]   Complete 48 unique inst patterns.
[INFO DRT-0084]   Complete 1306 groups.
#scanned instances     = 2819
#unique  instances     = 48
#stdCellGenAp          = 1047
#stdCellValidPlanarAp  = 0
#stdCellValidViaAp     = 838
#stdCellPinNoAp        = 0
#stdCellPinCnt         = 8165
#instTermValidViaApCnt = 0
#macroGenAp            = 0
#macroValidPlanarAp    = 0
#macroValidViaAp       = 0
#macroNoAp             = 0
[INFO DRT-0166] Complete pin access.
[INFO DRT-0267] cpu time = 00:00:34, elapsed time = 00:00:08, memory = 266.04 (MB), peak = 265.93 (MB)

[INFO DRT-0157] Number of guides:     17600

[INFO DRT-0169] Post process guides.
[INFO DRT-0176] GCELLGRID X 0 DO 36 STEP 5700 ;
[INFO DRT-0177] GCELLGRID Y 0 DO 36 STEP 5700 ;
[INFO DRT-0028]   Complete active.
[INFO DRT-0028]   Complete Fr_VIA.
[INFO DRT-0028]   Complete metal1.
[INFO DRT-0028]   Complete via1.
[INFO DRT-0028]   Complete metal2.
[INFO DRT-0028]   Complete via2.
[INFO DRT-0028]   Complete metal3.
[INFO DRT-0028]   Complete via3.
[INFO DRT-0028]   Complete metal4.
[INFO DRT-0028]   Complete via4.
[INFO DRT-0028]   Complete metal5.
[INFO DRT-0028]   Complete via5.
[INFO DRT-0028]   Complete metal6.
[INFO DRT-0028]   Complete via6.
[INFO DRT-0028]   Complete metal7.
[INFO DRT-0028]   Complete via7.
[INFO DRT-0028]   Complete metal8.
[INFO DRT-0028]   Complete via8.
[INFO DRT-0028]   Complete metal9.
[INFO DRT-0028]   Complete via9.
[INFO DRT-0028]   Complete metal10.
[INFO DRT-0178] Init guide query.
[INFO DRT-0035]   Complete active (guide).
[INFO DRT-0035]   Complete Fr_VIA (guide).
[INFO DRT-0035]   Complete metal1 (guide).
[INFO DRT-0035]   Complete via1 (guide).
[INFO DRT-0035]   Complete metal2 (guide).
[INFO DRT-0035]   Complete via2 (guide).
[INFO DRT-0035]   Complete metal3 (guide).
[INFO DRT-0035]   Complete via3 (guide).
[INFO DRT-0035]   Complete metal4 (guide).
[INFO DRT-0035]   Complete via4 (guide).
[INFO DRT-0035]   Complete metal5 (guide).
[INFO DRT-0035]   Complete via5 (guide).
[INFO DRT-0035]   Complete metal6 (guide).
[INFO DRT-0035]   Complete via6 (guide).
[INFO DRT-0035]   Complete metal7 (guide).
[INFO DRT-0035]   Complete via7 (guide).
[INFO DRT-0035]   Complete metal8 (guide).
[INFO DRT-0035]   Complete via8 (guide).
[INFO DRT-0035]   Complete metal9 (guide).
[INFO DRT-0035]   Complete via9 (guide).
[INFO DRT-0035]   Complete metal10 (guide).
[INFO DRT-0036] active guide region query size = 0.
[INFO DRT-0036] FR_VIA guide region query size = 0.
[INFO DRT-0036] metal1 guide region query size = 6176.
[INFO DRT-0036] via1 guide region query size = 0.
[INFO DRT-0036] metal2 guide region query size = 4772.
[INFO DRT-0036] via2 guide region query size = 0.
[INFO DRT-0036] metal3 guide region query size = 2581.
[INFO DRT-0036] via3 guide region query size = 0.
[INFO DRT-0036] metal4 guide region query size = 473.
[INFO DRT-0036] via4 guide region query size = 0.
[INFO DRT-0036] metal5 guide region query size = 218.
[INFO DRT-0036] via5 guide region query size = 0.
[INFO DRT-0036] metal6 guide region query size = 87.
[INFO DRT-0036] via6 guide region query size = 0.
[INFO DRT-0036] metal7 guide region query size = 6.
[INFO DRT-0036] via7 guide region query size = 0.
[INFO DRT-0036] metal8 guide region query size = 2.
[INFO DRT-0036] via8 guide region query size = 0.
[INFO DRT-0036] metal9 guide region query size = 1.
[INFO DRT-0036] via9 guide region query size = 0.
[INFO DRT-0036] metal10 guide region query size = 0.
[INFO DRT-0179] Init gr pin query.
[INFO DRT-0267] cpu time = 00:00:00, elapsed time = 00:00:00, memory = 272.83 (MB), peak = 272.56 (MB)
[INFO DRT-0245] skipped writing guide updates to database.
[INFO DRT-0181] Start track assignment.
[INFO DRT-0184] Done with 5334 vertical wires in 1 frboxes and 8982 horizontal wires in 1 frboxes.
[INFO DRT-0186] Done with 1290 vertical wires in 1 frboxes and 1654 horizontal wires in 1 frboxes.
[INFO DRT-0182] Complete track assignment.
[INFO DRT-0267] cpu time = 00:00:01, elapsed time = 00:00:01, memory = 312.85 (MB), peak = 312.63 (MB)
[INFO DRT-0187] Start routing data preparation.
[INFO DRT-0267] cpu time = 00:00:00, elapsed time = 00:00:00, memory = 313.73 (MB), peak = 313.38 (MB)
[INFO DRT-0194] Start detail routing.
[INFO DRT-0195] Start 0th optimization iteration.
    Completing 10% with 0 violations.
    elapsed time = 00:00:01, memory = 377.22 (MB).
    Completing 20% with 0 violations.
    elapsed time = 00:00:03, memory = 367.08 (MB).
    Completing 30% with 75 violations.
    elapsed time = 00:00:03, memory = 408.74 (MB).
    Completing 40% with 75 violations.
    elapsed time = 00:00:05, memory = 423.09 (MB).
    Completing 50% with 75 violations.
    elapsed time = 00:00:06, memory = 374.00 (MB).
    Completing 60% with 141 violations.
    elapsed time = 00:00:08, memory = 423.18 (MB).
    Completing 70% with 141 violations.
    elapsed time = 00:00:10, memory = 426.61 (MB).
    Completing 80% with 211 violations.
    elapsed time = 00:00:14, memory = 475.84 (MB).
    Completing 90% with 211 violations.
    elapsed time = 00:00:14, memory = 475.84 (MB).
    Completing 100% with 255 violations.
    elapsed time = 00:00:15, memory = 426.68 (MB).
[INFO DRT-0199]   Number of violations = 371.
Viol/Layer      metal2   via2 metal3 metal4 metal5 metal7
Cut Spacing          0      2      0      0      0      0
Metal Spacing       20      0      4      0      3      0
Recheck             79      0     29      5      2      1
Short              183      1     33      3      6      0
[INFO DRT-0267] cpu time = 00:00:47, elapsed time = 00:00:16, memory = 943.13 (MB), peak = 942.99 (MB)
Total wire length = 31448 um.
Total wire length on LAYER metal1 = 0 um.
Total wire length on LAYER metal2 = 11191 um.
Total wire length on LAYER metal3 = 11983 um.
Total wire length on LAYER metal4 = 4856 um.
Total wire length on LAYER metal5 = 2085 um.
Total wire length on LAYER metal6 = 1084 um.
Total wire length on LAYER metal7 = 164 um.
Total wire length on LAYER metal8 = 28 um.
Total wire length on LAYER metal9 = 56 um.
Total wire length on LAYER metal10 = 0 um.
Total number of vias = 16138.
Up-via summary (total 16138):

----------------
 active        0
 metal1     8219
 metal2     6851
 metal3      655
 metal4      285
 metal5      114
 metal6       10
 metal7        2
 metal8        2
 metal9        0
----------------
       16138


[INFO DRT-0195] Start 1st optimization iteration.
    Completing 10% with 371 violations.
    elapsed time = 00:00:00, memory = 950.57 (MB).
    Completing 20% with 371 violations.
    elapsed time = 00:00:02, memory = 978.42 (MB).
    Completing 30% with 296 violations.
    elapsed time = 00:00:04, memory = 952.77 (MB).
    Completing 40% with 296 violations.
    elapsed time = 00:00:06, memory = 954.05 (MB).
    Completing 50% with 296 violations.
    elapsed time = 00:00:07, memory = 954.05 (MB).
    Completing 60% with 240 violations.
    elapsed time = 00:00:09, memory = 972.10 (MB).
    Completing 70% with 240 violations.
    elapsed time = 00:00:10, memory = 972.10 (MB).
    Completing 80% with 164 violations.
    elapsed time = 00:00:12, memory = 980.45 (MB).
    Completing 90% with 164 violations.
    elapsed time = 00:00:13, memory = 980.54 (MB).
    Completing 100% with 107 violations.
    elapsed time = 00:00:15, memory = 983.54 (MB).
[INFO DRT-0199]   Number of violations = 107.
Viol/Layer      metal2 metal3
Metal Spacing       14      0
Short               86      7
[INFO DRT-0267] cpu time = 00:00:43, elapsed time = 00:00:15, memory = 983.83 (MB), peak = 983.37 (MB)
Total wire length = 31281 um.
Total wire length on LAYER metal1 = 0 um.
Total wire length on LAYER metal2 = 11087 um.
Total wire length on LAYER metal3 = 11934 um.
Total wire length on LAYER metal4 = 4862 um.
Total wire length on LAYER metal5 = 2038 um.
Total wire length on LAYER metal6 = 1093 um.
Total wire length on LAYER metal7 = 180 um.
Total wire length on LAYER metal8 = 28 um.
Total wire length on LAYER metal9 = 56 um.
Total wire length on LAYER metal10 = 0 um.
Total number of vias = 15902.
Up-via summary (total 15902):

----------------
 active        0
 metal1     8217
 metal2     6649
 metal3      626
 metal4      279
 metal5      117
 metal6       10
 metal7        2
 metal8        2
 metal9        0
----------------
       15902


[INFO DRT-0195] Start 2nd optimization iteration.
    Completing 10% with 107 violations.
    elapsed time = 00:00:00, memory = 983.83 (MB).
    Completing 20% with 107 violations.
    elapsed time = 00:00:02, memory = 986.72 (MB).
    Completing 30% with 103 violations.
    elapsed time = 00:00:03, memory = 986.72 (MB).
    Completing 40% with 103 violations.
    elapsed time = 00:00:04, memory = 986.72 (MB).
    Completing 50% with 103 violations.
    elapsed time = 00:00:06, memory = 986.72 (MB).
    Completing 60% with 94 violations.
    elapsed time = 00:00:06, memory = 986.72 (MB).
    Completing 70% with 94 violations.
    elapsed time = 00:00:08, memory = 986.72 (MB).
    Completing 80% with 83 violations.
    elapsed time = 00:00:09, memory = 986.72 (MB).
    Completing 90% with 83 violations.
    elapsed time = 00:00:09, memory = 986.72 (MB).
    Completing 100% with 93 violations.
    elapsed time = 00:00:13, memory = 986.72 (MB).
[INFO DRT-0199]   Number of violations = 93.
Viol/Layer      metal2 metal3
Metal Spacing       16      0
Short               76      1
[INFO DRT-0267] cpu time = 00:00:32, elapsed time = 00:00:13, memory = 989.70 (MB), peak = 989.24 (MB)
Total wire length = 31288 um.
Total wire length on LAYER metal1 = 0 um.
Total wire length on LAYER metal2 = 11094 um.
Total wire length on LAYER metal3 = 11924 um.
Total wire length on LAYER metal4 = 4878 um.
Total wire length on LAYER metal5 = 2034 um.
Total wire length on LAYER metal6 = 1087 um.
Total wire length on LAYER metal7 = 184 um.
Total wire length on LAYER metal8 = 28 um.
Total wire length on LAYER metal9 = 56 um.
Total wire length on LAYER metal10 = 0 um.
Total number of vias = 15876.
Up-via summary (total 15876):

----------------
 active        0
 metal1     8219
 metal2     6620
 metal3      629
 metal4      283
 metal5      111
 metal6       10
 metal7        2
 metal8        2
 metal9        0
----------------
       15876


[INFO DRT-0195] Start 3rd guides tiles iteration.
    Completing 10% with 93 violations.
    elapsed time = 00:00:00, memory = 989.70 (MB).
    Completing 20% with 93 violations.
    elapsed time = 00:00:00, memory = 989.70 (MB).
    Completing 30% with 93 violations.
    elapsed time = 00:00:00, memory = 989.70 (MB).
    Completing 40% with 93 violations.
    elapsed time = 00:00:00, memory = 989.70 (MB).
    Completing 50% with 36 violations.
    elapsed time = 00:00:00, memory = 989.70 (MB).
    Completing 60% with 36 violations.
    elapsed time = 00:00:00, memory = 989.70 (MB).
    Completing 70% with 36 violations.
    elapsed time = 00:00:01, memory = 989.70 (MB).
    Completing 80% with 34 violations.
    elapsed time = 00:00:01, memory = 989.70 (MB).
    Completing 90% with 1 violations.
    elapsed time = 00:00:09, memory = 1007.39 (MB).
    Completing 100% with 0 violations.
    elapsed time = 00:00:09, memory = 1007.39 (MB).
[INFO DRT-0199]   Number of violations = 0.
[INFO DRT-0267] cpu time = 00:00:10, elapsed time = 00:00:09, memory = 1007.39 (MB), peak = 1094.99 (MB)
Total wire length = 31264 um.
Total wire length on LAYER metal1 = 0 um.
Total wire length on LAYER metal2 = 10934 um.
Total wire length on LAYER metal3 = 11946 um.
Total wire length on LAYER metal4 = 5015 um.
Total wire length on LAYER metal5 = 2019 um.
Total wire length on LAYER metal6 = 1081 um.
Total wire length on LAYER metal7 = 184 um.
Total wire length on LAYER metal8 = 28 um.
Total wire length on LAYER metal9 = 56 um.
Total wire length on LAYER metal10 = 0 um.
Total number of vias = 15934.
Up-via summary (total 15934):

----------------
 active        0
 metal1     8220
 metal2     6647
 metal3      665
 metal4      279
 metal5      109
 metal6       10
 metal7        2
 metal8        2
 metal9        0
----------------
       15934


[INFO DRT-0198] Complete detail routing.
Total wire length = 31264 um.
Total wire length on LAYER metal1 = 0 um.
Total wire length on LAYER metal2 = 10934 um.
Total wire length on LAYER metal3 = 11946 um.
Total wire length on LAYER metal4 = 5015 um.
Total wire length on LAYER metal5 = 2019 um.
Total wire length on LAYER metal6 = 1081 um.
Total wire length on LAYER metal7 = 184 um.
Total wire length on LAYER metal8 = 28 um.
Total wire length on LAYER metal9 = 56 um.
Total wire length on LAYER metal10 = 0 um.
Total number of vias = 15934.
Up-via summary (total 15934):

----------------
 active        0
 metal1     8220
 metal2     6647
 metal3      665
 metal4      279
 metal5      109
 metal6       10
 metal7        2
 metal8        2
 metal9        0
----------------
       15934


[INFO DRT-0267] cpu time = 00:02:14, elapsed time = 00:00:54, memory = 1007.45 (MB), peak = 1094.99 (MB)

[INFO DRT-0180] Post processing.
Took 64 seconds: detailed_route -output_drc /mnt/c/Users/Abhinav/OneDrive/Desktop/PACT/PACT/results/phase2d_independent_gp/raw/orfs/reports/nangate45/s9234f/phase2c_s29_1b950070f713/5_route_drc.rpt -output_maze /mnt/c/Users/Abhinav/OneDrive/Desktop/PACT/PACT/results/phase2d_independent_gp/raw/orfs/results/nangate45/s9234f/phase2c_s29_1b950070f713/maze.log -droute_end_iter 64 -verbose 1 -drc_report_iter_step 5
[WARNING GRT-0246] No diode with LEF class CORE ANTENNACELL found.
[INFO ANT-0002] Found 0 net violations.
[INFO ANT-0001] Found 0 pin violations.
[INFO ANT-0002] Found 0 net violations.
[INFO ANT-0001] Found 0 pin violations.
Design area 3655 um^2 36% utilization.
write_db /mnt/c/Users/Abhinav/OneDrive/Desktop/PACT/PACT/results/phase2d_independent_gp/raw/orfs/results/nangate45/s9234f/phase2c_s29_1b950070f713/5_2_route.odb
Elapsed time: 1:08.21[h:]min:sec. CPU time: user 173.01 sys 2.04 (256%). Peak memory: 1121272KB.
Log                       Ext     Elapsed/s Peak Memory/MB sha1sum result [0:20)
5_2_route                 .odb           68           1094 9228c282923ace2e485b
