OpenROAD 26Q2-1164-g08f67ee5ec 
Features included (+) or not (-): +GPU +GUI +Python
This program is licensed under the BSD-3 license. See the LICENSE file for details.
Components of this program may be licensed under more restrictive licenses which must be honored.
[INFO ORD-0030] Using 2 thread(s).
read_liberty /root/pact-deps/OpenROAD-flow-scripts/flow/platforms/nangate45/lib/NangateOpenCellLibrary_typical.lib
read_db /mnt/c/Users/Abhinav/OneDrive/Desktop/PACT/PACT/results/phase2d_independent_gp/orfs/results/nangate45/s9234f/phase2d_gp29/3_3_place_gp.odb
read_sdc /mnt/c/Users/Abhinav/OneDrive/Desktop/PACT/PACT/results/phase2d_independent_gp/orfs/results/nangate45/s9234f/phase2d_gp29/2_floorplan.sdc
source /root/pact-deps/OpenROAD-flow-scripts/flow/platforms/nangate45/setRC.tcl
estimate_parasitics -placement
Perform buffer insertion and gate resizing...
repair_design -verbose
Iteration |   Area    | Resized | Buffers | Nets repaired | Remaining
---------------------------------------------------------------------
        0 |     +0.0% |       0 |       0 |             0 |      2798
       10 |     +0.0% |       0 |       0 |             0 |      2788
       20 |     +0.0% |       0 |       0 |             0 |      2778
       30 |     +0.0% |       0 |       0 |             0 |      2768
       40 |     +0.0% |       0 |       0 |             0 |      2758
       50 |     +0.0% |       0 |       0 |             0 |      2748
       60 |     +0.0% |       0 |       0 |             0 |      2738
       70 |     +0.0% |       0 |       0 |             0 |      2728
       80 |     +0.0% |       0 |       0 |             0 |      2718
       90 |     +0.0% |       0 |       0 |             0 |      2708
      100 |     +0.0% |       0 |       0 |             0 |      2698
      110 |     +0.0% |       0 |       0 |             0 |      2688
      120 |     +0.0% |       0 |       0 |             0 |      2678
      130 |     +0.0% |       0 |       0 |             0 |      2668
      140 |     +0.0% |       0 |       0 |             0 |      2658
      150 |     +0.0% |       0 |       0 |             0 |      2648
      160 |     +0.0% |       0 |       0 |             0 |      2638
      170 |     +0.0% |       0 |       0 |             0 |      2628
      180 |     +0.0% |       0 |       0 |             0 |      2618
      190 |     +0.0% |       0 |       0 |             0 |      2608
      200 |     +0.0% |       0 |       0 |             0 |      2598
      210 |     +0.0% |       0 |       0 |             0 |      2588
      220 |     +0.0% |       0 |       0 |             0 |      2578
      230 |     +0.0% |       0 |       0 |             0 |      2568
      240 |     +0.0% |       0 |       0 |             0 |      2558
      250 |     +0.0% |       0 |       0 |             0 |      2548
      260 |     +0.0% |       0 |       0 |             0 |      2538
      270 |     +0.0% |       0 |       0 |             0 |      2528
      280 |     +0.0% |       0 |       0 |             0 |      2518
      290 |     +0.0% |       0 |       0 |             0 |      2508
      300 |     +0.0% |       0 |       0 |             0 |      2498
      310 |     +0.0% |       0 |       0 |             0 |      2488
      320 |     +0.0% |       0 |       0 |             0 |      2478
      330 |     +0.0% |       0 |       0 |             0 |      2468
      340 |     +0.0% |       0 |       0 |             0 |      2458
      350 |     +0.0% |       0 |       0 |             0 |      2448
      360 |     +0.0% |       0 |       0 |             0 |      2438
      370 |     +0.0% |       0 |       0 |             0 |      2428
      380 |     +0.0% |       0 |       0 |             0 |      2418
      390 |     +0.0% |       0 |       0 |             0 |      2408
      400 |     +0.0% |       0 |       0 |             0 |      2398
      410 |     +0.0% |       0 |       0 |             0 |      2388
      420 |     +0.0% |       0 |       0 |             0 |      2378
      430 |     +0.0% |       0 |       0 |             0 |      2368
      440 |     +0.0% |       0 |       0 |             0 |      2358
      450 |     +0.0% |       0 |       0 |             0 |      2348
      460 |     +0.0% |       0 |       0 |             0 |      2338
      470 |     +0.0% |       0 |       0 |             0 |      2328
      480 |     +0.0% |       0 |       0 |             0 |      2318
      490 |     +0.0% |       0 |       0 |             0 |      2308
      500 |     +0.0% |       0 |       0 |             0 |      2298
      510 |     +0.0% |       0 |       0 |             0 |      2288
      520 |     +0.0% |       0 |       0 |             0 |      2278
      530 |     +0.0% |       0 |       0 |             0 |      2268
      540 |     +0.0% |       0 |       0 |             0 |      2258
      550 |     +0.0% |       0 |       0 |             0 |      2248
      560 |     +0.0% |       0 |       0 |             0 |      2238
      570 |     +0.0% |       0 |       0 |             0 |      2228
      580 |     +0.0% |       0 |       0 |             0 |      2218
      590 |     +0.0% |       0 |       0 |             0 |      2208
      600 |     +0.0% |       0 |       0 |             0 |      2198
      610 |     +0.0% |       0 |       0 |             0 |      2188
      620 |     +0.0% |       0 |       0 |             0 |      2178
      630 |     +0.0% |       0 |       0 |             0 |      2168
      640 |     +0.0% |       0 |       0 |             0 |      2158
      650 |     +0.0% |       0 |       0 |             0 |      2148
      660 |     +0.0% |       0 |       0 |             0 |      2138
      670 |     +0.0% |       0 |       0 |             0 |      2128
      680 |     +0.0% |       0 |       0 |             0 |      2118
      690 |     +0.0% |       0 |       0 |             0 |      2108
      700 |     +0.0% |       0 |       0 |             0 |      2098
      710 |     +0.0% |       0 |       0 |             0 |      2088
      720 |     +0.0% |       0 |       0 |             0 |      2078
      730 |     +0.0% |       0 |       0 |             0 |      2068
      740 |     +0.0% |       0 |       0 |             0 |      2058
      750 |     +0.0% |       0 |       0 |             0 |      2048
      760 |     +0.0% |       0 |       0 |             0 |      2038
      770 |     +0.0% |       0 |       0 |             0 |      2028
      780 |     +0.0% |       0 |       0 |             0 |      2018
      790 |     +0.0% |       0 |       0 |             0 |      2008
      800 |     +0.0% |       0 |       0 |             0 |      1998
      810 |     +0.0% |       0 |       0 |             0 |      1988
      820 |     +0.0% |       0 |       0 |             0 |      1978
      830 |     +0.0% |       0 |       0 |             0 |      1968
      840 |     +0.0% |       0 |       0 |             0 |      1958
      850 |     +0.0% |       0 |       0 |             0 |      1948
      860 |     +0.0% |       0 |       0 |             0 |      1938
      870 |     +0.0% |       0 |       0 |             0 |      1928
      880 |     +0.0% |       0 |       0 |             0 |      1918
      890 |     +0.0% |       0 |       0 |             0 |      1908
      900 |     +0.0% |       0 |       0 |             0 |      1898
      910 |     +0.0% |       0 |       0 |             0 |      1888
      920 |     +0.0% |       0 |       0 |             0 |      1878
      930 |     +0.0% |       0 |       0 |             0 |      1868
      940 |     +0.0% |       0 |       0 |             0 |      1858
      950 |     +0.0% |       0 |       0 |             0 |      1848
      960 |     +0.0% |       0 |       0 |             0 |      1838
      970 |     +0.0% |       0 |       0 |             0 |      1828
      980 |     +0.0% |       0 |       0 |             0 |      1818
      990 |     +0.0% |       0 |       0 |             0 |      1808
     1000 |     +0.0% |       0 |       0 |             0 |      1798
     1010 |     +0.0% |       0 |       0 |             0 |      1788
     1020 |     +0.0% |       0 |       0 |             0 |      1778
     1030 |     +0.0% |       0 |       0 |             0 |      1768
     1040 |     +0.0% |       0 |       0 |             0 |      1758
     1050 |     +0.0% |       0 |       0 |             0 |      1748
     1060 |     +0.0% |       0 |       0 |             0 |      1738
     1070 |     +0.0% |       0 |       0 |             0 |      1728
     1080 |     +0.0% |       0 |       0 |             0 |      1718
     1090 |     +0.0% |       0 |       0 |             0 |      1708
     1100 |     +0.0% |       0 |       0 |             0 |      1698
     1110 |     +0.0% |       0 |       0 |             0 |      1688
     1120 |     +0.0% |       0 |       0 |             0 |      1678
     1130 |     +0.0% |       0 |       0 |             0 |      1668
     1140 |     +0.0% |       0 |       0 |             0 |      1658
     1150 |     +0.0% |       0 |       0 |             0 |      1648
     1160 |     +0.0% |       0 |       0 |             0 |      1638
     1170 |     +0.0% |       0 |       0 |             0 |      1628
     1180 |     +0.0% |       0 |       0 |             0 |      1618
     1190 |     +0.0% |       0 |       0 |             0 |      1608
     1200 |     +0.0% |       0 |       0 |             0 |      1598
     1210 |     +0.0% |       0 |       0 |             0 |      1588
     1220 |     +0.0% |       0 |       0 |             0 |      1578
     1230 |     +0.0% |       0 |       0 |             0 |      1568
     1240 |     +0.0% |       0 |       0 |             0 |      1558
     1250 |     +0.0% |       0 |       0 |             0 |      1548
     1260 |     +0.0% |       0 |       0 |             0 |      1538
     1270 |     +0.0% |       0 |       0 |             0 |      1528
     1280 |     +0.0% |       0 |       0 |             0 |      1518
     1290 |     +0.0% |       0 |       0 |             0 |      1508
     1300 |     +0.0% |       0 |       0 |             0 |      1498
     1310 |     +0.0% |       0 |       0 |             0 |      1488
     1320 |     +0.0% |       0 |       0 |             0 |      1478
     1330 |     +0.0% |       0 |       0 |             0 |      1468
     1340 |     +0.0% |       0 |       0 |             0 |      1458
     1350 |     +0.0% |       0 |       0 |             0 |      1448
     1360 |     +0.0% |       0 |       0 |             0 |      1438
     1370 |     +0.0% |       0 |       0 |             0 |      1428
     1380 |     +0.0% |       0 |       0 |             0 |      1418
     1390 |     +0.0% |       0 |       0 |             0 |      1408
     1400 |     +0.0% |       0 |       0 |             0 |      1398
     1410 |     +0.0% |       0 |       0 |             0 |      1388
     1420 |     +0.0% |       0 |       0 |             0 |      1378
     1430 |     +0.0% |       0 |       0 |             0 |      1368
     1440 |     +0.0% |       0 |       0 |             0 |      1358
     1450 |     +0.0% |       0 |       0 |             0 |      1348
     1460 |     +0.0% |       0 |       0 |             0 |      1338
     1470 |     +0.0% |       0 |       0 |             0 |      1328
     1480 |     +0.0% |       0 |       0 |             0 |      1318
     1490 |     +0.0% |       0 |       0 |             0 |      1308
     1500 |     +0.0% |       0 |       0 |             0 |      1298
     1510 |     +0.0% |       0 |       0 |             0 |      1288
     1520 |     +0.0% |       0 |       0 |             0 |      1278
     1530 |     +0.0% |       0 |       0 |             0 |      1268
     1540 |     +0.0% |       0 |       0 |             0 |      1258
     1550 |     +0.0% |       0 |       0 |             0 |      1248
     1560 |     +0.0% |       0 |       0 |             0 |      1238
     1570 |     +0.0% |       0 |       0 |             0 |      1228
     1580 |     +0.0% |       0 |       0 |             0 |      1218
     1590 |     +0.0% |       0 |       0 |             0 |      1208
     1600 |     +0.0% |       0 |       0 |             0 |      1198
     1610 |     +0.0% |       0 |       0 |             0 |      1188
     1620 |     +0.0% |       0 |       0 |             0 |      1178
     1630 |     +0.0% |       0 |       0 |             0 |      1168
     1640 |     +0.0% |       0 |       0 |             0 |      1158
     1650 |     +0.0% |       0 |       0 |             0 |      1148
     1660 |     +0.0% |       0 |       0 |             0 |      1138
     1670 |     +0.0% |       0 |       0 |             0 |      1128
     1680 |     +0.0% |       0 |       0 |             0 |      1118
     1690 |     +0.0% |       0 |       0 |             0 |      1108
     1700 |     +0.0% |       0 |       0 |             0 |      1098
     1710 |     +0.0% |       0 |       0 |             0 |      1088
     1720 |     +0.0% |       0 |       0 |             0 |      1078
     1730 |     +0.0% |       0 |       0 |             0 |      1068
     1740 |     +0.0% |       0 |       0 |             0 |      1058
     1750 |     +0.0% |       0 |       0 |             0 |      1048
     1760 |     +0.0% |       0 |       0 |             0 |      1038
     1770 |     +0.0% |       0 |       0 |             0 |      1028
     1780 |     +0.0% |       0 |       0 |             0 |      1018
     1790 |     +0.0% |       0 |       0 |             0 |      1008
     1800 |     +0.0% |       0 |       0 |             0 |       998
     1810 |     +0.0% |       0 |       0 |             0 |       988
     1820 |     +0.0% |       0 |       0 |             0 |       978
     1830 |     +0.0% |       0 |       0 |             0 |       968
     1840 |     +0.0% |       0 |       0 |             0 |       958
     1850 |     +0.0% |       0 |       0 |             0 |       948
     1860 |     +0.0% |       0 |       0 |             0 |       938
     1870 |     +0.0% |       0 |       0 |             0 |       928
     1880 |     +0.0% |       0 |       0 |             0 |       918
     1890 |     +0.0% |       0 |       0 |             0 |       908
     1900 |     +0.0% |       0 |       0 |             0 |       898
     1910 |     +0.0% |       0 |       0 |             0 |       888
     1920 |     +0.0% |       0 |       0 |             0 |       878
     1930 |     +0.0% |       0 |       0 |             0 |       868
     1940 |     +0.0% |       0 |       0 |             0 |       858
     1950 |     +0.0% |       0 |       0 |             0 |       848
     1960 |     +0.0% |       0 |       0 |             0 |       838
     1970 |     +0.0% |       0 |       0 |             0 |       828
     1980 |     +0.0% |       0 |       0 |             0 |       818
     1990 |     +0.0% |       0 |       0 |             0 |       808
     2000 |     +0.0% |       0 |       0 |             0 |       798
     2010 |     +0.0% |       0 |       0 |             0 |       788
     2020 |     +0.0% |       0 |       0 |             0 |       778
     2030 |     +0.0% |       0 |       0 |             0 |       768
     2040 |     +0.0% |       0 |       0 |             0 |       758
     2050 |     +0.0% |       0 |       0 |             0 |       748
     2060 |     +0.0% |       0 |       0 |             0 |       738
     2070 |     +0.0% |       0 |       0 |             0 |       728
     2080 |     +0.0% |       0 |       0 |             0 |       718
     2090 |     +0.0% |       0 |       0 |             0 |       708
     2100 |     +0.0% |       0 |       0 |             0 |       698
     2110 |     +0.0% |       0 |       0 |             0 |       688
     2120 |     +0.0% |       0 |       0 |             0 |       678
     2130 |     +0.0% |       0 |       0 |             0 |       668
     2140 |     +0.0% |       0 |       0 |             0 |       658
     2150 |     +0.0% |       0 |       0 |             0 |       648
     2160 |     +0.0% |       0 |       0 |             0 |       638
     2170 |     +0.0% |       0 |       0 |             0 |       628
     2180 |     +0.0% |       0 |       0 |             0 |       618
     2190 |     +0.0% |       0 |       0 |             0 |       608
     2200 |     +0.0% |       0 |       0 |             0 |       598
     2210 |     +0.0% |       0 |       0 |             0 |       588
     2220 |     +0.0% |       0 |       0 |             0 |       578
     2230 |     +0.0% |       0 |       0 |             0 |       568
     2240 |     +0.0% |       0 |       0 |             0 |       558
     2250 |     +0.0% |       0 |       0 |             0 |       548
     2260 |     +0.0% |       0 |       0 |             0 |       538
     2270 |     +0.0% |       0 |       0 |             0 |       528
     2280 |     +0.0% |       0 |       0 |             0 |       518
     2290 |     +0.0% |       0 |       0 |             0 |       508
     2300 |     +0.0% |       0 |       0 |             0 |       498
     2310 |     +0.0% |       0 |       0 |             0 |       488
     2320 |     +0.0% |       0 |       0 |             0 |       478
     2330 |     +0.0% |       0 |       0 |             0 |       468
     2340 |     +0.0% |       0 |       0 |             0 |       458
     2350 |     +0.0% |       0 |       0 |             0 |       448
     2360 |     +0.0% |       0 |       0 |             0 |       438
     2370 |     +0.0% |       0 |       0 |             0 |       428
     2380 |     +0.0% |       0 |       0 |             0 |       418
     2390 |     +0.0% |       0 |       0 |             0 |       408
     2400 |     +0.0% |       0 |       0 |             0 |       398
     2410 |     +0.0% |       0 |       0 |             0 |       388
     2420 |     +0.0% |       0 |       0 |             0 |       378
     2430 |     +0.0% |       0 |       0 |             0 |       368
     2440 |     +0.0% |       0 |       0 |             0 |       358
     2450 |     +0.0% |       0 |       0 |             0 |       348
     2460 |     +0.0% |       0 |       0 |             0 |       338
     2470 |     +0.0% |       0 |       0 |             0 |       328
     2480 |     +0.0% |       0 |       0 |             0 |       318
     2490 |     +0.0% |       0 |       0 |             0 |       308
     2500 |     +0.0% |       0 |       0 |             0 |       298
     2510 |     +0.0% |       0 |       0 |             0 |       288
     2520 |     +0.0% |       0 |       0 |             0 |       278
     2530 |     +0.0% |       0 |       0 |             0 |       268
     2540 |     +0.0% |       0 |       0 |             0 |       258
     2550 |     +0.0% |       0 |       0 |             0 |       248
     2560 |     +0.0% |       0 |       0 |             0 |       238
     2570 |     +0.0% |       0 |       0 |             0 |       228
     2580 |     +0.0% |       0 |       0 |             0 |       218
     2590 |     +0.0% |       0 |       0 |             0 |       208
     2600 |     +0.0% |       0 |       0 |             0 |       198
     2610 |     +0.0% |       0 |       0 |             0 |       188
     2620 |     +0.0% |       0 |       0 |             0 |       178
     2630 |     +0.0% |       0 |       0 |             0 |       168
     2640 |     +0.0% |       0 |       0 |             0 |       158
     2650 |     +0.0% |       0 |       0 |             0 |       148
     2660 |     +0.0% |       0 |       0 |             0 |       138
     2670 |     +0.0% |       0 |       0 |             0 |       128
     2680 |     +0.0% |       0 |       0 |             0 |       118
     2690 |     +0.0% |       0 |       0 |             0 |       108
     2700 |     +0.0% |       0 |       0 |             0 |        98
     2710 |     +0.0% |       0 |       0 |             0 |        88
     2720 |     +0.0% |       0 |       0 |             0 |        78
     2730 |     +0.0% |       0 |       0 |             0 |        68
     2740 |     +0.0% |       0 |       0 |             0 |        58
     2750 |     +0.0% |       0 |       0 |             0 |        48
     2760 |     +0.0% |       0 |       0 |             0 |        38
     2770 |     +0.0% |       0 |       0 |             0 |        28
     2780 |     +0.0% |       0 |       0 |             0 |        18
     2790 |     +0.0% |       0 |       0 |             0 |         8
    final |     +0.0% |       0 |       0 |             0 |         0
---------------------------------------------------------------------
Floating nets: 
Report metrics stage 3, resizer...

==========================================================================
resizer report_design_area
--------------------------------------------------------------------------
Design area 3534 um^2 35% utilization.
Instance count before 2692, after 2692
Pin count before 8149, after 8149
write_db /mnt/c/Users/Abhinav/OneDrive/Desktop/PACT/PACT/results/phase2d_independent_gp/orfs/results/nangate45/s9234f/phase2d_gp29/3_4_place_resized.odb
Elapsed time: 0:04.58[h:]min:sec. CPU time: user 2.25 sys 0.64 (63%). Peak memory: 137112KB.
Log                       Ext     Elapsed/s Peak Memory/MB sha1sum result [0:20)
3_4_place_resized         .odb            4            133 7607bcd13cad8077413d
