OpenROAD 26Q2-1164-g08f67ee5ec 
Features included (+) or not (-): +GPU +GUI +Python
This program is licensed under the BSD-3 license. See the LICENSE file for details.
Components of this program may be licensed under more restrictive licenses which must be honored.
[INFO ORD-0030] Using 2 thread(s).
read_liberty /root/pact-deps/OpenROAD-flow-scripts/flow/platforms/nangate45/lib/NangateOpenCellLibrary_typical.lib
read_db /mnt/c/Users/Abhinav/OneDrive/Desktop/PACT/PACT/results/phase2d_independent_gp/orfs/results/nangate45/s9234f/phase2d_gp29/3_4_place_resized.odb
read_sdc /mnt/c/Users/Abhinav/OneDrive/Desktop/PACT/PACT/results/phase2d_independent_gp/orfs/results/nangate45/s9234f/phase2d_gp29/2_floorplan.sdc
source /root/pact-deps/OpenROAD-flow-scripts/flow/platforms/nangate45/setRC.tcl
detailed_placement
[INFO DPL-0006] Core area: 10208.02 um^2, Instances area: 3534.34 um^2, Utilization: 34.6%
[INFO DPL-0005] Diamond search max displacement: +/- 500 sites horizontally, +/- 100 rows vertically.
[INFO DPL-1101] Legalizing using diamond search.
Movements Summary
---------------------------------------
Total cells:                    2548
Diamond Move Success:           2548 (100.00%)
Diamond Move Failure:              0
Rip-up and replace Success:        0 (  0.00% of diamond failures)
Rip-up and replace Failure:        0
Total Placement Failures:          0
---------------------------------------
Placement Analysis
---------------------------------
total displacement       2225.1 u
average displacement        0.8 u
max displacement            4.5 u
original HPWL           21847.9 u
legalized HPWL          23531.6 u
delta HPWL                    8 %

improve_placement -max_displacement "5 1"
Detailed placement improvement.
[INFO DPL-0401] Setting random seed to 1.
[INFO DPL-0402] Setting maximum displacement 5 1 to 14000 2800 units.
[INFO DPL-0320] Collected 223 fixed cells.
[INFO DPL-0318] Collected 2548 single height cells.
[INFO DPL-0321] Collected 0 wide cells.
[INFO DPL-0322] Image (2280, 2800) - (204820, 204400)
[INFO DPL-0310] Assigned 2548 cells into segments.  Movement in X-direction is 0.000000, movement in Y-direction is 0.000000.
[INFO DPL-0313] Found 0 cells in wrong regions.
[INFO DPL-0315] Found 0 row alignment problems.
[INFO DPL-0314] Found 0 site alignment problems.
[INFO DPL-0311] Found 0 overlaps between adjacent cells.
[INFO DPL-0312] Found 0 edge spacing violations and 0 padding violations.
[INFO DPL-0303] Running algorithm for independent set matching.
[INFO DPL-0300] Set matching objective is wirelength.
[INFO DPL-0301] Pass   1 of matching; objective is 4.703430e+07.
[INFO DPL-0302] End of matching; objective is 4.690172e+07, improvement is 0.28 percent.
[INFO DPL-0303] Running algorithm for global swaps.
[INFO DPL-0306] Pass   1 of global swaps; hpwl is 4.601258e+07.
[INFO DPL-0306] Pass   2 of global swaps; hpwl is 4.580486e+07.
[INFO DPL-0307] End of global swaps; objective is 4.580486e+07, improvement is 2.34 percent.
[INFO DPL-0303] Running algorithm for vertical swaps.
[INFO DPL-0308] Pass   1 of vertical swaps; hpwl is 4.562604e+07.
[INFO DPL-0309] End of vertical swaps; objective is 4.562604e+07, improvement is 0.39 percent.
[INFO DPL-0303] Running algorithm for reordering.
[INFO DPL-0304] Pass   1 of reordering; objective is 4.549272e+07.
[INFO DPL-0305] End of reordering; objective is 4.549272e+07, improvement is 0.29 percent.
[INFO DPL-0303] Running algorithm for random improvement.
[INFO DPL-0324] Random improver is using random generator.
[INFO DPL-0325] Random improver is using hpwl objective.
[INFO DPL-0326] Random improver cost string is (a).
[INFO DPL-0332] End of pass, Generator random called 50960 times.
[INFO DPL-0335] Generator random, Cumulative attempts 50960, swaps 6815, moves 17839 since last reset.
[INFO DPL-0333] End of pass, Objective hpwl, Initial cost 4.514180e+07, Scratch cost 4.456276e+07, Incremental cost 4.456276e+07, Mismatch? N
[INFO DPL-0338] End of pass, Total cost is 4.456276e+07.
[INFO DPL-0327] Pass   1 of random improver; improvement in cost is 1.28 percent.
[INFO DPL-0332] End of pass, Generator random called 50960 times.
[INFO DPL-0335] Generator random, Cumulative attempts 101920, swaps 13550, moves 35552 since last reset.
[INFO DPL-0333] End of pass, Objective hpwl, Initial cost 4.456276e+07, Scratch cost 4.427306e+07, Incremental cost 4.427306e+07, Mismatch? N
[INFO DPL-0338] End of pass, Total cost is 4.427306e+07.
[INFO DPL-0327] Pass   2 of random improver; improvement in cost is 0.65 percent.
[INFO DPL-0328] End of random improver; improvement is 1.924469 percent.
[INFO DPL-0380] Cell flipping.
[INFO DPL-0382] Changed 0 cell orientations for row compatibility.
[INFO DPL-0383] Performed 642 cell flips.
[INFO DPL-0384] End of flipping; objective is 4.399746e+07, improvement is 1.40 percent.
[INFO DPL-0313] Found 0 cells in wrong regions.
[INFO DPL-0315] Found 0 row alignment problems.
[INFO DPL-0314] Found 0 site alignment problems.
[INFO DPL-0311] Found 0 overlaps between adjacent cells.
[INFO DPL-0312] Found 0 edge spacing violations and 0 padding violations.
Detailed Improvement Results
------------------------------------------
Original HPWL            23531.6 u (   11511.7,    12019.9)
Final HPWL               22021.1 u (   10652.3,    11368.7)
Delta HPWL                  -6.4 % (      -7.5,       -5.4)

optimize_mirroring
[INFO DPL-0020] Mirrored 77 instances
[INFO DPL-0021] HPWL before           22021.1 u
[INFO DPL-0022] HPWL after            22015.1 u
[INFO DPL-0023] HPWL delta               -0.0 %
[INFO FLW-0012] Placement violations .
estimate_parasitics -placement
Report metrics stage 3, detailed place...

==========================================================================
detailed place report_design_area
--------------------------------------------------------------------------
Design area 3534 um^2 35% utilization.
write_db /mnt/c/Users/Abhinav/OneDrive/Desktop/PACT/PACT/results/phase2d_independent_gp/orfs/results/nangate45/s9234f/phase2d_gp29/3_5_place_dp.odb
write_sdc -no_timestamp /mnt/c/Users/Abhinav/OneDrive/Desktop/PACT/PACT/results/phase2d_independent_gp/orfs/results/nangate45/s9234f/phase2d_gp29/3_place.sdc
Elapsed time: 0:05.21[h:]min:sec. CPU time: user 2.85 sys 0.64 (67%). Peak memory: 128824KB.
Log                       Ext     Elapsed/s Peak Memory/MB sha1sum result [0:20)
3_5_place_dp              .odb            5            125 bcf9da1124422e3cacff
