OpenROAD 26Q2-1164-g08f67ee5ec 
Features included (+) or not (-): +GPU +GUI +Python
This program is licensed under the BSD-3 license. See the LICENSE file for details.
Components of this program may be licensed under more restrictive licenses which must be honored.
[INFO ORD-0030] Using 4 thread(s).
mkdir -p ./objects/nangate45/s9234f/phase0c_f3e7b516a_s17_k4_T_a6c6814e_7f655d61
/root/pact-deps/OpenROAD-flow-scripts/flow/scripts/flow.sh 4_1_cts cts
Running cts.tcl, stage 4_1_cts
read_liberty /root/pact-deps/OpenROAD-flow-scripts/flow/platforms/nangate45/lib/NangateOpenCellLibrary_typical.lib
read_db ./results/nangate45/s9234f/phase0c_f3e7b516a_s17_k4_T_a6c6814e_7f655d61/3_place.odb
read_sdc ./results/nangate45/s9234f/phase0c_f3e7b516a_s17_k4_T_a6c6814e_7f655d61/3_place.sdc
source /root/pact-deps/OpenROAD-flow-scripts/flow/platforms/nangate45/setRC.tcl
clock_tree_synthesis -sink_clustering_enable -repair_clock_nets
[INFO CTS-0050] Root buffer is CLKBUF_X3.
[INFO CTS-0051] Sink buffer is CLKBUF_X3.
[INFO CTS-0052] The following clock buffers will be used for CTS:
                    CLKBUF_X3
[INFO CTS-0049] Characterization buffer is CLKBUF_X3.
[INFO CTS-0007] Net "CK" found for clock "clk".
[INFO CTS-0010]  Clock net "CK" has 211 sinks.
[INFO CTS-0008] TritonCTS found 1 clock nets.
[INFO CTS-0097] Characterization used 1 buffer(s) types.
[INFO CTS-0201] 0 blockages from hard placement blockages and placed macros will be used.
[INFO CTS-0027] Generating H-Tree topology for net CK.
[INFO CTS-0028]  Total number of sinks: 211.
[INFO CTS-0090]  Sinks will be clustered based on buffer max cap.
[INFO CTS-0030]  Number of static layers: 0.
[INFO CTS-0020]  Wire segment unit: 14000  dbu (7 um).
[INFO CTS-0206] Best clustering solution was found from max clustering size of 8 and max clustering diameter of 28.
[INFO CTS-0019]  Total number of sinks after clustering: 33.
[INFO CTS-0024]  Normalized sink region: [(2.55155, 1.6), (12.7437, 12.7971)].
[INFO CTS-0025]     Width:  10.1921.
[INFO CTS-0026]     Height: 11.1971.
 Level 1
    Direction: Vertical
    Sinks per sub-region: 17
    Sub-region size: 10.1921 X 5.5986
[INFO CTS-0034]     Segment length (rounded): 2.
 Level 2
    Direction: Horizontal
    Sinks per sub-region: 9
    Sub-region size: 5.0961 X 5.5986
[INFO CTS-0034]     Segment length (rounded): 2.
[INFO CTS-0032]  Stop criterion found. Max number of sinks is 15.
[INFO CTS-0035]  Number of sinks covered: 33.
[INFO CTS-0018]     Created 38 clock buffers.
[INFO CTS-0012]     Minimum number of buffers in the clock path: 3.
[INFO CTS-0013]     Maximum number of buffers in the clock path: 3.
[INFO CTS-0015]     Created 38 clock nets.
[INFO CTS-0016]     Fanout distribution for the current clock = 4:1, 5:4, 6:13, 7:13, 8:4, 9:1, 10:1..
[INFO CTS-0017]     Max level of the clock tree: 2.
[INFO CTS-0098] Clock net "CK"
[INFO CTS-0099]  Sinks 241
[INFO CTS-0100]  Leaf buffers 33
[INFO CTS-0101]  Average sink wire length 142.43 um
[INFO CTS-0102]  Path depth 2 - 3
[INFO CTS-0207]  Dummy loads inserted 30
estimate_parasitics -placement
detailed_placement
[INFO DPL-0006] Core area: 10208.02 um^2, Instances area: 3604.03 um^2, Utilization: 35.3%
[INFO DPL-0005] Diamond search max displacement: +/- 500 sites horizontally, +/- 100 rows vertically.
[INFO DPL-1101] Legalizing using diamond search.
Movements Summary
---------------------------------------
Total cells:                    2612
Diamond Move Success:           2612 (100.00%)
Diamond Move Failure:              0
Rip-up and replace Success:        0 (  0.00% of diamond failures)
Rip-up and replace Failure:        0
Total Placement Failures:          0
---------------------------------------
Placement Analysis
---------------------------------
total displacement        131.0 u
average displacement        0.0 u
max displacement            2.8 u
original HPWL           33864.5 u
legalized HPWL          33895.7 u
delta HPWL                    0 %

estimate_parasitics -placement
repair_timing -setup_margin 0 -hold_margin 0 -repair_tns 100 -verbose
[INFO RSZ-0100] Repair move sequence: UnbufferMove SizeUpMove SwapPinsMove BufferMove CloneMove SplitLoadMove 
[INFO RSZ-0098] No setup violations found
[INFO RSZ-0046] Found 60 endpoints with hold violations.
Iteration | Resized | Buffers | Cloned Gates |   Area   |   WNS   |   TNS   | Endpoint
--------------------------------------------------------------------------------------
        0 |       0 |       0 |            0 |    +0.0% |  -0.093 |  -1.907 | U_g666/D
       10 |       0 |      17 |            0 |    +0.4% |  -0.076 |  -1.334 | U_g688/D
       20 |       0 |      31 |            0 |    +0.7% |  -0.037 |  -0.305 | U_g666/D
       30 |       0 |      31 |            0 |    +0.7% |  -0.037 |  -0.305 | U_g666/D
       40 |       0 |      31 |            0 |    +0.7% |  -0.037 |  -0.305 | U_g666/D
       50 |       0 |      34 |            0 |    +0.8% |  -0.037 |  -0.220 | U_g666/D
       60 |       0 |      36 |            0 |    +0.8% |  -0.037 |  -0.208 | U_g666/D
    final |       0 |      49 |            0 |    +1.1% |   0.001 |   0.000 | U_g685/D
--------------------------------------------------------------------------------------
[INFO RSZ-0032] Inserted 49 hold buffers.
detailed_placement
[INFO DPL-0006] Core area: 10208.02 um^2, Instances area: 3643.14 um^2, Utilization: 35.7%
[INFO DPL-0005] Diamond search max displacement: +/- 500 sites horizontally, +/- 100 rows vertically.
[INFO DPL-1101] Legalizing using diamond search.
Movements Summary
---------------------------------------
Total cells:                    2661
Diamond Move Success:           2661 (100.00%)
Diamond Move Failure:              0
Rip-up and replace Success:        0 (  0.00% of diamond failures)
Rip-up and replace Failure:        0
Total Placement Failures:          0
---------------------------------------
Placement Analysis
---------------------------------
total displacement         66.1 u
average displacement        0.0 u
max displacement            3.1 u
original HPWL           33982.8 u
legalized HPWL          34023.7 u
delta HPWL                    0 %

estimate_parasitics -placement
Report metrics stage 4, cts final...

==========================================================================
cts final report_design_area
--------------------------------------------------------------------------
Design area 3643 um^2 36% utilization.
write_db ./results/nangate45/s9234f/phase0c_f3e7b516a_s17_k4_T_a6c6814e_7f655d61/4_1_cts.odb
write_sdc -no_timestamp ./results/nangate45/s9234f/phase0c_f3e7b516a_s17_k4_T_a6c6814e_7f655d61/4_cts.sdc
Log                       Ext     Elapsed/s Peak Memory/MB sha1sum result [0:20)
4_1_cts                   .odb            4            159 e63fcaf58a771dd9f830
cp ./results/nangate45/s9234f/phase0c_f3e7b516a_s17_k4_T_a6c6814e_7f655d61/4_1_cts.odb ./results/nangate45/s9234f/phase0c_f3e7b516a_s17_k4_T_a6c6814e_7f655d61/4_cts.odb
/root/pact-deps/OpenROAD-flow-scripts/flow/scripts/flow.sh 5_1_grt global_route
Running global_route.tcl, stage 5_1_grt
read_liberty /root/pact-deps/OpenROAD-flow-scripts/flow/platforms/nangate45/lib/NangateOpenCellLibrary_typical.lib
read_db ./results/nangate45/s9234f/phase0c_f3e7b516a_s17_k4_T_a6c6814e_7f655d61/4_cts.odb
read_sdc ./results/nangate45/s9234f/phase0c_f3e7b516a_s17_k4_T_a6c6814e_7f655d61/4_cts.sdc
source /root/pact-deps/OpenROAD-flow-scripts/flow/platforms/nangate45/setRC.tcl
pin_access
[INFO DRT-0149] Reading tech and libs.

Units:                2000
Number of layers:     21
Number of macros:     135
Number of vias:       33
Number of viarulegen: 19

[INFO DRT-0150] Reading design.

Design:                   s9234f
Die area:                 ( 0 0 ) ( 206880 206880 )
Number of track patterns: 20
Number of DEF vias:       0
Number of components:     2805
Number of terminals:      87
Number of snets:          2
Number of nets:           2673

[INFO DRT-0167] List of default vias:
  Layer via2
    default via: via2_5
  Layer via3
    default via: via3_2
  Layer via4
    default via: via4_0
  Layer via5
    default via: via5_0
  Layer via6
    default via: via6_0
  Layer via7
    default via: via7_0
  Layer via8
    default via: via8_0
  Layer via9
    default via: via9_0
[INFO DRT-0162] Library cell analysis.
[INFO DRT-0163] Instance analysis.
[INFO DRT-0164] Number of unique instances = 49.
[INFO DRT-0168] Init region query.
[INFO DRT-0024]   Complete active.
[INFO DRT-0024]   Complete Fr_VIA.
[INFO DRT-0024]   Complete metal1.
[INFO DRT-0024]   Complete via1.
[INFO DRT-0024]   Complete metal2.
[INFO DRT-0024]   Complete via2.
[INFO DRT-0024]   Complete metal3.
[INFO DRT-0024]   Complete via3.
[INFO DRT-0024]   Complete metal4.
[INFO DRT-0024]   Complete via4.
[INFO DRT-0024]   Complete metal5.
[INFO DRT-0024]   Complete via5.
[INFO DRT-0024]   Complete metal6.
[INFO DRT-0024]   Complete via6.
[INFO DRT-0024]   Complete metal7.
[INFO DRT-0024]   Complete via7.
[INFO DRT-0024]   Complete metal8.
[INFO DRT-0024]   Complete via8.
[INFO DRT-0024]   Complete metal9.
[INFO DRT-0024]   Complete via9.
[INFO DRT-0024]   Complete metal10.
[INFO DRT-0033] active shape region query size = 0.
[INFO DRT-0033] FR_VIA shape region query size = 0.
[INFO DRT-0033] metal1 shape region query size = 42649.
[INFO DRT-0033] via1 shape region query size = 438.
[INFO DRT-0033] metal2 shape region query size = 292.
[INFO DRT-0033] via2 shape region query size = 438.
[INFO DRT-0033] metal3 shape region query size = 292.
[INFO DRT-0033] via3 shape region query size = 438.
[INFO DRT-0033] metal4 shape region query size = 164.
[INFO DRT-0033] via4 shape region query size = 140.
[INFO DRT-0033] metal5 shape region query size = 68.
[INFO DRT-0033] via5 shape region query size = 140.
[INFO DRT-0033] metal6 shape region query size = 73.
[INFO DRT-0033] via6 shape region query size = 56.
[INFO DRT-0033] metal7 shape region query size = 28.
[INFO DRT-0033] via7 shape region query size = 0.
[INFO DRT-0033] metal8 shape region query size = 0.
[INFO DRT-0033] via8 shape region query size = 0.
[INFO DRT-0033] metal9 shape region query size = 0.
[INFO DRT-0033] via9 shape region query size = 0.
[INFO DRT-0033] metal10 shape region query size = 0.
[INFO DRT-0165] Start pin access.
[INFO DRT-0078]   Complete 249 pins.
[INFO DRT-0081]   Complete 49 unique inst patterns.
[INFO DRT-0084]   Complete 1503 groups.
#scanned instances     = 2805
#unique  instances     = 49
#stdCellGenAp          = 1067
#stdCellValidPlanarAp  = 0
#stdCellValidViaAp     = 854
#stdCellPinNoAp        = 0
#stdCellPinCnt         = 8134
#instTermValidViaApCnt = 0
#macroGenAp            = 0
#macroValidPlanarAp    = 0
#macroValidViaAp       = 0
#macroNoAp             = 0
[INFO DRT-0166] Complete pin access.
[INFO DRT-0267] cpu time = 00:00:29, elapsed time = 00:00:07, memory = 118.68 (MB), peak = 118.34 (MB)
Took 8 seconds: pin_access
set_global_routing_random -seed 17
global_route -congestion_report_file ./reports/nangate45/s9234f/phase0c_f3e7b516a_s17_k4_T_a6c6814e_7f655d61/congestion.rpt -congestion_iterations 30 -congestion_report_iter_step 5 -verbose
[INFO GRT-0020] Min routing layer: metal2
[INFO GRT-0021] Max routing layer: metal10
[INFO GRT-0022] Global adjustment: 0%
[INFO GRT-0023] Grid origin: (0, 0)
[INFO GRT-0088] Layer metal1  Track-Pitch = 0.1400  line-2-Via Pitch: 0.1350
[INFO GRT-0088] Layer metal2  Track-Pitch = 0.1900  line-2-Via Pitch: 0.1400
[INFO GRT-0088] Layer metal3  Track-Pitch = 0.1400  line-2-Via Pitch: 0.1400
[INFO GRT-0088] Layer metal4  Track-Pitch = 0.2800  line-2-Via Pitch: 0.2800
[INFO GRT-0088] Layer metal5  Track-Pitch = 0.2800  line-2-Via Pitch: 0.2800
[INFO GRT-0088] Layer metal6  Track-Pitch = 0.2800  line-2-Via Pitch: 0.2800
[INFO GRT-0088] Layer metal7  Track-Pitch = 0.8000  line-2-Via Pitch: 0.8000
[INFO GRT-0088] Layer metal8  Track-Pitch = 0.8000  line-2-Via Pitch: 0.8000
[INFO GRT-0088] Layer metal9  Track-Pitch = 1.6000  line-2-Via Pitch: 1.6000
[INFO GRT-0088] Layer metal10 Track-Pitch = 1.6000  line-2-Via Pitch: 1.6000
[INFO GRT-0003] Macros: 0
[INFO GRT-0004] Blockages: 0
[INFO GRT-0019] Found 39 clock nets.
[INFO GRT-0001] Minimum degree: 2
[INFO GRT-0002] Maximum degree: 63

[INFO GRT-0053] Routing resources analysis:
          Routing      Original      Derated      Resource
Layer     Direction    Resources     Resources    Reduction (%)
---------------------------------------------------------------
metal1     Horizontal          0             0          0.00%
metal2     Vertical        18585          8750          52.92%
metal3     Horizontal      25711         12607          50.97%
metal4     Vertical        12600          8890          29.44%
metal5     Horizontal      12839          9040          29.59%
metal6     Vertical        12882          9077          29.54%
metal7     Horizontal       3920          2800          28.57%
metal8     Vertical         4480          3220          28.12%
metal9     Horizontal       2240          1260          43.75%
metal10    Vertical         2240          1260          43.75%
---------------------------------------------------------------

[INFO GRT-0197] Via related to pin nodes: 15620
[INFO GRT-0198] Via related Steiner nodes: 345
[INFO GRT-0199] Via filling finished.
[INFO GRT-0111] Final number of vias: 20433
[INFO GRT-0112] Final usage 3D: 74500

[INFO GRT-0096] Final congestion report:
Layer         Resource        Demand        Usage (%)    Max H / Max V / Total Overflow
---------------------------------------------------------------------------------------
metal1               0             0            0.00%             0 /  0 /  0
metal2            8750          4724           53.99%             0 /  0 /  0
metal3           12607          5531           43.87%             0 /  0 /  0
metal4            8890          1598           17.98%             0 /  0 /  0
metal5            9040           986           10.91%             0 /  0 /  0
metal6            9077           312            3.44%             0 /  0 /  0
metal7            2800            50            1.79%             0 /  0 /  0
metal8            3220             0            0.00%             0 /  0 /  0
metal9            1260             0            0.00%             0 /  0 /  0
metal10           1260             0            0.00%             0 /  0 /  0
---------------------------------------------------------------------------------------
Total            56904         13201           23.20%             0 /  0 /  0

[INFO GRT-0018] Total wirelength: 57441 um
[INFO GRT-0014] Routed nets: 2673
[INFO GRT-0303] Global routing runtime = 00:00:00
estimate_parasitics -global_routing
Perform buffer insertion and gate resizing...
repair_design -verbose
Iteration |   Area    | Resized | Buffers | Nets repaired | Remaining
---------------------------------------------------------------------
        0 |     +0.0% |       0 |       0 |             0 |      2914
       10 |     +0.0% |       0 |       0 |             0 |      2904
       20 |     +0.0% |       0 |       0 |             0 |      2894
       30 |     +0.0% |       0 |       0 |             0 |      2884
       40 |     +0.0% |       0 |       0 |             0 |      2874
       50 |     +0.0% |       0 |       0 |             0 |      2864
       60 |     +0.0% |       0 |       0 |             0 |      2854
       70 |     +0.0% |       0 |       0 |             0 |      2844
       80 |     +0.0% |       0 |       0 |             0 |      2834
       90 |     +0.0% |       0 |       0 |             0 |      2824
      100 |     +0.0% |       0 |       0 |             0 |      2814
      110 |     +0.0% |       0 |       0 |             0 |      2804
      120 |     +0.0% |       0 |       0 |             0 |      2794
      130 |     +0.0% |       0 |       0 |             0 |      2784
      140 |     +0.0% |       0 |       0 |             0 |      2774
      150 |     +0.0% |       0 |       0 |             0 |      2764
      160 |     +0.0% |       0 |       0 |             0 |      2754
      170 |     +0.0% |       0 |       0 |             0 |      2744
      180 |     +0.0% |       0 |       0 |             0 |      2734
      190 |     +0.0% |       0 |       0 |             0 |      2724
      200 |     +0.0% |       0 |       0 |             0 |      2714
      210 |     +0.0% |       0 |       0 |             0 |      2704
      220 |     +0.0% |       0 |       0 |             0 |      2694
      230 |     +0.0% |       0 |       0 |             0 |      2684
      240 |     +0.0% |       0 |       0 |             0 |      2674
      250 |     +0.0% |       0 |       0 |             0 |      2664
      260 |     +0.0% |       0 |       0 |             0 |      2654
      270 |     +0.0% |       0 |       0 |             0 |      2644
      280 |     +0.0% |       0 |       0 |             0 |      2634
      290 |     +0.0% |       0 |       0 |             0 |      2624
      300 |     +0.0% |       0 |       0 |             0 |      2614
      310 |     +0.0% |       0 |       0 |             0 |      2604
      320 |     +0.0% |       0 |       0 |             0 |      2594
      330 |     +0.0% |       0 |       0 |             0 |      2584
      340 |     +0.0% |       0 |       0 |             0 |      2574
      350 |     +0.0% |       0 |       0 |             0 |      2564
      360 |     +0.0% |       0 |       0 |             0 |      2554
      370 |     +0.0% |       0 |       0 |             0 |      2544
      380 |     +0.0% |       0 |       0 |             0 |      2534
      390 |     +0.0% |       0 |       0 |             0 |      2524
      400 |     +0.0% |       0 |       0 |             0 |      2514
      410 |     +0.0% |       0 |       0 |             0 |      2504
      420 |     +0.0% |       0 |       0 |             0 |      2494
      430 |     +0.0% |       0 |       0 |             0 |      2484
      440 |     +0.0% |       0 |       0 |             0 |      2474
      450 |     +0.0% |       0 |       0 |             0 |      2464
      460 |     +0.0% |       0 |       0 |             0 |      2454
      470 |     +0.0% |       0 |       0 |             0 |      2444
      480 |     +0.0% |       0 |       0 |             0 |      2434
      490 |     +0.0% |       0 |       0 |             0 |      2424
      500 |     +0.0% |       0 |       0 |             0 |      2414
      510 |     +0.0% |       0 |       0 |             0 |      2404
      520 |     +0.0% |       0 |       0 |             0 |      2394
      530 |     +0.0% |       0 |       0 |             0 |      2384
      540 |     +0.0% |       0 |       0 |             0 |      2374
      550 |     +0.0% |       0 |       0 |             0 |      2364
      560 |     +0.0% |       0 |       0 |             0 |      2354
      570 |     +0.0% |       0 |       0 |             0 |      2344
      580 |     +0.0% |       0 |       0 |             0 |      2334
      590 |     +0.0% |       0 |       0 |             0 |      2324
      600 |     +0.0% |       0 |       0 |             0 |      2314
      610 |     +0.0% |       0 |       0 |             0 |      2304
      620 |     +0.0% |       0 |       0 |             0 |      2294
      630 |     +0.0% |       0 |       0 |             0 |      2284
      640 |     +0.0% |       0 |       0 |             0 |      2274
      650 |     +0.0% |       0 |       0 |             0 |      2264
      660 |     +0.0% |       0 |       0 |             0 |      2254
      670 |     +0.0% |       0 |       0 |             0 |      2244
      680 |     +0.0% |       0 |       0 |             0 |      2234
      690 |     +0.0% |       0 |       0 |             0 |      2224
      700 |     +0.0% |       0 |       0 |             0 |      2214
      710 |     +0.0% |       0 |       0 |             0 |      2204
      720 |     +0.0% |       0 |       0 |             0 |      2194
      730 |     +0.0% |       0 |       0 |             0 |      2184
      740 |     +0.0% |       0 |       0 |             0 |      2174
      750 |     +0.0% |       0 |       0 |             0 |      2164
      760 |     +0.0% |       0 |       0 |             0 |      2154
      770 |     +0.0% |       0 |       0 |             0 |      2144
      780 |     +0.0% |       0 |       0 |             0 |      2134
      790 |     +0.0% |       0 |       0 |             0 |      2124
      800 |     +0.0% |       0 |       0 |             0 |      2114
      810 |     +0.0% |       0 |       0 |             0 |      2104
      820 |     +0.0% |       0 |       0 |             0 |      2094
      830 |     +0.0% |       0 |       0 |             0 |      2084
      840 |     +0.0% |       0 |       0 |             0 |      2074
      850 |     +0.0% |       0 |       0 |             0 |      2064
      860 |     +0.0% |       0 |       0 |             0 |      2054
      870 |     +0.0% |       0 |       0 |             0 |      2044
      880 |     +0.0% |       0 |       0 |             0 |      2034
      890 |     +0.0% |       0 |       0 |             0 |      2024
      900 |     +0.0% |       0 |       0 |             0 |      2014
      910 |     +0.0% |       0 |       0 |             0 |      2004
      920 |     +0.0% |       0 |       0 |             0 |      1994
      930 |     +0.0% |       0 |       0 |             0 |      1984
      940 |     +0.0% |       0 |       0 |             0 |      1974
      950 |     +0.0% |       0 |       0 |             0 |      1964
      960 |     +0.0% |       0 |       0 |             0 |      1954
      970 |     +0.0% |       0 |       0 |             0 |      1944
      980 |     +0.0% |       0 |       0 |             0 |      1934
      990 |     +0.0% |       0 |       0 |             0 |      1924
     1000 |     +0.0% |       0 |       0 |             0 |      1914
     1010 |     +0.0% |       0 |       0 |             0 |      1904
     1020 |     +0.0% |       0 |       0 |             0 |      1894
     1030 |     +0.0% |       0 |       0 |             0 |      1884
     1040 |     +0.0% |       0 |       0 |             0 |      1874
     1050 |     +0.0% |       0 |       0 |             0 |      1864
     1060 |     +0.0% |       0 |       0 |             0 |      1854
     1070 |     +0.0% |       0 |       0 |             0 |      1844
     1080 |     +0.0% |       0 |       0 |             0 |      1834
     1090 |     +0.0% |       0 |       0 |             0 |      1824
     1100 |     +0.0% |       0 |       0 |             0 |      1814
     1110 |     +0.0% |       0 |       0 |             0 |      1804
     1120 |     +0.0% |       0 |       0 |             0 |      1794
     1130 |     +0.0% |       0 |       0 |             0 |      1784
     1140 |     +0.0% |       0 |       0 |             0 |      1774
     1150 |     +0.0% |       0 |       0 |             0 |      1764
     1160 |     +0.0% |       0 |       0 |             0 |      1754
     1170 |     +0.0% |       0 |       0 |             0 |      1744
     1180 |     +0.0% |       0 |       0 |             0 |      1734
     1190 |     +0.0% |       0 |       0 |             0 |      1724
     1200 |     +0.0% |       0 |       0 |             0 |      1714
     1210 |     +0.0% |       0 |       0 |             0 |      1704
     1220 |     +0.0% |       0 |       0 |             0 |      1694
     1230 |     +0.0% |       0 |       0 |             0 |      1684
     1240 |     +0.0% |       0 |       0 |             0 |      1674
     1250 |     +0.0% |       0 |       0 |             0 |      1664
     1260 |     +0.0% |       0 |       0 |             0 |      1654
     1270 |     +0.0% |       0 |       0 |             0 |      1644
     1280 |     +0.0% |       0 |       0 |             0 |      1634
     1290 |     +0.0% |       0 |       0 |             0 |      1624
     1300 |     +0.0% |       0 |       0 |             0 |      1614
     1310 |     +0.0% |       0 |       0 |             0 |      1604
     1320 |     +0.0% |       0 |       0 |             0 |      1594
     1330 |     +0.0% |       0 |       0 |             0 |      1584
     1340 |     +0.0% |       0 |       0 |             0 |      1574
     1350 |     +0.0% |       0 |       0 |             0 |      1564
     1360 |     +0.0% |       0 |       0 |             0 |      1554
     1370 |     +0.0% |       0 |       0 |             0 |      1544
     1380 |     +0.0% |       0 |       0 |             0 |      1534
     1390 |     +0.0% |       0 |       0 |             0 |      1524
     1400 |     +0.0% |       0 |       0 |             0 |      1514
     1410 |     +0.0% |       0 |       0 |             0 |      1504
     1420 |     +0.0% |       0 |       0 |             0 |      1494
     1430 |     +0.0% |       0 |       0 |             0 |      1484
     1440 |     +0.0% |       0 |       0 |             0 |      1474
     1450 |     +0.0% |       0 |       0 |             0 |      1464
     1460 |     +0.0% |       0 |       0 |             0 |      1454
     1470 |     +0.0% |       0 |       0 |             0 |      1444
     1480 |     +0.0% |       0 |       0 |             0 |      1434
     1490 |     +0.0% |       0 |       0 |             0 |      1424
     1500 |     +0.0% |       0 |       0 |             0 |      1414
     1510 |     +0.0% |       0 |       0 |             0 |      1404
     1520 |     +0.0% |       0 |       0 |             0 |      1394
     1530 |     +0.0% |       0 |       0 |             0 |      1384
     1540 |     +0.0% |       0 |       0 |             0 |      1374
     1550 |     +0.0% |       0 |       0 |             0 |      1364
     1560 |     +0.0% |       0 |       0 |             0 |      1354
     1570 |     +0.0% |       0 |       0 |             0 |      1344
     1580 |     +0.0% |       0 |       0 |             0 |      1334
     1590 |     +0.0% |       0 |       0 |             0 |      1324
     1600 |     +0.0% |       0 |       0 |             0 |      1314
     1610 |     +0.0% |       0 |       0 |             0 |      1304
     1620 |     +0.0% |       0 |       0 |             0 |      1294
     1630 |     +0.0% |       0 |       0 |             0 |      1284
     1640 |     +0.0% |       0 |       0 |             0 |      1274
     1650 |     +0.0% |       0 |       0 |             0 |      1264
     1660 |     +0.0% |       0 |       0 |             0 |      1254
     1670 |     +0.0% |       0 |       0 |             0 |      1244
     1680 |     +0.0% |       0 |       0 |             0 |      1234
     1690 |     +0.0% |       0 |       0 |             0 |      1224
     1700 |     +0.0% |       0 |       0 |             0 |      1214
     1710 |     +0.0% |       0 |       0 |             0 |      1204
     1720 |     +0.0% |       0 |       0 |             0 |      1194
     1730 |     +0.0% |       0 |       0 |             0 |      1184
     1740 |     +0.0% |       0 |       0 |             0 |      1174
     1750 |     +0.0% |       0 |       0 |             0 |      1164
     1760 |     +0.0% |       0 |       0 |             0 |      1154
     1770 |     +0.0% |       0 |       0 |             0 |      1144
     1780 |     +0.0% |       0 |       0 |             0 |      1134
     1790 |     +0.0% |       0 |       0 |             0 |      1124
     1800 |     +0.0% |       0 |       0 |             0 |      1114
     1810 |     +0.0% |       0 |       0 |             0 |      1104
     1820 |     +0.0% |       0 |       0 |             0 |      1094
     1830 |     +0.0% |       0 |       0 |             0 |      1084
     1840 |     +0.0% |       0 |       0 |             0 |      1074
     1850 |     +0.0% |       0 |       0 |             0 |      1064
     1860 |     +0.0% |       0 |       0 |             0 |      1054
     1870 |     +0.0% |       0 |       0 |             0 |      1044
     1880 |     +0.0% |       0 |       0 |             0 |      1034
     1890 |     +0.0% |       0 |       0 |             0 |      1024
     1900 |     +0.0% |       0 |       0 |             0 |      1014
     1910 |     +0.0% |       0 |       0 |             0 |      1004
     1920 |     +0.0% |       0 |       0 |             0 |       994
     1930 |     +0.0% |       0 |       0 |             0 |       984
     1940 |     +0.0% |       0 |       0 |             0 |       974
     1950 |     +0.0% |       0 |       0 |             0 |       964
     1960 |     +0.0% |       0 |       0 |             0 |       954
     1970 |     +0.0% |       0 |       0 |             0 |       944
     1980 |     +0.0% |       0 |       0 |             0 |       934
     1990 |     +0.0% |       0 |       0 |             0 |       924
     2000 |     +0.0% |       0 |       0 |             0 |       914
     2010 |     +0.0% |       0 |       0 |             0 |       904
     2020 |     +0.0% |       0 |       0 |             0 |       894
     2030 |     +0.0% |       0 |       0 |             0 |       884
     2040 |     +0.0% |       0 |       0 |             0 |       874
     2050 |     +0.0% |       0 |       0 |             0 |       864
     2060 |     +0.0% |       0 |       0 |             0 |       854
     2070 |     +0.0% |       0 |       0 |             0 |       844
     2080 |     +0.0% |       0 |       0 |             0 |       834
     2090 |     +0.0% |       0 |       0 |             0 |       824
     2100 |     +0.0% |       0 |       0 |             0 |       814
     2110 |     +0.0% |       0 |       0 |             0 |       804
     2120 |     +0.0% |       0 |       0 |             0 |       794
     2130 |     +0.0% |       0 |       0 |             0 |       784
     2140 |     +0.0% |       0 |       0 |             0 |       774
     2150 |     +0.0% |       0 |       0 |             0 |       764
     2160 |     +0.0% |       0 |       0 |             0 |       754
     2170 |     +0.0% |       0 |       0 |             0 |       744
     2180 |     +0.0% |       0 |       0 |             0 |       734
     2190 |     +0.0% |       0 |       0 |             0 |       724
     2200 |     +0.0% |       0 |       0 |             0 |       714
     2210 |     +0.0% |       0 |       0 |             0 |       704
     2220 |     +0.0% |       0 |       0 |             0 |       694
     2230 |     +0.0% |       0 |       0 |             0 |       684
     2240 |     +0.0% |       0 |       0 |             0 |       674
     2250 |     +0.0% |       0 |       0 |             0 |       664
     2260 |     +0.0% |       0 |       0 |             0 |       654
     2270 |     +0.0% |       0 |       0 |             0 |       644
     2280 |     +0.0% |       0 |       0 |             0 |       634
     2290 |     +0.0% |       0 |       0 |             0 |       624
     2300 |     +0.0% |       0 |       0 |             0 |       614
     2310 |     +0.0% |       0 |       0 |             0 |       604
     2320 |     +0.0% |       0 |       0 |             0 |       594
     2330 |     +0.0% |       0 |       0 |             0 |       584
     2340 |     +0.0% |       0 |       0 |             0 |       574
     2350 |     +0.0% |       0 |       0 |             0 |       564
     2360 |     +0.0% |       0 |       0 |             0 |       554
     2370 |     +0.0% |       0 |       0 |             0 |       544
     2380 |     +0.0% |       0 |       0 |             0 |       534
     2390 |     +0.0% |       0 |       0 |             0 |       524
     2400 |     +0.0% |       0 |       0 |             0 |       514
     2410 |     +0.0% |       0 |       0 |             0 |       504
     2420 |     +0.0% |       0 |       0 |             0 |       494
     2430 |     +0.0% |       0 |       0 |             0 |       484
     2440 |     +0.0% |       0 |       0 |             0 |       474
     2450 |     +0.0% |       0 |       0 |             0 |       464
     2460 |     +0.0% |       0 |       0 |             0 |       454
     2470 |     +0.0% |       0 |       0 |             0 |       444
     2480 |     +0.0% |       0 |       0 |             0 |       434
     2490 |     +0.0% |       0 |       0 |             0 |       424
     2500 |     +0.0% |       0 |       0 |             0 |       414
     2510 |     +0.0% |       0 |       0 |             0 |       404
     2520 |     +0.0% |       0 |       0 |             0 |       394
     2530 |     +0.0% |       0 |       0 |             0 |       384
     2540 |     +0.0% |       0 |       0 |             0 |       374
     2550 |     +0.0% |       0 |       0 |             0 |       364
     2560 |     +0.0% |       0 |       0 |             0 |       354
     2570 |     +0.0% |       0 |       0 |             0 |       344
     2580 |     +0.0% |       0 |       0 |             0 |       334
     2590 |     +0.0% |       0 |       0 |             0 |       324
     2600 |     +0.0% |       0 |       0 |             0 |       314
     2610 |     +0.0% |       0 |       0 |             0 |       304
     2620 |     +0.0% |       0 |       0 |             0 |       294
     2630 |     +0.0% |       0 |       0 |             0 |       284
     2640 |     +0.0% |       0 |       0 |             0 |       274
     2650 |     +0.0% |       0 |       0 |             0 |       264
     2660 |     +0.0% |       0 |       0 |             0 |       254
     2670 |     +0.0% |       0 |       0 |             0 |       244
     2680 |     +0.0% |       0 |       0 |             0 |       234
     2690 |     +0.0% |       0 |       0 |             0 |       224
     2700 |     +0.0% |       0 |       0 |             0 |       214
     2710 |     +0.0% |       0 |       0 |             0 |       204
     2720 |     +0.0% |       0 |       0 |             0 |       194
     2730 |     +0.0% |       0 |       0 |             0 |       184
     2740 |     +0.0% |       0 |       0 |             0 |       174
     2750 |     +0.0% |       0 |       0 |             0 |       164
     2760 |     +0.0% |       0 |       0 |             0 |       154
     2770 |     +0.0% |       0 |       0 |             0 |       144
     2780 |     +0.0% |       0 |       0 |             0 |       134
     2790 |     +0.0% |       0 |       0 |             0 |       124
     2800 |     +0.0% |       0 |       0 |             0 |       114
     2810 |     +0.0% |       0 |       0 |             0 |       104
     2820 |     +0.0% |       0 |       0 |             0 |        94
     2830 |     +0.0% |       0 |       0 |             0 |        84
     2840 |     +0.0% |       0 |       0 |             0 |        74
     2850 |     +0.0% |       0 |       0 |             0 |        64
     2860 |     +0.0% |       0 |       0 |             0 |        54
     2870 |     +0.0% |       0 |       0 |             0 |        44
     2880 |     +0.0% |       0 |       0 |             0 |        34
     2890 |     +0.0% |       0 |       0 |             0 |        24
     2900 |     +0.0% |       0 |       0 |             0 |        14
     2910 |     +0.0% |       0 |       0 |             0 |         4
    final |     +0.0% |       0 |       0 |             0 |         0
---------------------------------------------------------------------
global_route -start_incremental
detailed_placement
[INFO DPL-0006] Core area: 10208.02 um^2, Instances area: 3643.14 um^2, Utilization: 35.7%
[INFO DPL-0005] Diamond search max displacement: +/- 500 sites horizontally, +/- 100 rows vertically.
[INFO DPL-1101] Legalizing using diamond search.
Movements Summary
---------------------------------------
Total cells:                    2661
Diamond Move Success:           2661 (100.00%)
Diamond Move Failure:              0
Rip-up and replace Success:        0 (  0.00% of diamond failures)
Rip-up and replace Failure:        0
Total Placement Failures:          0
---------------------------------------
Placement Analysis
---------------------------------
total displacement          0.0 u
average displacement        0.0 u
max displacement            0.0 u
original HPWL           34023.7 u
legalized HPWL          34023.7 u
delta HPWL                    0 %

global_route -end_incremental -congestion_report_file ./reports/nangate45/s9234f/phase0c_f3e7b516a_s17_k4_T_a6c6814e_7f655d61/congestion_post_repair_design.rpt
Repair setup and hold violations...
estimate_parasitics -global_routing
repair_timing -setup_margin 0 -hold_margin 0 -repair_tns 100 -verbose
[INFO RSZ-0100] Repair move sequence: UnbufferMove SizeUpMove SwapPinsMove BufferMove CloneMove SplitLoadMove 
[INFO RSZ-0098] No setup violations found
[INFO RSZ-0046] Found 4 endpoints with hold violations.
Iteration | Resized | Buffers | Cloned Gates |   Area   |   WNS   |   TNS   | Endpoint
--------------------------------------------------------------------------------------
        0 |       0 |       0 |            0 |    +0.0% |  -0.004 |  -0.006 | U_g11/D
    final |       0 |       3 |            0 |    +0.1% |   0.000 |   0.000 | U_g574/SE
--------------------------------------------------------------------------------------
[INFO RSZ-0032] Inserted 3 hold buffers.
global_route -start_incremental
detailed_placement
[INFO DPL-0006] Core area: 10208.02 um^2, Instances area: 3645.53 um^2, Utilization: 35.7%
[INFO DPL-0005] Diamond search max displacement: +/- 500 sites horizontally, +/- 100 rows vertically.
[INFO DPL-1101] Legalizing using diamond search.
Movements Summary
---------------------------------------
Total cells:                    2664
Diamond Move Success:           2664 (100.00%)
Diamond Move Failure:              0
Rip-up and replace Success:        0 (  0.00% of diamond failures)
Rip-up and replace Failure:        0
Total Placement Failures:          0
---------------------------------------
Placement Analysis
---------------------------------
total displacement          2.1 u
average displacement        0.0 u
max displacement            0.8 u
original HPWL           34023.4 u
legalized HPWL          34023.9 u
delta HPWL                    0 %

check_placement -verbose
global_route -end_incremental -congestion_report_file ./reports/nangate45/s9234f/phase0c_f3e7b516a_s17_k4_T_a6c6814e_7f655d61/congestion_post_repair_timing.rpt
estimate_parasitics -global_routing
global_route -start_incremental
global_route -end_incremental -congestion_report_file ./reports/nangate45/s9234f/phase0c_f3e7b516a_s17_k4_T_a6c6814e_7f655d61/congestion_post_recover_power.rpt
Repair antennas...
[WARNING GRT-0246] No diode with LEF class CORE ANTENNACELL found.
[INFO ANT-0002] Found 0 net violations.
[INFO ANT-0001] Found 0 pin violations.
Estimate parasitics...
estimate_parasitics -global_routing
Report metrics stage 5, global route...

==========================================================================
global route report_design_area
--------------------------------------------------------------------------
Design area 3646 um^2 36% utilization.
[INFO FLW-0007] clock clk period 10.000000
[INFO FLW-0008] Clock clk period 1.206
[INFO FLW-0009] Clock clk slack 8.731
write_sdc -no_timestamp ./results/nangate45/s9234f/phase0c_f3e7b516a_s17_k4_T_a6c6814e_7f655d61/updated_clks.sdc
[INFO FLW-0011] Path endpoint path count 917
write_db ./results/nangate45/s9234f/phase0c_f3e7b516a_s17_k4_T_a6c6814e_7f655d61/5_1_grt.odb
write_sdc -no_timestamp ./results/nangate45/s9234f/phase0c_f3e7b516a_s17_k4_T_a6c6814e_7f655d61/5_1_grt.sdc
Log                       Ext     Elapsed/s Peak Memory/MB sha1sum result [0:20)
5_1_grt                   .odb           12            310 c45fd5807cbc0699bd28
5_1_grt                   .sdc                             ef79d21436d690ebafd1
/root/pact-deps/OpenROAD-flow-scripts/flow/scripts/flow.sh 5_2_route detail_route
Running detail_route.tcl, stage 5_2_route
read_liberty /root/pact-deps/OpenROAD-flow-scripts/flow/platforms/nangate45/lib/NangateOpenCellLibrary_typical.lib
read_db ./results/nangate45/s9234f/phase0c_f3e7b516a_s17_k4_T_a6c6814e_7f655d61/5_1_grt.odb
read_sdc ./results/nangate45/s9234f/phase0c_f3e7b516a_s17_k4_T_a6c6814e_7f655d61/5_1_grt.sdc
source /root/pact-deps/OpenROAD-flow-scripts/flow/platforms/nangate45/setRC.tcl
detailed_route -output_drc ./reports/nangate45/s9234f/phase0c_f3e7b516a_s17_k4_T_a6c6814e_7f655d61/5_route_drc.rpt -output_maze ./results/nangate45/s9234f/phase0c_f3e7b516a_s17_k4_T_a6c6814e_7f655d61/maze.log -droute_end_iter 64 -verbose 1 -drc_report_iter_step 5
[INFO DRT-0149] Reading tech and libs.

Units:                2000
Number of layers:     21
Number of macros:     135
Number of vias:       33
Number of viarulegen: 19

[INFO DRT-0150] Reading design.

Design:                   s9234f
Die area:                 ( 0 0 ) ( 206880 206880 )
Number of track patterns: 20
Number of DEF vias:       0
Number of components:     2808
Number of terminals:      87
Number of snets:          2
Number of nets:           2676

[INFO DRT-0167] List of default vias:
  Layer via2
    default via: via2_5
  Layer via3
    default via: via3_2
  Layer via4
    default via: via4_0
  Layer via5
    default via: via5_0
  Layer via6
    default via: via6_0
  Layer via7
    default via: via7_0
  Layer via8
    default via: via8_0
  Layer via9
    default via: via9_0
[INFO DRT-0162] Library cell analysis.
[INFO DRT-0163] Instance analysis.
[INFO DRT-0164] Number of unique instances = 49.
[INFO DRT-0168] Init region query.
[INFO DRT-0024]   Complete active.
[INFO DRT-0024]   Complete Fr_VIA.
[INFO DRT-0024]   Complete metal1.
[INFO DRT-0024]   Complete via1.
[INFO DRT-0024]   Complete metal2.
[INFO DRT-0024]   Complete via2.
[INFO DRT-0024]   Complete metal3.
[INFO DRT-0024]   Complete via3.
[INFO DRT-0024]   Complete metal4.
[INFO DRT-0024]   Complete via4.
[INFO DRT-0024]   Complete metal5.
[INFO DRT-0024]   Complete via5.
[INFO DRT-0024]   Complete metal6.
[INFO DRT-0024]   Complete via6.
[INFO DRT-0024]   Complete metal7.
[INFO DRT-0024]   Complete via7.
[INFO DRT-0024]   Complete metal8.
[INFO DRT-0024]   Complete via8.
[INFO DRT-0024]   Complete metal9.
[INFO DRT-0024]   Complete via9.
[INFO DRT-0024]   Complete metal10.
[INFO DRT-0033] active shape region query size = 0.
[INFO DRT-0033] FR_VIA shape region query size = 0.
[INFO DRT-0033] metal1 shape region query size = 42682.
[INFO DRT-0033] via1 shape region query size = 438.
[INFO DRT-0033] metal2 shape region query size = 292.
[INFO DRT-0033] via2 shape region query size = 438.
[INFO DRT-0033] metal3 shape region query size = 292.
[INFO DRT-0033] via3 shape region query size = 438.
[INFO DRT-0033] metal4 shape region query size = 164.
[INFO DRT-0033] via4 shape region query size = 140.
[INFO DRT-0033] metal5 shape region query size = 68.
[INFO DRT-0033] via5 shape region query size = 140.
[INFO DRT-0033] metal6 shape region query size = 73.
[INFO DRT-0033] via6 shape region query size = 56.
[INFO DRT-0033] metal7 shape region query size = 28.
[INFO DRT-0033] via7 shape region query size = 0.
[INFO DRT-0033] metal8 shape region query size = 0.
[INFO DRT-0033] via8 shape region query size = 0.
[INFO DRT-0033] metal9 shape region query size = 0.
[INFO DRT-0033] via9 shape region query size = 0.
[INFO DRT-0033] metal10 shape region query size = 0.
[INFO DRT-0165] Start pin access.
[INFO DRT-0078]   Complete 249 pins.
[INFO DRT-0081]   Complete 49 unique inst patterns.
[INFO DRT-0084]   Complete 1503 groups.
#scanned instances     = 2808
#unique  instances     = 49
#stdCellGenAp          = 1067
#stdCellValidPlanarAp  = 0
#stdCellValidViaAp     = 854
#stdCellPinNoAp        = 0
#stdCellPinCnt         = 8140
#instTermValidViaApCnt = 0
#macroGenAp            = 0
#macroValidPlanarAp    = 0
#macroValidViaAp       = 0
#macroNoAp             = 0
[INFO DRT-0166] Complete pin access.
[INFO DRT-0267] cpu time = 00:00:29, elapsed time = 00:00:06, memory = 266.81 (MB), peak = 266.39 (MB)

[INFO DRT-0157] Number of guides:     22259

[INFO DRT-0169] Post process guides.
[INFO DRT-0176] GCELLGRID X 0 DO 36 STEP 5700 ;
[INFO DRT-0177] GCELLGRID Y 0 DO 36 STEP 5700 ;
[INFO DRT-0028]   Complete active.
[INFO DRT-0028]   Complete Fr_VIA.
[INFO DRT-0028]   Complete metal1.
[INFO DRT-0028]   Complete via1.
[INFO DRT-0028]   Complete metal2.
[INFO DRT-0028]   Complete via2.
[INFO DRT-0028]   Complete metal3.
[INFO DRT-0028]   Complete via3.
[INFO DRT-0028]   Complete metal4.
[INFO DRT-0028]   Complete via4.
[INFO DRT-0028]   Complete metal5.
[INFO DRT-0028]   Complete via5.
[INFO DRT-0028]   Complete metal6.
[INFO DRT-0028]   Complete via6.
[INFO DRT-0028]   Complete metal7.
[INFO DRT-0028]   Complete via7.
[INFO DRT-0028]   Complete metal8.
[INFO DRT-0028]   Complete via8.
[INFO DRT-0028]   Complete metal9.
[INFO DRT-0028]   Complete via9.
[INFO DRT-0028]   Complete metal10.
[INFO DRT-0178] Init guide query.
[INFO DRT-0035]   Complete active (guide).
[INFO DRT-0035]   Complete Fr_VIA (guide).
[INFO DRT-0035]   Complete metal1 (guide).
[INFO DRT-0035]   Complete via1 (guide).
[INFO DRT-0035]   Complete metal2 (guide).
[INFO DRT-0035]   Complete via2 (guide).
[INFO DRT-0035]   Complete metal3 (guide).
[INFO DRT-0035]   Complete via3 (guide).
[INFO DRT-0035]   Complete metal4 (guide).
[INFO DRT-0035]   Complete via4 (guide).
[INFO DRT-0035]   Complete metal5 (guide).
[INFO DRT-0035]   Complete via5 (guide).
[INFO DRT-0035]   Complete metal6 (guide).
[INFO DRT-0035]   Complete via6 (guide).
[INFO DRT-0035]   Complete metal7 (guide).
[INFO DRT-0035]   Complete via7 (guide).
[INFO DRT-0035]   Complete metal8 (guide).
[INFO DRT-0035]   Complete via8 (guide).
[INFO DRT-0035]   Complete metal9 (guide).
[INFO DRT-0035]   Complete via9 (guide).
[INFO DRT-0035]   Complete metal10 (guide).
[INFO DRT-0036] active guide region query size = 0.
[INFO DRT-0036] FR_VIA guide region query size = 0.
[INFO DRT-0036] metal1 guide region query size = 7156.
[INFO DRT-0036] via1 guide region query size = 0.
[INFO DRT-0036] metal2 guide region query size = 6537.
[INFO DRT-0036] via2 guide region query size = 0.
[INFO DRT-0036] metal3 guide region query size = 3751.
[INFO DRT-0036] via3 guide region query size = 0.
[INFO DRT-0036] metal4 guide region query size = 700.
[INFO DRT-0036] via4 guide region query size = 0.
[INFO DRT-0036] metal5 guide region query size = 308.
[INFO DRT-0036] via5 guide region query size = 0.
[INFO DRT-0036] metal6 guide region query size = 88.
[INFO DRT-0036] via6 guide region query size = 0.
[INFO DRT-0036] metal7 guide region query size = 3.
[INFO DRT-0036] via7 guide region query size = 0.
[INFO DRT-0036] metal8 guide region query size = 0.
[INFO DRT-0036] via8 guide region query size = 0.
[INFO DRT-0036] metal9 guide region query size = 0.
[INFO DRT-0036] via9 guide region query size = 0.
[INFO DRT-0036] metal10 guide region query size = 0.
[INFO DRT-0179] Init gr pin query.
[INFO DRT-0267] cpu time = 00:00:00, elapsed time = 00:00:00, memory = 275.01 (MB), peak = 274.65 (MB)
[INFO DRT-0245] skipped writing guide updates to database.
[INFO DRT-0181] Start track assignment.
[INFO DRT-0184] Done with 7325 vertical wires in 1 frboxes and 11218 horizontal wires in 1 frboxes.
[INFO DRT-0186] Done with 2153 vertical wires in 1 frboxes and 2799 horizontal wires in 1 frboxes.
[INFO DRT-0182] Complete track assignment.
[INFO DRT-0267] cpu time = 00:00:01, elapsed time = 00:00:01, memory = 314.57 (MB), peak = 314.25 (MB)
[INFO DRT-0187] Start routing data preparation.
[INFO DRT-0267] cpu time = 00:00:00, elapsed time = 00:00:00, memory = 315.96 (MB), peak = 315.50 (MB)
[INFO DRT-0194] Start detail routing.
[INFO DRT-0195] Start 0th optimization iteration.
    Completing 10% with 0 violations.
    elapsed time = 00:00:00, memory = 369.63 (MB).
    Completing 20% with 0 violations.
    elapsed time = 00:00:04, memory = 377.06 (MB).
    Completing 30% with 107 violations.
    elapsed time = 00:00:05, memory = 418.39 (MB).
    Completing 40% with 107 violations.
    elapsed time = 00:00:06, memory = 437.82 (MB).
    Completing 50% with 107 violations.
    elapsed time = 00:00:10, memory = 403.29 (MB).
    Completing 60% with 239 violations.
    elapsed time = 00:00:11, memory = 437.00 (MB).
    Completing 70% with 239 violations.
    elapsed time = 00:00:14, memory = 438.74 (MB).
    Completing 80% with 356 violations.
    elapsed time = 00:00:18, memory = 468.04 (MB).
    Completing 90% with 356 violations.
    elapsed time = 00:00:18, memory = 468.09 (MB).
    Completing 100% with 456 violations.
    elapsed time = 00:00:21, memory = 442.15 (MB).
[INFO DRT-0199]   Number of violations = 625.
Viol/Layer      metal1 metal2 metal3 metal4   via4 metal5
Cut Spacing          0      0      0      0      2      0
Metal Spacing        0     31      5      0      0      0
Recheck              3    110     51      5      0      0
Short                0    334     71     10      0      3
[INFO DRT-0267] cpu time = 00:00:58, elapsed time = 00:00:22, memory = 960.07 (MB), peak = 959.79 (MB)
Total wire length = 38822 um.
Total wire length on LAYER metal1 = 0 um.
Total wire length on LAYER metal2 = 14366 um.
Total wire length on LAYER metal3 = 16585 um.
Total wire length on LAYER metal4 = 4287 um.
Total wire length on LAYER metal5 = 2557 um.
Total wire length on LAYER metal6 = 886 um.
Total wire length on LAYER metal7 = 140 um.
Total wire length on LAYER metal8 = 0 um.
Total wire length on LAYER metal9 = 0 um.
Total wire length on LAYER metal10 = 0 um.
Total number of vias = 18424.
Up-via summary (total 18424):

----------------
 active        0
 metal1     8182
 metal2     8749
 metal3      959
 metal4      409
 metal5      119
 metal6        6
 metal7        0
 metal8        0
 metal9        0
----------------
       18424


[INFO DRT-0195] Start 1st optimization iteration.
    Completing 10% with 625 violations.
    elapsed time = 00:00:00, memory = 966.01 (MB).
    Completing 20% with 625 violations.
    elapsed time = 00:00:02, memory = 979.36 (MB).
    Completing 30% with 538 violations.
    elapsed time = 00:00:02, memory = 979.93 (MB).
    Completing 40% with 538 violations.
    elapsed time = 00:00:04, memory = 986.02 (MB).
    Completing 50% with 538 violations.
    elapsed time = 00:00:08, memory = 991.60 (MB).
    Completing 60% with 356 violations.
    elapsed time = 00:00:09, memory = 991.60 (MB).
    Completing 70% with 356 violations.
    elapsed time = 00:00:12, memory = 991.60 (MB).
    Completing 80% with 236 violations.
    elapsed time = 00:00:15, memory = 991.60 (MB).
    Completing 90% with 236 violations.
    elapsed time = 00:00:16, memory = 993.29 (MB).
    Completing 100% with 150 violations.
    elapsed time = 00:00:18, memory = 994.58 (MB).
[INFO DRT-0199]   Number of violations = 150.
Viol/Layer      metal2 metal3
Metal Spacing       23      0
Short              111     16
[INFO DRT-0267] cpu time = 00:00:52, elapsed time = 00:00:18, memory = 994.94 (MB), peak = 994.54 (MB)
Total wire length = 38474 um.
Total wire length on LAYER metal1 = 0 um.
Total wire length on LAYER metal2 = 14169 um.
Total wire length on LAYER metal3 = 16553 um.
Total wire length on LAYER metal4 = 4226 um.
Total wire length on LAYER metal5 = 2491 um.
Total wire length on LAYER metal6 = 895 um.
Total wire length on LAYER metal7 = 137 um.
Total wire length on LAYER metal8 = 0 um.
Total wire length on LAYER metal9 = 0 um.
Total wire length on LAYER metal10 = 0 um.
Total number of vias = 18297.
Up-via summary (total 18297):

----------------
 active        0
 metal1     8196
 metal2     8639
 metal3      939
 metal4      395
 metal5      122
 metal6        6
 metal7        0
 metal8        0
 metal9        0
----------------
       18297


[INFO DRT-0195] Start 2nd optimization iteration.
    Completing 10% with 150 violations.
    elapsed time = 00:00:00, memory = 994.94 (MB).
    Completing 20% with 150 violations.
    elapsed time = 00:00:03, memory = 994.94 (MB).
    Completing 30% with 158 violations.
    elapsed time = 00:00:03, memory = 994.94 (MB).
    Completing 40% with 158 violations.
    elapsed time = 00:00:05, memory = 994.94 (MB).
    Completing 50% with 158 violations.
    elapsed time = 00:00:07, memory = 994.94 (MB).
    Completing 60% with 154 violations.
    elapsed time = 00:00:07, memory = 994.94 (MB).
    Completing 70% with 154 violations.
    elapsed time = 00:00:10, memory = 1024.41 (MB).
    Completing 80% with 136 violations.
    elapsed time = 00:00:13, memory = 994.94 (MB).
    Completing 90% with 136 violations.
    elapsed time = 00:00:14, memory = 994.94 (MB).
    Completing 100% with 136 violations.
    elapsed time = 00:00:15, memory = 994.94 (MB).
[INFO DRT-0199]   Number of violations = 136.
Viol/Layer      metal2 metal3
Metal Spacing       24      0
Short              108      4
[INFO DRT-0267] cpu time = 00:00:40, elapsed time = 00:00:15, memory = 997.90 (MB), peak = 1024.04 (MB)
Total wire length = 38372 um.
Total wire length on LAYER metal1 = 0 um.
Total wire length on LAYER metal2 = 14047 um.
Total wire length on LAYER metal3 = 16501 um.
Total wire length on LAYER metal4 = 4327 um.
Total wire length on LAYER metal5 = 2475 um.
Total wire length on LAYER metal6 = 881 um.
Total wire length on LAYER metal7 = 138 um.
Total wire length on LAYER metal8 = 0 um.
Total wire length on LAYER metal9 = 0 um.
Total wire length on LAYER metal10 = 0 um.
Total number of vias = 18199.
Up-via summary (total 18199):

----------------
 active        0
 metal1     8200
 metal2     8537
 metal3      952
 metal4      383
 metal5      121
 metal6        6
 metal7        0
 metal8        0
 metal9        0
----------------
       18199


[INFO DRT-0195] Start 3rd optimization iteration.
    Completing 10% with 136 violations.
    elapsed time = 00:00:00, memory = 997.90 (MB).
    Completing 20% with 136 violations.
    elapsed time = 00:00:01, memory = 997.90 (MB).
    Completing 30% with 95 violations.
    elapsed time = 00:00:03, memory = 1003.42 (MB).
    Completing 40% with 95 violations.
    elapsed time = 00:00:03, memory = 1003.42 (MB).
    Completing 50% with 95 violations.
    elapsed time = 00:00:06, memory = 1003.42 (MB).
    Completing 60% with 76 violations.
    elapsed time = 00:00:07, memory = 1003.42 (MB).
    Completing 70% with 76 violations.
    elapsed time = 00:00:08, memory = 1003.42 (MB).
    Completing 80% with 26 violations.
    elapsed time = 00:00:09, memory = 1003.42 (MB).
    Completing 90% with 26 violations.
    elapsed time = 00:00:09, memory = 1003.42 (MB).
    Completing 100% with 0 violations.
    elapsed time = 00:00:10, memory = 1003.42 (MB).
[INFO DRT-0199]   Number of violations = 0.
[INFO DRT-0267] cpu time = 00:00:23, elapsed time = 00:00:10, memory = 1003.42 (MB), peak = 1024.04 (MB)
Total wire length = 38373 um.
Total wire length on LAYER metal1 = 0 um.
Total wire length on LAYER metal2 = 13848 um.
Total wire length on LAYER metal3 = 16554 um.
Total wire length on LAYER metal4 = 4457 um.
Total wire length on LAYER metal5 = 2486 um.
Total wire length on LAYER metal6 = 887 um.
Total wire length on LAYER metal7 = 138 um.
Total wire length on LAYER metal8 = 0 um.
Total wire length on LAYER metal9 = 0 um.
Total wire length on LAYER metal10 = 0 um.
Total number of vias = 18315.
Up-via summary (total 18315):

----------------
 active        0
 metal1     8200
 metal2     8598
 metal3     1004
 metal4      385
 metal5      122
 metal6        6
 metal7        0
 metal8        0
 metal9        0
----------------
       18315


[INFO DRT-0198] Complete detail routing.
Total wire length = 38373 um.
Total wire length on LAYER metal1 = 0 um.
Total wire length on LAYER metal2 = 13848 um.
Total wire length on LAYER metal3 = 16554 um.
Total wire length on LAYER metal4 = 4457 um.
Total wire length on LAYER metal5 = 2486 um.
Total wire length on LAYER metal6 = 887 um.
Total wire length on LAYER metal7 = 138 um.
Total wire length on LAYER metal8 = 0 um.
Total wire length on LAYER metal9 = 0 um.
Total wire length on LAYER metal10 = 0 um.
Total number of vias = 18315.
Up-via summary (total 18315):

----------------
 active        0
 metal1     8200
 metal2     8598
 metal3     1004
 metal4      385
 metal5      122
 metal6        6
 metal7        0
 metal8        0
 metal9        0
----------------
       18315


[INFO DRT-0267] cpu time = 00:02:54, elapsed time = 00:01:08, memory = 1003.48 (MB), peak = 1024.04 (MB)

[INFO DRT-0180] Post processing.
Took 76 seconds: detailed_route -output_drc ./reports/nangate45/s9234f/phase0c_f3e7b516a_s17_k4_T_a6c6814e_7f655d61/5_route_drc.rpt -output_maze ./results/nangate45/s9234f/phase0c_f3e7b516a_s17_k4_T_a6c6814e_7f655d61/maze.log -droute_end_iter 64 -verbose 1 -drc_report_iter_step 5
[WARNING GRT-0246] No diode with LEF class CORE ANTENNACELL found.
[INFO ANT-0002] Found 0 net violations.
[INFO ANT-0001] Found 0 pin violations.
[INFO ANT-0002] Found 0 net violations.
[INFO ANT-0001] Found 0 pin violations.
Design area 3646 um^2 36% utilization.
write_db ./results/nangate45/s9234f/phase0c_f3e7b516a_s17_k4_T_a6c6814e_7f655d61/5_2_route.odb
Log                       Ext     Elapsed/s Peak Memory/MB sha1sum result [0:20)
5_2_route                 .odb           84           1024 e9107ef167788b70590d
/root/pact-deps/OpenROAD-flow-scripts/flow/scripts/flow.sh 5_3_fillcell fillcell
Running fillcell.tcl, stage 5_3_fillcell
read_liberty /root/pact-deps/OpenROAD-flow-scripts/flow/platforms/nangate45/lib/NangateOpenCellLibrary_typical.lib
read_db ./results/nangate45/s9234f/phase0c_f3e7b516a_s17_k4_T_a6c6814e_7f655d61/5_2_route.odb
read_sdc ./results/nangate45/s9234f/phase0c_f3e7b516a_s17_k4_T_a6c6814e_7f655d61/5_1_grt.sdc
source /root/pact-deps/OpenROAD-flow-scripts/flow/platforms/nangate45/setRC.tcl
filler_placement "FILLCELL_X1 FILLCELL_X2 FILLCELL_X4 FILLCELL_X8 FILLCELL_X16 FILLCELL_X32"
[INFO DPL-0001] Placed 3360 filler instances.
Design area 3646 um^2 36% utilization.
write_db ./results/nangate45/s9234f/phase0c_f3e7b516a_s17_k4_T_a6c6814e_7f655d61/5_3_fillcell.odb
Log                       Ext     Elapsed/s Peak Memory/MB sha1sum result [0:20)
5_3_fillcell              .odb            0            119 7be79c712ae8b94d0e87
cp ./results/nangate45/s9234f/phase0c_f3e7b516a_s17_k4_T_a6c6814e_7f655d61/5_3_fillcell.odb ./results/nangate45/s9234f/phase0c_f3e7b516a_s17_k4_T_a6c6814e_7f655d61/5_route.odb
cp ./results/nangate45/s9234f/phase0c_f3e7b516a_s17_k4_T_a6c6814e_7f655d61/5_1_grt.sdc ./results/nangate45/s9234f/phase0c_f3e7b516a_s17_k4_T_a6c6814e_7f655d61/5_route.sdc
