OpenROAD 26Q2-1164-g08f67ee5ec 
Features included (+) or not (-): +GPU +GUI +Python
This program is licensed under the BSD-3 license. See the LICENSE file for details.
Components of this program may be licensed under more restrictive licenses which must be honored.
[INFO ORD-0030] Using 4 thread(s).
mkdir -p ./objects/nangate45/s5378/phase0c_f3e7b516a_s17_k1_A_ff047e97_7f655d61
/root/pact-deps/OpenROAD-flow-scripts/flow/scripts/flow.sh 4_1_cts cts
Running cts.tcl, stage 4_1_cts
read_liberty /root/pact-deps/OpenROAD-flow-scripts/flow/platforms/nangate45/lib/NangateOpenCellLibrary_typical.lib
read_db ./results/nangate45/s5378/phase0c_f3e7b516a_s17_k1_A_ff047e97_7f655d61/3_place.odb
read_sdc ./results/nangate45/s5378/phase0c_f3e7b516a_s17_k1_A_ff047e97_7f655d61/3_place.sdc
source /root/pact-deps/OpenROAD-flow-scripts/flow/platforms/nangate45/setRC.tcl
clock_tree_synthesis -sink_clustering_enable -repair_clock_nets
[INFO CTS-0050] Root buffer is CLKBUF_X3.
[INFO CTS-0051] Sink buffer is CLKBUF_X3.
[INFO CTS-0052] The following clock buffers will be used for CTS:
                    CLKBUF_X3
[INFO CTS-0049] Characterization buffer is CLKBUF_X3.
[INFO CTS-0007] Net "CK" found for clock "clk".
[INFO CTS-0010]  Clock net "CK" has 179 sinks.
[INFO CTS-0008] TritonCTS found 1 clock nets.
[INFO CTS-0097] Characterization used 1 buffer(s) types.
[INFO CTS-0201] 0 blockages from hard placement blockages and placed macros will be used.
[INFO CTS-0027] Generating H-Tree topology for net CK.
[INFO CTS-0028]  Total number of sinks: 179.
[INFO CTS-0090]  Sinks will be clustered based on buffer max cap.
[INFO CTS-0030]  Number of static layers: 0.
[INFO CTS-0020]  Wire segment unit: 14000  dbu (7 um).
[INFO CTS-0023]  Original sink region: [(6905, 20600), (160045, 166200)].
[INFO CTS-0024]  Normalized sink region: [(0.493214, 1.47143), (11.4318, 11.8714)].
[INFO CTS-0025]     Width:  10.9386.
[INFO CTS-0026]     Height: 10.4000.
 Level 1
    Direction: Horizontal
    Sinks per sub-region: 90
    Sub-region size: 5.4693 X 10.4000
[INFO CTS-0034]     Segment length (rounded): 2.
 Level 2
    Direction: Vertical
    Sinks per sub-region: 45
    Sub-region size: 5.4693 X 5.2000
[INFO CTS-0034]     Segment length (rounded): 2.
 Level 3
    Direction: Horizontal
    Sinks per sub-region: 23
    Sub-region size: 2.7346 X 5.2000
[INFO CTS-0034]     Segment length (rounded): 1.
 Level 4
    Direction: Vertical
    Sinks per sub-region: 12
    Sub-region size: 2.7346 X 2.6000
[INFO CTS-0034]     Segment length (rounded): 1.
[INFO CTS-0032]  Stop criterion found. Max number of sinks is 15.
[INFO CTS-0035]  Number of sinks covered: 179.
[INFO CTS-0018]     Created 17 clock buffers.
[INFO CTS-0012]     Minimum number of buffers in the clock path: 2.
[INFO CTS-0013]     Maximum number of buffers in the clock path: 2.
[INFO CTS-0015]     Created 17 clock nets.
[INFO CTS-0016]     Fanout distribution for the current clock = 7:1, 8:2, 9:1, 10:4, 11:2, 12:2, 13:2, 16:1, 19:1..
[INFO CTS-0017]     Max level of the clock tree: 4.
[INFO CTS-0098] Clock net "CK"
[INFO CTS-0099]  Sinks 194
[INFO CTS-0100]  Leaf buffers 0
[INFO CTS-0101]  Average sink wire length 113.52 um
[INFO CTS-0102]  Path depth 2 - 2
[INFO CTS-0207]  Dummy loads inserted 15
estimate_parasitics -placement
detailed_placement
[INFO DPL-0006] Core area: 6921.05 um^2, Instances area: 2559.45 um^2, Utilization: 37.0%
[INFO DPL-0005] Diamond search max displacement: +/- 500 sites horizontally, +/- 100 rows vertically.
[INFO DPL-1101] Legalizing using diamond search.
Movements Summary
---------------------------------------
Total cells:                    1927
Diamond Move Success:           1927 (100.00%)
Diamond Move Failure:              0
Rip-up and replace Success:        0 (  0.00% of diamond failures)
Rip-up and replace Failure:        0
Total Placement Failures:          0
---------------------------------------
Placement Analysis
---------------------------------
total displacement         75.9 u
average displacement        0.0 u
max displacement            2.4 u
original HPWL           27956.0 u
legalized HPWL          27990.5 u
delta HPWL                    0 %

estimate_parasitics -placement
repair_timing -setup_margin 0 -hold_margin 0 -repair_tns 100 -verbose
[INFO RSZ-0100] Repair move sequence: UnbufferMove SizeUpMove SwapPinsMove BufferMove CloneMove SplitLoadMove 
[INFO RSZ-0098] No setup violations found
[INFO RSZ-0046] Found 91 endpoints with hold violations.
Iteration | Resized | Buffers | Cloned Gates |   Area   |   WNS   |   TNS   | Endpoint
--------------------------------------------------------------------------------------
        0 |       0 |       0 |            0 |    +0.0% |  -0.077 |  -2.059 | U_n1026gat/SI
       10 |       0 |      14 |            0 |    +0.4% |  -0.064 |  -1.458 | U_n1026gat/D
       20 |       0 |      25 |            0 |    +0.8% |  -0.057 |  -0.679 | U_n394gat/D
       30 |       0 |      31 |            0 |    +1.0% |  -0.022 |  -0.320 | U_n1026gat/SI
       40 |       0 |      34 |            0 |    +1.1% |  -0.022 |  -0.225 | U_n1026gat/SI
       50 |       0 |      37 |            0 |    +1.2% |  -0.022 |  -0.043 | U_n1026gat/SI
       60 |       0 |      38 |            0 |    +1.2% |  -0.022 |  -0.022 | U_n1026gat/SI
       70 |       0 |      38 |            0 |    +1.2% |  -0.022 |  -0.022 | U_n1026gat/SI
       80 |       0 |      38 |            0 |    +1.2% |  -0.022 |  -0.022 | U_n1026gat/SI
       90 |       0 |      38 |            0 |    +1.2% |  -0.022 |  -0.022 | U_n1026gat/SI
    final |       0 |      40 |            0 |    +1.2% |   0.002 |   0.000 | U_n703gat/D
--------------------------------------------------------------------------------------
[INFO RSZ-0032] Inserted 40 hold buffers.
detailed_placement
[INFO DPL-0006] Core area: 6921.05 um^2, Instances area: 2591.37 um^2, Utilization: 37.4%
[INFO DPL-0005] Diamond search max displacement: +/- 500 sites horizontally, +/- 100 rows vertically.
[INFO DPL-1101] Legalizing using diamond search.
Movements Summary
---------------------------------------
Total cells:                    1967
Diamond Move Success:           1967 (100.00%)
Diamond Move Failure:              0
Rip-up and replace Success:        0 (  0.00% of diamond failures)
Rip-up and replace Failure:        0
Total Placement Failures:          0
---------------------------------------
Placement Analysis
---------------------------------
total displacement         38.3 u
average displacement        0.0 u
max displacement            2.8 u
original HPWL           28230.5 u
legalized HPWL          28248.6 u
delta HPWL                    0 %

estimate_parasitics -placement
Report metrics stage 4, cts final...

==========================================================================
cts final report_design_area
--------------------------------------------------------------------------
Design area 2591 um^2 37% utilization.
write_db ./results/nangate45/s5378/phase0c_f3e7b516a_s17_k1_A_ff047e97_7f655d61/4_1_cts.odb
write_sdc -no_timestamp ./results/nangate45/s5378/phase0c_f3e7b516a_s17_k1_A_ff047e97_7f655d61/4_cts.sdc
Log                       Ext     Elapsed/s Peak Memory/MB sha1sum result [0:20)
4_1_cts                   .odb            3            148 e47cd94faabef946b129
cp ./results/nangate45/s5378/phase0c_f3e7b516a_s17_k1_A_ff047e97_7f655d61/4_1_cts.odb ./results/nangate45/s5378/phase0c_f3e7b516a_s17_k1_A_ff047e97_7f655d61/4_cts.odb
/root/pact-deps/OpenROAD-flow-scripts/flow/scripts/flow.sh 5_1_grt global_route
Running global_route.tcl, stage 5_1_grt
read_liberty /root/pact-deps/OpenROAD-flow-scripts/flow/platforms/nangate45/lib/NangateOpenCellLibrary_typical.lib
read_db ./results/nangate45/s5378/phase0c_f3e7b516a_s17_k1_A_ff047e97_7f655d61/4_cts.odb
read_sdc ./results/nangate45/s5378/phase0c_f3e7b516a_s17_k1_A_ff047e97_7f655d61/4_cts.sdc
source /root/pact-deps/OpenROAD-flow-scripts/flow/platforms/nangate45/setRC.tcl
pin_access
[INFO DRT-0149] Reading tech and libs.

Units:                2000
Number of layers:     21
Number of macros:     135
Number of vias:       33
Number of viarulegen: 19

[INFO DRT-0150] Reading design.

Design:                   s5378
Die area:                 ( 0 0 ) ( 171970 171970 )
Number of track patterns: 20
Number of DEF vias:       0
Number of components:     2085
Number of terminals:      90
Number of snets:          2
Number of nets:           1990

[INFO DRT-0167] List of default vias:
  Layer via2
    default via: via2_5
  Layer via3
    default via: via3_2
  Layer via4
    default via: via4_0
  Layer via5
    default via: via5_0
  Layer via6
    default via: via6_0
  Layer via7
    default via: via7_0
  Layer via8
    default via: via8_0
  Layer via9
    default via: via9_0
[INFO DRT-0162] Library cell analysis.
[INFO DRT-0163] Instance analysis.
[INFO DRT-0164] Number of unique instances = 34.
[INFO DRT-0168] Init region query.
[INFO DRT-0024]   Complete active.
[INFO DRT-0024]   Complete Fr_VIA.
[INFO DRT-0024]   Complete metal1.
[INFO DRT-0024]   Complete via1.
[INFO DRT-0024]   Complete metal2.
[INFO DRT-0024]   Complete via2.
[INFO DRT-0024]   Complete metal3.
[INFO DRT-0024]   Complete via3.
[INFO DRT-0024]   Complete metal4.
[INFO DRT-0024]   Complete via4.
[INFO DRT-0024]   Complete metal5.
[INFO DRT-0024]   Complete via5.
[INFO DRT-0024]   Complete metal6.
[INFO DRT-0024]   Complete via6.
[INFO DRT-0024]   Complete metal7.
[INFO DRT-0024]   Complete via7.
[INFO DRT-0024]   Complete metal8.
[INFO DRT-0024]   Complete via8.
[INFO DRT-0024]   Complete metal9.
[INFO DRT-0024]   Complete via9.
[INFO DRT-0024]   Complete metal10.
[INFO DRT-0033] active shape region query size = 0.
[INFO DRT-0033] FR_VIA shape region query size = 0.
[INFO DRT-0033] metal1 shape region query size = 29322.
[INFO DRT-0033] via1 shape region query size = 270.
[INFO DRT-0033] metal2 shape region query size = 180.
[INFO DRT-0033] via2 shape region query size = 270.
[INFO DRT-0033] metal3 shape region query size = 180.
[INFO DRT-0033] via3 shape region query size = 270.
[INFO DRT-0033] metal4 shape region query size = 102.
[INFO DRT-0033] via4 shape region query size = 90.
[INFO DRT-0033] metal5 shape region query size = 63.
[INFO DRT-0033] via5 shape region query size = 90.
[INFO DRT-0033] metal6 shape region query size = 61.
[INFO DRT-0033] via6 shape region query size = 36.
[INFO DRT-0033] metal7 shape region query size = 21.
[INFO DRT-0033] via7 shape region query size = 0.
[INFO DRT-0033] metal8 shape region query size = 0.
[INFO DRT-0033] via8 shape region query size = 0.
[INFO DRT-0033] metal9 shape region query size = 0.
[INFO DRT-0033] via9 shape region query size = 0.
[INFO DRT-0033] metal10 shape region query size = 0.
[INFO DRT-0165] Start pin access.
[INFO DRT-0078]   Complete 160 pins.
[INFO DRT-0081]   Complete 34 unique inst patterns.
[INFO DRT-0084]   Complete 1175 groups.
#scanned instances     = 2085
#unique  instances     = 34
#stdCellGenAp          = 657
#stdCellValidPlanarAp  = 0
#stdCellValidViaAp     = 526
#stdCellPinNoAp        = 0
#stdCellPinCnt         = 5889
#instTermValidViaApCnt = 0
#macroGenAp            = 0
#macroValidPlanarAp    = 0
#macroValidViaAp       = 0
#macroNoAp             = 0
[INFO DRT-0166] Complete pin access.
[INFO DRT-0267] cpu time = 00:00:13, elapsed time = 00:00:03, memory = 116.07 (MB), peak = 115.77 (MB)
set_global_routing_random -seed 17
global_route -congestion_report_file ./reports/nangate45/s5378/phase0c_f3e7b516a_s17_k1_A_ff047e97_7f655d61/congestion.rpt -congestion_iterations 30 -congestion_report_iter_step 5 -verbose
[INFO GRT-0020] Min routing layer: metal2
[INFO GRT-0021] Max routing layer: metal10
[INFO GRT-0022] Global adjustment: 0%
[INFO GRT-0023] Grid origin: (0, 0)
[INFO GRT-0088] Layer metal1  Track-Pitch = 0.1400  line-2-Via Pitch: 0.1350
[INFO GRT-0088] Layer metal2  Track-Pitch = 0.1900  line-2-Via Pitch: 0.1400
[INFO GRT-0088] Layer metal3  Track-Pitch = 0.1400  line-2-Via Pitch: 0.1400
[INFO GRT-0088] Layer metal4  Track-Pitch = 0.2800  line-2-Via Pitch: 0.2800
[INFO GRT-0088] Layer metal5  Track-Pitch = 0.2800  line-2-Via Pitch: 0.2800
[INFO GRT-0088] Layer metal6  Track-Pitch = 0.2800  line-2-Via Pitch: 0.2800
[INFO GRT-0088] Layer metal7  Track-Pitch = 0.8000  line-2-Via Pitch: 0.8000
[INFO GRT-0088] Layer metal8  Track-Pitch = 0.8000  line-2-Via Pitch: 0.8000
[INFO GRT-0088] Layer metal9  Track-Pitch = 1.6000  line-2-Via Pitch: 1.6000
[INFO GRT-0088] Layer metal10 Track-Pitch = 1.6000  line-2-Via Pitch: 1.6000
[INFO GRT-0003] Macros: 0
[INFO GRT-0004] Blockages: 0
[INFO GRT-0019] Found 18 clock nets.
[INFO GRT-0001] Minimum degree: 2
[INFO GRT-0002] Maximum degree: 59

[INFO GRT-0053] Routing resources analysis:
          Routing      Original      Derated      Resource
Layer     Direction    Resources     Resources    Reduction (%)
---------------------------------------------------------------
metal1     Horizontal          0             0          0.00%
metal2     Vertical        12818          6032          52.94%
metal3     Horizontal      17709          8695          50.90%
metal4     Vertical         8700          6148          29.33%
metal5     Horizontal       8855          6255          29.36%
metal6     Vertical         8880          6276          29.32%
metal7     Horizontal       2726          1972          27.66%
metal8     Vertical         3103          2233          28.04%
metal9     Horizontal       1537           870          43.40%
metal10    Vertical         1537           870          43.40%
---------------------------------------------------------------

[INFO GRT-0197] Via related to pin nodes: 11729
[INFO GRT-0198] Via related Steiner nodes: 243
[INFO GRT-0199] Via filling finished.
[INFO GRT-0111] Final number of vias: 15515
[INFO GRT-0112] Final usage 3D: 57280

[INFO GRT-0096] Final congestion report:
Layer         Resource        Demand        Usage (%)    Max H / Max V / Total Overflow
---------------------------------------------------------------------------------------
metal1               0             0            0.00%             0 /  0 /  0
metal2            6032          3574           59.25%             0 /  0 /  0
metal3            8695          4077           46.89%             0 /  0 /  0
metal4            6148          1518           24.69%             0 /  0 /  0
metal5            6255          1031           16.48%             0 /  0 /  0
metal6            6276           512            8.16%             0 /  0 /  0
metal7            1972             9            0.46%             0 /  0 /  0
metal8            2233             9            0.40%             0 /  0 /  0
metal9             870             5            0.57%             0 /  0 /  0
metal10            870             0            0.00%             0 /  0 /  0
---------------------------------------------------------------------------------------
Total            39351         10735           27.28%             0 /  0 /  0

[INFO GRT-0018] Total wirelength: 45366 um
[INFO GRT-0014] Routed nets: 1990
[INFO GRT-0303] Global routing runtime = 00:00:00
estimate_parasitics -global_routing
Perform buffer insertion and gate resizing...
repair_design -verbose
Iteration |   Area    | Resized | Buffers | Nets repaired | Remaining
---------------------------------------------------------------------
        0 |     +0.0% |       0 |       0 |             0 |      2184
       10 |     +0.0% |       0 |       0 |             0 |      2174
       20 |     +0.0% |       0 |       0 |             0 |      2164
       30 |     +0.0% |       0 |       0 |             0 |      2154
       40 |     +0.0% |       0 |       0 |             0 |      2144
       50 |     +0.0% |       0 |       0 |             0 |      2134
       60 |     +0.0% |       0 |       0 |             0 |      2124
       70 |     +0.0% |       0 |       0 |             0 |      2114
       80 |     +0.0% |       0 |       0 |             0 |      2104
       90 |     +0.0% |       0 |       0 |             0 |      2094
      100 |     +0.0% |       0 |       0 |             0 |      2084
      110 |     +0.0% |       0 |       0 |             0 |      2074
      120 |     +0.0% |       0 |       0 |             0 |      2064
      130 |     +0.0% |       0 |       0 |             0 |      2054
      140 |     +0.0% |       0 |       0 |             0 |      2044
      150 |     +0.0% |       0 |       0 |             0 |      2034
      160 |     +0.0% |       0 |       0 |             0 |      2024
      170 |     +0.0% |       0 |       0 |             0 |      2014
      180 |     +0.0% |       0 |       0 |             0 |      2004
      190 |     +0.0% |       0 |       0 |             0 |      1994
      200 |     +0.0% |       0 |       0 |             0 |      1984
      210 |     +0.0% |       0 |       0 |             0 |      1974
      220 |     +0.0% |       0 |       0 |             0 |      1964
      230 |     +0.0% |       0 |       0 |             0 |      1954
      240 |     +0.0% |       0 |       0 |             0 |      1944
      250 |     +0.0% |       0 |       0 |             0 |      1934
      260 |     +0.0% |       0 |       0 |             0 |      1924
      270 |     +0.0% |       0 |       0 |             0 |      1914
      280 |     +0.0% |       0 |       0 |             0 |      1904
      290 |     +0.0% |       0 |       0 |             0 |      1894
      300 |     +0.0% |       0 |       0 |             0 |      1884
      310 |     +0.0% |       0 |       0 |             0 |      1874
      320 |     +0.0% |       0 |       0 |             0 |      1864
      330 |     +0.0% |       0 |       0 |             0 |      1854
      340 |     +0.0% |       0 |       0 |             0 |      1844
      350 |     +0.0% |       0 |       0 |             0 |      1834
      360 |     +0.0% |       0 |       0 |             0 |      1824
      370 |     +0.0% |       0 |       0 |             0 |      1814
      380 |     +0.0% |       0 |       0 |             0 |      1804
      390 |     +0.0% |       0 |       0 |             0 |      1794
      400 |     +0.0% |       0 |       0 |             0 |      1784
      410 |     +0.0% |       0 |       0 |             0 |      1774
      420 |     +0.0% |       0 |       0 |             0 |      1764
      430 |     +0.0% |       0 |       0 |             0 |      1754
      440 |     +0.0% |       0 |       0 |             0 |      1744
      450 |     +0.0% |       0 |       0 |             0 |      1734
      460 |     +0.0% |       0 |       0 |             0 |      1724
      470 |     +0.0% |       0 |       0 |             0 |      1714
      480 |     +0.0% |       0 |       0 |             0 |      1704
      490 |     +0.0% |       0 |       0 |             0 |      1694
      500 |     +0.0% |       0 |       0 |             0 |      1684
      510 |     +0.0% |       0 |       0 |             0 |      1674
      520 |     +0.0% |       0 |       0 |             0 |      1664
      530 |     +0.0% |       0 |       0 |             0 |      1654
      540 |     +0.0% |       0 |       0 |             0 |      1644
      550 |     +0.0% |       0 |       0 |             0 |      1634
      560 |     +0.0% |       0 |       0 |             0 |      1624
      570 |     +0.0% |       0 |       0 |             0 |      1614
      580 |     +0.0% |       0 |       0 |             0 |      1604
      590 |     +0.0% |       0 |       0 |             0 |      1594
      600 |     +0.0% |       0 |       0 |             0 |      1584
      610 |     +0.0% |       0 |       0 |             0 |      1574
      620 |     +0.0% |       0 |       0 |             0 |      1564
      630 |     +0.0% |       0 |       0 |             0 |      1554
      640 |     +0.0% |       0 |       0 |             0 |      1544
      650 |     +0.0% |       0 |       0 |             0 |      1534
      660 |     +0.0% |       0 |       0 |             0 |      1524
      670 |     +0.0% |       0 |       0 |             0 |      1514
      680 |     +0.0% |       0 |       0 |             0 |      1504
      690 |     +0.0% |       0 |       0 |             0 |      1494
      700 |     +0.0% |       0 |       0 |             0 |      1484
      710 |     +0.0% |       0 |       0 |             0 |      1474
      720 |     +0.0% |       0 |       0 |             0 |      1464
      730 |     +0.0% |       0 |       0 |             0 |      1454
      740 |     +0.0% |       0 |       0 |             0 |      1444
      750 |     +0.0% |       0 |       0 |             0 |      1434
      760 |     +0.0% |       0 |       0 |             0 |      1424
      770 |     +0.0% |       0 |       0 |             0 |      1414
      780 |     +0.0% |       0 |       0 |             0 |      1404
      790 |     +0.0% |       0 |       0 |             0 |      1394
      800 |     +0.0% |       0 |       0 |             0 |      1384
      810 |     +0.0% |       0 |       0 |             0 |      1374
      820 |     +0.0% |       0 |       0 |             0 |      1364
      830 |     +0.0% |       0 |       0 |             0 |      1354
      840 |     +0.0% |       0 |       0 |             0 |      1344
      850 |     +0.0% |       0 |       0 |             0 |      1334
      860 |     +0.0% |       0 |       0 |             0 |      1324
      870 |     +0.0% |       0 |       0 |             0 |      1314
      880 |     +0.0% |       0 |       0 |             0 |      1304
      890 |     +0.0% |       0 |       0 |             0 |      1294
      900 |     +0.0% |       0 |       0 |             0 |      1284
      910 |     +0.0% |       0 |       0 |             0 |      1274
      920 |     +0.0% |       0 |       0 |             0 |      1264
      930 |     +0.0% |       0 |       0 |             0 |      1254
      940 |     +0.0% |       0 |       0 |             0 |      1244
      950 |     +0.0% |       0 |       0 |             0 |      1234
      960 |     +0.0% |       0 |       0 |             0 |      1224
      970 |     +0.0% |       0 |       0 |             0 |      1214
      980 |     +0.0% |       0 |       0 |             0 |      1204
      990 |     +0.0% |       0 |       0 |             0 |      1194
     1000 |     +0.0% |       0 |       0 |             0 |      1184
     1010 |     +0.0% |       0 |       0 |             0 |      1174
     1020 |     +0.0% |       0 |       0 |             0 |      1164
     1030 |     +0.0% |       0 |       0 |             0 |      1154
     1040 |     +0.0% |       0 |       0 |             0 |      1144
     1050 |     +0.0% |       0 |       0 |             0 |      1134
     1060 |     +0.0% |       0 |       0 |             0 |      1124
     1070 |     +0.0% |       0 |       0 |             0 |      1114
     1080 |     +0.0% |       0 |       0 |             0 |      1104
     1090 |     +0.0% |       0 |       0 |             0 |      1094
     1100 |     +0.0% |       0 |       0 |             0 |      1084
     1110 |     +0.0% |       0 |       0 |             0 |      1074
     1120 |     +0.0% |       0 |       0 |             0 |      1064
     1130 |     +0.0% |       0 |       0 |             0 |      1054
     1140 |     +0.0% |       0 |       0 |             0 |      1044
     1150 |     +0.0% |       0 |       0 |             0 |      1034
     1160 |     +0.0% |       0 |       0 |             0 |      1024
     1170 |     +0.0% |       0 |       0 |             0 |      1014
     1180 |     +0.0% |       0 |       0 |             0 |      1004
     1190 |     +0.0% |       0 |       0 |             0 |       994
     1200 |     +0.0% |       0 |       0 |             0 |       984
     1210 |     +0.0% |       0 |       0 |             0 |       974
     1220 |     +0.0% |       0 |       0 |             0 |       964
     1230 |     +0.0% |       0 |       0 |             0 |       954
     1240 |     +0.0% |       0 |       0 |             0 |       944
     1250 |     +0.0% |       0 |       0 |             0 |       934
     1260 |     +0.0% |       0 |       0 |             0 |       924
     1270 |     +0.0% |       0 |       0 |             0 |       914
     1280 |     +0.0% |       0 |       0 |             0 |       904
     1290 |     +0.0% |       0 |       0 |             0 |       894
     1300 |     +0.0% |       0 |       0 |             0 |       884
     1310 |     +0.0% |       0 |       0 |             0 |       874
     1320 |     +0.0% |       0 |       0 |             0 |       864
     1330 |     +0.0% |       0 |       0 |             0 |       854
     1340 |     +0.0% |       0 |       0 |             0 |       844
     1350 |     +0.0% |       0 |       0 |             0 |       834
     1360 |     +0.0% |       0 |       0 |             0 |       824
     1370 |     +0.0% |       0 |       0 |             0 |       814
     1380 |     +0.0% |       0 |       0 |             0 |       804
     1390 |     +0.0% |       0 |       0 |             0 |       794
     1400 |     +0.0% |       0 |       0 |             0 |       784
     1410 |     +0.0% |       0 |       0 |             0 |       774
     1420 |     +0.0% |       0 |       0 |             0 |       764
     1430 |     +0.0% |       0 |       0 |             0 |       754
     1440 |     +0.0% |       0 |       0 |             0 |       744
     1450 |     +0.0% |       0 |       0 |             0 |       734
     1460 |     +0.0% |       0 |       0 |             0 |       724
     1470 |     +0.0% |       0 |       0 |             0 |       714
     1480 |     +0.0% |       0 |       0 |             0 |       704
     1490 |     +0.0% |       0 |       0 |             0 |       694
     1500 |     +0.0% |       0 |       0 |             0 |       684
     1510 |     +0.0% |       0 |       0 |             0 |       674
     1520 |     +0.0% |       0 |       0 |             0 |       664
     1530 |     +0.0% |       0 |       0 |             0 |       654
     1540 |     +0.0% |       0 |       0 |             0 |       644
     1550 |     +0.0% |       0 |       0 |             0 |       634
     1560 |     +0.0% |       0 |       0 |             0 |       624
     1570 |     +0.0% |       0 |       0 |             0 |       614
     1580 |     +0.0% |       0 |       0 |             0 |       604
     1590 |     +0.0% |       0 |       0 |             0 |       594
     1600 |     +0.0% |       0 |       0 |             0 |       584
     1610 |     +0.0% |       0 |       0 |             0 |       574
     1620 |     +0.0% |       0 |       0 |             0 |       564
     1630 |     +0.0% |       0 |       0 |             0 |       554
     1640 |     +0.0% |       0 |       0 |             0 |       544
     1650 |     +0.0% |       0 |       0 |             0 |       534
     1660 |     +0.0% |       0 |       0 |             0 |       524
     1670 |     +0.0% |       0 |       0 |             0 |       514
     1680 |     +0.0% |       0 |       0 |             0 |       504
     1690 |     +0.0% |       0 |       0 |             0 |       494
     1700 |     +0.0% |       0 |       0 |             0 |       484
     1710 |     +0.0% |       0 |       0 |             0 |       474
     1720 |     +0.0% |       0 |       0 |             0 |       464
     1730 |     +0.0% |       0 |       0 |             0 |       454
     1740 |     +0.0% |       0 |       0 |             0 |       444
     1750 |     +0.0% |       0 |       0 |             0 |       434
     1760 |     +0.0% |       0 |       0 |             0 |       424
     1770 |     +0.0% |       0 |       0 |             0 |       414
     1780 |     +0.0% |       0 |       0 |             0 |       404
     1790 |     +0.0% |       0 |       0 |             0 |       394
     1800 |     +0.0% |       0 |       0 |             0 |       384
     1810 |     +0.0% |       0 |       0 |             0 |       374
     1820 |     +0.0% |       0 |       0 |             0 |       364
     1830 |     +0.0% |       0 |       0 |             0 |       354
     1840 |     +0.0% |       0 |       0 |             0 |       344
     1850 |     +0.0% |       0 |       0 |             0 |       334
     1860 |     +0.0% |       0 |       0 |             0 |       324
     1870 |     +0.0% |       0 |       0 |             0 |       314
     1880 |     +0.0% |       0 |       0 |             0 |       304
     1890 |     +0.0% |       0 |       0 |             0 |       294
     1900 |     +0.0% |       0 |       0 |             0 |       284
     1910 |     +0.0% |       0 |       0 |             0 |       274
     1920 |     +0.0% |       0 |       0 |             0 |       264
     1930 |     +0.0% |       0 |       0 |             0 |       254
     1940 |     +0.0% |       0 |       0 |             0 |       244
     1950 |     +0.0% |       0 |       0 |             0 |       234
     1960 |     +0.0% |       0 |       0 |             0 |       224
     1970 |     +0.0% |       0 |       0 |             0 |       214
     1980 |     +0.0% |       0 |       0 |             0 |       204
     1990 |     +0.0% |       0 |       0 |             0 |       194
     2000 |     +0.0% |       0 |       0 |             0 |       184
     2010 |     +0.0% |       0 |       0 |             0 |       174
     2020 |     +0.0% |       0 |       0 |             0 |       164
     2030 |     +0.0% |       0 |       0 |             0 |       154
     2040 |     +0.0% |       0 |       0 |             0 |       144
     2050 |     +0.0% |       0 |       0 |             0 |       134
     2060 |     +0.0% |       0 |       0 |             0 |       124
     2070 |     +0.0% |       0 |       0 |             0 |       114
     2080 |     +0.0% |       0 |       0 |             0 |       104
     2090 |     +0.0% |       0 |       0 |             0 |        94
     2100 |     +0.0% |       0 |       0 |             0 |        84
     2110 |     +0.0% |       0 |       0 |             0 |        74
     2120 |     +0.0% |       0 |       0 |             0 |        64
     2130 |     +0.0% |       0 |       0 |             0 |        54
     2140 |     +0.0% |       0 |       0 |             0 |        44
     2150 |     +0.0% |       0 |       0 |             0 |        34
     2160 |     +0.0% |       0 |       0 |             0 |        24
     2170 |     +0.0% |       0 |       0 |             0 |        14
     2180 |     +0.0% |       0 |       0 |             0 |         4
    final |     +0.0% |       0 |       0 |             0 |         0
---------------------------------------------------------------------
global_route -start_incremental
detailed_placement
[INFO DPL-0006] Core area: 6921.05 um^2, Instances area: 2591.37 um^2, Utilization: 37.4%
[INFO DPL-0005] Diamond search max displacement: +/- 500 sites horizontally, +/- 100 rows vertically.
[INFO DPL-1101] Legalizing using diamond search.
Movements Summary
---------------------------------------
Total cells:                    1967
Diamond Move Success:           1967 (100.00%)
Diamond Move Failure:              0
Rip-up and replace Success:        0 (  0.00% of diamond failures)
Rip-up and replace Failure:        0
Total Placement Failures:          0
---------------------------------------
Placement Analysis
---------------------------------
total displacement          0.0 u
average displacement        0.0 u
max displacement            0.0 u
original HPWL           28248.6 u
legalized HPWL          28248.6 u
delta HPWL                    0 %

global_route -end_incremental -congestion_report_file ./reports/nangate45/s5378/phase0c_f3e7b516a_s17_k1_A_ff047e97_7f655d61/congestion_post_repair_design.rpt
Repair setup and hold violations...
estimate_parasitics -global_routing
repair_timing -setup_margin 0 -hold_margin 0 -repair_tns 100 -verbose
[INFO RSZ-0100] Repair move sequence: UnbufferMove SizeUpMove SwapPinsMove BufferMove CloneMove SplitLoadMove 
[INFO RSZ-0098] No setup violations found
[INFO RSZ-0033] No hold violations found.
global_route -start_incremental
detailed_placement
[INFO DPL-0006] Core area: 6921.05 um^2, Instances area: 2591.37 um^2, Utilization: 37.4%
[INFO DPL-0005] Diamond search max displacement: +/- 500 sites horizontally, +/- 100 rows vertically.
[INFO DPL-1101] Legalizing using diamond search.
Movements Summary
---------------------------------------
Total cells:                    1967
Diamond Move Success:           1967 (100.00%)
Diamond Move Failure:              0
Rip-up and replace Success:        0 (  0.00% of diamond failures)
Rip-up and replace Failure:        0
Total Placement Failures:          0
---------------------------------------
Placement Analysis
---------------------------------
total displacement          0.0 u
average displacement        0.0 u
max displacement            0.0 u
original HPWL           28248.6 u
legalized HPWL          28248.6 u
delta HPWL                    0 %

check_placement -verbose
global_route -end_incremental -congestion_report_file ./reports/nangate45/s5378/phase0c_f3e7b516a_s17_k1_A_ff047e97_7f655d61/congestion_post_repair_timing.rpt
estimate_parasitics -global_routing
global_route -start_incremental
global_route -end_incremental -congestion_report_file ./reports/nangate45/s5378/phase0c_f3e7b516a_s17_k1_A_ff047e97_7f655d61/congestion_post_recover_power.rpt
Repair antennas...
[WARNING GRT-0246] No diode with LEF class CORE ANTENNACELL found.
[INFO ANT-0002] Found 0 net violations.
[INFO ANT-0001] Found 0 pin violations.
Estimate parasitics...
estimate_parasitics -global_routing
Report metrics stage 5, global route...

==========================================================================
global route report_design_area
--------------------------------------------------------------------------
Design area 2591 um^2 37% utilization.
[INFO FLW-0007] clock clk period 10.000000
[INFO FLW-0008] Clock clk period 0.855
[INFO FLW-0009] Clock clk slack 9.100
write_sdc -no_timestamp ./results/nangate45/s5378/phase0c_f3e7b516a_s17_k1_A_ff047e97_7f655d61/updated_clks.sdc
[INFO FLW-0011] Path endpoint path count 781
write_db ./results/nangate45/s5378/phase0c_f3e7b516a_s17_k1_A_ff047e97_7f655d61/5_1_grt.odb
write_sdc -no_timestamp ./results/nangate45/s5378/phase0c_f3e7b516a_s17_k1_A_ff047e97_7f655d61/5_1_grt.sdc
Log                       Ext     Elapsed/s Peak Memory/MB sha1sum result [0:20)
5_1_grt                   .odb            7            303 8814631f524a8edcb852
5_1_grt                   .sdc                             dc3b136b356fec3f3ef5
/root/pact-deps/OpenROAD-flow-scripts/flow/scripts/flow.sh 5_2_route detail_route
Running detail_route.tcl, stage 5_2_route
read_liberty /root/pact-deps/OpenROAD-flow-scripts/flow/platforms/nangate45/lib/NangateOpenCellLibrary_typical.lib
read_db ./results/nangate45/s5378/phase0c_f3e7b516a_s17_k1_A_ff047e97_7f655d61/5_1_grt.odb
read_sdc ./results/nangate45/s5378/phase0c_f3e7b516a_s17_k1_A_ff047e97_7f655d61/5_1_grt.sdc
source /root/pact-deps/OpenROAD-flow-scripts/flow/platforms/nangate45/setRC.tcl
detailed_route -output_drc ./reports/nangate45/s5378/phase0c_f3e7b516a_s17_k1_A_ff047e97_7f655d61/5_route_drc.rpt -output_maze ./results/nangate45/s5378/phase0c_f3e7b516a_s17_k1_A_ff047e97_7f655d61/maze.log -droute_end_iter 64 -verbose 1 -drc_report_iter_step 5
[INFO DRT-0149] Reading tech and libs.

Units:                2000
Number of layers:     21
Number of macros:     135
Number of vias:       33
Number of viarulegen: 19

[INFO DRT-0150] Reading design.

Design:                   s5378
Die area:                 ( 0 0 ) ( 171970 171970 )
Number of track patterns: 20
Number of DEF vias:       0
Number of components:     2085
Number of terminals:      90
Number of snets:          2
Number of nets:           1990

[INFO DRT-0167] List of default vias:
  Layer via2
    default via: via2_5
  Layer via3
    default via: via3_2
  Layer via4
    default via: via4_0
  Layer via5
    default via: via5_0
  Layer via6
    default via: via6_0
  Layer via7
    default via: via7_0
  Layer via8
    default via: via8_0
  Layer via9
    default via: via9_0
[INFO DRT-0162] Library cell analysis.
[INFO DRT-0163] Instance analysis.
[INFO DRT-0164] Number of unique instances = 34.
[INFO DRT-0168] Init region query.
[INFO DRT-0024]   Complete active.
[INFO DRT-0024]   Complete Fr_VIA.
[INFO DRT-0024]   Complete metal1.
[INFO DRT-0024]   Complete via1.
[INFO DRT-0024]   Complete metal2.
[INFO DRT-0024]   Complete via2.
[INFO DRT-0024]   Complete metal3.
[INFO DRT-0024]   Complete via3.
[INFO DRT-0024]   Complete metal4.
[INFO DRT-0024]   Complete via4.
[INFO DRT-0024]   Complete metal5.
[INFO DRT-0024]   Complete via5.
[INFO DRT-0024]   Complete metal6.
[INFO DRT-0024]   Complete via6.
[INFO DRT-0024]   Complete metal7.
[INFO DRT-0024]   Complete via7.
[INFO DRT-0024]   Complete metal8.
[INFO DRT-0024]   Complete via8.
[INFO DRT-0024]   Complete metal9.
[INFO DRT-0024]   Complete via9.
[INFO DRT-0024]   Complete metal10.
[INFO DRT-0033] active shape region query size = 0.
[INFO DRT-0033] FR_VIA shape region query size = 0.
[INFO DRT-0033] metal1 shape region query size = 29322.
[INFO DRT-0033] via1 shape region query size = 270.
[INFO DRT-0033] metal2 shape region query size = 180.
[INFO DRT-0033] via2 shape region query size = 270.
[INFO DRT-0033] metal3 shape region query size = 180.
[INFO DRT-0033] via3 shape region query size = 270.
[INFO DRT-0033] metal4 shape region query size = 102.
[INFO DRT-0033] via4 shape region query size = 90.
[INFO DRT-0033] metal5 shape region query size = 63.
[INFO DRT-0033] via5 shape region query size = 90.
[INFO DRT-0033] metal6 shape region query size = 61.
[INFO DRT-0033] via6 shape region query size = 36.
[INFO DRT-0033] metal7 shape region query size = 21.
[INFO DRT-0033] via7 shape region query size = 0.
[INFO DRT-0033] metal8 shape region query size = 0.
[INFO DRT-0033] via8 shape region query size = 0.
[INFO DRT-0033] metal9 shape region query size = 0.
[INFO DRT-0033] via9 shape region query size = 0.
[INFO DRT-0033] metal10 shape region query size = 0.
[INFO DRT-0165] Start pin access.
[INFO DRT-0078]   Complete 160 pins.
[INFO DRT-0081]   Complete 34 unique inst patterns.
[INFO DRT-0084]   Complete 1175 groups.
#scanned instances     = 2085
#unique  instances     = 34
#stdCellGenAp          = 657
#stdCellValidPlanarAp  = 0
#stdCellValidViaAp     = 526
#stdCellPinNoAp        = 0
#stdCellPinCnt         = 5889
#instTermValidViaApCnt = 0
#macroGenAp            = 0
#macroValidPlanarAp    = 0
#macroValidViaAp       = 0
#macroNoAp             = 0
[INFO DRT-0166] Complete pin access.
[INFO DRT-0267] cpu time = 00:00:13, elapsed time = 00:00:03, memory = 262.09 (MB), peak = 261.56 (MB)

[INFO DRT-0157] Number of guides:     17008

[INFO DRT-0169] Post process guides.
[INFO DRT-0176] GCELLGRID X 0 DO 30 STEP 5700 ;
[INFO DRT-0177] GCELLGRID Y 0 DO 30 STEP 5700 ;
[INFO DRT-0028]   Complete active.
[INFO DRT-0028]   Complete Fr_VIA.
[INFO DRT-0028]   Complete metal1.
[INFO DRT-0028]   Complete via1.
[INFO DRT-0028]   Complete metal2.
[INFO DRT-0028]   Complete via2.
[INFO DRT-0028]   Complete metal3.
[INFO DRT-0028]   Complete via3.
[INFO DRT-0028]   Complete metal4.
[INFO DRT-0028]   Complete via4.
[INFO DRT-0028]   Complete metal5.
[INFO DRT-0028]   Complete via5.
[INFO DRT-0028]   Complete metal6.
[INFO DRT-0028]   Complete via6.
[INFO DRT-0028]   Complete metal7.
[INFO DRT-0028]   Complete via7.
[INFO DRT-0028]   Complete metal8.
[INFO DRT-0028]   Complete via8.
[INFO DRT-0028]   Complete metal9.
[INFO DRT-0028]   Complete via9.
[INFO DRT-0028]   Complete metal10.
[INFO DRT-0178] Init guide query.
[INFO DRT-0035]   Complete active (guide).
[INFO DRT-0035]   Complete Fr_VIA (guide).
[INFO DRT-0035]   Complete metal1 (guide).
[INFO DRT-0035]   Complete via1 (guide).
[INFO DRT-0035]   Complete metal2 (guide).
[INFO DRT-0035]   Complete via2 (guide).
[INFO DRT-0035]   Complete metal3 (guide).
[INFO DRT-0035]   Complete via3 (guide).
[INFO DRT-0035]   Complete metal4 (guide).
[INFO DRT-0035]   Complete via4 (guide).
[INFO DRT-0035]   Complete metal5 (guide).
[INFO DRT-0035]   Complete via5 (guide).
[INFO DRT-0035]   Complete metal6 (guide).
[INFO DRT-0035]   Complete via6 (guide).
[INFO DRT-0035]   Complete metal7 (guide).
[INFO DRT-0035]   Complete via7 (guide).
[INFO DRT-0035]   Complete metal8 (guide).
[INFO DRT-0035]   Complete via8 (guide).
[INFO DRT-0035]   Complete metal9 (guide).
[INFO DRT-0035]   Complete via9 (guide).
[INFO DRT-0035]   Complete metal10 (guide).
[INFO DRT-0036] active guide region query size = 0.
[INFO DRT-0036] FR_VIA guide region query size = 0.
[INFO DRT-0036] metal1 guide region query size = 5283.
[INFO DRT-0036] via1 guide region query size = 0.
[INFO DRT-0036] metal2 guide region query size = 4891.
[INFO DRT-0036] via2 guide region query size = 0.
[INFO DRT-0036] metal3 guide region query size = 2899.
[INFO DRT-0036] via3 guide region query size = 0.
[INFO DRT-0036] metal4 guide region query size = 635.
[INFO DRT-0036] via4 guide region query size = 0.
[INFO DRT-0036] metal5 guide region query size = 301.
[INFO DRT-0036] via5 guide region query size = 0.
[INFO DRT-0036] metal6 guide region query size = 100.
[INFO DRT-0036] via6 guide region query size = 0.
[INFO DRT-0036] metal7 guide region query size = 3.
[INFO DRT-0036] via7 guide region query size = 0.
[INFO DRT-0036] metal8 guide region query size = 2.
[INFO DRT-0036] via8 guide region query size = 0.
[INFO DRT-0036] metal9 guide region query size = 1.
[INFO DRT-0036] via9 guide region query size = 0.
[INFO DRT-0036] metal10 guide region query size = 0.
[INFO DRT-0179] Init gr pin query.
[INFO DRT-0267] cpu time = 00:00:00, elapsed time = 00:00:00, memory = 268.14 (MB), peak = 267.74 (MB)
[INFO DRT-0245] skipped writing guide updates to database.
[INFO DRT-0181] Start track assignment.
[INFO DRT-0184] Done with 5628 vertical wires in 1 frboxes and 8487 horizontal wires in 1 frboxes.
[INFO DRT-0186] Done with 1704 vertical wires in 1 frboxes and 1811 horizontal wires in 1 frboxes.
[INFO DRT-0182] Complete track assignment.
[INFO DRT-0267] cpu time = 00:00:01, elapsed time = 00:00:01, memory = 300.39 (MB), peak = 299.96 (MB)
[INFO DRT-0187] Start routing data preparation.
[INFO DRT-0267] cpu time = 00:00:00, elapsed time = 00:00:00, memory = 301.79 (MB), peak = 301.35 (MB)
[INFO DRT-0194] Start detail routing.
[INFO DRT-0195] Start 0th optimization iteration.
    Completing 10% with 0 violations.
    elapsed time = 00:00:00, memory = 342.43 (MB).
    Completing 20% with 0 violations.
    elapsed time = 00:00:00, memory = 351.62 (MB).
    Completing 30% with 0 violations.
    elapsed time = 00:00:02, memory = 340.88 (MB).
    Completing 40% with 87 violations.
    elapsed time = 00:00:04, memory = 383.43 (MB).
    Completing 50% with 87 violations.
    elapsed time = 00:00:05, memory = 370.20 (MB).
    Completing 60% with 87 violations.
    elapsed time = 00:00:08, memory = 339.91 (MB).
    Completing 70% with 164 violations.
    elapsed time = 00:00:09, memory = 393.98 (MB).
    Completing 80% with 164 violations.
    elapsed time = 00:00:10, memory = 378.72 (MB).
    Completing 90% with 272 violations.
    elapsed time = 00:00:14, memory = 416.07 (MB).
    Completing 100% with 357 violations.
    elapsed time = 00:00:14, memory = 375.51 (MB).
[INFO DRT-0199]   Number of violations = 472.
Viol/Layer      metal1   via1 metal2   via2 metal3 metal4 metal5
Metal Spacing        0      0     29      0      5      4      2
Recheck              1      0     63      0     45      1      5
Short                0      1    251      1     42     12     10
[INFO DRT-0267] cpu time = 00:00:40, elapsed time = 00:00:15, memory = 911.10 (MB), peak = 910.77 (MB)
Total wire length = 31494 um.
Total wire length on LAYER metal1 = 0 um.
Total wire length on LAYER metal2 = 10810 um.
Total wire length on LAYER metal3 = 12349 um.
Total wire length on LAYER metal4 = 4168 um.
Total wire length on LAYER metal5 = 2657 um.
Total wire length on LAYER metal6 = 1468 um.
Total wire length on LAYER metal7 = 0 um.
Total wire length on LAYER metal8 = 25 um.
Total wire length on LAYER metal9 = 15 um.
Total wire length on LAYER metal10 = 0 um.
Total number of vias = 13900.
Up-via summary (total 13900):

----------------
 active        0
 metal1     5925
 metal2     6586
 metal3      846
 metal4      387
 metal5      148
 metal6        4
 metal7        2
 metal8        2
 metal9        0
----------------
       13900


[INFO DRT-0195] Start 1st optimization iteration.
    Completing 10% with 472 violations.
    elapsed time = 00:00:00, memory = 933.68 (MB).
    Completing 20% with 472 violations.
    elapsed time = 00:00:00, memory = 934.11 (MB).
    Completing 30% with 472 violations.
    elapsed time = 00:00:02, memory = 934.11 (MB).
    Completing 40% with 417 violations.
    elapsed time = 00:00:04, memory = 944.48 (MB).
    Completing 50% with 417 violations.
    elapsed time = 00:00:05, memory = 944.48 (MB).
    Completing 60% with 417 violations.
    elapsed time = 00:00:09, memory = 930.76 (MB).
    Completing 70% with 338 violations.
    elapsed time = 00:00:09, memory = 957.70 (MB).
    Completing 80% with 338 violations.
    elapsed time = 00:00:13, memory = 933.71 (MB).
    Completing 90% with 263 violations.
    elapsed time = 00:00:17, memory = 951.30 (MB).
    Completing 100% with 140 violations.
    elapsed time = 00:00:18, memory = 954.80 (MB).
[INFO DRT-0199]   Number of violations = 140.
Viol/Layer        via1 metal2   via2 metal3
Cut Spacing          1      0      2      0
Metal Spacing        0     22      0      2
Short                0     99      0     14
[INFO DRT-0267] cpu time = 00:00:39, elapsed time = 00:00:18, memory = 957.80 (MB), peak = 958.75 (MB)
Total wire length = 31274 um.
Total wire length on LAYER metal1 = 0 um.
Total wire length on LAYER metal2 = 10701 um.
Total wire length on LAYER metal3 = 12295 um.
Total wire length on LAYER metal4 = 4138 um.
Total wire length on LAYER metal5 = 2612 um.
Total wire length on LAYER metal6 = 1486 um.
Total wire length on LAYER metal7 = 0 um.
Total wire length on LAYER metal8 = 25 um.
Total wire length on LAYER metal9 = 15 um.
Total wire length on LAYER metal10 = 0 um.
Total number of vias = 13713.
Up-via summary (total 13713):

----------------
 active        0
 metal1     5928
 metal2     6415
 metal3      840
 metal4      374
 metal5      150
 metal6        2
 metal7        2
 metal8        2
 metal9        0
----------------
       13713


[INFO DRT-0195] Start 2nd optimization iteration.
    Completing 10% with 140 violations.
    elapsed time = 00:00:00, memory = 957.80 (MB).
    Completing 20% with 140 violations.
    elapsed time = 00:00:00, memory = 957.80 (MB).
    Completing 30% with 140 violations.
    elapsed time = 00:00:02, memory = 964.57 (MB).
    Completing 40% with 137 violations.
    elapsed time = 00:00:04, memory = 968.61 (MB).
    Completing 50% with 137 violations.
    elapsed time = 00:00:05, memory = 968.61 (MB).
    Completing 60% with 137 violations.
    elapsed time = 00:00:06, memory = 973.96 (MB).
    Completing 70% with 146 violations.
    elapsed time = 00:00:06, memory = 973.96 (MB).
    Completing 80% with 146 violations.
    elapsed time = 00:00:11, memory = 973.96 (MB).
    Completing 90% with 156 violations.
    elapsed time = 00:00:14, memory = 973.96 (MB).
    Completing 100% with 108 violations.
    elapsed time = 00:00:14, memory = 973.96 (MB).
[INFO DRT-0199]   Number of violations = 108.
Viol/Layer      metal2 metal3
Metal Spacing       16      1
Short               85      6
[INFO DRT-0267] cpu time = 00:00:34, elapsed time = 00:00:14, memory = 973.96 (MB), peak = 973.68 (MB)
Total wire length = 31216 um.
Total wire length on LAYER metal1 = 0 um.
Total wire length on LAYER metal2 = 10655 um.
Total wire length on LAYER metal3 = 12276 um.
Total wire length on LAYER metal4 = 4157 um.
Total wire length on LAYER metal5 = 2611 um.
Total wire length on LAYER metal6 = 1474 um.
Total wire length on LAYER metal7 = 0 um.
Total wire length on LAYER metal8 = 25 um.
Total wire length on LAYER metal9 = 15 um.
Total wire length on LAYER metal10 = 0 um.
Total number of vias = 13653.
Up-via summary (total 13653):

----------------
 active        0
 metal1     5922
 metal2     6364
 metal3      841
 metal4      369
 metal5      151
 metal6        2
 metal7        2
 metal8        2
 metal9        0
----------------
       13653


[INFO DRT-0195] Start 3rd optimization iteration.
    Completing 10% with 108 violations.
    elapsed time = 00:00:00, memory = 973.96 (MB).
    Completing 20% with 108 violations.
    elapsed time = 00:00:00, memory = 973.96 (MB).
    Completing 30% with 108 violations.
    elapsed time = 00:00:00, memory = 973.96 (MB).
    Completing 40% with 88 violations.
    elapsed time = 00:00:02, memory = 973.96 (MB).
    Completing 50% with 88 violations.
    elapsed time = 00:00:02, memory = 973.96 (MB).
    Completing 60% with 88 violations.
    elapsed time = 00:00:06, memory = 979.99 (MB).
    Completing 70% with 52 violations.
    elapsed time = 00:00:06, memory = 979.99 (MB).
    Completing 80% with 52 violations.
    elapsed time = 00:00:07, memory = 979.99 (MB).
    Completing 90% with 26 violations.
    elapsed time = 00:00:09, memory = 979.99 (MB).
    Completing 100% with 1 violations.
    elapsed time = 00:00:09, memory = 979.99 (MB).
[INFO DRT-0199]   Number of violations = 1.
Viol/Layer      metal2
Metal Spacing        1
[INFO DRT-0267] cpu time = 00:00:16, elapsed time = 00:00:10, memory = 979.99 (MB), peak = 979.68 (MB)
Total wire length = 31218 um.
Total wire length on LAYER metal1 = 0 um.
Total wire length on LAYER metal2 = 10511 um.
Total wire length on LAYER metal3 = 12296 um.
Total wire length on LAYER metal4 = 4291 um.
Total wire length on LAYER metal5 = 2614 um.
Total wire length on LAYER metal6 = 1463 um.
Total wire length on LAYER metal7 = 0 um.
Total wire length on LAYER metal8 = 25 um.
Total wire length on LAYER metal9 = 15 um.
Total wire length on LAYER metal10 = 0 um.
Total number of vias = 13738.
Up-via summary (total 13738):

----------------
 active        0
 metal1     5923
 metal2     6394
 metal3      900
 metal4      368
 metal5      147
 metal6        2
 metal7        2
 metal8        2
 metal9        0
----------------
       13738


[INFO DRT-0195] Start 4th guides tiles iteration.
    Completing 50% with 1 violations.
    elapsed time = 00:00:00, memory = 979.99 (MB).
    Completing 100% with 0 violations.
    elapsed time = 00:00:00, memory = 979.99 (MB).
[INFO DRT-0199]   Number of violations = 0.
[INFO DRT-0267] cpu time = 00:00:00, elapsed time = 00:00:00, memory = 979.99 (MB), peak = 979.68 (MB)
Total wire length = 31218 um.
Total wire length on LAYER metal1 = 0 um.
Total wire length on LAYER metal2 = 10511 um.
Total wire length on LAYER metal3 = 12296 um.
Total wire length on LAYER metal4 = 4291 um.
Total wire length on LAYER metal5 = 2614 um.
Total wire length on LAYER metal6 = 1463 um.
Total wire length on LAYER metal7 = 0 um.
Total wire length on LAYER metal8 = 25 um.
Total wire length on LAYER metal9 = 15 um.
Total wire length on LAYER metal10 = 0 um.
Total number of vias = 13738.
Up-via summary (total 13738):

----------------
 active        0
 metal1     5923
 metal2     6394
 metal3      900
 metal4      368
 metal5      147
 metal6        2
 metal7        2
 metal8        2
 metal9        0
----------------
       13738


[INFO DRT-0198] Complete detail routing.
Total wire length = 31218 um.
Total wire length on LAYER metal1 = 0 um.
Total wire length on LAYER metal2 = 10511 um.
Total wire length on LAYER metal3 = 12296 um.
Total wire length on LAYER metal4 = 4291 um.
Total wire length on LAYER metal5 = 2614 um.
Total wire length on LAYER metal6 = 1463 um.
Total wire length on LAYER metal7 = 0 um.
Total wire length on LAYER metal8 = 25 um.
Total wire length on LAYER metal9 = 15 um.
Total wire length on LAYER metal10 = 0 um.
Total number of vias = 13738.
Up-via summary (total 13738):

----------------
 active        0
 metal1     5923
 metal2     6394
 metal3      900
 metal4      368
 metal5      147
 metal6        2
 metal7        2
 metal8        2
 metal9        0
----------------
       13738


[INFO DRT-0267] cpu time = 00:02:10, elapsed time = 00:00:59, memory = 980.05 (MB), peak = 979.68 (MB)

[INFO DRT-0180] Post processing.
Took 65 seconds: detailed_route -output_drc ./reports/nangate45/s5378/phase0c_f3e7b516a_s17_k1_A_ff047e97_7f655d61/5_route_drc.rpt -output_maze ./results/nangate45/s5378/phase0c_f3e7b516a_s17_k1_A_ff047e97_7f655d61/maze.log -droute_end_iter 64 -verbose 1 -drc_report_iter_step 5
[WARNING GRT-0246] No diode with LEF class CORE ANTENNACELL found.
[INFO ANT-0002] Found 0 net violations.
[INFO ANT-0001] Found 0 pin violations.
[INFO ANT-0002] Found 0 net violations.
[INFO ANT-0001] Found 0 pin violations.
Design area 2591 um^2 37% utilization.
write_db ./results/nangate45/s5378/phase0c_f3e7b516a_s17_k1_A_ff047e97_7f655d61/5_2_route.odb
Log                       Ext     Elapsed/s Peak Memory/MB sha1sum result [0:20)
5_2_route                 .odb           70            979 d4bdc12e5548d03ec70d
/root/pact-deps/OpenROAD-flow-scripts/flow/scripts/flow.sh 5_3_fillcell fillcell
Running fillcell.tcl, stage 5_3_fillcell
read_liberty /root/pact-deps/OpenROAD-flow-scripts/flow/platforms/nangate45/lib/NangateOpenCellLibrary_typical.lib
read_db ./results/nangate45/s5378/phase0c_f3e7b516a_s17_k1_A_ff047e97_7f655d61/5_2_route.odb
read_sdc ./results/nangate45/s5378/phase0c_f3e7b516a_s17_k1_A_ff047e97_7f655d61/5_1_grt.sdc
source /root/pact-deps/OpenROAD-flow-scripts/flow/platforms/nangate45/setRC.tcl
filler_placement "FILLCELL_X1 FILLCELL_X2 FILLCELL_X4 FILLCELL_X8 FILLCELL_X16 FILLCELL_X32"
[INFO DPL-0001] Placed 2513 filler instances.
Design area 2591 um^2 37% utilization.
write_db ./results/nangate45/s5378/phase0c_f3e7b516a_s17_k1_A_ff047e97_7f655d61/5_3_fillcell.odb
Log                       Ext     Elapsed/s Peak Memory/MB sha1sum result [0:20)
5_3_fillcell              .odb            0            116 dfcc932e18fa2d1a0688
cp ./results/nangate45/s5378/phase0c_f3e7b516a_s17_k1_A_ff047e97_7f655d61/5_3_fillcell.odb ./results/nangate45/s5378/phase0c_f3e7b516a_s17_k1_A_ff047e97_7f655d61/5_route.odb
cp ./results/nangate45/s5378/phase0c_f3e7b516a_s17_k1_A_ff047e97_7f655d61/5_1_grt.sdc ./results/nangate45/s5378/phase0c_f3e7b516a_s17_k1_A_ff047e97_7f655d61/5_route.sdc
