OpenROAD 26Q2-1164-g08f67ee5ec 
Features included (+) or not (-): +GPU +GUI +Python
This program is licensed under the BSD-3 license. See the LICENSE file for details.
Components of this program may be licensed under more restrictive licenses which must be honored.
[INFO ORD-0030] Using 4 thread(s).
read_liberty /root/pact-deps/OpenROAD-flow-scripts/flow/platforms/nangate45/lib/NangateOpenCellLibrary_typical.lib
read_db /mnt/c/Users/Abhinav/OneDrive/Desktop/PACT/PACT/results/phase2c_repair_multiseed/raw/orfs/results/nangate45/s9234f/phase2c_s13_9b3db5bf3d8a/5_1_grt.odb
read_sdc /mnt/c/Users/Abhinav/OneDrive/Desktop/PACT/PACT/results/phase2c_repair_multiseed/raw/orfs/results/nangate45/s9234f/phase2c_s13_9b3db5bf3d8a/5_1_grt.sdc
source /root/pact-deps/OpenROAD-flow-scripts/flow/platforms/nangate45/setRC.tcl
detailed_route -output_drc /mnt/c/Users/Abhinav/OneDrive/Desktop/PACT/PACT/results/phase2c_repair_multiseed/raw/orfs/reports/nangate45/s9234f/phase2c_s13_9b3db5bf3d8a/5_route_drc.rpt -output_maze /mnt/c/Users/Abhinav/OneDrive/Desktop/PACT/PACT/results/phase2c_repair_multiseed/raw/orfs/results/nangate45/s9234f/phase2c_s13_9b3db5bf3d8a/maze.log -droute_end_iter 64 -verbose 1 -drc_report_iter_step 5
[INFO DRT-0149] Reading tech and libs.

Units:                2000
Number of layers:     21
Number of macros:     135
Number of vias:       33
Number of viarulegen: 19

[INFO DRT-0150] Reading design.

Design:                   s9234f
Die area:                 ( 0 0 ) ( 206880 206880 )
Number of track patterns: 20
Number of DEF vias:       0
Number of components:     2795
Number of terminals:      83
Number of snets:          2
Number of nets:           2672

[INFO DRT-0167] List of default vias:
  Layer via2
    default via: via2_5
  Layer via3
    default via: via3_2
  Layer via4
    default via: via4_0
  Layer via5
    default via: via5_0
  Layer via6
    default via: via6_0
  Layer via7
    default via: via7_0
  Layer via8
    default via: via8_0
  Layer via9
    default via: via9_0
[INFO DRT-0162] Library cell analysis.
[INFO DRT-0163] Instance analysis.
[INFO DRT-0164] Number of unique instances = 49.
[INFO DRT-0168] Init region query.
[INFO DRT-0024]   Complete active.
[INFO DRT-0024]   Complete Fr_VIA.
[INFO DRT-0024]   Complete metal1.
[INFO DRT-0024]   Complete via1.
[INFO DRT-0024]   Complete metal2.
[INFO DRT-0024]   Complete via2.
[INFO DRT-0024]   Complete metal3.
[INFO DRT-0024]   Complete via3.
[INFO DRT-0024]   Complete metal4.
[INFO DRT-0024]   Complete via4.
[INFO DRT-0024]   Complete metal5.
[INFO DRT-0024]   Complete via5.
[INFO DRT-0024]   Complete metal6.
[INFO DRT-0024]   Complete via6.
[INFO DRT-0024]   Complete metal7.
[INFO DRT-0024]   Complete via7.
[INFO DRT-0024]   Complete metal8.
[INFO DRT-0024]   Complete via8.
[INFO DRT-0024]   Complete metal9.
[INFO DRT-0024]   Complete via9.
[INFO DRT-0024]   Complete metal10.
[INFO DRT-0033] active shape region query size = 0.
[INFO DRT-0033] FR_VIA shape region query size = 0.
[INFO DRT-0033] metal1 shape region query size = 42556.
[INFO DRT-0033] via1 shape region query size = 438.
[INFO DRT-0033] metal2 shape region query size = 292.
[INFO DRT-0033] via2 shape region query size = 438.
[INFO DRT-0033] metal3 shape region query size = 292.
[INFO DRT-0033] via3 shape region query size = 438.
[INFO DRT-0033] metal4 shape region query size = 164.
[INFO DRT-0033] via4 shape region query size = 140.
[INFO DRT-0033] metal5 shape region query size = 64.
[INFO DRT-0033] via5 shape region query size = 140.
[INFO DRT-0033] metal6 shape region query size = 73.
[INFO DRT-0033] via6 shape region query size = 56.
[INFO DRT-0033] metal7 shape region query size = 28.
[INFO DRT-0033] via7 shape region query size = 0.
[INFO DRT-0033] metal8 shape region query size = 0.
[INFO DRT-0033] via8 shape region query size = 0.
[INFO DRT-0033] metal9 shape region query size = 0.
[INFO DRT-0033] via9 shape region query size = 0.
[INFO DRT-0033] metal10 shape region query size = 0.
[INFO DRT-0165] Start pin access.
[INFO DRT-0078]   Complete 249 pins.
[INFO DRT-0081]   Complete 49 unique inst patterns.
[INFO DRT-0084]   Complete 1544 groups.
#scanned instances     = 2795
#unique  instances     = 49
#stdCellGenAp          = 1067
#stdCellValidPlanarAp  = 0
#stdCellValidViaAp     = 854
#stdCellPinNoAp        = 0
#stdCellPinCnt         = 8125
#instTermValidViaApCnt = 0
#macroGenAp            = 0
#macroValidPlanarAp    = 0
#macroValidViaAp       = 0
#macroNoAp             = 0
[INFO DRT-0166] Complete pin access.
[INFO DRT-0267] cpu time = 00:00:31, elapsed time = 00:00:13, memory = 266.71 (MB), peak = 266.45 (MB)

[INFO DRT-0157] Number of guides:     22185

[INFO DRT-0169] Post process guides.
[INFO DRT-0176] GCELLGRID X 0 DO 36 STEP 5700 ;
[INFO DRT-0177] GCELLGRID Y 0 DO 36 STEP 5700 ;
[INFO DRT-0028]   Complete active.
[INFO DRT-0028]   Complete Fr_VIA.
[INFO DRT-0028]   Complete metal1.
[INFO DRT-0028]   Complete via1.
[INFO DRT-0028]   Complete metal2.
[INFO DRT-0028]   Complete via2.
[INFO DRT-0028]   Complete metal3.
[INFO DRT-0028]   Complete via3.
[INFO DRT-0028]   Complete metal4.
[INFO DRT-0028]   Complete via4.
[INFO DRT-0028]   Complete metal5.
[INFO DRT-0028]   Complete via5.
[INFO DRT-0028]   Complete metal6.
[INFO DRT-0028]   Complete via6.
[INFO DRT-0028]   Complete metal7.
[INFO DRT-0028]   Complete via7.
[INFO DRT-0028]   Complete metal8.
[INFO DRT-0028]   Complete via8.
[INFO DRT-0028]   Complete metal9.
[INFO DRT-0028]   Complete via9.
[INFO DRT-0028]   Complete metal10.
[INFO DRT-0178] Init guide query.
[INFO DRT-0035]   Complete active (guide).
[INFO DRT-0035]   Complete Fr_VIA (guide).
[INFO DRT-0035]   Complete metal1 (guide).
[INFO DRT-0035]   Complete via1 (guide).
[INFO DRT-0035]   Complete metal2 (guide).
[INFO DRT-0035]   Complete via2 (guide).
[INFO DRT-0035]   Complete metal3 (guide).
[INFO DRT-0035]   Complete via3 (guide).
[INFO DRT-0035]   Complete metal4 (guide).
[INFO DRT-0035]   Complete via4 (guide).
[INFO DRT-0035]   Complete metal5 (guide).
[INFO DRT-0035]   Complete via5 (guide).
[INFO DRT-0035]   Complete metal6 (guide).
[INFO DRT-0035]   Complete via6 (guide).
[INFO DRT-0035]   Complete metal7 (guide).
[INFO DRT-0035]   Complete via7 (guide).
[INFO DRT-0035]   Complete metal8 (guide).
[INFO DRT-0035]   Complete via8 (guide).
[INFO DRT-0035]   Complete metal9 (guide).
[INFO DRT-0035]   Complete via9 (guide).
[INFO DRT-0035]   Complete metal10 (guide).
[INFO DRT-0036] active guide region query size = 0.
[INFO DRT-0036] FR_VIA guide region query size = 0.
[INFO DRT-0036] metal1 guide region query size = 7168.
[INFO DRT-0036] via1 guide region query size = 0.
[INFO DRT-0036] metal2 guide region query size = 6496.
[INFO DRT-0036] via2 guide region query size = 0.
[INFO DRT-0036] metal3 guide region query size = 3713.
[INFO DRT-0036] via3 guide region query size = 0.
[INFO DRT-0036] metal4 guide region query size = 714.
[INFO DRT-0036] via4 guide region query size = 0.
[INFO DRT-0036] metal5 guide region query size = 300.
[INFO DRT-0036] via5 guide region query size = 0.
[INFO DRT-0036] metal6 guide region query size = 90.
[INFO DRT-0036] via6 guide region query size = 0.
[INFO DRT-0036] metal7 guide region query size = 0.
[INFO DRT-0036] via7 guide region query size = 0.
[INFO DRT-0036] metal8 guide region query size = 0.
[INFO DRT-0036] via8 guide region query size = 0.
[INFO DRT-0036] metal9 guide region query size = 0.
[INFO DRT-0036] via9 guide region query size = 0.
[INFO DRT-0036] metal10 guide region query size = 0.
[INFO DRT-0179] Init gr pin query.
[INFO DRT-0267] cpu time = 00:00:00, elapsed time = 00:00:00, memory = 274.85 (MB), peak = 274.58 (MB)
[INFO DRT-0245] skipped writing guide updates to database.
[INFO DRT-0181] Start track assignment.
[INFO DRT-0184] Done with 7300 vertical wires in 1 frboxes and 11181 horizontal wires in 1 frboxes.
[INFO DRT-0186] Done with 2209 vertical wires in 1 frboxes and 2744 horizontal wires in 1 frboxes.
[INFO DRT-0182] Complete track assignment.
[INFO DRT-0267] cpu time = 00:00:02, elapsed time = 00:00:03, memory = 327.20 (MB), peak = 326.89 (MB)
[INFO DRT-0187] Start routing data preparation.
[INFO DRT-0267] cpu time = 00:00:00, elapsed time = 00:00:00, memory = 328.53 (MB), peak = 328.27 (MB)
[INFO DRT-0194] Start detail routing.
[INFO DRT-0195] Start 0th optimization iteration.
    Completing 10% with 0 violations.
    elapsed time = 00:00:01, memory = 374.41 (MB).
    Completing 20% with 0 violations.
    elapsed time = 00:00:05, memory = 376.50 (MB).
    Completing 30% with 103 violations.
    elapsed time = 00:00:07, memory = 413.53 (MB).
    Completing 40% with 103 violations.
    elapsed time = 00:00:09, memory = 445.47 (MB).
    Completing 50% with 103 violations.
    elapsed time = 00:00:14, memory = 400.12 (MB).
    Completing 60% with 181 violations.
    elapsed time = 00:00:16, memory = 431.42 (MB).
    Completing 70% with 181 violations.
    elapsed time = 00:00:20, memory = 440.55 (MB).
    Completing 80% with 288 violations.
    elapsed time = 00:00:25, memory = 466.22 (MB).
    Completing 90% with 288 violations.
    elapsed time = 00:00:25, memory = 466.22 (MB).
    Completing 100% with 370 violations.
    elapsed time = 00:00:29, memory = 444.66 (MB).
[INFO DRT-0199]   Number of violations = 563.
Viol/Layer      metal1 metal2   via2 metal3 metal4
Cut Spacing          0      0      1      0      0
Metal Spacing        0     35      0      2      0
Recheck              2    119      0     67      5
Short                0    290      4     38      0
[INFO DRT-0267] cpu time = 00:00:59, elapsed time = 00:00:31, memory = 961.41 (MB), peak = 961.14 (MB)
Total wire length = 38000 um.
Total wire length on LAYER metal1 = 0 um.
Total wire length on LAYER metal2 = 14047 um.
Total wire length on LAYER metal3 = 16276 um.
Total wire length on LAYER metal4 = 4094 um.
Total wire length on LAYER metal5 = 2534 um.
Total wire length on LAYER metal6 = 1046 um.
Total wire length on LAYER metal7 = 0 um.
Total wire length on LAYER metal8 = 0 um.
Total wire length on LAYER metal9 = 0 um.
Total wire length on LAYER metal10 = 0 um.
Total number of vias = 18319.
Up-via summary (total 18319):

----------------
 active        0
 metal1     8181
 metal2     8651
 metal3      955
 metal4      395
 metal5      137
 metal6        0
 metal7        0
 metal8        0
 metal9        0
----------------
       18319


[INFO DRT-0195] Start 1st optimization iteration.
    Completing 10% with 563 violations.
    elapsed time = 00:00:00, memory = 967.90 (MB).
    Completing 20% with 563 violations.
    elapsed time = 00:00:06, memory = 979.06 (MB).
    Completing 30% with 472 violations.
    elapsed time = 00:00:06, memory = 980.26 (MB).
    Completing 40% with 472 violations.
    elapsed time = 00:00:09, memory = 982.62 (MB).
    Completing 50% with 472 violations.
    elapsed time = 00:00:12, memory = 982.62 (MB).
    Completing 60% with 354 violations.
    elapsed time = 00:00:14, memory = 982.62 (MB).
    Completing 70% with 354 violations.
    elapsed time = 00:00:16, memory = 983.00 (MB).
    Completing 80% with 237 violations.
    elapsed time = 00:00:22, memory = 1008.10 (MB).
    Completing 90% with 237 violations.
    elapsed time = 00:00:24, memory = 1008.10 (MB).
    Completing 100% with 127 violations.
    elapsed time = 00:00:25, memory = 983.00 (MB).
[INFO DRT-0199]   Number of violations = 127.
Viol/Layer      metal2   via2 metal3
Cut Spacing          0      1      0
Metal Spacing       25      0      0
Short               95      0      6
[INFO DRT-0267] cpu time = 00:00:52, elapsed time = 00:00:26, memory = 986.00 (MB), peak = 1007.64 (MB)
Total wire length = 37713 um.
Total wire length on LAYER metal1 = 0 um.
Total wire length on LAYER metal2 = 13873 um.
Total wire length on LAYER metal3 = 16181 um.
Total wire length on LAYER metal4 = 4113 um.
Total wire length on LAYER metal5 = 2504 um.
Total wire length on LAYER metal6 = 1041 um.
Total wire length on LAYER metal7 = 0 um.
Total wire length on LAYER metal8 = 0 um.
Total wire length on LAYER metal9 = 0 um.
Total wire length on LAYER metal10 = 0 um.
Total number of vias = 18246.
Up-via summary (total 18246):

----------------
 active        0
 metal1     8185
 metal2     8579
 metal3      959
 metal4      389
 metal5      134
 metal6        0
 metal7        0
 metal8        0
 metal9        0
----------------
       18246


[INFO DRT-0195] Start 2nd optimization iteration.
    Completing 10% with 127 violations.
    elapsed time = 00:00:00, memory = 986.00 (MB).
    Completing 20% with 127 violations.
    elapsed time = 00:00:04, memory = 1011.16 (MB).
    Completing 30% with 121 violations.
    elapsed time = 00:00:04, memory = 986.00 (MB).
    Completing 40% with 121 violations.
    elapsed time = 00:00:05, memory = 986.00 (MB).
    Completing 50% with 121 violations.
    elapsed time = 00:00:10, memory = 988.73 (MB).
    Completing 60% with 112 violations.
    elapsed time = 00:00:14, memory = 1016.91 (MB).
    Completing 70% with 112 violations.
    elapsed time = 00:00:15, memory = 1016.91 (MB).
    Completing 80% with 102 violations.
    elapsed time = 00:00:18, memory = 988.73 (MB).
    Completing 90% with 102 violations.
    elapsed time = 00:00:21, memory = 988.80 (MB).
    Completing 100% with 93 violations.
    elapsed time = 00:00:24, memory = 989.56 (MB).
[INFO DRT-0199]   Number of violations = 93.
Viol/Layer      metal2 metal3
Metal Spacing       25      0
Short               64      4
[INFO DRT-0267] cpu time = 00:00:44, elapsed time = 00:00:25, memory = 989.56 (MB), peak = 1016.62 (MB)
Total wire length = 37685 um.
Total wire length on LAYER metal1 = 0 um.
Total wire length on LAYER metal2 = 13861 um.
Total wire length on LAYER metal3 = 16200 um.
Total wire length on LAYER metal4 = 4086 um.
Total wire length on LAYER metal5 = 2496 um.
Total wire length on LAYER metal6 = 1041 um.
Total wire length on LAYER metal7 = 0 um.
Total wire length on LAYER metal8 = 0 um.
Total wire length on LAYER metal9 = 0 um.
Total wire length on LAYER metal10 = 0 um.
Total number of vias = 18168.
Up-via summary (total 18168):

----------------
 active        0
 metal1     8184
 metal2     8514
 metal3      935
 metal4      397
 metal5      138
 metal6        0
 metal7        0
 metal8        0
 metal9        0
----------------
       18168


[INFO DRT-0195] Start 3rd guides tiles iteration.
    Completing 10% with 93 violations.
    elapsed time = 00:00:00, memory = 1051.93 (MB).
    Completing 20% with 93 violations.
    elapsed time = 00:00:00, memory = 1082.86 (MB).
    Completing 30% with 93 violations.
    elapsed time = 00:00:23, memory = 999.57 (MB).
    Completing 40% with 30 violations.
    elapsed time = 00:00:24, memory = 1047.99 (MB).
    Completing 50% with 30 violations.
    elapsed time = 00:00:24, memory = 1047.99 (MB).
    Completing 60% with 30 violations.
    elapsed time = 00:00:24, memory = 1047.99 (MB).
    Completing 70% with 2 violations.
    elapsed time = 00:00:26, memory = 1003.28 (MB).
    Completing 80% with 2 violations.
    elapsed time = 00:00:26, memory = 1003.28 (MB).
    Completing 90% with 0 violations.
    elapsed time = 00:00:27, memory = 1003.28 (MB).
    Completing 100% with 0 violations.
    elapsed time = 00:00:27, memory = 1003.28 (MB).
[INFO DRT-0199]   Number of violations = 0.
[INFO DRT-0267] cpu time = 00:00:34, elapsed time = 00:00:27, memory = 1003.28 (MB), peak = 1108.77 (MB)
Total wire length = 37727 um.
Total wire length on LAYER metal1 = 0 um.
Total wire length on LAYER metal2 = 13749 um.
Total wire length on LAYER metal3 = 16295 um.
Total wire length on LAYER metal4 = 4191 um.
Total wire length on LAYER metal5 = 2453 um.
Total wire length on LAYER metal6 = 1038 um.
Total wire length on LAYER metal7 = 0 um.
Total wire length on LAYER metal8 = 0 um.
Total wire length on LAYER metal9 = 0 um.
Total wire length on LAYER metal10 = 0 um.
Total number of vias = 18267.
Up-via summary (total 18267):

----------------
 active        0
 metal1     8184
 metal2     8581
 metal3      979
 metal4      386
 metal5      137
 metal6        0
 metal7        0
 metal8        0
 metal9        0
----------------
       18267


[INFO DRT-0198] Complete detail routing.
Total wire length = 37727 um.
Total wire length on LAYER metal1 = 0 um.
Total wire length on LAYER metal2 = 13749 um.
Total wire length on LAYER metal3 = 16295 um.
Total wire length on LAYER metal4 = 4191 um.
Total wire length on LAYER metal5 = 2453 um.
Total wire length on LAYER metal6 = 1038 um.
Total wire length on LAYER metal7 = 0 um.
Total wire length on LAYER metal8 = 0 um.
Total wire length on LAYER metal9 = 0 um.
Total wire length on LAYER metal10 = 0 um.
Total number of vias = 18267.
Up-via summary (total 18267):

----------------
 active        0
 metal1     8184
 metal2     8581
 metal3      979
 metal4      386
 metal5      137
 metal6        0
 metal7        0
 metal8        0
 metal9        0
----------------
       18267


[INFO DRT-0267] cpu time = 00:03:11, elapsed time = 00:01:50, memory = 1003.41 (MB), peak = 1108.77 (MB)

[INFO DRT-0180] Post processing.
Took 127 seconds: detailed_route -output_drc /mnt/c/Users/Abhinav/OneDrive/Desktop/PACT/PACT/results/phase2c_repair_multiseed/raw/orfs/reports/nangate45/s9234f/phase2c_s13_9b3db5bf3d8a/5_route_drc.rpt -output_maze /mnt/c/Users/Abhinav/OneDrive/Desktop/PACT/PACT/results/phase2c_repair_multiseed/raw/orfs/results/nangate45/s9234f/phase2c_s13_9b3db5bf3d8a/maze.log -droute_end_iter 64 -verbose 1 -drc_report_iter_step 5
[WARNING GRT-0246] No diode with LEF class CORE ANTENNACELL found.
[INFO ANT-0002] Found 0 net violations.
[INFO ANT-0001] Found 0 pin violations.
[INFO ANT-0002] Found 0 net violations.
[INFO ANT-0001] Found 0 pin violations.
Design area 3636 um^2 36% utilization.
write_db /mnt/c/Users/Abhinav/OneDrive/Desktop/PACT/PACT/results/phase2c_repair_multiseed/raw/orfs/results/nangate45/s9234f/phase2c_s13_9b3db5bf3d8a/5_2_route.odb
Elapsed time: 2:13.14[h:]min:sec. CPU time: user 228.49 sys 2.76 (173%). Peak memory: 1135380KB.
Log                       Ext     Elapsed/s Peak Memory/MB sha1sum result [0:20)
5_2_route                 .odb          133           1108 f81518f1f73a81fbdb2e
