OpenROAD 26Q2-1164-g08f67ee5ec 
Features included (+) or not (-): +GPU +GUI +Python
This program is licensed under the BSD-3 license. See the LICENSE file for details.
Components of this program may be licensed under more restrictive licenses which must be honored.
[INFO ORD-0030] Using 4 thread(s).
mkdir -p ./objects/nangate45/s9234f/phase0c_f3e7b516a_s19_k8_B0_77ca267c_7f655d61
/root/pact-deps/OpenROAD-flow-scripts/flow/scripts/flow.sh 4_1_cts cts
Running cts.tcl, stage 4_1_cts
read_liberty /root/pact-deps/OpenROAD-flow-scripts/flow/platforms/nangate45/lib/NangateOpenCellLibrary_typical.lib
read_db ./results/nangate45/s9234f/phase0c_f3e7b516a_s19_k8_B0_77ca267c_7f655d61/3_place.odb
read_sdc ./results/nangate45/s9234f/phase0c_f3e7b516a_s19_k8_B0_77ca267c_7f655d61/3_place.sdc
source /root/pact-deps/OpenROAD-flow-scripts/flow/platforms/nangate45/setRC.tcl
clock_tree_synthesis -sink_clustering_enable -repair_clock_nets
[INFO CTS-0050] Root buffer is CLKBUF_X3.
[INFO CTS-0051] Sink buffer is CLKBUF_X3.
[INFO CTS-0052] The following clock buffers will be used for CTS:
                    CLKBUF_X3
[INFO CTS-0049] Characterization buffer is CLKBUF_X3.
[INFO CTS-0007] Net "CK" found for clock "clk".
[INFO CTS-0010]  Clock net "CK" has 211 sinks.
[INFO CTS-0008] TritonCTS found 1 clock nets.
[INFO CTS-0097] Characterization used 1 buffer(s) types.
[INFO CTS-0201] 0 blockages from hard placement blockages and placed macros will be used.
[INFO CTS-0027] Generating H-Tree topology for net CK.
[INFO CTS-0028]  Total number of sinks: 211.
[INFO CTS-0090]  Sinks will be clustered based on buffer max cap.
[INFO CTS-0030]  Number of static layers: 0.
[INFO CTS-0020]  Wire segment unit: 14000  dbu (7 um).
[INFO CTS-0206] Best clustering solution was found from max clustering size of 9 and max clustering diameter of 27.
[INFO CTS-0019]  Total number of sinks after clustering: 32.
[INFO CTS-0024]  Normalized sink region: [(2.32342, 1.70571), (12.8907, 13.2905)].
[INFO CTS-0025]     Width:  10.5673.
[INFO CTS-0026]     Height: 11.5848.
 Level 1
    Direction: Vertical
    Sinks per sub-region: 16
    Sub-region size: 10.5673 X 5.7924
[INFO CTS-0034]     Segment length (rounded): 2.
 Level 2
    Direction: Horizontal
    Sinks per sub-region: 8
    Sub-region size: 5.2836 X 5.7924
[INFO CTS-0034]     Segment length (rounded): 2.
[INFO CTS-0032]  Stop criterion found. Max number of sinks is 15.
[INFO CTS-0035]  Number of sinks covered: 32.
[INFO CTS-0018]     Created 37 clock buffers.
[INFO CTS-0012]     Minimum number of buffers in the clock path: 3.
[INFO CTS-0013]     Maximum number of buffers in the clock path: 3.
[INFO CTS-0015]     Created 37 clock nets.
[INFO CTS-0016]     Fanout distribution for the current clock = 4:1, 5:4, 6:9, 7:15, 8:4, 9:2, 10:1..
[INFO CTS-0017]     Max level of the clock tree: 2.
[INFO CTS-0098] Clock net "CK"
[INFO CTS-0099]  Sinks 236
[INFO CTS-0100]  Leaf buffers 32
[INFO CTS-0101]  Average sink wire length 141.39 um
[INFO CTS-0102]  Path depth 2 - 3
[INFO CTS-0207]  Dummy loads inserted 25
estimate_parasitics -placement
detailed_placement
[INFO DPL-0006] Core area: 10208.02 um^2, Instances area: 3599.78 um^2, Utilization: 35.3%
[INFO DPL-0005] Diamond search max displacement: +/- 500 sites horizontally, +/- 100 rows vertically.
[INFO DPL-1101] Legalizing using diamond search.
Movements Summary
---------------------------------------
Total cells:                    2606
Diamond Move Success:           2606 (100.00%)
Diamond Move Failure:              0
Rip-up and replace Success:        0 (  0.00% of diamond failures)
Rip-up and replace Failure:        0
Total Placement Failures:          0
---------------------------------------
Placement Analysis
---------------------------------
total displacement        112.0 u
average displacement        0.0 u
max displacement            3.0 u
original HPWL           37204.9 u
legalized HPWL          37221.7 u
delta HPWL                    0 %

estimate_parasitics -placement
repair_timing -setup_margin 0 -hold_margin 0 -repair_tns 100 -verbose
[INFO RSZ-0100] Repair move sequence: UnbufferMove SizeUpMove SwapPinsMove BufferMove CloneMove SplitLoadMove 
[INFO RSZ-0098] No setup violations found
[INFO RSZ-0046] Found 61 endpoints with hold violations.
Iteration | Resized | Buffers | Cloned Gates |   Area   |   WNS   |   TNS   | Endpoint
--------------------------------------------------------------------------------------
        0 |       0 |       0 |            0 |    +0.0% |  -0.093 |  -1.944 | U_g666/D
       10 |       0 |      18 |            0 |    +0.4% |  -0.078 |  -1.378 | U_g687/D
       20 |       0 |      32 |            0 |    +0.7% |  -0.040 |  -0.390 | U_g666/D
       30 |       0 |      32 |            0 |    +0.7% |  -0.040 |  -0.390 | U_g666/D
       40 |       0 |      33 |            0 |    +0.7% |  -0.040 |  -0.290 | U_g666/D
       50 |       0 |      35 |            0 |    +0.8% |  -0.040 |  -0.277 | U_g666/D
       60 |       0 |      38 |            0 |    +0.8% |  -0.040 |  -0.254 | U_g666/D
       70 |       0 |      53 |            0 |    +1.2% |  -0.017 |  -0.017 | U_g687/D
    final |       0 |      54 |            0 |    +1.2% |   0.000 |   0.000 | U_g11/D
--------------------------------------------------------------------------------------
[INFO RSZ-0032] Inserted 54 hold buffers.
detailed_placement
[INFO DPL-0006] Core area: 10208.02 um^2, Instances area: 3642.87 um^2, Utilization: 35.7%
[INFO DPL-0005] Diamond search max displacement: +/- 500 sites horizontally, +/- 100 rows vertically.
[INFO DPL-1101] Legalizing using diamond search.
Movements Summary
---------------------------------------
Total cells:                    2660
Diamond Move Success:           2660 (100.00%)
Diamond Move Failure:              0
Rip-up and replace Success:        0 (  0.00% of diamond failures)
Rip-up and replace Failure:        0
Total Placement Failures:          0
---------------------------------------
Placement Analysis
---------------------------------
total displacement         80.1 u
average displacement        0.0 u
max displacement            3.0 u
original HPWL           37315.7 u
legalized HPWL          37355.2 u
delta HPWL                    0 %

estimate_parasitics -placement
Report metrics stage 4, cts final...

==========================================================================
cts final report_design_area
--------------------------------------------------------------------------
Design area 3643 um^2 36% utilization.
write_db ./results/nangate45/s9234f/phase0c_f3e7b516a_s19_k8_B0_77ca267c_7f655d61/4_1_cts.odb
write_sdc -no_timestamp ./results/nangate45/s9234f/phase0c_f3e7b516a_s19_k8_B0_77ca267c_7f655d61/4_cts.sdc
Log                       Ext     Elapsed/s Peak Memory/MB sha1sum result [0:20)
4_1_cts                   .odb            4            159 d885b1b74382f606fdef
cp ./results/nangate45/s9234f/phase0c_f3e7b516a_s19_k8_B0_77ca267c_7f655d61/4_1_cts.odb ./results/nangate45/s9234f/phase0c_f3e7b516a_s19_k8_B0_77ca267c_7f655d61/4_cts.odb
/root/pact-deps/OpenROAD-flow-scripts/flow/scripts/flow.sh 5_1_grt global_route
Running global_route.tcl, stage 5_1_grt
read_liberty /root/pact-deps/OpenROAD-flow-scripts/flow/platforms/nangate45/lib/NangateOpenCellLibrary_typical.lib
read_db ./results/nangate45/s9234f/phase0c_f3e7b516a_s19_k8_B0_77ca267c_7f655d61/4_cts.odb
read_sdc ./results/nangate45/s9234f/phase0c_f3e7b516a_s19_k8_B0_77ca267c_7f655d61/4_cts.sdc
source /root/pact-deps/OpenROAD-flow-scripts/flow/platforms/nangate45/setRC.tcl
pin_access
[INFO DRT-0149] Reading tech and libs.

Units:                2000
Number of layers:     21
Number of macros:     135
Number of vias:       33
Number of viarulegen: 19

[INFO DRT-0150] Reading design.

Design:                   s9234f
Die area:                 ( 0 0 ) ( 206880 206880 )
Number of track patterns: 20
Number of DEF vias:       0
Number of components:     2804
Number of terminals:      95
Number of snets:          2
Number of nets:           2681

[INFO DRT-0167] List of default vias:
  Layer via2
    default via: via2_5
  Layer via3
    default via: via3_2
  Layer via4
    default via: via4_0
  Layer via5
    default via: via5_0
  Layer via6
    default via: via6_0
  Layer via7
    default via: via7_0
  Layer via8
    default via: via8_0
  Layer via9
    default via: via9_0
[INFO DRT-0162] Library cell analysis.
[INFO DRT-0163] Instance analysis.
[INFO DRT-0164] Number of unique instances = 49.
[INFO DRT-0168] Init region query.
[INFO DRT-0024]   Complete active.
[INFO DRT-0024]   Complete Fr_VIA.
[INFO DRT-0024]   Complete metal1.
[INFO DRT-0024]   Complete via1.
[INFO DRT-0024]   Complete metal2.
[INFO DRT-0024]   Complete via2.
[INFO DRT-0024]   Complete metal3.
[INFO DRT-0024]   Complete via3.
[INFO DRT-0024]   Complete metal4.
[INFO DRT-0024]   Complete via4.
[INFO DRT-0024]   Complete metal5.
[INFO DRT-0024]   Complete via5.
[INFO DRT-0024]   Complete metal6.
[INFO DRT-0024]   Complete via6.
[INFO DRT-0024]   Complete metal7.
[INFO DRT-0024]   Complete via7.
[INFO DRT-0024]   Complete metal8.
[INFO DRT-0024]   Complete via8.
[INFO DRT-0024]   Complete metal9.
[INFO DRT-0024]   Complete via9.
[INFO DRT-0024]   Complete metal10.
[INFO DRT-0033] active shape region query size = 0.
[INFO DRT-0033] FR_VIA shape region query size = 0.
[INFO DRT-0033] metal1 shape region query size = 42638.
[INFO DRT-0033] via1 shape region query size = 438.
[INFO DRT-0033] metal2 shape region query size = 292.
[INFO DRT-0033] via2 shape region query size = 438.
[INFO DRT-0033] metal3 shape region query size = 292.
[INFO DRT-0033] via3 shape region query size = 438.
[INFO DRT-0033] metal4 shape region query size = 164.
[INFO DRT-0033] via4 shape region query size = 140.
[INFO DRT-0033] metal5 shape region query size = 76.
[INFO DRT-0033] via5 shape region query size = 140.
[INFO DRT-0033] metal6 shape region query size = 73.
[INFO DRT-0033] via6 shape region query size = 56.
[INFO DRT-0033] metal7 shape region query size = 28.
[INFO DRT-0033] via7 shape region query size = 0.
[INFO DRT-0033] metal8 shape region query size = 0.
[INFO DRT-0033] via8 shape region query size = 0.
[INFO DRT-0033] metal9 shape region query size = 0.
[INFO DRT-0033] via9 shape region query size = 0.
[INFO DRT-0033] metal10 shape region query size = 0.
[INFO DRT-0165] Start pin access.
[INFO DRT-0078]   Complete 249 pins.
[INFO DRT-0081]   Complete 49 unique inst patterns.
[INFO DRT-0084]   Complete 1562 groups.
#scanned instances     = 2804
#unique  instances     = 49
#stdCellGenAp          = 1067
#stdCellValidPlanarAp  = 0
#stdCellValidViaAp     = 854
#stdCellPinNoAp        = 0
#stdCellPinCnt         = 8137
#instTermValidViaApCnt = 0
#macroGenAp            = 0
#macroValidPlanarAp    = 0
#macroValidViaAp       = 0
#macroNoAp             = 0
[INFO DRT-0166] Complete pin access.
[INFO DRT-0267] cpu time = 00:00:27, elapsed time = 00:00:07, memory = 118.70 (MB), peak = 118.23 (MB)
Took 7 seconds: pin_access
set_global_routing_random -seed 19
global_route -congestion_report_file ./reports/nangate45/s9234f/phase0c_f3e7b516a_s19_k8_B0_77ca267c_7f655d61/congestion.rpt -congestion_iterations 30 -congestion_report_iter_step 5 -verbose
[INFO GRT-0020] Min routing layer: metal2
[INFO GRT-0021] Max routing layer: metal10
[INFO GRT-0022] Global adjustment: 0%
[INFO GRT-0023] Grid origin: (0, 0)
[INFO GRT-0088] Layer metal1  Track-Pitch = 0.1400  line-2-Via Pitch: 0.1350
[INFO GRT-0088] Layer metal2  Track-Pitch = 0.1900  line-2-Via Pitch: 0.1400
[INFO GRT-0088] Layer metal3  Track-Pitch = 0.1400  line-2-Via Pitch: 0.1400
[INFO GRT-0088] Layer metal4  Track-Pitch = 0.2800  line-2-Via Pitch: 0.2800
[INFO GRT-0088] Layer metal5  Track-Pitch = 0.2800  line-2-Via Pitch: 0.2800
[INFO GRT-0088] Layer metal6  Track-Pitch = 0.2800  line-2-Via Pitch: 0.2800
[INFO GRT-0088] Layer metal7  Track-Pitch = 0.8000  line-2-Via Pitch: 0.8000
[INFO GRT-0088] Layer metal8  Track-Pitch = 0.8000  line-2-Via Pitch: 0.8000
[INFO GRT-0088] Layer metal9  Track-Pitch = 1.6000  line-2-Via Pitch: 1.6000
[INFO GRT-0088] Layer metal10 Track-Pitch = 1.6000  line-2-Via Pitch: 1.6000
[INFO GRT-0003] Macros: 0
[INFO GRT-0004] Blockages: 0
[INFO GRT-0019] Found 38 clock nets.
[INFO GRT-0001] Minimum degree: 2
[INFO GRT-0002] Maximum degree: 63

[INFO GRT-0053] Routing resources analysis:
          Routing      Original      Derated      Resource
Layer     Direction    Resources     Resources    Reduction (%)
---------------------------------------------------------------
metal1     Horizontal          0             0          0.00%
metal2     Vertical        18585          8750          52.92%
metal3     Horizontal      25711         12607          50.97%
metal4     Vertical        12600          8890          29.44%
metal5     Horizontal      12839          9040          29.59%
metal6     Vertical        12882          9077          29.54%
metal7     Horizontal       3920          2800          28.57%
metal8     Vertical         4480          3220          28.12%
metal9     Horizontal       2240          1260          43.75%
metal10    Vertical         2240          1260          43.75%
---------------------------------------------------------------

[INFO GRT-0197] Via related to pin nodes: 15813
[INFO GRT-0198] Via related Steiner nodes: 368
[INFO GRT-0199] Via filling finished.
[INFO GRT-0111] Final number of vias: 20841
[INFO GRT-0112] Final usage 3D: 77053

[INFO GRT-0096] Final congestion report:
Layer         Resource        Demand        Usage (%)    Max H / Max V / Total Overflow
---------------------------------------------------------------------------------------
metal1               0             0            0.00%             0 /  0 /  0
metal2            8750          4911           56.13%             0 /  0 /  0
metal3           12607          5728           45.44%             0 /  0 /  0
metal4            8890          1953           21.97%             0 /  0 /  0
metal5            9040          1338           14.80%             0 /  0 /  0
metal6            9077           534            5.88%             0 /  0 /  0
metal7            2800            66            2.36%             0 /  0 /  0
metal8            3220             0            0.00%             0 /  0 /  0
metal9            1260             0            0.00%             0 /  0 /  0
metal10           1260             0            0.00%             0 /  0 /  0
---------------------------------------------------------------------------------------
Total            56904         14530           25.53%             0 /  0 /  0

[INFO GRT-0018] Total wirelength: 61745 um
[INFO GRT-0014] Routed nets: 2681
[INFO GRT-0303] Global routing runtime = 00:00:00
estimate_parasitics -global_routing
Perform buffer insertion and gate resizing...
repair_design -verbose
Iteration |   Area    | Resized | Buffers | Nets repaired | Remaining
---------------------------------------------------------------------
        0 |     +0.0% |       0 |       0 |             0 |      2917
       10 |     +0.0% |       0 |       0 |             0 |      2907
       20 |     +0.0% |       0 |       0 |             0 |      2897
       30 |     +0.0% |       0 |       0 |             0 |      2887
       40 |     +0.0% |       0 |       0 |             0 |      2877
       50 |     +0.0% |       0 |       0 |             0 |      2867
       60 |     +0.0% |       0 |       0 |             0 |      2857
       70 |     +0.0% |       0 |       0 |             0 |      2847
       80 |     +0.0% |       0 |       0 |             0 |      2837
       90 |     +0.0% |       0 |       0 |             0 |      2827
      100 |     +0.0% |       0 |       0 |             0 |      2817
      110 |     +0.0% |       0 |       0 |             0 |      2807
      120 |     +0.0% |       0 |       0 |             0 |      2797
      130 |     +0.0% |       0 |       0 |             0 |      2787
      140 |     +0.0% |       0 |       0 |             0 |      2777
      150 |     +0.0% |       0 |       0 |             0 |      2767
      160 |     +0.0% |       0 |       0 |             0 |      2757
      170 |     +0.0% |       0 |       0 |             0 |      2747
      180 |     +0.0% |       0 |       0 |             0 |      2737
      190 |     +0.0% |       0 |       0 |             0 |      2727
      200 |     +0.0% |       0 |       0 |             0 |      2717
      210 |     +0.0% |       0 |       0 |             0 |      2707
      220 |     +0.0% |       0 |       0 |             0 |      2697
      230 |     +0.0% |       0 |       0 |             0 |      2687
      240 |     +0.0% |       0 |       0 |             0 |      2677
      250 |     +0.0% |       0 |       0 |             0 |      2667
      260 |     +0.0% |       0 |       0 |             0 |      2657
      270 |     +0.0% |       0 |       0 |             0 |      2647
      280 |     +0.0% |       0 |       0 |             0 |      2637
      290 |     +0.0% |       0 |       0 |             0 |      2627
      300 |     +0.0% |       0 |       0 |             0 |      2617
      310 |     +0.0% |       0 |       0 |             0 |      2607
      320 |     +0.0% |       0 |       0 |             0 |      2597
      330 |     +0.0% |       0 |       0 |             0 |      2587
      340 |     +0.0% |       0 |       0 |             0 |      2577
      350 |     +0.0% |       0 |       0 |             0 |      2567
      360 |     +0.0% |       0 |       0 |             0 |      2557
      370 |     +0.0% |       0 |       0 |             0 |      2547
      380 |     +0.0% |       0 |       0 |             0 |      2537
      390 |     +0.0% |       0 |       0 |             0 |      2527
      400 |     +0.0% |       0 |       0 |             0 |      2517
      410 |     +0.0% |       0 |       0 |             0 |      2507
      420 |     +0.0% |       0 |       0 |             0 |      2497
      430 |     +0.0% |       0 |       0 |             0 |      2487
      440 |     +0.0% |       0 |       0 |             0 |      2477
      450 |     +0.0% |       0 |       0 |             0 |      2467
      460 |     +0.0% |       0 |       0 |             0 |      2457
      470 |     +0.0% |       0 |       0 |             0 |      2447
      480 |     +0.0% |       0 |       0 |             0 |      2437
      490 |     +0.0% |       0 |       0 |             0 |      2427
      500 |     +0.0% |       0 |       0 |             0 |      2417
      510 |     +0.0% |       0 |       0 |             0 |      2407
      520 |     +0.0% |       0 |       0 |             0 |      2397
      530 |     +0.0% |       0 |       0 |             0 |      2387
      540 |     +0.0% |       0 |       0 |             0 |      2377
      550 |     +0.0% |       0 |       0 |             0 |      2367
      560 |     +0.0% |       0 |       0 |             0 |      2357
      570 |     +0.0% |       0 |       0 |             0 |      2347
      580 |     +0.0% |       0 |       0 |             0 |      2337
      590 |     +0.0% |       0 |       0 |             0 |      2327
      600 |     +0.0% |       0 |       0 |             0 |      2317
      610 |     +0.0% |       0 |       0 |             0 |      2307
      620 |     +0.0% |       0 |       0 |             0 |      2297
      630 |     +0.0% |       0 |       0 |             0 |      2287
      640 |     +0.0% |       0 |       0 |             0 |      2277
      650 |     +0.0% |       0 |       0 |             0 |      2267
      660 |     +0.0% |       0 |       0 |             0 |      2257
      670 |     +0.0% |       0 |       0 |             0 |      2247
      680 |     +0.0% |       0 |       0 |             0 |      2237
      690 |     +0.0% |       0 |       0 |             0 |      2227
      700 |     +0.0% |       0 |       0 |             0 |      2217
      710 |     +0.0% |       0 |       0 |             0 |      2207
      720 |     +0.0% |       0 |       0 |             0 |      2197
      730 |     +0.0% |       0 |       0 |             0 |      2187
      740 |     +0.0% |       0 |       0 |             0 |      2177
      750 |     +0.0% |       0 |       0 |             0 |      2167
      760 |     +0.0% |       0 |       0 |             0 |      2157
      770 |     +0.0% |       0 |       0 |             0 |      2147
      780 |     +0.0% |       0 |       0 |             0 |      2137
      790 |     +0.0% |       0 |       0 |             0 |      2127
      800 |     +0.0% |       0 |       0 |             0 |      2117
      810 |     +0.0% |       0 |       0 |             0 |      2107
      820 |     +0.0% |       0 |       0 |             0 |      2097
      830 |     +0.0% |       0 |       0 |             0 |      2087
      840 |     +0.0% |       0 |       0 |             0 |      2077
      850 |     +0.0% |       0 |       0 |             0 |      2067
      860 |     +0.0% |       0 |       0 |             0 |      2057
      870 |     +0.0% |       0 |       0 |             0 |      2047
      880 |     +0.0% |       0 |       0 |             0 |      2037
      890 |     +0.0% |       0 |       0 |             0 |      2027
      900 |     +0.0% |       0 |       0 |             0 |      2017
      910 |     +0.0% |       0 |       0 |             0 |      2007
      920 |     +0.0% |       0 |       0 |             0 |      1997
      930 |     +0.0% |       0 |       0 |             0 |      1987
      940 |     +0.0% |       0 |       0 |             0 |      1977
      950 |     +0.0% |       0 |       0 |             0 |      1967
      960 |     +0.0% |       0 |       0 |             0 |      1957
      970 |     +0.0% |       0 |       0 |             0 |      1947
      980 |     +0.0% |       0 |       0 |             0 |      1937
      990 |     +0.0% |       0 |       0 |             0 |      1927
     1000 |     +0.0% |       0 |       0 |             0 |      1917
     1010 |     +0.0% |       0 |       0 |             0 |      1907
     1020 |     +0.0% |       0 |       0 |             0 |      1897
     1030 |     +0.0% |       0 |       0 |             0 |      1887
     1040 |     +0.0% |       0 |       0 |             0 |      1877
     1050 |     +0.0% |       0 |       0 |             0 |      1867
     1060 |     +0.0% |       0 |       0 |             0 |      1857
     1070 |     +0.0% |       0 |       0 |             0 |      1847
     1080 |     +0.0% |       0 |       0 |             0 |      1837
     1090 |     +0.0% |       0 |       0 |             0 |      1827
     1100 |     +0.0% |       0 |       0 |             0 |      1817
     1110 |     +0.0% |       0 |       0 |             0 |      1807
     1120 |     +0.0% |       0 |       0 |             0 |      1797
     1130 |     +0.0% |       0 |       0 |             0 |      1787
     1140 |     +0.0% |       0 |       0 |             0 |      1777
     1150 |     +0.0% |       0 |       0 |             0 |      1767
     1160 |     +0.0% |       0 |       0 |             0 |      1757
     1170 |     +0.0% |       0 |       0 |             0 |      1747
     1180 |     +0.0% |       0 |       0 |             0 |      1737
     1190 |     +0.0% |       0 |       0 |             0 |      1727
     1200 |     +0.0% |       0 |       0 |             0 |      1717
     1210 |     +0.0% |       0 |       0 |             0 |      1707
     1220 |     +0.0% |       0 |       0 |             0 |      1697
     1230 |     +0.0% |       0 |       0 |             0 |      1687
     1240 |     +0.0% |       0 |       0 |             0 |      1677
     1250 |     +0.0% |       0 |       0 |             0 |      1667
     1260 |     +0.0% |       0 |       0 |             0 |      1657
     1270 |     +0.0% |       0 |       0 |             0 |      1647
     1280 |     +0.0% |       0 |       0 |             0 |      1637
     1290 |     +0.0% |       0 |       0 |             0 |      1627
     1300 |     +0.0% |       0 |       0 |             0 |      1617
     1310 |     +0.0% |       0 |       0 |             0 |      1607
     1320 |     +0.0% |       0 |       0 |             0 |      1597
     1330 |     +0.0% |       0 |       0 |             0 |      1587
     1340 |     +0.0% |       0 |       0 |             0 |      1577
     1350 |     +0.0% |       0 |       0 |             0 |      1567
     1360 |     +0.0% |       0 |       0 |             0 |      1557
     1370 |     +0.0% |       0 |       0 |             0 |      1547
     1380 |     +0.0% |       0 |       0 |             0 |      1537
     1390 |     +0.0% |       0 |       0 |             0 |      1527
     1400 |     +0.0% |       0 |       0 |             0 |      1517
     1410 |     +0.0% |       0 |       0 |             0 |      1507
     1420 |     +0.0% |       0 |       0 |             0 |      1497
     1430 |     +0.0% |       0 |       0 |             0 |      1487
     1440 |     +0.0% |       0 |       0 |             0 |      1477
     1450 |     +0.0% |       0 |       0 |             0 |      1467
     1460 |     +0.0% |       0 |       0 |             0 |      1457
     1470 |     +0.0% |       0 |       0 |             0 |      1447
     1480 |     +0.0% |       0 |       0 |             0 |      1437
     1490 |     +0.0% |       0 |       0 |             0 |      1427
     1500 |     +0.0% |       0 |       0 |             0 |      1417
     1510 |     +0.0% |       0 |       0 |             0 |      1407
     1520 |     +0.0% |       0 |       0 |             0 |      1397
     1530 |     +0.0% |       0 |       0 |             0 |      1387
     1540 |     +0.0% |       0 |       0 |             0 |      1377
     1550 |     +0.0% |       0 |       0 |             0 |      1367
     1560 |     +0.0% |       0 |       0 |             0 |      1357
     1570 |     +0.0% |       0 |       0 |             0 |      1347
     1580 |     +0.0% |       0 |       0 |             0 |      1337
     1590 |     +0.0% |       0 |       0 |             0 |      1327
     1600 |     +0.0% |       0 |       0 |             0 |      1317
     1610 |     +0.0% |       0 |       0 |             0 |      1307
     1620 |     +0.0% |       0 |       0 |             0 |      1297
     1630 |     +0.0% |       0 |       0 |             0 |      1287
     1640 |     +0.0% |       0 |       0 |             0 |      1277
     1650 |     +0.0% |       0 |       0 |             0 |      1267
     1660 |     +0.0% |       0 |       0 |             0 |      1257
     1670 |     +0.0% |       0 |       0 |             0 |      1247
     1680 |     +0.0% |       0 |       0 |             0 |      1237
     1690 |     +0.0% |       0 |       0 |             0 |      1227
     1700 |     +0.0% |       0 |       0 |             0 |      1217
     1710 |     +0.0% |       0 |       0 |             0 |      1207
     1720 |     +0.0% |       0 |       0 |             0 |      1197
     1730 |     +0.0% |       0 |       0 |             0 |      1187
     1740 |     +0.0% |       0 |       0 |             0 |      1177
     1750 |     +0.0% |       0 |       0 |             0 |      1167
     1760 |     +0.0% |       0 |       0 |             0 |      1157
     1770 |     +0.0% |       0 |       0 |             0 |      1147
     1780 |     +0.0% |       0 |       0 |             0 |      1137
     1790 |     +0.0% |       0 |       0 |             0 |      1127
     1800 |     +0.0% |       0 |       0 |             0 |      1117
     1810 |     +0.0% |       0 |       0 |             0 |      1107
     1820 |     +0.0% |       0 |       0 |             0 |      1097
     1830 |     +0.0% |       0 |       0 |             0 |      1087
     1840 |     +0.0% |       0 |       0 |             0 |      1077
     1850 |     +0.0% |       0 |       0 |             0 |      1067
     1860 |     +0.0% |       0 |       0 |             0 |      1057
     1870 |     +0.0% |       0 |       0 |             0 |      1047
     1880 |     +0.0% |       0 |       0 |             0 |      1037
     1890 |     +0.0% |       0 |       0 |             0 |      1027
     1900 |     +0.0% |       0 |       0 |             0 |      1017
     1910 |     +0.0% |       0 |       0 |             0 |      1007
     1920 |     +0.0% |       0 |       0 |             0 |       997
     1930 |     +0.0% |       0 |       0 |             0 |       987
     1940 |     +0.0% |       0 |       0 |             0 |       977
     1950 |     +0.0% |       0 |       0 |             0 |       967
     1960 |     +0.0% |       0 |       0 |             0 |       957
     1970 |     +0.0% |       0 |       0 |             0 |       947
     1980 |     +0.0% |       0 |       0 |             0 |       937
     1990 |     +0.0% |       0 |       0 |             0 |       927
     2000 |     +0.0% |       0 |       0 |             0 |       917
     2010 |     +0.0% |       0 |       0 |             0 |       907
     2020 |     +0.0% |       0 |       0 |             0 |       897
     2030 |     +0.0% |       0 |       0 |             0 |       887
     2040 |     +0.0% |       0 |       0 |             0 |       877
     2050 |     +0.0% |       0 |       0 |             0 |       867
     2060 |     +0.0% |       0 |       0 |             0 |       857
     2070 |     +0.0% |       0 |       0 |             0 |       847
     2080 |     +0.0% |       0 |       0 |             0 |       837
     2090 |     +0.0% |       0 |       0 |             0 |       827
     2100 |     +0.0% |       0 |       0 |             0 |       817
     2110 |     +0.0% |       0 |       0 |             0 |       807
     2120 |     +0.0% |       0 |       0 |             0 |       797
     2130 |     +0.0% |       0 |       0 |             0 |       787
     2140 |     +0.0% |       0 |       0 |             0 |       777
     2150 |     +0.0% |       0 |       0 |             0 |       767
     2160 |     +0.0% |       0 |       0 |             0 |       757
     2170 |     +0.0% |       0 |       0 |             0 |       747
     2180 |     +0.0% |       0 |       0 |             0 |       737
     2190 |     +0.0% |       0 |       0 |             0 |       727
     2200 |     +0.0% |       0 |       0 |             0 |       717
     2210 |     +0.0% |       0 |       0 |             0 |       707
     2220 |     +0.0% |       0 |       0 |             0 |       697
     2230 |     +0.0% |       0 |       0 |             0 |       687
     2240 |     +0.0% |       0 |       0 |             0 |       677
     2250 |     +0.0% |       0 |       0 |             0 |       667
     2260 |     +0.0% |       0 |       0 |             0 |       657
     2270 |     +0.0% |       0 |       0 |             0 |       647
     2280 |     +0.0% |       0 |       0 |             0 |       637
     2290 |     +0.0% |       0 |       0 |             0 |       627
     2300 |     +0.0% |       0 |       0 |             0 |       617
     2310 |     +0.0% |       0 |       0 |             0 |       607
     2320 |     +0.0% |       0 |       0 |             0 |       597
     2330 |     +0.0% |       0 |       0 |             0 |       587
     2340 |     +0.0% |       0 |       0 |             0 |       577
     2350 |     +0.0% |       0 |       0 |             0 |       567
     2360 |     +0.0% |       0 |       0 |             0 |       557
     2370 |     +0.0% |       0 |       0 |             0 |       547
     2380 |     +0.0% |       0 |       0 |             0 |       537
     2390 |     +0.0% |       0 |       0 |             0 |       527
     2400 |     +0.0% |       0 |       0 |             0 |       517
     2410 |     +0.0% |       0 |       0 |             0 |       507
     2420 |     +0.0% |       0 |       0 |             0 |       497
     2430 |     +0.0% |       0 |       0 |             0 |       487
     2440 |     +0.0% |       0 |       0 |             0 |       477
     2450 |     +0.0% |       0 |       0 |             0 |       467
     2460 |     +0.0% |       0 |       0 |             0 |       457
     2470 |     +0.0% |       0 |       0 |             0 |       447
     2480 |     +0.0% |       0 |       0 |             0 |       437
     2490 |     +0.0% |       0 |       0 |             0 |       427
     2500 |     +0.0% |       0 |       0 |             0 |       417
     2510 |     +0.0% |       0 |       0 |             0 |       407
     2520 |     +0.0% |       0 |       0 |             0 |       397
     2530 |     +0.0% |       0 |       0 |             0 |       387
     2540 |     +0.0% |       0 |       0 |             0 |       377
     2550 |     +0.0% |       0 |       0 |             0 |       367
     2560 |     +0.0% |       0 |       0 |             0 |       357
     2570 |     +0.0% |       0 |       0 |             0 |       347
     2580 |     +0.0% |       0 |       0 |             0 |       337
     2590 |     +0.0% |       0 |       0 |             0 |       327
     2600 |     +0.0% |       0 |       0 |             0 |       317
     2610 |     +0.0% |       0 |       0 |             0 |       307
     2620 |     +0.0% |       0 |       0 |             0 |       297
     2630 |     +0.0% |       0 |       0 |             0 |       287
     2640 |     +0.0% |       0 |       0 |             0 |       277
     2650 |     +0.0% |       0 |       0 |             0 |       267
     2660 |     +0.0% |       0 |       0 |             0 |       257
     2670 |     +0.0% |       0 |       0 |             0 |       247
     2680 |     +0.0% |       0 |       0 |             0 |       237
     2690 |     +0.0% |       0 |       0 |             0 |       227
     2700 |     +0.0% |       0 |       0 |             0 |       217
     2710 |     +0.0% |       0 |       0 |             0 |       207
     2720 |     +0.0% |       0 |       0 |             0 |       197
     2730 |     +0.0% |       0 |       0 |             0 |       187
     2740 |     +0.0% |       0 |       0 |             0 |       177
     2750 |     +0.0% |       0 |       0 |             0 |       167
     2760 |     +0.0% |       0 |       0 |             0 |       157
     2770 |     +0.0% |       0 |       0 |             0 |       147
     2780 |     +0.0% |       0 |       0 |             0 |       137
     2790 |     +0.0% |       0 |       0 |             0 |       127
     2800 |     +0.0% |       0 |       0 |             0 |       117
     2810 |     +0.0% |       0 |       0 |             0 |       107
     2820 |     +0.0% |       0 |       0 |             0 |        97
     2830 |     +0.0% |       0 |       0 |             0 |        87
     2840 |     +0.0% |       0 |       0 |             0 |        77
     2850 |     +0.0% |       0 |       0 |             0 |        67
     2860 |     +0.0% |       0 |       0 |             0 |        57
     2870 |     +0.0% |       0 |       0 |             0 |        47
     2880 |     +0.0% |       0 |       0 |             0 |        37
     2890 |     +0.0% |       0 |       0 |             0 |        27
     2900 |     +0.0% |       0 |       0 |             0 |        17
     2910 |     +0.0% |       0 |       0 |             0 |         7
    final |     +0.0% |       0 |       0 |             0 |         0
---------------------------------------------------------------------
global_route -start_incremental
detailed_placement
[INFO DPL-0006] Core area: 10208.02 um^2, Instances area: 3642.87 um^2, Utilization: 35.7%
[INFO DPL-0005] Diamond search max displacement: +/- 500 sites horizontally, +/- 100 rows vertically.
[INFO DPL-1101] Legalizing using diamond search.
Movements Summary
---------------------------------------
Total cells:                    2660
Diamond Move Success:           2660 (100.00%)
Diamond Move Failure:              0
Rip-up and replace Success:        0 (  0.00% of diamond failures)
Rip-up and replace Failure:        0
Total Placement Failures:          0
---------------------------------------
Placement Analysis
---------------------------------
total displacement          0.0 u
average displacement        0.0 u
max displacement            0.0 u
original HPWL           37355.2 u
legalized HPWL          37355.2 u
delta HPWL                    0 %

global_route -end_incremental -congestion_report_file ./reports/nangate45/s9234f/phase0c_f3e7b516a_s19_k8_B0_77ca267c_7f655d61/congestion_post_repair_design.rpt
Repair setup and hold violations...
estimate_parasitics -global_routing
repair_timing -setup_margin 0 -hold_margin 0 -repair_tns 100 -verbose
[INFO RSZ-0100] Repair move sequence: UnbufferMove SizeUpMove SwapPinsMove BufferMove CloneMove SplitLoadMove 
[INFO RSZ-0098] No setup violations found
[INFO RSZ-0046] Found 2 endpoints with hold violations.
Iteration | Resized | Buffers | Cloned Gates |   Area   |   WNS   |   TNS   | Endpoint
--------------------------------------------------------------------------------------
        0 |       0 |       0 |            0 |    +0.0% |  -0.001 |  -0.001 | U_g685/D
    final |       0 |       2 |            0 |    +0.0% |   0.001 |   0.000 | U_g11/D
--------------------------------------------------------------------------------------
[INFO RSZ-0032] Inserted 2 hold buffers.
global_route -start_incremental
detailed_placement
[INFO DPL-0006] Core area: 10208.02 um^2, Instances area: 3644.47 um^2, Utilization: 35.7%
[INFO DPL-0005] Diamond search max displacement: +/- 500 sites horizontally, +/- 100 rows vertically.
[INFO DPL-1101] Legalizing using diamond search.
Movements Summary
---------------------------------------
Total cells:                    2662
Diamond Move Success:           2662 (100.00%)
Diamond Move Failure:              0
Rip-up and replace Success:        0 (  0.00% of diamond failures)
Rip-up and replace Failure:        0
Total Placement Failures:          0
---------------------------------------
Placement Analysis
---------------------------------
total displacement          8.0 u
average displacement        0.0 u
max displacement            1.6 u
original HPWL           37355.8 u
legalized HPWL          37363.8 u
delta HPWL                    0 %

check_placement -verbose
global_route -end_incremental -congestion_report_file ./reports/nangate45/s9234f/phase0c_f3e7b516a_s19_k8_B0_77ca267c_7f655d61/congestion_post_repair_timing.rpt
estimate_parasitics -global_routing
global_route -start_incremental
global_route -end_incremental -congestion_report_file ./reports/nangate45/s9234f/phase0c_f3e7b516a_s19_k8_B0_77ca267c_7f655d61/congestion_post_recover_power.rpt
Repair antennas...
[WARNING GRT-0246] No diode with LEF class CORE ANTENNACELL found.
[INFO ANT-0002] Found 0 net violations.
[INFO ANT-0001] Found 0 pin violations.
Estimate parasitics...
estimate_parasitics -global_routing
Report metrics stage 5, global route...

==========================================================================
global route report_design_area
--------------------------------------------------------------------------
Design area 3644 um^2 36% utilization.
[INFO FLW-0007] clock clk period 10.000000
[INFO FLW-0008] Clock clk period 1.212
[INFO FLW-0009] Clock clk slack 8.724
write_sdc -no_timestamp ./results/nangate45/s9234f/phase0c_f3e7b516a_s19_k8_B0_77ca267c_7f655d61/updated_clks.sdc
[INFO FLW-0011] Path endpoint path count 916
write_db ./results/nangate45/s9234f/phase0c_f3e7b516a_s19_k8_B0_77ca267c_7f655d61/5_1_grt.odb
write_sdc -no_timestamp ./results/nangate45/s9234f/phase0c_f3e7b516a_s19_k8_B0_77ca267c_7f655d61/5_1_grt.sdc
Log                       Ext     Elapsed/s Peak Memory/MB sha1sum result [0:20)
5_1_grt                   .odb           12            310 1af110229f1b91a09300
5_1_grt                   .sdc                             ef79d21436d690ebafd1
/root/pact-deps/OpenROAD-flow-scripts/flow/scripts/flow.sh 5_2_route detail_route
Running detail_route.tcl, stage 5_2_route
read_liberty /root/pact-deps/OpenROAD-flow-scripts/flow/platforms/nangate45/lib/NangateOpenCellLibrary_typical.lib
read_db ./results/nangate45/s9234f/phase0c_f3e7b516a_s19_k8_B0_77ca267c_7f655d61/5_1_grt.odb
read_sdc ./results/nangate45/s9234f/phase0c_f3e7b516a_s19_k8_B0_77ca267c_7f655d61/5_1_grt.sdc
source /root/pact-deps/OpenROAD-flow-scripts/flow/platforms/nangate45/setRC.tcl
detailed_route -output_drc ./reports/nangate45/s9234f/phase0c_f3e7b516a_s19_k8_B0_77ca267c_7f655d61/5_route_drc.rpt -output_maze ./results/nangate45/s9234f/phase0c_f3e7b516a_s19_k8_B0_77ca267c_7f655d61/maze.log -droute_end_iter 64 -verbose 1 -drc_report_iter_step 5
[INFO DRT-0149] Reading tech and libs.

Units:                2000
Number of layers:     21
Number of macros:     135
Number of vias:       33
Number of viarulegen: 19

[INFO DRT-0150] Reading design.

Design:                   s9234f
Die area:                 ( 0 0 ) ( 206880 206880 )
Number of track patterns: 20
Number of DEF vias:       0
Number of components:     2806
Number of terminals:      95
Number of snets:          2
Number of nets:           2683

[INFO DRT-0167] List of default vias:
  Layer via2
    default via: via2_5
  Layer via3
    default via: via3_2
  Layer via4
    default via: via4_0
  Layer via5
    default via: via5_0
  Layer via6
    default via: via6_0
  Layer via7
    default via: via7_0
  Layer via8
    default via: via8_0
  Layer via9
    default via: via9_0
[INFO DRT-0162] Library cell analysis.
[INFO DRT-0163] Instance analysis.
[INFO DRT-0164] Number of unique instances = 49.
[INFO DRT-0168] Init region query.
[INFO DRT-0024]   Complete active.
[INFO DRT-0024]   Complete Fr_VIA.
[INFO DRT-0024]   Complete metal1.
[INFO DRT-0024]   Complete via1.
[INFO DRT-0024]   Complete metal2.
[INFO DRT-0024]   Complete via2.
[INFO DRT-0024]   Complete metal3.
[INFO DRT-0024]   Complete via3.
[INFO DRT-0024]   Complete metal4.
[INFO DRT-0024]   Complete via4.
[INFO DRT-0024]   Complete metal5.
[INFO DRT-0024]   Complete via5.
[INFO DRT-0024]   Complete metal6.
[INFO DRT-0024]   Complete via6.
[INFO DRT-0024]   Complete metal7.
[INFO DRT-0024]   Complete via7.
[INFO DRT-0024]   Complete metal8.
[INFO DRT-0024]   Complete via8.
[INFO DRT-0024]   Complete metal9.
[INFO DRT-0024]   Complete via9.
[INFO DRT-0024]   Complete metal10.
[INFO DRT-0033] active shape region query size = 0.
[INFO DRT-0033] FR_VIA shape region query size = 0.
[INFO DRT-0033] metal1 shape region query size = 42660.
[INFO DRT-0033] via1 shape region query size = 438.
[INFO DRT-0033] metal2 shape region query size = 292.
[INFO DRT-0033] via2 shape region query size = 438.
[INFO DRT-0033] metal3 shape region query size = 292.
[INFO DRT-0033] via3 shape region query size = 438.
[INFO DRT-0033] metal4 shape region query size = 164.
[INFO DRT-0033] via4 shape region query size = 140.
[INFO DRT-0033] metal5 shape region query size = 76.
[INFO DRT-0033] via5 shape region query size = 140.
[INFO DRT-0033] metal6 shape region query size = 73.
[INFO DRT-0033] via6 shape region query size = 56.
[INFO DRT-0033] metal7 shape region query size = 28.
[INFO DRT-0033] via7 shape region query size = 0.
[INFO DRT-0033] metal8 shape region query size = 0.
[INFO DRT-0033] via8 shape region query size = 0.
[INFO DRT-0033] metal9 shape region query size = 0.
[INFO DRT-0033] via9 shape region query size = 0.
[INFO DRT-0033] metal10 shape region query size = 0.
[INFO DRT-0165] Start pin access.
[INFO DRT-0078]   Complete 249 pins.
[INFO DRT-0081]   Complete 49 unique inst patterns.
[INFO DRT-0084]   Complete 1562 groups.
#scanned instances     = 2806
#unique  instances     = 49
#stdCellGenAp          = 1067
#stdCellValidPlanarAp  = 0
#stdCellValidViaAp     = 854
#stdCellPinNoAp        = 0
#stdCellPinCnt         = 8141
#instTermValidViaApCnt = 0
#macroGenAp            = 0
#macroValidPlanarAp    = 0
#macroValidViaAp       = 0
#macroNoAp             = 0
[INFO DRT-0166] Complete pin access.
[INFO DRT-0267] cpu time = 00:00:27, elapsed time = 00:00:07, memory = 266.48 (MB), peak = 265.88 (MB)

[INFO DRT-0157] Number of guides:     22805

[INFO DRT-0169] Post process guides.
[INFO DRT-0176] GCELLGRID X 0 DO 36 STEP 5700 ;
[INFO DRT-0177] GCELLGRID Y 0 DO 36 STEP 5700 ;
[INFO DRT-0028]   Complete active.
[INFO DRT-0028]   Complete Fr_VIA.
[INFO DRT-0028]   Complete metal1.
[INFO DRT-0028]   Complete via1.
[INFO DRT-0028]   Complete metal2.
[INFO DRT-0028]   Complete via2.
[INFO DRT-0028]   Complete metal3.
[INFO DRT-0028]   Complete via3.
[INFO DRT-0028]   Complete metal4.
[INFO DRT-0028]   Complete via4.
[INFO DRT-0028]   Complete metal5.
[INFO DRT-0028]   Complete via5.
[INFO DRT-0028]   Complete metal6.
[INFO DRT-0028]   Complete via6.
[INFO DRT-0028]   Complete metal7.
[INFO DRT-0028]   Complete via7.
[INFO DRT-0028]   Complete metal8.
[INFO DRT-0028]   Complete via8.
[INFO DRT-0028]   Complete metal9.
[INFO DRT-0028]   Complete via9.
[INFO DRT-0028]   Complete metal10.
[INFO DRT-0178] Init guide query.
[INFO DRT-0035]   Complete active (guide).
[INFO DRT-0035]   Complete Fr_VIA (guide).
[INFO DRT-0035]   Complete metal1 (guide).
[INFO DRT-0035]   Complete via1 (guide).
[INFO DRT-0035]   Complete metal2 (guide).
[INFO DRT-0035]   Complete via2 (guide).
[INFO DRT-0035]   Complete metal3 (guide).
[INFO DRT-0035]   Complete via3 (guide).
[INFO DRT-0035]   Complete metal4 (guide).
[INFO DRT-0035]   Complete via4 (guide).
[INFO DRT-0035]   Complete metal5 (guide).
[INFO DRT-0035]   Complete via5 (guide).
[INFO DRT-0035]   Complete metal6 (guide).
[INFO DRT-0035]   Complete via6 (guide).
[INFO DRT-0035]   Complete metal7 (guide).
[INFO DRT-0035]   Complete via7 (guide).
[INFO DRT-0035]   Complete metal8 (guide).
[INFO DRT-0035]   Complete via8 (guide).
[INFO DRT-0035]   Complete metal9 (guide).
[INFO DRT-0035]   Complete via9 (guide).
[INFO DRT-0035]   Complete metal10 (guide).
[INFO DRT-0036] active guide region query size = 0.
[INFO DRT-0036] FR_VIA guide region query size = 0.
[INFO DRT-0036] metal1 guide region query size = 7228.
[INFO DRT-0036] via1 guide region query size = 0.
[INFO DRT-0036] metal2 guide region query size = 6623.
[INFO DRT-0036] via2 guide region query size = 0.
[INFO DRT-0036] metal3 guide region query size = 3839.
[INFO DRT-0036] via3 guide region query size = 0.
[INFO DRT-0036] metal4 guide region query size = 822.
[INFO DRT-0036] via4 guide region query size = 0.
[INFO DRT-0036] metal5 guide region query size = 352.
[INFO DRT-0036] via5 guide region query size = 0.
[INFO DRT-0036] metal6 guide region query size = 111.
[INFO DRT-0036] via6 guide region query size = 0.
[INFO DRT-0036] metal7 guide region query size = 5.
[INFO DRT-0036] via7 guide region query size = 0.
[INFO DRT-0036] metal8 guide region query size = 0.
[INFO DRT-0036] via8 guide region query size = 0.
[INFO DRT-0036] metal9 guide region query size = 0.
[INFO DRT-0036] via9 guide region query size = 0.
[INFO DRT-0036] metal10 guide region query size = 0.
[INFO DRT-0179] Init gr pin query.
[INFO DRT-0267] cpu time = 00:00:00, elapsed time = 00:00:00, memory = 274.77 (MB), peak = 274.26 (MB)
[INFO DRT-0245] skipped writing guide updates to database.
[INFO DRT-0181] Start track assignment.
[INFO DRT-0184] Done with 7556 vertical wires in 1 frboxes and 11424 horizontal wires in 1 frboxes.
[INFO DRT-0186] Done with 2306 vertical wires in 1 frboxes and 2774 horizontal wires in 1 frboxes.
[INFO DRT-0182] Complete track assignment.
[INFO DRT-0267] cpu time = 00:00:02, elapsed time = 00:00:01, memory = 327.86 (MB), peak = 327.44 (MB)
[INFO DRT-0187] Start routing data preparation.
[INFO DRT-0267] cpu time = 00:00:00, elapsed time = 00:00:00, memory = 327.92 (MB), peak = 327.44 (MB)
[INFO DRT-0194] Start detail routing.
[INFO DRT-0195] Start 0th optimization iteration.
    Completing 10% with 0 violations.
    elapsed time = 00:00:01, memory = 385.44 (MB).
    Completing 20% with 0 violations.
    elapsed time = 00:00:04, memory = 382.17 (MB).
    Completing 30% with 120 violations.
    elapsed time = 00:00:05, memory = 419.43 (MB).
    Completing 40% with 120 violations.
    elapsed time = 00:00:06, memory = 446.48 (MB).
    Completing 50% with 120 violations.
    elapsed time = 00:00:08, memory = 394.88 (MB).
    Completing 60% with 184 violations.
    elapsed time = 00:00:10, memory = 436.35 (MB).
    Completing 70% with 184 violations.
    elapsed time = 00:00:12, memory = 442.68 (MB).
    Completing 80% with 287 violations.
    elapsed time = 00:00:15, memory = 453.22 (MB).
    Completing 90% with 287 violations.
    elapsed time = 00:00:16, memory = 453.22 (MB).
    Completing 100% with 367 violations.
    elapsed time = 00:00:18, memory = 453.54 (MB).
[INFO DRT-0199]   Number of violations = 496.
Viol/Layer      metal2   via2 metal3 metal4 metal5
Cut Spacing          0      2      0      0      0
Metal Spacing       32      0      3      3      0
Recheck             81      0     42      5      1
Short              303      1     23      0      0
[INFO DRT-0267] cpu time = 00:00:55, elapsed time = 00:00:20, memory = 970.87 (MB), peak = 970.26 (MB)
Total wire length = 42709 um.
Total wire length on LAYER metal1 = 0 um.
Total wire length on LAYER metal2 = 14964 um.
Total wire length on LAYER metal3 = 17151 um.
Total wire length on LAYER metal4 = 5302 um.
Total wire length on LAYER metal5 = 3588 um.
Total wire length on LAYER metal6 = 1515 um.
Total wire length on LAYER metal7 = 187 um.
Total wire length on LAYER metal8 = 0 um.
Total wire length on LAYER metal9 = 0 um.
Total wire length on LAYER metal10 = 0 um.
Total number of vias = 18807.
Up-via summary (total 18807):

----------------
 active        0
 metal1     8201
 metal2     8862
 metal3     1102
 metal4      462
 metal5      170
 metal6       10
 metal7        0
 metal8        0
 metal9        0
----------------
       18807


[INFO DRT-0195] Start 1st optimization iteration.
    Completing 10% with 496 violations.
    elapsed time = 00:00:00, memory = 999.67 (MB).
    Completing 20% with 496 violations.
    elapsed time = 00:00:04, memory = 979.51 (MB).
    Completing 30% with 428 violations.
    elapsed time = 00:00:04, memory = 985.44 (MB).
    Completing 40% with 428 violations.
    elapsed time = 00:00:06, memory = 985.44 (MB).
    Completing 50% with 428 violations.
    elapsed time = 00:00:09, memory = 985.45 (MB).
    Completing 60% with 331 violations.
    elapsed time = 00:00:11, memory = 985.45 (MB).
    Completing 70% with 331 violations.
    elapsed time = 00:00:14, memory = 985.45 (MB).
    Completing 80% with 247 violations.
    elapsed time = 00:00:17, memory = 987.04 (MB).
    Completing 90% with 247 violations.
    elapsed time = 00:00:16, memory = 987.04 (MB).
    Completing 100% with 142 violations.
    elapsed time = 00:00:18, memory = 991.67 (MB).
[INFO DRT-0199]   Number of violations = 142.
Viol/Layer      metal2   via2 metal3
Cut Spacing          0      1      0
Metal Spacing       18      0      3
Short              109      0     11
[INFO DRT-0267] cpu time = 00:00:55, elapsed time = 00:00:20, memory = 994.67 (MB), peak = 1007.64 (MB)
Total wire length = 42357 um.
Total wire length on LAYER metal1 = 0 um.
Total wire length on LAYER metal2 = 14775 um.
Total wire length on LAYER metal3 = 17070 um.
Total wire length on LAYER metal4 = 5266 um.
Total wire length on LAYER metal5 = 3553 um.
Total wire length on LAYER metal6 = 1507 um.
Total wire length on LAYER metal7 = 184 um.
Total wire length on LAYER metal8 = 0 um.
Total wire length on LAYER metal9 = 0 um.
Total wire length on LAYER metal10 = 0 um.
Total number of vias = 18729.
Up-via summary (total 18729):

----------------
 active        0
 metal1     8204
 metal2     8806
 metal3     1087
 metal4      454
 metal5      168
 metal6       10
 metal7        0
 metal8        0
 metal9        0
----------------
       18729


[INFO DRT-0195] Start 2nd optimization iteration.
    Completing 10% with 142 violations.
    elapsed time = 00:00:00, memory = 994.67 (MB).
    Completing 20% with 142 violations.
    elapsed time = 00:00:01, memory = 994.67 (MB).
    Completing 30% with 161 violations.
    elapsed time = 00:00:04, memory = 994.67 (MB).
    Completing 40% with 161 violations.
    elapsed time = 00:00:05, memory = 999.53 (MB).
    Completing 50% with 161 violations.
    elapsed time = 00:00:07, memory = 999.53 (MB).
    Completing 60% with 152 violations.
    elapsed time = 00:00:07, memory = 999.53 (MB).
    Completing 70% with 152 violations.
    elapsed time = 00:00:10, memory = 999.53 (MB).
    Completing 80% with 150 violations.
    elapsed time = 00:00:14, memory = 999.53 (MB).
    Completing 90% with 150 violations.
    elapsed time = 00:00:16, memory = 999.53 (MB).
    Completing 100% with 141 violations.
    elapsed time = 00:00:19, memory = 999.53 (MB).
[INFO DRT-0199]   Number of violations = 141.
Viol/Layer      metal2 metal3   via4
Cut Spacing          0      0      1
Metal Spacing       21      2      0
Short              105     12      0
[INFO DRT-0267] cpu time = 00:00:43, elapsed time = 00:00:19, memory = 999.53 (MB), peak = 1007.64 (MB)
Total wire length = 42272 um.
Total wire length on LAYER metal1 = 0 um.
Total wire length on LAYER metal2 = 14764 um.
Total wire length on LAYER metal3 = 17014 um.
Total wire length on LAYER metal4 = 5258 um.
Total wire length on LAYER metal5 = 3554 um.
Total wire length on LAYER metal6 = 1496 um.
Total wire length on LAYER metal7 = 183 um.
Total wire length on LAYER metal8 = 0 um.
Total wire length on LAYER metal9 = 0 um.
Total wire length on LAYER metal10 = 0 um.
Total number of vias = 18630.
Up-via summary (total 18630):

----------------
 active        0
 metal1     8204
 metal2     8726
 metal3     1084
 metal4      447
 metal5      159
 metal6       10
 metal7        0
 metal8        0
 metal9        0
----------------
       18630


[INFO DRT-0195] Start 3rd optimization iteration.
    Completing 10% with 141 violations.
    elapsed time = 00:00:00, memory = 999.53 (MB).
    Completing 20% with 141 violations.
    elapsed time = 00:00:02, memory = 1020.71 (MB).
    Completing 30% with 105 violations.
    elapsed time = 00:00:07, memory = 1012.09 (MB).
    Completing 40% with 105 violations.
    elapsed time = 00:00:07, memory = 1012.09 (MB).
    Completing 50% with 105 violations.
    elapsed time = 00:00:08, memory = 1012.09 (MB).
    Completing 60% with 78 violations.
    elapsed time = 00:00:08, memory = 1012.09 (MB).
    Completing 70% with 78 violations.
    elapsed time = 00:00:10, memory = 1012.09 (MB).
    Completing 80% with 28 violations.
    elapsed time = 00:00:11, memory = 1012.09 (MB).
    Completing 90% with 28 violations.
    elapsed time = 00:00:11, memory = 1012.09 (MB).
    Completing 100% with 2 violations.
    elapsed time = 00:00:12, memory = 1012.09 (MB).
[INFO DRT-0199]   Number of violations = 2.
Viol/Layer      metal2   via2
Cut Spacing          0      1
Short                1      0
[INFO DRT-0267] cpu time = 00:00:26, elapsed time = 00:00:12, memory = 1012.09 (MB), peak = 1020.14 (MB)
Total wire length = 42245 um.
Total wire length on LAYER metal1 = 0 um.
Total wire length on LAYER metal2 = 14544 um.
Total wire length on LAYER metal3 = 17057 um.
Total wire length on LAYER metal4 = 5423 um.
Total wire length on LAYER metal5 = 3539 um.
Total wire length on LAYER metal6 = 1496 um.
Total wire length on LAYER metal7 = 183 um.
Total wire length on LAYER metal8 = 0 um.
Total wire length on LAYER metal9 = 0 um.
Total wire length on LAYER metal10 = 0 um.
Total number of vias = 18738.
Up-via summary (total 18738):

----------------
 active        0
 metal1     8208
 metal2     8762
 metal3     1154
 metal4      445
 metal5      159
 metal6       10
 metal7        0
 metal8        0
 metal9        0
----------------
       18738


[INFO DRT-0195] Start 4th guides tiles iteration.
    Completing 20% with 2 violations.
    elapsed time = 00:00:00, memory = 1012.09 (MB).
    Completing 50% with 0 violations.
    elapsed time = 00:00:00, memory = 1012.09 (MB).
    Completing 70% with 0 violations.
    elapsed time = 00:00:00, memory = 1012.09 (MB).
    Completing 100% with 0 violations.
    elapsed time = 00:00:00, memory = 1012.09 (MB).
[INFO DRT-0199]   Number of violations = 0.
[INFO DRT-0267] cpu time = 00:00:00, elapsed time = 00:00:00, memory = 1012.09 (MB), peak = 1020.14 (MB)
Total wire length = 42244 um.
Total wire length on LAYER metal1 = 0 um.
Total wire length on LAYER metal2 = 14544 um.
Total wire length on LAYER metal3 = 17056 um.
Total wire length on LAYER metal4 = 5423 um.
Total wire length on LAYER metal5 = 3539 um.
Total wire length on LAYER metal6 = 1496 um.
Total wire length on LAYER metal7 = 183 um.
Total wire length on LAYER metal8 = 0 um.
Total wire length on LAYER metal9 = 0 um.
Total wire length on LAYER metal10 = 0 um.
Total number of vias = 18735.
Up-via summary (total 18735):

----------------
 active        0
 metal1     8208
 metal2     8759
 metal3     1154
 metal4      445
 metal5      159
 metal6       10
 metal7        0
 metal8        0
 metal9        0
----------------
       18735


[INFO DRT-0198] Complete detail routing.
Total wire length = 42244 um.
Total wire length on LAYER metal1 = 0 um.
Total wire length on LAYER metal2 = 14544 um.
Total wire length on LAYER metal3 = 17056 um.
Total wire length on LAYER metal4 = 5423 um.
Total wire length on LAYER metal5 = 3539 um.
Total wire length on LAYER metal6 = 1496 um.
Total wire length on LAYER metal7 = 183 um.
Total wire length on LAYER metal8 = 0 um.
Total wire length on LAYER metal9 = 0 um.
Total wire length on LAYER metal10 = 0 um.
Total number of vias = 18735.
Up-via summary (total 18735):

----------------
 active        0
 metal1     8208
 metal2     8759
 metal3     1154
 metal4      445
 metal5      159
 metal6       10
 metal7        0
 metal8        0
 metal9        0
----------------
       18735


[INFO DRT-0267] cpu time = 00:03:01, elapsed time = 00:01:13, memory = 1012.15 (MB), peak = 1020.14 (MB)

[INFO DRT-0180] Post processing.
Took 83 seconds: detailed_route -output_drc ./reports/nangate45/s9234f/phase0c_f3e7b516a_s19_k8_B0_77ca267c_7f655d61/5_route_drc.rpt -output_maze ./results/nangate45/s9234f/phase0c_f3e7b516a_s19_k8_B0_77ca267c_7f655d61/maze.log -droute_end_iter 64 -verbose 1 -drc_report_iter_step 5
[WARNING GRT-0246] No diode with LEF class CORE ANTENNACELL found.
[INFO ANT-0002] Found 0 net violations.
[INFO ANT-0001] Found 0 pin violations.
[INFO ANT-0002] Found 0 net violations.
[INFO ANT-0001] Found 0 pin violations.
Design area 3644 um^2 36% utilization.
write_db ./results/nangate45/s9234f/phase0c_f3e7b516a_s19_k8_B0_77ca267c_7f655d61/5_2_route.odb
Log                       Ext     Elapsed/s Peak Memory/MB sha1sum result [0:20)
5_2_route                 .odb           89           1020 3d449be9a49d245136de
/root/pact-deps/OpenROAD-flow-scripts/flow/scripts/flow.sh 5_3_fillcell fillcell
Running fillcell.tcl, stage 5_3_fillcell
read_liberty /root/pact-deps/OpenROAD-flow-scripts/flow/platforms/nangate45/lib/NangateOpenCellLibrary_typical.lib
read_db ./results/nangate45/s9234f/phase0c_f3e7b516a_s19_k8_B0_77ca267c_7f655d61/5_2_route.odb
read_sdc ./results/nangate45/s9234f/phase0c_f3e7b516a_s19_k8_B0_77ca267c_7f655d61/5_1_grt.sdc
source /root/pact-deps/OpenROAD-flow-scripts/flow/platforms/nangate45/setRC.tcl
filler_placement "FILLCELL_X1 FILLCELL_X2 FILLCELL_X4 FILLCELL_X8 FILLCELL_X16 FILLCELL_X32"
[INFO DPL-0001] Placed 3424 filler instances.
Design area 3644 um^2 36% utilization.
write_db ./results/nangate45/s9234f/phase0c_f3e7b516a_s19_k8_B0_77ca267c_7f655d61/5_3_fillcell.odb
Log                       Ext     Elapsed/s Peak Memory/MB sha1sum result [0:20)
5_3_fillcell              .odb            0            120 c1e09cf615080c72a2eb
cp ./results/nangate45/s9234f/phase0c_f3e7b516a_s19_k8_B0_77ca267c_7f655d61/5_3_fillcell.odb ./results/nangate45/s9234f/phase0c_f3e7b516a_s19_k8_B0_77ca267c_7f655d61/5_route.odb
cp ./results/nangate45/s9234f/phase0c_f3e7b516a_s19_k8_B0_77ca267c_7f655d61/5_1_grt.sdc ./results/nangate45/s9234f/phase0c_f3e7b516a_s19_k8_B0_77ca267c_7f655d61/5_route.sdc
