OpenROAD 26Q2-1164-g08f67ee5ec 
Features included (+) or not (-): +GPU +GUI +Python
This program is licensed under the BSD-3 license. See the LICENSE file for details.
Components of this program may be licensed under more restrictive licenses which must be honored.
[INFO ORD-0030] Using 4 thread(s).
mkdir -p ./objects/nangate45/s9234f/phase0c_f3e7b516a_s13_k1_T_214862ee_7f655d61
/root/pact-deps/OpenROAD-flow-scripts/flow/scripts/flow.sh 4_1_cts cts
Running cts.tcl, stage 4_1_cts
read_liberty /root/pact-deps/OpenROAD-flow-scripts/flow/platforms/nangate45/lib/NangateOpenCellLibrary_typical.lib
read_db ./results/nangate45/s9234f/phase0c_f3e7b516a_s13_k1_T_214862ee_7f655d61/3_place.odb
read_sdc ./results/nangate45/s9234f/phase0c_f3e7b516a_s13_k1_T_214862ee_7f655d61/3_place.sdc
source /root/pact-deps/OpenROAD-flow-scripts/flow/platforms/nangate45/setRC.tcl
clock_tree_synthesis -sink_clustering_enable -repair_clock_nets
[INFO CTS-0050] Root buffer is CLKBUF_X3.
[INFO CTS-0051] Sink buffer is CLKBUF_X3.
[INFO CTS-0052] The following clock buffers will be used for CTS:
                    CLKBUF_X3
[INFO CTS-0049] Characterization buffer is CLKBUF_X3.
[INFO CTS-0007] Net "CK" found for clock "clk".
[INFO CTS-0010]  Clock net "CK" has 211 sinks.
[INFO CTS-0008] TritonCTS found 1 clock nets.
[INFO CTS-0097] Characterization used 1 buffer(s) types.
[INFO CTS-0201] 0 blockages from hard placement blockages and placed macros will be used.
[INFO CTS-0027] Generating H-Tree topology for net CK.
[INFO CTS-0028]  Total number of sinks: 211.
[INFO CTS-0090]  Sinks will be clustered based on buffer max cap.
[INFO CTS-0030]  Number of static layers: 0.
[INFO CTS-0020]  Wire segment unit: 14000  dbu (7 um).
[INFO CTS-0206] Best clustering solution was found from max clustering size of 9 and max clustering diameter of 34.
[INFO CTS-0019]  Total number of sinks after clustering: 33.
[INFO CTS-0024]  Normalized sink region: [(2.48369, 1.62571), (12.5485, 13.4429)].
[INFO CTS-0025]     Width:  10.0648.
[INFO CTS-0026]     Height: 11.8171.
 Level 1
    Direction: Vertical
    Sinks per sub-region: 17
    Sub-region size: 10.0648 X 5.9086
[INFO CTS-0034]     Segment length (rounded): 2.
 Level 2
    Direction: Horizontal
    Sinks per sub-region: 9
    Sub-region size: 5.0324 X 5.9086
[INFO CTS-0034]     Segment length (rounded): 2.
[INFO CTS-0032]  Stop criterion found. Max number of sinks is 15.
[INFO CTS-0035]  Number of sinks covered: 33.
[INFO CTS-0018]     Created 38 clock buffers.
[INFO CTS-0012]     Minimum number of buffers in the clock path: 3.
[INFO CTS-0013]     Maximum number of buffers in the clock path: 3.
[INFO CTS-0015]     Created 38 clock nets.
[INFO CTS-0016]     Fanout distribution for the current clock = 4:1, 5:5, 6:11, 7:15, 8:2, 9:2, 10:1..
[INFO CTS-0017]     Max level of the clock tree: 2.
[INFO CTS-0098] Clock net "CK"
[INFO CTS-0099]  Sinks 230
[INFO CTS-0100]  Leaf buffers 33
[INFO CTS-0101]  Average sink wire length 140.47 um
[INFO CTS-0102]  Path depth 2 - 3
[INFO CTS-0207]  Dummy loads inserted 19
estimate_parasitics -placement
detailed_placement
[INFO DPL-0006] Core area: 10208.02 um^2, Instances area: 3596.32 um^2, Utilization: 35.2%
[INFO DPL-0005] Diamond search max displacement: +/- 500 sites horizontally, +/- 100 rows vertically.
[INFO DPL-1101] Legalizing using diamond search.
Movements Summary
---------------------------------------
Total cells:                    2601
Diamond Move Success:           2601 (100.00%)
Diamond Move Failure:              0
Rip-up and replace Success:        0 (  0.00% of diamond failures)
Rip-up and replace Failure:        0
Total Placement Failures:          0
---------------------------------------
Placement Analysis
---------------------------------
total displacement         86.6 u
average displacement        0.0 u
max displacement            2.8 u
original HPWL           32804.6 u
legalized HPWL          32808.2 u
delta HPWL                    0 %

estimate_parasitics -placement
repair_timing -setup_margin 0 -hold_margin 0 -repair_tns 100 -verbose
[INFO RSZ-0100] Repair move sequence: UnbufferMove SizeUpMove SwapPinsMove BufferMove CloneMove SplitLoadMove 
[INFO RSZ-0098] No setup violations found
[INFO RSZ-0046] Found 59 endpoints with hold violations.
Iteration | Resized | Buffers | Cloned Gates |   Area   |   WNS   |   TNS   | Endpoint
--------------------------------------------------------------------------------------
        0 |       0 |       0 |            0 |    +0.0% |  -0.094 |  -1.822 | U_g666/D
       10 |       0 |      18 |            0 |    +0.4% |  -0.076 |  -1.251 | U_g688/D
       20 |       0 |      32 |            0 |    +0.7% |  -0.040 |  -0.332 | U_g666/D
       30 |       0 |      32 |            0 |    +0.7% |  -0.040 |  -0.332 | U_g666/D
       40 |       0 |      32 |            0 |    +0.7% |  -0.040 |  -0.332 | U_g666/D
       50 |       0 |      35 |            0 |    +0.8% |  -0.040 |  -0.226 | U_g666/D
       60 |       0 |      38 |            0 |    +0.8% |  -0.040 |  -0.202 | U_g666/D
       60 |       0 |      38 |            0 |    +0.8% |  -0.040 |  -0.202 | U_g666/D
    final |       0 |      49 |            0 |    +1.1% |   0.000 |   0.000 | U_g689/D
--------------------------------------------------------------------------------------
[INFO RSZ-0032] Inserted 49 hold buffers.
detailed_placement
[INFO DPL-0006] Core area: 10208.02 um^2, Instances area: 3635.42 um^2, Utilization: 35.6%
[INFO DPL-0005] Diamond search max displacement: +/- 500 sites horizontally, +/- 100 rows vertically.
[INFO DPL-1101] Legalizing using diamond search.
Movements Summary
---------------------------------------
Total cells:                    2650
Diamond Move Success:           2650 (100.00%)
Diamond Move Failure:              0
Rip-up and replace Success:        0 (  0.00% of diamond failures)
Rip-up and replace Failure:        0
Total Placement Failures:          0
---------------------------------------
Placement Analysis
---------------------------------
total displacement         69.1 u
average displacement        0.0 u
max displacement            2.8 u
original HPWL           32899.3 u
legalized HPWL          32934.3 u
delta HPWL                    0 %

estimate_parasitics -placement
Report metrics stage 4, cts final...

==========================================================================
cts final report_design_area
--------------------------------------------------------------------------
Design area 3635 um^2 36% utilization.
write_db ./results/nangate45/s9234f/phase0c_f3e7b516a_s13_k1_T_214862ee_7f655d61/4_1_cts.odb
write_sdc -no_timestamp ./results/nangate45/s9234f/phase0c_f3e7b516a_s13_k1_T_214862ee_7f655d61/4_cts.sdc
Log                       Ext     Elapsed/s Peak Memory/MB sha1sum result [0:20)
4_1_cts                   .odb            4            159 0b7e7baa133ef552ed6c
cp ./results/nangate45/s9234f/phase0c_f3e7b516a_s13_k1_T_214862ee_7f655d61/4_1_cts.odb ./results/nangate45/s9234f/phase0c_f3e7b516a_s13_k1_T_214862ee_7f655d61/4_cts.odb
/root/pact-deps/OpenROAD-flow-scripts/flow/scripts/flow.sh 5_1_grt global_route
Running global_route.tcl, stage 5_1_grt
read_liberty /root/pact-deps/OpenROAD-flow-scripts/flow/platforms/nangate45/lib/NangateOpenCellLibrary_typical.lib
read_db ./results/nangate45/s9234f/phase0c_f3e7b516a_s13_k1_T_214862ee_7f655d61/4_cts.odb
read_sdc ./results/nangate45/s9234f/phase0c_f3e7b516a_s13_k1_T_214862ee_7f655d61/4_cts.sdc
source /root/pact-deps/OpenROAD-flow-scripts/flow/platforms/nangate45/setRC.tcl
pin_access
[INFO DRT-0149] Reading tech and libs.

Units:                2000
Number of layers:     21
Number of macros:     135
Number of vias:       33
Number of viarulegen: 19

[INFO DRT-0150] Reading design.

Design:                   s9234f
Die area:                 ( 0 0 ) ( 206880 206880 )
Number of track patterns: 20
Number of DEF vias:       0
Number of components:     2794
Number of terminals:      81
Number of snets:          2
Number of nets:           2670

[INFO DRT-0167] List of default vias:
  Layer via2
    default via: via2_5
  Layer via3
    default via: via3_2
  Layer via4
    default via: via4_0
  Layer via5
    default via: via5_0
  Layer via6
    default via: via6_0
  Layer via7
    default via: via7_0
  Layer via8
    default via: via8_0
  Layer via9
    default via: via9_0
[INFO DRT-0162] Library cell analysis.
[INFO DRT-0163] Instance analysis.
[INFO DRT-0164] Number of unique instances = 49.
[INFO DRT-0168] Init region query.
[INFO DRT-0024]   Complete active.
[INFO DRT-0024]   Complete Fr_VIA.
[INFO DRT-0024]   Complete metal1.
[INFO DRT-0024]   Complete via1.
[INFO DRT-0024]   Complete metal2.
[INFO DRT-0024]   Complete via2.
[INFO DRT-0024]   Complete metal3.
[INFO DRT-0024]   Complete via3.
[INFO DRT-0024]   Complete metal4.
[INFO DRT-0024]   Complete via4.
[INFO DRT-0024]   Complete metal5.
[INFO DRT-0024]   Complete via5.
[INFO DRT-0024]   Complete metal6.
[INFO DRT-0024]   Complete via6.
[INFO DRT-0024]   Complete metal7.
[INFO DRT-0024]   Complete via7.
[INFO DRT-0024]   Complete metal8.
[INFO DRT-0024]   Complete via8.
[INFO DRT-0024]   Complete metal9.
[INFO DRT-0024]   Complete via9.
[INFO DRT-0024]   Complete metal10.
[INFO DRT-0033] active shape region query size = 0.
[INFO DRT-0033] FR_VIA shape region query size = 0.
[INFO DRT-0033] metal1 shape region query size = 42545.
[INFO DRT-0033] via1 shape region query size = 438.
[INFO DRT-0033] metal2 shape region query size = 292.
[INFO DRT-0033] via2 shape region query size = 438.
[INFO DRT-0033] metal3 shape region query size = 292.
[INFO DRT-0033] via3 shape region query size = 438.
[INFO DRT-0033] metal4 shape region query size = 164.
[INFO DRT-0033] via4 shape region query size = 140.
[INFO DRT-0033] metal5 shape region query size = 62.
[INFO DRT-0033] via5 shape region query size = 140.
[INFO DRT-0033] metal6 shape region query size = 73.
[INFO DRT-0033] via6 shape region query size = 56.
[INFO DRT-0033] metal7 shape region query size = 28.
[INFO DRT-0033] via7 shape region query size = 0.
[INFO DRT-0033] metal8 shape region query size = 0.
[INFO DRT-0033] via8 shape region query size = 0.
[INFO DRT-0033] metal9 shape region query size = 0.
[INFO DRT-0033] via9 shape region query size = 0.
[INFO DRT-0033] metal10 shape region query size = 0.
[INFO DRT-0165] Start pin access.
[INFO DRT-0078]   Complete 249 pins.
[INFO DRT-0081]   Complete 49 unique inst patterns.
[INFO DRT-0084]   Complete 1545 groups.
#scanned instances     = 2794
#unique  instances     = 49
#stdCellGenAp          = 1067
#stdCellValidPlanarAp  = 0
#stdCellValidViaAp     = 854
#stdCellPinNoAp        = 0
#stdCellPinCnt         = 8123
#instTermValidViaApCnt = 0
#macroGenAp            = 0
#macroValidPlanarAp    = 0
#macroValidViaAp       = 0
#macroNoAp             = 0
[INFO DRT-0166] Complete pin access.
[INFO DRT-0267] cpu time = 00:00:29, elapsed time = 00:00:07, memory = 119.24 (MB), peak = 118.84 (MB)
Took 7 seconds: pin_access
set_global_routing_random -seed 13
global_route -congestion_report_file ./reports/nangate45/s9234f/phase0c_f3e7b516a_s13_k1_T_214862ee_7f655d61/congestion.rpt -congestion_iterations 30 -congestion_report_iter_step 5 -verbose
[INFO GRT-0020] Min routing layer: metal2
[INFO GRT-0021] Max routing layer: metal10
[INFO GRT-0022] Global adjustment: 0%
[INFO GRT-0023] Grid origin: (0, 0)
[INFO GRT-0088] Layer metal1  Track-Pitch = 0.1400  line-2-Via Pitch: 0.1350
[INFO GRT-0088] Layer metal2  Track-Pitch = 0.1900  line-2-Via Pitch: 0.1400
[INFO GRT-0088] Layer metal3  Track-Pitch = 0.1400  line-2-Via Pitch: 0.1400
[INFO GRT-0088] Layer metal4  Track-Pitch = 0.2800  line-2-Via Pitch: 0.2800
[INFO GRT-0088] Layer metal5  Track-Pitch = 0.2800  line-2-Via Pitch: 0.2800
[INFO GRT-0088] Layer metal6  Track-Pitch = 0.2800  line-2-Via Pitch: 0.2800
[INFO GRT-0088] Layer metal7  Track-Pitch = 0.8000  line-2-Via Pitch: 0.8000
[INFO GRT-0088] Layer metal8  Track-Pitch = 0.8000  line-2-Via Pitch: 0.8000
[INFO GRT-0088] Layer metal9  Track-Pitch = 1.6000  line-2-Via Pitch: 1.6000
[INFO GRT-0088] Layer metal10 Track-Pitch = 1.6000  line-2-Via Pitch: 1.6000
[INFO GRT-0003] Macros: 0
[INFO GRT-0004] Blockages: 0
[INFO GRT-0019] Found 39 clock nets.
[INFO GRT-0001] Minimum degree: 2
[INFO GRT-0002] Maximum degree: 63

[INFO GRT-0053] Routing resources analysis:
          Routing      Original      Derated      Resource
Layer     Direction    Resources     Resources    Reduction (%)
---------------------------------------------------------------
metal1     Horizontal          0             0          0.00%
metal2     Vertical        18585          8750          52.92%
metal3     Horizontal      25711         12607          50.97%
metal4     Vertical        12600          8890          29.44%
metal5     Horizontal      12839          9040          29.59%
metal6     Vertical        12882          9077          29.54%
metal7     Horizontal       3920          2800          28.57%
metal8     Vertical         4480          3220          28.12%
metal9     Horizontal       2240          1260          43.75%
metal10    Vertical         2240          1260          43.75%
---------------------------------------------------------------

[INFO GRT-0197] Via related to pin nodes: 15522
[INFO GRT-0198] Via related Steiner nodes: 315
[INFO GRT-0199] Via filling finished.
[INFO GRT-0111] Final number of vias: 20225
[INFO GRT-0112] Final usage 3D: 73520

[INFO GRT-0096] Final congestion report:
Layer         Resource        Demand        Usage (%)    Max H / Max V / Total Overflow
---------------------------------------------------------------------------------------
metal1               0             0            0.00%             0 /  0 /  0
metal2            8750          4623           52.83%             0 /  0 /  0
metal3           12607          5421           43.00%             0 /  0 /  0
metal4            8890          1487           16.73%             0 /  0 /  0
metal5            9040           904           10.00%             0 /  0 /  0
metal6            9077           376            4.14%             0 /  0 /  0
metal7            2800            34            1.21%             0 /  0 /  0
metal8            3220             0            0.00%             0 /  0 /  0
metal9            1260             0            0.00%             0 /  0 /  0
metal10           1260             0            0.00%             0 /  0 /  0
---------------------------------------------------------------------------------------
Total            56904         12845           22.57%             0 /  0 /  0

[INFO GRT-0018] Total wirelength: 56099 um
[INFO GRT-0014] Routed nets: 2670
[INFO GRT-0303] Global routing runtime = 00:00:00
estimate_parasitics -global_routing
Perform buffer insertion and gate resizing...
repair_design -verbose
Iteration |   Area    | Resized | Buffers | Nets repaired | Remaining
---------------------------------------------------------------------
        0 |     +0.0% |       0 |       0 |             0 |      2900
       10 |     +0.0% |       0 |       0 |             0 |      2890
       20 |     +0.0% |       0 |       0 |             0 |      2880
       30 |     +0.0% |       0 |       0 |             0 |      2870
       40 |     +0.0% |       0 |       0 |             0 |      2860
       50 |     +0.0% |       0 |       0 |             0 |      2850
       60 |     +0.0% |       0 |       0 |             0 |      2840
       70 |     +0.0% |       0 |       0 |             0 |      2830
       80 |     +0.0% |       0 |       0 |             0 |      2820
       90 |     +0.0% |       0 |       0 |             0 |      2810
      100 |     +0.0% |       0 |       0 |             0 |      2800
      110 |     +0.0% |       0 |       0 |             0 |      2790
      120 |     +0.0% |       0 |       0 |             0 |      2780
      130 |     +0.0% |       0 |       0 |             0 |      2770
      140 |     +0.0% |       0 |       0 |             0 |      2760
      150 |     +0.0% |       0 |       0 |             0 |      2750
      160 |     +0.0% |       0 |       0 |             0 |      2740
      170 |     +0.0% |       0 |       0 |             0 |      2730
      180 |     +0.0% |       0 |       0 |             0 |      2720
      190 |     +0.0% |       0 |       0 |             0 |      2710
      200 |     +0.0% |       0 |       0 |             0 |      2700
      210 |     +0.0% |       0 |       0 |             0 |      2690
      220 |     +0.0% |       0 |       0 |             0 |      2680
      230 |     +0.0% |       0 |       0 |             0 |      2670
      240 |     +0.0% |       0 |       0 |             0 |      2660
      250 |     +0.0% |       0 |       0 |             0 |      2650
      260 |     +0.0% |       0 |       0 |             0 |      2640
      270 |     +0.0% |       0 |       0 |             0 |      2630
      280 |     +0.0% |       0 |       0 |             0 |      2620
      290 |     +0.0% |       0 |       0 |             0 |      2610
      300 |     +0.0% |       0 |       0 |             0 |      2600
      310 |     +0.0% |       0 |       0 |             0 |      2590
      320 |     +0.0% |       0 |       0 |             0 |      2580
      330 |     +0.0% |       0 |       0 |             0 |      2570
      340 |     +0.0% |       0 |       0 |             0 |      2560
      350 |     +0.0% |       0 |       0 |             0 |      2550
      360 |     +0.0% |       0 |       0 |             0 |      2540
      370 |     +0.0% |       0 |       0 |             0 |      2530
      380 |     +0.0% |       0 |       0 |             0 |      2520
      390 |     +0.0% |       0 |       0 |             0 |      2510
      400 |     +0.0% |       0 |       0 |             0 |      2500
      410 |     +0.0% |       0 |       0 |             0 |      2490
      420 |     +0.0% |       0 |       0 |             0 |      2480
      430 |     +0.0% |       0 |       0 |             0 |      2470
      440 |     +0.0% |       0 |       0 |             0 |      2460
      450 |     +0.0% |       0 |       0 |             0 |      2450
      460 |     +0.0% |       0 |       0 |             0 |      2440
      470 |     +0.0% |       0 |       0 |             0 |      2430
      480 |     +0.0% |       0 |       0 |             0 |      2420
      490 |     +0.0% |       0 |       0 |             0 |      2410
      500 |     +0.0% |       0 |       0 |             0 |      2400
      510 |     +0.0% |       0 |       0 |             0 |      2390
      520 |     +0.0% |       0 |       0 |             0 |      2380
      530 |     +0.0% |       0 |       0 |             0 |      2370
      540 |     +0.0% |       0 |       0 |             0 |      2360
      550 |     +0.0% |       0 |       0 |             0 |      2350
      560 |     +0.0% |       0 |       0 |             0 |      2340
      570 |     +0.0% |       0 |       0 |             0 |      2330
      580 |     +0.0% |       0 |       0 |             0 |      2320
      590 |     +0.0% |       0 |       0 |             0 |      2310
      600 |     +0.0% |       0 |       0 |             0 |      2300
      610 |     +0.0% |       0 |       0 |             0 |      2290
      620 |     +0.0% |       0 |       0 |             0 |      2280
      630 |     +0.0% |       0 |       0 |             0 |      2270
      640 |     +0.0% |       0 |       0 |             0 |      2260
      650 |     +0.0% |       0 |       0 |             0 |      2250
      660 |     +0.0% |       0 |       0 |             0 |      2240
      670 |     +0.0% |       0 |       0 |             0 |      2230
      680 |     +0.0% |       0 |       0 |             0 |      2220
      690 |     +0.0% |       0 |       0 |             0 |      2210
      700 |     +0.0% |       0 |       0 |             0 |      2200
      710 |     +0.0% |       0 |       0 |             0 |      2190
      720 |     +0.0% |       0 |       0 |             0 |      2180
      730 |     +0.0% |       0 |       0 |             0 |      2170
      740 |     +0.0% |       0 |       0 |             0 |      2160
      750 |     +0.0% |       0 |       0 |             0 |      2150
      760 |     +0.0% |       0 |       0 |             0 |      2140
      770 |     +0.0% |       0 |       0 |             0 |      2130
      780 |     +0.0% |       0 |       0 |             0 |      2120
      790 |     +0.0% |       0 |       0 |             0 |      2110
      800 |     +0.0% |       0 |       0 |             0 |      2100
      810 |     +0.0% |       0 |       0 |             0 |      2090
      820 |     +0.0% |       0 |       0 |             0 |      2080
      830 |     +0.0% |       0 |       0 |             0 |      2070
      840 |     +0.0% |       0 |       0 |             0 |      2060
      850 |     +0.0% |       0 |       0 |             0 |      2050
      860 |     +0.0% |       0 |       0 |             0 |      2040
      870 |     +0.0% |       0 |       0 |             0 |      2030
      880 |     +0.0% |       0 |       0 |             0 |      2020
      890 |     +0.0% |       0 |       0 |             0 |      2010
      900 |     +0.0% |       0 |       0 |             0 |      2000
      910 |     +0.0% |       0 |       0 |             0 |      1990
      920 |     +0.0% |       0 |       0 |             0 |      1980
      930 |     +0.0% |       0 |       0 |             0 |      1970
      940 |     +0.0% |       0 |       0 |             0 |      1960
      950 |     +0.0% |       0 |       0 |             0 |      1950
      960 |     +0.0% |       0 |       0 |             0 |      1940
      970 |     +0.0% |       0 |       0 |             0 |      1930
      980 |     +0.0% |       0 |       0 |             0 |      1920
      990 |     +0.0% |       0 |       0 |             0 |      1910
     1000 |     +0.0% |       0 |       0 |             0 |      1900
     1010 |     +0.0% |       0 |       0 |             0 |      1890
     1020 |     +0.0% |       0 |       0 |             0 |      1880
     1030 |     +0.0% |       0 |       0 |             0 |      1870
     1040 |     +0.0% |       0 |       0 |             0 |      1860
     1050 |     +0.0% |       0 |       0 |             0 |      1850
     1060 |     +0.0% |       0 |       0 |             0 |      1840
     1070 |     +0.0% |       0 |       0 |             0 |      1830
     1080 |     +0.0% |       0 |       0 |             0 |      1820
     1090 |     +0.0% |       0 |       0 |             0 |      1810
     1100 |     +0.0% |       0 |       0 |             0 |      1800
     1110 |     +0.0% |       0 |       0 |             0 |      1790
     1120 |     +0.0% |       0 |       0 |             0 |      1780
     1130 |     +0.0% |       0 |       0 |             0 |      1770
     1140 |     +0.0% |       0 |       0 |             0 |      1760
     1150 |     +0.0% |       0 |       0 |             0 |      1750
     1160 |     +0.0% |       0 |       0 |             0 |      1740
     1170 |     +0.0% |       0 |       0 |             0 |      1730
     1180 |     +0.0% |       0 |       0 |             0 |      1720
     1190 |     +0.0% |       0 |       0 |             0 |      1710
     1200 |     +0.0% |       0 |       0 |             0 |      1700
     1210 |     +0.0% |       0 |       0 |             0 |      1690
     1220 |     +0.0% |       0 |       0 |             0 |      1680
     1230 |     +0.0% |       0 |       0 |             0 |      1670
     1240 |     +0.0% |       0 |       0 |             0 |      1660
     1250 |     +0.0% |       0 |       0 |             0 |      1650
     1260 |     +0.0% |       0 |       0 |             0 |      1640
     1270 |     +0.0% |       0 |       0 |             0 |      1630
     1280 |     +0.0% |       0 |       0 |             0 |      1620
     1290 |     +0.0% |       0 |       0 |             0 |      1610
     1300 |     +0.0% |       0 |       0 |             0 |      1600
     1310 |     +0.0% |       0 |       0 |             0 |      1590
     1320 |     +0.0% |       0 |       0 |             0 |      1580
     1330 |     +0.0% |       0 |       0 |             0 |      1570
     1340 |     +0.0% |       0 |       0 |             0 |      1560
     1350 |     +0.0% |       0 |       0 |             0 |      1550
     1360 |     +0.0% |       0 |       0 |             0 |      1540
     1370 |     +0.0% |       0 |       0 |             0 |      1530
     1380 |     +0.0% |       0 |       0 |             0 |      1520
     1390 |     +0.0% |       0 |       0 |             0 |      1510
     1400 |     +0.0% |       0 |       0 |             0 |      1500
     1410 |     +0.0% |       0 |       0 |             0 |      1490
     1420 |     +0.0% |       0 |       0 |             0 |      1480
     1430 |     +0.0% |       0 |       0 |             0 |      1470
     1440 |     +0.0% |       0 |       0 |             0 |      1460
     1450 |     +0.0% |       0 |       0 |             0 |      1450
     1460 |     +0.0% |       0 |       0 |             0 |      1440
     1470 |     +0.0% |       0 |       0 |             0 |      1430
     1480 |     +0.0% |       0 |       0 |             0 |      1420
     1490 |     +0.0% |       0 |       0 |             0 |      1410
     1500 |     +0.0% |       0 |       0 |             0 |      1400
     1510 |     +0.0% |       0 |       0 |             0 |      1390
     1520 |     +0.0% |       0 |       0 |             0 |      1380
     1530 |     +0.0% |       0 |       0 |             0 |      1370
     1540 |     +0.0% |       0 |       0 |             0 |      1360
     1550 |     +0.0% |       0 |       0 |             0 |      1350
     1560 |     +0.0% |       0 |       0 |             0 |      1340
     1570 |     +0.0% |       0 |       0 |             0 |      1330
     1580 |     +0.0% |       0 |       0 |             0 |      1320
     1590 |     +0.0% |       0 |       0 |             0 |      1310
     1600 |     +0.0% |       0 |       0 |             0 |      1300
     1610 |     +0.0% |       0 |       0 |             0 |      1290
     1620 |     +0.0% |       0 |       0 |             0 |      1280
     1630 |     +0.0% |       0 |       0 |             0 |      1270
     1640 |     +0.0% |       0 |       0 |             0 |      1260
     1650 |     +0.0% |       0 |       0 |             0 |      1250
     1660 |     +0.0% |       0 |       0 |             0 |      1240
     1670 |     +0.0% |       0 |       0 |             0 |      1230
     1680 |     +0.0% |       0 |       0 |             0 |      1220
     1690 |     +0.0% |       0 |       0 |             0 |      1210
     1700 |     +0.0% |       0 |       0 |             0 |      1200
     1710 |     +0.0% |       0 |       0 |             0 |      1190
     1720 |     +0.0% |       0 |       0 |             0 |      1180
     1730 |     +0.0% |       0 |       0 |             0 |      1170
     1740 |     +0.0% |       0 |       0 |             0 |      1160
     1750 |     +0.0% |       0 |       0 |             0 |      1150
     1760 |     +0.0% |       0 |       0 |             0 |      1140
     1770 |     +0.0% |       0 |       0 |             0 |      1130
     1780 |     +0.0% |       0 |       0 |             0 |      1120
     1790 |     +0.0% |       0 |       0 |             0 |      1110
     1800 |     +0.0% |       0 |       0 |             0 |      1100
     1810 |     +0.0% |       0 |       0 |             0 |      1090
     1820 |     +0.0% |       0 |       0 |             0 |      1080
     1830 |     +0.0% |       0 |       0 |             0 |      1070
     1840 |     +0.0% |       0 |       0 |             0 |      1060
     1850 |     +0.0% |       0 |       0 |             0 |      1050
     1860 |     +0.0% |       0 |       0 |             0 |      1040
     1870 |     +0.0% |       0 |       0 |             0 |      1030
     1880 |     +0.0% |       0 |       0 |             0 |      1020
     1890 |     +0.0% |       0 |       0 |             0 |      1010
     1900 |     +0.0% |       0 |       0 |             0 |      1000
     1910 |     +0.0% |       0 |       0 |             0 |       990
     1920 |     +0.0% |       0 |       0 |             0 |       980
     1930 |     +0.0% |       0 |       0 |             0 |       970
     1940 |     +0.0% |       0 |       0 |             0 |       960
     1950 |     +0.0% |       0 |       0 |             0 |       950
     1960 |     +0.0% |       0 |       0 |             0 |       940
     1970 |     +0.0% |       0 |       0 |             0 |       930
     1980 |     +0.0% |       0 |       0 |             0 |       920
     1990 |     +0.0% |       0 |       0 |             0 |       910
     2000 |     +0.0% |       0 |       0 |             0 |       900
     2010 |     +0.0% |       0 |       0 |             0 |       890
     2020 |     +0.0% |       0 |       0 |             0 |       880
     2030 |     +0.0% |       0 |       0 |             0 |       870
     2040 |     +0.0% |       0 |       0 |             0 |       860
     2050 |     +0.0% |       0 |       0 |             0 |       850
     2060 |     +0.0% |       0 |       0 |             0 |       840
     2070 |     +0.0% |       0 |       0 |             0 |       830
     2080 |     +0.0% |       0 |       0 |             0 |       820
     2090 |     +0.0% |       0 |       0 |             0 |       810
     2100 |     +0.0% |       0 |       0 |             0 |       800
     2110 |     +0.0% |       0 |       0 |             0 |       790
     2120 |     +0.0% |       0 |       0 |             0 |       780
     2130 |     +0.0% |       0 |       0 |             0 |       770
     2140 |     +0.0% |       0 |       0 |             0 |       760
     2150 |     +0.0% |       0 |       0 |             0 |       750
     2160 |     +0.0% |       0 |       0 |             0 |       740
     2170 |     +0.0% |       0 |       0 |             0 |       730
     2180 |     +0.0% |       0 |       0 |             0 |       720
     2190 |     +0.0% |       0 |       0 |             0 |       710
     2200 |     +0.0% |       0 |       0 |             0 |       700
     2210 |     +0.0% |       0 |       0 |             0 |       690
     2220 |     +0.0% |       0 |       0 |             0 |       680
     2230 |     +0.0% |       0 |       0 |             0 |       670
     2240 |     +0.0% |       0 |       0 |             0 |       660
     2250 |     +0.0% |       0 |       0 |             0 |       650
     2260 |     +0.0% |       0 |       0 |             0 |       640
     2270 |     +0.0% |       0 |       0 |             0 |       630
     2280 |     +0.0% |       0 |       0 |             0 |       620
     2290 |     +0.0% |       0 |       0 |             0 |       610
     2300 |     +0.0% |       0 |       0 |             0 |       600
     2310 |     +0.0% |       0 |       0 |             0 |       590
     2320 |     +0.0% |       0 |       0 |             0 |       580
     2330 |     +0.0% |       0 |       0 |             0 |       570
     2340 |     +0.0% |       0 |       0 |             0 |       560
     2350 |     +0.0% |       0 |       0 |             0 |       550
     2360 |     +0.0% |       0 |       0 |             0 |       540
     2370 |     +0.0% |       0 |       0 |             0 |       530
     2380 |     +0.0% |       0 |       0 |             0 |       520
     2390 |     +0.0% |       0 |       0 |             0 |       510
     2400 |     +0.0% |       0 |       0 |             0 |       500
     2410 |     +0.0% |       0 |       0 |             0 |       490
     2420 |     +0.0% |       0 |       0 |             0 |       480
     2430 |     +0.0% |       0 |       0 |             0 |       470
     2440 |     +0.0% |       0 |       0 |             0 |       460
     2450 |     +0.0% |       0 |       0 |             0 |       450
     2460 |     +0.0% |       0 |       0 |             0 |       440
     2470 |     +0.0% |       0 |       0 |             0 |       430
     2480 |     +0.0% |       0 |       0 |             0 |       420
     2490 |     +0.0% |       0 |       0 |             0 |       410
     2500 |     +0.0% |       0 |       0 |             0 |       400
     2510 |     +0.0% |       0 |       0 |             0 |       390
     2520 |     +0.0% |       0 |       0 |             0 |       380
     2530 |     +0.0% |       0 |       0 |             0 |       370
     2540 |     +0.0% |       0 |       0 |             0 |       360
     2550 |     +0.0% |       0 |       0 |             0 |       350
     2560 |     +0.0% |       0 |       0 |             0 |       340
     2570 |     +0.0% |       0 |       0 |             0 |       330
     2580 |     +0.0% |       0 |       0 |             0 |       320
     2590 |     +0.0% |       0 |       0 |             0 |       310
     2600 |     +0.0% |       0 |       0 |             0 |       300
     2610 |     +0.0% |       0 |       0 |             0 |       290
     2620 |     +0.0% |       0 |       0 |             0 |       280
     2630 |     +0.0% |       0 |       0 |             0 |       270
     2640 |     +0.0% |       0 |       0 |             0 |       260
     2650 |     +0.0% |       0 |       0 |             0 |       250
     2660 |     +0.0% |       0 |       0 |             0 |       240
     2670 |     +0.0% |       0 |       0 |             0 |       230
     2680 |     +0.0% |       0 |       0 |             0 |       220
     2690 |     +0.0% |       0 |       0 |             0 |       210
     2700 |     +0.0% |       0 |       0 |             0 |       200
     2710 |     +0.0% |       0 |       0 |             0 |       190
     2720 |     +0.0% |       0 |       0 |             0 |       180
     2730 |     +0.0% |       0 |       0 |             0 |       170
     2740 |     +0.0% |       0 |       0 |             0 |       160
     2750 |     +0.0% |       0 |       0 |             0 |       150
     2760 |     +0.0% |       0 |       0 |             0 |       140
     2770 |     +0.0% |       0 |       0 |             0 |       130
     2780 |     +0.0% |       0 |       0 |             0 |       120
     2790 |     +0.0% |       0 |       0 |             0 |       110
     2800 |     +0.0% |       0 |       0 |             0 |       100
     2810 |     +0.0% |       0 |       0 |             0 |        90
     2820 |     +0.0% |       0 |       0 |             0 |        80
     2830 |     +0.0% |       0 |       0 |             0 |        70
     2840 |     +0.0% |       0 |       0 |             0 |        60
     2850 |     +0.0% |       0 |       0 |             0 |        50
     2860 |     +0.0% |       0 |       0 |             0 |        40
     2870 |     +0.0% |       0 |       0 |             0 |        30
     2880 |     +0.0% |       0 |       0 |             0 |        20
     2890 |     +0.0% |       0 |       0 |             0 |        10
     2900 |     +0.0% |       0 |       0 |             0 |         0
    final |     +0.0% |       0 |       0 |             0 |         0
---------------------------------------------------------------------
global_route -start_incremental
detailed_placement
[INFO DPL-0006] Core area: 10208.02 um^2, Instances area: 3635.42 um^2, Utilization: 35.6%
[INFO DPL-0005] Diamond search max displacement: +/- 500 sites horizontally, +/- 100 rows vertically.
[INFO DPL-1101] Legalizing using diamond search.
Movements Summary
---------------------------------------
Total cells:                    2650
Diamond Move Success:           2650 (100.00%)
Diamond Move Failure:              0
Rip-up and replace Success:        0 (  0.00% of diamond failures)
Rip-up and replace Failure:        0
Total Placement Failures:          0
---------------------------------------
Placement Analysis
---------------------------------
total displacement          0.0 u
average displacement        0.0 u
max displacement            0.0 u
original HPWL           32934.3 u
legalized HPWL          32934.3 u
delta HPWL                    0 %

global_route -end_incremental -congestion_report_file ./reports/nangate45/s9234f/phase0c_f3e7b516a_s13_k1_T_214862ee_7f655d61/congestion_post_repair_design.rpt
Repair setup and hold violations...
estimate_parasitics -global_routing
repair_timing -setup_margin 0 -hold_margin 0 -repair_tns 100 -verbose
[INFO RSZ-0100] Repair move sequence: UnbufferMove SizeUpMove SwapPinsMove BufferMove CloneMove SplitLoadMove 
[INFO RSZ-0098] No setup violations found
[INFO RSZ-0046] Found 1 endpoints with hold violations.
Iteration | Resized | Buffers | Cloned Gates |   Area   |   WNS   |   TNS   | Endpoint
--------------------------------------------------------------------------------------
        0 |       0 |       0 |            0 |    +0.0% |  -0.000 |  -0.000 | U_g689/D
    final |       0 |       1 |            0 |    +0.0% |   0.002 |   0.000 | U_g698/D
--------------------------------------------------------------------------------------
[INFO RSZ-0032] Inserted 1 hold buffers.
global_route -start_incremental
detailed_placement
[INFO DPL-0006] Core area: 10208.02 um^2, Instances area: 3636.22 um^2, Utilization: 35.6%
[INFO DPL-0005] Diamond search max displacement: +/- 500 sites horizontally, +/- 100 rows vertically.
[INFO DPL-1101] Legalizing using diamond search.
Movements Summary
---------------------------------------
Total cells:                    2651
Diamond Move Success:           2651 (100.00%)
Diamond Move Failure:              0
Rip-up and replace Success:        0 (  0.00% of diamond failures)
Rip-up and replace Failure:        0
Total Placement Failures:          0
---------------------------------------
Placement Analysis
---------------------------------
total displacement          3.6 u
average displacement        0.0 u
max displacement            1.6 u
original HPWL           32934.6 u
legalized HPWL          32940.2 u
delta HPWL                    0 %

check_placement -verbose
global_route -end_incremental -congestion_report_file ./reports/nangate45/s9234f/phase0c_f3e7b516a_s13_k1_T_214862ee_7f655d61/congestion_post_repair_timing.rpt
estimate_parasitics -global_routing
global_route -start_incremental
global_route -end_incremental -congestion_report_file ./reports/nangate45/s9234f/phase0c_f3e7b516a_s13_k1_T_214862ee_7f655d61/congestion_post_recover_power.rpt
Repair antennas...
[WARNING GRT-0246] No diode with LEF class CORE ANTENNACELL found.
[INFO ANT-0002] Found 0 net violations.
[INFO ANT-0001] Found 0 pin violations.
Estimate parasitics...
estimate_parasitics -global_routing
Report metrics stage 5, global route...

==========================================================================
global route report_design_area
--------------------------------------------------------------------------
Design area 3636 um^2 36% utilization.
[INFO FLW-0007] clock clk period 10.000000
[INFO FLW-0008] Clock clk period 1.192
[INFO FLW-0009] Clock clk slack 8.745
write_sdc -no_timestamp ./results/nangate45/s9234f/phase0c_f3e7b516a_s13_k1_T_214862ee_7f655d61/updated_clks.sdc
[INFO FLW-0011] Path endpoint path count 903
write_db ./results/nangate45/s9234f/phase0c_f3e7b516a_s13_k1_T_214862ee_7f655d61/5_1_grt.odb
write_sdc -no_timestamp ./results/nangate45/s9234f/phase0c_f3e7b516a_s13_k1_T_214862ee_7f655d61/5_1_grt.sdc
Log                       Ext     Elapsed/s Peak Memory/MB sha1sum result [0:20)
5_1_grt                   .odb           12            310 b46ab1ee7f67d456f4e1
5_1_grt                   .sdc                             ef79d21436d690ebafd1
/root/pact-deps/OpenROAD-flow-scripts/flow/scripts/flow.sh 5_2_route detail_route
Running detail_route.tcl, stage 5_2_route
read_liberty /root/pact-deps/OpenROAD-flow-scripts/flow/platforms/nangate45/lib/NangateOpenCellLibrary_typical.lib
read_db ./results/nangate45/s9234f/phase0c_f3e7b516a_s13_k1_T_214862ee_7f655d61/5_1_grt.odb
read_sdc ./results/nangate45/s9234f/phase0c_f3e7b516a_s13_k1_T_214862ee_7f655d61/5_1_grt.sdc
source /root/pact-deps/OpenROAD-flow-scripts/flow/platforms/nangate45/setRC.tcl
detailed_route -output_drc ./reports/nangate45/s9234f/phase0c_f3e7b516a_s13_k1_T_214862ee_7f655d61/5_route_drc.rpt -output_maze ./results/nangate45/s9234f/phase0c_f3e7b516a_s13_k1_T_214862ee_7f655d61/maze.log -droute_end_iter 64 -verbose 1 -drc_report_iter_step 5
[INFO DRT-0149] Reading tech and libs.

Units:                2000
Number of layers:     21
Number of macros:     135
Number of vias:       33
Number of viarulegen: 19

[INFO DRT-0150] Reading design.

Design:                   s9234f
Die area:                 ( 0 0 ) ( 206880 206880 )
Number of track patterns: 20
Number of DEF vias:       0
Number of components:     2795
Number of terminals:      81
Number of snets:          2
Number of nets:           2671

[INFO DRT-0167] List of default vias:
  Layer via2
    default via: via2_5
  Layer via3
    default via: via3_2
  Layer via4
    default via: via4_0
  Layer via5
    default via: via5_0
  Layer via6
    default via: via6_0
  Layer via7
    default via: via7_0
  Layer via8
    default via: via8_0
  Layer via9
    default via: via9_0
[INFO DRT-0162] Library cell analysis.
[INFO DRT-0163] Instance analysis.
[INFO DRT-0164] Number of unique instances = 49.
[INFO DRT-0168] Init region query.
[INFO DRT-0024]   Complete active.
[INFO DRT-0024]   Complete Fr_VIA.
[INFO DRT-0024]   Complete metal1.
[INFO DRT-0024]   Complete via1.
[INFO DRT-0024]   Complete metal2.
[INFO DRT-0024]   Complete via2.
[INFO DRT-0024]   Complete metal3.
[INFO DRT-0024]   Complete via3.
[INFO DRT-0024]   Complete metal4.
[INFO DRT-0024]   Complete via4.
[INFO DRT-0024]   Complete metal5.
[INFO DRT-0024]   Complete via5.
[INFO DRT-0024]   Complete metal6.
[INFO DRT-0024]   Complete via6.
[INFO DRT-0024]   Complete metal7.
[INFO DRT-0024]   Complete via7.
[INFO DRT-0024]   Complete metal8.
[INFO DRT-0024]   Complete via8.
[INFO DRT-0024]   Complete metal9.
[INFO DRT-0024]   Complete via9.
[INFO DRT-0024]   Complete metal10.
[INFO DRT-0033] active shape region query size = 0.
[INFO DRT-0033] FR_VIA shape region query size = 0.
[INFO DRT-0033] metal1 shape region query size = 42556.
[INFO DRT-0033] via1 shape region query size = 438.
[INFO DRT-0033] metal2 shape region query size = 292.
[INFO DRT-0033] via2 shape region query size = 438.
[INFO DRT-0033] metal3 shape region query size = 292.
[INFO DRT-0033] via3 shape region query size = 438.
[INFO DRT-0033] metal4 shape region query size = 164.
[INFO DRT-0033] via4 shape region query size = 140.
[INFO DRT-0033] metal5 shape region query size = 62.
[INFO DRT-0033] via5 shape region query size = 140.
[INFO DRT-0033] metal6 shape region query size = 73.
[INFO DRT-0033] via6 shape region query size = 56.
[INFO DRT-0033] metal7 shape region query size = 28.
[INFO DRT-0033] via7 shape region query size = 0.
[INFO DRT-0033] metal8 shape region query size = 0.
[INFO DRT-0033] via8 shape region query size = 0.
[INFO DRT-0033] metal9 shape region query size = 0.
[INFO DRT-0033] via9 shape region query size = 0.
[INFO DRT-0033] metal10 shape region query size = 0.
[INFO DRT-0165] Start pin access.
[INFO DRT-0078]   Complete 249 pins.
[INFO DRT-0081]   Complete 49 unique inst patterns.
[INFO DRT-0084]   Complete 1545 groups.
#scanned instances     = 2795
#unique  instances     = 49
#stdCellGenAp          = 1067
#stdCellValidPlanarAp  = 0
#stdCellValidViaAp     = 854
#stdCellPinNoAp        = 0
#stdCellPinCnt         = 8125
#instTermValidViaApCnt = 0
#macroGenAp            = 0
#macroValidPlanarAp    = 0
#macroValidViaAp       = 0
#macroNoAp             = 0
[INFO DRT-0166] Complete pin access.
[INFO DRT-0267] cpu time = 00:00:29, elapsed time = 00:00:06, memory = 266.41 (MB), peak = 265.95 (MB)

[INFO DRT-0157] Number of guides:     22054

[INFO DRT-0169] Post process guides.
[INFO DRT-0176] GCELLGRID X 0 DO 36 STEP 5700 ;
[INFO DRT-0177] GCELLGRID Y 0 DO 36 STEP 5700 ;
[INFO DRT-0028]   Complete active.
[INFO DRT-0028]   Complete Fr_VIA.
[INFO DRT-0028]   Complete metal1.
[INFO DRT-0028]   Complete via1.
[INFO DRT-0028]   Complete metal2.
[INFO DRT-0028]   Complete via2.
[INFO DRT-0028]   Complete metal3.
[INFO DRT-0028]   Complete via3.
[INFO DRT-0028]   Complete metal4.
[INFO DRT-0028]   Complete via4.
[INFO DRT-0028]   Complete metal5.
[INFO DRT-0028]   Complete via5.
[INFO DRT-0028]   Complete metal6.
[INFO DRT-0028]   Complete via6.
[INFO DRT-0028]   Complete metal7.
[INFO DRT-0028]   Complete via7.
[INFO DRT-0028]   Complete metal8.
[INFO DRT-0028]   Complete via8.
[INFO DRT-0028]   Complete metal9.
[INFO DRT-0028]   Complete via9.
[INFO DRT-0028]   Complete metal10.
[INFO DRT-0178] Init guide query.
[INFO DRT-0035]   Complete active (guide).
[INFO DRT-0035]   Complete Fr_VIA (guide).
[INFO DRT-0035]   Complete metal1 (guide).
[INFO DRT-0035]   Complete via1 (guide).
[INFO DRT-0035]   Complete metal2 (guide).
[INFO DRT-0035]   Complete via2 (guide).
[INFO DRT-0035]   Complete metal3 (guide).
[INFO DRT-0035]   Complete via3 (guide).
[INFO DRT-0035]   Complete metal4 (guide).
[INFO DRT-0035]   Complete via4 (guide).
[INFO DRT-0035]   Complete metal5 (guide).
[INFO DRT-0035]   Complete via5 (guide).
[INFO DRT-0035]   Complete metal6 (guide).
[INFO DRT-0035]   Complete via6 (guide).
[INFO DRT-0035]   Complete metal7 (guide).
[INFO DRT-0035]   Complete via7 (guide).
[INFO DRT-0035]   Complete metal8 (guide).
[INFO DRT-0035]   Complete via8 (guide).
[INFO DRT-0035]   Complete metal9 (guide).
[INFO DRT-0035]   Complete via9 (guide).
[INFO DRT-0035]   Complete metal10 (guide).
[INFO DRT-0036] active guide region query size = 0.
[INFO DRT-0036] FR_VIA guide region query size = 0.
[INFO DRT-0036] metal1 guide region query size = 7156.
[INFO DRT-0036] via1 guide region query size = 0.
[INFO DRT-0036] metal2 guide region query size = 6487.
[INFO DRT-0036] via2 guide region query size = 0.
[INFO DRT-0036] metal3 guide region query size = 3677.
[INFO DRT-0036] via3 guide region query size = 0.
[INFO DRT-0036] metal4 guide region query size = 679.
[INFO DRT-0036] via4 guide region query size = 0.
[INFO DRT-0036] metal5 guide region query size = 286.
[INFO DRT-0036] via5 guide region query size = 0.
[INFO DRT-0036] metal6 guide region query size = 89.
[INFO DRT-0036] via6 guide region query size = 0.
[INFO DRT-0036] metal7 guide region query size = 2.
[INFO DRT-0036] via7 guide region query size = 0.
[INFO DRT-0036] metal8 guide region query size = 0.
[INFO DRT-0036] via8 guide region query size = 0.
[INFO DRT-0036] metal9 guide region query size = 0.
[INFO DRT-0036] via9 guide region query size = 0.
[INFO DRT-0036] metal10 guide region query size = 0.
[INFO DRT-0179] Init gr pin query.
[INFO DRT-0267] cpu time = 00:00:00, elapsed time = 00:00:00, memory = 274.52 (MB), peak = 274.07 (MB)
[INFO DRT-0245] skipped writing guide updates to database.
[INFO DRT-0181] Start track assignment.
[INFO DRT-0184] Done with 7255 vertical wires in 1 frboxes and 11121 horizontal wires in 1 frboxes.
[INFO DRT-0186] Done with 2174 vertical wires in 1 frboxes and 2703 horizontal wires in 1 frboxes.
[INFO DRT-0182] Complete track assignment.
[INFO DRT-0267] cpu time = 00:00:02, elapsed time = 00:00:01, memory = 324.99 (MB), peak = 324.75 (MB)
[INFO DRT-0187] Start routing data preparation.
[INFO DRT-0267] cpu time = 00:00:00, elapsed time = 00:00:00, memory = 326.34 (MB), peak = 326.13 (MB)
[INFO DRT-0194] Start detail routing.
[INFO DRT-0195] Start 0th optimization iteration.
    Completing 10% with 0 violations.
    elapsed time = 00:00:01, memory = 389.25 (MB).
    Completing 20% with 0 violations.
    elapsed time = 00:00:04, memory = 385.07 (MB).
    Completing 30% with 117 violations.
    elapsed time = 00:00:05, memory = 426.95 (MB).
    Completing 40% with 117 violations.
    elapsed time = 00:00:07, memory = 447.01 (MB).
    Completing 50% with 117 violations.
    elapsed time = 00:00:10, memory = 393.55 (MB).
    Completing 60% with 199 violations.
    elapsed time = 00:00:12, memory = 437.86 (MB).
    Completing 70% with 199 violations.
    elapsed time = 00:00:15, memory = 444.45 (MB).
    Completing 80% with 314 violations.
    elapsed time = 00:00:19, memory = 473.56 (MB).
    Completing 90% with 314 violations.
    elapsed time = 00:00:19, memory = 473.56 (MB).
    Completing 100% with 388 violations.
    elapsed time = 00:00:22, memory = 448.85 (MB).
[INFO DRT-0199]   Number of violations = 568.
Viol/Layer      metal1 metal2   via2 metal3 metal4 metal5 metal6 metal7
Metal Spacing        0     36      0      4      1      1      0      0
Recheck              1    118      0     50      6      3      1      1
Short                0    315      2     28      0      0      1      0
[INFO DRT-0267] cpu time = 00:00:58, elapsed time = 00:00:23, memory = 969.85 (MB), peak = 969.55 (MB)
Total wire length = 37615 um.
Total wire length on LAYER metal1 = 0 um.
Total wire length on LAYER metal2 = 14048 um.
Total wire length on LAYER metal3 = 16102 um.
Total wire length on LAYER metal4 = 3965 um.
Total wire length on LAYER metal5 = 2364 um.
Total wire length on LAYER metal6 = 1073 um.
Total wire length on LAYER metal7 = 60 um.
Total wire length on LAYER metal8 = 0 um.
Total wire length on LAYER metal9 = 0 um.
Total wire length on LAYER metal10 = 0 um.
Total number of vias = 18207.
Up-via summary (total 18207):

----------------
 active        0
 metal1     8181
 metal2     8592
 metal3      923
 metal4      374
 metal5      133
 metal6        4
 metal7        0
 metal8        0
 metal9        0
----------------
       18207


[INFO DRT-0195] Start 1st optimization iteration.
    Completing 10% with 568 violations.
    elapsed time = 00:00:00, memory = 969.85 (MB).
    Completing 20% with 568 violations.
    elapsed time = 00:00:01, memory = 977.11 (MB).
    Completing 30% with 486 violations.
    elapsed time = 00:00:02, memory = 977.11 (MB).
    Completing 40% with 486 violations.
    elapsed time = 00:00:04, memory = 980.81 (MB).
    Completing 50% with 486 violations.
    elapsed time = 00:00:08, memory = 986.55 (MB).
    Completing 60% with 374 violations.
    elapsed time = 00:00:09, memory = 987.48 (MB).
    Completing 70% with 374 violations.
    elapsed time = 00:00:11, memory = 992.75 (MB).
    Completing 80% with 253 violations.
    elapsed time = 00:00:15, memory = 999.70 (MB).
    Completing 90% with 253 violations.
    elapsed time = 00:00:16, memory = 999.70 (MB).
    Completing 100% with 131 violations.
    elapsed time = 00:00:17, memory = 999.70 (MB).
[INFO DRT-0199]   Number of violations = 131.
Viol/Layer      metal2 metal3
Metal Spacing       19      3
Short              106      3
[INFO DRT-0267] cpu time = 00:00:51, elapsed time = 00:00:17, memory = 1000.09 (MB), peak = 999.68 (MB)
Total wire length = 37317 um.
Total wire length on LAYER metal1 = 0 um.
Total wire length on LAYER metal2 = 13859 um.
Total wire length on LAYER metal3 = 16050 um.
Total wire length on LAYER metal4 = 3942 um.
Total wire length on LAYER metal5 = 2315 um.
Total wire length on LAYER metal6 = 1070 um.
Total wire length on LAYER metal7 = 78 um.
Total wire length on LAYER metal8 = 0 um.
Total wire length on LAYER metal9 = 0 um.
Total wire length on LAYER metal10 = 0 um.
Total number of vias = 18071.
Up-via summary (total 18071):

----------------
 active        0
 metal1     8181
 metal2     8470
 metal3      926
 metal4      363
 metal5      127
 metal6        4
 metal7        0
 metal8        0
 metal9        0
----------------
       18071


[INFO DRT-0195] Start 2nd optimization iteration.
    Completing 10% with 131 violations.
    elapsed time = 00:00:00, memory = 1000.09 (MB).
    Completing 20% with 131 violations.
    elapsed time = 00:00:04, memory = 1006.00 (MB).
    Completing 30% with 160 violations.
    elapsed time = 00:00:04, memory = 1006.00 (MB).
    Completing 40% with 160 violations.
    elapsed time = 00:00:05, memory = 1006.00 (MB).
    Completing 50% with 160 violations.
    elapsed time = 00:00:09, memory = 1006.00 (MB).
    Completing 60% with 176 violations.
    elapsed time = 00:00:10, memory = 1006.99 (MB).
    Completing 70% with 176 violations.
    elapsed time = 00:00:12, memory = 1006.99 (MB).
    Completing 80% with 172 violations.
    elapsed time = 00:00:13, memory = 1006.99 (MB).
    Completing 90% with 172 violations.
    elapsed time = 00:00:14, memory = 1007.05 (MB).
    Completing 100% with 167 violations.
    elapsed time = 00:00:17, memory = 1007.05 (MB).
[INFO DRT-0199]   Number of violations = 167.
Viol/Layer      metal2 metal3 metal5
Metal Spacing       39      4      1
Short              118      5      0
[INFO DRT-0267] cpu time = 00:00:47, elapsed time = 00:00:17, memory = 1010.02 (MB), peak = 1009.55 (MB)
Total wire length = 37235 um.
Total wire length on LAYER metal1 = 0 um.
Total wire length on LAYER metal2 = 13771 um.
Total wire length on LAYER metal3 = 16050 um.
Total wire length on LAYER metal4 = 3964 um.
Total wire length on LAYER metal5 = 2294 um.
Total wire length on LAYER metal6 = 1064 um.
Total wire length on LAYER metal7 = 90 um.
Total wire length on LAYER metal8 = 0 um.
Total wire length on LAYER metal9 = 0 um.
Total wire length on LAYER metal10 = 0 um.
Total number of vias = 18081.
Up-via summary (total 18081):

----------------
 active        0
 metal1     8184
 metal2     8488
 metal3      914
 metal4      368
 metal5      123
 metal6        4
 metal7        0
 metal8        0
 metal9        0
----------------
       18081


[INFO DRT-0195] Start 3rd optimization iteration.
    Completing 10% with 167 violations.
    elapsed time = 00:00:00, memory = 1010.02 (MB).
    Completing 20% with 167 violations.
    elapsed time = 00:00:02, memory = 1010.02 (MB).
    Completing 30% with 119 violations.
    elapsed time = 00:00:03, memory = 1037.14 (MB).
    Completing 40% with 119 violations.
    elapsed time = 00:00:04, memory = 1037.14 (MB).
    Completing 50% with 119 violations.
    elapsed time = 00:00:04, memory = 1010.02 (MB).
    Completing 60% with 84 violations.
    elapsed time = 00:00:04, memory = 1010.02 (MB).
    Completing 70% with 84 violations.
    elapsed time = 00:00:06, memory = 1010.02 (MB).
    Completing 80% with 41 violations.
    elapsed time = 00:00:06, memory = 1012.56 (MB).
    Completing 90% with 41 violations.
    elapsed time = 00:00:06, memory = 1012.56 (MB).
    Completing 100% with 0 violations.
    elapsed time = 00:00:08, memory = 1012.72 (MB).
[INFO DRT-0199]   Number of violations = 0.
[INFO DRT-0267] cpu time = 00:00:21, elapsed time = 00:00:08, memory = 1012.72 (MB), peak = 1036.68 (MB)
Total wire length = 37224 um.
Total wire length on LAYER metal1 = 0 um.
Total wire length on LAYER metal2 = 13628 um.
Total wire length on LAYER metal3 = 16102 um.
Total wire length on LAYER metal4 = 4060 um.
Total wire length on LAYER metal5 = 2271 um.
Total wire length on LAYER metal6 = 1070 um.
Total wire length on LAYER metal7 = 90 um.
Total wire length on LAYER metal8 = 0 um.
Total wire length on LAYER metal9 = 0 um.
Total wire length on LAYER metal10 = 0 um.
Total number of vias = 18173.
Up-via summary (total 18173):

----------------
 active        0
 metal1     8185
 metal2     8534
 metal3      960
 metal4      366
 metal5      124
 metal6        4
 metal7        0
 metal8        0
 metal9        0
----------------
       18173


[INFO DRT-0198] Complete detail routing.
Total wire length = 37224 um.
Total wire length on LAYER metal1 = 0 um.
Total wire length on LAYER metal2 = 13628 um.
Total wire length on LAYER metal3 = 16102 um.
Total wire length on LAYER metal4 = 4060 um.
Total wire length on LAYER metal5 = 2271 um.
Total wire length on LAYER metal6 = 1070 um.
Total wire length on LAYER metal7 = 90 um.
Total wire length on LAYER metal8 = 0 um.
Total wire length on LAYER metal9 = 0 um.
Total wire length on LAYER metal10 = 0 um.
Total number of vias = 18173.
Up-via summary (total 18173):

----------------
 active        0
 metal1     8185
 metal2     8534
 metal3      960
 metal4      366
 metal5      124
 metal6        4
 metal7        0
 metal8        0
 metal9        0
----------------
       18173


[INFO DRT-0267] cpu time = 00:02:59, elapsed time = 00:01:07, memory = 1012.79 (MB), peak = 1036.68 (MB)

[INFO DRT-0180] Post processing.
Took 76 seconds: detailed_route -output_drc ./reports/nangate45/s9234f/phase0c_f3e7b516a_s13_k1_T_214862ee_7f655d61/5_route_drc.rpt -output_maze ./results/nangate45/s9234f/phase0c_f3e7b516a_s13_k1_T_214862ee_7f655d61/maze.log -droute_end_iter 64 -verbose 1 -drc_report_iter_step 5
[WARNING GRT-0246] No diode with LEF class CORE ANTENNACELL found.
[INFO ANT-0002] Found 0 net violations.
[INFO ANT-0001] Found 0 pin violations.
[INFO ANT-0002] Found 0 net violations.
[INFO ANT-0001] Found 0 pin violations.
Design area 3636 um^2 36% utilization.
write_db ./results/nangate45/s9234f/phase0c_f3e7b516a_s13_k1_T_214862ee_7f655d61/5_2_route.odb
Log                       Ext     Elapsed/s Peak Memory/MB sha1sum result [0:20)
5_2_route                 .odb           82           1036 544e16e5eb6968e8b2d0
/root/pact-deps/OpenROAD-flow-scripts/flow/scripts/flow.sh 5_3_fillcell fillcell
Running fillcell.tcl, stage 5_3_fillcell
read_liberty /root/pact-deps/OpenROAD-flow-scripts/flow/platforms/nangate45/lib/NangateOpenCellLibrary_typical.lib
read_db ./results/nangate45/s9234f/phase0c_f3e7b516a_s13_k1_T_214862ee_7f655d61/5_2_route.odb
read_sdc ./results/nangate45/s9234f/phase0c_f3e7b516a_s13_k1_T_214862ee_7f655d61/5_1_grt.sdc
source /root/pact-deps/OpenROAD-flow-scripts/flow/platforms/nangate45/setRC.tcl
filler_placement "FILLCELL_X1 FILLCELL_X2 FILLCELL_X4 FILLCELL_X8 FILLCELL_X16 FILLCELL_X32"
[INFO DPL-0001] Placed 3399 filler instances.
Design area 3636 um^2 36% utilization.
write_db ./results/nangate45/s9234f/phase0c_f3e7b516a_s13_k1_T_214862ee_7f655d61/5_3_fillcell.odb
Log                       Ext     Elapsed/s Peak Memory/MB sha1sum result [0:20)
5_3_fillcell              .odb            0            120 ef704efeff1d8d93c7a0
cp ./results/nangate45/s9234f/phase0c_f3e7b516a_s13_k1_T_214862ee_7f655d61/5_3_fillcell.odb ./results/nangate45/s9234f/phase0c_f3e7b516a_s13_k1_T_214862ee_7f655d61/5_route.odb
cp ./results/nangate45/s9234f/phase0c_f3e7b516a_s13_k1_T_214862ee_7f655d61/5_1_grt.sdc ./results/nangate45/s9234f/phase0c_f3e7b516a_s13_k1_T_214862ee_7f655d61/5_route.sdc
