OpenROAD 26Q2-1164-g08f67ee5ec 
Features included (+) or not (-): +GPU +GUI +Python
This program is licensed under the BSD-3 license. See the LICENSE file for details.
Components of this program may be licensed under more restrictive licenses which must be honored.
[INFO ORD-0030] Using 4 thread(s).
read_liberty /root/pact-deps/OpenROAD-flow-scripts/flow/platforms/nangate45/lib/NangateOpenCellLibrary_typical.lib
read_db /mnt/c/Users/Abhinav/OneDrive/Desktop/PACT/PACT/results/phase2c_repair_multiseed/raw/orfs/results/nangate45/s15850/phase2c_s13_207a0abc5f0b/5_1_grt.odb
read_sdc /mnt/c/Users/Abhinav/OneDrive/Desktop/PACT/PACT/results/phase2c_repair_multiseed/raw/orfs/results/nangate45/s15850/phase2c_s13_207a0abc5f0b/5_1_grt.sdc
source /root/pact-deps/OpenROAD-flow-scripts/flow/platforms/nangate45/setRC.tcl
detailed_route -output_drc /mnt/c/Users/Abhinav/OneDrive/Desktop/PACT/PACT/results/phase2c_repair_multiseed/raw/orfs/reports/nangate45/s15850/phase2c_s13_207a0abc5f0b/5_route_drc.rpt -output_maze /mnt/c/Users/Abhinav/OneDrive/Desktop/PACT/PACT/results/phase2c_repair_multiseed/raw/orfs/results/nangate45/s15850/phase2c_s13_207a0abc5f0b/maze.log -droute_end_iter 64 -verbose 1 -drc_report_iter_step 5
[INFO DRT-0149] Reading tech and libs.

Units:                2000
Number of layers:     21
Number of macros:     135
Number of vias:       33
Number of viarulegen: 19

[INFO DRT-0150] Reading design.

Design:                   s15850
Die area:                 ( 0 0 ) ( 295060 295060 )
Number of track patterns: 20
Number of DEF vias:       0
Number of components:     5390
Number of terminals:      235
Number of snets:          2
Number of nets:           5144

[INFO DRT-0167] List of default vias:
  Layer via2
    default via: via2_5
  Layer via3
    default via: via3_2
  Layer via4
    default via: via4_0
  Layer via5
    default via: via5_0
  Layer via6
    default via: via6_0
  Layer via7
    default via: via7_0
  Layer via8
    default via: via8_0
  Layer via9
    default via: via9_0
[INFO DRT-0162] Library cell analysis.
[INFO DRT-0163] Instance analysis.
[INFO DRT-0164] Number of unique instances = 57.
[INFO DRT-0168] Init region query.
[INFO DRT-0024]   Complete active.
[INFO DRT-0024]   Complete Fr_VIA.
[INFO DRT-0024]   Complete metal1.
[INFO DRT-0024]   Complete via1.
[INFO DRT-0024]   Complete metal2.
[INFO DRT-0024]   Complete via2.
[INFO DRT-0024]   Complete metal3.
[INFO DRT-0024]   Complete via3.
[INFO DRT-0024]   Complete metal4.
[INFO DRT-0024]   Complete via4.
[INFO DRT-0024]   Complete metal5.
[INFO DRT-0024]   Complete via5.
[INFO DRT-0024]   Complete metal6.
[INFO DRT-0024]   Complete via6.
[INFO DRT-0024]   Complete metal7.
[INFO DRT-0024]   Complete via7.
[INFO DRT-0024]   Complete metal8.
[INFO DRT-0024]   Complete via8.
[INFO DRT-0024]   Complete metal9.
[INFO DRT-0024]   Complete via9.
[INFO DRT-0024]   Complete metal10.
[INFO DRT-0033] active shape region query size = 0.
[INFO DRT-0033] FR_VIA shape region query size = 0.
[INFO DRT-0033] metal1 shape region query size = 88235.
[INFO DRT-0033] via1 shape region query size = 936.
[INFO DRT-0033] metal2 shape region query size = 624.
[INFO DRT-0033] via2 shape region query size = 936.
[INFO DRT-0033] metal3 shape region query size = 624.
[INFO DRT-0033] via3 shape region query size = 936.
[INFO DRT-0033] metal4 shape region query size = 348.
[INFO DRT-0033] via4 shape region query size = 300.
[INFO DRT-0033] metal5 shape region query size = 136.
[INFO DRT-0033] via5 shape region query size = 300.
[INFO DRT-0033] metal6 shape region query size = 217.
[INFO DRT-0033] via6 shape region query size = 120.
[INFO DRT-0033] metal7 shape region query size = 50.
[INFO DRT-0033] via7 shape region query size = 0.
[INFO DRT-0033] metal8 shape region query size = 0.
[INFO DRT-0033] via8 shape region query size = 0.
[INFO DRT-0033] metal9 shape region query size = 0.
[INFO DRT-0033] via9 shape region query size = 0.
[INFO DRT-0033] metal10 shape region query size = 0.
[INFO DRT-0165] Start pin access.
[INFO DRT-0078]   Complete 292 pins.
[INFO DRT-0081]   Complete 57 unique inst patterns.
[INFO DRT-0084]   Complete 3147 groups.
#scanned instances     = 5390
#unique  instances     = 57
#stdCellGenAp          = 1307
#stdCellValidPlanarAp  = 0
#stdCellValidViaAp     = 1013
#stdCellPinNoAp        = 0
#stdCellPinCnt         = 15556
#instTermValidViaApCnt = 0
#macroGenAp            = 0
#macroValidPlanarAp    = 0
#macroValidViaAp       = 0
#macroNoAp             = 0
[INFO DRT-0166] Complete pin access.
[INFO DRT-0267] cpu time = 00:00:52, elapsed time = 00:00:15, memory = 283.95 (MB), peak = 283.82 (MB)

[INFO DRT-0157] Number of guides:     46020

[INFO DRT-0169] Post process guides.
[INFO DRT-0176] GCELLGRID X 0 DO 51 STEP 5700 ;
[INFO DRT-0177] GCELLGRID Y 0 DO 51 STEP 5700 ;
[INFO DRT-0028]   Complete active.
[INFO DRT-0028]   Complete Fr_VIA.
[INFO DRT-0028]   Complete metal1.
[INFO DRT-0028]   Complete via1.
[INFO DRT-0028]   Complete metal2.
[INFO DRT-0028]   Complete via2.
[INFO DRT-0028]   Complete metal3.
[INFO DRT-0028]   Complete via3.
[INFO DRT-0028]   Complete metal4.
[INFO DRT-0028]   Complete via4.
[INFO DRT-0028]   Complete metal5.
[INFO DRT-0028]   Complete via5.
[INFO DRT-0028]   Complete metal6.
[INFO DRT-0028]   Complete via6.
[INFO DRT-0028]   Complete metal7.
[INFO DRT-0028]   Complete via7.
[INFO DRT-0028]   Complete metal8.
[INFO DRT-0028]   Complete via8.
[INFO DRT-0028]   Complete metal9.
[INFO DRT-0028]   Complete via9.
[INFO DRT-0028]   Complete metal10.
[INFO DRT-0178] Init guide query.
[INFO DRT-0035]   Complete active (guide).
[INFO DRT-0035]   Complete Fr_VIA (guide).
[INFO DRT-0035]   Complete metal1 (guide).
[INFO DRT-0035]   Complete via1 (guide).
[INFO DRT-0035]   Complete metal2 (guide).
[INFO DRT-0035]   Complete via2 (guide).
[INFO DRT-0035]   Complete metal3 (guide).
[INFO DRT-0035]   Complete via3 (guide).
[INFO DRT-0035]   Complete metal4 (guide).
[INFO DRT-0035]   Complete via4 (guide).
[INFO DRT-0035]   Complete metal5 (guide).
[INFO DRT-0035]   Complete via5 (guide).
[INFO DRT-0035]   Complete metal6 (guide).
[INFO DRT-0035]   Complete via6 (guide).
[INFO DRT-0035]   Complete metal7 (guide).
[INFO DRT-0035]   Complete via7 (guide).
[INFO DRT-0035]   Complete metal8 (guide).
[INFO DRT-0035]   Complete via8 (guide).
[INFO DRT-0035]   Complete metal9 (guide).
[INFO DRT-0035]   Complete via9 (guide).
[INFO DRT-0035]   Complete metal10 (guide).
[INFO DRT-0036] active guide region query size = 0.
[INFO DRT-0036] FR_VIA guide region query size = 0.
[INFO DRT-0036] metal1 guide region query size = 13881.
[INFO DRT-0036] via1 guide region query size = 0.
[INFO DRT-0036] metal2 guide region query size = 12896.
[INFO DRT-0036] via2 guide region query size = 0.
[INFO DRT-0036] metal3 guide region query size = 7757.
[INFO DRT-0036] via3 guide region query size = 0.
[INFO DRT-0036] metal4 guide region query size = 1889.
[INFO DRT-0036] via4 guide region query size = 0.
[INFO DRT-0036] metal5 guide region query size = 890.
[INFO DRT-0036] via5 guide region query size = 0.
[INFO DRT-0036] metal6 guide region query size = 314.
[INFO DRT-0036] via6 guide region query size = 0.
[INFO DRT-0036] metal7 guide region query size = 8.
[INFO DRT-0036] via7 guide region query size = 0.
[INFO DRT-0036] metal8 guide region query size = 0.
[INFO DRT-0036] via8 guide region query size = 0.
[INFO DRT-0036] metal9 guide region query size = 0.
[INFO DRT-0036] via9 guide region query size = 0.
[INFO DRT-0036] metal10 guide region query size = 0.
[INFO DRT-0179] Init gr pin query.
[INFO DRT-0267] cpu time = 00:00:00, elapsed time = 00:00:00, memory = 300.64 (MB), peak = 300.39 (MB)
[INFO DRT-0245] skipped writing guide updates to database.
[INFO DRT-0181] Start track assignment.
[INFO DRT-0184] Done with 15099 vertical wires in 2 frboxes and 22536 horizontal wires in 2 frboxes.
[INFO DRT-0186] Done with 4274 vertical wires in 2 frboxes and 5003 horizontal wires in 2 frboxes.
[INFO DRT-0182] Complete track assignment.
[INFO DRT-0267] cpu time = 00:00:04, elapsed time = 00:00:04, memory = 409.91 (MB), peak = 409.62 (MB)
[INFO DRT-0187] Start routing data preparation.
[INFO DRT-0267] cpu time = 00:00:00, elapsed time = 00:00:00, memory = 409.97 (MB), peak = 409.62 (MB)
[INFO DRT-0194] Start detail routing.
[INFO DRT-0195] Start 0th optimization iteration.
    Completing 10% with 0 violations.
    elapsed time = 00:00:02, memory = 456.82 (MB).
    Completing 20% with 0 violations.
    elapsed time = 00:00:05, memory = 477.98 (MB).
    Completing 30% with 138 violations.
    elapsed time = 00:00:09, memory = 532.59 (MB).
    Completing 40% with 138 violations.
    elapsed time = 00:00:16, memory = 534.46 (MB).
    Completing 50% with 138 violations.
    elapsed time = 00:00:26, memory = 527.82 (MB).
    Completing 60% with 323 violations.
    elapsed time = 00:00:33, memory = 591.52 (MB).
    Completing 70% with 323 violations.
    elapsed time = 00:00:35, memory = 591.52 (MB).
    Completing 80% with 477 violations.
    elapsed time = 00:00:43, memory = 643.84 (MB).
    Completing 90% with 477 violations.
    elapsed time = 00:00:47, memory = 646.72 (MB).
    Completing 100% with 657 violations.
    elapsed time = 00:00:49, memory = 591.59 (MB).
[INFO DRT-0199]   Number of violations = 987.
Viol/Layer      metal1   via1 metal2   via2 metal3 metal4   via4 metal5 metal7
Cut Spacing          0      0      0      1      0      0      1      0      0
Metal Spacing        0      0     49      0      9      6      0      3      0
Recheck              4      0    188      0    103     27      0      5      3
Short                0      1    462      5     77     30      0     10      3
[INFO DRT-0267] cpu time = 00:01:56, elapsed time = 00:00:50, memory = 1042.06 (MB), peak = 1041.55 (MB)
Total wire length = 108040 um.
Total wire length on LAYER metal1 = 0 um.
Total wire length on LAYER metal2 = 31409 um.
Total wire length on LAYER metal3 = 39400 um.
Total wire length on LAYER metal4 = 18890 um.
Total wire length on LAYER metal5 = 12352 um.
Total wire length on LAYER metal6 = 5737 um.
Total wire length on LAYER metal7 = 248 um.
Total wire length on LAYER metal8 = 0 um.
Total wire length on LAYER metal9 = 0 um.
Total wire length on LAYER metal10 = 0 um.
Total number of vias = 36878.
Up-via summary (total 36878):

----------------
 active        0
 metal1    15656
 metal2    17087
 metal3     2463
 metal4     1214
 metal5      446
 metal6       12
 metal7        0
 metal8        0
 metal9        0
----------------
       36878


[INFO DRT-0195] Start 1st optimization iteration.
    Completing 10% with 987 violations.
    elapsed time = 00:00:03, memory = 1043.56 (MB).
    Completing 20% with 987 violations.
    elapsed time = 00:00:09, memory = 1046.38 (MB).
    Completing 30% with 816 violations.
    elapsed time = 00:00:12, memory = 1046.38 (MB).
    Completing 40% with 816 violations.
    elapsed time = 00:00:20, memory = 1112.58 (MB).
    Completing 50% with 816 violations.
    elapsed time = 00:00:27, memory = 1050.77 (MB).
    Completing 60% with 613 violations.
    elapsed time = 00:00:32, memory = 1050.78 (MB).
    Completing 70% with 613 violations.
    elapsed time = 00:00:36, memory = 1054.64 (MB).
    Completing 80% with 446 violations.
    elapsed time = 00:00:43, memory = 1083.75 (MB).
    Completing 90% with 446 violations.
    elapsed time = 00:00:46, memory = 1052.49 (MB).
    Completing 100% with 244 violations.
    elapsed time = 00:00:50, memory = 1052.49 (MB).
[INFO DRT-0199]   Number of violations = 244.
Viol/Layer      metal2   via2 metal3 metal4
Cut Spacing          0      1      0      0
Metal Spacing       32      0      3      1
Short              181      0     18      8
[INFO DRT-0267] cpu time = 00:01:44, elapsed time = 00:00:51, memory = 1055.49 (MB), peak = 1112.30 (MB)
Total wire length = 107503 um.
Total wire length on LAYER metal1 = 0 um.
Total wire length on LAYER metal2 = 31300 um.
Total wire length on LAYER metal3 = 39146 um.
Total wire length on LAYER metal4 = 18786 um.
Total wire length on LAYER metal5 = 12277 um.
Total wire length on LAYER metal6 = 5740 um.
Total wire length on LAYER metal7 = 251 um.
Total wire length on LAYER metal8 = 0 um.
Total wire length on LAYER metal9 = 0 um.
Total wire length on LAYER metal10 = 0 um.
Total number of vias = 36519.
Up-via summary (total 36519):

----------------
 active        0
 metal1    15644
 metal2    16749
 metal3     2477
 metal4     1188
 metal5      449
 metal6       12
 metal7        0
 metal8        0
 metal9        0
----------------
       36519


[INFO DRT-0195] Start 2nd optimization iteration.
    Completing 10% with 244 violations.
    elapsed time = 00:00:04, memory = 1055.49 (MB).
    Completing 20% with 244 violations.
    elapsed time = 00:00:10, memory = 1055.49 (MB).
    Completing 30% with 218 violations.
    elapsed time = 00:00:14, memory = 1055.49 (MB).
    Completing 40% with 218 violations.
    elapsed time = 00:00:19, memory = 1056.90 (MB).
    Completing 50% with 218 violations.
    elapsed time = 00:00:26, memory = 1056.90 (MB).
    Completing 60% with 234 violations.
    elapsed time = 00:00:28, memory = 1090.09 (MB).
    Completing 70% with 234 violations.
    elapsed time = 00:00:32, memory = 1056.90 (MB).
    Completing 80% with 224 violations.
    elapsed time = 00:00:37, memory = 1056.90 (MB).
    Completing 90% with 224 violations.
    elapsed time = 00:00:44, memory = 1122.49 (MB).
    Completing 100% with 231 violations.
    elapsed time = 00:00:47, memory = 1056.90 (MB).
[INFO DRT-0199]   Number of violations = 231.
Viol/Layer      metal2 metal3 metal4
Metal Spacing       35      1      3
Short              177     15      0
[INFO DRT-0267] cpu time = 00:01:35, elapsed time = 00:00:47, memory = 1059.90 (MB), peak = 1122.19 (MB)
Total wire length = 107341 um.
Total wire length on LAYER metal1 = 0 um.
Total wire length on LAYER metal2 = 31200 um.
Total wire length on LAYER metal3 = 39064 um.
Total wire length on LAYER metal4 = 18806 um.
Total wire length on LAYER metal5 = 12273 um.
Total wire length on LAYER metal6 = 5744 um.
Total wire length on LAYER metal7 = 251 um.
Total wire length on LAYER metal8 = 0 um.
Total wire length on LAYER metal9 = 0 um.
Total wire length on LAYER metal10 = 0 um.
Total number of vias = 36408.
Up-via summary (total 36408):

----------------
 active        0
 metal1    15647
 metal2    16644
 metal3     2481
 metal4     1186
 metal5      438
 metal6       12
 metal7        0
 metal8        0
 metal9        0
----------------
       36408


[INFO DRT-0195] Start 3rd optimization iteration.
    Completing 10% with 231 violations.
    elapsed time = 00:00:00, memory = 1059.90 (MB).
    Completing 20% with 231 violations.
    elapsed time = 00:00:02, memory = 1059.90 (MB).
    Completing 30% with 188 violations.
    elapsed time = 00:00:05, memory = 1059.90 (MB).
    Completing 40% with 188 violations.
    elapsed time = 00:00:08, memory = 1091.51 (MB).
    Completing 50% with 188 violations.
    elapsed time = 00:00:11, memory = 1059.90 (MB).
    Completing 60% with 131 violations.
    elapsed time = 00:00:15, memory = 1059.90 (MB).
    Completing 70% with 131 violations.
    elapsed time = 00:00:18, memory = 1059.90 (MB).
    Completing 80% with 55 violations.
    elapsed time = 00:00:21, memory = 1059.90 (MB).
    Completing 90% with 55 violations.
    elapsed time = 00:00:23, memory = 1059.90 (MB).
    Completing 100% with 11 violations.
    elapsed time = 00:00:32, memory = 1059.90 (MB).
[INFO DRT-0199]   Number of violations = 11.
Viol/Layer      metal2 metal3 metal4
Metal Spacing        0      1      1
Short                3      6      0
[INFO DRT-0267] cpu time = 00:00:59, elapsed time = 00:00:32, memory = 1059.90 (MB), peak = 1122.19 (MB)
Total wire length = 107365 um.
Total wire length on LAYER metal1 = 0 um.
Total wire length on LAYER metal2 = 31022 um.
Total wire length on LAYER metal3 = 39137 um.
Total wire length on LAYER metal4 = 18951 um.
Total wire length on LAYER metal5 = 12257 um.
Total wire length on LAYER metal6 = 5744 um.
Total wire length on LAYER metal7 = 251 um.
Total wire length on LAYER metal8 = 0 um.
Total wire length on LAYER metal9 = 0 um.
Total wire length on LAYER metal10 = 0 um.
Total number of vias = 36605.
Up-via summary (total 36605):

----------------
 active        0
 metal1    15648
 metal2    16758
 metal3     2564
 metal4     1185
 metal5      438
 metal6       12
 metal7        0
 metal8        0
 metal9        0
----------------
       36605


[INFO DRT-0195] Start 4th guides tiles iteration.
    Completing 20% with 11 violations.
    elapsed time = 00:00:00, memory = 1059.90 (MB).
    Completing 50% with 11 violations.
    elapsed time = 00:00:01, memory = 1059.90 (MB).
    Completing 70% with 2 violations.
    elapsed time = 00:00:01, memory = 1059.90 (MB).
    Completing 100% with 0 violations.
    elapsed time = 00:00:01, memory = 1059.90 (MB).
[INFO DRT-0199]   Number of violations = 0.
[INFO DRT-0267] cpu time = 00:00:01, elapsed time = 00:00:01, memory = 1059.90 (MB), peak = 1122.19 (MB)
Total wire length = 107365 um.
Total wire length on LAYER metal1 = 0 um.
Total wire length on LAYER metal2 = 31022 um.
Total wire length on LAYER metal3 = 39138 um.
Total wire length on LAYER metal4 = 18951 um.
Total wire length on LAYER metal5 = 12256 um.
Total wire length on LAYER metal6 = 5744 um.
Total wire length on LAYER metal7 = 251 um.
Total wire length on LAYER metal8 = 0 um.
Total wire length on LAYER metal9 = 0 um.
Total wire length on LAYER metal10 = 0 um.
Total number of vias = 36598.
Up-via summary (total 36598):

----------------
 active        0
 metal1    15648
 metal2    16757
 metal3     2560
 metal4     1183
 metal5      438
 metal6       12
 metal7        0
 metal8        0
 metal9        0
----------------
       36598


[INFO DRT-0198] Complete detail routing.
Total wire length = 107365 um.
Total wire length on LAYER metal1 = 0 um.
Total wire length on LAYER metal2 = 31022 um.
Total wire length on LAYER metal3 = 39138 um.
Total wire length on LAYER metal4 = 18951 um.
Total wire length on LAYER metal5 = 12256 um.
Total wire length on LAYER metal6 = 5744 um.
Total wire length on LAYER metal7 = 251 um.
Total wire length on LAYER metal8 = 0 um.
Total wire length on LAYER metal9 = 0 um.
Total wire length on LAYER metal10 = 0 um.
Total number of vias = 36598.
Up-via summary (total 36598):

----------------
 active        0
 metal1    15648
 metal2    16757
 metal3     2560
 metal4     1183
 metal5      438
 metal6       12
 metal7        0
 metal8        0
 metal9        0
----------------
       36598


[INFO DRT-0267] cpu time = 00:06:17, elapsed time = 00:03:04, memory = 1059.96 (MB), peak = 1122.19 (MB)

[INFO DRT-0180] Post processing.
Took 204 seconds: detailed_route -output_drc /mnt/c/Users/Abhinav/OneDrive/Desktop/PACT/PACT/results/phase2c_repair_multiseed/raw/orfs/reports/nangate45/s15850/phase2c_s13_207a0abc5f0b/5_route_drc.rpt -output_maze /mnt/c/Users/Abhinav/OneDrive/Desktop/PACT/PACT/results/phase2c_repair_multiseed/raw/orfs/results/nangate45/s15850/phase2c_s13_207a0abc5f0b/maze.log -droute_end_iter 64 -verbose 1 -drc_report_iter_step 5
[WARNING GRT-0246] No diode with LEF class CORE ANTENNACELL found.
[INFO ANT-0002] Found 0 net violations.
[INFO ANT-0001] Found 0 pin violations.
[INFO ANT-0002] Found 0 net violations.
[INFO ANT-0001] Found 0 pin violations.
Design area 7619 um^2 36% utilization.
write_db /mnt/c/Users/Abhinav/OneDrive/Desktop/PACT/PACT/results/phase2c_repair_multiseed/raw/orfs/results/nangate45/s15850/phase2c_s13_207a0abc5f0b/5_2_route.odb
Elapsed time: 3:35.73[h:]min:sec. CPU time: user 441.00 sys 3.44 (206%). Peak memory: 1149120KB.
Log                       Ext     Elapsed/s Peak Memory/MB sha1sum result [0:20)
5_2_route                 .odb          215           1122 532e1aa6f889a1d62330
