OpenROAD 26Q2-1164-g08f67ee5ec 
Features included (+) or not (-): +GPU +GUI +Python
This program is licensed under the BSD-3 license. See the LICENSE file for details.
Components of this program may be licensed under more restrictive licenses which must be honored.
[INFO ORD-0030] Using 4 thread(s).
read_liberty /root/pact-deps/OpenROAD-flow-scripts/flow/platforms/nangate45/lib/NangateOpenCellLibrary_typical.lib
read_db /mnt/c/Users/Abhinav/OneDrive/Desktop/PACT/PACT/results/phase2c_repair_multiseed/raw/orfs/results/nangate45/s15850/phase2c_s13_1156aed4c738/5_1_grt.odb
read_sdc /mnt/c/Users/Abhinav/OneDrive/Desktop/PACT/PACT/results/phase2c_repair_multiseed/raw/orfs/results/nangate45/s15850/phase2c_s13_1156aed4c738/5_1_grt.sdc
source /root/pact-deps/OpenROAD-flow-scripts/flow/platforms/nangate45/setRC.tcl
detailed_route -output_drc /mnt/c/Users/Abhinav/OneDrive/Desktop/PACT/PACT/results/phase2c_repair_multiseed/raw/orfs/reports/nangate45/s15850/phase2c_s13_1156aed4c738/5_route_drc.rpt -output_maze /mnt/c/Users/Abhinav/OneDrive/Desktop/PACT/PACT/results/phase2c_repair_multiseed/raw/orfs/results/nangate45/s15850/phase2c_s13_1156aed4c738/maze.log -droute_end_iter 64 -verbose 1 -drc_report_iter_step 5
[INFO DRT-0149] Reading tech and libs.

Units:                2000
Number of layers:     21
Number of macros:     135
Number of vias:       33
Number of viarulegen: 19

[INFO DRT-0150] Reading design.

Design:                   s15850
Die area:                 ( 0 0 ) ( 295060 295060 )
Number of track patterns: 20
Number of DEF vias:       0
Number of components:     5391
Number of terminals:      235
Number of snets:          2
Number of nets:           5145

[INFO DRT-0167] List of default vias:
  Layer via2
    default via: via2_5
  Layer via3
    default via: via3_2
  Layer via4
    default via: via4_0
  Layer via5
    default via: via5_0
  Layer via6
    default via: via6_0
  Layer via7
    default via: via7_0
  Layer via8
    default via: via8_0
  Layer via9
    default via: via9_0
[INFO DRT-0162] Library cell analysis.
[INFO DRT-0163] Instance analysis.
[INFO DRT-0164] Number of unique instances = 57.
[INFO DRT-0168] Init region query.
[INFO DRT-0024]   Complete active.
[INFO DRT-0024]   Complete Fr_VIA.
[INFO DRT-0024]   Complete metal1.
[INFO DRT-0024]   Complete via1.
[INFO DRT-0024]   Complete metal2.
[INFO DRT-0024]   Complete via2.
[INFO DRT-0024]   Complete metal3.
[INFO DRT-0024]   Complete via3.
[INFO DRT-0024]   Complete metal4.
[INFO DRT-0024]   Complete via4.
[INFO DRT-0024]   Complete metal5.
[INFO DRT-0024]   Complete via5.
[INFO DRT-0024]   Complete metal6.
[INFO DRT-0024]   Complete via6.
[INFO DRT-0024]   Complete metal7.
[INFO DRT-0024]   Complete via7.
[INFO DRT-0024]   Complete metal8.
[INFO DRT-0024]   Complete via8.
[INFO DRT-0024]   Complete metal9.
[INFO DRT-0024]   Complete via9.
[INFO DRT-0024]   Complete metal10.
[INFO DRT-0033] active shape region query size = 0.
[INFO DRT-0033] FR_VIA shape region query size = 0.
[INFO DRT-0033] metal1 shape region query size = 88246.
[INFO DRT-0033] via1 shape region query size = 936.
[INFO DRT-0033] metal2 shape region query size = 624.
[INFO DRT-0033] via2 shape region query size = 936.
[INFO DRT-0033] metal3 shape region query size = 624.
[INFO DRT-0033] via3 shape region query size = 936.
[INFO DRT-0033] metal4 shape region query size = 348.
[INFO DRT-0033] via4 shape region query size = 300.
[INFO DRT-0033] metal5 shape region query size = 136.
[INFO DRT-0033] via5 shape region query size = 300.
[INFO DRT-0033] metal6 shape region query size = 217.
[INFO DRT-0033] via6 shape region query size = 120.
[INFO DRT-0033] metal7 shape region query size = 50.
[INFO DRT-0033] via7 shape region query size = 0.
[INFO DRT-0033] metal8 shape region query size = 0.
[INFO DRT-0033] via8 shape region query size = 0.
[INFO DRT-0033] metal9 shape region query size = 0.
[INFO DRT-0033] via9 shape region query size = 0.
[INFO DRT-0033] metal10 shape region query size = 0.
[INFO DRT-0165] Start pin access.
[INFO DRT-0078]   Complete 292 pins.
[INFO DRT-0081]   Complete 57 unique inst patterns.
[INFO DRT-0084]   Complete 3148 groups.
#scanned instances     = 5391
#unique  instances     = 57
#stdCellGenAp          = 1307
#stdCellValidPlanarAp  = 0
#stdCellValidViaAp     = 1013
#stdCellPinNoAp        = 0
#stdCellPinCnt         = 15558
#instTermValidViaApCnt = 0
#macroGenAp            = 0
#macroValidPlanarAp    = 0
#macroValidViaAp       = 0
#macroNoAp             = 0
[INFO DRT-0166] Complete pin access.
[INFO DRT-0267] cpu time = 00:00:49, elapsed time = 00:00:18, memory = 283.70 (MB), peak = 283.33 (MB)

[INFO DRT-0157] Number of guides:     43390

[INFO DRT-0169] Post process guides.
[INFO DRT-0176] GCELLGRID X 0 DO 51 STEP 5700 ;
[INFO DRT-0177] GCELLGRID Y 0 DO 51 STEP 5700 ;
[INFO DRT-0028]   Complete active.
[INFO DRT-0028]   Complete Fr_VIA.
[INFO DRT-0028]   Complete metal1.
[INFO DRT-0028]   Complete via1.
[INFO DRT-0028]   Complete metal2.
[INFO DRT-0028]   Complete via2.
[INFO DRT-0028]   Complete metal3.
[INFO DRT-0028]   Complete via3.
[INFO DRT-0028]   Complete metal4.
[INFO DRT-0028]   Complete via4.
[INFO DRT-0028]   Complete metal5.
[INFO DRT-0028]   Complete via5.
[INFO DRT-0028]   Complete metal6.
[INFO DRT-0028]   Complete via6.
[INFO DRT-0028]   Complete metal7.
[INFO DRT-0028]   Complete via7.
[INFO DRT-0028]   Complete metal8.
[INFO DRT-0028]   Complete via8.
[INFO DRT-0028]   Complete metal9.
[INFO DRT-0028]   Complete via9.
[INFO DRT-0028]   Complete metal10.
[INFO DRT-0178] Init guide query.
[INFO DRT-0035]   Complete active (guide).
[INFO DRT-0035]   Complete Fr_VIA (guide).
[INFO DRT-0035]   Complete metal1 (guide).
[INFO DRT-0035]   Complete via1 (guide).
[INFO DRT-0035]   Complete metal2 (guide).
[INFO DRT-0035]   Complete via2 (guide).
[INFO DRT-0035]   Complete metal3 (guide).
[INFO DRT-0035]   Complete via3 (guide).
[INFO DRT-0035]   Complete metal4 (guide).
[INFO DRT-0035]   Complete via4 (guide).
[INFO DRT-0035]   Complete metal5 (guide).
[INFO DRT-0035]   Complete via5 (guide).
[INFO DRT-0035]   Complete metal6 (guide).
[INFO DRT-0035]   Complete via6 (guide).
[INFO DRT-0035]   Complete metal7 (guide).
[INFO DRT-0035]   Complete via7 (guide).
[INFO DRT-0035]   Complete metal8 (guide).
[INFO DRT-0035]   Complete via8 (guide).
[INFO DRT-0035]   Complete metal9 (guide).
[INFO DRT-0035]   Complete via9 (guide).
[INFO DRT-0035]   Complete metal10 (guide).
[INFO DRT-0036] active guide region query size = 0.
[INFO DRT-0036] FR_VIA guide region query size = 0.
[INFO DRT-0036] metal1 guide region query size = 13856.
[INFO DRT-0036] via1 guide region query size = 0.
[INFO DRT-0036] metal2 guide region query size = 12703.
[INFO DRT-0036] via2 guide region query size = 0.
[INFO DRT-0036] metal3 guide region query size = 7251.
[INFO DRT-0036] via3 guide region query size = 0.
[INFO DRT-0036] metal4 guide region query size = 1346.
[INFO DRT-0036] via4 guide region query size = 0.
[INFO DRT-0036] metal5 guide region query size = 589.
[INFO DRT-0036] via5 guide region query size = 0.
[INFO DRT-0036] metal6 guide region query size = 225.
[INFO DRT-0036] via6 guide region query size = 0.
[INFO DRT-0036] metal7 guide region query size = 4.
[INFO DRT-0036] via7 guide region query size = 0.
[INFO DRT-0036] metal8 guide region query size = 0.
[INFO DRT-0036] via8 guide region query size = 0.
[INFO DRT-0036] metal9 guide region query size = 0.
[INFO DRT-0036] via9 guide region query size = 0.
[INFO DRT-0036] metal10 guide region query size = 0.
[INFO DRT-0179] Init gr pin query.
[INFO DRT-0267] cpu time = 00:00:00, elapsed time = 00:00:00, memory = 299.57 (MB), peak = 299.19 (MB)
[INFO DRT-0245] skipped writing guide updates to database.
[INFO DRT-0181] Start track assignment.
[INFO DRT-0184] Done with 14274 vertical wires in 2 frboxes and 21700 horizontal wires in 2 frboxes.
[INFO DRT-0186] Done with 3954 vertical wires in 2 frboxes and 4892 horizontal wires in 2 frboxes.
[INFO DRT-0182] Complete track assignment.
[INFO DRT-0267] cpu time = 00:00:04, elapsed time = 00:00:05, memory = 386.09 (MB), peak = 403.32 (MB)
[INFO DRT-0187] Start routing data preparation.
[INFO DRT-0267] cpu time = 00:00:00, elapsed time = 00:00:00, memory = 386.15 (MB), peak = 403.32 (MB)
[INFO DRT-0194] Start detail routing.
[INFO DRT-0195] Start 0th optimization iteration.
    Completing 10% with 0 violations.
    elapsed time = 00:00:04, memory = 453.40 (MB).
    Completing 20% with 0 violations.
    elapsed time = 00:00:07, memory = 474.22 (MB).
    Completing 30% with 131 violations.
    elapsed time = 00:00:12, memory = 525.02 (MB).
    Completing 40% with 131 violations.
    elapsed time = 00:00:16, memory = 515.45 (MB).
    Completing 50% with 131 violations.
    elapsed time = 00:00:19, memory = 482.96 (MB).
    Completing 60% with 259 violations.
    elapsed time = 00:00:23, memory = 512.46 (MB).
    Completing 70% with 259 violations.
    elapsed time = 00:00:25, memory = 532.62 (MB).
    Completing 80% with 413 violations.
    elapsed time = 00:00:31, memory = 579.15 (MB).
    Completing 90% with 413 violations.
    elapsed time = 00:00:37, memory = 563.92 (MB).
    Completing 100% with 583 violations.
    elapsed time = 00:00:41, memory = 515.87 (MB).
[INFO DRT-0199]   Number of violations = 851.
Viol/Layer      metal1 metal2   via2 metal3 metal4   via4 metal5
Cut Spacing          0      0      0      0      0      1      0
Metal Spacing        0     43      0      6      4      0      3
Recheck              3    142      0    111     11      0      1
Short                0    454      1     60     10      0      1
[INFO DRT-0267] cpu time = 00:01:36, elapsed time = 00:00:43, memory = 1010.46 (MB), peak = 1009.93 (MB)
Total wire length = 82077 um.
Total wire length on LAYER metal1 = 0 um.
Total wire length on LAYER metal2 = 29560 um.
Total wire length on LAYER metal3 = 33986 um.
Total wire length on LAYER metal4 = 10758 um.
Total wire length on LAYER metal5 = 4907 um.
Total wire length on LAYER metal6 = 2616 um.
Total wire length on LAYER metal7 = 247 um.
Total wire length on LAYER metal8 = 0 um.
Total wire length on LAYER metal9 = 0 um.
Total wire length on LAYER metal10 = 0 um.
Total number of vias = 35152.
Up-via summary (total 35152):

----------------
 active        0
 metal1    15647
 metal2    16595
 metal3     1856
 metal4      762
 metal5      284
 metal6        8
 metal7        0
 metal8        0
 metal9        0
----------------
       35152


[INFO DRT-0195] Start 1st optimization iteration.
    Completing 10% with 851 violations.
    elapsed time = 00:00:03, memory = 1026.34 (MB).
    Completing 20% with 851 violations.
    elapsed time = 00:00:08, memory = 1032.95 (MB).
    Completing 30% with 663 violations.
    elapsed time = 00:00:09, memory = 1034.50 (MB).
    Completing 40% with 663 violations.
    elapsed time = 00:00:15, memory = 1039.64 (MB).
    Completing 50% with 663 violations.
    elapsed time = 00:00:21, memory = 1042.11 (MB).
    Completing 60% with 489 violations.
    elapsed time = 00:00:27, memory = 1069.68 (MB).
    Completing 70% with 489 violations.
    elapsed time = 00:00:31, memory = 1069.68 (MB).
    Completing 80% with 305 violations.
    elapsed time = 00:00:36, memory = 1042.11 (MB).
    Completing 90% with 305 violations.
    elapsed time = 00:00:40, memory = 1042.24 (MB).
    Completing 100% with 129 violations.
    elapsed time = 00:00:43, memory = 1042.43 (MB).
[INFO DRT-0199]   Number of violations = 129.
Viol/Layer      metal2 metal3   via4
Cut Spacing          0      0      1
Metal Spacing       21      3      0
Short               95      9      0
[INFO DRT-0267] cpu time = 00:01:33, elapsed time = 00:00:44, memory = 1045.43 (MB), peak = 1069.06 (MB)
Total wire length = 81616 um.
Total wire length on LAYER metal1 = 0 um.
Total wire length on LAYER metal2 = 29351 um.
Total wire length on LAYER metal3 = 33816 um.
Total wire length on LAYER metal4 = 10701 um.
Total wire length on LAYER metal5 = 4890 um.
Total wire length on LAYER metal6 = 2609 um.
Total wire length on LAYER metal7 = 247 um.
Total wire length on LAYER metal8 = 0 um.
Total wire length on LAYER metal9 = 0 um.
Total wire length on LAYER metal10 = 0 um.
Total number of vias = 34951.
Up-via summary (total 34951):

----------------
 active        0
 metal1    15649
 metal2    16437
 metal3     1822
 metal4      754
 metal5      281
 metal6        8
 metal7        0
 metal8        0
 metal9        0
----------------
       34951


[INFO DRT-0195] Start 2nd optimization iteration.
    Completing 10% with 129 violations.
    elapsed time = 00:00:00, memory = 1045.43 (MB).
    Completing 20% with 129 violations.
    elapsed time = 00:00:07, memory = 1045.43 (MB).
    Completing 30% with 126 violations.
    elapsed time = 00:00:09, memory = 1045.43 (MB).
    Completing 40% with 126 violations.
    elapsed time = 00:00:14, memory = 1045.43 (MB).
    Completing 50% with 126 violations.
    elapsed time = 00:00:20, memory = 1045.43 (MB).
    Completing 60% with 118 violations.
    elapsed time = 00:00:24, memory = 1045.43 (MB).
    Completing 70% with 118 violations.
    elapsed time = 00:00:27, memory = 1045.43 (MB).
    Completing 80% with 106 violations.
    elapsed time = 00:00:29, memory = 1045.43 (MB).
    Completing 90% with 106 violations.
    elapsed time = 00:00:35, memory = 1046.48 (MB).
    Completing 100% with 95 violations.
    elapsed time = 00:00:38, memory = 1049.37 (MB).
[INFO DRT-0199]   Number of violations = 95.
Viol/Layer        via1 metal2   via2 metal3
Cut Spacing          1      0      1      0
Metal Spacing        0     19      0      1
Short                0     70      0      3
[INFO DRT-0267] cpu time = 00:01:16, elapsed time = 00:00:38, memory = 1052.37 (MB), peak = 1069.06 (MB)
Total wire length = 81533 um.
Total wire length on LAYER metal1 = 0 um.
Total wire length on LAYER metal2 = 29385 um.
Total wire length on LAYER metal3 = 33731 um.
Total wire length on LAYER metal4 = 10682 um.
Total wire length on LAYER metal5 = 4887 um.
Total wire length on LAYER metal6 = 2598 um.
Total wire length on LAYER metal7 = 247 um.
Total wire length on LAYER metal8 = 0 um.
Total wire length on LAYER metal9 = 0 um.
Total wire length on LAYER metal10 = 0 um.
Total number of vias = 34708.
Up-via summary (total 34708):

----------------
 active        0
 metal1    15649
 metal2    16210
 metal3     1817
 metal4      746
 metal5      278
 metal6        8
 metal7        0
 metal8        0
 metal9        0
----------------
       34708


[INFO DRT-0195] Start 3rd guides tiles iteration.
    Completing 10% with 95 violations.
    elapsed time = 00:00:00, memory = 1052.37 (MB).
    Completing 20% with 95 violations.
    elapsed time = 00:00:00, memory = 1052.37 (MB).
    Completing 30% with 95 violations.
    elapsed time = 00:00:01, memory = 1052.37 (MB).
    Completing 40% with 95 violations.
    elapsed time = 00:00:01, memory = 1052.37 (MB).
    Completing 50% with 31 violations.
    elapsed time = 00:00:02, memory = 1052.37 (MB).
    Completing 60% with 31 violations.
    elapsed time = 00:00:02, memory = 1052.37 (MB).
    Completing 70% with 31 violations.
    elapsed time = 00:00:02, memory = 1052.37 (MB).
    Completing 80% with 31 violations.
    elapsed time = 00:00:02, memory = 1052.37 (MB).
    Completing 90% with 19 violations.
    elapsed time = 00:00:03, memory = 1052.37 (MB).
    Completing 100% with 0 violations.
    elapsed time = 00:00:08, memory = 1052.37 (MB).
[INFO DRT-0199]   Number of violations = 0.
[INFO DRT-0267] cpu time = 00:00:09, elapsed time = 00:00:09, memory = 1052.37 (MB), peak = 1104.85 (MB)
Total wire length = 81541 um.
Total wire length on LAYER metal1 = 0 um.
Total wire length on LAYER metal2 = 29213 um.
Total wire length on LAYER metal3 = 33789 um.
Total wire length on LAYER metal4 = 10825 um.
Total wire length on LAYER metal5 = 4866 um.
Total wire length on LAYER metal6 = 2598 um.
Total wire length on LAYER metal7 = 247 um.
Total wire length on LAYER metal8 = 0 um.
Total wire length on LAYER metal9 = 0 um.
Total wire length on LAYER metal10 = 0 um.
Total number of vias = 34850.
Up-via summary (total 34850):

----------------
 active        0
 metal1    15650
 metal2    16294
 metal3     1876
 metal4      744
 metal5      278
 metal6        8
 metal7        0
 metal8        0
 metal9        0
----------------
       34850


[INFO DRT-0198] Complete detail routing.
Total wire length = 81541 um.
Total wire length on LAYER metal1 = 0 um.
Total wire length on LAYER metal2 = 29213 um.
Total wire length on LAYER metal3 = 33789 um.
Total wire length on LAYER metal4 = 10825 um.
Total wire length on LAYER metal5 = 4866 um.
Total wire length on LAYER metal6 = 2598 um.
Total wire length on LAYER metal7 = 247 um.
Total wire length on LAYER metal8 = 0 um.
Total wire length on LAYER metal9 = 0 um.
Total wire length on LAYER metal10 = 0 um.
Total number of vias = 34850.
Up-via summary (total 34850):

----------------
 active        0
 metal1    15650
 metal2    16294
 metal3     1876
 metal4      744
 metal5      278
 metal6        8
 metal7        0
 metal8        0
 metal9        0
----------------
       34850


[INFO DRT-0267] cpu time = 00:04:36, elapsed time = 00:02:15, memory = 1052.49 (MB), peak = 1104.85 (MB)

[INFO DRT-0180] Post processing.
Took 160 seconds: detailed_route -output_drc /mnt/c/Users/Abhinav/OneDrive/Desktop/PACT/PACT/results/phase2c_repair_multiseed/raw/orfs/reports/nangate45/s15850/phase2c_s13_1156aed4c738/5_route_drc.rpt -output_maze /mnt/c/Users/Abhinav/OneDrive/Desktop/PACT/PACT/results/phase2c_repair_multiseed/raw/orfs/results/nangate45/s15850/phase2c_s13_1156aed4c738/maze.log -droute_end_iter 64 -verbose 1 -drc_report_iter_step 5
[WARNING GRT-0246] No diode with LEF class CORE ANTENNACELL found.
[INFO ANT-0002] Found 0 net violations.
[INFO ANT-0001] Found 0 pin violations.
[INFO ANT-0002] Found 0 net violations.
[INFO ANT-0001] Found 0 pin violations.
Design area 7619 um^2 36% utilization.
write_db /mnt/c/Users/Abhinav/OneDrive/Desktop/PACT/PACT/results/phase2c_repair_multiseed/raw/orfs/results/nangate45/s15850/phase2c_s13_1156aed4c738/5_2_route.odb
Elapsed time: 2:50.76[h:]min:sec. CPU time: user 337.08 sys 3.13 (199%). Peak memory: 1131364KB.
Log                       Ext     Elapsed/s Peak Memory/MB sha1sum result [0:20)
5_2_route                 .odb          170           1104 de1d4e44935fff208b03
