OpenROAD 26Q2-1164-g08f67ee5ec 
Features included (+) or not (-): +GPU +GUI +Python
This program is licensed under the BSD-3 license. See the LICENSE file for details.
Components of this program may be licensed under more restrictive licenses which must be honored.
[INFO ORD-0030] Using 4 thread(s).
mkdir -p ./objects/nangate45/s9234f/phase0c_f3e7b516a_s11_k4_R_88e98934_7f655d61
/root/pact-deps/OpenROAD-flow-scripts/flow/scripts/flow.sh 4_1_cts cts
Running cts.tcl, stage 4_1_cts
read_liberty /root/pact-deps/OpenROAD-flow-scripts/flow/platforms/nangate45/lib/NangateOpenCellLibrary_typical.lib
read_db ./results/nangate45/s9234f/phase0c_f3e7b516a_s11_k4_R_88e98934_7f655d61/3_place.odb
read_sdc ./results/nangate45/s9234f/phase0c_f3e7b516a_s11_k4_R_88e98934_7f655d61/3_place.sdc
source /root/pact-deps/OpenROAD-flow-scripts/flow/platforms/nangate45/setRC.tcl
clock_tree_synthesis -sink_clustering_enable -repair_clock_nets
[INFO CTS-0050] Root buffer is CLKBUF_X3.
[INFO CTS-0051] Sink buffer is CLKBUF_X3.
[INFO CTS-0052] The following clock buffers will be used for CTS:
                    CLKBUF_X3
[INFO CTS-0049] Characterization buffer is CLKBUF_X3.
[INFO CTS-0007] Net "CK" found for clock "clk".
[INFO CTS-0010]  Clock net "CK" has 211 sinks.
[INFO CTS-0008] TritonCTS found 1 clock nets.
[INFO CTS-0097] Characterization used 1 buffer(s) types.
[INFO CTS-0201] 0 blockages from hard placement blockages and placed macros will be used.
[INFO CTS-0027] Generating H-Tree topology for net CK.
[INFO CTS-0028]  Total number of sinks: 211.
[INFO CTS-0090]  Sinks will be clustered based on buffer max cap.
[INFO CTS-0030]  Number of static layers: 0.
[INFO CTS-0020]  Wire segment unit: 14000  dbu (7 um).
[INFO CTS-0206] Best clustering solution was found from max clustering size of 8 and max clustering diameter of 39.
[INFO CTS-0019]  Total number of sinks after clustering: 33.
[INFO CTS-0024]  Normalized sink region: [(2.74219, 1.7898), (12.9744, 13.2029)].
[INFO CTS-0025]     Width:  10.2322.
[INFO CTS-0026]     Height: 11.4131.
 Level 1
    Direction: Vertical
    Sinks per sub-region: 17
    Sub-region size: 10.2322 X 5.7065
[INFO CTS-0034]     Segment length (rounded): 2.
 Level 2
    Direction: Horizontal
    Sinks per sub-region: 9
    Sub-region size: 5.1161 X 5.7065
[INFO CTS-0034]     Segment length (rounded): 2.
[INFO CTS-0032]  Stop criterion found. Max number of sinks is 15.
[INFO CTS-0035]  Number of sinks covered: 33.
[INFO CTS-0018]     Created 38 clock buffers.
[INFO CTS-0012]     Minimum number of buffers in the clock path: 3.
[INFO CTS-0013]     Maximum number of buffers in the clock path: 3.
[INFO CTS-0015]     Created 38 clock nets.
[INFO CTS-0016]     Fanout distribution for the current clock = 5:7, 6:10, 7:14, 8:4, 9:1, 10:1..
[INFO CTS-0017]     Max level of the clock tree: 2.
[INFO CTS-0098] Clock net "CK"
[INFO CTS-0099]  Sinks 242
[INFO CTS-0100]  Leaf buffers 33
[INFO CTS-0101]  Average sink wire length 139.06 um
[INFO CTS-0102]  Path depth 2 - 3
[INFO CTS-0207]  Dummy loads inserted 31
estimate_parasitics -placement
detailed_placement
[INFO DPL-0006] Core area: 10208.02 um^2, Instances area: 3604.57 um^2, Utilization: 35.3%
[INFO DPL-0005] Diamond search max displacement: +/- 500 sites horizontally, +/- 100 rows vertically.
[INFO DPL-1101] Legalizing using diamond search.
Movements Summary
---------------------------------------
Total cells:                    2613
Diamond Move Success:           2613 (100.00%)
Diamond Move Failure:              0
Rip-up and replace Success:        0 (  0.00% of diamond failures)
Rip-up and replace Failure:        0
Total Placement Failures:          0
---------------------------------------
Placement Analysis
---------------------------------
total displacement         89.6 u
average displacement        0.0 u
max displacement            2.6 u
original HPWL           39704.9 u
legalized HPWL          39738.2 u
delta HPWL                    0 %

estimate_parasitics -placement
repair_timing -setup_margin 0 -hold_margin 0 -repair_tns 100 -verbose
[INFO RSZ-0100] Repair move sequence: UnbufferMove SizeUpMove SwapPinsMove BufferMove CloneMove SplitLoadMove 
[INFO RSZ-0098] No setup violations found
[INFO RSZ-0046] Found 58 endpoints with hold violations.
Iteration | Resized | Buffers | Cloned Gates |   Area   |   WNS   |   TNS   | Endpoint
--------------------------------------------------------------------------------------
        0 |       0 |       0 |            0 |    +0.0% |  -0.093 |  -1.892 | U_g666/D
       10 |       0 |      18 |            0 |    +0.4% |  -0.078 |  -1.328 | U_g687/D
       20 |       0 |      32 |            0 |    +0.7% |  -0.040 |  -0.319 | U_g666/D
       30 |       0 |      32 |            0 |    +0.7% |  -0.040 |  -0.319 | U_g666/D
       40 |       0 |      32 |            0 |    +0.7% |  -0.040 |  -0.319 | U_g666/D
       50 |       0 |      35 |            0 |    +0.8% |  -0.040 |  -0.248 | U_g666/D
       60 |       0 |      38 |            0 |    +0.8% |  -0.030 |  -0.199 | U_g698/D
    final |       0 |      51 |            0 |    +1.1% |   0.000 |   0.000 | U_g11/D
--------------------------------------------------------------------------------------
[INFO RSZ-0032] Inserted 51 hold buffers.
detailed_placement
[INFO DPL-0006] Core area: 10208.02 um^2, Instances area: 3645.26 um^2, Utilization: 35.7%
[INFO DPL-0005] Diamond search max displacement: +/- 500 sites horizontally, +/- 100 rows vertically.
[INFO DPL-1101] Legalizing using diamond search.
Movements Summary
---------------------------------------
Total cells:                    2664
Diamond Move Success:           2664 (100.00%)
Diamond Move Failure:              0
Rip-up and replace Success:        0 (  0.00% of diamond failures)
Rip-up and replace Failure:        0
Total Placement Failures:          0
---------------------------------------
Placement Analysis
---------------------------------
total displacement         85.7 u
average displacement        0.0 u
max displacement            3.0 u
original HPWL           39805.4 u
legalized HPWL          39868.1 u
delta HPWL                    0 %

estimate_parasitics -placement
Report metrics stage 4, cts final...

==========================================================================
cts final report_design_area
--------------------------------------------------------------------------
Design area 3645 um^2 36% utilization.
write_db ./results/nangate45/s9234f/phase0c_f3e7b516a_s11_k4_R_88e98934_7f655d61/4_1_cts.odb
write_sdc -no_timestamp ./results/nangate45/s9234f/phase0c_f3e7b516a_s11_k4_R_88e98934_7f655d61/4_cts.sdc
Log                       Ext     Elapsed/s Peak Memory/MB sha1sum result [0:20)
4_1_cts                   .odb            4            159 3cff862453ffdcd7bafc
cp ./results/nangate45/s9234f/phase0c_f3e7b516a_s11_k4_R_88e98934_7f655d61/4_1_cts.odb ./results/nangate45/s9234f/phase0c_f3e7b516a_s11_k4_R_88e98934_7f655d61/4_cts.odb
/root/pact-deps/OpenROAD-flow-scripts/flow/scripts/flow.sh 5_1_grt global_route
Running global_route.tcl, stage 5_1_grt
read_liberty /root/pact-deps/OpenROAD-flow-scripts/flow/platforms/nangate45/lib/NangateOpenCellLibrary_typical.lib
read_db ./results/nangate45/s9234f/phase0c_f3e7b516a_s11_k4_R_88e98934_7f655d61/4_cts.odb
read_sdc ./results/nangate45/s9234f/phase0c_f3e7b516a_s11_k4_R_88e98934_7f655d61/4_cts.sdc
source /root/pact-deps/OpenROAD-flow-scripts/flow/platforms/nangate45/setRC.tcl
pin_access
[INFO DRT-0149] Reading tech and libs.

Units:                2000
Number of layers:     21
Number of macros:     135
Number of vias:       33
Number of viarulegen: 19

[INFO DRT-0150] Reading design.

Design:                   s9234f
Die area:                 ( 0 0 ) ( 206880 206880 )
Number of track patterns: 20
Number of DEF vias:       0
Number of components:     2808
Number of terminals:      87
Number of snets:          2
Number of nets:           2675

[INFO DRT-0167] List of default vias:
  Layer via2
    default via: via2_5
  Layer via3
    default via: via3_2
  Layer via4
    default via: via4_0
  Layer via5
    default via: via5_0
  Layer via6
    default via: via6_0
  Layer via7
    default via: via7_0
  Layer via8
    default via: via8_0
  Layer via9
    default via: via9_0
[INFO DRT-0162] Library cell analysis.
[INFO DRT-0163] Instance analysis.
[INFO DRT-0164] Number of unique instances = 47.
[INFO DRT-0168] Init region query.
[INFO DRT-0024]   Complete active.
[INFO DRT-0024]   Complete Fr_VIA.
[INFO DRT-0024]   Complete metal1.
[INFO DRT-0024]   Complete via1.
[INFO DRT-0024]   Complete metal2.
[INFO DRT-0024]   Complete via2.
[INFO DRT-0024]   Complete metal3.
[INFO DRT-0024]   Complete via3.
[INFO DRT-0024]   Complete metal4.
[INFO DRT-0024]   Complete via4.
[INFO DRT-0024]   Complete metal5.
[INFO DRT-0024]   Complete via5.
[INFO DRT-0024]   Complete metal6.
[INFO DRT-0024]   Complete via6.
[INFO DRT-0024]   Complete metal7.
[INFO DRT-0024]   Complete via7.
[INFO DRT-0024]   Complete metal8.
[INFO DRT-0024]   Complete via8.
[INFO DRT-0024]   Complete metal9.
[INFO DRT-0024]   Complete via9.
[INFO DRT-0024]   Complete metal10.
[INFO DRT-0033] active shape region query size = 0.
[INFO DRT-0033] FR_VIA shape region query size = 0.
[INFO DRT-0033] metal1 shape region query size = 42678.
[INFO DRT-0033] via1 shape region query size = 438.
[INFO DRT-0033] metal2 shape region query size = 292.
[INFO DRT-0033] via2 shape region query size = 438.
[INFO DRT-0033] metal3 shape region query size = 292.
[INFO DRT-0033] via3 shape region query size = 438.
[INFO DRT-0033] metal4 shape region query size = 164.
[INFO DRT-0033] via4 shape region query size = 140.
[INFO DRT-0033] metal5 shape region query size = 68.
[INFO DRT-0033] via5 shape region query size = 140.
[INFO DRT-0033] metal6 shape region query size = 73.
[INFO DRT-0033] via6 shape region query size = 56.
[INFO DRT-0033] metal7 shape region query size = 28.
[INFO DRT-0033] via7 shape region query size = 0.
[INFO DRT-0033] metal8 shape region query size = 0.
[INFO DRT-0033] via8 shape region query size = 0.
[INFO DRT-0033] metal9 shape region query size = 0.
[INFO DRT-0033] via9 shape region query size = 0.
[INFO DRT-0033] metal10 shape region query size = 0.
[INFO DRT-0165] Start pin access.
[INFO DRT-0078]   Complete 240 pins.
[INFO DRT-0081]   Complete 47 unique inst patterns.
[INFO DRT-0084]   Complete 1551 groups.
#scanned instances     = 2808
#unique  instances     = 47
#stdCellGenAp          = 1027
#stdCellValidPlanarAp  = 0
#stdCellValidViaAp     = 825
#stdCellPinNoAp        = 0
#stdCellPinCnt         = 8139
#instTermValidViaApCnt = 0
#macroGenAp            = 0
#macroValidPlanarAp    = 0
#macroValidViaAp       = 0
#macroNoAp             = 0
[INFO DRT-0166] Complete pin access.
[INFO DRT-0267] cpu time = 00:00:29, elapsed time = 00:00:07, memory = 119.14 (MB), peak = 118.86 (MB)
Took 7 seconds: pin_access
set_global_routing_random -seed 11
global_route -congestion_report_file ./reports/nangate45/s9234f/phase0c_f3e7b516a_s11_k4_R_88e98934_7f655d61/congestion.rpt -congestion_iterations 30 -congestion_report_iter_step 5 -verbose
[INFO GRT-0020] Min routing layer: metal2
[INFO GRT-0021] Max routing layer: metal10
[INFO GRT-0022] Global adjustment: 0%
[INFO GRT-0023] Grid origin: (0, 0)
[INFO GRT-0088] Layer metal1  Track-Pitch = 0.1400  line-2-Via Pitch: 0.1350
[INFO GRT-0088] Layer metal2  Track-Pitch = 0.1900  line-2-Via Pitch: 0.1400
[INFO GRT-0088] Layer metal3  Track-Pitch = 0.1400  line-2-Via Pitch: 0.1400
[INFO GRT-0088] Layer metal4  Track-Pitch = 0.2800  line-2-Via Pitch: 0.2800
[INFO GRT-0088] Layer metal5  Track-Pitch = 0.2800  line-2-Via Pitch: 0.2800
[INFO GRT-0088] Layer metal6  Track-Pitch = 0.2800  line-2-Via Pitch: 0.2800
[INFO GRT-0088] Layer metal7  Track-Pitch = 0.8000  line-2-Via Pitch: 0.8000
[INFO GRT-0088] Layer metal8  Track-Pitch = 0.8000  line-2-Via Pitch: 0.8000
[INFO GRT-0088] Layer metal9  Track-Pitch = 1.6000  line-2-Via Pitch: 1.6000
[INFO GRT-0088] Layer metal10 Track-Pitch = 1.6000  line-2-Via Pitch: 1.6000
[INFO GRT-0003] Macros: 0
[INFO GRT-0004] Blockages: 0
[INFO GRT-0019] Found 39 clock nets.
[INFO GRT-0001] Minimum degree: 2
[INFO GRT-0002] Maximum degree: 63

[INFO GRT-0053] Routing resources analysis:
          Routing      Original      Derated      Resource
Layer     Direction    Resources     Resources    Reduction (%)
---------------------------------------------------------------
metal1     Horizontal          0             0          0.00%
metal2     Vertical        18585          8750          52.92%
metal3     Horizontal      25711         12607          50.97%
metal4     Vertical        12600          8890          29.44%
metal5     Horizontal      12839          9040          29.59%
metal6     Vertical        12882          9077          29.54%
metal7     Horizontal       3920          2800          28.57%
metal8     Vertical         4480          3220          28.12%
metal9     Horizontal       2240          1260          43.75%
metal10    Vertical         2240          1260          43.75%
---------------------------------------------------------------

[INFO GRT-0197] Via related to pin nodes: 15741
[INFO GRT-0198] Via related Steiner nodes: 379
[INFO GRT-0199] Via filling finished.
[INFO GRT-0111] Final number of vias: 20848
[INFO GRT-0112] Final usage 3D: 77912

[INFO GRT-0096] Final congestion report:
Layer         Resource        Demand        Usage (%)    Max H / Max V / Total Overflow
---------------------------------------------------------------------------------------
metal1               0             0            0.00%             0 /  0 /  0
metal2            8750          4912           56.14%             0 /  0 /  0
metal3           12607          6009           47.66%             0 /  0 /  0
metal4            8890          2536           28.53%             0 /  0 /  0
metal5            9040          1377           15.23%             0 /  0 /  0
metal6            9077           534            5.88%             0 /  0 /  0
metal7            2800             0            0.00%             0 /  0 /  0
metal8            3220             0            0.00%             0 /  0 /  0
metal9            1260             0            0.00%             0 /  0 /  0
metal10           1260             0            0.00%             0 /  0 /  0
---------------------------------------------------------------------------------------
Total            56904         15368           27.01%             0 /  0 /  0

[INFO GRT-0018] Total wirelength: 64370 um
[INFO GRT-0014] Routed nets: 2675
[INFO GRT-0303] Global routing runtime = 00:00:00
estimate_parasitics -global_routing
Perform buffer insertion and gate resizing...
repair_design -verbose
Iteration |   Area    | Resized | Buffers | Nets repaired | Remaining
---------------------------------------------------------------------
        0 |     +0.0% |       0 |       0 |             0 |      2917
       10 |     +0.0% |       0 |       0 |             0 |      2907
       20 |     +0.0% |       0 |       0 |             0 |      2897
       30 |     +0.0% |       0 |       0 |             0 |      2887
       40 |     +0.0% |       0 |       0 |             0 |      2877
       50 |     +0.0% |       0 |       0 |             0 |      2867
       60 |     +0.0% |       0 |       0 |             0 |      2857
       70 |     +0.0% |       0 |       0 |             0 |      2847
       80 |     +0.0% |       0 |       0 |             0 |      2837
       90 |     +0.0% |       0 |       0 |             0 |      2827
      100 |     +0.0% |       0 |       0 |             0 |      2817
      110 |     +0.0% |       0 |       0 |             0 |      2807
      120 |     +0.0% |       0 |       0 |             0 |      2797
      130 |     +0.0% |       0 |       0 |             0 |      2787
      140 |     +0.0% |       0 |       0 |             0 |      2777
      150 |     +0.0% |       0 |       0 |             0 |      2767
      160 |     +0.0% |       0 |       0 |             0 |      2757
      170 |     +0.0% |       0 |       0 |             0 |      2747
      180 |     +0.0% |       0 |       0 |             0 |      2737
      190 |     +0.0% |       0 |       0 |             0 |      2727
      200 |     +0.0% |       0 |       0 |             0 |      2717
      210 |     +0.0% |       0 |       0 |             0 |      2707
      220 |     +0.0% |       0 |       0 |             0 |      2697
      230 |     +0.0% |       0 |       0 |             0 |      2687
      240 |     +0.0% |       0 |       0 |             0 |      2677
      250 |     +0.0% |       0 |       0 |             0 |      2667
      260 |     +0.0% |       0 |       0 |             0 |      2657
      270 |     +0.0% |       0 |       0 |             0 |      2647
      280 |     +0.0% |       0 |       0 |             0 |      2637
      290 |     +0.0% |       0 |       0 |             0 |      2627
      300 |     +0.0% |       0 |       0 |             0 |      2617
      310 |     +0.0% |       0 |       0 |             0 |      2607
      320 |     +0.0% |       0 |       0 |             0 |      2597
      330 |     +0.0% |       0 |       0 |             0 |      2587
      340 |     +0.0% |       0 |       0 |             0 |      2577
      350 |     +0.0% |       0 |       0 |             0 |      2567
      360 |     +0.0% |       0 |       0 |             0 |      2557
      370 |     +0.0% |       0 |       0 |             0 |      2547
      380 |     +0.0% |       0 |       0 |             0 |      2537
      390 |     +0.0% |       0 |       0 |             0 |      2527
      400 |     +0.0% |       0 |       0 |             0 |      2517
      410 |     +0.0% |       0 |       0 |             0 |      2507
      420 |     +0.0% |       0 |       0 |             0 |      2497
      430 |     +0.0% |       0 |       0 |             0 |      2487
      440 |     +0.0% |       0 |       0 |             0 |      2477
      450 |     +0.0% |       0 |       0 |             0 |      2467
      460 |     +0.0% |       0 |       0 |             0 |      2457
      470 |     +0.0% |       0 |       0 |             0 |      2447
      480 |     +0.0% |       0 |       0 |             0 |      2437
      490 |     +0.0% |       0 |       0 |             0 |      2427
      500 |     +0.0% |       0 |       0 |             0 |      2417
      510 |     +0.0% |       0 |       0 |             0 |      2407
      520 |     +0.0% |       0 |       0 |             0 |      2397
      530 |     +0.0% |       0 |       0 |             0 |      2387
      540 |     +0.0% |       0 |       0 |             0 |      2377
      550 |     +0.0% |       0 |       0 |             0 |      2367
      560 |     +0.0% |       0 |       0 |             0 |      2357
      570 |     +0.0% |       0 |       0 |             0 |      2347
      580 |     +0.0% |       0 |       0 |             0 |      2337
      590 |     +0.0% |       0 |       0 |             0 |      2327
      600 |     +0.0% |       0 |       0 |             0 |      2317
      610 |     +0.0% |       0 |       0 |             0 |      2307
      620 |     +0.0% |       0 |       0 |             0 |      2297
      630 |     +0.0% |       0 |       0 |             0 |      2287
      640 |     +0.0% |       0 |       0 |             0 |      2277
      650 |     +0.0% |       0 |       0 |             0 |      2267
      660 |     +0.0% |       0 |       0 |             0 |      2257
      670 |     +0.0% |       0 |       0 |             0 |      2247
      680 |     +0.0% |       0 |       0 |             0 |      2237
      690 |     +0.0% |       0 |       0 |             0 |      2227
      700 |     +0.0% |       0 |       0 |             0 |      2217
      710 |     +0.0% |       0 |       0 |             0 |      2207
      720 |     +0.0% |       0 |       0 |             0 |      2197
      730 |     +0.0% |       0 |       0 |             0 |      2187
      740 |     +0.0% |       0 |       0 |             0 |      2177
      750 |     +0.0% |       0 |       0 |             0 |      2167
      760 |     +0.0% |       0 |       0 |             0 |      2157
      770 |     +0.0% |       0 |       0 |             0 |      2147
      780 |     +0.0% |       0 |       0 |             0 |      2137
      790 |     +0.0% |       0 |       0 |             0 |      2127
      800 |     +0.0% |       0 |       0 |             0 |      2117
      810 |     +0.0% |       0 |       0 |             0 |      2107
      820 |     +0.0% |       0 |       0 |             0 |      2097
      830 |     +0.0% |       0 |       0 |             0 |      2087
      840 |     +0.0% |       0 |       0 |             0 |      2077
      850 |     +0.0% |       0 |       0 |             0 |      2067
      860 |     +0.0% |       0 |       0 |             0 |      2057
      870 |     +0.0% |       0 |       0 |             0 |      2047
      880 |     +0.0% |       0 |       0 |             0 |      2037
      890 |     +0.0% |       0 |       0 |             0 |      2027
      900 |     +0.0% |       0 |       0 |             0 |      2017
      910 |     +0.0% |       0 |       0 |             0 |      2007
      920 |     +0.0% |       0 |       0 |             0 |      1997
      930 |     +0.0% |       0 |       0 |             0 |      1987
      940 |     +0.0% |       0 |       0 |             0 |      1977
      950 |     +0.0% |       0 |       0 |             0 |      1967
      960 |     +0.0% |       0 |       0 |             0 |      1957
      970 |     +0.0% |       0 |       0 |             0 |      1947
      980 |     +0.0% |       0 |       0 |             0 |      1937
      990 |     +0.0% |       0 |       0 |             0 |      1927
     1000 |     +0.0% |       0 |       0 |             0 |      1917
     1010 |     +0.0% |       0 |       0 |             0 |      1907
     1020 |     +0.0% |       0 |       0 |             0 |      1897
     1030 |     +0.0% |       0 |       0 |             0 |      1887
     1040 |     +0.0% |       0 |       0 |             0 |      1877
     1050 |     +0.0% |       0 |       0 |             0 |      1867
     1060 |     +0.0% |       0 |       0 |             0 |      1857
     1070 |     +0.0% |       0 |       0 |             0 |      1847
     1080 |     +0.0% |       0 |       0 |             0 |      1837
     1090 |     +0.0% |       0 |       0 |             0 |      1827
     1100 |     +0.0% |       0 |       0 |             0 |      1817
     1110 |     +0.0% |       0 |       0 |             0 |      1807
     1120 |     +0.0% |       0 |       0 |             0 |      1797
     1130 |     +0.0% |       0 |       0 |             0 |      1787
     1140 |     +0.0% |       0 |       0 |             0 |      1777
     1150 |     +0.0% |       0 |       0 |             0 |      1767
     1160 |     +0.0% |       0 |       0 |             0 |      1757
     1170 |     +0.0% |       0 |       0 |             0 |      1747
     1180 |     +0.0% |       0 |       0 |             0 |      1737
     1190 |     +0.0% |       0 |       0 |             0 |      1727
     1200 |     +0.0% |       0 |       0 |             0 |      1717
     1210 |     +0.0% |       0 |       0 |             0 |      1707
     1220 |     +0.0% |       0 |       0 |             0 |      1697
     1230 |     +0.0% |       0 |       0 |             0 |      1687
     1240 |     +0.0% |       0 |       0 |             0 |      1677
     1250 |     +0.0% |       0 |       0 |             0 |      1667
     1260 |     +0.0% |       0 |       0 |             0 |      1657
     1270 |     +0.0% |       0 |       0 |             0 |      1647
     1280 |     +0.0% |       0 |       0 |             0 |      1637
     1290 |     +0.0% |       0 |       0 |             0 |      1627
     1300 |     +0.0% |       0 |       0 |             0 |      1617
     1310 |     +0.0% |       0 |       0 |             0 |      1607
     1320 |     +0.0% |       0 |       0 |             0 |      1597
     1330 |     +0.0% |       0 |       0 |             0 |      1587
     1340 |     +0.0% |       0 |       0 |             0 |      1577
     1350 |     +0.0% |       0 |       0 |             0 |      1567
     1360 |     +0.0% |       0 |       0 |             0 |      1557
     1370 |     +0.0% |       0 |       0 |             0 |      1547
     1380 |     +0.0% |       0 |       0 |             0 |      1537
     1390 |     +0.0% |       0 |       0 |             0 |      1527
     1400 |     +0.0% |       0 |       0 |             0 |      1517
     1410 |     +0.0% |       0 |       0 |             0 |      1507
     1420 |     +0.0% |       0 |       0 |             0 |      1497
     1430 |     +0.0% |       0 |       0 |             0 |      1487
     1440 |     +0.0% |       0 |       0 |             0 |      1477
     1450 |     +0.0% |       0 |       0 |             0 |      1467
     1460 |     +0.0% |       0 |       0 |             0 |      1457
     1470 |     +0.0% |       0 |       0 |             0 |      1447
     1480 |     +0.0% |       0 |       0 |             0 |      1437
     1490 |     +0.0% |       0 |       0 |             0 |      1427
     1500 |     +0.0% |       0 |       0 |             0 |      1417
     1510 |     +0.0% |       0 |       0 |             0 |      1407
     1520 |     +0.0% |       0 |       0 |             0 |      1397
     1530 |     +0.0% |       0 |       0 |             0 |      1387
     1540 |     +0.0% |       0 |       0 |             0 |      1377
     1550 |     +0.0% |       0 |       0 |             0 |      1367
     1560 |     +0.0% |       0 |       0 |             0 |      1357
     1570 |     +0.0% |       0 |       0 |             0 |      1347
     1580 |     +0.0% |       0 |       0 |             0 |      1337
     1590 |     +0.0% |       0 |       0 |             0 |      1327
     1600 |     +0.0% |       0 |       0 |             0 |      1317
     1610 |     +0.0% |       0 |       0 |             0 |      1307
     1620 |     +0.0% |       0 |       0 |             0 |      1297
     1630 |     +0.0% |       0 |       0 |             0 |      1287
     1640 |     +0.0% |       0 |       0 |             0 |      1277
     1650 |     +0.0% |       0 |       0 |             0 |      1267
     1660 |     +0.0% |       0 |       0 |             0 |      1257
     1670 |     +0.0% |       0 |       0 |             0 |      1247
     1680 |     +0.0% |       0 |       0 |             0 |      1237
     1690 |     +0.0% |       0 |       0 |             0 |      1227
     1700 |     +0.0% |       0 |       0 |             0 |      1217
     1710 |     +0.0% |       0 |       0 |             0 |      1207
     1720 |     +0.0% |       0 |       0 |             0 |      1197
     1730 |     +0.0% |       0 |       0 |             0 |      1187
     1740 |     +0.0% |       0 |       0 |             0 |      1177
     1750 |     +0.0% |       0 |       0 |             0 |      1167
     1760 |     +0.0% |       0 |       0 |             0 |      1157
     1770 |     +0.0% |       0 |       0 |             0 |      1147
     1780 |     +0.0% |       0 |       0 |             0 |      1137
     1790 |     +0.0% |       0 |       0 |             0 |      1127
     1800 |     +0.0% |       0 |       0 |             0 |      1117
     1810 |     +0.0% |       0 |       0 |             0 |      1107
     1820 |     +0.0% |       0 |       0 |             0 |      1097
     1830 |     +0.0% |       0 |       0 |             0 |      1087
     1840 |     +0.0% |       0 |       0 |             0 |      1077
     1850 |     +0.0% |       0 |       0 |             0 |      1067
     1860 |     +0.0% |       0 |       0 |             0 |      1057
     1870 |     +0.0% |       0 |       0 |             0 |      1047
     1880 |     +0.0% |       0 |       0 |             0 |      1037
     1890 |     +0.0% |       0 |       0 |             0 |      1027
     1900 |     +0.0% |       0 |       0 |             0 |      1017
     1910 |     +0.0% |       0 |       0 |             0 |      1007
     1920 |     +0.0% |       0 |       0 |             0 |       997
     1930 |     +0.0% |       0 |       0 |             0 |       987
     1940 |     +0.0% |       0 |       0 |             0 |       977
     1950 |     +0.0% |       0 |       0 |             0 |       967
     1960 |     +0.0% |       0 |       0 |             0 |       957
     1970 |     +0.0% |       0 |       0 |             0 |       947
     1980 |     +0.0% |       0 |       0 |             0 |       937
     1990 |     +0.0% |       0 |       0 |             0 |       927
     2000 |     +0.0% |       0 |       0 |             0 |       917
     2010 |     +0.0% |       0 |       0 |             0 |       907
     2020 |     +0.0% |       0 |       0 |             0 |       897
     2030 |     +0.0% |       0 |       0 |             0 |       887
     2040 |     +0.0% |       0 |       0 |             0 |       877
     2050 |     +0.0% |       0 |       0 |             0 |       867
     2060 |     +0.0% |       0 |       0 |             0 |       857
     2070 |     +0.0% |       0 |       0 |             0 |       847
     2080 |     +0.0% |       0 |       0 |             0 |       837
     2090 |     +0.0% |       0 |       0 |             0 |       827
     2100 |     +0.0% |       0 |       0 |             0 |       817
     2110 |     +0.0% |       0 |       0 |             0 |       807
     2120 |     +0.0% |       0 |       0 |             0 |       797
     2130 |     +0.0% |       0 |       0 |             0 |       787
     2140 |     +0.0% |       0 |       0 |             0 |       777
     2150 |     +0.0% |       0 |       0 |             0 |       767
     2160 |     +0.0% |       0 |       0 |             0 |       757
     2170 |     +0.0% |       0 |       0 |             0 |       747
     2180 |     +0.0% |       0 |       0 |             0 |       737
     2190 |     +0.0% |       0 |       0 |             0 |       727
     2200 |     +0.0% |       0 |       0 |             0 |       717
     2210 |     +0.0% |       0 |       0 |             0 |       707
     2220 |     +0.0% |       0 |       0 |             0 |       697
     2230 |     +0.0% |       0 |       0 |             0 |       687
     2240 |     +0.0% |       0 |       0 |             0 |       677
     2250 |     +0.0% |       0 |       0 |             0 |       667
     2260 |     +0.0% |       0 |       0 |             0 |       657
     2270 |     +0.0% |       0 |       0 |             0 |       647
     2280 |     +0.0% |       0 |       0 |             0 |       637
     2290 |     +0.0% |       0 |       0 |             0 |       627
     2300 |     +0.0% |       0 |       0 |             0 |       617
     2310 |     +0.0% |       0 |       0 |             0 |       607
     2320 |     +0.0% |       0 |       0 |             0 |       597
     2330 |     +0.0% |       0 |       0 |             0 |       587
     2340 |     +0.0% |       0 |       0 |             0 |       577
     2350 |     +0.0% |       0 |       0 |             0 |       567
     2360 |     +0.0% |       0 |       0 |             0 |       557
     2370 |     +0.0% |       0 |       0 |             0 |       547
     2380 |     +0.0% |       0 |       0 |             0 |       537
     2390 |     +0.0% |       0 |       0 |             0 |       527
     2400 |     +0.0% |       0 |       0 |             0 |       517
     2410 |     +0.0% |       0 |       0 |             0 |       507
     2420 |     +0.0% |       0 |       0 |             0 |       497
     2430 |     +0.0% |       0 |       0 |             0 |       487
     2440 |     +0.0% |       0 |       0 |             0 |       477
     2450 |     +0.0% |       0 |       0 |             0 |       467
     2460 |     +0.0% |       0 |       0 |             0 |       457
     2470 |     +0.0% |       0 |       0 |             0 |       447
     2480 |     +0.0% |       0 |       0 |             0 |       437
     2490 |     +0.0% |       0 |       0 |             0 |       427
     2500 |     +0.0% |       0 |       0 |             0 |       417
     2510 |     +0.0% |       0 |       0 |             0 |       407
     2520 |     +0.0% |       0 |       0 |             0 |       397
     2530 |     +0.0% |       0 |       0 |             0 |       387
     2540 |     +0.0% |       0 |       0 |             0 |       377
     2550 |     +0.0% |       0 |       0 |             0 |       367
     2560 |     +0.0% |       0 |       0 |             0 |       357
     2570 |     +0.0% |       0 |       0 |             0 |       347
     2580 |     +0.0% |       0 |       0 |             0 |       337
     2590 |     +0.0% |       0 |       0 |             0 |       327
     2600 |     +0.0% |       0 |       0 |             0 |       317
     2610 |     +0.0% |       0 |       0 |             0 |       307
     2620 |     +0.0% |       0 |       0 |             0 |       297
     2630 |     +0.0% |       0 |       0 |             0 |       287
     2640 |     +0.0% |       0 |       0 |             0 |       277
     2650 |     +0.0% |       0 |       0 |             0 |       267
     2660 |     +0.0% |       0 |       0 |             0 |       257
     2670 |     +0.0% |       0 |       0 |             0 |       247
     2680 |     +0.0% |       0 |       0 |             0 |       237
     2690 |     +0.0% |       0 |       0 |             0 |       227
     2700 |     +0.0% |       0 |       0 |             0 |       217
     2710 |     +0.0% |       0 |       0 |             0 |       207
     2720 |     +0.0% |       0 |       0 |             0 |       197
     2730 |     +0.0% |       0 |       0 |             0 |       187
     2740 |     +0.0% |       0 |       0 |             0 |       177
     2750 |     +0.0% |       0 |       0 |             0 |       167
     2760 |     +0.0% |       0 |       0 |             0 |       157
     2770 |     +0.0% |       0 |       0 |             0 |       147
     2780 |     +0.0% |       0 |       0 |             0 |       137
     2790 |     +0.0% |       0 |       0 |             0 |       127
     2800 |     +0.0% |       0 |       0 |             0 |       117
     2810 |     +0.0% |       0 |       0 |             0 |       107
     2820 |     +0.0% |       0 |       0 |             0 |        97
     2830 |     +0.0% |       0 |       0 |             0 |        87
     2840 |     +0.0% |       0 |       0 |             0 |        77
     2850 |     +0.0% |       0 |       0 |             0 |        67
     2860 |     +0.0% |       0 |       0 |             0 |        57
     2870 |     +0.0% |       0 |       0 |             0 |        47
     2880 |     +0.0% |       0 |       0 |             0 |        37
     2890 |     +0.0% |       0 |       0 |             0 |        27
     2900 |     +0.0% |       0 |       0 |             0 |        17
     2910 |     +0.0% |       0 |       0 |             0 |         7
    final |     +0.0% |       0 |       0 |             0 |         0
---------------------------------------------------------------------
global_route -start_incremental
detailed_placement
[INFO DPL-0006] Core area: 10208.02 um^2, Instances area: 3645.26 um^2, Utilization: 35.7%
[INFO DPL-0005] Diamond search max displacement: +/- 500 sites horizontally, +/- 100 rows vertically.
[INFO DPL-1101] Legalizing using diamond search.
Movements Summary
---------------------------------------
Total cells:                    2664
Diamond Move Success:           2664 (100.00%)
Diamond Move Failure:              0
Rip-up and replace Success:        0 (  0.00% of diamond failures)
Rip-up and replace Failure:        0
Total Placement Failures:          0
---------------------------------------
Placement Analysis
---------------------------------
total displacement          0.0 u
average displacement        0.0 u
max displacement            0.0 u
original HPWL           39868.1 u
legalized HPWL          39868.1 u
delta HPWL                    0 %

global_route -end_incremental -congestion_report_file ./reports/nangate45/s9234f/phase0c_f3e7b516a_s11_k4_R_88e98934_7f655d61/congestion_post_repair_design.rpt
Repair setup and hold violations...
estimate_parasitics -global_routing
repair_timing -setup_margin 0 -hold_margin 0 -repair_tns 100 -verbose
[INFO RSZ-0100] Repair move sequence: UnbufferMove SizeUpMove SwapPinsMove BufferMove CloneMove SplitLoadMove 
[INFO RSZ-0098] No setup violations found
[INFO RSZ-0046] Found 1 endpoints with hold violations.
Iteration | Resized | Buffers | Cloned Gates |   Area   |   WNS   |   TNS   | Endpoint
--------------------------------------------------------------------------------------
        0 |       0 |       0 |            0 |    +0.0% |  -0.003 |  -0.003 | U_g11/D
    final |       0 |       1 |            0 |    +0.0% |   0.001 |   0.000 | U_g574/SE
--------------------------------------------------------------------------------------
[INFO RSZ-0032] Inserted 1 hold buffers.
global_route -start_incremental
detailed_placement
[INFO DPL-0006] Core area: 10208.02 um^2, Instances area: 3646.06 um^2, Utilization: 35.7%
[INFO DPL-0005] Diamond search max displacement: +/- 500 sites horizontally, +/- 100 rows vertically.
[INFO DPL-1101] Legalizing using diamond search.
Movements Summary
---------------------------------------
Total cells:                    2665
Diamond Move Success:           2665 (100.00%)
Diamond Move Failure:              0
Rip-up and replace Success:        0 (  0.00% of diamond failures)
Rip-up and replace Failure:        0
Total Placement Failures:          0
---------------------------------------
Placement Analysis
---------------------------------
total displacement          0.0 u
average displacement        0.0 u
max displacement            0.0 u
original HPWL           39867.9 u
legalized HPWL          39867.9 u
delta HPWL                    0 %

check_placement -verbose
global_route -end_incremental -congestion_report_file ./reports/nangate45/s9234f/phase0c_f3e7b516a_s11_k4_R_88e98934_7f655d61/congestion_post_repair_timing.rpt
estimate_parasitics -global_routing
global_route -start_incremental
global_route -end_incremental -congestion_report_file ./reports/nangate45/s9234f/phase0c_f3e7b516a_s11_k4_R_88e98934_7f655d61/congestion_post_recover_power.rpt
Repair antennas...
[WARNING GRT-0246] No diode with LEF class CORE ANTENNACELL found.
[INFO ANT-0002] Found 0 net violations.
[INFO ANT-0001] Found 0 pin violations.
Estimate parasitics...
estimate_parasitics -global_routing
Report metrics stage 5, global route...

==========================================================================
global route report_design_area
--------------------------------------------------------------------------
Design area 3646 um^2 36% utilization.
[INFO FLW-0007] clock clk period 10.000000
[INFO FLW-0008] Clock clk period 1.200
[INFO FLW-0009] Clock clk slack 8.737
write_sdc -no_timestamp ./results/nangate45/s9234f/phase0c_f3e7b516a_s11_k4_R_88e98934_7f655d61/updated_clks.sdc
[INFO FLW-0011] Path endpoint path count 918
write_db ./results/nangate45/s9234f/phase0c_f3e7b516a_s11_k4_R_88e98934_7f655d61/5_1_grt.odb
write_sdc -no_timestamp ./results/nangate45/s9234f/phase0c_f3e7b516a_s11_k4_R_88e98934_7f655d61/5_1_grt.sdc
Log                       Ext     Elapsed/s Peak Memory/MB sha1sum result [0:20)
5_1_grt                   .odb           13            311 84e38e2e74e4cf55cb8f
5_1_grt                   .sdc                             ef79d21436d690ebafd1
/root/pact-deps/OpenROAD-flow-scripts/flow/scripts/flow.sh 5_2_route detail_route
Running detail_route.tcl, stage 5_2_route
read_liberty /root/pact-deps/OpenROAD-flow-scripts/flow/platforms/nangate45/lib/NangateOpenCellLibrary_typical.lib
read_db ./results/nangate45/s9234f/phase0c_f3e7b516a_s11_k4_R_88e98934_7f655d61/5_1_grt.odb
read_sdc ./results/nangate45/s9234f/phase0c_f3e7b516a_s11_k4_R_88e98934_7f655d61/5_1_grt.sdc
source /root/pact-deps/OpenROAD-flow-scripts/flow/platforms/nangate45/setRC.tcl
detailed_route -output_drc ./reports/nangate45/s9234f/phase0c_f3e7b516a_s11_k4_R_88e98934_7f655d61/5_route_drc.rpt -output_maze ./results/nangate45/s9234f/phase0c_f3e7b516a_s11_k4_R_88e98934_7f655d61/maze.log -droute_end_iter 64 -verbose 1 -drc_report_iter_step 5
[INFO DRT-0149] Reading tech and libs.

Units:                2000
Number of layers:     21
Number of macros:     135
Number of vias:       33
Number of viarulegen: 19

[INFO DRT-0150] Reading design.

Design:                   s9234f
Die area:                 ( 0 0 ) ( 206880 206880 )
Number of track patterns: 20
Number of DEF vias:       0
Number of components:     2809
Number of terminals:      87
Number of snets:          2
Number of nets:           2676

[INFO DRT-0167] List of default vias:
  Layer via2
    default via: via2_5
  Layer via3
    default via: via3_2
  Layer via4
    default via: via4_0
  Layer via5
    default via: via5_0
  Layer via6
    default via: via6_0
  Layer via7
    default via: via7_0
  Layer via8
    default via: via8_0
  Layer via9
    default via: via9_0
[INFO DRT-0162] Library cell analysis.
[INFO DRT-0163] Instance analysis.
[INFO DRT-0164] Number of unique instances = 47.
[INFO DRT-0168] Init region query.
[INFO DRT-0024]   Complete active.
[INFO DRT-0024]   Complete Fr_VIA.
[INFO DRT-0024]   Complete metal1.
[INFO DRT-0024]   Complete via1.
[INFO DRT-0024]   Complete metal2.
[INFO DRT-0024]   Complete via2.
[INFO DRT-0024]   Complete metal3.
[INFO DRT-0024]   Complete via3.
[INFO DRT-0024]   Complete metal4.
[INFO DRT-0024]   Complete via4.
[INFO DRT-0024]   Complete metal5.
[INFO DRT-0024]   Complete via5.
[INFO DRT-0024]   Complete metal6.
[INFO DRT-0024]   Complete via6.
[INFO DRT-0024]   Complete metal7.
[INFO DRT-0024]   Complete via7.
[INFO DRT-0024]   Complete metal8.
[INFO DRT-0024]   Complete via8.
[INFO DRT-0024]   Complete metal9.
[INFO DRT-0024]   Complete via9.
[INFO DRT-0024]   Complete metal10.
[INFO DRT-0033] active shape region query size = 0.
[INFO DRT-0033] FR_VIA shape region query size = 0.
[INFO DRT-0033] metal1 shape region query size = 42689.
[INFO DRT-0033] via1 shape region query size = 438.
[INFO DRT-0033] metal2 shape region query size = 292.
[INFO DRT-0033] via2 shape region query size = 438.
[INFO DRT-0033] metal3 shape region query size = 292.
[INFO DRT-0033] via3 shape region query size = 438.
[INFO DRT-0033] metal4 shape region query size = 164.
[INFO DRT-0033] via4 shape region query size = 140.
[INFO DRT-0033] metal5 shape region query size = 68.
[INFO DRT-0033] via5 shape region query size = 140.
[INFO DRT-0033] metal6 shape region query size = 73.
[INFO DRT-0033] via6 shape region query size = 56.
[INFO DRT-0033] metal7 shape region query size = 28.
[INFO DRT-0033] via7 shape region query size = 0.
[INFO DRT-0033] metal8 shape region query size = 0.
[INFO DRT-0033] via8 shape region query size = 0.
[INFO DRT-0033] metal9 shape region query size = 0.
[INFO DRT-0033] via9 shape region query size = 0.
[INFO DRT-0033] metal10 shape region query size = 0.
[INFO DRT-0165] Start pin access.
[INFO DRT-0078]   Complete 240 pins.
[INFO DRT-0081]   Complete 47 unique inst patterns.
[INFO DRT-0084]   Complete 1552 groups.
#scanned instances     = 2809
#unique  instances     = 47
#stdCellGenAp          = 1027
#stdCellValidPlanarAp  = 0
#stdCellValidViaAp     = 825
#stdCellPinNoAp        = 0
#stdCellPinCnt         = 8141
#instTermValidViaApCnt = 0
#macroGenAp            = 0
#macroValidPlanarAp    = 0
#macroValidViaAp       = 0
#macroNoAp             = 0
[INFO DRT-0166] Complete pin access.
[INFO DRT-0267] cpu time = 00:00:29, elapsed time = 00:00:06, memory = 266.79 (MB), peak = 266.45 (MB)

[INFO DRT-0157] Number of guides:     22936

[INFO DRT-0169] Post process guides.
[INFO DRT-0176] GCELLGRID X 0 DO 36 STEP 5700 ;
[INFO DRT-0177] GCELLGRID Y 0 DO 36 STEP 5700 ;
[INFO DRT-0028]   Complete active.
[INFO DRT-0028]   Complete Fr_VIA.
[INFO DRT-0028]   Complete metal1.
[INFO DRT-0028]   Complete via1.
[INFO DRT-0028]   Complete metal2.
[INFO DRT-0028]   Complete via2.
[INFO DRT-0028]   Complete metal3.
[INFO DRT-0028]   Complete via3.
[INFO DRT-0028]   Complete metal4.
[INFO DRT-0028]   Complete via4.
[INFO DRT-0028]   Complete metal5.
[INFO DRT-0028]   Complete via5.
[INFO DRT-0028]   Complete metal6.
[INFO DRT-0028]   Complete via6.
[INFO DRT-0028]   Complete metal7.
[INFO DRT-0028]   Complete via7.
[INFO DRT-0028]   Complete metal8.
[INFO DRT-0028]   Complete via8.
[INFO DRT-0028]   Complete metal9.
[INFO DRT-0028]   Complete via9.
[INFO DRT-0028]   Complete metal10.
[INFO DRT-0178] Init guide query.
[INFO DRT-0035]   Complete active (guide).
[INFO DRT-0035]   Complete Fr_VIA (guide).
[INFO DRT-0035]   Complete metal1 (guide).
[INFO DRT-0035]   Complete via1 (guide).
[INFO DRT-0035]   Complete metal2 (guide).
[INFO DRT-0035]   Complete via2 (guide).
[INFO DRT-0035]   Complete metal3 (guide).
[INFO DRT-0035]   Complete via3 (guide).
[INFO DRT-0035]   Complete metal4 (guide).
[INFO DRT-0035]   Complete via4 (guide).
[INFO DRT-0035]   Complete metal5 (guide).
[INFO DRT-0035]   Complete via5 (guide).
[INFO DRT-0035]   Complete metal6 (guide).
[INFO DRT-0035]   Complete via6 (guide).
[INFO DRT-0035]   Complete metal7 (guide).
[INFO DRT-0035]   Complete via7 (guide).
[INFO DRT-0035]   Complete metal8 (guide).
[INFO DRT-0035]   Complete via8 (guide).
[INFO DRT-0035]   Complete metal9 (guide).
[INFO DRT-0035]   Complete via9 (guide).
[INFO DRT-0035]   Complete metal10 (guide).
[INFO DRT-0036] active guide region query size = 0.
[INFO DRT-0036] FR_VIA guide region query size = 0.
[INFO DRT-0036] metal1 guide region query size = 7182.
[INFO DRT-0036] via1 guide region query size = 0.
[INFO DRT-0036] metal2 guide region query size = 6594.
[INFO DRT-0036] via2 guide region query size = 0.
[INFO DRT-0036] metal3 guide region query size = 3887.
[INFO DRT-0036] via3 guide region query size = 0.
[INFO DRT-0036] metal4 guide region query size = 862.
[INFO DRT-0036] via4 guide region query size = 0.
[INFO DRT-0036] metal5 guide region query size = 362.
[INFO DRT-0036] via5 guide region query size = 0.
[INFO DRT-0036] metal6 guide region query size = 93.
[INFO DRT-0036] via6 guide region query size = 0.
[INFO DRT-0036] metal7 guide region query size = 0.
[INFO DRT-0036] via7 guide region query size = 0.
[INFO DRT-0036] metal8 guide region query size = 0.
[INFO DRT-0036] via8 guide region query size = 0.
[INFO DRT-0036] metal9 guide region query size = 0.
[INFO DRT-0036] via9 guide region query size = 0.
[INFO DRT-0036] metal10 guide region query size = 0.
[INFO DRT-0179] Init gr pin query.
[INFO DRT-0267] cpu time = 00:00:00, elapsed time = 00:00:00, memory = 275.20 (MB), peak = 274.83 (MB)
[INFO DRT-0245] skipped writing guide updates to database.
[INFO DRT-0181] Start track assignment.
[INFO DRT-0184] Done with 7549 vertical wires in 1 frboxes and 11431 horizontal wires in 1 frboxes.
[INFO DRT-0186] Done with 2256 vertical wires in 1 frboxes and 2773 horizontal wires in 1 frboxes.
[INFO DRT-0182] Complete track assignment.
[INFO DRT-0267] cpu time = 00:00:02, elapsed time = 00:00:01, memory = 328.85 (MB), peak = 328.52 (MB)
[INFO DRT-0187] Start routing data preparation.
[INFO DRT-0267] cpu time = 00:00:00, elapsed time = 00:00:00, memory = 330.69 (MB), peak = 330.40 (MB)
[INFO DRT-0194] Start detail routing.
[INFO DRT-0195] Start 0th optimization iteration.
    Completing 10% with 0 violations.
    elapsed time = 00:00:00, memory = 378.59 (MB).
    Completing 20% with 0 violations.
    elapsed time = 00:00:04, memory = 376.44 (MB).
    Completing 30% with 121 violations.
    elapsed time = 00:00:05, memory = 417.32 (MB).
    Completing 40% with 121 violations.
    elapsed time = 00:00:07, memory = 440.41 (MB).
    Completing 50% with 121 violations.
    elapsed time = 00:00:10, memory = 403.28 (MB).
    Completing 60% with 180 violations.
    elapsed time = 00:00:13, memory = 436.98 (MB).
    Completing 70% with 180 violations.
    elapsed time = 00:00:15, memory = 440.01 (MB).
    Completing 80% with 296 violations.
    elapsed time = 00:00:17, memory = 491.47 (MB).
    Completing 90% with 296 violations.
    elapsed time = 00:00:18, memory = 491.47 (MB).
    Completing 100% with 357 violations.
    elapsed time = 00:00:19, memory = 465.43 (MB).
[INFO DRT-0199]   Number of violations = 522.
Viol/Layer      metal1   via1 metal2   via2 metal3 metal4   via4 metal5 metal6
Cut Spacing          0      0      0      1      0      0      2      0      0
Metal Spacing        0      0     32      0      7      1      0      1      0
Recheck              1      0     93      0     56      9      0      5      1
Short                0      1    267      1     43      1      0      0      0
[INFO DRT-0267] cpu time = 00:00:56, elapsed time = 00:00:20, memory = 986.09 (MB), peak = 985.79 (MB)
Total wire length = 44989 um.
Total wire length on LAYER metal1 = 0 um.
Total wire length on LAYER metal2 = 14841 um.
Total wire length on LAYER metal3 = 17991 um.
Total wire length on LAYER metal4 = 6976 um.
Total wire length on LAYER metal5 = 3670 um.
Total wire length on LAYER metal6 = 1509 um.
Total wire length on LAYER metal7 = 0 um.
Total wire length on LAYER metal8 = 0 um.
Total wire length on LAYER metal9 = 0 um.
Total wire length on LAYER metal10 = 0 um.
Total number of vias = 18765.
Up-via summary (total 18765):

----------------
 active        0
 metal1     8196
 metal2     8793
 metal3     1151
 metal4      491
 metal5      134
 metal6        0
 metal7        0
 metal8        0
 metal9        0
----------------
       18765


[INFO DRT-0195] Start 1st optimization iteration.
    Completing 10% with 522 violations.
    elapsed time = 00:00:00, memory = 1019.11 (MB).
    Completing 20% with 522 violations.
    elapsed time = 00:00:03, memory = 1019.11 (MB).
    Completing 30% with 451 violations.
    elapsed time = 00:00:04, memory = 995.24 (MB).
    Completing 40% with 451 violations.
    elapsed time = 00:00:06, memory = 995.24 (MB).
    Completing 50% with 451 violations.
    elapsed time = 00:00:07, memory = 997.59 (MB).
    Completing 60% with 338 violations.
    elapsed time = 00:00:08, memory = 999.59 (MB).
    Completing 70% with 338 violations.
    elapsed time = 00:00:10, memory = 1003.05 (MB).
    Completing 80% with 266 violations.
    elapsed time = 00:00:14, memory = 1006.25 (MB).
    Completing 90% with 266 violations.
    elapsed time = 00:00:16, memory = 1011.84 (MB).
    Completing 100% with 165 violations.
    elapsed time = 00:00:16, memory = 1011.84 (MB).
[INFO DRT-0199]   Number of violations = 165.
Viol/Layer      metal2 metal3 metal4
Metal Spacing       22      3      1
Short              128     10      1
[INFO DRT-0267] cpu time = 00:00:52, elapsed time = 00:00:17, memory = 1014.84 (MB), peak = 1018.79 (MB)
Total wire length = 44663 um.
Total wire length on LAYER metal1 = 0 um.
Total wire length on LAYER metal2 = 14737 um.
Total wire length on LAYER metal3 = 17848 um.
Total wire length on LAYER metal4 = 6915 um.
Total wire length on LAYER metal5 = 3641 um.
Total wire length on LAYER metal6 = 1521 um.
Total wire length on LAYER metal7 = 0 um.
Total wire length on LAYER metal8 = 0 um.
Total wire length on LAYER metal9 = 0 um.
Total wire length on LAYER metal10 = 0 um.
Total number of vias = 18529.
Up-via summary (total 18529):

----------------
 active        0
 metal1     8194
 metal2     8572
 metal3     1153
 metal4      479
 metal5      131
 metal6        0
 metal7        0
 metal8        0
 metal9        0
----------------
       18529


[INFO DRT-0195] Start 2nd optimization iteration.
    Completing 10% with 165 violations.
    elapsed time = 00:00:00, memory = 1014.84 (MB).
    Completing 20% with 165 violations.
    elapsed time = 00:00:03, memory = 1018.75 (MB).
    Completing 30% with 156 violations.
    elapsed time = 00:00:03, memory = 1018.75 (MB).
    Completing 40% with 156 violations.
    elapsed time = 00:00:05, memory = 1018.75 (MB).
    Completing 50% with 156 violations.
    elapsed time = 00:00:07, memory = 1018.75 (MB).
    Completing 60% with 134 violations.
    elapsed time = 00:00:09, memory = 1020.17 (MB).
    Completing 70% with 134 violations.
    elapsed time = 00:00:11, memory = 1020.18 (MB).
    Completing 80% with 134 violations.
    elapsed time = 00:00:14, memory = 1020.24 (MB).
    Completing 90% with 134 violations.
    elapsed time = 00:00:17, memory = 1020.24 (MB).
    Completing 100% with 120 violations.
    elapsed time = 00:00:20, memory = 1020.24 (MB).
[INFO DRT-0199]   Number of violations = 120.
Viol/Layer      metal2 metal3
Metal Spacing       16      3
Short               90     11
[INFO DRT-0267] cpu time = 00:00:53, elapsed time = 00:00:20, memory = 1020.24 (MB), peak = 1019.66 (MB)
Total wire length = 44593 um.
Total wire length on LAYER metal1 = 0 um.
Total wire length on LAYER metal2 = 14678 um.
Total wire length on LAYER metal3 = 17833 um.
Total wire length on LAYER metal4 = 6940 um.
Total wire length on LAYER metal5 = 3628 um.
Total wire length on LAYER metal6 = 1511 um.
Total wire length on LAYER metal7 = 0 um.
Total wire length on LAYER metal8 = 0 um.
Total wire length on LAYER metal9 = 0 um.
Total wire length on LAYER metal10 = 0 um.
Total number of vias = 18536.
Up-via summary (total 18536):

----------------
 active        0
 metal1     8204
 metal2     8584
 metal3     1143
 metal4      477
 metal5      128
 metal6        0
 metal7        0
 metal8        0
 metal9        0
----------------
       18536


[INFO DRT-0195] Start 3rd optimization iteration.
    Completing 10% with 120 violations.
    elapsed time = 00:00:00, memory = 1020.24 (MB).
    Completing 20% with 120 violations.
    elapsed time = 00:00:00, memory = 1020.24 (MB).
    Completing 30% with 73 violations.
    elapsed time = 00:00:00, memory = 1020.24 (MB).
    Completing 40% with 73 violations.
    elapsed time = 00:00:01, memory = 1020.24 (MB).
    Completing 50% with 73 violations.
    elapsed time = 00:00:02, memory = 1020.24 (MB).
    Completing 60% with 65 violations.
    elapsed time = 00:00:03, memory = 1020.24 (MB).
    Completing 70% with 65 violations.
    elapsed time = 00:00:04, memory = 1020.24 (MB).
    Completing 80% with 25 violations.
    elapsed time = 00:00:05, memory = 1020.24 (MB).
    Completing 90% with 25 violations.
    elapsed time = 00:00:05, memory = 1020.24 (MB).
    Completing 100% with 0 violations.
    elapsed time = 00:00:06, memory = 1020.24 (MB).
[INFO DRT-0199]   Number of violations = 0.
[INFO DRT-0267] cpu time = 00:00:22, elapsed time = 00:00:06, memory = 1020.24 (MB), peak = 1019.66 (MB)
Total wire length = 44614 um.
Total wire length on LAYER metal1 = 0 um.
Total wire length on LAYER metal2 = 14495 um.
Total wire length on LAYER metal3 = 17861 um.
Total wire length on LAYER metal4 = 7107 um.
Total wire length on LAYER metal5 = 3639 um.
Total wire length on LAYER metal6 = 1511 um.
Total wire length on LAYER metal7 = 0 um.
Total wire length on LAYER metal8 = 0 um.
Total wire length on LAYER metal9 = 0 um.
Total wire length on LAYER metal10 = 0 um.
Total number of vias = 18670.
Up-via summary (total 18670):

----------------
 active        0
 metal1     8202
 metal2     8666
 metal3     1193
 metal4      481
 metal5      128
 metal6        0
 metal7        0
 metal8        0
 metal9        0
----------------
       18670


[INFO DRT-0198] Complete detail routing.
Total wire length = 44614 um.
Total wire length on LAYER metal1 = 0 um.
Total wire length on LAYER metal2 = 14495 um.
Total wire length on LAYER metal3 = 17861 um.
Total wire length on LAYER metal4 = 7107 um.
Total wire length on LAYER metal5 = 3639 um.
Total wire length on LAYER metal6 = 1511 um.
Total wire length on LAYER metal7 = 0 um.
Total wire length on LAYER metal8 = 0 um.
Total wire length on LAYER metal9 = 0 um.
Total wire length on LAYER metal10 = 0 um.
Total number of vias = 18670.
Up-via summary (total 18670):

----------------
 active        0
 metal1     8202
 metal2     8666
 metal3     1193
 metal4      481
 metal5      128
 metal6        0
 metal7        0
 metal8        0
 metal9        0
----------------
       18670


[INFO DRT-0267] cpu time = 00:03:05, elapsed time = 00:01:04, memory = 1020.36 (MB), peak = 1019.79 (MB)

[INFO DRT-0180] Post processing.
Took 73 seconds: detailed_route -output_drc ./reports/nangate45/s9234f/phase0c_f3e7b516a_s11_k4_R_88e98934_7f655d61/5_route_drc.rpt -output_maze ./results/nangate45/s9234f/phase0c_f3e7b516a_s11_k4_R_88e98934_7f655d61/maze.log -droute_end_iter 64 -verbose 1 -drc_report_iter_step 5
[WARNING GRT-0246] No diode with LEF class CORE ANTENNACELL found.
[INFO ANT-0002] Found 0 net violations.
[INFO ANT-0001] Found 0 pin violations.
[INFO ANT-0002] Found 0 net violations.
[INFO ANT-0001] Found 0 pin violations.
Design area 3646 um^2 36% utilization.
write_db ./results/nangate45/s9234f/phase0c_f3e7b516a_s11_k4_R_88e98934_7f655d61/5_2_route.odb
Log                       Ext     Elapsed/s Peak Memory/MB sha1sum result [0:20)
5_2_route                 .odb           79           1019 cb13d511c80803faffcd
/root/pact-deps/OpenROAD-flow-scripts/flow/scripts/flow.sh 5_3_fillcell fillcell
Running fillcell.tcl, stage 5_3_fillcell
read_liberty /root/pact-deps/OpenROAD-flow-scripts/flow/platforms/nangate45/lib/NangateOpenCellLibrary_typical.lib
read_db ./results/nangate45/s9234f/phase0c_f3e7b516a_s11_k4_R_88e98934_7f655d61/5_2_route.odb
read_sdc ./results/nangate45/s9234f/phase0c_f3e7b516a_s11_k4_R_88e98934_7f655d61/5_1_grt.sdc
source /root/pact-deps/OpenROAD-flow-scripts/flow/platforms/nangate45/setRC.tcl
filler_placement "FILLCELL_X1 FILLCELL_X2 FILLCELL_X4 FILLCELL_X8 FILLCELL_X16 FILLCELL_X32"
[INFO DPL-0001] Placed 3425 filler instances.
Design area 3646 um^2 36% utilization.
write_db ./results/nangate45/s9234f/phase0c_f3e7b516a_s11_k4_R_88e98934_7f655d61/5_3_fillcell.odb
Log                       Ext     Elapsed/s Peak Memory/MB sha1sum result [0:20)
5_3_fillcell              .odb            0            119 b4851a454fb58908548c
cp ./results/nangate45/s9234f/phase0c_f3e7b516a_s11_k4_R_88e98934_7f655d61/5_3_fillcell.odb ./results/nangate45/s9234f/phase0c_f3e7b516a_s11_k4_R_88e98934_7f655d61/5_route.odb
cp ./results/nangate45/s9234f/phase0c_f3e7b516a_s11_k4_R_88e98934_7f655d61/5_1_grt.sdc ./results/nangate45/s9234f/phase0c_f3e7b516a_s11_k4_R_88e98934_7f655d61/5_route.sdc
