OpenROAD 26Q2-1164-g08f67ee5ec 
Features included (+) or not (-): +GPU +GUI +Python
This program is licensed under the BSD-3 license. See the LICENSE file for details.
Components of this program may be licensed under more restrictive licenses which must be honored.
[INFO ORD-0030] Using 4 thread(s).
mkdir -p ./objects/nangate45/s15850/phase0c_f3e7b516a_s19_k2_B0_25d4a30b_7f655d61
/root/pact-deps/OpenROAD-flow-scripts/flow/scripts/flow.sh 4_1_cts cts
Running cts.tcl, stage 4_1_cts
read_liberty /root/pact-deps/OpenROAD-flow-scripts/flow/platforms/nangate45/lib/NangateOpenCellLibrary_typical.lib
read_db ./results/nangate45/s15850/phase0c_f3e7b516a_s19_k2_B0_25d4a30b_7f655d61/3_place.odb
read_sdc ./results/nangate45/s15850/phase0c_f3e7b516a_s19_k2_B0_25d4a30b_7f655d61/3_place.sdc
source /root/pact-deps/OpenROAD-flow-scripts/flow/platforms/nangate45/setRC.tcl
clock_tree_synthesis -sink_clustering_enable -repair_clock_nets
[INFO CTS-0050] Root buffer is CLKBUF_X3.
[INFO CTS-0051] Sink buffer is CLKBUF_X3.
[INFO CTS-0052] The following clock buffers will be used for CTS:
                    CLKBUF_X3
[INFO CTS-0049] Characterization buffer is CLKBUF_X3.
[INFO CTS-0007] Net "CK" found for clock "clk".
[INFO CTS-0010]  Clock net "CK" has 534 sinks.
[INFO CTS-0008] TritonCTS found 1 clock nets.
[INFO CTS-0097] Characterization used 1 buffer(s) types.
[INFO CTS-0201] 0 blockages from hard placement blockages and placed macros will be used.
[INFO CTS-0027] Generating H-Tree topology for net CK.
[INFO CTS-0028]  Total number of sinks: 534.
[INFO CTS-0090]  Sinks will be clustered based on buffer max cap.
[INFO CTS-0030]  Number of static layers: 0.
[INFO CTS-0020]  Wire segment unit: 14000  dbu (7 um).
[INFO CTS-0206] Best clustering solution was found from max clustering size of 9 and max clustering diameter of 43.
[INFO CTS-0019]  Total number of sinks after clustering: 82.
[INFO CTS-0024]  Normalized sink region: [(2.89342, 1.69048), (19.9411, 19.7057)].
[INFO CTS-0025]     Width:  17.0477.
[INFO CTS-0026]     Height: 18.0152.
 Level 1
    Direction: Vertical
    Sinks per sub-region: 41
    Sub-region size: 17.0477 X 9.0076
[INFO CTS-0034]     Segment length (rounded): 4.
 Level 2
    Direction: Horizontal
    Sinks per sub-region: 21
    Sub-region size: 8.5238 X 9.0076
[INFO CTS-0034]     Segment length (rounded): 4.
 Level 3
    Direction: Vertical
    Sinks per sub-region: 11
    Sub-region size: 8.5238 X 4.5038
[INFO CTS-0034]     Segment length (rounded): 2.
[INFO CTS-0032]  Stop criterion found. Max number of sinks is 15.
[INFO CTS-0035]  Number of sinks covered: 82.
[INFO CTS-0018]     Created 91 clock buffers.
[INFO CTS-0012]     Minimum number of buffers in the clock path: 3.
[INFO CTS-0013]     Maximum number of buffers in the clock path: 3.
[INFO CTS-0015]     Created 91 clock nets.
[INFO CTS-0016]     Fanout distribution for the current clock = 3:1, 4:1, 5:9, 6:25, 7:38, 8:8, 9:1, 10:4, 11:1, 12:2..
[INFO CTS-0017]     Max level of the clock tree: 3.
[INFO CTS-0098] Clock net "CK"
[INFO CTS-0099]  Sinks 609
[INFO CTS-0100]  Leaf buffers 82
[INFO CTS-0101]  Average sink wire length 208.78 um
[INFO CTS-0102]  Path depth 2 - 3
[INFO CTS-0207]  Dummy loads inserted 75
estimate_parasitics -placement
detailed_placement
[INFO DPL-0006] Core area: 20959.47 um^2, Instances area: 7541.90 um^2, Utilization: 36.0%
[INFO DPL-0005] Diamond search max displacement: +/- 500 sites horizontally, +/- 100 rows vertically.
[INFO DPL-1101] Legalizing using diamond search.
Movements Summary
---------------------------------------
Total cells:                    5044
Diamond Move Success:           5044 (100.00%)
Diamond Move Failure:              0
Rip-up and replace Success:        0 (  0.00% of diamond failures)
Rip-up and replace Failure:        0
Total Placement Failures:          0
---------------------------------------
Placement Analysis
---------------------------------
total displacement        234.0 u
average displacement        0.0 u
max displacement            3.9 u
original HPWL           81951.9 u
legalized HPWL          81993.6 u
delta HPWL                    0 %

estimate_parasitics -placement
repair_timing -setup_margin 0 -hold_margin 0 -repair_tns 100 -verbose
[INFO RSZ-0100] Repair move sequence: UnbufferMove SizeUpMove SwapPinsMove BufferMove CloneMove SplitLoadMove 
[INFO RSZ-0098] No setup violations found
[INFO RSZ-0046] Found 88 endpoints with hold violations.
Iteration | Resized | Buffers | Cloned Gates |   Area   |   WNS   |   TNS   | Endpoint
--------------------------------------------------------------------------------------
        0 |       0 |       0 |            0 |    +0.0% |  -0.131 |  -5.084 | U_g1289/SI
       10 |       0 |      22 |            0 |    +0.2% |  -0.113 |  -4.081 | U_g586/D
       20 |       0 |      43 |            0 |    +0.5% |  -0.077 |  -3.027 | U_g1711/D
       30 |       0 |      74 |            0 |    +0.8% |  -0.073 |  -2.336 | U_g1289/SI
       40 |       1 |      87 |            0 |    +0.9% |  -0.073 |  -0.123 | U_g1289/SI
       50 |       1 |      87 |            0 |    +0.9% |  -0.073 |  -0.123 | U_g1289/SI
       60 |       1 |      87 |            0 |    +0.9% |  -0.073 |  -0.123 | U_g1289/SI
       70 |       1 |      87 |            0 |    +0.9% |  -0.073 |  -0.123 | U_g1289/SI
       80 |       1 |      90 |            0 |    +1.0% |  -0.073 |  -0.073 | U_g1289/SI
    final |       1 |      93 |            0 |    +1.0% |   0.001 |   0.000 | U_g1056/D
--------------------------------------------------------------------------------------
[INFO RSZ-0032] Inserted 93 hold buffers.
detailed_placement
[INFO DPL-0006] Core area: 20959.47 um^2, Instances area: 7616.64 um^2, Utilization: 36.3%
[INFO DPL-0005] Diamond search max displacement: +/- 500 sites horizontally, +/- 100 rows vertically.
[INFO DPL-1101] Legalizing using diamond search.
Movements Summary
---------------------------------------
Total cells:                    5137
Diamond Move Success:           5137 (100.00%)
Diamond Move Failure:              0
Rip-up and replace Success:        0 (  0.00% of diamond failures)
Rip-up and replace Failure:        0
Total Placement Failures:          0
---------------------------------------
Placement Analysis
---------------------------------
total displacement         71.9 u
average displacement        0.0 u
max displacement            1.8 u
original HPWL           82225.9 u
legalized HPWL          82255.2 u
delta HPWL                    0 %

estimate_parasitics -placement
Report metrics stage 4, cts final...

==========================================================================
cts final report_design_area
--------------------------------------------------------------------------
Design area 7617 um^2 36% utilization.
write_db ./results/nangate45/s15850/phase0c_f3e7b516a_s19_k2_B0_25d4a30b_7f655d61/4_1_cts.odb
write_sdc -no_timestamp ./results/nangate45/s15850/phase0c_f3e7b516a_s19_k2_B0_25d4a30b_7f655d61/4_cts.sdc
Log                       Ext     Elapsed/s Peak Memory/MB sha1sum result [0:20)
4_1_cts                   .odb            7            169 e7ba33c6c478fd7b659a
cp ./results/nangate45/s15850/phase0c_f3e7b516a_s19_k2_B0_25d4a30b_7f655d61/4_1_cts.odb ./results/nangate45/s15850/phase0c_f3e7b516a_s19_k2_B0_25d4a30b_7f655d61/4_cts.odb
/root/pact-deps/OpenROAD-flow-scripts/flow/scripts/flow.sh 5_1_grt global_route
Running global_route.tcl, stage 5_1_grt
read_liberty /root/pact-deps/OpenROAD-flow-scripts/flow/platforms/nangate45/lib/NangateOpenCellLibrary_typical.lib
read_db ./results/nangate45/s15850/phase0c_f3e7b516a_s19_k2_B0_25d4a30b_7f655d61/4_cts.odb
read_sdc ./results/nangate45/s15850/phase0c_f3e7b516a_s19_k2_B0_25d4a30b_7f655d61/4_cts.sdc
source /root/pact-deps/OpenROAD-flow-scripts/flow/platforms/nangate45/setRC.tcl
pin_access
[INFO DRT-0149] Reading tech and libs.

Units:                2000
Number of layers:     21
Number of macros:     135
Number of vias:       33
Number of viarulegen: 19

[INFO DRT-0150] Reading design.

Design:                   s15850
Die area:                 ( 0 0 ) ( 295060 295060 )
Number of track patterns: 20
Number of DEF vias:       0
Number of components:     5395
Number of terminals:      235
Number of snets:          2
Number of nets:           5143

[INFO DRT-0167] List of default vias:
  Layer via2
    default via: via2_5
  Layer via3
    default via: via3_2
  Layer via4
    default via: via4_0
  Layer via5
    default via: via5_0
  Layer via6
    default via: via6_0
  Layer via7
    default via: via7_0
  Layer via8
    default via: via8_0
  Layer via9
    default via: via9_0
[INFO DRT-0162] Library cell analysis.
[INFO DRT-0163] Instance analysis.
[INFO DRT-0164] Number of unique instances = 56.
[INFO DRT-0168] Init region query.
[INFO DRT-0024]   Complete active.
[INFO DRT-0024]   Complete Fr_VIA.
[INFO DRT-0024]   Complete metal1.
[INFO DRT-0024]   Complete via1.
[INFO DRT-0024]   Complete metal2.
[INFO DRT-0024]   Complete via2.
[INFO DRT-0024]   Complete metal3.
[INFO DRT-0024]   Complete via3.
[INFO DRT-0024]   Complete metal4.
[INFO DRT-0024]   Complete via4.
[INFO DRT-0024]   Complete metal5.
[INFO DRT-0024]   Complete via5.
[INFO DRT-0024]   Complete metal6.
[INFO DRT-0024]   Complete via6.
[INFO DRT-0024]   Complete metal7.
[INFO DRT-0024]   Complete via7.
[INFO DRT-0024]   Complete metal8.
[INFO DRT-0024]   Complete via8.
[INFO DRT-0024]   Complete metal9.
[INFO DRT-0024]   Complete via9.
[INFO DRT-0024]   Complete metal10.
[INFO DRT-0033] active shape region query size = 0.
[INFO DRT-0033] FR_VIA shape region query size = 0.
[INFO DRT-0033] metal1 shape region query size = 88205.
[INFO DRT-0033] via1 shape region query size = 936.
[INFO DRT-0033] metal2 shape region query size = 624.
[INFO DRT-0033] via2 shape region query size = 936.
[INFO DRT-0033] metal3 shape region query size = 624.
[INFO DRT-0033] via3 shape region query size = 936.
[INFO DRT-0033] metal4 shape region query size = 348.
[INFO DRT-0033] via4 shape region query size = 300.
[INFO DRT-0033] metal5 shape region query size = 136.
[INFO DRT-0033] via5 shape region query size = 300.
[INFO DRT-0033] metal6 shape region query size = 217.
[INFO DRT-0033] via6 shape region query size = 120.
[INFO DRT-0033] metal7 shape region query size = 50.
[INFO DRT-0033] via7 shape region query size = 0.
[INFO DRT-0033] metal8 shape region query size = 0.
[INFO DRT-0033] via8 shape region query size = 0.
[INFO DRT-0033] metal9 shape region query size = 0.
[INFO DRT-0033] via9 shape region query size = 0.
[INFO DRT-0033] metal10 shape region query size = 0.
[INFO DRT-0165] Start pin access.
[INFO DRT-0078]   Complete 287 pins.
[INFO DRT-0081]   Complete 56 unique inst patterns.
[INFO DRT-0084]   Complete 3112 groups.
#scanned instances     = 5395
#unique  instances     = 56
#stdCellGenAp          = 1293
#stdCellValidPlanarAp  = 0
#stdCellValidViaAp     = 1001
#stdCellPinNoAp        = 0
#stdCellPinCnt         = 15560
#instTermValidViaApCnt = 0
#macroGenAp            = 0
#macroValidPlanarAp    = 0
#macroValidViaAp       = 0
#macroNoAp             = 0
[INFO DRT-0166] Complete pin access.
[INFO DRT-0267] cpu time = 00:00:50, elapsed time = 00:00:11, memory = 128.76 (MB), peak = 128.37 (MB)
Took 12 seconds: pin_access
set_global_routing_random -seed 19
global_route -congestion_report_file ./reports/nangate45/s15850/phase0c_f3e7b516a_s19_k2_B0_25d4a30b_7f655d61/congestion.rpt -congestion_iterations 30 -congestion_report_iter_step 5 -verbose
[INFO GRT-0020] Min routing layer: metal2
[INFO GRT-0021] Max routing layer: metal10
[INFO GRT-0022] Global adjustment: 0%
[INFO GRT-0023] Grid origin: (0, 0)
[INFO GRT-0088] Layer metal1  Track-Pitch = 0.1400  line-2-Via Pitch: 0.1350
[INFO GRT-0088] Layer metal2  Track-Pitch = 0.1900  line-2-Via Pitch: 0.1400
[INFO GRT-0088] Layer metal3  Track-Pitch = 0.1400  line-2-Via Pitch: 0.1400
[INFO GRT-0088] Layer metal4  Track-Pitch = 0.2800  line-2-Via Pitch: 0.2800
[INFO GRT-0088] Layer metal5  Track-Pitch = 0.2800  line-2-Via Pitch: 0.2800
[INFO GRT-0088] Layer metal6  Track-Pitch = 0.2800  line-2-Via Pitch: 0.2800
[INFO GRT-0088] Layer metal7  Track-Pitch = 0.8000  line-2-Via Pitch: 0.8000
[INFO GRT-0088] Layer metal8  Track-Pitch = 0.8000  line-2-Via Pitch: 0.8000
[INFO GRT-0088] Layer metal9  Track-Pitch = 1.6000  line-2-Via Pitch: 1.6000
[INFO GRT-0088] Layer metal10 Track-Pitch = 1.6000  line-2-Via Pitch: 1.6000
[INFO GRT-0003] Macros: 0
[INFO GRT-0004] Blockages: 0
[INFO GRT-0019] Found 92 clock nets.
[INFO GRT-0001] Minimum degree: 2
[INFO GRT-0002] Maximum degree: 59

[INFO GRT-0053] Routing resources analysis:
          Routing      Original      Derated      Resource
Layer     Direction    Resources     Resources    Reduction (%)
---------------------------------------------------------------
metal1     Horizontal          0             0          0.00%
metal2     Vertical        37850         17800          52.97%
metal3     Horizontal      52431         25727          50.93%
metal4     Vertical        25700         18200          29.18%
metal5     Horizontal      26215         18494          29.45%
metal6     Vertical        26282         18557          29.39%
metal7     Horizontal       8100          5750          29.01%
metal8     Vertical         9200          6600          28.26%
metal9     Horizontal       4550          2550          43.96%
metal10    Vertical         4550          2550          43.96%
---------------------------------------------------------------

[INFO GRT-0197] Via related to pin nodes: 30420
[INFO GRT-0198] Via related Steiner nodes: 795
[INFO GRT-0199] Via filling finished.
[INFO GRT-0111] Final number of vias: 40205
[INFO GRT-0112] Final usage 3D: 152377

[INFO GRT-0096] Final congestion report:
Layer         Resource        Demand        Usage (%)    Max H / Max V / Total Overflow
---------------------------------------------------------------------------------------
metal1               0             0            0.00%             0 /  0 /  0
metal2           17800         10066           56.55%             0 /  0 /  0
metal3           25727         11987           46.59%             0 /  0 /  0
metal4           18200          5164           28.37%             0 /  0 /  0
metal5           18494          3003           16.24%             0 /  0 /  0
metal6           18557          1435            7.73%             0 /  0 /  0
metal7            5750           107            1.86%             0 /  0 /  0
metal8            6600             0            0.00%             0 /  0 /  0
metal9            2550             0            0.00%             0 /  0 /  0
metal10           2550             0            0.00%             0 /  0 /  0
---------------------------------------------------------------------------------------
Total           116228         31762           27.33%             0 /  0 /  0

[INFO GRT-0018] Total wirelength: 130019 um
[INFO GRT-0014] Routed nets: 5143
[INFO GRT-0303] Global routing runtime = 00:00:01
estimate_parasitics -global_routing
Perform buffer insertion and gate resizing...
repair_design -verbose
Iteration |   Area    | Resized | Buffers | Nets repaired | Remaining
---------------------------------------------------------------------
        0 |     +0.0% |       0 |       0 |             0 |      5752
     1000 |     +0.0% |       0 |       0 |             0 |      4752
     2000 |     +0.0% |       0 |       0 |             0 |      3752
     3000 |     +0.0% |       0 |       0 |             0 |      2752
     4000 |     +0.0% |       0 |       0 |             0 |      1752
     5000 |     +0.0% |       0 |       0 |             0 |       752
    final |     +0.0% |       0 |       0 |             0 |         0
---------------------------------------------------------------------
global_route -start_incremental
detailed_placement
[INFO DPL-0006] Core area: 20959.47 um^2, Instances area: 7616.64 um^2, Utilization: 36.3%
[INFO DPL-0005] Diamond search max displacement: +/- 500 sites horizontally, +/- 100 rows vertically.
[INFO DPL-1101] Legalizing using diamond search.
Movements Summary
---------------------------------------
Total cells:                    5137
Diamond Move Success:           5137 (100.00%)
Diamond Move Failure:              0
Rip-up and replace Success:        0 (  0.00% of diamond failures)
Rip-up and replace Failure:        0
Total Placement Failures:          0
---------------------------------------
Placement Analysis
---------------------------------
total displacement          0.0 u
average displacement        0.0 u
max displacement            0.0 u
original HPWL           82255.2 u
legalized HPWL          82255.2 u
delta HPWL                    0 %

global_route -end_incremental -congestion_report_file ./reports/nangate45/s15850/phase0c_f3e7b516a_s19_k2_B0_25d4a30b_7f655d61/congestion_post_repair_design.rpt
Repair setup and hold violations...
estimate_parasitics -global_routing
repair_timing -setup_margin 0 -hold_margin 0 -repair_tns 100 -verbose
[INFO RSZ-0100] Repair move sequence: UnbufferMove SizeUpMove SwapPinsMove BufferMove CloneMove SplitLoadMove 
[INFO RSZ-0098] No setup violations found
[INFO RSZ-0046] Found 2 endpoints with hold violations.
Iteration | Resized | Buffers | Cloned Gates |   Area   |   WNS   |   TNS   | Endpoint
--------------------------------------------------------------------------------------
        0 |       0 |       0 |            0 |    +0.0% |  -0.001 |  -0.002 | U_g1321/SE
    final |       0 |       2 |            0 |    +0.0% |   0.001 |   0.000 | U_g1062/D
--------------------------------------------------------------------------------------
[INFO RSZ-0032] Inserted 2 hold buffers.
global_route -start_incremental
detailed_placement
[INFO DPL-0006] Core area: 20959.47 um^2, Instances area: 7618.24 um^2, Utilization: 36.3%
[INFO DPL-0005] Diamond search max displacement: +/- 500 sites horizontally, +/- 100 rows vertically.
[INFO DPL-1101] Legalizing using diamond search.
Movements Summary
---------------------------------------
Total cells:                    5139
Diamond Move Success:           5139 (100.00%)
Diamond Move Failure:              0
Rip-up and replace Success:        0 (  0.00% of diamond failures)
Rip-up and replace Failure:        0
Total Placement Failures:          0
---------------------------------------
Placement Analysis
---------------------------------
total displacement          2.1 u
average displacement        0.0 u
max displacement            0.6 u
original HPWL           82255.9 u
legalized HPWL          82256.6 u
delta HPWL                    0 %

check_placement -verbose
global_route -end_incremental -congestion_report_file ./reports/nangate45/s15850/phase0c_f3e7b516a_s19_k2_B0_25d4a30b_7f655d61/congestion_post_repair_timing.rpt
estimate_parasitics -global_routing
global_route -start_incremental
global_route -end_incremental -congestion_report_file ./reports/nangate45/s15850/phase0c_f3e7b516a_s19_k2_B0_25d4a30b_7f655d61/congestion_post_recover_power.rpt
Repair antennas...
[WARNING GRT-0246] No diode with LEF class CORE ANTENNACELL found.
[INFO ANT-0002] Found 0 net violations.
[INFO ANT-0001] Found 0 pin violations.
Estimate parasitics...
estimate_parasitics -global_routing
Report metrics stage 5, global route...

==========================================================================
global route report_design_area
--------------------------------------------------------------------------
Design area 7618 um^2 36% utilization.
[INFO FLW-0007] clock clk period 10.000000
[INFO FLW-0008] Clock clk period 1.814
[INFO FLW-0009] Clock clk slack 8.090
write_sdc -no_timestamp ./results/nangate45/s15850/phase0c_f3e7b516a_s19_k2_B0_25d4a30b_7f655d61/updated_clks.sdc
[INFO FLW-0011] Path endpoint path count 2363
write_db ./results/nangate45/s15850/phase0c_f3e7b516a_s19_k2_B0_25d4a30b_7f655d61/5_1_grt.odb
write_sdc -no_timestamp ./results/nangate45/s15850/phase0c_f3e7b516a_s19_k2_B0_25d4a30b_7f655d61/5_1_grt.sdc
Log                       Ext     Elapsed/s Peak Memory/MB sha1sum result [0:20)
5_1_grt                   .odb           23            345 a27f30635e66e6891a73
5_1_grt                   .sdc                             36c09dc3d049996e100f
/root/pact-deps/OpenROAD-flow-scripts/flow/scripts/flow.sh 5_2_route detail_route
Running detail_route.tcl, stage 5_2_route
read_liberty /root/pact-deps/OpenROAD-flow-scripts/flow/platforms/nangate45/lib/NangateOpenCellLibrary_typical.lib
read_db ./results/nangate45/s15850/phase0c_f3e7b516a_s19_k2_B0_25d4a30b_7f655d61/5_1_grt.odb
read_sdc ./results/nangate45/s15850/phase0c_f3e7b516a_s19_k2_B0_25d4a30b_7f655d61/5_1_grt.sdc
source /root/pact-deps/OpenROAD-flow-scripts/flow/platforms/nangate45/setRC.tcl
detailed_route -output_drc ./reports/nangate45/s15850/phase0c_f3e7b516a_s19_k2_B0_25d4a30b_7f655d61/5_route_drc.rpt -output_maze ./results/nangate45/s15850/phase0c_f3e7b516a_s19_k2_B0_25d4a30b_7f655d61/maze.log -droute_end_iter 64 -verbose 1 -drc_report_iter_step 5
[INFO DRT-0149] Reading tech and libs.

Units:                2000
Number of layers:     21
Number of macros:     135
Number of vias:       33
Number of viarulegen: 19

[INFO DRT-0150] Reading design.

Design:                   s15850
Die area:                 ( 0 0 ) ( 295060 295060 )
Number of track patterns: 20
Number of DEF vias:       0
Number of components:     5397
Number of terminals:      235
Number of snets:          2
Number of nets:           5145

[INFO DRT-0167] List of default vias:
  Layer via2
    default via: via2_5
  Layer via3
    default via: via3_2
  Layer via4
    default via: via4_0
  Layer via5
    default via: via5_0
  Layer via6
    default via: via6_0
  Layer via7
    default via: via7_0
  Layer via8
    default via: via8_0
  Layer via9
    default via: via9_0
[INFO DRT-0162] Library cell analysis.
[INFO DRT-0163] Instance analysis.
[INFO DRT-0164] Number of unique instances = 56.
[INFO DRT-0168] Init region query.
[INFO DRT-0024]   Complete active.
[INFO DRT-0024]   Complete Fr_VIA.
[INFO DRT-0024]   Complete metal1.
[INFO DRT-0024]   Complete via1.
[INFO DRT-0024]   Complete metal2.
[INFO DRT-0024]   Complete via2.
[INFO DRT-0024]   Complete metal3.
[INFO DRT-0024]   Complete via3.
[INFO DRT-0024]   Complete metal4.
[INFO DRT-0024]   Complete via4.
[INFO DRT-0024]   Complete metal5.
[INFO DRT-0024]   Complete via5.
[INFO DRT-0024]   Complete metal6.
[INFO DRT-0024]   Complete via6.
[INFO DRT-0024]   Complete metal7.
[INFO DRT-0024]   Complete via7.
[INFO DRT-0024]   Complete metal8.
[INFO DRT-0024]   Complete via8.
[INFO DRT-0024]   Complete metal9.
[INFO DRT-0024]   Complete via9.
[INFO DRT-0024]   Complete metal10.
[INFO DRT-0033] active shape region query size = 0.
[INFO DRT-0033] FR_VIA shape region query size = 0.
[INFO DRT-0033] metal1 shape region query size = 88227.
[INFO DRT-0033] via1 shape region query size = 936.
[INFO DRT-0033] metal2 shape region query size = 624.
[INFO DRT-0033] via2 shape region query size = 936.
[INFO DRT-0033] metal3 shape region query size = 624.
[INFO DRT-0033] via3 shape region query size = 936.
[INFO DRT-0033] metal4 shape region query size = 348.
[INFO DRT-0033] via4 shape region query size = 300.
[INFO DRT-0033] metal5 shape region query size = 136.
[INFO DRT-0033] via5 shape region query size = 300.
[INFO DRT-0033] metal6 shape region query size = 217.
[INFO DRT-0033] via6 shape region query size = 120.
[INFO DRT-0033] metal7 shape region query size = 50.
[INFO DRT-0033] via7 shape region query size = 0.
[INFO DRT-0033] metal8 shape region query size = 0.
[INFO DRT-0033] via8 shape region query size = 0.
[INFO DRT-0033] metal9 shape region query size = 0.
[INFO DRT-0033] via9 shape region query size = 0.
[INFO DRT-0033] metal10 shape region query size = 0.
[INFO DRT-0165] Start pin access.
[INFO DRT-0078]   Complete 287 pins.
[INFO DRT-0081]   Complete 56 unique inst patterns.
[INFO DRT-0084]   Complete 3113 groups.
#scanned instances     = 5397
#unique  instances     = 56
#stdCellGenAp          = 1293
#stdCellValidPlanarAp  = 0
#stdCellValidViaAp     = 1001
#stdCellPinNoAp        = 0
#stdCellPinCnt         = 15564
#instTermValidViaApCnt = 0
#macroGenAp            = 0
#macroValidPlanarAp    = 0
#macroValidViaAp       = 0
#macroNoAp             = 0
[INFO DRT-0166] Complete pin access.
[INFO DRT-0267] cpu time = 00:00:50, elapsed time = 00:00:13, memory = 283.23 (MB), peak = 283.40 (MB)

[INFO DRT-0157] Number of guides:     44573

[INFO DRT-0169] Post process guides.
[INFO DRT-0176] GCELLGRID X 0 DO 51 STEP 5700 ;
[INFO DRT-0177] GCELLGRID Y 0 DO 51 STEP 5700 ;
[INFO DRT-0028]   Complete active.
[INFO DRT-0028]   Complete Fr_VIA.
[INFO DRT-0028]   Complete metal1.
[INFO DRT-0028]   Complete via1.
[INFO DRT-0028]   Complete metal2.
[INFO DRT-0028]   Complete via2.
[INFO DRT-0028]   Complete metal3.
[INFO DRT-0028]   Complete via3.
[INFO DRT-0028]   Complete metal4.
[INFO DRT-0028]   Complete via4.
[INFO DRT-0028]   Complete metal5.
[INFO DRT-0028]   Complete via5.
[INFO DRT-0028]   Complete metal6.
[INFO DRT-0028]   Complete via6.
[INFO DRT-0028]   Complete metal7.
[INFO DRT-0028]   Complete via7.
[INFO DRT-0028]   Complete metal8.
[INFO DRT-0028]   Complete via8.
[INFO DRT-0028]   Complete metal9.
[INFO DRT-0028]   Complete via9.
[INFO DRT-0028]   Complete metal10.
[INFO DRT-0178] Init guide query.
[INFO DRT-0035]   Complete active (guide).
[INFO DRT-0035]   Complete Fr_VIA (guide).
[INFO DRT-0035]   Complete metal1 (guide).
[INFO DRT-0035]   Complete via1 (guide).
[INFO DRT-0035]   Complete metal2 (guide).
[INFO DRT-0035]   Complete via2 (guide).
[INFO DRT-0035]   Complete metal3 (guide).
[INFO DRT-0035]   Complete via3 (guide).
[INFO DRT-0035]   Complete metal4 (guide).
[INFO DRT-0035]   Complete via4 (guide).
[INFO DRT-0035]   Complete metal5 (guide).
[INFO DRT-0035]   Complete via5 (guide).
[INFO DRT-0035]   Complete metal6 (guide).
[INFO DRT-0035]   Complete via6 (guide).
[INFO DRT-0035]   Complete metal7 (guide).
[INFO DRT-0035]   Complete via7 (guide).
[INFO DRT-0035]   Complete metal8 (guide).
[INFO DRT-0035]   Complete via8 (guide).
[INFO DRT-0035]   Complete metal9 (guide).
[INFO DRT-0035]   Complete via9 (guide).
[INFO DRT-0035]   Complete metal10 (guide).
[INFO DRT-0036] active guide region query size = 0.
[INFO DRT-0036] FR_VIA guide region query size = 0.
[INFO DRT-0036] metal1 guide region query size = 13929.
[INFO DRT-0036] via1 guide region query size = 0.
[INFO DRT-0036] metal2 guide region query size = 12841.
[INFO DRT-0036] via2 guide region query size = 0.
[INFO DRT-0036] metal3 guide region query size = 7485.
[INFO DRT-0036] via3 guide region query size = 0.
[INFO DRT-0036] metal4 guide region query size = 1633.
[INFO DRT-0036] via4 guide region query size = 0.
[INFO DRT-0036] metal5 guide region query size = 780.
[INFO DRT-0036] via5 guide region query size = 0.
[INFO DRT-0036] metal6 guide region query size = 293.
[INFO DRT-0036] via6 guide region query size = 0.
[INFO DRT-0036] metal7 guide region query size = 6.
[INFO DRT-0036] via7 guide region query size = 0.
[INFO DRT-0036] metal8 guide region query size = 0.
[INFO DRT-0036] via8 guide region query size = 0.
[INFO DRT-0036] metal9 guide region query size = 0.
[INFO DRT-0036] via9 guide region query size = 0.
[INFO DRT-0036] metal10 guide region query size = 0.
[INFO DRT-0179] Init gr pin query.
[INFO DRT-0267] cpu time = 00:00:00, elapsed time = 00:00:00, memory = 299.48 (MB), peak = 299.09 (MB)
[INFO DRT-0245] skipped writing guide updates to database.
[INFO DRT-0181] Start track assignment.
[INFO DRT-0184] Done with 14767 vertical wires in 2 frboxes and 22200 horizontal wires in 2 frboxes.
[INFO DRT-0186] Done with 4056 vertical wires in 2 frboxes and 5017 horizontal wires in 2 frboxes.
[INFO DRT-0182] Complete track assignment.
[INFO DRT-0267] cpu time = 00:00:04, elapsed time = 00:00:02, memory = 407.13 (MB), peak = 406.84 (MB)
[INFO DRT-0187] Start routing data preparation.
[INFO DRT-0267] cpu time = 00:00:00, elapsed time = 00:00:00, memory = 407.20 (MB), peak = 406.84 (MB)
[INFO DRT-0194] Start detail routing.
[INFO DRT-0195] Start 0th optimization iteration.
    Completing 10% with 0 violations.
    elapsed time = 00:00:02, memory = 435.89 (MB).
    Completing 20% with 0 violations.
    elapsed time = 00:00:04, memory = 489.59 (MB).
    Completing 30% with 118 violations.
    elapsed time = 00:00:07, memory = 510.82 (MB).
    Completing 40% with 118 violations.
    elapsed time = 00:00:11, memory = 511.16 (MB).
    Completing 50% with 118 violations.
    elapsed time = 00:00:16, memory = 512.68 (MB).
    Completing 60% with 292 violations.
    elapsed time = 00:00:20, memory = 548.35 (MB).
    Completing 70% with 292 violations.
    elapsed time = 00:00:21, memory = 569.52 (MB).
    Completing 80% with 457 violations.
    elapsed time = 00:00:28, memory = 604.86 (MB).
    Completing 90% with 457 violations.
    elapsed time = 00:00:31, memory = 609.93 (MB).
    Completing 100% with 601 violations.
    elapsed time = 00:00:32, memory = 557.92 (MB).
[INFO DRT-0199]   Number of violations = 929.
Viol/Layer      metal1   via1 metal2   via2 metal3 metal4   via4 metal5
Cut Spacing          0      0      0      3      0      0      2      0
Metal Spacing        0      0     43      0      9      3      0      0
Recheck              5      0    185      0    123     15      0      0
Short                0      2    458      1     64     14      0      2
[INFO DRT-0267] cpu time = 00:01:45, elapsed time = 00:00:34, memory = 1038.30 (MB), peak = 1038.04 (MB)
Total wire length = 92911 um.
Total wire length on LAYER metal1 = 0 um.
Total wire length on LAYER metal2 = 30362 um.
Total wire length on LAYER metal3 = 35881 um.
Total wire length on LAYER metal4 = 14190 um.
Total wire length on LAYER metal5 = 8067 um.
Total wire length on LAYER metal6 = 4118 um.
Total wire length on LAYER metal7 = 291 um.
Total wire length on LAYER metal8 = 0 um.
Total wire length on LAYER metal9 = 0 um.
Total wire length on LAYER metal10 = 0 um.
Total number of vias = 35805.
Up-via summary (total 35805):

----------------
 active        0
 metal1    15659
 metal2    16641
 metal3     2113
 metal4      990
 metal5      390
 metal6       12
 metal7        0
 metal8        0
 metal9        0
----------------
       35805


[INFO DRT-0195] Start 1st optimization iteration.
    Completing 10% with 929 violations.
    elapsed time = 00:00:01, memory = 1038.30 (MB).
    Completing 20% with 929 violations.
    elapsed time = 00:00:05, memory = 1066.63 (MB).
    Completing 30% with 801 violations.
    elapsed time = 00:00:07, memory = 1038.30 (MB).
    Completing 40% with 801 violations.
    elapsed time = 00:00:11, memory = 1041.98 (MB).
    Completing 50% with 801 violations.
    elapsed time = 00:00:15, memory = 1041.98 (MB).
    Completing 60% with 607 violations.
    elapsed time = 00:00:19, memory = 1041.99 (MB).
    Completing 70% with 607 violations.
    elapsed time = 00:00:21, memory = 1041.99 (MB).
    Completing 80% with 416 violations.
    elapsed time = 00:00:25, memory = 1041.99 (MB).
    Completing 90% with 416 violations.
    elapsed time = 00:00:28, memory = 1041.99 (MB).
    Completing 100% with 221 violations.
    elapsed time = 00:00:28, memory = 1041.99 (MB).
[INFO DRT-0199]   Number of violations = 221.
Viol/Layer      metal2 metal3   via4
Cut Spacing          0      0      1
Metal Spacing       35      3      0
Recheck              8      1      0
Short              151     22      0
[INFO DRT-0267] cpu time = 00:01:40, elapsed time = 00:00:29, memory = 1044.99 (MB), peak = 1066.29 (MB)
Total wire length = 92395 um.
Total wire length on LAYER metal1 = 0 um.
Total wire length on LAYER metal2 = 30129 um.
Total wire length on LAYER metal3 = 35703 um.
Total wire length on LAYER metal4 = 14186 um.
Total wire length on LAYER metal5 = 7997 um.
Total wire length on LAYER metal6 = 4084 um.
Total wire length on LAYER metal7 = 293 um.
Total wire length on LAYER metal8 = 0 um.
Total wire length on LAYER metal9 = 0 um.
Total wire length on LAYER metal10 = 0 um.
Total number of vias = 35597.
Up-via summary (total 35597):

----------------
 active        0
 metal1    15659
 metal2    16439
 metal3     2125
 metal4      976
 metal5      386
 metal6       12
 metal7        0
 metal8        0
 metal9        0
----------------
       35597


[INFO DRT-0195] Start 2nd optimization iteration.
    Completing 10% with 221 violations.
    elapsed time = 00:00:00, memory = 1044.99 (MB).
    Completing 20% with 221 violations.
    elapsed time = 00:00:03, memory = 1045.31 (MB).
    Completing 30% with 228 violations.
    elapsed time = 00:00:06, memory = 1045.31 (MB).
    Completing 40% with 228 violations.
    elapsed time = 00:00:09, memory = 1045.31 (MB).
    Completing 50% with 228 violations.
    elapsed time = 00:00:14, memory = 1045.38 (MB).
    Completing 60% with 215 violations.
    elapsed time = 00:00:14, memory = 1045.38 (MB).
    Completing 70% with 215 violations.
    elapsed time = 00:00:18, memory = 1045.38 (MB).
    Completing 80% with 207 violations.
    elapsed time = 00:00:21, memory = 1055.97 (MB).
    Completing 90% with 207 violations.
    elapsed time = 00:00:25, memory = 1055.97 (MB).
    Completing 100% with 199 violations.
    elapsed time = 00:00:27, memory = 1055.97 (MB).
[INFO DRT-0199]   Number of violations = 199.
Viol/Layer      metal2 metal3
Metal Spacing       25      1
Short              153     20
[INFO DRT-0267] cpu time = 00:01:26, elapsed time = 00:00:27, memory = 1055.97 (MB), peak = 1066.29 (MB)
Total wire length = 92345 um.
Total wire length on LAYER metal1 = 0 um.
Total wire length on LAYER metal2 = 30112 um.
Total wire length on LAYER metal3 = 35743 um.
Total wire length on LAYER metal4 = 14128 um.
Total wire length on LAYER metal5 = 7978 um.
Total wire length on LAYER metal6 = 4084 um.
Total wire length on LAYER metal7 = 297 um.
Total wire length on LAYER metal8 = 0 um.
Total wire length on LAYER metal9 = 0 um.
Total wire length on LAYER metal10 = 0 um.
Total number of vias = 35484.
Up-via summary (total 35484):

----------------
 active        0
 metal1    15658
 metal2    16335
 metal3     2106
 metal4      984
 metal5      389
 metal6       12
 metal7        0
 metal8        0
 metal9        0
----------------
       35484


[INFO DRT-0195] Start 3rd optimization iteration.
    Completing 10% with 199 violations.
    elapsed time = 00:00:00, memory = 1055.97 (MB).
    Completing 20% with 199 violations.
    elapsed time = 00:00:01, memory = 1055.97 (MB).
    Completing 30% with 154 violations.
    elapsed time = 00:00:01, memory = 1055.97 (MB).
    Completing 40% with 154 violations.
    elapsed time = 00:00:02, memory = 1055.97 (MB).
    Completing 50% with 154 violations.
    elapsed time = 00:00:02, memory = 1055.97 (MB).
    Completing 60% with 140 violations.
    elapsed time = 00:00:04, memory = 1055.97 (MB).
    Completing 70% with 140 violations.
    elapsed time = 00:00:05, memory = 1055.97 (MB).
    Completing 80% with 42 violations.
    elapsed time = 00:00:07, memory = 1055.97 (MB).
    Completing 90% with 42 violations.
    elapsed time = 00:00:08, memory = 1084.87 (MB).
    Completing 100% with 0 violations.
    elapsed time = 00:00:09, memory = 1055.97 (MB).
[INFO DRT-0199]   Number of violations = 0.
[INFO DRT-0267] cpu time = 00:00:35, elapsed time = 00:00:09, memory = 1055.97 (MB), peak = 1084.41 (MB)
Total wire length = 92330 um.
Total wire length on LAYER metal1 = 0 um.
Total wire length on LAYER metal2 = 29764 um.
Total wire length on LAYER metal3 = 35792 um.
Total wire length on LAYER metal4 = 14421 um.
Total wire length on LAYER metal5 = 7970 um.
Total wire length on LAYER metal6 = 4084 um.
Total wire length on LAYER metal7 = 297 um.
Total wire length on LAYER metal8 = 0 um.
Total wire length on LAYER metal9 = 0 um.
Total wire length on LAYER metal10 = 0 um.
Total number of vias = 35672.
Up-via summary (total 35672):

----------------
 active        0
 metal1    15659
 metal2    16427
 metal3     2202
 metal4      983
 metal5      389
 metal6       12
 metal7        0
 metal8        0
 metal9        0
----------------
       35672


[INFO DRT-0198] Complete detail routing.
Total wire length = 92330 um.
Total wire length on LAYER metal1 = 0 um.
Total wire length on LAYER metal2 = 29764 um.
Total wire length on LAYER metal3 = 35792 um.
Total wire length on LAYER metal4 = 14421 um.
Total wire length on LAYER metal5 = 7970 um.
Total wire length on LAYER metal6 = 4084 um.
Total wire length on LAYER metal7 = 297 um.
Total wire length on LAYER metal8 = 0 um.
Total wire length on LAYER metal9 = 0 um.
Total wire length on LAYER metal10 = 0 um.
Total number of vias = 35672.
Up-via summary (total 35672):

----------------
 active        0
 metal1    15659
 metal2    16427
 metal3     2202
 metal4      983
 metal5      389
 metal6       12
 metal7        0
 metal8        0
 metal9        0
----------------
       35672


[INFO DRT-0267] cpu time = 00:05:27, elapsed time = 00:01:40, memory = 1056.04 (MB), peak = 1084.41 (MB)

[INFO DRT-0180] Post processing.
Took 116 seconds: detailed_route -output_drc ./reports/nangate45/s15850/phase0c_f3e7b516a_s19_k2_B0_25d4a30b_7f655d61/5_route_drc.rpt -output_maze ./results/nangate45/s15850/phase0c_f3e7b516a_s19_k2_B0_25d4a30b_7f655d61/maze.log -droute_end_iter 64 -verbose 1 -drc_report_iter_step 5
[WARNING GRT-0246] No diode with LEF class CORE ANTENNACELL found.
[INFO ANT-0002] Found 0 net violations.
[INFO ANT-0001] Found 0 pin violations.
[INFO ANT-0002] Found 0 net violations.
[INFO ANT-0001] Found 0 pin violations.
Design area 7618 um^2 36% utilization.
write_db ./results/nangate45/s15850/phase0c_f3e7b516a_s19_k2_B0_25d4a30b_7f655d61/5_2_route.odb
Log                       Ext     Elapsed/s Peak Memory/MB sha1sum result [0:20)
5_2_route                 .odb          126           1084 7240c03a5c508703915e
/root/pact-deps/OpenROAD-flow-scripts/flow/scripts/flow.sh 5_3_fillcell fillcell
Running fillcell.tcl, stage 5_3_fillcell
read_liberty /root/pact-deps/OpenROAD-flow-scripts/flow/platforms/nangate45/lib/NangateOpenCellLibrary_typical.lib
read_db ./results/nangate45/s15850/phase0c_f3e7b516a_s19_k2_B0_25d4a30b_7f655d61/5_2_route.odb
read_sdc ./results/nangate45/s15850/phase0c_f3e7b516a_s19_k2_B0_25d4a30b_7f655d61/5_1_grt.sdc
source /root/pact-deps/OpenROAD-flow-scripts/flow/platforms/nangate45/setRC.tcl
filler_placement "FILLCELL_X1 FILLCELL_X2 FILLCELL_X4 FILLCELL_X8 FILLCELL_X16 FILLCELL_X32"
[INFO DPL-0001] Placed 6972 filler instances.
Design area 7618 um^2 36% utilization.
write_db ./results/nangate45/s15850/phase0c_f3e7b516a_s19_k2_B0_25d4a30b_7f655d61/5_3_fillcell.odb
Log                       Ext     Elapsed/s Peak Memory/MB sha1sum result [0:20)
5_3_fillcell              .odb            1            131 176fbb0657092268808f
cp ./results/nangate45/s15850/phase0c_f3e7b516a_s19_k2_B0_25d4a30b_7f655d61/5_3_fillcell.odb ./results/nangate45/s15850/phase0c_f3e7b516a_s19_k2_B0_25d4a30b_7f655d61/5_route.odb
cp ./results/nangate45/s15850/phase0c_f3e7b516a_s19_k2_B0_25d4a30b_7f655d61/5_1_grt.sdc ./results/nangate45/s15850/phase0c_f3e7b516a_s19_k2_B0_25d4a30b_7f655d61/5_route.sdc
