OpenROAD 26Q2-1164-g08f67ee5ec 
Features included (+) or not (-): +GPU +GUI +Python
This program is licensed under the BSD-3 license. See the LICENSE file for details.
Components of this program may be licensed under more restrictive licenses which must be honored.
[INFO ORD-0030] Using 4 thread(s).
read_liberty /root/pact-deps/OpenROAD-flow-scripts/flow/platforms/nangate45/lib/NangateOpenCellLibrary_typical.lib
read_db /mnt/c/Users/Abhinav/OneDrive/Desktop/PACT/PACT/results/phase2c_repair_multiseed/raw/orfs/results/nangate45/s9234f/phase2c_s17_787524e4aed6/5_1_grt.odb
read_sdc /mnt/c/Users/Abhinav/OneDrive/Desktop/PACT/PACT/results/phase2c_repair_multiseed/raw/orfs/results/nangate45/s9234f/phase2c_s17_787524e4aed6/5_1_grt.sdc
source /root/pact-deps/OpenROAD-flow-scripts/flow/platforms/nangate45/setRC.tcl
detailed_route -output_drc /mnt/c/Users/Abhinav/OneDrive/Desktop/PACT/PACT/results/phase2c_repair_multiseed/raw/orfs/reports/nangate45/s9234f/phase2c_s17_787524e4aed6/5_route_drc.rpt -output_maze /mnt/c/Users/Abhinav/OneDrive/Desktop/PACT/PACT/results/phase2c_repair_multiseed/raw/orfs/results/nangate45/s9234f/phase2c_s17_787524e4aed6/maze.log -droute_end_iter 64 -verbose 1 -drc_report_iter_step 5
[INFO DRT-0149] Reading tech and libs.

Units:                2000
Number of layers:     21
Number of macros:     135
Number of vias:       33
Number of viarulegen: 19

[INFO DRT-0150] Reading design.

Design:                   s9234f
Die area:                 ( 0 0 ) ( 206880 206880 )
Number of track patterns: 20
Number of DEF vias:       0
Number of components:     2809
Number of terminals:      83
Number of snets:          2
Number of nets:           2675

[INFO DRT-0167] List of default vias:
  Layer via2
    default via: via2_5
  Layer via3
    default via: via3_2
  Layer via4
    default via: via4_0
  Layer via5
    default via: via5_0
  Layer via6
    default via: via6_0
  Layer via7
    default via: via7_0
  Layer via8
    default via: via8_0
  Layer via9
    default via: via9_0
[INFO DRT-0162] Library cell analysis.
[INFO DRT-0163] Instance analysis.
[INFO DRT-0164] Number of unique instances = 49.
[INFO DRT-0168] Init region query.
[INFO DRT-0024]   Complete active.
[INFO DRT-0024]   Complete Fr_VIA.
[INFO DRT-0024]   Complete metal1.
[INFO DRT-0024]   Complete via1.
[INFO DRT-0024]   Complete metal2.
[INFO DRT-0024]   Complete via2.
[INFO DRT-0024]   Complete metal3.
[INFO DRT-0024]   Complete via3.
[INFO DRT-0024]   Complete metal4.
[INFO DRT-0024]   Complete via4.
[INFO DRT-0024]   Complete metal5.
[INFO DRT-0024]   Complete via5.
[INFO DRT-0024]   Complete metal6.
[INFO DRT-0024]   Complete via6.
[INFO DRT-0024]   Complete metal7.
[INFO DRT-0024]   Complete via7.
[INFO DRT-0024]   Complete metal8.
[INFO DRT-0024]   Complete via8.
[INFO DRT-0024]   Complete metal9.
[INFO DRT-0024]   Complete via9.
[INFO DRT-0024]   Complete metal10.
[INFO DRT-0033] active shape region query size = 0.
[INFO DRT-0033] FR_VIA shape region query size = 0.
[INFO DRT-0033] metal1 shape region query size = 42693.
[INFO DRT-0033] via1 shape region query size = 438.
[INFO DRT-0033] metal2 shape region query size = 292.
[INFO DRT-0033] via2 shape region query size = 438.
[INFO DRT-0033] metal3 shape region query size = 292.
[INFO DRT-0033] via3 shape region query size = 438.
[INFO DRT-0033] metal4 shape region query size = 164.
[INFO DRT-0033] via4 shape region query size = 140.
[INFO DRT-0033] metal5 shape region query size = 64.
[INFO DRT-0033] via5 shape region query size = 140.
[INFO DRT-0033] metal6 shape region query size = 73.
[INFO DRT-0033] via6 shape region query size = 56.
[INFO DRT-0033] metal7 shape region query size = 28.
[INFO DRT-0033] via7 shape region query size = 0.
[INFO DRT-0033] metal8 shape region query size = 0.
[INFO DRT-0033] via8 shape region query size = 0.
[INFO DRT-0033] metal9 shape region query size = 0.
[INFO DRT-0033] via9 shape region query size = 0.
[INFO DRT-0033] metal10 shape region query size = 0.
[INFO DRT-0165] Start pin access.
[INFO DRT-0078]   Complete 249 pins.
[INFO DRT-0081]   Complete 49 unique inst patterns.
[INFO DRT-0084]   Complete 1505 groups.
#scanned instances     = 2809
#unique  instances     = 49
#stdCellGenAp          = 1067
#stdCellValidPlanarAp  = 0
#stdCellValidViaAp     = 854
#stdCellPinNoAp        = 0
#stdCellPinCnt         = 8142
#instTermValidViaApCnt = 0
#macroGenAp            = 0
#macroValidPlanarAp    = 0
#macroValidViaAp       = 0
#macroNoAp             = 0
[INFO DRT-0166] Complete pin access.
[INFO DRT-0267] cpu time = 00:00:30, elapsed time = 00:00:08, memory = 266.00 (MB), peak = 265.62 (MB)

[INFO DRT-0157] Number of guides:     22311

[INFO DRT-0169] Post process guides.
[INFO DRT-0176] GCELLGRID X 0 DO 36 STEP 5700 ;
[INFO DRT-0177] GCELLGRID Y 0 DO 36 STEP 5700 ;
[INFO DRT-0028]   Complete active.
[INFO DRT-0028]   Complete Fr_VIA.
[INFO DRT-0028]   Complete metal1.
[INFO DRT-0028]   Complete via1.
[INFO DRT-0028]   Complete metal2.
[INFO DRT-0028]   Complete via2.
[INFO DRT-0028]   Complete metal3.
[INFO DRT-0028]   Complete via3.
[INFO DRT-0028]   Complete metal4.
[INFO DRT-0028]   Complete via4.
[INFO DRT-0028]   Complete metal5.
[INFO DRT-0028]   Complete via5.
[INFO DRT-0028]   Complete metal6.
[INFO DRT-0028]   Complete via6.
[INFO DRT-0028]   Complete metal7.
[INFO DRT-0028]   Complete via7.
[INFO DRT-0028]   Complete metal8.
[INFO DRT-0028]   Complete via8.
[INFO DRT-0028]   Complete metal9.
[INFO DRT-0028]   Complete via9.
[INFO DRT-0028]   Complete metal10.
[INFO DRT-0178] Init guide query.
[INFO DRT-0035]   Complete active (guide).
[INFO DRT-0035]   Complete Fr_VIA (guide).
[INFO DRT-0035]   Complete metal1 (guide).
[INFO DRT-0035]   Complete via1 (guide).
[INFO DRT-0035]   Complete metal2 (guide).
[INFO DRT-0035]   Complete via2 (guide).
[INFO DRT-0035]   Complete metal3 (guide).
[INFO DRT-0035]   Complete via3 (guide).
[INFO DRT-0035]   Complete metal4 (guide).
[INFO DRT-0035]   Complete via4 (guide).
[INFO DRT-0035]   Complete metal5 (guide).
[INFO DRT-0035]   Complete via5 (guide).
[INFO DRT-0035]   Complete metal6 (guide).
[INFO DRT-0035]   Complete via6 (guide).
[INFO DRT-0035]   Complete metal7 (guide).
[INFO DRT-0035]   Complete via7 (guide).
[INFO DRT-0035]   Complete metal8 (guide).
[INFO DRT-0035]   Complete via8 (guide).
[INFO DRT-0035]   Complete metal9 (guide).
[INFO DRT-0035]   Complete via9 (guide).
[INFO DRT-0035]   Complete metal10 (guide).
[INFO DRT-0036] active guide region query size = 0.
[INFO DRT-0036] FR_VIA guide region query size = 0.
[INFO DRT-0036] metal1 guide region query size = 7167.
[INFO DRT-0036] via1 guide region query size = 0.
[INFO DRT-0036] metal2 guide region query size = 6554.
[INFO DRT-0036] via2 guide region query size = 0.
[INFO DRT-0036] metal3 guide region query size = 3801.
[INFO DRT-0036] via3 guide region query size = 0.
[INFO DRT-0036] metal4 guide region query size = 717.
[INFO DRT-0036] via4 guide region query size = 0.
[INFO DRT-0036] metal5 guide region query size = 277.
[INFO DRT-0036] via5 guide region query size = 0.
[INFO DRT-0036] metal6 guide region query size = 74.
[INFO DRT-0036] via6 guide region query size = 0.
[INFO DRT-0036] metal7 guide region query size = 0.
[INFO DRT-0036] via7 guide region query size = 0.
[INFO DRT-0036] metal8 guide region query size = 0.
[INFO DRT-0036] via8 guide region query size = 0.
[INFO DRT-0036] metal9 guide region query size = 0.
[INFO DRT-0036] via9 guide region query size = 0.
[INFO DRT-0036] metal10 guide region query size = 0.
[INFO DRT-0179] Init gr pin query.
[INFO DRT-0267] cpu time = 00:00:00, elapsed time = 00:00:00, memory = 274.18 (MB), peak = 273.75 (MB)
[INFO DRT-0245] skipped writing guide updates to database.
[INFO DRT-0181] Start track assignment.
[INFO DRT-0184] Done with 7345 vertical wires in 1 frboxes and 11245 horizontal wires in 1 frboxes.
[INFO DRT-0186] Done with 2230 vertical wires in 1 frboxes and 2794 horizontal wires in 1 frboxes.
[INFO DRT-0182] Complete track assignment.
[INFO DRT-0267] cpu time = 00:00:02, elapsed time = 00:00:01, memory = 318.63 (MB), peak = 318.23 (MB)
[INFO DRT-0187] Start routing data preparation.
[INFO DRT-0267] cpu time = 00:00:00, elapsed time = 00:00:00, memory = 318.70 (MB), peak = 318.36 (MB)
[INFO DRT-0194] Start detail routing.
[INFO DRT-0195] Start 0th optimization iteration.
    Completing 10% with 0 violations.
    elapsed time = 00:00:01, memory = 365.64 (MB).
    Completing 20% with 0 violations.
    elapsed time = 00:00:09, memory = 372.97 (MB).
    Completing 30% with 102 violations.
    elapsed time = 00:00:11, memory = 405.29 (MB).
    Completing 40% with 102 violations.
    elapsed time = 00:00:14, memory = 438.66 (MB).
    Completing 50% with 102 violations.
    elapsed time = 00:00:17, memory = 408.66 (MB).
    Completing 60% with 211 violations.
    elapsed time = 00:00:19, memory = 439.58 (MB).
    Completing 70% with 211 violations.
    elapsed time = 00:00:23, memory = 421.72 (MB).
    Completing 80% with 335 violations.
    elapsed time = 00:00:26, memory = 462.15 (MB).
    Completing 90% with 335 violations.
    elapsed time = 00:00:27, memory = 466.60 (MB).
    Completing 100% with 421 violations.
    elapsed time = 00:00:31, memory = 440.85 (MB).
[INFO DRT-0199]   Number of violations = 558.
Viol/Layer      metal1   via1 metal2 metal3 metal4   via4 metal5
Cut Spacing          0      0      0      0      0      3      0
Metal Spacing        0      0     31      7      1      0      0
Recheck              3      0     82     48      4      0      0
Short                0      1    326     47      2      0      3
[INFO DRT-0267] cpu time = 00:01:03, elapsed time = 00:00:33, memory = 957.38 (MB), peak = 957.09 (MB)
Total wire length = 39063 um.
Total wire length on LAYER metal1 = 0 um.
Total wire length on LAYER metal2 = 14624 um.
Total wire length on LAYER metal3 = 17279 um.
Total wire length on LAYER metal4 = 4461 um.
Total wire length on LAYER metal5 = 2079 um.
Total wire length on LAYER metal6 = 619 um.
Total wire length on LAYER metal7 = 0 um.
Total wire length on LAYER metal8 = 0 um.
Total wire length on LAYER metal9 = 0 um.
Total wire length on LAYER metal10 = 0 um.
Total number of vias = 18552.
Up-via summary (total 18552):

----------------
 active        0
 metal1     8187
 metal2     8900
 metal3      988
 metal4      376
 metal5      101
 metal6        0
 metal7        0
 metal8        0
 metal9        0
----------------
       18552


[INFO DRT-0195] Start 1st optimization iteration.
    Completing 10% with 558 violations.
    elapsed time = 00:00:00, memory = 957.38 (MB).
    Completing 20% with 558 violations.
    elapsed time = 00:00:05, memory = 972.56 (MB).
    Completing 30% with 470 violations.
    elapsed time = 00:00:07, memory = 992.15 (MB).
    Completing 40% with 470 violations.
    elapsed time = 00:00:11, memory = 992.15 (MB).
    Completing 50% with 470 violations.
    elapsed time = 00:00:15, memory = 992.15 (MB).
    Completing 60% with 366 violations.
    elapsed time = 00:00:18, memory = 992.15 (MB).
    Completing 70% with 366 violations.
    elapsed time = 00:00:20, memory = 992.15 (MB).
    Completing 80% with 272 violations.
    elapsed time = 00:00:28, memory = 1007.82 (MB).
    Completing 90% with 272 violations.
    elapsed time = 00:00:30, memory = 1007.82 (MB).
    Completing 100% with 206 violations.
    elapsed time = 00:00:33, memory = 1007.82 (MB).
[INFO DRT-0199]   Number of violations = 206.
Viol/Layer      metal2   via2 metal3
Cut Spacing          0      1      0
Metal Spacing       32      0      1
Short              149      0     23
[INFO DRT-0267] cpu time = 00:00:58, elapsed time = 00:00:33, memory = 1010.82 (MB), peak = 1010.46 (MB)
Total wire length = 38710 um.
Total wire length on LAYER metal1 = 0 um.
Total wire length on LAYER metal2 = 14466 um.
Total wire length on LAYER metal3 = 17194 um.
Total wire length on LAYER metal4 = 4404 um.
Total wire length on LAYER metal5 = 2041 um.
Total wire length on LAYER metal6 = 603 um.
Total wire length on LAYER metal7 = 0 um.
Total wire length on LAYER metal8 = 0 um.
Total wire length on LAYER metal9 = 0 um.
Total wire length on LAYER metal10 = 0 um.
Total number of vias = 18385.
Up-via summary (total 18385):

----------------
 active        0
 metal1     8193
 metal2     8777
 metal3      963
 metal4      354
 metal5       98
 metal6        0
 metal7        0
 metal8        0
 metal9        0
----------------
       18385


[INFO DRT-0195] Start 2nd optimization iteration.
    Completing 10% with 206 violations.
    elapsed time = 00:00:00, memory = 1010.82 (MB).
    Completing 20% with 206 violations.
    elapsed time = 00:00:03, memory = 1010.82 (MB).
    Completing 30% with 225 violations.
    elapsed time = 00:00:05, memory = 1010.82 (MB).
    Completing 40% with 225 violations.
    elapsed time = 00:00:07, memory = 1010.82 (MB).
    Completing 50% with 225 violations.
    elapsed time = 00:00:10, memory = 1010.82 (MB).
    Completing 60% with 211 violations.
    elapsed time = 00:00:12, memory = 1010.82 (MB).
    Completing 70% with 211 violations.
    elapsed time = 00:00:15, memory = 1010.82 (MB).
    Completing 80% with 180 violations.
    elapsed time = 00:00:18, memory = 1011.56 (MB).
    Completing 90% with 180 violations.
    elapsed time = 00:00:22, memory = 1011.56 (MB).
    Completing 100% with 168 violations.
    elapsed time = 00:00:27, memory = 1011.56 (MB).
[INFO DRT-0199]   Number of violations = 168.
Viol/Layer      metal2 metal3
Metal Spacing       12      1
Short              141     14
[INFO DRT-0267] cpu time = 00:00:50, elapsed time = 00:00:27, memory = 1011.56 (MB), peak = 1011.21 (MB)
Total wire length = 38656 um.
Total wire length on LAYER metal1 = 0 um.
Total wire length on LAYER metal2 = 14414 um.
Total wire length on LAYER metal3 = 17190 um.
Total wire length on LAYER metal4 = 4413 um.
Total wire length on LAYER metal5 = 2032 um.
Total wire length on LAYER metal6 = 606 um.
Total wire length on LAYER metal7 = 0 um.
Total wire length on LAYER metal8 = 0 um.
Total wire length on LAYER metal9 = 0 um.
Total wire length on LAYER metal10 = 0 um.
Total number of vias = 18277.
Up-via summary (total 18277):

----------------
 active        0
 metal1     8195
 metal2     8677
 metal3      952
 metal4      358
 metal5       95
 metal6        0
 metal7        0
 metal8        0
 metal9        0
----------------
       18277


[INFO DRT-0195] Start 3rd optimization iteration.
    Completing 10% with 168 violations.
    elapsed time = 00:00:00, memory = 1011.56 (MB).
    Completing 20% with 168 violations.
    elapsed time = 00:00:03, memory = 1014.46 (MB).
    Completing 30% with 131 violations.
    elapsed time = 00:00:04, memory = 1014.46 (MB).
    Completing 40% with 131 violations.
    elapsed time = 00:00:04, memory = 1014.46 (MB).
    Completing 50% with 131 violations.
    elapsed time = 00:00:07, memory = 1015.61 (MB).
    Completing 60% with 99 violations.
    elapsed time = 00:00:07, memory = 1015.61 (MB).
    Completing 70% with 99 violations.
    elapsed time = 00:00:10, memory = 1015.61 (MB).
    Completing 80% with 45 violations.
    elapsed time = 00:00:12, memory = 1015.61 (MB).
    Completing 90% with 45 violations.
    elapsed time = 00:00:12, memory = 1015.61 (MB).
    Completing 100% with 0 violations.
    elapsed time = 00:00:13, memory = 1020.75 (MB).
[INFO DRT-0199]   Number of violations = 0.
[INFO DRT-0267] cpu time = 00:00:27, elapsed time = 00:00:13, memory = 1020.75 (MB), peak = 1028.34 (MB)
Total wire length = 38634 um.
Total wire length on LAYER metal1 = 0 um.
Total wire length on LAYER metal2 = 14162 um.
Total wire length on LAYER metal3 = 17205 um.
Total wire length on LAYER metal4 = 4638 um.
Total wire length on LAYER metal5 = 2028 um.
Total wire length on LAYER metal6 = 600 um.
Total wire length on LAYER metal7 = 0 um.
Total wire length on LAYER metal8 = 0 um.
Total wire length on LAYER metal9 = 0 um.
Total wire length on LAYER metal10 = 0 um.
Total number of vias = 18388.
Up-via summary (total 18388):

----------------
 active        0
 metal1     8196
 metal2     8699
 metal3     1041
 metal4      357
 metal5       95
 metal6        0
 metal7        0
 metal8        0
 metal9        0
----------------
       18388


[INFO DRT-0198] Complete detail routing.
Total wire length = 38634 um.
Total wire length on LAYER metal1 = 0 um.
Total wire length on LAYER metal2 = 14162 um.
Total wire length on LAYER metal3 = 17205 um.
Total wire length on LAYER metal4 = 4638 um.
Total wire length on LAYER metal5 = 2028 um.
Total wire length on LAYER metal6 = 600 um.
Total wire length on LAYER metal7 = 0 um.
Total wire length on LAYER metal8 = 0 um.
Total wire length on LAYER metal9 = 0 um.
Total wire length on LAYER metal10 = 0 um.
Total number of vias = 18388.
Up-via summary (total 18388):

----------------
 active        0
 metal1     8196
 metal2     8699
 metal3     1041
 metal4      357
 metal5       95
 metal6        0
 metal7        0
 metal8        0
 metal9        0
----------------
       18388


[INFO DRT-0267] cpu time = 00:03:20, elapsed time = 00:01:48, memory = 1020.81 (MB), peak = 1028.34 (MB)

[INFO DRT-0180] Post processing.
Took 119 seconds: detailed_route -output_drc /mnt/c/Users/Abhinav/OneDrive/Desktop/PACT/PACT/results/phase2c_repair_multiseed/raw/orfs/reports/nangate45/s9234f/phase2c_s17_787524e4aed6/5_route_drc.rpt -output_maze /mnt/c/Users/Abhinav/OneDrive/Desktop/PACT/PACT/results/phase2c_repair_multiseed/raw/orfs/results/nangate45/s9234f/phase2c_s17_787524e4aed6/maze.log -droute_end_iter 64 -verbose 1 -drc_report_iter_step 5
[WARNING GRT-0246] No diode with LEF class CORE ANTENNACELL found.
[INFO ANT-0002] Found 0 net violations.
[INFO ANT-0001] Found 0 pin violations.
[INFO ANT-0002] Found 0 net violations.
[INFO ANT-0001] Found 0 pin violations.
Design area 3646 um^2 36% utilization.
write_db /mnt/c/Users/Abhinav/OneDrive/Desktop/PACT/PACT/results/phase2c_repair_multiseed/raw/orfs/results/nangate45/s9234f/phase2c_s17_787524e4aed6/5_2_route.odb
Elapsed time: 2:04.90[h:]min:sec. CPU time: user 235.44 sys 2.33 (190%). Peak memory: 1053020KB.
Log                       Ext     Elapsed/s Peak Memory/MB sha1sum result [0:20)
5_2_route                 .odb          124           1028 b0390b97e8408df6f058
