
==========================================================================
cts final report_tns
--------------------------------------------------------------------------
tns max 0.00

==========================================================================
cts final report_wns
--------------------------------------------------------------------------
wns max 0.00

==========================================================================
cts final report_worst_slack
--------------------------------------------------------------------------
worst slack max 8.85

==========================================================================
cts final report_clock_min_period
--------------------------------------------------------------------------
clk period_min = 1.15 fmax = 873.07

==========================================================================
cts final report_clock_skew
--------------------------------------------------------------------------
Clock clk
   0.12 source latency U_g508/CK ^
  -0.13 target latency U_g11/CK ^
   0.00 CRPR
--------------
  -0.01 setup skew


==========================================================================
cts final report_checks -path_delay min
--------------------------------------------------------------------------
Startpoint: g561 (input port clocked by clk)
Endpoint: U_g15 (rising edge-triggered flip-flop clocked by clk)
Path Group: clk
Path Type: min

Fanout     Cap    Slew   Delay    Time   Description
-----------------------------------------------------------------------------
                          0.00    0.00   clock clk (rise edge)
                          0.00    0.00   clock network delay (propagated)
                          0.00    0.00 ^ input external delay
     1    2.01    0.00    0.00    0.00 ^ g561 (in)
                                         g561 (net)
                  0.00    0.00    0.00 ^ input26/A (BUF_X1)
     1    2.25    0.01    0.02    0.02 ^ input26/Z (BUF_X1)
                                         net26 (net)
                  0.01    0.00    0.02 ^ U_g5212/A1 (AND2_X1)
     1    4.01    0.01    0.04    0.06 ^ U_g5212/ZN (AND2_X1)
                                         g5212 (net)
                  0.01    0.00    0.06 ^ U_I8379/A1 (OR2_X1)
     1    1.01    0.01    0.02    0.08 ^ U_I8379/ZN (OR2_X1)
                                         I8379 (net)
                  0.01    0.00    0.08 ^ U_g6482/A4 (OR4_X1)
     1    5.33    0.01    0.04    0.11 ^ U_g6482/ZN (OR4_X1)
                                         g6482 (net)
                  0.01    0.00    0.11 ^ U_g15/D (SDFF_X1)
                                  0.11   data arrival time

                          0.00    0.00   clock clk (rise edge)
                          0.00    0.00   clock source latency
     1   10.26    0.00    0.00    0.00 ^ CK (in)
                                         CK (net)
                  0.00    0.00    0.00 ^ clkbuf_0_CK/A (CLKBUF_X3)
     4   13.47    0.01    0.03    0.04 ^ clkbuf_0_CK/Z (CLKBUF_X3)
                                         clknet_0_CK (net)
                  0.01    0.00    0.04 ^ clkbuf_2_0__f_CK/A (CLKBUF_X3)
    10   25.11    0.02    0.05    0.09 ^ clkbuf_2_0__f_CK/Z (CLKBUF_X3)
                                         clknet_2_0__leaf_CK (net)
                  0.02    0.00    0.09 ^ clkbuf_leaf_3_CK/A (CLKBUF_X3)
     7    9.28    0.01    0.04    0.13 ^ clkbuf_leaf_3_CK/Z (CLKBUF_X3)
                                         clknet_leaf_3_CK (net)
                  0.01    0.00    0.13 ^ U_g15/CK (SDFF_X1)
                          0.00    0.13   clock reconvergence pessimism
                         -0.01    0.11   library hold time
                                  0.11   data required time
-----------------------------------------------------------------------------
                                  0.11   data required time
                                 -0.11   data arrival time
-----------------------------------------------------------------------------
                                  0.00   slack (MET)



==========================================================================
cts final report_checks -path_delay max
--------------------------------------------------------------------------
Startpoint: U_g695 (rising edge-triggered flip-flop clocked by clk)
Endpoint: U_g127 (rising edge-triggered flip-flop clocked by clk)
Path Group: clk
Path Type: max

Fanout     Cap    Slew   Delay    Time   Description
-----------------------------------------------------------------------------
                          0.00    0.00   clock clk (rise edge)
                          0.00    0.00   clock source latency
     1   10.26    0.00    0.00    0.00 ^ CK (in)
                                         CK (net)
                  0.00    0.00    0.00 ^ clkbuf_0_CK/A (CLKBUF_X3)
     4   13.47    0.01    0.03    0.04 ^ clkbuf_0_CK/Z (CLKBUF_X3)
                                         clknet_0_CK (net)
                  0.01    0.00    0.04 ^ clkbuf_2_0__f_CK/A (CLKBUF_X3)
    10   25.11    0.02    0.05    0.09 ^ clkbuf_2_0__f_CK/Z (CLKBUF_X3)
                                         clknet_2_0__leaf_CK (net)
                  0.02    0.00    0.09 ^ clkbuf_leaf_30_CK/A (CLKBUF_X3)
     7    9.55    0.01    0.04    0.13 ^ clkbuf_leaf_30_CK/Z (CLKBUF_X3)
                                         clknet_leaf_30_CK (net)
                  0.01    0.00    0.13 ^ U_g695/CK (SDFF_X1)
    17   28.07    0.07    0.13    0.26 ^ U_g695/Q (SDFF_X1)
                                         g695 (net)
                  0.07    0.00    0.26 ^ U_g3327/A1 (AND2_X1)
     1    1.87    0.01    0.05    0.30 ^ U_g3327/ZN (AND2_X1)
                                         g3327 (net)
                  0.01    0.00    0.30 ^ U_g3933/A1 (NOR2_X1)
     1    1.21    0.00    0.01    0.31 v U_g3933/ZN (NOR2_X1)
                                         g3933 (net)
                  0.00    0.00    0.31 v U_g4177/A1 (AND2_X1)
     1    1.73    0.01    0.03    0.34 v U_g4177/ZN (AND2_X1)
                                         g4177 (net)
                  0.01    0.00    0.34 v U_g4585/A2 (NOR2_X1)
     1    1.24    0.01    0.02    0.36 ^ U_g4585/ZN (NOR2_X1)
                                         g4585 (net)
                  0.01    0.00    0.36 ^ U_g4683/A1 (AND2_X1)
     1    2.01    0.01    0.03    0.39 ^ U_g4683/ZN (AND2_X1)
                                         g4683 (net)
                  0.01    0.00    0.39 ^ U_g5093/A1 (NOR2_X1)
     1    1.05    0.00    0.01    0.40 v U_g5093/ZN (NOR2_X1)
                                         g5093 (net)
                  0.00    0.00    0.40 v U_g5169/A1 (AND2_X1)
     1    1.71    0.01    0.03    0.43 v U_g5169/ZN (AND2_X1)
                                         g5169 (net)
                  0.01    0.00    0.43 v U_g5418/A2 (NOR2_X1)
     2    3.76    0.02    0.04    0.47 ^ U_g5418/ZN (NOR2_X1)
                                         g5418 (net)
                  0.02    0.00    0.47 ^ U_I8194/A2 (NAND2_X1)
     2    3.18    0.02    0.02    0.49 v U_I8194/ZN (NAND2_X1)
                                         I8194 (net)
                  0.02    0.00    0.49 v U_I8196/A2 (NAND2_X1)
     1    1.82    0.01    0.02    0.51 ^ U_I8196/ZN (NAND2_X1)
                                         I8196 (net)
                  0.01    0.00    0.51 ^ U_g6394/A2 (NAND2_X1)
     2    2.12    0.01    0.01    0.52 v U_g6394/ZN (NAND2_X1)
                                         g6394 (net)
                  0.01    0.00    0.52 v U_g6468/A2 (AND3_X1)
     1    0.98    0.01    0.03    0.55 v U_g6468/ZN (AND3_X1)
                                         g6468 (net)
                  0.01    0.00    0.55 v U_g6545/A1 (OR2_X1)
     2    2.16    0.01    0.04    0.60 v U_g6545/ZN (OR2_X1)
                                         g6545 (net)
                  0.01    0.00    0.60 v U_g6634/A2 (AND2_X1)
     2    1.88    0.01    0.03    0.63 v U_g6634/ZN (AND2_X1)
                                         g6634 (net)
                  0.01    0.00    0.63 v U_g6670/A2 (OR4_X1)
     2    2.82    0.02    0.10    0.73 v U_g6670/ZN (OR4_X1)
                                         g6670 (net)
                  0.02    0.00    0.73 v U_g6714/A (INV_X1)
     1    0.91    0.01    0.01    0.75 ^ U_g6714/ZN (INV_X1)
                                         g6714 (net)
                  0.01    0.00    0.75 ^ U_g6737/A1 (AND3_X1)
     1    1.09    0.01    0.04    0.78 ^ U_g6737/ZN (AND3_X1)
                                         g6737 (net)
                  0.01    0.00    0.78 ^ U_g6754/A3 (OR3_X1)
     3    4.12    0.01    0.03    0.82 ^ U_g6754/ZN (OR3_X1)
                                         g6754 (net)
                  0.01    0.00    0.82 ^ U_g6774/A1 (NAND2_X1)
     2    3.28    0.01    0.02    0.83 v U_g6774/ZN (NAND2_X1)
                                         g6774 (net)
                  0.01    0.00    0.83 v U_g6846/A2 (OR2_X1)
     1    2.46    0.01    0.05    0.89 v U_g6846/ZN (OR2_X1)
                                         g6846 (net)
                  0.01    0.00    0.89 v U_g6851/A1 (AND2_X1)
     1    0.89    0.01    0.03    0.91 v U_g6851/ZN (AND2_X1)
                                         g6851 (net)
                  0.01    0.00    0.91 v U_g6855/A1 (OR2_X1)
     2    2.05    0.01    0.04    0.96 v U_g6855/ZN (OR2_X1)
                                         g6855 (net)
                  0.01    0.00    0.96 v U_g6911/A2 (AND2_X1)
     2    2.03    0.01    0.03    0.99 v U_g6911/ZN (AND2_X1)
                                         g6911 (net)
                  0.01    0.00    0.99 v U_g6917/A2 (OR2_X1)
     2    1.82    0.01    0.05    1.04 v U_g6917/ZN (OR2_X1)
                                         g6917 (net)
                  0.01    0.00    1.04 v U_g6923/A2 (AND2_X1)
     1    0.99    0.01    0.03    1.07 v U_g6923/ZN (AND2_X1)
                                         g6923 (net)
                  0.01    0.00    1.07 v U_g6926/A2 (OR2_X1)
     1    1.53    0.01    0.05    1.12 v U_g6926/ZN (OR2_X1)
                                         g6926 (net)
                  0.01    0.00    1.12 v U_g6928/A2 (NAND2_X1)
     1    1.01    0.01    0.01    1.13 ^ U_g6928/ZN (NAND2_X1)
                                         g6928 (net)
                  0.01    0.00    1.13 ^ U_g6930/A2 (OR2_X1)
     1    0.95    0.01    0.02    1.15 ^ U_g6930/ZN (OR2_X1)
                                         g6930 (net)
                  0.01    0.00    1.15 ^ U_g6935/A1 (AND2_X1)
     1    1.21    0.01    0.03    1.18 ^ U_g6935/ZN (AND2_X1)
                                         g6935 (net)
                  0.01    0.00    1.18 ^ U_g6936/A2 (OR2_X1)
     1    1.24    0.01    0.02    1.20 ^ U_g6936/ZN (OR2_X1)
                                         g6936 (net)
                  0.01    0.00    1.20 ^ U_g127/D (SDFF_X1)
                                  1.20   data arrival time

                         10.00   10.00   clock clk (rise edge)
                          0.00   10.00   clock source latency
     1   10.26    0.00    0.00   10.00 ^ CK (in)
                                         CK (net)
                  0.00    0.00   10.00 ^ clkbuf_0_CK/A (CLKBUF_X3)
     4   13.47    0.01    0.03   10.04 ^ clkbuf_0_CK/Z (CLKBUF_X3)
                                         clknet_0_CK (net)
                  0.01    0.00   10.04 ^ clkbuf_2_1__f_CK/A (CLKBUF_X3)
     8   23.38    0.02    0.05   10.08 ^ clkbuf_2_1__f_CK/Z (CLKBUF_X3)
                                         clknet_2_1__leaf_CK (net)
                  0.02    0.00   10.08 ^ clkbuf_leaf_29_CK/A (CLKBUF_X3)
     8   10.92    0.01    0.04   10.13 ^ clkbuf_leaf_29_CK/Z (CLKBUF_X3)
                                         clknet_leaf_29_CK (net)
                  0.01    0.00   10.13 ^ U_g127/CK (SDFF_X1)
                          0.00   10.13   clock reconvergence pessimism
                         -0.07   10.06   library setup time
                                 10.06   data required time
-----------------------------------------------------------------------------
                                 10.06   data required time
                                 -1.20   data arrival time
-----------------------------------------------------------------------------
                                  8.85   slack (MET)



==========================================================================
cts final report_checks -unconstrained
--------------------------------------------------------------------------
Startpoint: U_g695 (rising edge-triggered flip-flop clocked by clk)
Endpoint: U_g127 (rising edge-triggered flip-flop clocked by clk)
Path Group: clk
Path Type: max

Fanout     Cap    Slew   Delay    Time   Description
-----------------------------------------------------------------------------
                          0.00    0.00   clock clk (rise edge)
                          0.00    0.00   clock source latency
     1   10.26    0.00    0.00    0.00 ^ CK (in)
                                         CK (net)
                  0.00    0.00    0.00 ^ clkbuf_0_CK/A (CLKBUF_X3)
     4   13.47    0.01    0.03    0.04 ^ clkbuf_0_CK/Z (CLKBUF_X3)
                                         clknet_0_CK (net)
                  0.01    0.00    0.04 ^ clkbuf_2_0__f_CK/A (CLKBUF_X3)
    10   25.11    0.02    0.05    0.09 ^ clkbuf_2_0__f_CK/Z (CLKBUF_X3)
                                         clknet_2_0__leaf_CK (net)
                  0.02    0.00    0.09 ^ clkbuf_leaf_30_CK/A (CLKBUF_X3)
     7    9.55    0.01    0.04    0.13 ^ clkbuf_leaf_30_CK/Z (CLKBUF_X3)
                                         clknet_leaf_30_CK (net)
                  0.01    0.00    0.13 ^ U_g695/CK (SDFF_X1)
    17   28.07    0.07    0.13    0.26 ^ U_g695/Q (SDFF_X1)
                                         g695 (net)
                  0.07    0.00    0.26 ^ U_g3327/A1 (AND2_X1)
     1    1.87    0.01    0.05    0.30 ^ U_g3327/ZN (AND2_X1)
                                         g3327 (net)
                  0.01    0.00    0.30 ^ U_g3933/A1 (NOR2_X1)
     1    1.21    0.00    0.01    0.31 v U_g3933/ZN (NOR2_X1)
                                         g3933 (net)
                  0.00    0.00    0.31 v U_g4177/A1 (AND2_X1)
     1    1.73    0.01    0.03    0.34 v U_g4177/ZN (AND2_X1)
                                         g4177 (net)
                  0.01    0.00    0.34 v U_g4585/A2 (NOR2_X1)
     1    1.24    0.01    0.02    0.36 ^ U_g4585/ZN (NOR2_X1)
                                         g4585 (net)
                  0.01    0.00    0.36 ^ U_g4683/A1 (AND2_X1)
     1    2.01    0.01    0.03    0.39 ^ U_g4683/ZN (AND2_X1)
                                         g4683 (net)
                  0.01    0.00    0.39 ^ U_g5093/A1 (NOR2_X1)
     1    1.05    0.00    0.01    0.40 v U_g5093/ZN (NOR2_X1)
                                         g5093 (net)
                  0.00    0.00    0.40 v U_g5169/A1 (AND2_X1)
     1    1.71    0.01    0.03    0.43 v U_g5169/ZN (AND2_X1)
                                         g5169 (net)
                  0.01    0.00    0.43 v U_g5418/A2 (NOR2_X1)
     2    3.76    0.02    0.04    0.47 ^ U_g5418/ZN (NOR2_X1)
                                         g5418 (net)
                  0.02    0.00    0.47 ^ U_I8194/A2 (NAND2_X1)
     2    3.18    0.02    0.02    0.49 v U_I8194/ZN (NAND2_X1)
                                         I8194 (net)
                  0.02    0.00    0.49 v U_I8196/A2 (NAND2_X1)
     1    1.82    0.01    0.02    0.51 ^ U_I8196/ZN (NAND2_X1)
                                         I8196 (net)
                  0.01    0.00    0.51 ^ U_g6394/A2 (NAND2_X1)
     2    2.12    0.01    0.01    0.52 v U_g6394/ZN (NAND2_X1)
                                         g6394 (net)
                  0.01    0.00    0.52 v U_g6468/A2 (AND3_X1)
     1    0.98    0.01    0.03    0.55 v U_g6468/ZN (AND3_X1)
                                         g6468 (net)
                  0.01    0.00    0.55 v U_g6545/A1 (OR2_X1)
     2    2.16    0.01    0.04    0.60 v U_g6545/ZN (OR2_X1)
                                         g6545 (net)
                  0.01    0.00    0.60 v U_g6634/A2 (AND2_X1)
     2    1.88    0.01    0.03    0.63 v U_g6634/ZN (AND2_X1)
                                         g6634 (net)
                  0.01    0.00    0.63 v U_g6670/A2 (OR4_X1)
     2    2.82    0.02    0.10    0.73 v U_g6670/ZN (OR4_X1)
                                         g6670 (net)
                  0.02    0.00    0.73 v U_g6714/A (INV_X1)
     1    0.91    0.01    0.01    0.75 ^ U_g6714/ZN (INV_X1)
                                         g6714 (net)
                  0.01    0.00    0.75 ^ U_g6737/A1 (AND3_X1)
     1    1.09    0.01    0.04    0.78 ^ U_g6737/ZN (AND3_X1)
                                         g6737 (net)
                  0.01    0.00    0.78 ^ U_g6754/A3 (OR3_X1)
     3    4.12    0.01    0.03    0.82 ^ U_g6754/ZN (OR3_X1)
                                         g6754 (net)
                  0.01    0.00    0.82 ^ U_g6774/A1 (NAND2_X1)
     2    3.28    0.01    0.02    0.83 v U_g6774/ZN (NAND2_X1)
                                         g6774 (net)
                  0.01    0.00    0.83 v U_g6846/A2 (OR2_X1)
     1    2.46    0.01    0.05    0.89 v U_g6846/ZN (OR2_X1)
                                         g6846 (net)
                  0.01    0.00    0.89 v U_g6851/A1 (AND2_X1)
     1    0.89    0.01    0.03    0.91 v U_g6851/ZN (AND2_X1)
                                         g6851 (net)
                  0.01    0.00    0.91 v U_g6855/A1 (OR2_X1)
     2    2.05    0.01    0.04    0.96 v U_g6855/ZN (OR2_X1)
                                         g6855 (net)
                  0.01    0.00    0.96 v U_g6911/A2 (AND2_X1)
     2    2.03    0.01    0.03    0.99 v U_g6911/ZN (AND2_X1)
                                         g6911 (net)
                  0.01    0.00    0.99 v U_g6917/A2 (OR2_X1)
     2    1.82    0.01    0.05    1.04 v U_g6917/ZN (OR2_X1)
                                         g6917 (net)
                  0.01    0.00    1.04 v U_g6923/A2 (AND2_X1)
     1    0.99    0.01    0.03    1.07 v U_g6923/ZN (AND2_X1)
                                         g6923 (net)
                  0.01    0.00    1.07 v U_g6926/A2 (OR2_X1)
     1    1.53    0.01    0.05    1.12 v U_g6926/ZN (OR2_X1)
                                         g6926 (net)
                  0.01    0.00    1.12 v U_g6928/A2 (NAND2_X1)
     1    1.01    0.01    0.01    1.13 ^ U_g6928/ZN (NAND2_X1)
                                         g6928 (net)
                  0.01    0.00    1.13 ^ U_g6930/A2 (OR2_X1)
     1    0.95    0.01    0.02    1.15 ^ U_g6930/ZN (OR2_X1)
                                         g6930 (net)
                  0.01    0.00    1.15 ^ U_g6935/A1 (AND2_X1)
     1    1.21    0.01    0.03    1.18 ^ U_g6935/ZN (AND2_X1)
                                         g6935 (net)
                  0.01    0.00    1.18 ^ U_g6936/A2 (OR2_X1)
     1    1.24    0.01    0.02    1.20 ^ U_g6936/ZN (OR2_X1)
                                         g6936 (net)
                  0.01    0.00    1.20 ^ U_g127/D (SDFF_X1)
                                  1.20   data arrival time

                         10.00   10.00   clock clk (rise edge)
                          0.00   10.00   clock source latency
     1   10.26    0.00    0.00   10.00 ^ CK (in)
                                         CK (net)
                  0.00    0.00   10.00 ^ clkbuf_0_CK/A (CLKBUF_X3)
     4   13.47    0.01    0.03   10.04 ^ clkbuf_0_CK/Z (CLKBUF_X3)
                                         clknet_0_CK (net)
                  0.01    0.00   10.04 ^ clkbuf_2_1__f_CK/A (CLKBUF_X3)
     8   23.38    0.02    0.05   10.08 ^ clkbuf_2_1__f_CK/Z (CLKBUF_X3)
                                         clknet_2_1__leaf_CK (net)
                  0.02    0.00   10.08 ^ clkbuf_leaf_29_CK/A (CLKBUF_X3)
     8   10.92    0.01    0.04   10.13 ^ clkbuf_leaf_29_CK/Z (CLKBUF_X3)
                                         clknet_leaf_29_CK (net)
                  0.01    0.00   10.13 ^ U_g127/CK (SDFF_X1)
                          0.00   10.13   clock reconvergence pessimism
                         -0.07   10.06   library setup time
                                 10.06   data required time
-----------------------------------------------------------------------------
                                 10.06   data required time
                                 -1.20   data arrival time
-----------------------------------------------------------------------------
                                  8.85   slack (MET)



==========================================================================
cts final report_check_types -max_slew -max_cap -max_fanout -violators
--------------------------------------------------------------------------

==========================================================================
cts final max_slew_check_slack
--------------------------------------------------------------------------
0.08114256709814072

==========================================================================
cts final max_slew_check_limit
--------------------------------------------------------------------------
0.1985349953174591

==========================================================================
cts final max_slew_check_slack_limit
--------------------------------------------------------------------------
0.4087

==========================================================================
cts final max_fanout_check_slack
--------------------------------------------------------------------------
1.0000000150474662e+30

==========================================================================
cts final max_fanout_check_limit
--------------------------------------------------------------------------
1.0000000150474662e+30

==========================================================================
cts final max_capacitance_check_slack
--------------------------------------------------------------------------
0.9128084182739258

==========================================================================
cts final max_capacitance_check_limit
--------------------------------------------------------------------------
16.021699905395508

==========================================================================
cts final max_capacitance_check_slack_limit
--------------------------------------------------------------------------
0.0570

==========================================================================
cts final max_slew_violation_count
--------------------------------------------------------------------------
max slew violation count 0

==========================================================================
cts final max_fanout_violation_count
--------------------------------------------------------------------------
max fanout violation count 0

==========================================================================
cts final max_cap_violation_count
--------------------------------------------------------------------------
max cap violation count 0

==========================================================================
cts final setup_violation_count
--------------------------------------------------------------------------
setup violation count 0

==========================================================================
cts final hold_violation_count
--------------------------------------------------------------------------
hold violation count 0

==========================================================================
cts final report_checks -path_delay max reg to reg
--------------------------------------------------------------------------
Startpoint: U_g695 (rising edge-triggered flip-flop clocked by clk)
Endpoint: U_g127 (rising edge-triggered flip-flop clocked by clk)
Path Group: clk
Path Type: max

  Delay    Time   Description
---------------------------------------------------------
   0.00    0.00   clock clk (rise edge)
   0.00    0.00   clock source latency
   0.00    0.00 ^ CK (in)
   0.04    0.04 ^ clkbuf_0_CK/Z (CLKBUF_X3)
   0.05    0.09 ^ clkbuf_2_0__f_CK/Z (CLKBUF_X3)
   0.04    0.13 ^ clkbuf_leaf_30_CK/Z (CLKBUF_X3)
   0.00    0.13 ^ U_g695/CK (SDFF_X1)
   0.13    0.26 ^ U_g695/Q (SDFF_X1)
   0.05    0.30 ^ U_g3327/ZN (AND2_X1)
   0.01    0.31 v U_g3933/ZN (NOR2_X1)
   0.03    0.34 v U_g4177/ZN (AND2_X1)
   0.02    0.36 ^ U_g4585/ZN (NOR2_X1)
   0.03    0.39 ^ U_g4683/ZN (AND2_X1)
   0.01    0.40 v U_g5093/ZN (NOR2_X1)
   0.03    0.43 v U_g5169/ZN (AND2_X1)
   0.04    0.47 ^ U_g5418/ZN (NOR2_X1)
   0.02    0.49 v U_I8194/ZN (NAND2_X1)
   0.02    0.51 ^ U_I8196/ZN (NAND2_X1)
   0.01    0.52 v U_g6394/ZN (NAND2_X1)
   0.03    0.55 v U_g6468/ZN (AND3_X1)
   0.04    0.60 v U_g6545/ZN (OR2_X1)
   0.03    0.63 v U_g6634/ZN (AND2_X1)
   0.10    0.73 v U_g6670/ZN (OR4_X1)
   0.01    0.75 ^ U_g6714/ZN (INV_X1)
   0.04    0.78 ^ U_g6737/ZN (AND3_X1)
   0.03    0.82 ^ U_g6754/ZN (OR3_X1)
   0.02    0.83 v U_g6774/ZN (NAND2_X1)
   0.05    0.89 v U_g6846/ZN (OR2_X1)
   0.03    0.91 v U_g6851/ZN (AND2_X1)
   0.04    0.96 v U_g6855/ZN (OR2_X1)
   0.03    0.99 v U_g6911/ZN (AND2_X1)
   0.05    1.04 v U_g6917/ZN (OR2_X1)
   0.03    1.07 v U_g6923/ZN (AND2_X1)
   0.05    1.12 v U_g6926/ZN (OR2_X1)
   0.01    1.13 ^ U_g6928/ZN (NAND2_X1)
   0.02    1.15 ^ U_g6930/ZN (OR2_X1)
   0.03    1.18 ^ U_g6935/ZN (AND2_X1)
   0.02    1.20 ^ U_g6936/ZN (OR2_X1)
   0.00    1.20 ^ U_g127/D (SDFF_X1)
           1.20   data arrival time

  10.00   10.00   clock clk (rise edge)
   0.00   10.00   clock source latency
   0.00   10.00 ^ CK (in)
   0.04   10.04 ^ clkbuf_0_CK/Z (CLKBUF_X3)
   0.05   10.08 ^ clkbuf_2_1__f_CK/Z (CLKBUF_X3)
   0.04   10.13 ^ clkbuf_leaf_29_CK/Z (CLKBUF_X3)
   0.00   10.13 ^ U_g127/CK (SDFF_X1)
   0.00   10.13   clock reconvergence pessimism
  -0.07   10.06   library setup time
          10.06   data required time
---------------------------------------------------------
          10.06   data required time
          -1.20   data arrival time
---------------------------------------------------------
           8.85   slack (MET)



==========================================================================
cts final report_checks -path_delay min reg to reg
--------------------------------------------------------------------------
Startpoint: U_g118 (rising edge-triggered flip-flop clocked by clk)
Endpoint: U_g15 (rising edge-triggered flip-flop clocked by clk)
Path Group: clk
Path Type: min

  Delay    Time   Description
---------------------------------------------------------
   0.00    0.00   clock clk (rise edge)
   0.00    0.00   clock source latency
   0.00    0.00 ^ CK (in)
   0.04    0.04 ^ clkbuf_0_CK/Z (CLKBUF_X3)
   0.05    0.09 ^ clkbuf_2_0__f_CK/Z (CLKBUF_X3)
   0.04    0.13 ^ clkbuf_leaf_0_CK/Z (CLKBUF_X3)
   0.00    0.13 ^ U_g118/CK (SDFF_X1)
   0.07    0.20 ^ U_g118/Q (SDFF_X1)
   0.00    0.20 ^ U_g15/SI (SDFF_X1)
           0.20   data arrival time

   0.00    0.00   clock clk (rise edge)
   0.00    0.00   clock source latency
   0.00    0.00 ^ CK (in)
   0.04    0.04 ^ clkbuf_0_CK/Z (CLKBUF_X3)
   0.05    0.09 ^ clkbuf_2_0__f_CK/Z (CLKBUF_X3)
   0.04    0.13 ^ clkbuf_leaf_3_CK/Z (CLKBUF_X3)
   0.00    0.13 ^ U_g15/CK (SDFF_X1)
   0.00    0.13   clock reconvergence pessimism
  -0.01    0.11   library hold time
           0.11   data required time
---------------------------------------------------------
           0.11   data required time
          -0.20   data arrival time
---------------------------------------------------------
           0.08   slack (MET)



==========================================================================
cts final critical path target clock latency max path
--------------------------------------------------------------------------
0.1260

==========================================================================
cts final critical path target clock latency min path
--------------------------------------------------------------------------
0.1259

==========================================================================
cts final critical path source clock latency min path
--------------------------------------------------------------------------
0.0000

==========================================================================
cts final critical path delay
--------------------------------------------------------------------------
1.2022

==========================================================================
cts final critical path slack
--------------------------------------------------------------------------
8.8546

==========================================================================
cts final slack div critical path delay
--------------------------------------------------------------------------
736.533023

==========================================================================
cts final report_power
--------------------------------------------------------------------------
Group                  Internal  Switching    Leakage      Total
                          Power      Power      Power      Power (Watts)
----------------------------------------------------------------
Sequential             2.48e-04   1.11e-04   2.09e-05   3.80e-04  37.3%
Combinational          2.82e-04   1.99e-04   5.37e-05   5.35e-04  52.5%
Clock                  4.86e-05   5.41e-05   1.65e-06   1.04e-04  10.2%
Macro                  0.00e+00   0.00e+00   0.00e+00   0.00e+00   0.0%
Pad                    0.00e+00   0.00e+00   0.00e+00   0.00e+00   0.0%
----------------------------------------------------------------
Total                  5.78e-04   3.64e-04   7.63e-05   1.02e-03 100.0%
                          56.7%      35.8%       7.5%
