
==========================================================================
floorplan final report_tns
--------------------------------------------------------------------------
tns max 0.00

==========================================================================
floorplan final report_wns
--------------------------------------------------------------------------
wns max 0.00

==========================================================================
floorplan final report_worst_slack
--------------------------------------------------------------------------
worst slack max 9.29

==========================================================================
floorplan final report_clock_min_period
--------------------------------------------------------------------------
clk period_min = 0.71 fmax = 1403.45

==========================================================================
floorplan final report_checks -path_delay min
--------------------------------------------------------------------------
Startpoint: n3073gat (input port clocked by clk)
Endpoint: U_n1026gat (rising edge-triggered flip-flop clocked by clk)
Path Group: clk
Path Type: min

Fanout     Cap    Slew   Delay    Time   Description
-----------------------------------------------------------------------------
                  0.00    0.00    0.00   clock clk (rise edge)
                          0.00    0.00   clock network delay (ideal)
                          0.00    0.00 ^ input external delay
     3    3.94    0.00    0.00    0.00 ^ n3073gat (in)
                                         n3073gat (net)
                  0.00    0.00    0.00 ^ U_n1026gat/D (SDFF_X1)
                                  0.00   data arrival time

                  0.00    0.00    0.00   clock clk (rise edge)
                          0.00    0.00   clock network delay (ideal)
                          0.00    0.00   clock reconvergence pessimism
                                  0.00 ^ U_n1026gat/CK (SDFF_X1)
                         -0.01   -0.01   library hold time
                                 -0.01   data required time
-----------------------------------------------------------------------------
                                 -0.01   data required time
                                 -0.00   data arrival time
-----------------------------------------------------------------------------
                                  0.01   slack (MET)



==========================================================================
floorplan final report_checks -path_delay max
--------------------------------------------------------------------------
Startpoint: U_n318gat (rising edge-triggered flip-flop clocked by clk)
Endpoint: U_n2309gat (rising edge-triggered flip-flop clocked by clk)
Path Group: clk
Path Type: max

Fanout     Cap    Slew   Delay    Time   Description
-----------------------------------------------------------------------------
                  0.00    0.00    0.00   clock clk (rise edge)
                          0.00    0.00   clock network delay (ideal)
                  0.00    0.00    0.00 ^ U_n318gat/CK (SDFF_X1)
     6    8.36    0.02    0.08    0.08 v U_n318gat/Q (SDFF_X1)
                                         n318gat (net)
                  0.02    0.00    0.08 v U_I2153/A (INV_X1)
     2    3.33    0.01    0.02    0.10 ^ U_I2153/ZN (INV_X1)
                                         I2153 (net)
                  0.01    0.00    0.10 ^ U_n225gat/A2 (NOR3_X1)
     1    0.89    0.01    0.01    0.11 v U_n225gat/ZN (NOR3_X1)
                                         n225gat (net)
                  0.01    0.00    0.11 v U_n221gat/A4 (OR4_X1)
     3    4.65    0.02    0.12    0.23 v U_n221gat/ZN (OR4_X1)
                                         n221gat (net)
                  0.02    0.00    0.23 v U_n34gat/A (INV_X1)
     2    3.23    0.01    0.02    0.26 ^ U_n34gat/ZN (INV_X1)
                                         n34gat (net)
                  0.01    0.00    0.26 ^ U_n124gat/A3 (NOR3_X1)
     1    0.89    0.01    0.01    0.27 v U_n124gat/ZN (NOR3_X1)
                                         n124gat (net)
                  0.01    0.00    0.27 v U_n120gat/A4 (OR4_X1)
     3    4.53    0.02    0.12    0.39 v U_n120gat/ZN (OR4_X1)
                                         n120gat (net)
                  0.02    0.00    0.39 v U_n1601gat/A (INV_X1)
     3    5.08    0.02    0.03    0.42 ^ U_n1601gat/ZN (INV_X1)
                                         n1601gat (net)
                  0.02    0.00    0.42 ^ U_n2421gat/A1 (NOR2_X1)
     1    0.90    0.01    0.01    0.43 v U_n2421gat/ZN (NOR2_X1)
                                         n2421gat (net)
                  0.01    0.00    0.43 v U_n3013gat/A2 (OR2_X1)
     1    1.55    0.01    0.05    0.48 v U_n3013gat/ZN (OR2_X1)
                                         n3013gat (net)
                  0.01    0.00    0.48 v U_n2422gat/A (INV_X1)
     1    1.65    0.01    0.01    0.49 ^ U_n2422gat/ZN (INV_X1)
                                         n2422gat (net)
                  0.01    0.00    0.49 ^ U_n1598gat/A2 (NOR2_X1)
     1    1.40    0.00    0.01    0.50 v U_n1598gat/ZN (NOR2_X1)
                                         n1598gat (net)
                  0.00    0.00    0.50 v U_n1154gat/A1 (NOR3_X1)
     1    1.71    0.03    0.03    0.53 ^ U_n1154gat/ZN (NOR3_X1)
                                         n1154gat (net)
                  0.03    0.00    0.53 ^ U_n1411gat/A1 (NOR2_X1)
     1    1.40    0.01    0.01    0.54 v U_n1411gat/ZN (NOR2_X1)
                                         n1411gat (net)
                  0.01    0.00    0.54 v U_n1412gat/A1 (NOR3_X1)
     2    2.64    0.03    0.04    0.58 ^ U_n1412gat/ZN (NOR3_X1)
                                         n1412gat (net)
                  0.03    0.00    0.58 ^ U_n2158gat/A (INV_X1)
     3    2.38    0.01    0.01    0.59 v U_n2158gat/ZN (INV_X1)
                                         n2158gat (net)
                  0.01    0.00    0.59 v U_n3000gat/A1 (OR2_X1)
     1    1.07    0.01    0.04    0.63 v U_n3000gat/ZN (OR2_X1)
                                         n3000gat (net)
                  0.01    0.00    0.63 v U_n2309gat/D (SDFF_X1)
                                  0.63   data arrival time

                  0.00   10.00   10.00   clock clk (rise edge)
                          0.00   10.00   clock network delay (ideal)
                          0.00   10.00   clock reconvergence pessimism
                                 10.00 ^ U_n2309gat/CK (SDFF_X1)
                         -0.08    9.92   library setup time
                                  9.92   data required time
-----------------------------------------------------------------------------
                                  9.92   data required time
                                 -0.63   data arrival time
-----------------------------------------------------------------------------
                                  9.29   slack (MET)



==========================================================================
floorplan final report_checks -unconstrained
--------------------------------------------------------------------------
Startpoint: U_n318gat (rising edge-triggered flip-flop clocked by clk)
Endpoint: U_n2309gat (rising edge-triggered flip-flop clocked by clk)
Path Group: clk
Path Type: max

Fanout     Cap    Slew   Delay    Time   Description
-----------------------------------------------------------------------------
                  0.00    0.00    0.00   clock clk (rise edge)
                          0.00    0.00   clock network delay (ideal)
                  0.00    0.00    0.00 ^ U_n318gat/CK (SDFF_X1)
     6    8.36    0.02    0.08    0.08 v U_n318gat/Q (SDFF_X1)
                                         n318gat (net)
                  0.02    0.00    0.08 v U_I2153/A (INV_X1)
     2    3.33    0.01    0.02    0.10 ^ U_I2153/ZN (INV_X1)
                                         I2153 (net)
                  0.01    0.00    0.10 ^ U_n225gat/A2 (NOR3_X1)
     1    0.89    0.01    0.01    0.11 v U_n225gat/ZN (NOR3_X1)
                                         n225gat (net)
                  0.01    0.00    0.11 v U_n221gat/A4 (OR4_X1)
     3    4.65    0.02    0.12    0.23 v U_n221gat/ZN (OR4_X1)
                                         n221gat (net)
                  0.02    0.00    0.23 v U_n34gat/A (INV_X1)
     2    3.23    0.01    0.02    0.26 ^ U_n34gat/ZN (INV_X1)
                                         n34gat (net)
                  0.01    0.00    0.26 ^ U_n124gat/A3 (NOR3_X1)
     1    0.89    0.01    0.01    0.27 v U_n124gat/ZN (NOR3_X1)
                                         n124gat (net)
                  0.01    0.00    0.27 v U_n120gat/A4 (OR4_X1)
     3    4.53    0.02    0.12    0.39 v U_n120gat/ZN (OR4_X1)
                                         n120gat (net)
                  0.02    0.00    0.39 v U_n1601gat/A (INV_X1)
     3    5.08    0.02    0.03    0.42 ^ U_n1601gat/ZN (INV_X1)
                                         n1601gat (net)
                  0.02    0.00    0.42 ^ U_n2421gat/A1 (NOR2_X1)
     1    0.90    0.01    0.01    0.43 v U_n2421gat/ZN (NOR2_X1)
                                         n2421gat (net)
                  0.01    0.00    0.43 v U_n3013gat/A2 (OR2_X1)
     1    1.55    0.01    0.05    0.48 v U_n3013gat/ZN (OR2_X1)
                                         n3013gat (net)
                  0.01    0.00    0.48 v U_n2422gat/A (INV_X1)
     1    1.65    0.01    0.01    0.49 ^ U_n2422gat/ZN (INV_X1)
                                         n2422gat (net)
                  0.01    0.00    0.49 ^ U_n1598gat/A2 (NOR2_X1)
     1    1.40    0.00    0.01    0.50 v U_n1598gat/ZN (NOR2_X1)
                                         n1598gat (net)
                  0.00    0.00    0.50 v U_n1154gat/A1 (NOR3_X1)
     1    1.71    0.03    0.03    0.53 ^ U_n1154gat/ZN (NOR3_X1)
                                         n1154gat (net)
                  0.03    0.00    0.53 ^ U_n1411gat/A1 (NOR2_X1)
     1    1.40    0.01    0.01    0.54 v U_n1411gat/ZN (NOR2_X1)
                                         n1411gat (net)
                  0.01    0.00    0.54 v U_n1412gat/A1 (NOR3_X1)
     2    2.64    0.03    0.04    0.58 ^ U_n1412gat/ZN (NOR3_X1)
                                         n1412gat (net)
                  0.03    0.00    0.58 ^ U_n2158gat/A (INV_X1)
     3    2.38    0.01    0.01    0.59 v U_n2158gat/ZN (INV_X1)
                                         n2158gat (net)
                  0.01    0.00    0.59 v U_n3000gat/A1 (OR2_X1)
     1    1.07    0.01    0.04    0.63 v U_n3000gat/ZN (OR2_X1)
                                         n3000gat (net)
                  0.01    0.00    0.63 v U_n2309gat/D (SDFF_X1)
                                  0.63   data arrival time

                  0.00   10.00   10.00   clock clk (rise edge)
                          0.00   10.00   clock network delay (ideal)
                          0.00   10.00   clock reconvergence pessimism
                                 10.00 ^ U_n2309gat/CK (SDFF_X1)
                         -0.08    9.92   library setup time
                                  9.92   data required time
-----------------------------------------------------------------------------
                                  9.92   data required time
                                 -0.63   data arrival time
-----------------------------------------------------------------------------
                                  9.29   slack (MET)



==========================================================================
floorplan final report_power
--------------------------------------------------------------------------
Group                  Internal  Switching    Leakage      Total
                          Power      Power      Power      Power (Watts)
----------------------------------------------------------------
Sequential             1.51e-04   2.34e-05   1.76e-05   1.92e-04  53.6%
Combinational          7.04e-05   5.96e-05   3.61e-05   1.66e-04  46.4%
Clock                  0.00e+00   0.00e+00   0.00e+00   0.00e+00   0.0%
Macro                  0.00e+00   0.00e+00   0.00e+00   0.00e+00   0.0%
Pad                    0.00e+00   0.00e+00   0.00e+00   0.00e+00   0.0%
----------------------------------------------------------------
Total                  2.21e-04   8.30e-05   5.37e-05   3.58e-04 100.0%
                          61.8%      23.2%      15.0%
