
==========================================================================
detailed place report_tns
--------------------------------------------------------------------------
tns max 0.00

==========================================================================
detailed place report_wns
--------------------------------------------------------------------------
wns max 0.00

==========================================================================
detailed place report_worst_slack
--------------------------------------------------------------------------
worst slack max 9.25

==========================================================================
detailed place report_clock_min_period
--------------------------------------------------------------------------
clk period_min = 0.75 fmax = 1332.18

==========================================================================
detailed place report_checks -path_delay min
--------------------------------------------------------------------------
Startpoint: test_si (input port clocked by clk)
Endpoint: U_n673gat (rising edge-triggered flip-flop clocked by clk)
Path Group: clk
Path Type: min

Fanout     Cap    Slew   Delay    Time   Description
-----------------------------------------------------------------------------
                  0.00    0.00    0.00   clock clk (rise edge)
                          0.00    0.00   clock network delay (ideal)
                          0.00    0.00 ^ input external delay
     1    1.95    0.00    0.00    0.00 ^ test_si (in)
                                         test_si (net)
                  0.00    0.00    0.00 ^ input37/A (BUF_X1)
     1    1.31    0.01    0.02    0.02 ^ input37/Z (BUF_X1)
                                         net37 (net)
                  0.01    0.00    0.02 ^ U_n673gat/SI (SDFF_X1)
                                  0.02   data arrival time

                  0.00    0.00    0.00   clock clk (rise edge)
                          0.00    0.00   clock network delay (ideal)
                          0.00    0.00   clock reconvergence pessimism
                                  0.00 ^ U_n673gat/CK (SDFF_X1)
                         -0.01   -0.01   library hold time
                                 -0.01   data required time
-----------------------------------------------------------------------------
                                 -0.01   data required time
                                 -0.02   data arrival time
-----------------------------------------------------------------------------
                                  0.03   slack (MET)



==========================================================================
detailed place report_checks -path_delay max
--------------------------------------------------------------------------
Startpoint: U_n318gat (rising edge-triggered flip-flop clocked by clk)
Endpoint: U_n2309gat (rising edge-triggered flip-flop clocked by clk)
Path Group: clk
Path Type: max

Fanout     Cap    Slew   Delay    Time   Description
-----------------------------------------------------------------------------
                  0.00    0.00    0.00   clock clk (rise edge)
                          0.00    0.00   clock network delay (ideal)
                  0.00    0.00    0.00 ^ U_n318gat/CK (SDFF_X1)
     6    9.83    0.02    0.08    0.08 v U_n318gat/Q (SDFF_X1)
                                         n318gat (net)
                  0.02    0.00    0.08 v U_I2153/A (INV_X1)
     2    3.63    0.01    0.02    0.10 ^ U_I2153/ZN (INV_X1)
                                         I2153 (net)
                  0.01    0.00    0.10 ^ U_n225gat/A2 (NOR3_X1)
     1    0.99    0.01    0.01    0.11 v U_n225gat/ZN (NOR3_X1)
                                         n225gat (net)
                  0.01    0.00    0.11 v U_n221gat/A4 (OR4_X1)
     3    5.58    0.02    0.13    0.24 v U_n221gat/ZN (OR4_X1)
                                         n221gat (net)
                  0.02    0.00    0.24 v U_n34gat/A (INV_X1)
     2    3.48    0.01    0.02    0.26 ^ U_n34gat/ZN (INV_X1)
                                         n34gat (net)
                  0.01    0.00    0.26 ^ U_n124gat/A3 (NOR3_X1)
     1    0.99    0.01    0.01    0.28 v U_n124gat/ZN (NOR3_X1)
                                         n124gat (net)
                  0.01    0.00    0.28 v U_n120gat/A4 (OR4_X1)
     3    5.11    0.02    0.13    0.40 v U_n120gat/ZN (OR4_X1)
                                         n120gat (net)
                  0.02    0.00    0.40 v U_n1601gat/A (INV_X1)
     3    5.84    0.02    0.03    0.43 ^ U_n1601gat/ZN (INV_X1)
                                         n1601gat (net)
                  0.02    0.00    0.43 ^ U_n2421gat/A1 (NOR2_X1)
     1    0.99    0.01    0.01    0.44 v U_n2421gat/ZN (NOR2_X1)
                                         n2421gat (net)
                  0.01    0.00    0.44 v U_n3013gat/A2 (OR2_X1)
     1    1.64    0.01    0.05    0.49 v U_n3013gat/ZN (OR2_X1)
                                         n3013gat (net)
                  0.01    0.00    0.49 v U_n2422gat/A (INV_X1)
     1    1.85    0.01    0.01    0.50 ^ U_n2422gat/ZN (INV_X1)
                                         n2422gat (net)
                  0.01    0.00    0.50 ^ U_n1598gat/A2 (NOR2_X1)
     1    1.50    0.00    0.01    0.51 v U_n1598gat/ZN (NOR2_X1)
                                         n1598gat (net)
                  0.00    0.00    0.51 v U_n1154gat/A1 (NOR3_X1)
     1    4.03    0.04    0.05    0.56 ^ U_n1154gat/ZN (NOR3_X1)
                                         n1154gat (net)
                  0.04    0.00    0.56 ^ U_n1411gat/A1 (NOR2_X1)
     1    1.50    0.01    0.01    0.57 v U_n1411gat/ZN (NOR2_X1)
                                         n1411gat (net)
                  0.01    0.00    0.57 v U_n1412gat/A1 (NOR3_X1)
     2    2.86    0.03    0.04    0.62 ^ U_n1412gat/ZN (NOR3_X1)
                                         n1412gat (net)
                  0.03    0.00    0.62 ^ U_n2158gat/A (INV_X1)
     3    2.83    0.01    0.01    0.63 v U_n2158gat/ZN (INV_X1)
                                         n2158gat (net)
                  0.01    0.00    0.63 v U_n3000gat/A1 (OR2_X1)
     1    1.19    0.01    0.04    0.67 v U_n3000gat/ZN (OR2_X1)
                                         n3000gat (net)
                  0.01    0.00    0.67 v U_n2309gat/D (SDFF_X1)
                                  0.67   data arrival time

                  0.00   10.00   10.00   clock clk (rise edge)
                          0.00   10.00   clock network delay (ideal)
                          0.00   10.00   clock reconvergence pessimism
                                 10.00 ^ U_n2309gat/CK (SDFF_X1)
                         -0.08    9.92   library setup time
                                  9.92   data required time
-----------------------------------------------------------------------------
                                  9.92   data required time
                                 -0.67   data arrival time
-----------------------------------------------------------------------------
                                  9.25   slack (MET)



==========================================================================
detailed place report_checks -unconstrained
--------------------------------------------------------------------------
Startpoint: U_n318gat (rising edge-triggered flip-flop clocked by clk)
Endpoint: U_n2309gat (rising edge-triggered flip-flop clocked by clk)
Path Group: clk
Path Type: max

Fanout     Cap    Slew   Delay    Time   Description
-----------------------------------------------------------------------------
                  0.00    0.00    0.00   clock clk (rise edge)
                          0.00    0.00   clock network delay (ideal)
                  0.00    0.00    0.00 ^ U_n318gat/CK (SDFF_X1)
     6    9.83    0.02    0.08    0.08 v U_n318gat/Q (SDFF_X1)
                                         n318gat (net)
                  0.02    0.00    0.08 v U_I2153/A (INV_X1)
     2    3.63    0.01    0.02    0.10 ^ U_I2153/ZN (INV_X1)
                                         I2153 (net)
                  0.01    0.00    0.10 ^ U_n225gat/A2 (NOR3_X1)
     1    0.99    0.01    0.01    0.11 v U_n225gat/ZN (NOR3_X1)
                                         n225gat (net)
                  0.01    0.00    0.11 v U_n221gat/A4 (OR4_X1)
     3    5.58    0.02    0.13    0.24 v U_n221gat/ZN (OR4_X1)
                                         n221gat (net)
                  0.02    0.00    0.24 v U_n34gat/A (INV_X1)
     2    3.48    0.01    0.02    0.26 ^ U_n34gat/ZN (INV_X1)
                                         n34gat (net)
                  0.01    0.00    0.26 ^ U_n124gat/A3 (NOR3_X1)
     1    0.99    0.01    0.01    0.28 v U_n124gat/ZN (NOR3_X1)
                                         n124gat (net)
                  0.01    0.00    0.28 v U_n120gat/A4 (OR4_X1)
     3    5.11    0.02    0.13    0.40 v U_n120gat/ZN (OR4_X1)
                                         n120gat (net)
                  0.02    0.00    0.40 v U_n1601gat/A (INV_X1)
     3    5.84    0.02    0.03    0.43 ^ U_n1601gat/ZN (INV_X1)
                                         n1601gat (net)
                  0.02    0.00    0.43 ^ U_n2421gat/A1 (NOR2_X1)
     1    0.99    0.01    0.01    0.44 v U_n2421gat/ZN (NOR2_X1)
                                         n2421gat (net)
                  0.01    0.00    0.44 v U_n3013gat/A2 (OR2_X1)
     1    1.64    0.01    0.05    0.49 v U_n3013gat/ZN (OR2_X1)
                                         n3013gat (net)
                  0.01    0.00    0.49 v U_n2422gat/A (INV_X1)
     1    1.85    0.01    0.01    0.50 ^ U_n2422gat/ZN (INV_X1)
                                         n2422gat (net)
                  0.01    0.00    0.50 ^ U_n1598gat/A2 (NOR2_X1)
     1    1.50    0.00    0.01    0.51 v U_n1598gat/ZN (NOR2_X1)
                                         n1598gat (net)
                  0.00    0.00    0.51 v U_n1154gat/A1 (NOR3_X1)
     1    4.03    0.04    0.05    0.56 ^ U_n1154gat/ZN (NOR3_X1)
                                         n1154gat (net)
                  0.04    0.00    0.56 ^ U_n1411gat/A1 (NOR2_X1)
     1    1.50    0.01    0.01    0.57 v U_n1411gat/ZN (NOR2_X1)
                                         n1411gat (net)
                  0.01    0.00    0.57 v U_n1412gat/A1 (NOR3_X1)
     2    2.86    0.03    0.04    0.62 ^ U_n1412gat/ZN (NOR3_X1)
                                         n1412gat (net)
                  0.03    0.00    0.62 ^ U_n2158gat/A (INV_X1)
     3    2.83    0.01    0.01    0.63 v U_n2158gat/ZN (INV_X1)
                                         n2158gat (net)
                  0.01    0.00    0.63 v U_n3000gat/A1 (OR2_X1)
     1    1.19    0.01    0.04    0.67 v U_n3000gat/ZN (OR2_X1)
                                         n3000gat (net)
                  0.01    0.00    0.67 v U_n2309gat/D (SDFF_X1)
                                  0.67   data arrival time

                  0.00   10.00   10.00   clock clk (rise edge)
                          0.00   10.00   clock network delay (ideal)
                          0.00   10.00   clock reconvergence pessimism
                                 10.00 ^ U_n2309gat/CK (SDFF_X1)
                         -0.08    9.92   library setup time
                                  9.92   data required time
-----------------------------------------------------------------------------
                                  9.92   data required time
                                 -0.67   data arrival time
-----------------------------------------------------------------------------
                                  9.25   slack (MET)



==========================================================================
detailed place report_check_types -max_slew -max_cap -max_fanout -violators
--------------------------------------------------------------------------

==========================================================================
detailed place max_slew_check_slack
--------------------------------------------------------------------------
0.10041769593954086

==========================================================================
detailed place max_slew_check_limit
--------------------------------------------------------------------------
0.1985349953174591

==========================================================================
detailed place max_slew_check_slack_limit
--------------------------------------------------------------------------
0.5058

==========================================================================
detailed place max_fanout_check_slack
--------------------------------------------------------------------------
1.0000000150474662e+30

==========================================================================
detailed place max_fanout_check_limit
--------------------------------------------------------------------------
1.0000000150474662e+30

==========================================================================
detailed place max_capacitance_check_slack
--------------------------------------------------------------------------
2.6431400775909424

==========================================================================
detailed place max_capacitance_check_limit
--------------------------------------------------------------------------
10.47130012512207

==========================================================================
detailed place max_capacitance_check_slack_limit
--------------------------------------------------------------------------
0.2524

==========================================================================
detailed place max_slew_violation_count
--------------------------------------------------------------------------
max slew violation count 0

==========================================================================
detailed place max_fanout_violation_count
--------------------------------------------------------------------------
max fanout violation count 0

==========================================================================
detailed place max_cap_violation_count
--------------------------------------------------------------------------
max cap violation count 0

==========================================================================
detailed place setup_violation_count
--------------------------------------------------------------------------
setup violation count 0

==========================================================================
detailed place hold_violation_count
--------------------------------------------------------------------------
hold violation count 0

==========================================================================
detailed place report_checks -path_delay max reg to reg
--------------------------------------------------------------------------
Startpoint: U_n318gat (rising edge-triggered flip-flop clocked by clk)
Endpoint: U_n2309gat (rising edge-triggered flip-flop clocked by clk)
Path Group: clk
Path Type: max

  Delay    Time   Description
---------------------------------------------------------
   0.00    0.00   clock clk (rise edge)
   0.00    0.00   clock network delay (ideal)
   0.00    0.00 ^ U_n318gat/CK (SDFF_X1)
   0.08    0.08 v U_n318gat/Q (SDFF_X1)
   0.02    0.10 ^ U_I2153/ZN (INV_X1)
   0.01    0.11 v U_n225gat/ZN (NOR3_X1)
   0.13    0.24 v U_n221gat/ZN (OR4_X1)
   0.02    0.26 ^ U_n34gat/ZN (INV_X1)
   0.01    0.28 v U_n124gat/ZN (NOR3_X1)
   0.13    0.40 v U_n120gat/ZN (OR4_X1)
   0.03    0.43 ^ U_n1601gat/ZN (INV_X1)
   0.01    0.44 v U_n2421gat/ZN (NOR2_X1)
   0.05    0.49 v U_n3013gat/ZN (OR2_X1)
   0.01    0.50 ^ U_n2422gat/ZN (INV_X1)
   0.01    0.51 v U_n1598gat/ZN (NOR2_X1)
   0.05    0.56 ^ U_n1154gat/ZN (NOR3_X1)
   0.01    0.57 v U_n1411gat/ZN (NOR2_X1)
   0.04    0.62 ^ U_n1412gat/ZN (NOR3_X1)
   0.01    0.63 v U_n2158gat/ZN (INV_X1)
   0.04    0.67 v U_n3000gat/ZN (OR2_X1)
   0.00    0.67 v U_n2309gat/D (SDFF_X1)
           0.67   data arrival time

  10.00   10.00   clock clk (rise edge)
   0.00   10.00   clock network delay (ideal)
   0.00   10.00   clock reconvergence pessimism
          10.00 ^ U_n2309gat/CK (SDFF_X1)
  -0.08    9.92   library setup time
           9.92   data required time
---------------------------------------------------------
           9.92   data required time
          -0.67   data arrival time
---------------------------------------------------------
           9.25   slack (MET)



==========================================================================
detailed place report_checks -path_delay min reg to reg
--------------------------------------------------------------------------
Startpoint: U_n2472gat (rising edge-triggered flip-flop clocked by clk)
Endpoint: U_n2319gat (rising edge-triggered flip-flop clocked by clk)
Path Group: clk
Path Type: min

  Delay    Time   Description
---------------------------------------------------------
   0.00    0.00   clock clk (rise edge)
   0.00    0.00   clock network delay (ideal)
   0.00    0.00 ^ U_n2472gat/CK (SDFF_X1)
   0.06    0.06 ^ U_n2472gat/Q (SDFF_X1)
   0.00    0.06 ^ U_n2319gat/SI (SDFF_X1)
           0.06   data arrival time

   0.00    0.00   clock clk (rise edge)
   0.00    0.00   clock network delay (ideal)
   0.00    0.00   clock reconvergence pessimism
           0.00 ^ U_n2319gat/CK (SDFF_X1)
  -0.01   -0.01   library hold time
          -0.01   data required time
---------------------------------------------------------
          -0.01   data required time
          -0.06   data arrival time
---------------------------------------------------------
           0.08   slack (MET)



==========================================================================
detailed place critical path target clock latency max path
--------------------------------------------------------------------------
0.0000

==========================================================================
detailed place critical path target clock latency min path
--------------------------------------------------------------------------
0.0000

==========================================================================
detailed place critical path source clock latency min path
--------------------------------------------------------------------------
0.0000

==========================================================================
detailed place critical path delay
--------------------------------------------------------------------------
0.6723

==========================================================================
detailed place critical path slack
--------------------------------------------------------------------------
9.2493

==========================================================================
detailed place slack div critical path delay
--------------------------------------------------------------------------
1375.769746

==========================================================================
detailed place report_power
--------------------------------------------------------------------------
Group                  Internal  Switching    Leakage      Total
                          Power      Power      Power      Power (Watts)
----------------------------------------------------------------
Sequential             1.51e-04   3.25e-05   1.76e-05   2.01e-04  52.0%
Combinational          7.29e-05   7.76e-05   3.54e-05   1.86e-04  48.0%
Clock                  0.00e+00   0.00e+00   0.00e+00   0.00e+00   0.0%
Macro                  0.00e+00   0.00e+00   0.00e+00   0.00e+00   0.0%
Pad                    0.00e+00   0.00e+00   0.00e+00   0.00e+00   0.0%
----------------------------------------------------------------
Total                  2.24e-04   1.10e-04   5.30e-05   3.87e-04 100.0%
                          57.9%      28.4%      13.7%
