
==========================================================================
global place report_tns
--------------------------------------------------------------------------
tns max 0.00

==========================================================================
global place report_wns
--------------------------------------------------------------------------
wns max 0.00

==========================================================================
global place report_worst_slack
--------------------------------------------------------------------------
worst slack max 9.26

==========================================================================
global place report_clock_min_period
--------------------------------------------------------------------------
clk period_min = 0.74 fmax = 1346.54

==========================================================================
global place report_checks -path_delay min
--------------------------------------------------------------------------
Startpoint: test_si (input port clocked by clk)
Endpoint: U_n673gat (rising edge-triggered flip-flop clocked by clk)
Path Group: clk
Path Type: min

Fanout     Cap    Slew   Delay    Time   Description
-----------------------------------------------------------------------------
                  0.00    0.00    0.00   clock clk (rise edge)
                          0.00    0.00   clock network delay (ideal)
                          0.00    0.00 ^ input external delay
     1    1.43    0.00    0.00    0.00 ^ test_si (in)
                                         test_si (net)
                  0.00    0.00    0.00 ^ input37/A (BUF_X1)
     1    1.18    0.01    0.02    0.02 ^ input37/Z (BUF_X1)
                                         net37 (net)
                  0.01    0.00    0.02 ^ U_n673gat/SI (SDFF_X1)
                                  0.02   data arrival time

                  0.00    0.00    0.00   clock clk (rise edge)
                          0.00    0.00   clock network delay (ideal)
                          0.00    0.00   clock reconvergence pessimism
                                  0.00 ^ U_n673gat/CK (SDFF_X1)
                         -0.01   -0.01   library hold time
                                 -0.01   data required time
-----------------------------------------------------------------------------
                                 -0.01   data required time
                                 -0.02   data arrival time
-----------------------------------------------------------------------------
                                  0.03   slack (MET)



==========================================================================
global place report_checks -path_delay max
--------------------------------------------------------------------------
Startpoint: U_n722gat (rising edge-triggered flip-flop clocked by clk)
Endpoint: U_n322gat (rising edge-triggered flip-flop clocked by clk)
Path Group: clk
Path Type: max

Fanout     Cap    Slew   Delay    Time   Description
-----------------------------------------------------------------------------
                  0.00    0.00    0.00   clock clk (rise edge)
                          0.00    0.00   clock network delay (ideal)
                  0.00    0.00    0.00 ^ U_n722gat/CK (SDFF_X1)
     7   12.17    0.03    0.09    0.09 ^ U_n722gat/Q (SDFF_X1)
                                         n722gat (net)
                  0.03    0.00    0.09 ^ U_n720gat/A (INV_X1)
     4    6.33    0.01    0.02    0.11 v U_n720gat/ZN (INV_X1)
                                         n720gat (net)
                  0.01    0.00    0.11 v U_n1376gat/A2 (NOR2_X1)
     1    1.86    0.02    0.03    0.14 ^ U_n1376gat/ZN (NOR2_X1)
                                         n1376gat (net)
                  0.02    0.00    0.14 ^ U_n1448gat/A (INV_X1)
     3    4.71    0.01    0.01    0.15 v U_n1448gat/ZN (INV_X1)
                                         n1448gat (net)
                  0.01    0.00    0.15 v U_n1617gat/A2 (NOR2_X1)
     1    1.84    0.02    0.03    0.18 ^ U_n1617gat/ZN (NOR2_X1)
                                         n1617gat (net)
                  0.02    0.00    0.18 ^ U_n1701gat/A (INV_X1)
     1    1.57    0.01    0.01    0.19 v U_n1701gat/ZN (INV_X1)
                                         n1701gat (net)
                  0.01    0.00    0.19 v U_n1700gat/A1 (NOR2_X1)
     6   12.78    0.06    0.08    0.27 ^ U_n1700gat/ZN (NOR2_X1)
                                         n1700gat (net)
                  0.06    0.00    0.27 ^ U_n1604gat/A4 (NOR4_X1)
     4    6.81    0.02    0.03    0.30 v U_n1604gat/ZN (NOR4_X1)
                                         n1604gat (net)
                  0.02    0.00    0.30 v U_I1734/A1 (OR3_X1)
     1    1.80    0.01    0.07    0.37 v U_I1734/ZN (OR3_X1)
                                         I1734 (net)
                  0.01    0.00    0.37 v U_n2148gat/A (INV_X1)
    20   29.24    0.07    0.08    0.45 ^ U_n2148gat/ZN (INV_X1)
                                         n2148gat (net)
                  0.07    0.00    0.46 ^ U_n854gat/A1 (NOR2_X1)
     1    1.70    0.02    0.01    0.47 v U_n854gat/ZN (NOR2_X1)
                                         n854gat (net)
                  0.02    0.00    0.47 v U_n852gat/A (INV_X1)
     1    1.91    0.01    0.02    0.48 ^ U_n852gat/ZN (INV_X1)
                                         n852gat (net)
                  0.01    0.00    0.48 ^ FE_OFC18_n852gat/A (INV_X1)
     1    1.85    0.00    0.01    0.49 v FE_OFC18_n852gat/ZN (INV_X1)
                                         FE_OFN18_n852gat (net)
                  0.00    0.00    0.49 v FE_OFC20_n852gat/A (INV_X1)
     1    1.98    0.01    0.01    0.50 ^ FE_OFC20_n852gat/ZN (INV_X1)
                                         FE_OFN20_n852gat (net)
                  0.01    0.00    0.50 ^ FE_OFC36_n852gat/A (INV_X1)
     1    1.81    0.00    0.01    0.51 v FE_OFC36_n852gat/ZN (INV_X1)
                                         FE_OFN36_n852gat (net)
                  0.00    0.00    0.51 v FE_OFC38_n852gat/A (INV_X1)
     1    1.99    0.01    0.01    0.52 ^ FE_OFC38_n852gat/ZN (INV_X1)
                                         FE_OFN38_n852gat (net)
                  0.01    0.00    0.52 ^ FE_OFC47_n852gat/A (INV_X1)
     1    1.75    0.00    0.01    0.53 v FE_OFC47_n852gat/ZN (INV_X1)
                                         FE_OFN47_n852gat (net)
                  0.00    0.00    0.53 v FE_OFC49_n852gat/A (INV_X1)
     1    1.93    0.01    0.01    0.54 ^ FE_OFC49_n852gat/ZN (INV_X1)
                                         FE_OFN49_n852gat (net)
                  0.01    0.00    0.54 ^ FE_OFC50_n852gat/A (INV_X1)
     2    3.31    0.00    0.01    0.55 v FE_OFC50_n852gat/ZN (INV_X1)
                                         FE_OFN50_n852gat (net)
                  0.00    0.00    0.55 v FE_OFC51_n852gat/A (INV_X1)
     5    9.70    0.02    0.03    0.58 ^ FE_OFC51_n852gat/ZN (INV_X1)
                                         FE_OFN51_n852gat (net)
                  0.02    0.00    0.58 ^ U_n649gat/A2 (NOR2_X1)
     1    0.86    0.01    0.01    0.59 v U_n649gat/ZN (NOR2_X1)
                                         n649gat (net)
                  0.01    0.00    0.59 v U_n2888gat/A2 (OR3_X1)
     1    1.18    0.01    0.07    0.66 v U_n2888gat/ZN (OR3_X1)
                                         n2888gat (net)
                  0.01    0.00    0.66 v U_n322gat/D (SDFF_X1)
                                  0.66   data arrival time

                  0.00   10.00   10.00   clock clk (rise edge)
                          0.00   10.00   clock network delay (ideal)
                          0.00   10.00   clock reconvergence pessimism
                                 10.00 ^ U_n322gat/CK (SDFF_X1)
                         -0.08    9.92   library setup time
                                  9.92   data required time
-----------------------------------------------------------------------------
                                  9.92   data required time
                                 -0.66   data arrival time
-----------------------------------------------------------------------------
                                  9.26   slack (MET)



==========================================================================
global place report_checks -unconstrained
--------------------------------------------------------------------------
Startpoint: U_n722gat (rising edge-triggered flip-flop clocked by clk)
Endpoint: U_n322gat (rising edge-triggered flip-flop clocked by clk)
Path Group: clk
Path Type: max

Fanout     Cap    Slew   Delay    Time   Description
-----------------------------------------------------------------------------
                  0.00    0.00    0.00   clock clk (rise edge)
                          0.00    0.00   clock network delay (ideal)
                  0.00    0.00    0.00 ^ U_n722gat/CK (SDFF_X1)
     7   12.17    0.03    0.09    0.09 ^ U_n722gat/Q (SDFF_X1)
                                         n722gat (net)
                  0.03    0.00    0.09 ^ U_n720gat/A (INV_X1)
     4    6.33    0.01    0.02    0.11 v U_n720gat/ZN (INV_X1)
                                         n720gat (net)
                  0.01    0.00    0.11 v U_n1376gat/A2 (NOR2_X1)
     1    1.86    0.02    0.03    0.14 ^ U_n1376gat/ZN (NOR2_X1)
                                         n1376gat (net)
                  0.02    0.00    0.14 ^ U_n1448gat/A (INV_X1)
     3    4.71    0.01    0.01    0.15 v U_n1448gat/ZN (INV_X1)
                                         n1448gat (net)
                  0.01    0.00    0.15 v U_n1617gat/A2 (NOR2_X1)
     1    1.84    0.02    0.03    0.18 ^ U_n1617gat/ZN (NOR2_X1)
                                         n1617gat (net)
                  0.02    0.00    0.18 ^ U_n1701gat/A (INV_X1)
     1    1.57    0.01    0.01    0.19 v U_n1701gat/ZN (INV_X1)
                                         n1701gat (net)
                  0.01    0.00    0.19 v U_n1700gat/A1 (NOR2_X1)
     6   12.78    0.06    0.08    0.27 ^ U_n1700gat/ZN (NOR2_X1)
                                         n1700gat (net)
                  0.06    0.00    0.27 ^ U_n1604gat/A4 (NOR4_X1)
     4    6.81    0.02    0.03    0.30 v U_n1604gat/ZN (NOR4_X1)
                                         n1604gat (net)
                  0.02    0.00    0.30 v U_I1734/A1 (OR3_X1)
     1    1.80    0.01    0.07    0.37 v U_I1734/ZN (OR3_X1)
                                         I1734 (net)
                  0.01    0.00    0.37 v U_n2148gat/A (INV_X1)
    20   29.24    0.07    0.08    0.45 ^ U_n2148gat/ZN (INV_X1)
                                         n2148gat (net)
                  0.07    0.00    0.46 ^ U_n854gat/A1 (NOR2_X1)
     1    1.70    0.02    0.01    0.47 v U_n854gat/ZN (NOR2_X1)
                                         n854gat (net)
                  0.02    0.00    0.47 v U_n852gat/A (INV_X1)
     1    1.91    0.01    0.02    0.48 ^ U_n852gat/ZN (INV_X1)
                                         n852gat (net)
                  0.01    0.00    0.48 ^ FE_OFC18_n852gat/A (INV_X1)
     1    1.85    0.00    0.01    0.49 v FE_OFC18_n852gat/ZN (INV_X1)
                                         FE_OFN18_n852gat (net)
                  0.00    0.00    0.49 v FE_OFC20_n852gat/A (INV_X1)
     1    1.98    0.01    0.01    0.50 ^ FE_OFC20_n852gat/ZN (INV_X1)
                                         FE_OFN20_n852gat (net)
                  0.01    0.00    0.50 ^ FE_OFC36_n852gat/A (INV_X1)
     1    1.81    0.00    0.01    0.51 v FE_OFC36_n852gat/ZN (INV_X1)
                                         FE_OFN36_n852gat (net)
                  0.00    0.00    0.51 v FE_OFC38_n852gat/A (INV_X1)
     1    1.99    0.01    0.01    0.52 ^ FE_OFC38_n852gat/ZN (INV_X1)
                                         FE_OFN38_n852gat (net)
                  0.01    0.00    0.52 ^ FE_OFC47_n852gat/A (INV_X1)
     1    1.75    0.00    0.01    0.53 v FE_OFC47_n852gat/ZN (INV_X1)
                                         FE_OFN47_n852gat (net)
                  0.00    0.00    0.53 v FE_OFC49_n852gat/A (INV_X1)
     1    1.93    0.01    0.01    0.54 ^ FE_OFC49_n852gat/ZN (INV_X1)
                                         FE_OFN49_n852gat (net)
                  0.01    0.00    0.54 ^ FE_OFC50_n852gat/A (INV_X1)
     2    3.31    0.00    0.01    0.55 v FE_OFC50_n852gat/ZN (INV_X1)
                                         FE_OFN50_n852gat (net)
                  0.00    0.00    0.55 v FE_OFC51_n852gat/A (INV_X1)
     5    9.70    0.02    0.03    0.58 ^ FE_OFC51_n852gat/ZN (INV_X1)
                                         FE_OFN51_n852gat (net)
                  0.02    0.00    0.58 ^ U_n649gat/A2 (NOR2_X1)
     1    0.86    0.01    0.01    0.59 v U_n649gat/ZN (NOR2_X1)
                                         n649gat (net)
                  0.01    0.00    0.59 v U_n2888gat/A2 (OR3_X1)
     1    1.18    0.01    0.07    0.66 v U_n2888gat/ZN (OR3_X1)
                                         n2888gat (net)
                  0.01    0.00    0.66 v U_n322gat/D (SDFF_X1)
                                  0.66   data arrival time

                  0.00   10.00   10.00   clock clk (rise edge)
                          0.00   10.00   clock network delay (ideal)
                          0.00   10.00   clock reconvergence pessimism
                                 10.00 ^ U_n322gat/CK (SDFF_X1)
                         -0.08    9.92   library setup time
                                  9.92   data required time
-----------------------------------------------------------------------------
                                  9.92   data required time
                                 -0.66   data arrival time
-----------------------------------------------------------------------------
                                  9.26   slack (MET)



==========================================================================
global place report_power
--------------------------------------------------------------------------
Group                  Internal  Switching    Leakage      Total
                          Power      Power      Power      Power (Watts)
----------------------------------------------------------------
Sequential             1.51e-04   3.24e-05   1.76e-05   2.01e-04  52.1%
Combinational          7.29e-05   7.67e-05   3.54e-05   1.85e-04  47.9%
Clock                  0.00e+00   0.00e+00   0.00e+00   0.00e+00   0.0%
Macro                  0.00e+00   0.00e+00   0.00e+00   0.00e+00   0.0%
Pad                    0.00e+00   0.00e+00   0.00e+00   0.00e+00   0.0%
----------------------------------------------------------------
Total                  2.24e-04   1.09e-04   5.30e-05   3.86e-04 100.0%
                          58.0%      28.2%      13.7%
