
==========================================================================
cts final report_tns
--------------------------------------------------------------------------
tns max 0.00

==========================================================================
cts final report_wns
--------------------------------------------------------------------------
wns max 0.00

==========================================================================
cts final report_worst_slack
--------------------------------------------------------------------------
worst slack max 9.15

==========================================================================
cts final report_clock_min_period
--------------------------------------------------------------------------
clk period_min = 0.85 fmax = 1180.63

==========================================================================
cts final report_clock_skew
--------------------------------------------------------------------------
Clock clk
   0.12 source latency U_n271gat/CK ^
  -0.11 target latency U_n160gat/CK ^
   0.00 CRPR
--------------
   0.01 setup skew


==========================================================================
cts final report_checks -path_delay min
--------------------------------------------------------------------------
Startpoint: n3076gat (input port clocked by clk)
Endpoint: U_n816gat (rising edge-triggered flip-flop clocked by clk)
Path Group: clk
Path Type: min

Fanout     Cap    Slew   Delay    Time   Description
-----------------------------------------------------------------------------
                          0.00    0.00   clock clk (rise edge)
                          0.00    0.00   clock network delay (propagated)
                          0.00    0.00 ^ input external delay
     1    1.09    0.00    0.00    0.00 ^ n3076gat (in)
                                         n3076gat (net)
                  0.00    0.00    0.00 ^ hold129/A (CLKBUF_X1)
     1    1.12    0.01    0.02    0.02 ^ hold129/Z (CLKBUF_X1)
                                         net128 (net)
                  0.01    0.00    0.02 ^ input12/A (BUF_X1)
     1    1.87    0.01    0.02    0.04 ^ input12/Z (BUF_X1)
                                         net12 (net)
                  0.01    0.00    0.04 ^ U_I796/A (INV_X1)
     3    6.23    0.01    0.01    0.06 v U_I796/ZN (INV_X1)
                                         I796 (net)
                  0.01    0.00    0.06 v U_n771gat/A1 (NOR2_X1)
     1    1.06    0.01    0.02    0.08 ^ U_n771gat/ZN (NOR2_X1)
                                         n771gat (net)
                  0.01    0.00    0.08 ^ U_n2920gat/A2 (OR2_X1)
     1    1.27    0.01    0.02    0.10 ^ U_n2920gat/ZN (OR2_X1)
                                         n2920gat (net)
                  0.01    0.00    0.10 ^ U_n816gat/D (SDFF_X1)
                                  0.10   data arrival time

                          0.00    0.00   clock clk (rise edge)
                          0.00    0.00   clock source latency
     1    9.49    0.00    0.00    0.00 ^ CK (in)
                                         CK (net)
                  0.00    0.00    0.00 ^ clkbuf_0_CK/A (CLKBUF_X3)
    16   38.72    0.03    0.06    0.06 ^ clkbuf_0_CK/Z (CLKBUF_X3)
                                         clknet_0_CK (net)
                  0.03    0.00    0.06 ^ clkbuf_4_14_0_CK/A (CLKBUF_X3)
    10   23.54    0.02    0.06    0.11 ^ clkbuf_4_14_0_CK/Z (CLKBUF_X3)
                                         clknet_4_14_0_CK (net)
                  0.02    0.00    0.11 ^ U_n816gat/CK (SDFF_X1)
                          0.00    0.11   clock reconvergence pessimism
                         -0.01    0.10   library hold time
                                  0.10   data required time
-----------------------------------------------------------------------------
                                  0.10   data required time
                                 -0.10   data arrival time
-----------------------------------------------------------------------------
                                  0.00   slack (VIOLATED)



==========================================================================
cts final report_checks -path_delay max
--------------------------------------------------------------------------
Startpoint: U_n318gat (rising edge-triggered flip-flop clocked by clk)
Endpoint: n3143gat (output port clocked by clk)
Path Group: clk
Path Type: max

Fanout     Cap    Slew   Delay    Time   Description
-----------------------------------------------------------------------------
                          0.00    0.00   clock clk (rise edge)
                          0.00    0.00   clock source latency
     1    9.49    0.00    0.00    0.00 ^ CK (in)
                                         CK (net)
                  0.00    0.00    0.00 ^ clkbuf_0_CK/A (CLKBUF_X3)
    16   38.72    0.03    0.06    0.06 ^ clkbuf_0_CK/Z (CLKBUF_X3)
                                         clknet_0_CK (net)
                  0.03    0.00    0.06 ^ clkbuf_4_15_0_CK/A (CLKBUF_X3)
    13   23.13    0.02    0.06    0.11 ^ clkbuf_4_15_0_CK/Z (CLKBUF_X3)
                                         clknet_4_15_0_CK (net)
                  0.02    0.00    0.11 ^ U_n318gat/CK (SDFF_X1)
     6    9.83    0.02    0.09    0.20 v U_n318gat/Q (SDFF_X1)
                                         n318gat (net)
                  0.02    0.00    0.20 v U_I2153/A (INV_X1)
     2    3.66    0.01    0.02    0.22 ^ U_I2153/ZN (INV_X1)
                                         I2153 (net)
                  0.01    0.00    0.22 ^ U_n225gat/A2 (NOR3_X1)
     1    1.01    0.01    0.01    0.23 v U_n225gat/ZN (NOR3_X1)
                                         n225gat (net)
                  0.01    0.00    0.23 v U_n221gat/A4 (OR4_X1)
     3    5.67    0.02    0.13    0.36 v U_n221gat/ZN (OR4_X1)
                                         n221gat (net)
                  0.02    0.00    0.36 v U_n34gat/A (INV_X1)
     2    3.76    0.01    0.02    0.39 ^ U_n34gat/ZN (INV_X1)
                                         n34gat (net)
                  0.01    0.00    0.39 ^ U_n124gat/A3 (NOR3_X1)
     1    1.01    0.01    0.01    0.40 v U_n124gat/ZN (NOR3_X1)
                                         n124gat (net)
                  0.01    0.00    0.40 v U_n120gat/A4 (OR4_X1)
     3    5.30    0.02    0.13    0.52 v U_n120gat/ZN (OR4_X1)
                                         n120gat (net)
                  0.02    0.00    0.52 v U_n1601gat/A (INV_X1)
     3    5.93    0.02    0.03    0.55 ^ U_n1601gat/ZN (INV_X1)
                                         n1601gat (net)
                  0.02    0.00    0.55 ^ U_n2421gat/A1 (NOR2_X1)
     1    1.16    0.01    0.01    0.56 v U_n2421gat/ZN (NOR2_X1)
                                         n2421gat (net)
                  0.01    0.00    0.56 v U_n3013gat/A2 (OR2_X1)
     1    1.98    0.01    0.05    0.61 v U_n3013gat/ZN (OR2_X1)
                                         n3013gat (net)
                  0.01    0.00    0.61 v U_n2422gat/A (INV_X1)
     1    2.05    0.01    0.01    0.63 ^ U_n2422gat/ZN (INV_X1)
                                         n2422gat (net)
                  0.01    0.00    0.63 ^ U_n1598gat/A2 (NOR2_X1)
     1    1.50    0.00    0.01    0.64 v U_n1598gat/ZN (NOR2_X1)
                                         n1598gat (net)
                  0.00    0.00    0.64 v U_n1154gat/A1 (NOR3_X1)
     1    4.04    0.04    0.05    0.69 ^ U_n1154gat/ZN (NOR3_X1)
                                         n1154gat (net)
                  0.04    0.00    0.69 ^ U_n1411gat/A1 (NOR2_X1)
     1    1.50    0.01    0.01    0.70 v U_n1411gat/ZN (NOR2_X1)
                                         n1411gat (net)
                  0.01    0.00    0.70 v U_n1412gat/A1 (NOR3_X1)
     2    2.86    0.03    0.04    0.74 ^ U_n1412gat/ZN (NOR3_X1)
                                         n1412gat (net)
                  0.03    0.00    0.74 ^ U_n2158gat/A (INV_X1)
     3    2.83    0.01    0.01    0.75 v U_n2158gat/ZN (INV_X1)
                                         n2158gat (net)
                  0.01    0.00    0.75 v U_n2800gat/A1 (OR2_X1)
     1    3.83    0.01    0.05    0.80 v U_n2800gat/ZN (OR2_X1)
                                         n2800gat (net)
                  0.01    0.00    0.80 v U_I4020/A (INV_X1)
     1    2.37    0.01    0.02    0.82 ^ U_I4020/ZN (INV_X1)
                                         I4020 (net)
                  0.01    0.00    0.82 ^ U_n3143gat/A (INV_X1)
     1    1.05    0.00    0.01    0.83 v U_n3143gat/ZN (INV_X1)
                                         net77 (net)
                  0.00    0.00    0.83 v output78/A (BUF_X1)
     1    0.60    0.00    0.02    0.85 v output78/Z (BUF_X1)
                                         n3143gat (net)
                  0.00    0.00    0.85 v n3143gat (out)
                                  0.85   data arrival time

                         10.00   10.00   clock clk (rise edge)
                          0.00   10.00   clock network delay (propagated)
                          0.00   10.00   clock reconvergence pessimism
                          0.00   10.00   output external delay
                                 10.00   data required time
-----------------------------------------------------------------------------
                                 10.00   data required time
                                 -0.85   data arrival time
-----------------------------------------------------------------------------
                                  9.15   slack (MET)



==========================================================================
cts final report_checks -unconstrained
--------------------------------------------------------------------------
Startpoint: U_n318gat (rising edge-triggered flip-flop clocked by clk)
Endpoint: n3143gat (output port clocked by clk)
Path Group: clk
Path Type: max

Fanout     Cap    Slew   Delay    Time   Description
-----------------------------------------------------------------------------
                          0.00    0.00   clock clk (rise edge)
                          0.00    0.00   clock source latency
     1    9.49    0.00    0.00    0.00 ^ CK (in)
                                         CK (net)
                  0.00    0.00    0.00 ^ clkbuf_0_CK/A (CLKBUF_X3)
    16   38.72    0.03    0.06    0.06 ^ clkbuf_0_CK/Z (CLKBUF_X3)
                                         clknet_0_CK (net)
                  0.03    0.00    0.06 ^ clkbuf_4_15_0_CK/A (CLKBUF_X3)
    13   23.13    0.02    0.06    0.11 ^ clkbuf_4_15_0_CK/Z (CLKBUF_X3)
                                         clknet_4_15_0_CK (net)
                  0.02    0.00    0.11 ^ U_n318gat/CK (SDFF_X1)
     6    9.83    0.02    0.09    0.20 v U_n318gat/Q (SDFF_X1)
                                         n318gat (net)
                  0.02    0.00    0.20 v U_I2153/A (INV_X1)
     2    3.66    0.01    0.02    0.22 ^ U_I2153/ZN (INV_X1)
                                         I2153 (net)
                  0.01    0.00    0.22 ^ U_n225gat/A2 (NOR3_X1)
     1    1.01    0.01    0.01    0.23 v U_n225gat/ZN (NOR3_X1)
                                         n225gat (net)
                  0.01    0.00    0.23 v U_n221gat/A4 (OR4_X1)
     3    5.67    0.02    0.13    0.36 v U_n221gat/ZN (OR4_X1)
                                         n221gat (net)
                  0.02    0.00    0.36 v U_n34gat/A (INV_X1)
     2    3.76    0.01    0.02    0.39 ^ U_n34gat/ZN (INV_X1)
                                         n34gat (net)
                  0.01    0.00    0.39 ^ U_n124gat/A3 (NOR3_X1)
     1    1.01    0.01    0.01    0.40 v U_n124gat/ZN (NOR3_X1)
                                         n124gat (net)
                  0.01    0.00    0.40 v U_n120gat/A4 (OR4_X1)
     3    5.30    0.02    0.13    0.52 v U_n120gat/ZN (OR4_X1)
                                         n120gat (net)
                  0.02    0.00    0.52 v U_n1601gat/A (INV_X1)
     3    5.93    0.02    0.03    0.55 ^ U_n1601gat/ZN (INV_X1)
                                         n1601gat (net)
                  0.02    0.00    0.55 ^ U_n2421gat/A1 (NOR2_X1)
     1    1.16    0.01    0.01    0.56 v U_n2421gat/ZN (NOR2_X1)
                                         n2421gat (net)
                  0.01    0.00    0.56 v U_n3013gat/A2 (OR2_X1)
     1    1.98    0.01    0.05    0.61 v U_n3013gat/ZN (OR2_X1)
                                         n3013gat (net)
                  0.01    0.00    0.61 v U_n2422gat/A (INV_X1)
     1    2.05    0.01    0.01    0.63 ^ U_n2422gat/ZN (INV_X1)
                                         n2422gat (net)
                  0.01    0.00    0.63 ^ U_n1598gat/A2 (NOR2_X1)
     1    1.50    0.00    0.01    0.64 v U_n1598gat/ZN (NOR2_X1)
                                         n1598gat (net)
                  0.00    0.00    0.64 v U_n1154gat/A1 (NOR3_X1)
     1    4.04    0.04    0.05    0.69 ^ U_n1154gat/ZN (NOR3_X1)
                                         n1154gat (net)
                  0.04    0.00    0.69 ^ U_n1411gat/A1 (NOR2_X1)
     1    1.50    0.01    0.01    0.70 v U_n1411gat/ZN (NOR2_X1)
                                         n1411gat (net)
                  0.01    0.00    0.70 v U_n1412gat/A1 (NOR3_X1)
     2    2.86    0.03    0.04    0.74 ^ U_n1412gat/ZN (NOR3_X1)
                                         n1412gat (net)
                  0.03    0.00    0.74 ^ U_n2158gat/A (INV_X1)
     3    2.83    0.01    0.01    0.75 v U_n2158gat/ZN (INV_X1)
                                         n2158gat (net)
                  0.01    0.00    0.75 v U_n2800gat/A1 (OR2_X1)
     1    3.83    0.01    0.05    0.80 v U_n2800gat/ZN (OR2_X1)
                                         n2800gat (net)
                  0.01    0.00    0.80 v U_I4020/A (INV_X1)
     1    2.37    0.01    0.02    0.82 ^ U_I4020/ZN (INV_X1)
                                         I4020 (net)
                  0.01    0.00    0.82 ^ U_n3143gat/A (INV_X1)
     1    1.05    0.00    0.01    0.83 v U_n3143gat/ZN (INV_X1)
                                         net77 (net)
                  0.00    0.00    0.83 v output78/A (BUF_X1)
     1    0.60    0.00    0.02    0.85 v output78/Z (BUF_X1)
                                         n3143gat (net)
                  0.00    0.00    0.85 v n3143gat (out)
                                  0.85   data arrival time

                         10.00   10.00   clock clk (rise edge)
                          0.00   10.00   clock network delay (propagated)
                          0.00   10.00   clock reconvergence pessimism
                          0.00   10.00   output external delay
                                 10.00   data required time
-----------------------------------------------------------------------------
                                 10.00   data required time
                                 -0.85   data arrival time
-----------------------------------------------------------------------------
                                  9.15   slack (MET)



==========================================================================
cts final report_check_types -max_slew -max_cap -max_fanout -violators
--------------------------------------------------------------------------

==========================================================================
cts final max_slew_check_slack
--------------------------------------------------------------------------
0.09914010018110275

==========================================================================
cts final max_slew_check_limit
--------------------------------------------------------------------------
0.1985349953174591

==========================================================================
cts final max_slew_check_slack_limit
--------------------------------------------------------------------------
0.4994

==========================================================================
cts final max_fanout_check_slack
--------------------------------------------------------------------------
1.0000000150474662e+30

==========================================================================
cts final max_fanout_check_limit
--------------------------------------------------------------------------
1.0000000150474662e+30

==========================================================================
cts final max_capacitance_check_slack
--------------------------------------------------------------------------
2.5017778873443604

==========================================================================
cts final max_capacitance_check_limit
--------------------------------------------------------------------------
10.47130012512207

==========================================================================
cts final max_capacitance_check_slack_limit
--------------------------------------------------------------------------
0.2389

==========================================================================
cts final max_slew_violation_count
--------------------------------------------------------------------------
max slew violation count 0

==========================================================================
cts final max_fanout_violation_count
--------------------------------------------------------------------------
max fanout violation count 0

==========================================================================
cts final max_cap_violation_count
--------------------------------------------------------------------------
max cap violation count 0

==========================================================================
cts final setup_violation_count
--------------------------------------------------------------------------
setup violation count 0

==========================================================================
cts final hold_violation_count
--------------------------------------------------------------------------
hold violation count 1

==========================================================================
cts final report_checks -path_delay max reg to reg
--------------------------------------------------------------------------
Startpoint: U_n318gat (rising edge-triggered flip-flop clocked by clk)
Endpoint: U_n2309gat (rising edge-triggered flip-flop clocked by clk)
Path Group: clk
Path Type: max

  Delay    Time   Description
---------------------------------------------------------
   0.00    0.00   clock clk (rise edge)
   0.00    0.00   clock source latency
   0.00    0.00 ^ CK (in)
   0.06    0.06 ^ clkbuf_0_CK/Z (CLKBUF_X3)
   0.06    0.11 ^ clkbuf_4_15_0_CK/Z (CLKBUF_X3)
   0.00    0.11 ^ U_n318gat/CK (SDFF_X1)
   0.09    0.20 v U_n318gat/Q (SDFF_X1)
   0.02    0.22 ^ U_I2153/ZN (INV_X1)
   0.01    0.23 v U_n225gat/ZN (NOR3_X1)
   0.13    0.36 v U_n221gat/ZN (OR4_X1)
   0.02    0.39 ^ U_n34gat/ZN (INV_X1)
   0.01    0.40 v U_n124gat/ZN (NOR3_X1)
   0.13    0.52 v U_n120gat/ZN (OR4_X1)
   0.03    0.55 ^ U_n1601gat/ZN (INV_X1)
   0.01    0.56 v U_n2421gat/ZN (NOR2_X1)
   0.05    0.61 v U_n3013gat/ZN (OR2_X1)
   0.01    0.63 ^ U_n2422gat/ZN (INV_X1)
   0.01    0.64 v U_n1598gat/ZN (NOR2_X1)
   0.05    0.69 ^ U_n1154gat/ZN (NOR3_X1)
   0.01    0.70 v U_n1411gat/ZN (NOR2_X1)
   0.04    0.74 ^ U_n1412gat/ZN (NOR3_X1)
   0.01    0.75 v U_n2158gat/ZN (INV_X1)
   0.04    0.80 v U_n3000gat/ZN (OR2_X1)
   0.00    0.80 v U_n2309gat/D (SDFF_X1)
           0.80   data arrival time

  10.00   10.00   clock clk (rise edge)
   0.00   10.00   clock source latency
   0.00   10.00 ^ CK (in)
   0.06   10.06 ^ clkbuf_0_CK/Z (CLKBUF_X3)
   0.06   10.12 ^ clkbuf_4_6_0_CK/Z (CLKBUF_X3)
   0.00   10.12 ^ U_n2309gat/CK (SDFF_X1)
   0.00   10.12   clock reconvergence pessimism
  -0.08   10.04   library setup time
          10.04   data required time
---------------------------------------------------------
          10.04   data required time
          -0.80   data arrival time
---------------------------------------------------------
           9.24   slack (MET)



==========================================================================
cts final report_checks -path_delay min reg to reg
--------------------------------------------------------------------------
Startpoint: U_n2091gat (rising edge-triggered flip-flop clocked by clk)
Endpoint: U_n1332gat (rising edge-triggered flip-flop clocked by clk)
Path Group: clk
Path Type: min

  Delay    Time   Description
---------------------------------------------------------
   0.00    0.00   clock clk (rise edge)
   0.00    0.00   clock source latency
   0.00    0.00 ^ CK (in)
   0.06    0.06 ^ clkbuf_0_CK/Z (CLKBUF_X3)
   0.06    0.11 ^ clkbuf_4_1_0_CK/Z (CLKBUF_X3)
   0.00    0.11 ^ U_n2091gat/CK (SDFF_X1)
   0.07    0.18 ^ U_n2091gat/Q (SDFF_X1)
   0.00    0.18 ^ U_n1332gat/SI (SDFF_X1)
           0.18   data arrival time

   0.00    0.00   clock clk (rise edge)
   0.00    0.00   clock source latency
   0.00    0.00 ^ CK (in)
   0.06    0.06 ^ clkbuf_0_CK/Z (CLKBUF_X3)
   0.06    0.12 ^ clkbuf_4_0_0_CK/Z (CLKBUF_X3)
   0.00    0.12 ^ U_n1332gat/CK (SDFF_X1)
   0.00    0.12   clock reconvergence pessimism
  -0.01    0.11   library hold time
           0.11   data required time
---------------------------------------------------------
           0.11   data required time
          -0.18   data arrival time
---------------------------------------------------------
           0.08   slack (MET)



==========================================================================
cts final critical path target clock latency max path
--------------------------------------------------------------------------
0.1122

==========================================================================
cts final critical path target clock latency min path
--------------------------------------------------------------------------
0.1124

==========================================================================
cts final critical path source clock latency min path
--------------------------------------------------------------------------
0.0000

==========================================================================
cts final critical path delay
--------------------------------------------------------------------------
0.8470

==========================================================================
cts final critical path slack
--------------------------------------------------------------------------
9.1530

==========================================================================
cts final slack div critical path delay
--------------------------------------------------------------------------
1080.637544

==========================================================================
cts final report_power
--------------------------------------------------------------------------
Group                  Internal  Switching    Leakage      Total
                          Power      Power      Power      Power (Watts)
----------------------------------------------------------------
Sequential             1.51e-04   3.27e-05   1.76e-05   2.01e-04  41.8%
Combinational          7.38e-05   7.85e-05   3.59e-05   1.88e-04  39.1%
Clock                  3.71e-05   5.29e-05   1.95e-06   9.20e-05  19.1%
Macro                  0.00e+00   0.00e+00   0.00e+00   0.00e+00   0.0%
Pad                    0.00e+00   0.00e+00   0.00e+00   0.00e+00   0.0%
----------------------------------------------------------------
Total                  2.62e-04   1.64e-04   5.54e-05   4.81e-04 100.0%
                          54.4%      34.1%      11.5%
