OpenROAD 26Q2-1164-g08f67ee5ec 
Features included (+) or not (-): +GPU +GUI +Python
This program is licensed under the BSD-3 license. See the LICENSE file for details.
Components of this program may be licensed under more restrictive licenses which must be honored.
[INFO ORD-0030] Using 1 thread(s).
GATE10A_FF_POPULATION 449
[INFO PSM-0040] All shapes on net VDD are connected.
GATE10A_POWER_SI 0.00049961357348697556 0.00039503726680609105 0.00015749151760857671
GATE10A_POWERED_MODELED 4771
[INFO PSM-0040] All shapes on net VDD are connected.
[INFO PSM-0015] Reading location of sources from: /mnt/c/Users/Abhinav/OneDrive/Desktop/PACT/PACT/reports/gate10a/runs/b15_opt/CS_C2/science_nominal/sources.csv.
########## IR report #################
Net              : VDD
Corner           : default
Total power      : 1.05e-03 W
Supply voltage   : 1.10e+00 V
Worstcase voltage: 1.10e+00 V
Average voltage  : 1.10e+00 V
Average IR drop  : 5.81e-04 V
Worstcase IR drop: 1.13e-03 V
Percentage drop  : 0.10 %
######################################
########## EM analysis ###############
Net                : VDD
Corner             : default
Maximum current    : 1.45e-04 A
Average current    : 1.49e-06 A
Number of resistors: 21010
######################################
GATE10A_MEASURE_COMPLETE
