OpenROAD 26Q2-1164-g08f67ee5ec 
Features included (+) or not (-): +GPU +GUI +Python
This program is licensed under the BSD-3 license. See the LICENSE file for details.
Components of this program may be licensed under more restrictive licenses which must be honored.
[INFO ORD-0030] Using 4 thread(s).
mkdir -p ./objects/nangate45/s5378/phase0c_f3e7b516a_s23_k2_P_a05c9e53_7f655d61
/root/pact-deps/OpenROAD-flow-scripts/flow/scripts/flow.sh 4_1_cts cts
Running cts.tcl, stage 4_1_cts
read_liberty /root/pact-deps/OpenROAD-flow-scripts/flow/platforms/nangate45/lib/NangateOpenCellLibrary_typical.lib
read_db ./results/nangate45/s5378/phase0c_f3e7b516a_s23_k2_P_a05c9e53_7f655d61/3_place.odb
read_sdc ./results/nangate45/s5378/phase0c_f3e7b516a_s23_k2_P_a05c9e53_7f655d61/3_place.sdc
source /root/pact-deps/OpenROAD-flow-scripts/flow/platforms/nangate45/setRC.tcl
clock_tree_synthesis -sink_clustering_enable -repair_clock_nets
[INFO CTS-0050] Root buffer is CLKBUF_X3.
[INFO CTS-0051] Sink buffer is CLKBUF_X3.
[INFO CTS-0052] The following clock buffers will be used for CTS:
                    CLKBUF_X3
[INFO CTS-0049] Characterization buffer is CLKBUF_X3.
[INFO CTS-0007] Net "CK" found for clock "clk".
[INFO CTS-0010]  Clock net "CK" has 179 sinks.
[INFO CTS-0008] TritonCTS found 1 clock nets.
[INFO CTS-0097] Characterization used 1 buffer(s) types.
[INFO CTS-0201] 0 blockages from hard placement blockages and placed macros will be used.
[INFO CTS-0027] Generating H-Tree topology for net CK.
[INFO CTS-0028]  Total number of sinks: 179.
[INFO CTS-0090]  Sinks will be clustered based on buffer max cap.
[INFO CTS-0030]  Number of static layers: 0.
[INFO CTS-0020]  Wire segment unit: 14000  dbu (7 um).
[INFO CTS-0023]  Original sink region: [(6905, 24200), (161565, 158600)].
[INFO CTS-0024]  Normalized sink region: [(0.493214, 1.72857), (11.5404, 11.3286)].
[INFO CTS-0025]     Width:  11.0471.
[INFO CTS-0026]     Height: 9.6000.
 Level 1
    Direction: Horizontal
    Sinks per sub-region: 90
    Sub-region size: 5.5236 X 9.6000
[INFO CTS-0034]     Segment length (rounded): 2.
 Level 2
    Direction: Vertical
    Sinks per sub-region: 45
    Sub-region size: 5.5236 X 4.8000
[INFO CTS-0034]     Segment length (rounded): 2.
 Level 3
    Direction: Horizontal
    Sinks per sub-region: 23
    Sub-region size: 2.7618 X 4.8000
[INFO CTS-0034]     Segment length (rounded): 1.
 Level 4
    Direction: Vertical
    Sinks per sub-region: 12
    Sub-region size: 2.7618 X 2.4000
[INFO CTS-0034]     Segment length (rounded): 1.
[INFO CTS-0032]  Stop criterion found. Max number of sinks is 15.
[INFO CTS-0035]  Number of sinks covered: 179.
[INFO CTS-0018]     Created 17 clock buffers.
[INFO CTS-0012]     Minimum number of buffers in the clock path: 2.
[INFO CTS-0013]     Maximum number of buffers in the clock path: 2.
[INFO CTS-0015]     Created 17 clock nets.
[INFO CTS-0016]     Fanout distribution for the current clock = 7:2, 8:2, 9:3, 10:1, 11:1, 12:1, 13:2, 14:2, 15:1, 20:1..
[INFO CTS-0017]     Max level of the clock tree: 4.
[INFO CTS-0098] Clock net "CK"
[INFO CTS-0099]  Sinks 194
[INFO CTS-0100]  Leaf buffers 0
[INFO CTS-0101]  Average sink wire length 114.28 um
[INFO CTS-0102]  Path depth 2 - 2
[INFO CTS-0207]  Dummy loads inserted 15
estimate_parasitics -placement
detailed_placement
[INFO DPL-0006] Core area: 6921.05 um^2, Instances area: 2564.24 um^2, Utilization: 37.0%
[INFO DPL-0005] Diamond search max displacement: +/- 500 sites horizontally, +/- 100 rows vertically.
[INFO DPL-1101] Legalizing using diamond search.
Movements Summary
---------------------------------------
Total cells:                    1927
Diamond Move Success:           1927 (100.00%)
Diamond Move Failure:              0
Rip-up and replace Success:        0 (  0.00% of diamond failures)
Rip-up and replace Failure:        0
Total Placement Failures:          0
---------------------------------------
Placement Analysis
---------------------------------
total displacement         84.5 u
average displacement        0.0 u
max displacement            2.6 u
original HPWL           23043.6 u
legalized HPWL          23072.3 u
delta HPWL                    0 %

estimate_parasitics -placement
repair_timing -setup_margin 0 -hold_margin 0 -repair_tns 100 -verbose
[INFO RSZ-0100] Repair move sequence: UnbufferMove SizeUpMove SwapPinsMove BufferMove CloneMove SplitLoadMove 
[INFO RSZ-0098] No setup violations found
[INFO RSZ-0046] Found 91 endpoints with hold violations.
Iteration | Resized | Buffers | Cloned Gates |   Area   |   WNS   |   TNS   | Endpoint
--------------------------------------------------------------------------------------
        0 |       0 |       0 |            0 |    +0.0% |  -0.076 |  -2.313 | U_n337gat/D
       10 |       0 |      14 |            0 |    +0.4% |  -0.065 |  -1.692 | U_n1026gat/D
       20 |       0 |      26 |            0 |    +0.8% |  -0.059 |  -0.895 | U_n618gat/D
       30 |       0 |      32 |            0 |    +1.0% |  -0.021 |  -0.558 | U_n1880gat/D
       40 |       0 |      38 |            0 |    +1.2% |  -0.014 |  -0.303 | U_n561gat/D
       50 |       0 |      40 |            0 |    +1.2% |  -0.009 |  -0.009 | U_n1525gat/SI
       60 |       0 |      40 |            0 |    +1.2% |  -0.009 |  -0.009 | U_n1525gat/SI
       70 |       0 |      40 |            0 |    +1.2% |  -0.009 |  -0.009 | U_n1525gat/SI
       80 |       0 |      40 |            0 |    +1.2% |  -0.009 |  -0.009 | U_n1525gat/SI
       90 |       0 |      40 |            0 |    +1.2% |  -0.009 |  -0.009 | U_n1525gat/SI
    final |       0 |      41 |            0 |    +1.3% |   0.001 |   0.000 | U_n816gat/D
--------------------------------------------------------------------------------------
[INFO RSZ-0032] Inserted 41 hold buffers.
detailed_placement
[INFO DPL-0006] Core area: 6921.05 um^2, Instances area: 2596.96 um^2, Utilization: 37.5%
[INFO DPL-0005] Diamond search max displacement: +/- 500 sites horizontally, +/- 100 rows vertically.
[INFO DPL-1101] Legalizing using diamond search.
Movements Summary
---------------------------------------
Total cells:                    1968
Diamond Move Success:           1968 (100.00%)
Diamond Move Failure:              0
Rip-up and replace Success:        0 (  0.00% of diamond failures)
Rip-up and replace Failure:        0
Total Placement Failures:          0
---------------------------------------
Placement Analysis
---------------------------------
total displacement         50.1 u
average displacement        0.0 u
max displacement            3.9 u
original HPWL           23319.8 u
legalized HPWL          23354.0 u
delta HPWL                    0 %

estimate_parasitics -placement
Report metrics stage 4, cts final...

==========================================================================
cts final report_design_area
--------------------------------------------------------------------------
Design area 2597 um^2 38% utilization.
write_db ./results/nangate45/s5378/phase0c_f3e7b516a_s23_k2_P_a05c9e53_7f655d61/4_1_cts.odb
write_sdc -no_timestamp ./results/nangate45/s5378/phase0c_f3e7b516a_s23_k2_P_a05c9e53_7f655d61/4_cts.sdc
Log                       Ext     Elapsed/s Peak Memory/MB sha1sum result [0:20)
4_1_cts                   .odb            3            156 94d5cce4c2b7764b7cfa
cp ./results/nangate45/s5378/phase0c_f3e7b516a_s23_k2_P_a05c9e53_7f655d61/4_1_cts.odb ./results/nangate45/s5378/phase0c_f3e7b516a_s23_k2_P_a05c9e53_7f655d61/4_cts.odb
/root/pact-deps/OpenROAD-flow-scripts/flow/scripts/flow.sh 5_1_grt global_route
Running global_route.tcl, stage 5_1_grt
read_liberty /root/pact-deps/OpenROAD-flow-scripts/flow/platforms/nangate45/lib/NangateOpenCellLibrary_typical.lib
read_db ./results/nangate45/s5378/phase0c_f3e7b516a_s23_k2_P_a05c9e53_7f655d61/4_cts.odb
read_sdc ./results/nangate45/s5378/phase0c_f3e7b516a_s23_k2_P_a05c9e53_7f655d61/4_cts.sdc
source /root/pact-deps/OpenROAD-flow-scripts/flow/platforms/nangate45/setRC.tcl
pin_access
[INFO DRT-0149] Reading tech and libs.

Units:                2000
Number of layers:     21
Number of macros:     135
Number of vias:       33
Number of viarulegen: 19

[INFO DRT-0150] Reading design.

Design:                   s5378
Die area:                 ( 0 0 ) ( 171970 171970 )
Number of track patterns: 20
Number of DEF vias:       0
Number of components:     2086
Number of terminals:      92
Number of snets:          2
Number of nets:           1992

[INFO DRT-0167] List of default vias:
  Layer via2
    default via: via2_5
  Layer via3
    default via: via3_2
  Layer via4
    default via: via4_0
  Layer via5
    default via: via5_0
  Layer via6
    default via: via6_0
  Layer via7
    default via: via7_0
  Layer via8
    default via: via8_0
  Layer via9
    default via: via9_0
[INFO DRT-0162] Library cell analysis.
[INFO DRT-0163] Instance analysis.
[INFO DRT-0164] Number of unique instances = 33.
[INFO DRT-0168] Init region query.
[INFO DRT-0024]   Complete active.
[INFO DRT-0024]   Complete Fr_VIA.
[INFO DRT-0024]   Complete metal1.
[INFO DRT-0024]   Complete via1.
[INFO DRT-0024]   Complete metal2.
[INFO DRT-0024]   Complete via2.
[INFO DRT-0024]   Complete metal3.
[INFO DRT-0024]   Complete via3.
[INFO DRT-0024]   Complete metal4.
[INFO DRT-0024]   Complete via4.
[INFO DRT-0024]   Complete metal5.
[INFO DRT-0024]   Complete via5.
[INFO DRT-0024]   Complete metal6.
[INFO DRT-0024]   Complete via6.
[INFO DRT-0024]   Complete metal7.
[INFO DRT-0024]   Complete via7.
[INFO DRT-0024]   Complete metal8.
[INFO DRT-0024]   Complete via8.
[INFO DRT-0024]   Complete metal9.
[INFO DRT-0024]   Complete via9.
[INFO DRT-0024]   Complete metal10.
[INFO DRT-0033] active shape region query size = 0.
[INFO DRT-0033] FR_VIA shape region query size = 0.
[INFO DRT-0033] metal1 shape region query size = 29358.
[INFO DRT-0033] via1 shape region query size = 270.
[INFO DRT-0033] metal2 shape region query size = 180.
[INFO DRT-0033] via2 shape region query size = 270.
[INFO DRT-0033] metal3 shape region query size = 180.
[INFO DRT-0033] via3 shape region query size = 270.
[INFO DRT-0033] metal4 shape region query size = 102.
[INFO DRT-0033] via4 shape region query size = 90.
[INFO DRT-0033] metal5 shape region query size = 65.
[INFO DRT-0033] via5 shape region query size = 90.
[INFO DRT-0033] metal6 shape region query size = 61.
[INFO DRT-0033] via6 shape region query size = 36.
[INFO DRT-0033] metal7 shape region query size = 21.
[INFO DRT-0033] via7 shape region query size = 0.
[INFO DRT-0033] metal8 shape region query size = 0.
[INFO DRT-0033] via8 shape region query size = 0.
[INFO DRT-0033] metal9 shape region query size = 0.
[INFO DRT-0033] via9 shape region query size = 0.
[INFO DRT-0033] metal10 shape region query size = 0.
[INFO DRT-0165] Start pin access.
[INFO DRT-0078]   Complete 156 pins.
[INFO DRT-0081]   Complete 33 unique inst patterns.
[INFO DRT-0084]   Complete 1134 groups.
#scanned instances     = 2086
#unique  instances     = 33
#stdCellGenAp          = 654
#stdCellValidPlanarAp  = 0
#stdCellValidViaAp     = 523
#stdCellPinNoAp        = 0
#stdCellPinCnt         = 5891
#instTermValidViaApCnt = 0
#macroGenAp            = 0
#macroValidPlanarAp    = 0
#macroValidViaAp       = 0
#macroNoAp             = 0
[INFO DRT-0166] Complete pin access.
[INFO DRT-0267] cpu time = 00:00:13, elapsed time = 00:00:03, memory = 116.58 (MB), peak = 116.31 (MB)
set_global_routing_random -seed 23
global_route -congestion_report_file ./reports/nangate45/s5378/phase0c_f3e7b516a_s23_k2_P_a05c9e53_7f655d61/congestion.rpt -congestion_iterations 30 -congestion_report_iter_step 5 -verbose
[INFO GRT-0020] Min routing layer: metal2
[INFO GRT-0021] Max routing layer: metal10
[INFO GRT-0022] Global adjustment: 0%
[INFO GRT-0023] Grid origin: (0, 0)
[INFO GRT-0088] Layer metal1  Track-Pitch = 0.1400  line-2-Via Pitch: 0.1350
[INFO GRT-0088] Layer metal2  Track-Pitch = 0.1900  line-2-Via Pitch: 0.1400
[INFO GRT-0088] Layer metal3  Track-Pitch = 0.1400  line-2-Via Pitch: 0.1400
[INFO GRT-0088] Layer metal4  Track-Pitch = 0.2800  line-2-Via Pitch: 0.2800
[INFO GRT-0088] Layer metal5  Track-Pitch = 0.2800  line-2-Via Pitch: 0.2800
[INFO GRT-0088] Layer metal6  Track-Pitch = 0.2800  line-2-Via Pitch: 0.2800
[INFO GRT-0088] Layer metal7  Track-Pitch = 0.8000  line-2-Via Pitch: 0.8000
[INFO GRT-0088] Layer metal8  Track-Pitch = 0.8000  line-2-Via Pitch: 0.8000
[INFO GRT-0088] Layer metal9  Track-Pitch = 1.6000  line-2-Via Pitch: 1.6000
[INFO GRT-0088] Layer metal10 Track-Pitch = 1.6000  line-2-Via Pitch: 1.6000
[INFO GRT-0003] Macros: 0
[INFO GRT-0004] Blockages: 0
[INFO GRT-0019] Found 18 clock nets.
[INFO GRT-0001] Minimum degree: 2
[INFO GRT-0002] Maximum degree: 59

[INFO GRT-0053] Routing resources analysis:
          Routing      Original      Derated      Resource
Layer     Direction    Resources     Resources    Reduction (%)
---------------------------------------------------------------
metal1     Horizontal          0             0          0.00%
metal2     Vertical        12818          6032          52.94%
metal3     Horizontal      17709          8695          50.90%
metal4     Vertical         8700          6148          29.33%
metal5     Horizontal       8855          6255          29.36%
metal6     Vertical         8880          6276          29.32%
metal7     Horizontal       2726          1972          27.66%
metal8     Vertical         3103          2233          28.04%
metal9     Horizontal       1537           870          43.40%
metal10    Vertical         1537           870          43.40%
---------------------------------------------------------------

[INFO GRT-0197] Via related to pin nodes: 11352
[INFO GRT-0198] Via related Steiner nodes: 219
[INFO GRT-0199] Via filling finished.
[INFO GRT-0111] Final number of vias: 14761
[INFO GRT-0112] Final usage 3D: 53276

[INFO GRT-0096] Final congestion report:
Layer         Resource        Demand        Usage (%)    Max H / Max V / Total Overflow
---------------------------------------------------------------------------------------
metal1               0             0            0.00%             0 /  0 /  0
metal2            6032          3365           55.79%             0 /  0 /  0
metal3            8695          3741           43.02%             0 /  0 /  0
metal4            6148          1188           19.32%             0 /  0 /  0
metal5            6255           474            7.58%             0 /  0 /  0
metal6            6276           225            3.59%             0 /  0 /  0
metal7            1972             0            0.00%             0 /  0 /  0
metal8            2233             0            0.00%             0 /  0 /  0
metal9             870             0            0.00%             0 /  0 /  0
metal10            870             0            0.00%             0 /  0 /  0
---------------------------------------------------------------------------------------
Total            39351          8993           22.85%             0 /  0 /  0

[INFO GRT-0018] Total wirelength: 39714 um
[INFO GRT-0014] Routed nets: 1992
[INFO GRT-0303] Global routing runtime = 00:00:00
estimate_parasitics -global_routing
Perform buffer insertion and gate resizing...
repair_design -verbose
Iteration |   Area    | Resized | Buffers | Nets repaired | Remaining
---------------------------------------------------------------------
        0 |     +0.0% |       0 |       0 |             0 |      2186
       10 |     +0.0% |       0 |       0 |             0 |      2176
       20 |     +0.0% |       0 |       0 |             0 |      2166
       30 |     +0.0% |       0 |       0 |             0 |      2156
       40 |     +0.0% |       0 |       0 |             0 |      2146
       50 |     +0.0% |       0 |       0 |             0 |      2136
       60 |     +0.0% |       0 |       0 |             0 |      2126
       70 |     +0.0% |       0 |       0 |             0 |      2116
       80 |     +0.0% |       0 |       0 |             0 |      2106
       90 |     +0.0% |       0 |       0 |             0 |      2096
      100 |     +0.0% |       0 |       0 |             0 |      2086
      110 |     +0.0% |       0 |       0 |             0 |      2076
      120 |     +0.0% |       0 |       0 |             0 |      2066
      130 |     +0.0% |       0 |       0 |             0 |      2056
      140 |     +0.0% |       0 |       0 |             0 |      2046
      150 |     +0.0% |       0 |       0 |             0 |      2036
      160 |     +0.0% |       0 |       0 |             0 |      2026
      170 |     +0.0% |       0 |       0 |             0 |      2016
      180 |     +0.0% |       0 |       0 |             0 |      2006
      190 |     +0.0% |       0 |       0 |             0 |      1996
      200 |     +0.0% |       0 |       0 |             0 |      1986
      210 |     +0.0% |       0 |       0 |             0 |      1976
      220 |     +0.0% |       0 |       0 |             0 |      1966
      230 |     +0.0% |       0 |       0 |             0 |      1956
      240 |     +0.0% |       0 |       0 |             0 |      1946
      250 |     +0.0% |       0 |       0 |             0 |      1936
      260 |     +0.0% |       0 |       0 |             0 |      1926
      270 |     +0.0% |       0 |       0 |             0 |      1916
      280 |     +0.0% |       0 |       0 |             0 |      1906
      290 |     +0.0% |       0 |       0 |             0 |      1896
      300 |     +0.0% |       0 |       0 |             0 |      1886
      310 |     +0.0% |       0 |       0 |             0 |      1876
      320 |     +0.0% |       0 |       0 |             0 |      1866
      330 |     +0.0% |       0 |       0 |             0 |      1856
      340 |     +0.0% |       0 |       0 |             0 |      1846
      350 |     +0.0% |       0 |       0 |             0 |      1836
      360 |     +0.0% |       0 |       0 |             0 |      1826
      370 |     +0.0% |       0 |       0 |             0 |      1816
      380 |     +0.0% |       0 |       0 |             0 |      1806
      390 |     +0.0% |       0 |       0 |             0 |      1796
      400 |     +0.0% |       0 |       0 |             0 |      1786
      410 |     +0.0% |       0 |       0 |             0 |      1776
      420 |     +0.0% |       0 |       0 |             0 |      1766
      430 |     +0.0% |       0 |       0 |             0 |      1756
      440 |     +0.0% |       0 |       0 |             0 |      1746
      450 |     +0.0% |       0 |       0 |             0 |      1736
      460 |     +0.0% |       0 |       0 |             0 |      1726
      470 |     +0.0% |       0 |       0 |             0 |      1716
      480 |     +0.0% |       0 |       0 |             0 |      1706
      490 |     +0.0% |       0 |       0 |             0 |      1696
      500 |     +0.0% |       0 |       0 |             0 |      1686
      510 |     +0.0% |       0 |       0 |             0 |      1676
      520 |     +0.0% |       0 |       0 |             0 |      1666
      530 |     +0.0% |       0 |       0 |             0 |      1656
      540 |     +0.0% |       0 |       0 |             0 |      1646
      550 |     +0.0% |       0 |       0 |             0 |      1636
      560 |     +0.0% |       0 |       0 |             0 |      1626
      570 |     +0.0% |       0 |       0 |             0 |      1616
      580 |     +0.0% |       0 |       0 |             0 |      1606
      590 |     +0.0% |       0 |       0 |             0 |      1596
      600 |     +0.0% |       0 |       0 |             0 |      1586
      610 |     +0.0% |       0 |       0 |             0 |      1576
      620 |     +0.0% |       0 |       0 |             0 |      1566
      630 |     +0.0% |       0 |       0 |             0 |      1556
      640 |     +0.0% |       0 |       0 |             0 |      1546
      650 |     +0.0% |       0 |       0 |             0 |      1536
      660 |     +0.0% |       0 |       0 |             0 |      1526
      670 |     +0.0% |       0 |       0 |             0 |      1516
      680 |     +0.0% |       0 |       0 |             0 |      1506
      690 |     +0.0% |       0 |       0 |             0 |      1496
      700 |     +0.0% |       0 |       0 |             0 |      1486
      710 |     +0.0% |       0 |       0 |             0 |      1476
      720 |     +0.0% |       0 |       0 |             0 |      1466
      730 |     +0.0% |       0 |       0 |             0 |      1456
      740 |     +0.0% |       0 |       0 |             0 |      1446
      750 |     +0.0% |       0 |       0 |             0 |      1436
      760 |     +0.0% |       0 |       0 |             0 |      1426
      770 |     +0.0% |       0 |       0 |             0 |      1416
      780 |     +0.0% |       0 |       0 |             0 |      1406
      790 |     +0.0% |       0 |       0 |             0 |      1396
      800 |     +0.0% |       0 |       0 |             0 |      1386
      810 |     +0.0% |       0 |       0 |             0 |      1376
      820 |     +0.0% |       0 |       0 |             0 |      1366
      830 |     +0.0% |       0 |       0 |             0 |      1356
      840 |     +0.0% |       0 |       0 |             0 |      1346
      850 |     +0.0% |       0 |       0 |             0 |      1336
      860 |     +0.0% |       0 |       0 |             0 |      1326
      870 |     +0.0% |       0 |       0 |             0 |      1316
      880 |     +0.0% |       0 |       0 |             0 |      1306
      890 |     +0.0% |       0 |       0 |             0 |      1296
      900 |     +0.0% |       0 |       0 |             0 |      1286
      910 |     +0.0% |       0 |       0 |             0 |      1276
      920 |     +0.0% |       0 |       0 |             0 |      1266
      930 |     +0.0% |       0 |       0 |             0 |      1256
      940 |     +0.0% |       0 |       0 |             0 |      1246
      950 |     +0.0% |       0 |       0 |             0 |      1236
      960 |     +0.0% |       0 |       0 |             0 |      1226
      970 |     +0.0% |       0 |       0 |             0 |      1216
      980 |     +0.0% |       0 |       0 |             0 |      1206
      990 |     +0.0% |       0 |       0 |             0 |      1196
     1000 |     +0.0% |       0 |       0 |             0 |      1186
     1010 |     +0.0% |       0 |       0 |             0 |      1176
     1020 |     +0.0% |       0 |       0 |             0 |      1166
     1030 |     +0.0% |       0 |       0 |             0 |      1156
     1040 |     +0.0% |       0 |       0 |             0 |      1146
     1050 |     +0.0% |       0 |       0 |             0 |      1136
     1060 |     +0.0% |       0 |       0 |             0 |      1126
     1070 |     +0.0% |       0 |       0 |             0 |      1116
     1080 |     +0.0% |       0 |       0 |             0 |      1106
     1090 |     +0.0% |       0 |       0 |             0 |      1096
     1100 |     +0.0% |       0 |       0 |             0 |      1086
     1110 |     +0.0% |       0 |       0 |             0 |      1076
     1120 |     +0.0% |       0 |       0 |             0 |      1066
     1130 |     +0.0% |       0 |       0 |             0 |      1056
     1140 |     +0.0% |       0 |       0 |             0 |      1046
     1150 |     +0.0% |       0 |       0 |             0 |      1036
     1160 |     +0.0% |       0 |       0 |             0 |      1026
     1170 |     +0.0% |       0 |       0 |             0 |      1016
     1180 |     +0.0% |       0 |       0 |             0 |      1006
     1190 |     +0.0% |       0 |       0 |             0 |       996
     1200 |     +0.0% |       0 |       0 |             0 |       986
     1210 |     +0.0% |       0 |       0 |             0 |       976
     1220 |     +0.0% |       0 |       0 |             0 |       966
     1230 |     +0.0% |       0 |       0 |             0 |       956
     1240 |     +0.0% |       0 |       0 |             0 |       946
     1250 |     +0.0% |       0 |       0 |             0 |       936
     1260 |     +0.0% |       0 |       0 |             0 |       926
     1270 |     +0.0% |       0 |       0 |             0 |       916
     1280 |     +0.0% |       0 |       0 |             0 |       906
     1290 |     +0.0% |       0 |       0 |             0 |       896
     1300 |     +0.0% |       0 |       0 |             0 |       886
     1310 |     +0.0% |       0 |       0 |             0 |       876
     1320 |     +0.0% |       0 |       0 |             0 |       866
     1330 |     +0.0% |       0 |       0 |             0 |       856
     1340 |     +0.0% |       0 |       0 |             0 |       846
     1350 |     +0.0% |       0 |       0 |             0 |       836
     1360 |     +0.0% |       0 |       0 |             0 |       826
     1370 |     +0.0% |       0 |       0 |             0 |       816
     1380 |     +0.0% |       0 |       0 |             0 |       806
     1390 |     +0.0% |       0 |       0 |             0 |       796
     1400 |     +0.0% |       0 |       0 |             0 |       786
     1410 |     +0.0% |       0 |       0 |             0 |       776
     1420 |     +0.0% |       0 |       0 |             0 |       766
     1430 |     +0.0% |       0 |       0 |             0 |       756
     1440 |     +0.0% |       0 |       0 |             0 |       746
     1450 |     +0.0% |       0 |       0 |             0 |       736
     1460 |     +0.0% |       0 |       0 |             0 |       726
     1470 |     +0.0% |       0 |       0 |             0 |       716
     1480 |     +0.0% |       0 |       0 |             0 |       706
     1490 |     +0.0% |       0 |       0 |             0 |       696
     1500 |     +0.0% |       0 |       0 |             0 |       686
     1510 |     +0.0% |       0 |       0 |             0 |       676
     1520 |     +0.0% |       0 |       0 |             0 |       666
     1530 |     +0.0% |       0 |       0 |             0 |       656
     1540 |     +0.0% |       0 |       0 |             0 |       646
     1550 |     +0.0% |       0 |       0 |             0 |       636
     1560 |     +0.0% |       0 |       0 |             0 |       626
     1570 |     +0.0% |       0 |       0 |             0 |       616
     1580 |     +0.0% |       0 |       0 |             0 |       606
     1590 |     +0.0% |       0 |       0 |             0 |       596
     1600 |     +0.0% |       0 |       0 |             0 |       586
     1610 |     +0.0% |       0 |       0 |             0 |       576
     1620 |     +0.0% |       0 |       0 |             0 |       566
     1630 |     +0.0% |       0 |       0 |             0 |       556
     1640 |     +0.0% |       0 |       0 |             0 |       546
     1650 |     +0.0% |       0 |       0 |             0 |       536
     1660 |     +0.0% |       0 |       0 |             0 |       526
     1670 |     +0.0% |       0 |       0 |             0 |       516
     1680 |     +0.0% |       0 |       0 |             0 |       506
     1690 |     +0.0% |       0 |       0 |             0 |       496
     1700 |     +0.0% |       0 |       0 |             0 |       486
     1710 |     +0.0% |       0 |       0 |             0 |       476
     1720 |     +0.0% |       0 |       0 |             0 |       466
     1730 |     +0.0% |       0 |       0 |             0 |       456
     1740 |     +0.0% |       0 |       0 |             0 |       446
     1750 |     +0.0% |       0 |       0 |             0 |       436
     1760 |     +0.0% |       0 |       0 |             0 |       426
     1770 |     +0.0% |       0 |       0 |             0 |       416
     1780 |     +0.0% |       0 |       0 |             0 |       406
     1790 |     +0.0% |       0 |       0 |             0 |       396
     1800 |     +0.0% |       0 |       0 |             0 |       386
     1810 |     +0.0% |       0 |       0 |             0 |       376
     1820 |     +0.0% |       0 |       0 |             0 |       366
     1830 |     +0.0% |       0 |       0 |             0 |       356
     1840 |     +0.0% |       0 |       0 |             0 |       346
     1850 |     +0.0% |       0 |       0 |             0 |       336
     1860 |     +0.0% |       0 |       0 |             0 |       326
     1870 |     +0.0% |       0 |       0 |             0 |       316
     1880 |     +0.0% |       0 |       0 |             0 |       306
     1890 |     +0.0% |       0 |       0 |             0 |       296
     1900 |     +0.0% |       0 |       0 |             0 |       286
     1910 |     +0.0% |       0 |       0 |             0 |       276
     1920 |     +0.0% |       0 |       0 |             0 |       266
     1930 |     +0.0% |       0 |       0 |             0 |       256
     1940 |     +0.0% |       0 |       0 |             0 |       246
     1950 |     +0.0% |       0 |       0 |             0 |       236
     1960 |     +0.0% |       0 |       0 |             0 |       226
     1970 |     +0.0% |       0 |       0 |             0 |       216
     1980 |     +0.0% |       0 |       0 |             0 |       206
     1990 |     +0.0% |       0 |       0 |             0 |       196
     2000 |     +0.0% |       0 |       0 |             0 |       186
     2010 |     +0.0% |       0 |       0 |             0 |       176
     2020 |     +0.0% |       0 |       0 |             0 |       166
     2030 |     +0.0% |       0 |       0 |             0 |       156
     2040 |     +0.0% |       0 |       0 |             0 |       146
     2050 |     +0.0% |       0 |       0 |             0 |       136
     2060 |     +0.0% |       0 |       0 |             0 |       126
     2070 |     +0.0% |       0 |       0 |             0 |       116
     2080 |     +0.0% |       0 |       0 |             0 |       106
     2090 |     +0.0% |       0 |       0 |             0 |        96
     2100 |     +0.0% |       0 |       0 |             0 |        86
     2110 |     +0.0% |       0 |       0 |             0 |        76
     2120 |     +0.0% |       0 |       0 |             0 |        66
     2130 |     +0.0% |       0 |       0 |             0 |        56
     2140 |     +0.0% |       0 |       0 |             0 |        46
     2150 |     +0.0% |       0 |       0 |             0 |        36
     2160 |     +0.0% |       0 |       0 |             0 |        26
     2170 |     +0.0% |       0 |       0 |             0 |        16
     2180 |     +0.0% |       0 |       0 |             0 |         6
    final |     +0.0% |       0 |       0 |             0 |         0
---------------------------------------------------------------------
global_route -start_incremental
detailed_placement
[INFO DPL-0006] Core area: 6921.05 um^2, Instances area: 2596.96 um^2, Utilization: 37.5%
[INFO DPL-0005] Diamond search max displacement: +/- 500 sites horizontally, +/- 100 rows vertically.
[INFO DPL-1101] Legalizing using diamond search.
Movements Summary
---------------------------------------
Total cells:                    1968
Diamond Move Success:           1968 (100.00%)
Diamond Move Failure:              0
Rip-up and replace Success:        0 (  0.00% of diamond failures)
Rip-up and replace Failure:        0
Total Placement Failures:          0
---------------------------------------
Placement Analysis
---------------------------------
total displacement          0.0 u
average displacement        0.0 u
max displacement            0.0 u
original HPWL           23354.0 u
legalized HPWL          23354.0 u
delta HPWL                    0 %

global_route -end_incremental -congestion_report_file ./reports/nangate45/s5378/phase0c_f3e7b516a_s23_k2_P_a05c9e53_7f655d61/congestion_post_repair_design.rpt
Repair setup and hold violations...
estimate_parasitics -global_routing
repair_timing -setup_margin 0 -hold_margin 0 -repair_tns 100 -verbose
[INFO RSZ-0100] Repair move sequence: UnbufferMove SizeUpMove SwapPinsMove BufferMove CloneMove SplitLoadMove 
[INFO RSZ-0098] No setup violations found
[INFO RSZ-0046] Found 1 endpoints with hold violations.
Iteration | Resized | Buffers | Cloned Gates |   Area   |   WNS   |   TNS   | Endpoint
--------------------------------------------------------------------------------------
        0 |       0 |       0 |            0 |    +0.0% |  -0.000 |  -0.000 | U_n816gat/D
    final |       0 |       1 |            0 |    +0.0% |   0.001 |   0.000 | U_n584gat/D
--------------------------------------------------------------------------------------
[INFO RSZ-0032] Inserted 1 hold buffers.
global_route -start_incremental
detailed_placement
[INFO DPL-0006] Core area: 6921.05 um^2, Instances area: 2597.76 um^2, Utilization: 37.5%
[INFO DPL-0005] Diamond search max displacement: +/- 500 sites horizontally, +/- 100 rows vertically.
[INFO DPL-1101] Legalizing using diamond search.
Movements Summary
---------------------------------------
Total cells:                    1969
Diamond Move Success:           1969 (100.00%)
Diamond Move Failure:              0
Rip-up and replace Success:        0 (  0.00% of diamond failures)
Rip-up and replace Failure:        0
Total Placement Failures:          0
---------------------------------------
Placement Analysis
---------------------------------
total displacement          8.6 u
average displacement        0.0 u
max displacement            2.7 u
original HPWL           23354.4 u
legalized HPWL          23356.2 u
delta HPWL                    0 %

check_placement -verbose
global_route -end_incremental -congestion_report_file ./reports/nangate45/s5378/phase0c_f3e7b516a_s23_k2_P_a05c9e53_7f655d61/congestion_post_repair_timing.rpt
estimate_parasitics -global_routing
global_route -start_incremental
global_route -end_incremental -congestion_report_file ./reports/nangate45/s5378/phase0c_f3e7b516a_s23_k2_P_a05c9e53_7f655d61/congestion_post_recover_power.rpt
Repair antennas...
[WARNING GRT-0246] No diode with LEF class CORE ANTENNACELL found.
[INFO ANT-0002] Found 0 net violations.
[INFO ANT-0001] Found 0 pin violations.
Estimate parasitics...
estimate_parasitics -global_routing
Report metrics stage 5, global route...

==========================================================================
global route report_design_area
--------------------------------------------------------------------------
Design area 2598 um^2 38% utilization.
[INFO FLW-0007] clock clk period 10.000000
[INFO FLW-0008] Clock clk period 0.871
[INFO FLW-0009] Clock clk slack 9.083
write_sdc -no_timestamp ./results/nangate45/s5378/phase0c_f3e7b516a_s23_k2_P_a05c9e53_7f655d61/updated_clks.sdc
[INFO FLW-0011] Path endpoint path count 782
write_db ./results/nangate45/s5378/phase0c_f3e7b516a_s23_k2_P_a05c9e53_7f655d61/5_1_grt.odb
write_sdc -no_timestamp ./results/nangate45/s5378/phase0c_f3e7b516a_s23_k2_P_a05c9e53_7f655d61/5_1_grt.sdc
Log                       Ext     Elapsed/s Peak Memory/MB sha1sum result [0:20)
5_1_grt                   .odb            7            302 d6e7f48353014478566f
5_1_grt                   .sdc                             dc3b136b356fec3f3ef5
/root/pact-deps/OpenROAD-flow-scripts/flow/scripts/flow.sh 5_2_route detail_route
Running detail_route.tcl, stage 5_2_route
read_liberty /root/pact-deps/OpenROAD-flow-scripts/flow/platforms/nangate45/lib/NangateOpenCellLibrary_typical.lib
read_db ./results/nangate45/s5378/phase0c_f3e7b516a_s23_k2_P_a05c9e53_7f655d61/5_1_grt.odb
read_sdc ./results/nangate45/s5378/phase0c_f3e7b516a_s23_k2_P_a05c9e53_7f655d61/5_1_grt.sdc
source /root/pact-deps/OpenROAD-flow-scripts/flow/platforms/nangate45/setRC.tcl
detailed_route -output_drc ./reports/nangate45/s5378/phase0c_f3e7b516a_s23_k2_P_a05c9e53_7f655d61/5_route_drc.rpt -output_maze ./results/nangate45/s5378/phase0c_f3e7b516a_s23_k2_P_a05c9e53_7f655d61/maze.log -droute_end_iter 64 -verbose 1 -drc_report_iter_step 5
[INFO DRT-0149] Reading tech and libs.

Units:                2000
Number of layers:     21
Number of macros:     135
Number of vias:       33
Number of viarulegen: 19

[INFO DRT-0150] Reading design.

Design:                   s5378
Die area:                 ( 0 0 ) ( 171970 171970 )
Number of track patterns: 20
Number of DEF vias:       0
Number of components:     2087
Number of terminals:      92
Number of snets:          2
Number of nets:           1993

[INFO DRT-0167] List of default vias:
  Layer via2
    default via: via2_5
  Layer via3
    default via: via3_2
  Layer via4
    default via: via4_0
  Layer via5
    default via: via5_0
  Layer via6
    default via: via6_0
  Layer via7
    default via: via7_0
  Layer via8
    default via: via8_0
  Layer via9
    default via: via9_0
[INFO DRT-0162] Library cell analysis.
[INFO DRT-0163] Instance analysis.
[INFO DRT-0164] Number of unique instances = 33.
[INFO DRT-0168] Init region query.
[INFO DRT-0024]   Complete active.
[INFO DRT-0024]   Complete Fr_VIA.
[INFO DRT-0024]   Complete metal1.
[INFO DRT-0024]   Complete via1.
[INFO DRT-0024]   Complete metal2.
[INFO DRT-0024]   Complete via2.
[INFO DRT-0024]   Complete metal3.
[INFO DRT-0024]   Complete via3.
[INFO DRT-0024]   Complete metal4.
[INFO DRT-0024]   Complete via4.
[INFO DRT-0024]   Complete metal5.
[INFO DRT-0024]   Complete via5.
[INFO DRT-0024]   Complete metal6.
[INFO DRT-0024]   Complete via6.
[INFO DRT-0024]   Complete metal7.
[INFO DRT-0024]   Complete via7.
[INFO DRT-0024]   Complete metal8.
[INFO DRT-0024]   Complete via8.
[INFO DRT-0024]   Complete metal9.
[INFO DRT-0024]   Complete via9.
[INFO DRT-0024]   Complete metal10.
[INFO DRT-0033] active shape region query size = 0.
[INFO DRT-0033] FR_VIA shape region query size = 0.
[INFO DRT-0033] metal1 shape region query size = 29369.
[INFO DRT-0033] via1 shape region query size = 270.
[INFO DRT-0033] metal2 shape region query size = 180.
[INFO DRT-0033] via2 shape region query size = 270.
[INFO DRT-0033] metal3 shape region query size = 180.
[INFO DRT-0033] via3 shape region query size = 270.
[INFO DRT-0033] metal4 shape region query size = 102.
[INFO DRT-0033] via4 shape region query size = 90.
[INFO DRT-0033] metal5 shape region query size = 65.
[INFO DRT-0033] via5 shape region query size = 90.
[INFO DRT-0033] metal6 shape region query size = 61.
[INFO DRT-0033] via6 shape region query size = 36.
[INFO DRT-0033] metal7 shape region query size = 21.
[INFO DRT-0033] via7 shape region query size = 0.
[INFO DRT-0033] metal8 shape region query size = 0.
[INFO DRT-0033] via8 shape region query size = 0.
[INFO DRT-0033] metal9 shape region query size = 0.
[INFO DRT-0033] via9 shape region query size = 0.
[INFO DRT-0033] metal10 shape region query size = 0.
[INFO DRT-0165] Start pin access.
[INFO DRT-0078]   Complete 156 pins.
[INFO DRT-0081]   Complete 33 unique inst patterns.
[INFO DRT-0084]   Complete 1132 groups.
#scanned instances     = 2087
#unique  instances     = 33
#stdCellGenAp          = 654
#stdCellValidPlanarAp  = 0
#stdCellValidViaAp     = 523
#stdCellPinNoAp        = 0
#stdCellPinCnt         = 5893
#instTermValidViaApCnt = 0
#macroGenAp            = 0
#macroValidPlanarAp    = 0
#macroValidViaAp       = 0
#macroNoAp             = 0
[INFO DRT-0166] Complete pin access.
[INFO DRT-0267] cpu time = 00:00:14, elapsed time = 00:00:03, memory = 261.88 (MB), peak = 261.53 (MB)

[INFO DRT-0157] Number of guides:     16085

[INFO DRT-0169] Post process guides.
[INFO DRT-0176] GCELLGRID X 0 DO 30 STEP 5700 ;
[INFO DRT-0177] GCELLGRID Y 0 DO 30 STEP 5700 ;
[INFO DRT-0028]   Complete active.
[INFO DRT-0028]   Complete Fr_VIA.
[INFO DRT-0028]   Complete metal1.
[INFO DRT-0028]   Complete via1.
[INFO DRT-0028]   Complete metal2.
[INFO DRT-0028]   Complete via2.
[INFO DRT-0028]   Complete metal3.
[INFO DRT-0028]   Complete via3.
[INFO DRT-0028]   Complete metal4.
[INFO DRT-0028]   Complete via4.
[INFO DRT-0028]   Complete metal5.
[INFO DRT-0028]   Complete via5.
[INFO DRT-0028]   Complete metal6.
[INFO DRT-0028]   Complete via6.
[INFO DRT-0028]   Complete metal7.
[INFO DRT-0028]   Complete via7.
[INFO DRT-0028]   Complete metal8.
[INFO DRT-0028]   Complete via8.
[INFO DRT-0028]   Complete metal9.
[INFO DRT-0028]   Complete via9.
[INFO DRT-0028]   Complete metal10.
[INFO DRT-0178] Init guide query.
[INFO DRT-0035]   Complete active (guide).
[INFO DRT-0035]   Complete Fr_VIA (guide).
[INFO DRT-0035]   Complete metal1 (guide).
[INFO DRT-0035]   Complete via1 (guide).
[INFO DRT-0035]   Complete metal2 (guide).
[INFO DRT-0035]   Complete via2 (guide).
[INFO DRT-0035]   Complete metal3 (guide).
[INFO DRT-0035]   Complete via3 (guide).
[INFO DRT-0035]   Complete metal4 (guide).
[INFO DRT-0035]   Complete via4 (guide).
[INFO DRT-0035]   Complete metal5 (guide).
[INFO DRT-0035]   Complete via5 (guide).
[INFO DRT-0035]   Complete metal6 (guide).
[INFO DRT-0035]   Complete via6 (guide).
[INFO DRT-0035]   Complete metal7 (guide).
[INFO DRT-0035]   Complete via7 (guide).
[INFO DRT-0035]   Complete metal8 (guide).
[INFO DRT-0035]   Complete via8 (guide).
[INFO DRT-0035]   Complete metal9 (guide).
[INFO DRT-0035]   Complete via9 (guide).
[INFO DRT-0035]   Complete metal10 (guide).
[INFO DRT-0036] active guide region query size = 0.
[INFO DRT-0036] FR_VIA guide region query size = 0.
[INFO DRT-0036] metal1 guide region query size = 5231.
[INFO DRT-0036] via1 guide region query size = 0.
[INFO DRT-0036] metal2 guide region query size = 4775.
[INFO DRT-0036] via2 guide region query size = 0.
[INFO DRT-0036] metal3 guide region query size = 2682.
[INFO DRT-0036] via3 guide region query size = 0.
[INFO DRT-0036] metal4 guide region query size = 486.
[INFO DRT-0036] via4 guide region query size = 0.
[INFO DRT-0036] metal5 guide region query size = 203.
[INFO DRT-0036] via5 guide region query size = 0.
[INFO DRT-0036] metal6 guide region query size = 68.
[INFO DRT-0036] via6 guide region query size = 0.
[INFO DRT-0036] metal7 guide region query size = 0.
[INFO DRT-0036] via7 guide region query size = 0.
[INFO DRT-0036] metal8 guide region query size = 0.
[INFO DRT-0036] via8 guide region query size = 0.
[INFO DRT-0036] metal9 guide region query size = 0.
[INFO DRT-0036] via9 guide region query size = 0.
[INFO DRT-0036] metal10 guide region query size = 0.
[INFO DRT-0179] Init gr pin query.
[INFO DRT-0267] cpu time = 00:00:00, elapsed time = 00:00:00, memory = 267.68 (MB), peak = 267.40 (MB)
[INFO DRT-0245] skipped writing guide updates to database.
[INFO DRT-0181] Start track assignment.
[INFO DRT-0184] Done with 5329 vertical wires in 1 frboxes and 8116 horizontal wires in 1 frboxes.
[INFO DRT-0186] Done with 1619 vertical wires in 1 frboxes and 1717 horizontal wires in 1 frboxes.
[INFO DRT-0182] Complete track assignment.
[INFO DRT-0267] cpu time = 00:00:01, elapsed time = 00:00:01, memory = 299.37 (MB), peak = 299.02 (MB)
[INFO DRT-0187] Start routing data preparation.
[INFO DRT-0267] cpu time = 00:00:00, elapsed time = 00:00:00, memory = 300.38 (MB), peak = 300.02 (MB)
[INFO DRT-0194] Start detail routing.
[INFO DRT-0195] Start 0th optimization iteration.
    Completing 10% with 0 violations.
    elapsed time = 00:00:00, memory = 342.79 (MB).
    Completing 20% with 0 violations.
    elapsed time = 00:00:00, memory = 353.01 (MB).
    Completing 30% with 0 violations.
    elapsed time = 00:00:02, memory = 338.07 (MB).
    Completing 40% with 87 violations.
    elapsed time = 00:00:05, memory = 380.44 (MB).
    Completing 50% with 87 violations.
    elapsed time = 00:00:05, memory = 367.50 (MB).
    Completing 60% with 87 violations.
    elapsed time = 00:00:06, memory = 338.48 (MB).
    Completing 70% with 157 violations.
    elapsed time = 00:00:07, memory = 384.80 (MB).
    Completing 80% with 157 violations.
    elapsed time = 00:00:10, memory = 369.54 (MB).
    Completing 90% with 272 violations.
    elapsed time = 00:00:13, memory = 405.64 (MB).
    Completing 100% with 388 violations.
    elapsed time = 00:00:15, memory = 387.09 (MB).
[INFO DRT-0199]   Number of violations = 501.
Viol/Layer      metal1   via1 metal2 metal3 metal4   via4
Cut Spacing          0      0      0      0      0      2
Metal Spacing        0      0     33      3      0      0
Recheck              2      0     67     42      2      0
Short                0      1    316     32      1      0
[INFO DRT-0267] cpu time = 00:00:39, elapsed time = 00:00:16, memory = 916.66 (MB), peak = 916.07 (MB)
Total wire length = 26244 um.
Total wire length on LAYER metal1 = 0 um.
Total wire length on LAYER metal2 = 10099 um.
Total wire length on LAYER metal3 = 11184 um.
Total wire length on LAYER metal4 = 3151 um.
Total wire length on LAYER metal5 = 1131 um.
Total wire length on LAYER metal6 = 677 um.
Total wire length on LAYER metal7 = 0 um.
Total wire length on LAYER metal8 = 0 um.
Total wire length on LAYER metal9 = 0 um.
Total wire length on LAYER metal10 = 0 um.
Total number of vias = 13392.
Up-via summary (total 13392):

----------------
 active        0
 metal1     5924
 metal2     6422
 metal3      698
 metal4      257
 metal5       91
 metal6        0
 metal7        0
 metal8        0
 metal9        0
----------------
       13392


[INFO DRT-0195] Start 1st optimization iteration.
    Completing 10% with 501 violations.
    elapsed time = 00:00:00, memory = 922.82 (MB).
    Completing 20% with 501 violations.
    elapsed time = 00:00:00, memory = 922.82 (MB).
    Completing 30% with 501 violations.
    elapsed time = 00:00:02, memory = 922.91 (MB).
    Completing 40% with 423 violations.
    elapsed time = 00:00:03, memory = 965.23 (MB).
    Completing 50% with 423 violations.
    elapsed time = 00:00:04, memory = 965.23 (MB).
    Completing 60% with 423 violations.
    elapsed time = 00:00:07, memory = 924.65 (MB).
    Completing 70% with 362 violations.
    elapsed time = 00:00:07, memory = 925.74 (MB).
    Completing 80% with 362 violations.
    elapsed time = 00:00:09, memory = 929.27 (MB).
    Completing 90% with 260 violations.
    elapsed time = 00:00:13, memory = 943.47 (MB).
    Completing 100% with 149 violations.
    elapsed time = 00:00:14, memory = 943.47 (MB).
[INFO DRT-0199]   Number of violations = 149.
Viol/Layer      metal2 metal3
Metal Spacing       32      2
Short              107      8
[INFO DRT-0267] cpu time = 00:00:37, elapsed time = 00:00:15, memory = 946.47 (MB), peak = 964.57 (MB)
Total wire length = 26030 um.
Total wire length on LAYER metal1 = 0 um.
Total wire length on LAYER metal2 = 9979 um.
Total wire length on LAYER metal3 = 11110 um.
Total wire length on LAYER metal4 = 3145 um.
Total wire length on LAYER metal5 = 1125 um.
Total wire length on LAYER metal6 = 670 um.
Total wire length on LAYER metal7 = 0 um.
Total wire length on LAYER metal8 = 0 um.
Total wire length on LAYER metal9 = 0 um.
Total wire length on LAYER metal10 = 0 um.
Total number of vias = 13209.
Up-via summary (total 13209):

----------------
 active        0
 metal1     5930
 metal2     6237
 metal3      694
 metal4      256
 metal5       92
 metal6        0
 metal7        0
 metal8        0
 metal9        0
----------------
       13209


[INFO DRT-0195] Start 2nd optimization iteration.
    Completing 10% with 149 violations.
    elapsed time = 00:00:00, memory = 946.47 (MB).
    Completing 20% with 149 violations.
    elapsed time = 00:00:00, memory = 946.47 (MB).
    Completing 30% with 149 violations.
    elapsed time = 00:00:03, memory = 946.66 (MB).
    Completing 40% with 141 violations.
    elapsed time = 00:00:03, memory = 946.66 (MB).
    Completing 50% with 141 violations.
    elapsed time = 00:00:05, memory = 946.66 (MB).
    Completing 60% with 141 violations.
    elapsed time = 00:00:07, memory = 946.66 (MB).
    Completing 70% with 132 violations.
    elapsed time = 00:00:07, memory = 946.66 (MB).
    Completing 80% with 132 violations.
    elapsed time = 00:00:10, memory = 946.66 (MB).
    Completing 90% with 128 violations.
    elapsed time = 00:00:13, memory = 946.67 (MB).
    Completing 100% with 143 violations.
    elapsed time = 00:00:15, memory = 946.67 (MB).
[INFO DRT-0199]   Number of violations = 143.
Viol/Layer      metal2 metal3
Metal Spacing       15      1
Short              122      5
[INFO DRT-0267] cpu time = 00:00:35, elapsed time = 00:00:15, memory = 946.67 (MB), peak = 964.57 (MB)
Total wire length = 25973 um.
Total wire length on LAYER metal1 = 0 um.
Total wire length on LAYER metal2 = 9952 um.
Total wire length on LAYER metal3 = 11109 um.
Total wire length on LAYER metal4 = 3121 um.
Total wire length on LAYER metal5 = 1120 um.
Total wire length on LAYER metal6 = 669 um.
Total wire length on LAYER metal7 = 0 um.
Total wire length on LAYER metal8 = 0 um.
Total wire length on LAYER metal9 = 0 um.
Total wire length on LAYER metal10 = 0 um.
Total number of vias = 13159.
Up-via summary (total 13159):

----------------
 active        0
 metal1     5930
 metal2     6208
 metal3      676
 metal4      254
 metal5       91
 metal6        0
 metal7        0
 metal8        0
 metal9        0
----------------
       13159


[INFO DRT-0195] Start 3rd optimization iteration.
    Completing 10% with 143 violations.
    elapsed time = 00:00:00, memory = 946.67 (MB).
    Completing 20% with 143 violations.
    elapsed time = 00:00:00, memory = 946.67 (MB).
    Completing 30% with 143 violations.
    elapsed time = 00:00:01, memory = 946.67 (MB).
    Completing 40% with 128 violations.
    elapsed time = 00:00:02, memory = 968.19 (MB).
    Completing 50% with 128 violations.
    elapsed time = 00:00:02, memory = 968.19 (MB).
    Completing 60% with 128 violations.
    elapsed time = 00:00:05, memory = 948.88 (MB).
    Completing 70% with 104 violations.
    elapsed time = 00:00:05, memory = 948.88 (MB).
    Completing 80% with 104 violations.
    elapsed time = 00:00:07, memory = 958.72 (MB).
    Completing 90% with 28 violations.
    elapsed time = 00:00:08, memory = 959.31 (MB).
    Completing 100% with 8 violations.
    elapsed time = 00:00:09, memory = 960.11 (MB).
[INFO DRT-0199]   Number of violations = 8.
Viol/Layer      metal2
Metal Spacing        6
Short                2
[INFO DRT-0267] cpu time = 00:00:22, elapsed time = 00:00:10, memory = 960.11 (MB), peak = 969.55 (MB)
Total wire length = 25978 um.
Total wire length on LAYER metal1 = 0 um.
Total wire length on LAYER metal2 = 9783 um.
Total wire length on LAYER metal3 = 11142 um.
Total wire length on LAYER metal4 = 3269 um.
Total wire length on LAYER metal5 = 1113 um.
Total wire length on LAYER metal6 = 669 um.
Total wire length on LAYER metal7 = 0 um.
Total wire length on LAYER metal8 = 0 um.
Total wire length on LAYER metal9 = 0 um.
Total wire length on LAYER metal10 = 0 um.
Total number of vias = 13340.
Up-via summary (total 13340):

----------------
 active        0
 metal1     5929
 metal2     6311
 metal3      754
 metal4      255
 metal5       91
 metal6        0
 metal7        0
 metal8        0
 metal9        0
----------------
       13340


[INFO DRT-0195] Start 4th guides tiles iteration.
    Completing 30% with 8 violations.
    elapsed time = 00:00:00, memory = 960.11 (MB).
    Completing 60% with 0 violations.
    elapsed time = 00:00:00, memory = 960.11 (MB).
    Completing 100% with 0 violations.
    elapsed time = 00:00:00, memory = 960.11 (MB).
[INFO DRT-0199]   Number of violations = 0.
[INFO DRT-0267] cpu time = 00:00:00, elapsed time = 00:00:00, memory = 960.11 (MB), peak = 969.55 (MB)
Total wire length = 25974 um.
Total wire length on LAYER metal1 = 0 um.
Total wire length on LAYER metal2 = 9788 um.
Total wire length on LAYER metal3 = 11139 um.
Total wire length on LAYER metal4 = 3263 um.
Total wire length on LAYER metal5 = 1113 um.
Total wire length on LAYER metal6 = 669 um.
Total wire length on LAYER metal7 = 0 um.
Total wire length on LAYER metal8 = 0 um.
Total wire length on LAYER metal9 = 0 um.
Total wire length on LAYER metal10 = 0 um.
Total number of vias = 13337.
Up-via summary (total 13337):

----------------
 active        0
 metal1     5929
 metal2     6311
 metal3      751
 metal4      255
 metal5       91
 metal6        0
 metal7        0
 metal8        0
 metal9        0
----------------
       13337


[INFO DRT-0198] Complete detail routing.
Total wire length = 25974 um.
Total wire length on LAYER metal1 = 0 um.
Total wire length on LAYER metal2 = 9788 um.
Total wire length on LAYER metal3 = 11139 um.
Total wire length on LAYER metal4 = 3263 um.
Total wire length on LAYER metal5 = 1113 um.
Total wire length on LAYER metal6 = 669 um.
Total wire length on LAYER metal7 = 0 um.
Total wire length on LAYER metal8 = 0 um.
Total wire length on LAYER metal9 = 0 um.
Total wire length on LAYER metal10 = 0 um.
Total number of vias = 13337.
Up-via summary (total 13337):

----------------
 active        0
 metal1     5929
 metal2     6311
 metal3      751
 metal4      255
 metal5       91
 metal6        0
 metal7        0
 metal8        0
 metal9        0
----------------
       13337


[INFO DRT-0267] cpu time = 00:02:15, elapsed time = 00:00:58, memory = 960.23 (MB), peak = 969.55 (MB)

[INFO DRT-0180] Post processing.
Took 63 seconds: detailed_route -output_drc ./reports/nangate45/s5378/phase0c_f3e7b516a_s23_k2_P_a05c9e53_7f655d61/5_route_drc.rpt -output_maze ./results/nangate45/s5378/phase0c_f3e7b516a_s23_k2_P_a05c9e53_7f655d61/maze.log -droute_end_iter 64 -verbose 1 -drc_report_iter_step 5
[WARNING GRT-0246] No diode with LEF class CORE ANTENNACELL found.
[INFO ANT-0002] Found 0 net violations.
[INFO ANT-0001] Found 0 pin violations.
[INFO ANT-0002] Found 0 net violations.
[INFO ANT-0001] Found 0 pin violations.
Design area 2598 um^2 38% utilization.
write_db ./results/nangate45/s5378/phase0c_f3e7b516a_s23_k2_P_a05c9e53_7f655d61/5_2_route.odb
Log                       Ext     Elapsed/s Peak Memory/MB sha1sum result [0:20)
5_2_route                 .odb           68            969 1f88d47e75ce44d53101
/root/pact-deps/OpenROAD-flow-scripts/flow/scripts/flow.sh 5_3_fillcell fillcell
Running fillcell.tcl, stage 5_3_fillcell
read_liberty /root/pact-deps/OpenROAD-flow-scripts/flow/platforms/nangate45/lib/NangateOpenCellLibrary_typical.lib
read_db ./results/nangate45/s5378/phase0c_f3e7b516a_s23_k2_P_a05c9e53_7f655d61/5_2_route.odb
read_sdc ./results/nangate45/s5378/phase0c_f3e7b516a_s23_k2_P_a05c9e53_7f655d61/5_1_grt.sdc
source /root/pact-deps/OpenROAD-flow-scripts/flow/platforms/nangate45/setRC.tcl
filler_placement "FILLCELL_X1 FILLCELL_X2 FILLCELL_X4 FILLCELL_X8 FILLCELL_X16 FILLCELL_X32"
[INFO DPL-0001] Placed 2433 filler instances.
Design area 2598 um^2 38% utilization.
write_db ./results/nangate45/s5378/phase0c_f3e7b516a_s23_k2_P_a05c9e53_7f655d61/5_3_fillcell.odb
Log                       Ext     Elapsed/s Peak Memory/MB sha1sum result [0:20)
5_3_fillcell              .odb            0            116 12b1a352d91f92ee0d8a
cp ./results/nangate45/s5378/phase0c_f3e7b516a_s23_k2_P_a05c9e53_7f655d61/5_3_fillcell.odb ./results/nangate45/s5378/phase0c_f3e7b516a_s23_k2_P_a05c9e53_7f655d61/5_route.odb
cp ./results/nangate45/s5378/phase0c_f3e7b516a_s23_k2_P_a05c9e53_7f655d61/5_1_grt.sdc ./results/nangate45/s5378/phase0c_f3e7b516a_s23_k2_P_a05c9e53_7f655d61/5_route.sdc
