OpenROAD 26Q2-1164-g08f67ee5ec 
Features included (+) or not (-): +GPU +GUI +Python
This program is licensed under the BSD-3 license. See the LICENSE file for details.
Components of this program may be licensed under more restrictive licenses which must be honored.
[INFO ORD-0030] Using 4 thread(s).
read_liberty /root/pact-deps/OpenROAD-flow-scripts/flow/platforms/nangate45/lib/NangateOpenCellLibrary_typical.lib
read_db /mnt/c/Users/Abhinav/OneDrive/Desktop/PACT/PACT/results/phase2d_independent_gp/raw/orfs/results/nangate45/s9234f/phase2c_s29_af45f0f75953/5_1_grt.odb
read_sdc /mnt/c/Users/Abhinav/OneDrive/Desktop/PACT/PACT/results/phase2d_independent_gp/raw/orfs/results/nangate45/s9234f/phase2c_s29_af45f0f75953/5_1_grt.sdc
source /root/pact-deps/OpenROAD-flow-scripts/flow/platforms/nangate45/setRC.tcl
detailed_route -output_drc /mnt/c/Users/Abhinav/OneDrive/Desktop/PACT/PACT/results/phase2d_independent_gp/raw/orfs/reports/nangate45/s9234f/phase2c_s29_af45f0f75953/5_route_drc.rpt -output_maze /mnt/c/Users/Abhinav/OneDrive/Desktop/PACT/PACT/results/phase2d_independent_gp/raw/orfs/results/nangate45/s9234f/phase2c_s29_af45f0f75953/maze.log -droute_end_iter 64 -verbose 1 -drc_report_iter_step 5
[INFO DRT-0149] Reading tech and libs.

Units:                2000
Number of layers:     21
Number of macros:     135
Number of vias:       33
Number of viarulegen: 19

[INFO DRT-0150] Reading design.

Design:                   s9234f
Die area:                 ( 0 0 ) ( 206880 206880 )
Number of track patterns: 20
Number of DEF vias:       0
Number of components:     2819
Number of terminals:      83
Number of snets:          2
Number of nets:           2688

[INFO DRT-0167] List of default vias:
  Layer via2
    default via: via2_5
  Layer via3
    default via: via3_2
  Layer via4
    default via: via4_0
  Layer via5
    default via: via5_0
  Layer via6
    default via: via6_0
  Layer via7
    default via: via7_0
  Layer via8
    default via: via8_0
  Layer via9
    default via: via9_0
[INFO DRT-0162] Library cell analysis.
[INFO DRT-0163] Instance analysis.
[INFO DRT-0164] Number of unique instances = 48.
[INFO DRT-0168] Init region query.
[INFO DRT-0024]   Complete active.
[INFO DRT-0024]   Complete Fr_VIA.
[INFO DRT-0024]   Complete metal1.
[INFO DRT-0024]   Complete via1.
[INFO DRT-0024]   Complete metal2.
[INFO DRT-0024]   Complete via2.
[INFO DRT-0024]   Complete metal3.
[INFO DRT-0024]   Complete via3.
[INFO DRT-0024]   Complete metal4.
[INFO DRT-0024]   Complete via4.
[INFO DRT-0024]   Complete metal5.
[INFO DRT-0024]   Complete via5.
[INFO DRT-0024]   Complete metal6.
[INFO DRT-0024]   Complete via6.
[INFO DRT-0024]   Complete metal7.
[INFO DRT-0024]   Complete via7.
[INFO DRT-0024]   Complete metal8.
[INFO DRT-0024]   Complete via8.
[INFO DRT-0024]   Complete metal9.
[INFO DRT-0024]   Complete via9.
[INFO DRT-0024]   Complete metal10.
[INFO DRT-0033] active shape region query size = 0.
[INFO DRT-0033] FR_VIA shape region query size = 0.
[INFO DRT-0033] metal1 shape region query size = 42813.
[INFO DRT-0033] via1 shape region query size = 438.
[INFO DRT-0033] metal2 shape region query size = 292.
[INFO DRT-0033] via2 shape region query size = 438.
[INFO DRT-0033] metal3 shape region query size = 292.
[INFO DRT-0033] via3 shape region query size = 438.
[INFO DRT-0033] metal4 shape region query size = 164.
[INFO DRT-0033] via4 shape region query size = 140.
[INFO DRT-0033] metal5 shape region query size = 54.
[INFO DRT-0033] via5 shape region query size = 140.
[INFO DRT-0033] metal6 shape region query size = 83.
[INFO DRT-0033] via6 shape region query size = 56.
[INFO DRT-0033] metal7 shape region query size = 28.
[INFO DRT-0033] via7 shape region query size = 0.
[INFO DRT-0033] metal8 shape region query size = 0.
[INFO DRT-0033] via8 shape region query size = 0.
[INFO DRT-0033] metal9 shape region query size = 0.
[INFO DRT-0033] via9 shape region query size = 0.
[INFO DRT-0033] metal10 shape region query size = 0.
[INFO DRT-0165] Start pin access.
[INFO DRT-0078]   Complete 245 pins.
[INFO DRT-0081]   Complete 48 unique inst patterns.
[INFO DRT-0084]   Complete 1308 groups.
#scanned instances     = 2819
#unique  instances     = 48
#stdCellGenAp          = 1047
#stdCellValidPlanarAp  = 0
#stdCellValidViaAp     = 838
#stdCellPinNoAp        = 0
#stdCellPinCnt         = 8165
#instTermValidViaApCnt = 0
#macroGenAp            = 0
#macroValidPlanarAp    = 0
#macroValidViaAp       = 0
#macroNoAp             = 0
[INFO DRT-0166] Complete pin access.
[INFO DRT-0267] cpu time = 00:00:33, elapsed time = 00:00:08, memory = 266.52 (MB), peak = 266.00 (MB)

[INFO DRT-0157] Number of guides:     17454

[INFO DRT-0169] Post process guides.
[INFO DRT-0176] GCELLGRID X 0 DO 36 STEP 5700 ;
[INFO DRT-0177] GCELLGRID Y 0 DO 36 STEP 5700 ;
[INFO DRT-0028]   Complete active.
[INFO DRT-0028]   Complete Fr_VIA.
[INFO DRT-0028]   Complete metal1.
[INFO DRT-0028]   Complete via1.
[INFO DRT-0028]   Complete metal2.
[INFO DRT-0028]   Complete via2.
[INFO DRT-0028]   Complete metal3.
[INFO DRT-0028]   Complete via3.
[INFO DRT-0028]   Complete metal4.
[INFO DRT-0028]   Complete via4.
[INFO DRT-0028]   Complete metal5.
[INFO DRT-0028]   Complete via5.
[INFO DRT-0028]   Complete metal6.
[INFO DRT-0028]   Complete via6.
[INFO DRT-0028]   Complete metal7.
[INFO DRT-0028]   Complete via7.
[INFO DRT-0028]   Complete metal8.
[INFO DRT-0028]   Complete via8.
[INFO DRT-0028]   Complete metal9.
[INFO DRT-0028]   Complete via9.
[INFO DRT-0028]   Complete metal10.
[INFO DRT-0178] Init guide query.
[INFO DRT-0035]   Complete active (guide).
[INFO DRT-0035]   Complete Fr_VIA (guide).
[INFO DRT-0035]   Complete metal1 (guide).
[INFO DRT-0035]   Complete via1 (guide).
[INFO DRT-0035]   Complete metal2 (guide).
[INFO DRT-0035]   Complete via2 (guide).
[INFO DRT-0035]   Complete metal3 (guide).
[INFO DRT-0035]   Complete via3 (guide).
[INFO DRT-0035]   Complete metal4 (guide).
[INFO DRT-0035]   Complete via4 (guide).
[INFO DRT-0035]   Complete metal5 (guide).
[INFO DRT-0035]   Complete via5 (guide).
[INFO DRT-0035]   Complete metal6 (guide).
[INFO DRT-0035]   Complete via6 (guide).
[INFO DRT-0035]   Complete metal7 (guide).
[INFO DRT-0035]   Complete via7 (guide).
[INFO DRT-0035]   Complete metal8 (guide).
[INFO DRT-0035]   Complete via8 (guide).
[INFO DRT-0035]   Complete metal9 (guide).
[INFO DRT-0035]   Complete via9 (guide).
[INFO DRT-0035]   Complete metal10 (guide).
[INFO DRT-0036] active guide region query size = 0.
[INFO DRT-0036] FR_VIA guide region query size = 0.
[INFO DRT-0036] metal1 guide region query size = 6175.
[INFO DRT-0036] via1 guide region query size = 0.
[INFO DRT-0036] metal2 guide region query size = 4757.
[INFO DRT-0036] via2 guide region query size = 0.
[INFO DRT-0036] metal3 guide region query size = 2557.
[INFO DRT-0036] via3 guide region query size = 0.
[INFO DRT-0036] metal4 guide region query size = 451.
[INFO DRT-0036] via4 guide region query size = 0.
[INFO DRT-0036] metal5 guide region query size = 201.
[INFO DRT-0036] via5 guide region query size = 0.
[INFO DRT-0036] metal6 guide region query size = 77.
[INFO DRT-0036] via6 guide region query size = 0.
[INFO DRT-0036] metal7 guide region query size = 2.
[INFO DRT-0036] via7 guide region query size = 0.
[INFO DRT-0036] metal8 guide region query size = 0.
[INFO DRT-0036] via8 guide region query size = 0.
[INFO DRT-0036] metal9 guide region query size = 0.
[INFO DRT-0036] via9 guide region query size = 0.
[INFO DRT-0036] metal10 guide region query size = 0.
[INFO DRT-0179] Init gr pin query.
[INFO DRT-0267] cpu time = 00:00:00, elapsed time = 00:00:00, memory = 273.07 (MB), peak = 272.63 (MB)
[INFO DRT-0245] skipped writing guide updates to database.
[INFO DRT-0181] Start track assignment.
[INFO DRT-0184] Done with 5285 vertical wires in 1 frboxes and 8935 horizontal wires in 1 frboxes.
[INFO DRT-0186] Done with 1245 vertical wires in 1 frboxes and 1661 horizontal wires in 1 frboxes.
[INFO DRT-0182] Complete track assignment.
[INFO DRT-0267] cpu time = 00:00:01, elapsed time = 00:00:01, memory = 315.53 (MB), peak = 314.99 (MB)
[INFO DRT-0187] Start routing data preparation.
[INFO DRT-0267] cpu time = 00:00:00, elapsed time = 00:00:00, memory = 316.39 (MB), peak = 315.87 (MB)
[INFO DRT-0194] Start detail routing.
[INFO DRT-0195] Start 0th optimization iteration.
    Completing 10% with 0 violations.
    elapsed time = 00:00:01, memory = 368.95 (MB).
    Completing 20% with 0 violations.
    elapsed time = 00:00:03, memory = 363.06 (MB).
    Completing 30% with 75 violations.
    elapsed time = 00:00:04, memory = 399.97 (MB).
    Completing 40% with 75 violations.
    elapsed time = 00:00:06, memory = 403.04 (MB).
    Completing 50% with 75 violations.
    elapsed time = 00:00:06, memory = 369.45 (MB).
    Completing 60% with 135 violations.
    elapsed time = 00:00:08, memory = 422.00 (MB).
    Completing 70% with 135 violations.
    elapsed time = 00:00:10, memory = 422.00 (MB).
    Completing 80% with 187 violations.
    elapsed time = 00:00:12, memory = 474.04 (MB).
    Completing 90% with 187 violations.
    elapsed time = 00:00:12, memory = 474.04 (MB).
    Completing 100% with 226 violations.
    elapsed time = 00:00:14, memory = 425.80 (MB).
[INFO DRT-0199]   Number of violations = 357.
Viol/Layer      metal1 metal2 metal3 metal4 metal5
Metal Spacing        0     15      1      1      0
Recheck              1     85     38      6      1
Short                0    179     25      4      1
[INFO DRT-0267] cpu time = 00:00:47, elapsed time = 00:00:15, memory = 952.65 (MB), peak = 952.15 (MB)
Total wire length = 29207 um.
Total wire length on LAYER metal1 = 0 um.
Total wire length on LAYER metal2 = 10857 um.
Total wire length on LAYER metal3 = 11309 um.
Total wire length on LAYER metal4 = 4096 um.
Total wire length on LAYER metal5 = 1850 um.
Total wire length on LAYER metal6 = 1023 um.
Total wire length on LAYER metal7 = 70 um.
Total wire length on LAYER metal8 = 0 um.
Total wire length on LAYER metal9 = 0 um.
Total wire length on LAYER metal10 = 0 um.
Total number of vias = 15922.
Up-via summary (total 15922):

----------------
 active        0
 metal1     8220
 metal2     6742
 metal3      601
 metal4      260
 metal5       95
 metal6        4
 metal7        0
 metal8        0
 metal9        0
----------------
       15922


[INFO DRT-0195] Start 1st optimization iteration.
    Completing 10% with 357 violations.
    elapsed time = 00:00:00, memory = 952.96 (MB).
    Completing 20% with 357 violations.
    elapsed time = 00:00:03, memory = 955.82 (MB).
    Completing 30% with 239 violations.
    elapsed time = 00:00:04, memory = 961.70 (MB).
    Completing 40% with 239 violations.
    elapsed time = 00:00:06, memory = 961.70 (MB).
    Completing 50% with 239 violations.
    elapsed time = 00:00:06, memory = 961.70 (MB).
    Completing 60% with 198 violations.
    elapsed time = 00:00:08, memory = 961.70 (MB).
    Completing 70% with 198 violations.
    elapsed time = 00:00:09, memory = 961.70 (MB).
    Completing 80% with 145 violations.
    elapsed time = 00:00:11, memory = 968.09 (MB).
    Completing 90% with 145 violations.
    elapsed time = 00:00:11, memory = 968.09 (MB).
    Completing 100% with 69 violations.
    elapsed time = 00:00:14, memory = 976.95 (MB).
[INFO DRT-0199]   Number of violations = 69.
Viol/Layer      metal2 metal3 metal4
Metal Spacing       15      0      0
Short               40     11      3
[INFO DRT-0267] cpu time = 00:00:42, elapsed time = 00:00:14, memory = 979.94 (MB), peak = 979.40 (MB)
Total wire length = 29041 um.
Total wire length on LAYER metal1 = 0 um.
Total wire length on LAYER metal2 = 10747 um.
Total wire length on LAYER metal3 = 11276 um.
Total wire length on LAYER metal4 = 4090 um.
Total wire length on LAYER metal5 = 1830 um.
Total wire length on LAYER metal6 = 1025 um.
Total wire length on LAYER metal7 = 69 um.
Total wire length on LAYER metal8 = 0 um.
Total wire length on LAYER metal9 = 0 um.
Total wire length on LAYER metal10 = 0 um.
Total number of vias = 15798.
Up-via summary (total 15798):

----------------
 active        0
 metal1     8218
 metal2     6627
 metal3      599
 metal4      255
 metal5       95
 metal6        4
 metal7        0
 metal8        0
 metal9        0
----------------
       15798


[INFO DRT-0195] Start 2nd optimization iteration.
    Completing 10% with 69 violations.
    elapsed time = 00:00:00, memory = 979.94 (MB).
    Completing 20% with 69 violations.
    elapsed time = 00:00:02, memory = 991.80 (MB).
    Completing 30% with 90 violations.
    elapsed time = 00:00:03, memory = 996.69 (MB).
    Completing 40% with 90 violations.
    elapsed time = 00:00:05, memory = 997.19 (MB).
    Completing 50% with 90 violations.
    elapsed time = 00:00:08, memory = 997.19 (MB).
    Completing 60% with 93 violations.
    elapsed time = 00:00:08, memory = 997.19 (MB).
    Completing 70% with 93 violations.
    elapsed time = 00:00:11, memory = 1003.25 (MB).
    Completing 80% with 82 violations.
    elapsed time = 00:00:11, memory = 1003.25 (MB).
    Completing 90% with 82 violations.
    elapsed time = 00:00:11, memory = 1003.25 (MB).
    Completing 100% with 64 violations.
    elapsed time = 00:00:14, memory = 1003.25 (MB).
[INFO DRT-0199]   Number of violations = 64.
Viol/Layer      metal2 metal3
Metal Spacing       13      1
Short               47      3
[INFO DRT-0267] cpu time = 00:00:36, elapsed time = 00:00:15, memory = 1003.25 (MB), peak = 1002.78 (MB)
Total wire length = 28980 um.
Total wire length on LAYER metal1 = 0 um.
Total wire length on LAYER metal2 = 10720 um.
Total wire length on LAYER metal3 = 11236 um.
Total wire length on LAYER metal4 = 4095 um.
Total wire length on LAYER metal5 = 1834 um.
Total wire length on LAYER metal6 = 1024 um.
Total wire length on LAYER metal7 = 68 um.
Total wire length on LAYER metal8 = 0 um.
Total wire length on LAYER metal9 = 0 um.
Total wire length on LAYER metal10 = 0 um.
Total number of vias = 15714.
Up-via summary (total 15714):

----------------
 active        0
 metal1     8219
 metal2     6539
 metal3      602
 metal4      255
 metal5       95
 metal6        4
 metal7        0
 metal8        0
 metal9        0
----------------
       15714


[INFO DRT-0195] Start 3rd guides tiles iteration.
    Completing 10% with 64 violations.
    elapsed time = 00:00:00, memory = 1003.25 (MB).
    Completing 20% with 64 violations.
    elapsed time = 00:00:00, memory = 1003.25 (MB).
    Completing 30% with 64 violations.
    elapsed time = 00:00:00, memory = 1003.25 (MB).
    Completing 40% with 64 violations.
    elapsed time = 00:00:00, memory = 1003.25 (MB).
    Completing 50% with 38 violations.
    elapsed time = 00:00:00, memory = 1003.25 (MB).
    Completing 60% with 38 violations.
    elapsed time = 00:00:17, memory = 1008.20 (MB).
    Completing 70% with 11 violations.
    elapsed time = 00:00:17, memory = 1068.21 (MB).
    Completing 80% with 11 violations.
    elapsed time = 00:00:21, memory = 1008.20 (MB).
    Completing 90% with 0 violations.
    elapsed time = 00:00:21, memory = 1008.20 (MB).
    Completing 100% with 0 violations.
    elapsed time = 00:00:21, memory = 1008.20 (MB).
[INFO DRT-0199]   Number of violations = 0.
[INFO DRT-0267] cpu time = 00:00:24, elapsed time = 00:00:21, memory = 1008.20 (MB), peak = 1163.15 (MB)
Total wire length = 28973 um.
Total wire length on LAYER metal1 = 0 um.
Total wire length on LAYER metal2 = 10526 um.
Total wire length on LAYER metal3 = 11268 um.
Total wire length on LAYER metal4 = 4258 um.
Total wire length on LAYER metal5 = 1826 um.
Total wire length on LAYER metal6 = 1024 um.
Total wire length on LAYER metal7 = 68 um.
Total wire length on LAYER metal8 = 0 um.
Total wire length on LAYER metal9 = 0 um.
Total wire length on LAYER metal10 = 0 um.
Total number of vias = 15782.
Up-via summary (total 15782):

----------------
 active        0
 metal1     8219
 metal2     6572
 metal3      639
 metal4      253
 metal5       95
 metal6        4
 metal7        0
 metal8        0
 metal9        0
----------------
       15782


[INFO DRT-0198] Complete detail routing.
Total wire length = 28973 um.
Total wire length on LAYER metal1 = 0 um.
Total wire length on LAYER metal2 = 10526 um.
Total wire length on LAYER metal3 = 11268 um.
Total wire length on LAYER metal4 = 4258 um.
Total wire length on LAYER metal5 = 1826 um.
Total wire length on LAYER metal6 = 1024 um.
Total wire length on LAYER metal7 = 68 um.
Total wire length on LAYER metal8 = 0 um.
Total wire length on LAYER metal9 = 0 um.
Total wire length on LAYER metal10 = 0 um.
Total number of vias = 15782.
Up-via summary (total 15782):

----------------
 active        0
 metal1     8219
 metal2     6572
 metal3      639
 metal4      253
 metal5       95
 metal6        4
 metal7        0
 metal8        0
 metal9        0
----------------
       15782


[INFO DRT-0267] cpu time = 00:02:30, elapsed time = 00:01:07, memory = 1008.32 (MB), peak = 1163.15 (MB)

[INFO DRT-0180] Post processing.
Took 78 seconds: detailed_route -output_drc /mnt/c/Users/Abhinav/OneDrive/Desktop/PACT/PACT/results/phase2d_independent_gp/raw/orfs/reports/nangate45/s9234f/phase2c_s29_af45f0f75953/5_route_drc.rpt -output_maze /mnt/c/Users/Abhinav/OneDrive/Desktop/PACT/PACT/results/phase2d_independent_gp/raw/orfs/results/nangate45/s9234f/phase2c_s29_af45f0f75953/maze.log -droute_end_iter 64 -verbose 1 -drc_report_iter_step 5
[WARNING GRT-0246] No diode with LEF class CORE ANTENNACELL found.
[INFO ANT-0002] Found 0 net violations.
[INFO ANT-0001] Found 0 pin violations.
[INFO ANT-0002] Found 0 net violations.
[INFO ANT-0001] Found 0 pin violations.
Design area 3655 um^2 36% utilization.
write_db /mnt/c/Users/Abhinav/OneDrive/Desktop/PACT/PACT/results/phase2d_independent_gp/raw/orfs/results/nangate45/s9234f/phase2c_s29_af45f0f75953/5_2_route.odb
Elapsed time: 1:21.62[h:]min:sec. CPU time: user 188.22 sys 2.33 (233%). Peak memory: 1191068KB.
Log                       Ext     Elapsed/s Peak Memory/MB sha1sum result [0:20)
5_2_route                 .odb           81           1163 fbb3123dda96dfdb38d1
