OpenROAD 26Q2-1164-g08f67ee5ec 
Features included (+) or not (-): +GPU +GUI +Python
This program is licensed under the BSD-3 license. See the LICENSE file for details.
Components of this program may be licensed under more restrictive licenses which must be honored.
[INFO ORD-0030] Using 4 thread(s).
mkdir -p ./objects/nangate45/s5378/phase0d_optimizer_v1_s11_k2_0348f2cc6b9d
/root/pact-deps/OpenROAD-flow-scripts/flow/scripts/flow.sh 4_1_cts cts
Running cts.tcl, stage 4_1_cts
read_liberty /root/pact-deps/OpenROAD-flow-scripts/flow/platforms/nangate45/lib/NangateOpenCellLibrary_typical.lib
read_db ./results/nangate45/s5378/phase0d_optimizer_v1_s11_k2_0348f2cc6b9d/3_place.odb
read_sdc ./results/nangate45/s5378/phase0d_optimizer_v1_s11_k2_0348f2cc6b9d/3_place.sdc
source /root/pact-deps/OpenROAD-flow-scripts/flow/platforms/nangate45/setRC.tcl
clock_tree_synthesis -sink_clustering_enable -repair_clock_nets
[INFO CTS-0050] Root buffer is CLKBUF_X3.
[INFO CTS-0051] Sink buffer is CLKBUF_X3.
[INFO CTS-0052] The following clock buffers will be used for CTS:
                    CLKBUF_X3
[INFO CTS-0049] Characterization buffer is CLKBUF_X3.
[INFO CTS-0007] Net "CK" found for clock "clk".
[INFO CTS-0010]  Clock net "CK" has 179 sinks.
[INFO CTS-0008] TritonCTS found 1 clock nets.
[INFO CTS-0097] Characterization used 1 buffer(s) types.
[INFO CTS-0201] 0 blockages from hard placement blockages and placed macros will be used.
[INFO CTS-0027] Generating H-Tree topology for net CK.
[INFO CTS-0028]  Total number of sinks: 179.
[INFO CTS-0090]  Sinks will be clustered based on buffer max cap.
[INFO CTS-0030]  Number of static layers: 0.
[INFO CTS-0020]  Wire segment unit: 14000  dbu (7 um).
[INFO CTS-0023]  Original sink region: [(6905, 15000), (161945, 158600)].
[INFO CTS-0024]  Normalized sink region: [(0.493214, 1.07143), (11.5675, 11.3286)].
[INFO CTS-0025]     Width:  11.0743.
[INFO CTS-0026]     Height: 10.2571.
 Level 1
    Direction: Horizontal
    Sinks per sub-region: 90
    Sub-region size: 5.5371 X 10.2571
[INFO CTS-0034]     Segment length (rounded): 2.
 Level 2
    Direction: Vertical
    Sinks per sub-region: 45
    Sub-region size: 5.5371 X 5.1286
[INFO CTS-0034]     Segment length (rounded): 2.
 Level 3
    Direction: Horizontal
    Sinks per sub-region: 23
    Sub-region size: 2.7686 X 5.1286
[INFO CTS-0034]     Segment length (rounded): 1.
 Level 4
    Direction: Vertical
    Sinks per sub-region: 12
    Sub-region size: 2.7686 X 2.5643
[INFO CTS-0034]     Segment length (rounded): 1.
[INFO CTS-0032]  Stop criterion found. Max number of sinks is 15.
[INFO CTS-0035]  Number of sinks covered: 179.
[INFO CTS-0018]     Created 17 clock buffers.
[INFO CTS-0012]     Minimum number of buffers in the clock path: 2.
[INFO CTS-0013]     Maximum number of buffers in the clock path: 2.
[INFO CTS-0015]     Created 17 clock nets.
[INFO CTS-0016]     Fanout distribution for the current clock = 7:3, 8:1, 9:2, 10:2, 11:2, 12:1, 13:2, 15:1, 16:1, 21:1..
[INFO CTS-0017]     Max level of the clock tree: 4.
[INFO CTS-0098] Clock net "CK"
[INFO CTS-0099]  Sinks 194
[INFO CTS-0100]  Leaf buffers 0
[INFO CTS-0101]  Average sink wire length 117.95 um
[INFO CTS-0102]  Path depth 2 - 2
[INFO CTS-0207]  Dummy loads inserted 15
estimate_parasitics -placement
detailed_placement
[INFO DPL-0006] Core area: 6921.05 um^2, Instances area: 2566.37 um^2, Utilization: 37.1%
[INFO DPL-0005] Diamond search max displacement: +/- 500 sites horizontally, +/- 100 rows vertically.
[INFO DPL-1101] Legalizing using diamond search.
Movements Summary
---------------------------------------
Total cells:                    1927
Diamond Move Success:           1927 (100.00%)
Diamond Move Failure:              0
Rip-up and replace Success:        0 (  0.00% of diamond failures)
Rip-up and replace Failure:        0
Total Placement Failures:          0
---------------------------------------
Placement Analysis
---------------------------------
total displacement         59.5 u
average displacement        0.0 u
max displacement            3.3 u
original HPWL           23209.8 u
legalized HPWL          23222.8 u
delta HPWL                    0 %

estimate_parasitics -placement
repair_timing -setup_margin 0 -hold_margin 0 -repair_tns 100 -verbose
[INFO RSZ-0100] Repair move sequence: UnbufferMove SizeUpMove SwapPinsMove BufferMove CloneMove SplitLoadMove 
[INFO RSZ-0098] No setup violations found
[INFO RSZ-0046] Found 91 endpoints with hold violations.
Iteration | Resized | Buffers | Cloned Gates |   Area   |   WNS   |   TNS   | Endpoint
--------------------------------------------------------------------------------------
        0 |       0 |       0 |            0 |    +0.0% |  -0.083 |  -2.385 | U_n699gat/SI
       10 |       0 |      16 |            0 |    +0.5% |  -0.067 |  -1.652 | U_n341gat/D
       20 |       0 |      26 |            0 |    +0.8% |  -0.059 |  -0.956 | U_n491gat/D
       30 |       0 |      33 |            0 |    +1.0% |  -0.029 |  -0.639 | U_n699gat/SI
       40 |       0 |      41 |            0 |    +1.3% |  -0.029 |  -0.300 | U_n699gat/SI
       50 |       0 |      42 |            0 |    +1.3% |  -0.029 |  -0.029 | U_n699gat/SI
       60 |       0 |      42 |            0 |    +1.3% |  -0.029 |  -0.029 | U_n699gat/SI
       70 |       0 |      42 |            0 |    +1.3% |  -0.029 |  -0.029 | U_n699gat/SI
       80 |       0 |      42 |            0 |    +1.3% |  -0.029 |  -0.029 | U_n699gat/SI
       90 |       0 |      42 |            0 |    +1.3% |  -0.029 |  -0.029 | U_n699gat/SI
    final |       0 |      44 |            0 |    +1.4% |   0.004 |   0.000 | U_n2588gat/D
--------------------------------------------------------------------------------------
[INFO RSZ-0032] Inserted 44 hold buffers.
detailed_placement
[INFO DPL-0006] Core area: 6921.05 um^2, Instances area: 2601.48 um^2, Utilization: 37.6%
[INFO DPL-0005] Diamond search max displacement: +/- 500 sites horizontally, +/- 100 rows vertically.
[INFO DPL-1101] Legalizing using diamond search.
Movements Summary
---------------------------------------
Total cells:                    1971
Diamond Move Success:           1971 (100.00%)
Diamond Move Failure:              0
Rip-up and replace Success:        0 (  0.00% of diamond failures)
Rip-up and replace Failure:        0
Total Placement Failures:          0
---------------------------------------
Placement Analysis
---------------------------------
total displacement         48.7 u
average displacement        0.0 u
max displacement            2.4 u
original HPWL           23482.0 u
legalized HPWL          23506.4 u
delta HPWL                    0 %

estimate_parasitics -placement
Report metrics stage 4, cts final...

==========================================================================
cts final report_design_area
--------------------------------------------------------------------------
Design area 2601 um^2 38% utilization.
write_db ./results/nangate45/s5378/phase0d_optimizer_v1_s11_k2_0348f2cc6b9d/4_1_cts.odb
write_sdc -no_timestamp ./results/nangate45/s5378/phase0d_optimizer_v1_s11_k2_0348f2cc6b9d/4_cts.sdc
Log                       Ext     Elapsed/s Peak Memory/MB sha1sum result [0:20)
4_1_cts                   .odb            3            147 810ff1b56f8e79fd86ed
cp ./results/nangate45/s5378/phase0d_optimizer_v1_s11_k2_0348f2cc6b9d/4_1_cts.odb ./results/nangate45/s5378/phase0d_optimizer_v1_s11_k2_0348f2cc6b9d/4_cts.odb
/root/pact-deps/OpenROAD-flow-scripts/flow/scripts/flow.sh 5_1_grt global_route
Running global_route.tcl, stage 5_1_grt
read_liberty /root/pact-deps/OpenROAD-flow-scripts/flow/platforms/nangate45/lib/NangateOpenCellLibrary_typical.lib
read_db ./results/nangate45/s5378/phase0d_optimizer_v1_s11_k2_0348f2cc6b9d/4_cts.odb
read_sdc ./results/nangate45/s5378/phase0d_optimizer_v1_s11_k2_0348f2cc6b9d/4_cts.sdc
source /root/pact-deps/OpenROAD-flow-scripts/flow/platforms/nangate45/setRC.tcl
pin_access
[INFO DRT-0149] Reading tech and libs.

Units:                2000
Number of layers:     21
Number of macros:     135
Number of vias:       33
Number of viarulegen: 19

[INFO DRT-0150] Reading design.

Design:                   s5378
Die area:                 ( 0 0 ) ( 171970 171970 )
Number of track patterns: 20
Number of DEF vias:       0
Number of components:     2089
Number of terminals:      92
Number of snets:          2
Number of nets:           1995

[INFO DRT-0167] List of default vias:
  Layer via2
    default via: via2_5
  Layer via3
    default via: via3_2
  Layer via4
    default via: via4_0
  Layer via5
    default via: via5_0
  Layer via6
    default via: via6_0
  Layer via7
    default via: via7_0
  Layer via8
    default via: via8_0
  Layer via9
    default via: via9_0
[INFO DRT-0162] Library cell analysis.
[INFO DRT-0163] Instance analysis.
[INFO DRT-0164] Number of unique instances = 32.
[INFO DRT-0168] Init region query.
[INFO DRT-0024]   Complete active.
[INFO DRT-0024]   Complete Fr_VIA.
[INFO DRT-0024]   Complete metal1.
[INFO DRT-0024]   Complete via1.
[INFO DRT-0024]   Complete metal2.
[INFO DRT-0024]   Complete via2.
[INFO DRT-0024]   Complete metal3.
[INFO DRT-0024]   Complete via3.
[INFO DRT-0024]   Complete metal4.
[INFO DRT-0024]   Complete via4.
[INFO DRT-0024]   Complete metal5.
[INFO DRT-0024]   Complete via5.
[INFO DRT-0024]   Complete metal6.
[INFO DRT-0024]   Complete via6.
[INFO DRT-0024]   Complete metal7.
[INFO DRT-0024]   Complete via7.
[INFO DRT-0024]   Complete metal8.
[INFO DRT-0024]   Complete via8.
[INFO DRT-0024]   Complete metal9.
[INFO DRT-0024]   Complete via9.
[INFO DRT-0024]   Complete metal10.
[INFO DRT-0033] active shape region query size = 0.
[INFO DRT-0033] FR_VIA shape region query size = 0.
[INFO DRT-0033] metal1 shape region query size = 29401.
[INFO DRT-0033] via1 shape region query size = 270.
[INFO DRT-0033] metal2 shape region query size = 180.
[INFO DRT-0033] via2 shape region query size = 270.
[INFO DRT-0033] metal3 shape region query size = 180.
[INFO DRT-0033] via3 shape region query size = 270.
[INFO DRT-0033] metal4 shape region query size = 102.
[INFO DRT-0033] via4 shape region query size = 90.
[INFO DRT-0033] metal5 shape region query size = 65.
[INFO DRT-0033] via5 shape region query size = 90.
[INFO DRT-0033] metal6 shape region query size = 61.
[INFO DRT-0033] via6 shape region query size = 36.
[INFO DRT-0033] metal7 shape region query size = 21.
[INFO DRT-0033] via7 shape region query size = 0.
[INFO DRT-0033] metal8 shape region query size = 0.
[INFO DRT-0033] via8 shape region query size = 0.
[INFO DRT-0033] metal9 shape region query size = 0.
[INFO DRT-0033] via9 shape region query size = 0.
[INFO DRT-0033] metal10 shape region query size = 0.
[INFO DRT-0165] Start pin access.
[INFO DRT-0078]   Complete 152 pins.
[INFO DRT-0081]   Complete 32 unique inst patterns.
[INFO DRT-0084]   Complete 1185 groups.
#scanned instances     = 2089
#unique  instances     = 32
#stdCellGenAp          = 621
#stdCellValidPlanarAp  = 0
#stdCellValidViaAp     = 496
#stdCellPinNoAp        = 0
#stdCellPinCnt         = 5897
#instTermValidViaApCnt = 0
#macroGenAp            = 0
#macroValidPlanarAp    = 0
#macroValidViaAp       = 0
#macroNoAp             = 0
[INFO DRT-0166] Complete pin access.
[INFO DRT-0267] cpu time = 00:00:13, elapsed time = 00:00:03, memory = 116.52 (MB), peak = 116.45 (MB)
set_global_routing_random -seed 11
global_route -congestion_report_file ./reports/nangate45/s5378/phase0d_optimizer_v1_s11_k2_0348f2cc6b9d/congestion.rpt -congestion_iterations 30 -congestion_report_iter_step 5 -verbose
[INFO GRT-0020] Min routing layer: metal2
[INFO GRT-0021] Max routing layer: metal10
[INFO GRT-0022] Global adjustment: 0%
[INFO GRT-0023] Grid origin: (0, 0)
[INFO GRT-0088] Layer metal1  Track-Pitch = 0.1400  line-2-Via Pitch: 0.1350
[INFO GRT-0088] Layer metal2  Track-Pitch = 0.1900  line-2-Via Pitch: 0.1400
[INFO GRT-0088] Layer metal3  Track-Pitch = 0.1400  line-2-Via Pitch: 0.1400
[INFO GRT-0088] Layer metal4  Track-Pitch = 0.2800  line-2-Via Pitch: 0.2800
[INFO GRT-0088] Layer metal5  Track-Pitch = 0.2800  line-2-Via Pitch: 0.2800
[INFO GRT-0088] Layer metal6  Track-Pitch = 0.2800  line-2-Via Pitch: 0.2800
[INFO GRT-0088] Layer metal7  Track-Pitch = 0.8000  line-2-Via Pitch: 0.8000
[INFO GRT-0088] Layer metal8  Track-Pitch = 0.8000  line-2-Via Pitch: 0.8000
[INFO GRT-0088] Layer metal9  Track-Pitch = 1.6000  line-2-Via Pitch: 1.6000
[INFO GRT-0088] Layer metal10 Track-Pitch = 1.6000  line-2-Via Pitch: 1.6000
[INFO GRT-0003] Macros: 0
[INFO GRT-0004] Blockages: 0
[INFO GRT-0019] Found 18 clock nets.
[INFO GRT-0001] Minimum degree: 2
[INFO GRT-0002] Maximum degree: 59

[INFO GRT-0053] Routing resources analysis:
          Routing      Original      Derated      Resource
Layer     Direction    Resources     Resources    Reduction (%)
---------------------------------------------------------------
metal1     Horizontal          0             0          0.00%
metal2     Vertical        12818          6032          52.94%
metal3     Horizontal      17709          8695          50.90%
metal4     Vertical         8700          6148          29.33%
metal5     Horizontal       8855          6255          29.36%
metal6     Vertical         8880          6276          29.32%
metal7     Horizontal       2726          1972          27.66%
metal8     Vertical         3103          2233          28.04%
metal9     Horizontal       1537           870          43.40%
metal10    Vertical         1537           870          43.40%
---------------------------------------------------------------

[INFO GRT-0197] Via related to pin nodes: 11501
[INFO GRT-0198] Via related Steiner nodes: 232
[INFO GRT-0199] Via filling finished.
[INFO GRT-0111] Final number of vias: 14903
[INFO GRT-0112] Final usage 3D: 53858

[INFO GRT-0096] Final congestion report:
Layer         Resource        Demand        Usage (%)    Max H / Max V / Total Overflow
---------------------------------------------------------------------------------------
metal1               0             0            0.00%             0 /  0 /  0
metal2            6032          3425           56.78%             0 /  0 /  0
metal3            8695          3892           44.76%             0 /  0 /  0
metal4            6148          1179           19.18%             0 /  0 /  0
metal5            6255           434            6.94%             0 /  0 /  0
metal6            6276           216            3.44%             0 /  0 /  0
metal7            1972             3            0.15%             0 /  0 /  0
metal8            2233             0            0.00%             0 /  0 /  0
metal9             870             0            0.00%             0 /  0 /  0
metal10            870             0            0.00%             0 /  0 /  0
---------------------------------------------------------------------------------------
Total            39351          9149           23.25%             0 /  0 /  0

[INFO GRT-0018] Total wirelength: 40401 um
[INFO GRT-0014] Routed nets: 1995
[INFO GRT-0303] Global routing runtime = 00:00:00
estimate_parasitics -global_routing
Perform buffer insertion and gate resizing...
repair_design -verbose
Iteration |   Area    | Resized | Buffers | Nets repaired | Remaining
---------------------------------------------------------------------
        0 |     +0.0% |       0 |       0 |             0 |      2189
       10 |     +0.0% |       0 |       0 |             0 |      2179
       20 |     +0.0% |       0 |       0 |             0 |      2169
       30 |     +0.0% |       0 |       0 |             0 |      2159
       40 |     +0.0% |       0 |       0 |             0 |      2149
       50 |     +0.0% |       0 |       0 |             0 |      2139
       60 |     +0.0% |       0 |       0 |             0 |      2129
       70 |     +0.0% |       0 |       0 |             0 |      2119
       80 |     +0.0% |       0 |       0 |             0 |      2109
       90 |     +0.0% |       0 |       0 |             0 |      2099
      100 |     +0.0% |       0 |       0 |             0 |      2089
      110 |     +0.0% |       0 |       0 |             0 |      2079
      120 |     +0.0% |       0 |       0 |             0 |      2069
      130 |     +0.0% |       0 |       0 |             0 |      2059
      140 |     +0.0% |       0 |       0 |             0 |      2049
      150 |     +0.0% |       0 |       0 |             0 |      2039
      160 |     +0.0% |       0 |       0 |             0 |      2029
      170 |     +0.0% |       0 |       0 |             0 |      2019
      180 |     +0.0% |       0 |       0 |             0 |      2009
      190 |     +0.0% |       0 |       0 |             0 |      1999
      200 |     +0.0% |       0 |       0 |             0 |      1989
      210 |     +0.0% |       0 |       0 |             0 |      1979
      220 |     +0.0% |       0 |       0 |             0 |      1969
      230 |     +0.0% |       0 |       0 |             0 |      1959
      240 |     +0.0% |       0 |       0 |             0 |      1949
      250 |     +0.0% |       0 |       0 |             0 |      1939
      260 |     +0.0% |       0 |       0 |             0 |      1929
      270 |     +0.0% |       0 |       0 |             0 |      1919
      280 |     +0.0% |       0 |       0 |             0 |      1909
      290 |     +0.0% |       0 |       0 |             0 |      1899
      300 |     +0.0% |       0 |       0 |             0 |      1889
      310 |     +0.0% |       0 |       0 |             0 |      1879
      320 |     +0.0% |       0 |       0 |             0 |      1869
      330 |     +0.0% |       0 |       0 |             0 |      1859
      340 |     +0.0% |       0 |       0 |             0 |      1849
      350 |     +0.0% |       0 |       0 |             0 |      1839
      360 |     +0.0% |       0 |       0 |             0 |      1829
      370 |     +0.0% |       0 |       0 |             0 |      1819
      380 |     +0.0% |       0 |       0 |             0 |      1809
      390 |     +0.0% |       0 |       0 |             0 |      1799
      400 |     +0.0% |       0 |       0 |             0 |      1789
      410 |     +0.0% |       0 |       0 |             0 |      1779
      420 |     +0.0% |       0 |       0 |             0 |      1769
      430 |     +0.0% |       0 |       0 |             0 |      1759
      440 |     +0.0% |       0 |       0 |             0 |      1749
      450 |     +0.0% |       0 |       0 |             0 |      1739
      460 |     +0.0% |       0 |       0 |             0 |      1729
      470 |     +0.0% |       0 |       0 |             0 |      1719
      480 |     +0.0% |       0 |       0 |             0 |      1709
      490 |     +0.0% |       0 |       0 |             0 |      1699
      500 |     +0.0% |       0 |       0 |             0 |      1689
      510 |     +0.0% |       0 |       0 |             0 |      1679
      520 |     +0.0% |       0 |       0 |             0 |      1669
      530 |     +0.0% |       0 |       0 |             0 |      1659
      540 |     +0.0% |       0 |       0 |             0 |      1649
      550 |     +0.0% |       0 |       0 |             0 |      1639
      560 |     +0.0% |       0 |       0 |             0 |      1629
      570 |     +0.0% |       0 |       0 |             0 |      1619
      580 |     +0.0% |       0 |       0 |             0 |      1609
      590 |     +0.0% |       0 |       0 |             0 |      1599
      600 |     +0.0% |       0 |       0 |             0 |      1589
      610 |     +0.0% |       0 |       0 |             0 |      1579
      620 |     +0.0% |       0 |       0 |             0 |      1569
      630 |     +0.0% |       0 |       0 |             0 |      1559
      640 |     +0.0% |       0 |       0 |             0 |      1549
      650 |     +0.0% |       0 |       0 |             0 |      1539
      660 |     +0.0% |       0 |       0 |             0 |      1529
      670 |     +0.0% |       0 |       0 |             0 |      1519
      680 |     +0.0% |       0 |       0 |             0 |      1509
      690 |     +0.0% |       0 |       0 |             0 |      1499
      700 |     +0.0% |       0 |       0 |             0 |      1489
      710 |     +0.0% |       0 |       0 |             0 |      1479
      720 |     +0.0% |       0 |       0 |             0 |      1469
      730 |     +0.0% |       0 |       0 |             0 |      1459
      740 |     +0.0% |       0 |       0 |             0 |      1449
      750 |     +0.0% |       0 |       0 |             0 |      1439
      760 |     +0.0% |       0 |       0 |             0 |      1429
      770 |     +0.0% |       0 |       0 |             0 |      1419
      780 |     +0.0% |       0 |       0 |             0 |      1409
      790 |     +0.0% |       0 |       0 |             0 |      1399
      800 |     +0.0% |       0 |       0 |             0 |      1389
      810 |     +0.0% |       0 |       0 |             0 |      1379
      820 |     +0.0% |       0 |       0 |             0 |      1369
      830 |     +0.0% |       0 |       0 |             0 |      1359
      840 |     +0.0% |       0 |       0 |             0 |      1349
      850 |     +0.0% |       0 |       0 |             0 |      1339
      860 |     +0.0% |       0 |       0 |             0 |      1329
      870 |     +0.0% |       0 |       0 |             0 |      1319
      880 |     +0.0% |       0 |       0 |             0 |      1309
      890 |     +0.0% |       0 |       0 |             0 |      1299
      900 |     +0.0% |       0 |       0 |             0 |      1289
      910 |     +0.0% |       0 |       0 |             0 |      1279
      920 |     +0.0% |       0 |       0 |             0 |      1269
      930 |     +0.0% |       0 |       0 |             0 |      1259
      940 |     +0.0% |       0 |       0 |             0 |      1249
      950 |     +0.0% |       0 |       0 |             0 |      1239
      960 |     +0.0% |       0 |       0 |             0 |      1229
      970 |     +0.0% |       0 |       0 |             0 |      1219
      980 |     +0.0% |       0 |       0 |             0 |      1209
      990 |     +0.0% |       0 |       0 |             0 |      1199
     1000 |     +0.0% |       0 |       0 |             0 |      1189
     1010 |     +0.0% |       0 |       0 |             0 |      1179
     1020 |     +0.0% |       0 |       0 |             0 |      1169
     1030 |     +0.0% |       0 |       0 |             0 |      1159
     1040 |     +0.0% |       0 |       0 |             0 |      1149
     1050 |     +0.0% |       0 |       0 |             0 |      1139
     1060 |     +0.0% |       0 |       0 |             0 |      1129
     1070 |     +0.0% |       0 |       0 |             0 |      1119
     1080 |     +0.0% |       0 |       0 |             0 |      1109
     1090 |     +0.0% |       0 |       0 |             0 |      1099
     1100 |     +0.0% |       0 |       0 |             0 |      1089
     1110 |     +0.0% |       0 |       0 |             0 |      1079
     1120 |     +0.0% |       0 |       0 |             0 |      1069
     1130 |     +0.0% |       0 |       0 |             0 |      1059
     1140 |     +0.0% |       0 |       0 |             0 |      1049
     1150 |     +0.0% |       0 |       0 |             0 |      1039
     1160 |     +0.0% |       0 |       0 |             0 |      1029
     1170 |     +0.0% |       0 |       0 |             0 |      1019
     1180 |     +0.0% |       0 |       0 |             0 |      1009
     1190 |     +0.0% |       0 |       0 |             0 |       999
     1200 |     +0.0% |       0 |       0 |             0 |       989
     1210 |     +0.0% |       0 |       0 |             0 |       979
     1220 |     +0.0% |       0 |       0 |             0 |       969
     1230 |     +0.0% |       0 |       0 |             0 |       959
     1240 |     +0.0% |       0 |       0 |             0 |       949
     1250 |     +0.0% |       0 |       0 |             0 |       939
     1260 |     +0.0% |       0 |       0 |             0 |       929
     1270 |     +0.0% |       0 |       0 |             0 |       919
     1280 |     +0.0% |       0 |       0 |             0 |       909
     1290 |     +0.0% |       0 |       0 |             0 |       899
     1300 |     +0.0% |       0 |       0 |             0 |       889
     1310 |     +0.0% |       0 |       0 |             0 |       879
     1320 |     +0.0% |       0 |       0 |             0 |       869
     1330 |     +0.0% |       0 |       0 |             0 |       859
     1340 |     +0.0% |       0 |       0 |             0 |       849
     1350 |     +0.0% |       0 |       0 |             0 |       839
     1360 |     +0.0% |       0 |       0 |             0 |       829
     1370 |     +0.0% |       0 |       0 |             0 |       819
     1380 |     +0.0% |       0 |       0 |             0 |       809
     1390 |     +0.0% |       0 |       0 |             0 |       799
     1400 |     +0.0% |       0 |       0 |             0 |       789
     1410 |     +0.0% |       0 |       0 |             0 |       779
     1420 |     +0.0% |       0 |       0 |             0 |       769
     1430 |     +0.0% |       0 |       0 |             0 |       759
     1440 |     +0.0% |       0 |       0 |             0 |       749
     1450 |     +0.0% |       0 |       0 |             0 |       739
     1460 |     +0.0% |       0 |       0 |             0 |       729
     1470 |     +0.0% |       0 |       0 |             0 |       719
     1480 |     +0.0% |       0 |       0 |             0 |       709
     1490 |     +0.0% |       0 |       0 |             0 |       699
     1500 |     +0.0% |       0 |       0 |             0 |       689
     1510 |     +0.0% |       0 |       0 |             0 |       679
     1520 |     +0.0% |       0 |       0 |             0 |       669
     1530 |     +0.0% |       0 |       0 |             0 |       659
     1540 |     +0.0% |       0 |       0 |             0 |       649
     1550 |     +0.0% |       0 |       0 |             0 |       639
     1560 |     +0.0% |       0 |       0 |             0 |       629
     1570 |     +0.0% |       0 |       0 |             0 |       619
     1580 |     +0.0% |       0 |       0 |             0 |       609
     1590 |     +0.0% |       0 |       0 |             0 |       599
     1600 |     +0.0% |       0 |       0 |             0 |       589
     1610 |     +0.0% |       0 |       0 |             0 |       579
     1620 |     +0.0% |       0 |       0 |             0 |       569
     1630 |     +0.0% |       0 |       0 |             0 |       559
     1640 |     +0.0% |       0 |       0 |             0 |       549
     1650 |     +0.0% |       0 |       0 |             0 |       539
     1660 |     +0.0% |       0 |       0 |             0 |       529
     1670 |     +0.0% |       0 |       0 |             0 |       519
     1680 |     +0.0% |       0 |       0 |             0 |       509
     1690 |     +0.0% |       0 |       0 |             0 |       499
     1700 |     +0.0% |       0 |       0 |             0 |       489
     1710 |     +0.0% |       0 |       0 |             0 |       479
     1720 |     +0.0% |       0 |       0 |             0 |       469
     1730 |     +0.0% |       0 |       0 |             0 |       459
     1740 |     +0.0% |       0 |       0 |             0 |       449
     1750 |     +0.0% |       0 |       0 |             0 |       439
     1760 |     +0.0% |       0 |       0 |             0 |       429
     1770 |     +0.0% |       0 |       0 |             0 |       419
     1780 |     +0.0% |       0 |       0 |             0 |       409
     1790 |     +0.0% |       0 |       0 |             0 |       399
     1800 |     +0.0% |       0 |       0 |             0 |       389
     1810 |     +0.0% |       0 |       0 |             0 |       379
     1820 |     +0.0% |       0 |       0 |             0 |       369
     1830 |     +0.0% |       0 |       0 |             0 |       359
     1840 |     +0.0% |       0 |       0 |             0 |       349
     1850 |     +0.0% |       0 |       0 |             0 |       339
     1860 |     +0.0% |       0 |       0 |             0 |       329
     1870 |     +0.0% |       0 |       0 |             0 |       319
     1880 |     +0.0% |       0 |       0 |             0 |       309
     1890 |     +0.0% |       0 |       0 |             0 |       299
     1900 |     +0.0% |       0 |       0 |             0 |       289
     1910 |     +0.0% |       0 |       0 |             0 |       279
     1920 |     +0.0% |       0 |       0 |             0 |       269
     1930 |     +0.0% |       0 |       0 |             0 |       259
     1940 |     +0.0% |       0 |       0 |             0 |       249
     1950 |     +0.0% |       0 |       0 |             0 |       239
     1960 |     +0.0% |       0 |       0 |             0 |       229
     1970 |     +0.0% |       0 |       0 |             0 |       219
     1980 |     +0.0% |       0 |       0 |             0 |       209
     1990 |     +0.0% |       0 |       0 |             0 |       199
     2000 |     +0.0% |       0 |       0 |             0 |       189
     2010 |     +0.0% |       0 |       0 |             0 |       179
     2020 |     +0.0% |       0 |       0 |             0 |       169
     2030 |     +0.0% |       0 |       0 |             0 |       159
     2040 |     +0.0% |       0 |       0 |             0 |       149
     2050 |     +0.0% |       0 |       0 |             0 |       139
     2060 |     +0.0% |       0 |       0 |             0 |       129
     2070 |     +0.0% |       0 |       0 |             0 |       119
     2080 |     +0.0% |       0 |       0 |             0 |       109
     2090 |     +0.0% |       0 |       0 |             0 |        99
     2100 |     +0.0% |       0 |       0 |             0 |        89
     2110 |     +0.0% |       0 |       0 |             0 |        79
     2120 |     +0.0% |       0 |       0 |             0 |        69
     2130 |     +0.0% |       0 |       0 |             0 |        59
     2140 |     +0.0% |       0 |       0 |             0 |        49
     2150 |     +0.0% |       0 |       0 |             0 |        39
     2160 |     +0.0% |       0 |       0 |             0 |        29
     2170 |     +0.0% |       0 |       0 |             0 |        19
     2180 |     +0.0% |       0 |       0 |             0 |         9
    final |     +0.0% |       0 |       0 |             0 |         0
---------------------------------------------------------------------
global_route -start_incremental
detailed_placement
[INFO DPL-0006] Core area: 6921.05 um^2, Instances area: 2601.48 um^2, Utilization: 37.6%
[INFO DPL-0005] Diamond search max displacement: +/- 500 sites horizontally, +/- 100 rows vertically.
[INFO DPL-1101] Legalizing using diamond search.
Movements Summary
---------------------------------------
Total cells:                    1971
Diamond Move Success:           1971 (100.00%)
Diamond Move Failure:              0
Rip-up and replace Success:        0 (  0.00% of diamond failures)
Rip-up and replace Failure:        0
Total Placement Failures:          0
---------------------------------------
Placement Analysis
---------------------------------
total displacement          0.0 u
average displacement        0.0 u
max displacement            0.0 u
original HPWL           23506.4 u
legalized HPWL          23506.4 u
delta HPWL                    0 %

global_route -end_incremental -congestion_report_file ./reports/nangate45/s5378/phase0d_optimizer_v1_s11_k2_0348f2cc6b9d/congestion_post_repair_design.rpt
Repair setup and hold violations...
estimate_parasitics -global_routing
repair_timing -setup_margin 0 -hold_margin 0 -repair_tns 100 -verbose
[INFO RSZ-0100] Repair move sequence: UnbufferMove SizeUpMove SwapPinsMove BufferMove CloneMove SplitLoadMove 
[INFO RSZ-0098] No setup violations found
[INFO RSZ-0033] No hold violations found.
global_route -start_incremental
detailed_placement
[INFO DPL-0006] Core area: 6921.05 um^2, Instances area: 2601.48 um^2, Utilization: 37.6%
[INFO DPL-0005] Diamond search max displacement: +/- 500 sites horizontally, +/- 100 rows vertically.
[INFO DPL-1101] Legalizing using diamond search.
Movements Summary
---------------------------------------
Total cells:                    1971
Diamond Move Success:           1971 (100.00%)
Diamond Move Failure:              0
Rip-up and replace Success:        0 (  0.00% of diamond failures)
Rip-up and replace Failure:        0
Total Placement Failures:          0
---------------------------------------
Placement Analysis
---------------------------------
total displacement          0.0 u
average displacement        0.0 u
max displacement            0.0 u
original HPWL           23506.4 u
legalized HPWL          23506.4 u
delta HPWL                    0 %

check_placement -verbose
global_route -end_incremental -congestion_report_file ./reports/nangate45/s5378/phase0d_optimizer_v1_s11_k2_0348f2cc6b9d/congestion_post_repair_timing.rpt
estimate_parasitics -global_routing
global_route -start_incremental
global_route -end_incremental -congestion_report_file ./reports/nangate45/s5378/phase0d_optimizer_v1_s11_k2_0348f2cc6b9d/congestion_post_recover_power.rpt
Repair antennas...
[WARNING GRT-0246] No diode with LEF class CORE ANTENNACELL found.
[INFO ANT-0002] Found 0 net violations.
[INFO ANT-0001] Found 0 pin violations.
Estimate parasitics...
estimate_parasitics -global_routing
Report metrics stage 5, global route...

==========================================================================
global route report_design_area
--------------------------------------------------------------------------
Design area 2601 um^2 38% utilization.
[INFO FLW-0007] clock clk period 10.000000
[INFO FLW-0008] Clock clk period 0.867
[INFO FLW-0009] Clock clk slack 9.087
write_sdc -no_timestamp ./results/nangate45/s5378/phase0d_optimizer_v1_s11_k2_0348f2cc6b9d/updated_clks.sdc
[INFO FLW-0011] Path endpoint path count 782
write_db ./results/nangate45/s5378/phase0d_optimizer_v1_s11_k2_0348f2cc6b9d/5_1_grt.odb
write_sdc -no_timestamp ./results/nangate45/s5378/phase0d_optimizer_v1_s11_k2_0348f2cc6b9d/5_1_grt.sdc
Log                       Ext     Elapsed/s Peak Memory/MB sha1sum result [0:20)
5_1_grt                   .odb            7            302 e6cf577a6bb5a763a749
5_1_grt                   .sdc                             dc3b136b356fec3f3ef5
/root/pact-deps/OpenROAD-flow-scripts/flow/scripts/flow.sh 5_2_route detail_route
Running detail_route.tcl, stage 5_2_route
read_liberty /root/pact-deps/OpenROAD-flow-scripts/flow/platforms/nangate45/lib/NangateOpenCellLibrary_typical.lib
read_db ./results/nangate45/s5378/phase0d_optimizer_v1_s11_k2_0348f2cc6b9d/5_1_grt.odb
read_sdc ./results/nangate45/s5378/phase0d_optimizer_v1_s11_k2_0348f2cc6b9d/5_1_grt.sdc
source /root/pact-deps/OpenROAD-flow-scripts/flow/platforms/nangate45/setRC.tcl
detailed_route -output_drc ./reports/nangate45/s5378/phase0d_optimizer_v1_s11_k2_0348f2cc6b9d/5_route_drc.rpt -output_maze ./results/nangate45/s5378/phase0d_optimizer_v1_s11_k2_0348f2cc6b9d/maze.log -droute_end_iter 64 -verbose 1 -drc_report_iter_step 5
[INFO DRT-0149] Reading tech and libs.

Units:                2000
Number of layers:     21
Number of macros:     135
Number of vias:       33
Number of viarulegen: 19

[INFO DRT-0150] Reading design.

Design:                   s5378
Die area:                 ( 0 0 ) ( 171970 171970 )
Number of track patterns: 20
Number of DEF vias:       0
Number of components:     2089
Number of terminals:      92
Number of snets:          2
Number of nets:           1995

[INFO DRT-0167] List of default vias:
  Layer via2
    default via: via2_5
  Layer via3
    default via: via3_2
  Layer via4
    default via: via4_0
  Layer via5
    default via: via5_0
  Layer via6
    default via: via6_0
  Layer via7
    default via: via7_0
  Layer via8
    default via: via8_0
  Layer via9
    default via: via9_0
[INFO DRT-0162] Library cell analysis.
[INFO DRT-0163] Instance analysis.
[INFO DRT-0164] Number of unique instances = 32.
[INFO DRT-0168] Init region query.
[INFO DRT-0024]   Complete active.
[INFO DRT-0024]   Complete Fr_VIA.
[INFO DRT-0024]   Complete metal1.
[INFO DRT-0024]   Complete via1.
[INFO DRT-0024]   Complete metal2.
[INFO DRT-0024]   Complete via2.
[INFO DRT-0024]   Complete metal3.
[INFO DRT-0024]   Complete via3.
[INFO DRT-0024]   Complete metal4.
[INFO DRT-0024]   Complete via4.
[INFO DRT-0024]   Complete metal5.
[INFO DRT-0024]   Complete via5.
[INFO DRT-0024]   Complete metal6.
[INFO DRT-0024]   Complete via6.
[INFO DRT-0024]   Complete metal7.
[INFO DRT-0024]   Complete via7.
[INFO DRT-0024]   Complete metal8.
[INFO DRT-0024]   Complete via8.
[INFO DRT-0024]   Complete metal9.
[INFO DRT-0024]   Complete via9.
[INFO DRT-0024]   Complete metal10.
[INFO DRT-0033] active shape region query size = 0.
[INFO DRT-0033] FR_VIA shape region query size = 0.
[INFO DRT-0033] metal1 shape region query size = 29401.
[INFO DRT-0033] via1 shape region query size = 270.
[INFO DRT-0033] metal2 shape region query size = 180.
[INFO DRT-0033] via2 shape region query size = 270.
[INFO DRT-0033] metal3 shape region query size = 180.
[INFO DRT-0033] via3 shape region query size = 270.
[INFO DRT-0033] metal4 shape region query size = 102.
[INFO DRT-0033] via4 shape region query size = 90.
[INFO DRT-0033] metal5 shape region query size = 65.
[INFO DRT-0033] via5 shape region query size = 90.
[INFO DRT-0033] metal6 shape region query size = 61.
[INFO DRT-0033] via6 shape region query size = 36.
[INFO DRT-0033] metal7 shape region query size = 21.
[INFO DRT-0033] via7 shape region query size = 0.
[INFO DRT-0033] metal8 shape region query size = 0.
[INFO DRT-0033] via8 shape region query size = 0.
[INFO DRT-0033] metal9 shape region query size = 0.
[INFO DRT-0033] via9 shape region query size = 0.
[INFO DRT-0033] metal10 shape region query size = 0.
[INFO DRT-0165] Start pin access.
[INFO DRT-0078]   Complete 152 pins.
[INFO DRT-0081]   Complete 32 unique inst patterns.
[INFO DRT-0084]   Complete 1185 groups.
#scanned instances     = 2089
#unique  instances     = 32
#stdCellGenAp          = 621
#stdCellValidPlanarAp  = 0
#stdCellValidViaAp     = 496
#stdCellPinNoAp        = 0
#stdCellPinCnt         = 5897
#instTermValidViaApCnt = 0
#macroGenAp            = 0
#macroValidPlanarAp    = 0
#macroValidViaAp       = 0
#macroNoAp             = 0
[INFO DRT-0166] Complete pin access.
[INFO DRT-0267] cpu time = 00:00:13, elapsed time = 00:00:03, memory = 261.88 (MB), peak = 261.38 (MB)

[INFO DRT-0157] Number of guides:     16349

[INFO DRT-0169] Post process guides.
[INFO DRT-0176] GCELLGRID X 0 DO 30 STEP 5700 ;
[INFO DRT-0177] GCELLGRID Y 0 DO 30 STEP 5700 ;
[INFO DRT-0028]   Complete active.
[INFO DRT-0028]   Complete Fr_VIA.
[INFO DRT-0028]   Complete metal1.
[INFO DRT-0028]   Complete via1.
[INFO DRT-0028]   Complete metal2.
[INFO DRT-0028]   Complete via2.
[INFO DRT-0028]   Complete metal3.
[INFO DRT-0028]   Complete via3.
[INFO DRT-0028]   Complete metal4.
[INFO DRT-0028]   Complete via4.
[INFO DRT-0028]   Complete metal5.
[INFO DRT-0028]   Complete via5.
[INFO DRT-0028]   Complete metal6.
[INFO DRT-0028]   Complete via6.
[INFO DRT-0028]   Complete metal7.
[INFO DRT-0028]   Complete via7.
[INFO DRT-0028]   Complete metal8.
[INFO DRT-0028]   Complete via8.
[INFO DRT-0028]   Complete metal9.
[INFO DRT-0028]   Complete via9.
[INFO DRT-0028]   Complete metal10.
[INFO DRT-0178] Init guide query.
[INFO DRT-0035]   Complete active (guide).
[INFO DRT-0035]   Complete Fr_VIA (guide).
[INFO DRT-0035]   Complete metal1 (guide).
[INFO DRT-0035]   Complete via1 (guide).
[INFO DRT-0035]   Complete metal2 (guide).
[INFO DRT-0035]   Complete via2 (guide).
[INFO DRT-0035]   Complete metal3 (guide).
[INFO DRT-0035]   Complete via3 (guide).
[INFO DRT-0035]   Complete metal4 (guide).
[INFO DRT-0035]   Complete via4 (guide).
[INFO DRT-0035]   Complete metal5 (guide).
[INFO DRT-0035]   Complete via5 (guide).
[INFO DRT-0035]   Complete metal6 (guide).
[INFO DRT-0035]   Complete via6 (guide).
[INFO DRT-0035]   Complete metal7 (guide).
[INFO DRT-0035]   Complete via7 (guide).
[INFO DRT-0035]   Complete metal8 (guide).
[INFO DRT-0035]   Complete via8 (guide).
[INFO DRT-0035]   Complete metal9 (guide).
[INFO DRT-0035]   Complete via9 (guide).
[INFO DRT-0035]   Complete metal10 (guide).
[INFO DRT-0036] active guide region query size = 0.
[INFO DRT-0036] FR_VIA guide region query size = 0.
[INFO DRT-0036] metal1 guide region query size = 5291.
[INFO DRT-0036] via1 guide region query size = 0.
[INFO DRT-0036] metal2 guide region query size = 4835.
[INFO DRT-0036] via2 guide region query size = 0.
[INFO DRT-0036] metal3 guide region query size = 2752.
[INFO DRT-0036] via3 guide region query size = 0.
[INFO DRT-0036] metal4 guide region query size = 487.
[INFO DRT-0036] via4 guide region query size = 0.
[INFO DRT-0036] metal5 guide region query size = 208.
[INFO DRT-0036] via5 guide region query size = 0.
[INFO DRT-0036] metal6 guide region query size = 67.
[INFO DRT-0036] via6 guide region query size = 0.
[INFO DRT-0036] metal7 guide region query size = 1.
[INFO DRT-0036] via7 guide region query size = 0.
[INFO DRT-0036] metal8 guide region query size = 0.
[INFO DRT-0036] via8 guide region query size = 0.
[INFO DRT-0036] metal9 guide region query size = 0.
[INFO DRT-0036] via9 guide region query size = 0.
[INFO DRT-0036] metal10 guide region query size = 0.
[INFO DRT-0179] Init gr pin query.
[INFO DRT-0267] cpu time = 00:00:00, elapsed time = 00:00:00, memory = 267.68 (MB), peak = 267.31 (MB)
[INFO DRT-0245] skipped writing guide updates to database.
[INFO DRT-0181] Start track assignment.
[INFO DRT-0184] Done with 5389 vertical wires in 1 frboxes and 8252 horizontal wires in 1 frboxes.
[INFO DRT-0186] Done with 1607 vertical wires in 1 frboxes and 1800 horizontal wires in 1 frboxes.
[INFO DRT-0182] Complete track assignment.
[INFO DRT-0267] cpu time = 00:00:01, elapsed time = 00:00:01, memory = 299.71 (MB), peak = 299.32 (MB)
[INFO DRT-0187] Start routing data preparation.
[INFO DRT-0267] cpu time = 00:00:00, elapsed time = 00:00:00, memory = 300.82 (MB), peak = 300.45 (MB)
[INFO DRT-0194] Start detail routing.
[INFO DRT-0195] Start 0th optimization iteration.
    Completing 10% with 0 violations.
    elapsed time = 00:00:00, memory = 332.43 (MB).
    Completing 20% with 0 violations.
    elapsed time = 00:00:00, memory = 341.68 (MB).
    Completing 30% with 0 violations.
    elapsed time = 00:00:02, memory = 340.36 (MB).
    Completing 40% with 70 violations.
    elapsed time = 00:00:04, memory = 380.93 (MB).
    Completing 50% with 70 violations.
    elapsed time = 00:00:05, memory = 371.21 (MB).
    Completing 60% with 70 violations.
    elapsed time = 00:00:07, memory = 344.21 (MB).
    Completing 70% with 122 violations.
    elapsed time = 00:00:08, memory = 390.31 (MB).
    Completing 80% with 122 violations.
    elapsed time = 00:00:10, memory = 373.60 (MB).
    Completing 90% with 216 violations.
    elapsed time = 00:00:13, memory = 412.18 (MB).
    Completing 100% with 294 violations.
    elapsed time = 00:00:16, memory = 396.29 (MB).
[INFO DRT-0199]   Number of violations = 408.
Viol/Layer      metal1 metal2   via2 metal3   via3 metal4   via4
Cut Spacing          0      0      0      0      0      0      1
Metal Spacing        0     29      0      2      0      2      0
Recheck              2     69      0     42      0      1      0
Short                0    230      1     28      1      0      0
[INFO DRT-0267] cpu time = 00:00:38, elapsed time = 00:00:17, memory = 923.55 (MB), peak = 923.30 (MB)
Total wire length = 26694 um.
Total wire length on LAYER metal1 = 0 um.
Total wire length on LAYER metal2 = 10285 um.
Total wire length on LAYER metal3 = 11651 um.
Total wire length on LAYER metal4 = 3124 um.
Total wire length on LAYER metal5 = 1005 um.
Total wire length on LAYER metal6 = 620 um.
Total wire length on LAYER metal7 = 7 um.
Total wire length on LAYER metal8 = 0 um.
Total wire length on LAYER metal9 = 0 um.
Total wire length on LAYER metal10 = 0 um.
Total number of vias = 13407.
Up-via summary (total 13407):

----------------
 active        0
 metal1     5928
 metal2     6462
 metal3      669
 metal4      258
 metal5       88
 metal6        2
 metal7        0
 metal8        0
 metal9        0
----------------
       13407


[INFO DRT-0195] Start 1st optimization iteration.
    Completing 10% with 408 violations.
    elapsed time = 00:00:00, memory = 944.20 (MB).
    Completing 20% with 408 violations.
    elapsed time = 00:00:00, memory = 944.20 (MB).
    Completing 30% with 408 violations.
    elapsed time = 00:00:01, memory = 944.20 (MB).
    Completing 40% with 327 violations.
    elapsed time = 00:00:03, memory = 934.50 (MB).
    Completing 50% with 327 violations.
    elapsed time = 00:00:04, memory = 934.50 (MB).
    Completing 60% with 327 violations.
    elapsed time = 00:00:06, memory = 938.91 (MB).
    Completing 70% with 273 violations.
    elapsed time = 00:00:06, memory = 938.91 (MB).
    Completing 80% with 273 violations.
    elapsed time = 00:00:07, memory = 940.08 (MB).
    Completing 90% with 176 violations.
    elapsed time = 00:00:11, memory = 943.25 (MB).
    Completing 100% with 87 violations.
    elapsed time = 00:00:11, memory = 943.25 (MB).
[INFO DRT-0199]   Number of violations = 87.
Viol/Layer      metal2 metal3
Metal Spacing       13      2
Short               66      6
[INFO DRT-0267] cpu time = 00:00:33, elapsed time = 00:00:12, memory = 946.25 (MB), peak = 945.89 (MB)
Total wire length = 26468 um.
Total wire length on LAYER metal1 = 0 um.
Total wire length on LAYER metal2 = 10164 um.
Total wire length on LAYER metal3 = 11593 um.
Total wire length on LAYER metal4 = 3103 um.
Total wire length on LAYER metal5 = 978 um.
Total wire length on LAYER metal6 = 619 um.
Total wire length on LAYER metal7 = 7 um.
Total wire length on LAYER metal8 = 0 um.
Total wire length on LAYER metal9 = 0 um.
Total wire length on LAYER metal10 = 0 um.
Total number of vias = 13317.
Up-via summary (total 13317):

----------------
 active        0
 metal1     5924
 metal2     6390
 metal3      661
 metal4      251
 metal5       89
 metal6        2
 metal7        0
 metal8        0
 metal9        0
----------------
       13317


[INFO DRT-0195] Start 2nd optimization iteration.
    Completing 10% with 87 violations.
    elapsed time = 00:00:00, memory = 946.25 (MB).
    Completing 20% with 87 violations.
    elapsed time = 00:00:00, memory = 946.25 (MB).
    Completing 30% with 87 violations.
    elapsed time = 00:00:02, memory = 946.25 (MB).
    Completing 40% with 85 violations.
    elapsed time = 00:00:02, memory = 946.25 (MB).
    Completing 50% with 85 violations.
    elapsed time = 00:00:04, memory = 946.25 (MB).
    Completing 60% with 85 violations.
    elapsed time = 00:00:06, memory = 946.25 (MB).
    Completing 70% with 88 violations.
    elapsed time = 00:00:06, memory = 946.25 (MB).
    Completing 80% with 88 violations.
    elapsed time = 00:00:09, memory = 953.06 (MB).
    Completing 90% with 90 violations.
    elapsed time = 00:00:13, memory = 957.56 (MB).
    Completing 100% with 91 violations.
    elapsed time = 00:00:14, memory = 957.56 (MB).
[INFO DRT-0199]   Number of violations = 91.
Viol/Layer      metal2 metal3
Metal Spacing       19      7
Short               61      4
[INFO DRT-0267] cpu time = 00:00:32, elapsed time = 00:00:15, memory = 957.56 (MB), peak = 966.52 (MB)
Total wire length = 26431 um.
Total wire length on LAYER metal1 = 0 um.
Total wire length on LAYER metal2 = 10127 um.
Total wire length on LAYER metal3 = 11580 um.
Total wire length on LAYER metal4 = 3122 um.
Total wire length on LAYER metal5 = 982 um.
Total wire length on LAYER metal6 = 618 um.
Total wire length on LAYER metal7 = 0 um.
Total wire length on LAYER metal8 = 0 um.
Total wire length on LAYER metal9 = 0 um.
Total wire length on LAYER metal10 = 0 um.
Total number of vias = 13310.
Up-via summary (total 13310):

----------------
 active        0
 metal1     5924
 metal2     6384
 metal3      666
 metal4      248
 metal5       88
 metal6        0
 metal7        0
 metal8        0
 metal9        0
----------------
       13310


[INFO DRT-0195] Start 3rd guides tiles iteration.
    Completing 10% with 91 violations.
    elapsed time = 00:00:00, memory = 957.56 (MB).
    Completing 20% with 91 violations.
    elapsed time = 00:00:00, memory = 957.56 (MB).
    Completing 30% with 91 violations.
    elapsed time = 00:00:03, memory = 957.56 (MB).
    Completing 40% with 40 violations.
    elapsed time = 00:00:03, memory = 957.56 (MB).
    Completing 50% with 40 violations.
    elapsed time = 00:00:03, memory = 957.56 (MB).
    Completing 60% with 40 violations.
    elapsed time = 00:00:03, memory = 957.56 (MB).
    Completing 70% with 2 violations.
    elapsed time = 00:00:11, memory = 957.56 (MB).
    Completing 80% with 2 violations.
    elapsed time = 00:00:11, memory = 957.56 (MB).
    Completing 90% with 2 violations.
    elapsed time = 00:00:11, memory = 957.56 (MB).
    Completing 100% with 0 violations.
    elapsed time = 00:00:11, memory = 957.56 (MB).
[INFO DRT-0199]   Number of violations = 0.
[INFO DRT-0267] cpu time = 00:00:14, elapsed time = 00:00:12, memory = 957.56 (MB), peak = 1022.04 (MB)
Total wire length = 26423 um.
Total wire length on LAYER metal1 = 0 um.
Total wire length on LAYER metal2 = 9961 um.
Total wire length on LAYER metal3 = 11635 um.
Total wire length on LAYER metal4 = 3253 um.
Total wire length on LAYER metal5 = 951 um.
Total wire length on LAYER metal6 = 621 um.
Total wire length on LAYER metal7 = 0 um.
Total wire length on LAYER metal8 = 0 um.
Total wire length on LAYER metal9 = 0 um.
Total wire length on LAYER metal10 = 0 um.
Total number of vias = 13395.
Up-via summary (total 13395):

----------------
 active        0
 metal1     5926
 metal2     6427
 metal3      709
 metal4      245
 metal5       88
 metal6        0
 metal7        0
 metal8        0
 metal9        0
----------------
       13395


[INFO DRT-0198] Complete detail routing.
Total wire length = 26423 um.
Total wire length on LAYER metal1 = 0 um.
Total wire length on LAYER metal2 = 9961 um.
Total wire length on LAYER metal3 = 11635 um.
Total wire length on LAYER metal4 = 3253 um.
Total wire length on LAYER metal5 = 951 um.
Total wire length on LAYER metal6 = 621 um.
Total wire length on LAYER metal7 = 0 um.
Total wire length on LAYER metal8 = 0 um.
Total wire length on LAYER metal9 = 0 um.
Total wire length on LAYER metal10 = 0 um.
Total number of vias = 13395.
Up-via summary (total 13395):

----------------
 active        0
 metal1     5926
 metal2     6427
 metal3      709
 metal4      245
 metal5       88
 metal6        0
 metal7        0
 metal8        0
 metal9        0
----------------
       13395


[INFO DRT-0267] cpu time = 00:01:59, elapsed time = 00:00:57, memory = 957.62 (MB), peak = 1022.04 (MB)

[INFO DRT-0180] Post processing.
Took 63 seconds: detailed_route -output_drc ./reports/nangate45/s5378/phase0d_optimizer_v1_s11_k2_0348f2cc6b9d/5_route_drc.rpt -output_maze ./results/nangate45/s5378/phase0d_optimizer_v1_s11_k2_0348f2cc6b9d/maze.log -droute_end_iter 64 -verbose 1 -drc_report_iter_step 5
[WARNING GRT-0246] No diode with LEF class CORE ANTENNACELL found.
[INFO ANT-0002] Found 0 net violations.
[INFO ANT-0001] Found 0 pin violations.
[INFO ANT-0002] Found 0 net violations.
[INFO ANT-0001] Found 0 pin violations.
Design area 2601 um^2 38% utilization.
write_db ./results/nangate45/s5378/phase0d_optimizer_v1_s11_k2_0348f2cc6b9d/5_2_route.odb
Log                       Ext     Elapsed/s Peak Memory/MB sha1sum result [0:20)
5_2_route                 .odb           66           1022 86f975e433464ffd2210
/root/pact-deps/OpenROAD-flow-scripts/flow/scripts/flow.sh 5_3_fillcell fillcell
Running fillcell.tcl, stage 5_3_fillcell
read_liberty /root/pact-deps/OpenROAD-flow-scripts/flow/platforms/nangate45/lib/NangateOpenCellLibrary_typical.lib
read_db ./results/nangate45/s5378/phase0d_optimizer_v1_s11_k2_0348f2cc6b9d/5_2_route.odb
read_sdc ./results/nangate45/s5378/phase0d_optimizer_v1_s11_k2_0348f2cc6b9d/5_1_grt.sdc
source /root/pact-deps/OpenROAD-flow-scripts/flow/platforms/nangate45/setRC.tcl
filler_placement "FILLCELL_X1 FILLCELL_X2 FILLCELL_X4 FILLCELL_X8 FILLCELL_X16 FILLCELL_X32"
[INFO DPL-0001] Placed 2557 filler instances.
Design area 2601 um^2 38% utilization.
write_db ./results/nangate45/s5378/phase0d_optimizer_v1_s11_k2_0348f2cc6b9d/5_3_fillcell.odb
Log                       Ext     Elapsed/s Peak Memory/MB sha1sum result [0:20)
5_3_fillcell              .odb            0            116 99550e0b627c3354038b
cp ./results/nangate45/s5378/phase0d_optimizer_v1_s11_k2_0348f2cc6b9d/5_3_fillcell.odb ./results/nangate45/s5378/phase0d_optimizer_v1_s11_k2_0348f2cc6b9d/5_route.odb
cp ./results/nangate45/s5378/phase0d_optimizer_v1_s11_k2_0348f2cc6b9d/5_1_grt.sdc ./results/nangate45/s5378/phase0d_optimizer_v1_s11_k2_0348f2cc6b9d/5_route.sdc
