OpenROAD 26Q2-1164-g08f67ee5ec 
Features included (+) or not (-): +GPU +GUI +Python
This program is licensed under the BSD-3 license. See the LICENSE file for details.
Components of this program may be licensed under more restrictive licenses which must be honored.
[INFO ORD-0030] Using 4 thread(s).
mkdir -p ./objects/nangate45/s9234f/phase0c_f3e7b516a_s13_k1_R_47aa5c90_7f655d61
/root/pact-deps/OpenROAD-flow-scripts/flow/scripts/flow.sh 4_1_cts cts
Running cts.tcl, stage 4_1_cts
read_liberty /root/pact-deps/OpenROAD-flow-scripts/flow/platforms/nangate45/lib/NangateOpenCellLibrary_typical.lib
read_db ./results/nangate45/s9234f/phase0c_f3e7b516a_s13_k1_R_47aa5c90_7f655d61/3_place.odb
read_sdc ./results/nangate45/s9234f/phase0c_f3e7b516a_s13_k1_R_47aa5c90_7f655d61/3_place.sdc
source /root/pact-deps/OpenROAD-flow-scripts/flow/platforms/nangate45/setRC.tcl
clock_tree_synthesis -sink_clustering_enable -repair_clock_nets
[INFO CTS-0050] Root buffer is CLKBUF_X3.
[INFO CTS-0051] Sink buffer is CLKBUF_X3.
[INFO CTS-0052] The following clock buffers will be used for CTS:
                    CLKBUF_X3
[INFO CTS-0049] Characterization buffer is CLKBUF_X3.
[INFO CTS-0007] Net "CK" found for clock "clk".
[INFO CTS-0010]  Clock net "CK" has 211 sinks.
[INFO CTS-0008] TritonCTS found 1 clock nets.
[INFO CTS-0097] Characterization used 1 buffer(s) types.
[INFO CTS-0201] 0 blockages from hard placement blockages and placed macros will be used.
[INFO CTS-0027] Generating H-Tree topology for net CK.
[INFO CTS-0028]  Total number of sinks: 211.
[INFO CTS-0090]  Sinks will be clustered based on buffer max cap.
[INFO CTS-0030]  Number of static layers: 0.
[INFO CTS-0020]  Wire segment unit: 14000  dbu (7 um).
[INFO CTS-0206] Best clustering solution was found from max clustering size of 9 and max clustering diameter of 34.
[INFO CTS-0019]  Total number of sinks after clustering: 33.
[INFO CTS-0024]  Normalized sink region: [(2.48369, 1.62571), (12.5485, 13.4429)].
[INFO CTS-0025]     Width:  10.0648.
[INFO CTS-0026]     Height: 11.8171.
 Level 1
    Direction: Vertical
    Sinks per sub-region: 17
    Sub-region size: 10.0648 X 5.9086
[INFO CTS-0034]     Segment length (rounded): 2.
 Level 2
    Direction: Horizontal
    Sinks per sub-region: 9
    Sub-region size: 5.0324 X 5.9086
[INFO CTS-0034]     Segment length (rounded): 2.
[INFO CTS-0032]  Stop criterion found. Max number of sinks is 15.
[INFO CTS-0035]  Number of sinks covered: 33.
[INFO CTS-0018]     Created 38 clock buffers.
[INFO CTS-0012]     Minimum number of buffers in the clock path: 3.
[INFO CTS-0013]     Maximum number of buffers in the clock path: 3.
[INFO CTS-0015]     Created 38 clock nets.
[INFO CTS-0016]     Fanout distribution for the current clock = 4:1, 5:5, 6:11, 7:15, 8:2, 9:2, 10:1..
[INFO CTS-0017]     Max level of the clock tree: 2.
[INFO CTS-0098] Clock net "CK"
[INFO CTS-0099]  Sinks 230
[INFO CTS-0100]  Leaf buffers 33
[INFO CTS-0101]  Average sink wire length 140.47 um
[INFO CTS-0102]  Path depth 2 - 3
[INFO CTS-0207]  Dummy loads inserted 19
estimate_parasitics -placement
detailed_placement
[INFO DPL-0006] Core area: 10208.02 um^2, Instances area: 3596.32 um^2, Utilization: 35.2%
[INFO DPL-0005] Diamond search max displacement: +/- 500 sites horizontally, +/- 100 rows vertically.
[INFO DPL-1101] Legalizing using diamond search.
Movements Summary
---------------------------------------
Total cells:                    2601
Diamond Move Success:           2601 (100.00%)
Diamond Move Failure:              0
Rip-up and replace Success:        0 (  0.00% of diamond failures)
Rip-up and replace Failure:        0
Total Placement Failures:          0
---------------------------------------
Placement Analysis
---------------------------------
total displacement         86.6 u
average displacement        0.0 u
max displacement            2.8 u
original HPWL           39237.4 u
legalized HPWL          39240.3 u
delta HPWL                    0 %

estimate_parasitics -placement
repair_timing -setup_margin 0 -hold_margin 0 -repair_tns 100 -verbose
[INFO RSZ-0100] Repair move sequence: UnbufferMove SizeUpMove SwapPinsMove BufferMove CloneMove SplitLoadMove 
[INFO RSZ-0098] No setup violations found
[INFO RSZ-0046] Found 59 endpoints with hold violations.
Iteration | Resized | Buffers | Cloned Gates |   Area   |   WNS   |   TNS   | Endpoint
--------------------------------------------------------------------------------------
        0 |       0 |       0 |            0 |    +0.0% |  -0.094 |  -1.837 | U_g666/D
       10 |       0 |      18 |            0 |    +0.4% |  -0.076 |  -1.271 | U_g686/D
       20 |       0 |      32 |            0 |    +0.7% |  -0.040 |  -0.351 | U_g666/D
       30 |       0 |      32 |            0 |    +0.7% |  -0.040 |  -0.351 | U_g666/D
       40 |       0 |      32 |            0 |    +0.7% |  -0.040 |  -0.351 | U_g666/D
       50 |       0 |      35 |            0 |    +0.8% |  -0.040 |  -0.244 | U_g666/D
       60 |       0 |      38 |            0 |    +0.8% |  -0.040 |  -0.220 | U_g666/D
       60 |       0 |      38 |            0 |    +0.8% |  -0.040 |  -0.220 | U_g666/D
    final |       0 |      50 |            0 |    +1.1% |   0.000 |   0.000 | U_g689/D
--------------------------------------------------------------------------------------
[INFO RSZ-0032] Inserted 50 hold buffers.
detailed_placement
[INFO DPL-0006] Core area: 10208.02 um^2, Instances area: 3636.22 um^2, Utilization: 35.6%
[INFO DPL-0005] Diamond search max displacement: +/- 500 sites horizontally, +/- 100 rows vertically.
[INFO DPL-1101] Legalizing using diamond search.
Movements Summary
---------------------------------------
Total cells:                    2651
Diamond Move Success:           2651 (100.00%)
Diamond Move Failure:              0
Rip-up and replace Success:        0 (  0.00% of diamond failures)
Rip-up and replace Failure:        0
Total Placement Failures:          0
---------------------------------------
Placement Analysis
---------------------------------
total displacement         70.9 u
average displacement        0.0 u
max displacement            2.8 u
original HPWL           39331.2 u
legalized HPWL          39364.7 u
delta HPWL                    0 %

estimate_parasitics -placement
Report metrics stage 4, cts final...

==========================================================================
cts final report_design_area
--------------------------------------------------------------------------
Design area 3636 um^2 36% utilization.
write_db ./results/nangate45/s9234f/phase0c_f3e7b516a_s13_k1_R_47aa5c90_7f655d61/4_1_cts.odb
write_sdc -no_timestamp ./results/nangate45/s9234f/phase0c_f3e7b516a_s13_k1_R_47aa5c90_7f655d61/4_cts.sdc
Log                       Ext     Elapsed/s Peak Memory/MB sha1sum result [0:20)
4_1_cts                   .odb            4            158 26def543779d40f76f13
cp ./results/nangate45/s9234f/phase0c_f3e7b516a_s13_k1_R_47aa5c90_7f655d61/4_1_cts.odb ./results/nangate45/s9234f/phase0c_f3e7b516a_s13_k1_R_47aa5c90_7f655d61/4_cts.odb
/root/pact-deps/OpenROAD-flow-scripts/flow/scripts/flow.sh 5_1_grt global_route
Running global_route.tcl, stage 5_1_grt
read_liberty /root/pact-deps/OpenROAD-flow-scripts/flow/platforms/nangate45/lib/NangateOpenCellLibrary_typical.lib
read_db ./results/nangate45/s9234f/phase0c_f3e7b516a_s13_k1_R_47aa5c90_7f655d61/4_cts.odb
read_sdc ./results/nangate45/s9234f/phase0c_f3e7b516a_s13_k1_R_47aa5c90_7f655d61/4_cts.sdc
source /root/pact-deps/OpenROAD-flow-scripts/flow/platforms/nangate45/setRC.tcl
pin_access
[INFO DRT-0149] Reading tech and libs.

Units:                2000
Number of layers:     21
Number of macros:     135
Number of vias:       33
Number of viarulegen: 19

[INFO DRT-0150] Reading design.

Design:                   s9234f
Die area:                 ( 0 0 ) ( 206880 206880 )
Number of track patterns: 20
Number of DEF vias:       0
Number of components:     2795
Number of terminals:      81
Number of snets:          2
Number of nets:           2671

[INFO DRT-0167] List of default vias:
  Layer via2
    default via: via2_5
  Layer via3
    default via: via3_2
  Layer via4
    default via: via4_0
  Layer via5
    default via: via5_0
  Layer via6
    default via: via6_0
  Layer via7
    default via: via7_0
  Layer via8
    default via: via8_0
  Layer via9
    default via: via9_0
[INFO DRT-0162] Library cell analysis.
[INFO DRT-0163] Instance analysis.
[INFO DRT-0164] Number of unique instances = 49.
[INFO DRT-0168] Init region query.
[INFO DRT-0024]   Complete active.
[INFO DRT-0024]   Complete Fr_VIA.
[INFO DRT-0024]   Complete metal1.
[INFO DRT-0024]   Complete via1.
[INFO DRT-0024]   Complete metal2.
[INFO DRT-0024]   Complete via2.
[INFO DRT-0024]   Complete metal3.
[INFO DRT-0024]   Complete via3.
[INFO DRT-0024]   Complete metal4.
[INFO DRT-0024]   Complete via4.
[INFO DRT-0024]   Complete metal5.
[INFO DRT-0024]   Complete via5.
[INFO DRT-0024]   Complete metal6.
[INFO DRT-0024]   Complete via6.
[INFO DRT-0024]   Complete metal7.
[INFO DRT-0024]   Complete via7.
[INFO DRT-0024]   Complete metal8.
[INFO DRT-0024]   Complete via8.
[INFO DRT-0024]   Complete metal9.
[INFO DRT-0024]   Complete via9.
[INFO DRT-0024]   Complete metal10.
[INFO DRT-0033] active shape region query size = 0.
[INFO DRT-0033] FR_VIA shape region query size = 0.
[INFO DRT-0033] metal1 shape region query size = 42556.
[INFO DRT-0033] via1 shape region query size = 438.
[INFO DRT-0033] metal2 shape region query size = 292.
[INFO DRT-0033] via2 shape region query size = 438.
[INFO DRT-0033] metal3 shape region query size = 292.
[INFO DRT-0033] via3 shape region query size = 438.
[INFO DRT-0033] metal4 shape region query size = 164.
[INFO DRT-0033] via4 shape region query size = 140.
[INFO DRT-0033] metal5 shape region query size = 62.
[INFO DRT-0033] via5 shape region query size = 140.
[INFO DRT-0033] metal6 shape region query size = 73.
[INFO DRT-0033] via6 shape region query size = 56.
[INFO DRT-0033] metal7 shape region query size = 28.
[INFO DRT-0033] via7 shape region query size = 0.
[INFO DRT-0033] metal8 shape region query size = 0.
[INFO DRT-0033] via8 shape region query size = 0.
[INFO DRT-0033] metal9 shape region query size = 0.
[INFO DRT-0033] via9 shape region query size = 0.
[INFO DRT-0033] metal10 shape region query size = 0.
[INFO DRT-0165] Start pin access.
[INFO DRT-0078]   Complete 249 pins.
[INFO DRT-0081]   Complete 49 unique inst patterns.
[INFO DRT-0084]   Complete 1543 groups.
#scanned instances     = 2795
#unique  instances     = 49
#stdCellGenAp          = 1067
#stdCellValidPlanarAp  = 0
#stdCellValidViaAp     = 854
#stdCellPinNoAp        = 0
#stdCellPinCnt         = 8125
#instTermValidViaApCnt = 0
#macroGenAp            = 0
#macroValidPlanarAp    = 0
#macroValidViaAp       = 0
#macroNoAp             = 0
[INFO DRT-0166] Complete pin access.
[INFO DRT-0267] cpu time = 00:00:29, elapsed time = 00:00:07, memory = 118.59 (MB), peak = 118.38 (MB)
Took 8 seconds: pin_access
set_global_routing_random -seed 13
global_route -congestion_report_file ./reports/nangate45/s9234f/phase0c_f3e7b516a_s13_k1_R_47aa5c90_7f655d61/congestion.rpt -congestion_iterations 30 -congestion_report_iter_step 5 -verbose
[INFO GRT-0020] Min routing layer: metal2
[INFO GRT-0021] Max routing layer: metal10
[INFO GRT-0022] Global adjustment: 0%
[INFO GRT-0023] Grid origin: (0, 0)
[INFO GRT-0088] Layer metal1  Track-Pitch = 0.1400  line-2-Via Pitch: 0.1350
[INFO GRT-0088] Layer metal2  Track-Pitch = 0.1900  line-2-Via Pitch: 0.1400
[INFO GRT-0088] Layer metal3  Track-Pitch = 0.1400  line-2-Via Pitch: 0.1400
[INFO GRT-0088] Layer metal4  Track-Pitch = 0.2800  line-2-Via Pitch: 0.2800
[INFO GRT-0088] Layer metal5  Track-Pitch = 0.2800  line-2-Via Pitch: 0.2800
[INFO GRT-0088] Layer metal6  Track-Pitch = 0.2800  line-2-Via Pitch: 0.2800
[INFO GRT-0088] Layer metal7  Track-Pitch = 0.8000  line-2-Via Pitch: 0.8000
[INFO GRT-0088] Layer metal8  Track-Pitch = 0.8000  line-2-Via Pitch: 0.8000
[INFO GRT-0088] Layer metal9  Track-Pitch = 1.6000  line-2-Via Pitch: 1.6000
[INFO GRT-0088] Layer metal10 Track-Pitch = 1.6000  line-2-Via Pitch: 1.6000
[INFO GRT-0003] Macros: 0
[INFO GRT-0004] Blockages: 0
[INFO GRT-0019] Found 39 clock nets.
[INFO GRT-0001] Minimum degree: 2
[INFO GRT-0002] Maximum degree: 63

[INFO GRT-0053] Routing resources analysis:
          Routing      Original      Derated      Resource
Layer     Direction    Resources     Resources    Reduction (%)
---------------------------------------------------------------
metal1     Horizontal          0             0          0.00%
metal2     Vertical        18585          8750          52.92%
metal3     Horizontal      25711         12607          50.97%
metal4     Vertical        12600          8890          29.44%
metal5     Horizontal      12839          9040          29.59%
metal6     Vertical        12882          9077          29.54%
metal7     Horizontal       3920          2800          28.57%
metal8     Vertical         4480          3220          28.12%
metal9     Horizontal       2240          1260          43.75%
metal10    Vertical         2240          1260          43.75%
---------------------------------------------------------------

[INFO GRT-0197] Via related to pin nodes: 15973
[INFO GRT-0198] Via related Steiner nodes: 339
[INFO GRT-0199] Via filling finished.
[INFO GRT-0111] Final number of vias: 21052
[INFO GRT-0112] Final usage 3D: 78395

[INFO GRT-0096] Final congestion report:
Layer         Resource        Demand        Usage (%)    Max H / Max V / Total Overflow
---------------------------------------------------------------------------------------
metal1               0             0            0.00%             0 /  0 /  0
metal2            8750          4684           53.53%             0 /  0 /  0
metal3           12607          5681           45.06%             0 /  0 /  0
metal4            8890          2153           24.22%             0 /  0 /  0
metal5            9040          1510           16.70%             0 /  0 /  0
metal6            9077          1010           11.13%             0 /  0 /  0
metal7            2800           120            4.29%             0 /  0 /  0
metal8            3220            81            2.52%             0 /  0 /  0
metal9            1260             0            0.00%             0 /  0 /  0
metal10           1260             0            0.00%             0 /  0 /  0
---------------------------------------------------------------------------------------
Total            56904         15239           26.78%             0 /  0 /  0

[INFO GRT-0018] Total wirelength: 63252 um
[INFO GRT-0014] Routed nets: 2671
[INFO GRT-0303] Global routing runtime = 00:00:00
estimate_parasitics -global_routing
Perform buffer insertion and gate resizing...
repair_design -verbose
Iteration |   Area    | Resized | Buffers | Nets repaired | Remaining
---------------------------------------------------------------------
        0 |     +0.0% |       0 |       0 |             0 |      2901
       10 |     +0.0% |       0 |       0 |             0 |      2891
       20 |     +0.0% |       0 |       0 |             0 |      2881
       30 |     +0.0% |       0 |       0 |             0 |      2871
       40 |     +0.0% |       0 |       0 |             0 |      2861
       50 |     +0.0% |       0 |       0 |             0 |      2851
       60 |     +0.0% |       0 |       0 |             0 |      2841
       70 |     +0.0% |       0 |       0 |             0 |      2831
       80 |     +0.0% |       0 |       0 |             0 |      2821
       90 |     +0.0% |       0 |       0 |             0 |      2811
      100 |     +0.0% |       0 |       0 |             0 |      2801
      110 |     +0.0% |       0 |       0 |             0 |      2791
      120 |     +0.0% |       0 |       0 |             0 |      2781
      130 |     +0.0% |       0 |       0 |             0 |      2771
      140 |     +0.0% |       0 |       0 |             0 |      2761
      150 |     +0.0% |       0 |       0 |             0 |      2751
      160 |     +0.0% |       0 |       0 |             0 |      2741
      170 |     +0.0% |       0 |       0 |             0 |      2731
      180 |     +0.0% |       0 |       0 |             0 |      2721
      190 |     +0.0% |       0 |       0 |             0 |      2711
      200 |     +0.0% |       0 |       0 |             0 |      2701
      210 |     +0.0% |       0 |       0 |             0 |      2691
      220 |     +0.0% |       0 |       0 |             0 |      2681
      230 |     +0.0% |       0 |       0 |             0 |      2671
      240 |     +0.0% |       0 |       0 |             0 |      2661
      250 |     +0.0% |       0 |       0 |             0 |      2651
      260 |     +0.0% |       0 |       0 |             0 |      2641
      270 |     +0.0% |       0 |       0 |             0 |      2631
      280 |     +0.0% |       0 |       0 |             0 |      2621
      290 |     +0.0% |       0 |       0 |             0 |      2611
      300 |     +0.0% |       0 |       0 |             0 |      2601
      310 |     +0.0% |       0 |       0 |             0 |      2591
      320 |     +0.0% |       0 |       0 |             0 |      2581
      330 |     +0.0% |       0 |       0 |             0 |      2571
      340 |     +0.0% |       0 |       0 |             0 |      2561
      350 |     +0.0% |       0 |       0 |             0 |      2551
      360 |     +0.0% |       0 |       0 |             0 |      2541
      370 |     +0.0% |       0 |       0 |             0 |      2531
      380 |     +0.0% |       0 |       0 |             0 |      2521
      390 |     +0.0% |       0 |       0 |             0 |      2511
      400 |     +0.0% |       0 |       0 |             0 |      2501
      410 |     +0.0% |       0 |       0 |             0 |      2491
      420 |     +0.0% |       0 |       0 |             0 |      2481
      430 |     +0.0% |       0 |       0 |             0 |      2471
      440 |     +0.0% |       0 |       0 |             0 |      2461
      450 |     +0.0% |       0 |       0 |             0 |      2451
      460 |     +0.0% |       0 |       0 |             0 |      2441
      470 |     +0.0% |       0 |       0 |             0 |      2431
      480 |     +0.0% |       0 |       0 |             0 |      2421
      490 |     +0.0% |       0 |       0 |             0 |      2411
      500 |     +0.0% |       0 |       0 |             0 |      2401
      510 |     +0.0% |       0 |       0 |             0 |      2391
      520 |     +0.0% |       0 |       0 |             0 |      2381
      530 |     +0.0% |       0 |       0 |             0 |      2371
      540 |     +0.0% |       0 |       0 |             0 |      2361
      550 |     +0.0% |       0 |       0 |             0 |      2351
      560 |     +0.0% |       0 |       0 |             0 |      2341
      570 |     +0.0% |       0 |       0 |             0 |      2331
      580 |     +0.0% |       0 |       0 |             0 |      2321
      590 |     +0.0% |       0 |       0 |             0 |      2311
      600 |     +0.0% |       0 |       0 |             0 |      2301
      610 |     +0.0% |       0 |       0 |             0 |      2291
      620 |     +0.0% |       0 |       0 |             0 |      2281
      630 |     +0.0% |       0 |       0 |             0 |      2271
      640 |     +0.0% |       0 |       0 |             0 |      2261
      650 |     +0.0% |       0 |       0 |             0 |      2251
      660 |     +0.0% |       0 |       0 |             0 |      2241
      670 |     +0.0% |       0 |       0 |             0 |      2231
      680 |     +0.0% |       0 |       0 |             0 |      2221
      690 |     +0.0% |       0 |       0 |             0 |      2211
      700 |     +0.0% |       0 |       0 |             0 |      2201
      710 |     +0.0% |       0 |       0 |             0 |      2191
      720 |     +0.0% |       0 |       0 |             0 |      2181
      730 |     +0.0% |       0 |       0 |             0 |      2171
      740 |     +0.0% |       0 |       0 |             0 |      2161
      750 |     +0.0% |       0 |       0 |             0 |      2151
      760 |     +0.0% |       0 |       0 |             0 |      2141
      770 |     +0.0% |       0 |       0 |             0 |      2131
      780 |     +0.0% |       0 |       0 |             0 |      2121
      790 |     +0.0% |       0 |       0 |             0 |      2111
      800 |     +0.0% |       0 |       0 |             0 |      2101
      810 |     +0.0% |       0 |       0 |             0 |      2091
      820 |     +0.0% |       0 |       0 |             0 |      2081
      830 |     +0.0% |       0 |       0 |             0 |      2071
      840 |     +0.0% |       0 |       0 |             0 |      2061
      850 |     +0.0% |       0 |       0 |             0 |      2051
      860 |     +0.0% |       0 |       0 |             0 |      2041
      870 |     +0.0% |       0 |       0 |             0 |      2031
      880 |     +0.0% |       0 |       0 |             0 |      2021
      890 |     +0.0% |       0 |       0 |             0 |      2011
      900 |     +0.0% |       0 |       0 |             0 |      2001
      910 |     +0.0% |       0 |       0 |             0 |      1991
      920 |     +0.0% |       0 |       0 |             0 |      1981
      930 |     +0.0% |       0 |       0 |             0 |      1971
      940 |     +0.0% |       0 |       0 |             0 |      1961
      950 |     +0.0% |       0 |       0 |             0 |      1951
      960 |     +0.0% |       0 |       0 |             0 |      1941
      970 |     +0.0% |       0 |       0 |             0 |      1931
      980 |     +0.0% |       0 |       0 |             0 |      1921
      990 |     +0.0% |       0 |       0 |             0 |      1911
     1000 |     +0.0% |       0 |       0 |             0 |      1901
     1010 |     +0.0% |       0 |       0 |             0 |      1891
     1020 |     +0.0% |       0 |       0 |             0 |      1881
     1030 |     +0.0% |       0 |       0 |             0 |      1871
     1040 |     +0.0% |       0 |       0 |             0 |      1861
     1050 |     +0.0% |       0 |       0 |             0 |      1851
     1060 |     +0.0% |       0 |       0 |             0 |      1841
     1070 |     +0.0% |       0 |       0 |             0 |      1831
     1080 |     +0.0% |       0 |       0 |             0 |      1821
     1090 |     +0.0% |       0 |       0 |             0 |      1811
     1100 |     +0.0% |       0 |       0 |             0 |      1801
     1110 |     +0.0% |       0 |       0 |             0 |      1791
     1120 |     +0.0% |       0 |       0 |             0 |      1781
     1130 |     +0.0% |       0 |       0 |             0 |      1771
     1140 |     +0.0% |       0 |       0 |             0 |      1761
     1150 |     +0.0% |       0 |       0 |             0 |      1751
     1160 |     +0.0% |       0 |       0 |             0 |      1741
     1170 |     +0.0% |       0 |       0 |             0 |      1731
     1180 |     +0.0% |       0 |       0 |             0 |      1721
     1190 |     +0.0% |       0 |       0 |             0 |      1711
     1200 |     +0.0% |       0 |       0 |             0 |      1701
     1210 |     +0.0% |       0 |       0 |             0 |      1691
     1220 |     +0.0% |       0 |       0 |             0 |      1681
     1230 |     +0.0% |       0 |       0 |             0 |      1671
     1240 |     +0.0% |       0 |       0 |             0 |      1661
     1250 |     +0.0% |       0 |       0 |             0 |      1651
     1260 |     +0.0% |       0 |       0 |             0 |      1641
     1270 |     +0.0% |       0 |       0 |             0 |      1631
     1280 |     +0.0% |       0 |       0 |             0 |      1621
     1290 |     +0.0% |       0 |       0 |             0 |      1611
     1300 |     +0.0% |       0 |       0 |             0 |      1601
     1310 |     +0.0% |       0 |       0 |             0 |      1591
     1320 |     +0.0% |       0 |       0 |             0 |      1581
     1330 |     +0.0% |       0 |       0 |             0 |      1571
     1340 |     +0.0% |       0 |       0 |             0 |      1561
     1350 |     +0.0% |       0 |       0 |             0 |      1551
     1360 |     +0.0% |       0 |       0 |             0 |      1541
     1370 |     +0.0% |       0 |       0 |             0 |      1531
     1380 |     +0.0% |       0 |       0 |             0 |      1521
     1390 |     +0.0% |       0 |       0 |             0 |      1511
     1400 |     +0.0% |       0 |       0 |             0 |      1501
     1410 |     +0.0% |       0 |       0 |             0 |      1491
     1420 |     +0.0% |       0 |       0 |             0 |      1481
     1430 |     +0.0% |       0 |       0 |             0 |      1471
     1440 |     +0.0% |       0 |       0 |             0 |      1461
     1450 |     +0.0% |       0 |       0 |             0 |      1451
     1460 |     +0.0% |       0 |       0 |             0 |      1441
     1470 |     +0.0% |       0 |       0 |             0 |      1431
     1480 |     +0.0% |       0 |       0 |             0 |      1421
     1490 |     +0.0% |       0 |       0 |             0 |      1411
     1500 |     +0.0% |       0 |       0 |             0 |      1401
     1510 |     +0.0% |       0 |       0 |             0 |      1391
     1520 |     +0.0% |       0 |       0 |             0 |      1381
     1530 |     +0.0% |       0 |       0 |             0 |      1371
     1540 |     +0.0% |       0 |       0 |             0 |      1361
     1550 |     +0.0% |       0 |       0 |             0 |      1351
     1560 |     +0.0% |       0 |       0 |             0 |      1341
     1570 |     +0.0% |       0 |       0 |             0 |      1331
     1580 |     +0.0% |       0 |       0 |             0 |      1321
     1590 |     +0.0% |       0 |       0 |             0 |      1311
     1600 |     +0.0% |       0 |       0 |             0 |      1301
     1610 |     +0.0% |       0 |       0 |             0 |      1291
     1620 |     +0.0% |       0 |       0 |             0 |      1281
     1630 |     +0.0% |       0 |       0 |             0 |      1271
     1640 |     +0.0% |       0 |       0 |             0 |      1261
     1650 |     +0.0% |       0 |       0 |             0 |      1251
     1660 |     +0.0% |       0 |       0 |             0 |      1241
     1670 |     +0.0% |       0 |       0 |             0 |      1231
     1680 |     +0.0% |       0 |       0 |             0 |      1221
     1690 |     +0.0% |       0 |       0 |             0 |      1211
     1700 |     +0.0% |       0 |       0 |             0 |      1201
     1710 |     +0.0% |       0 |       0 |             0 |      1191
     1720 |     +0.0% |       0 |       0 |             0 |      1181
     1730 |     +0.0% |       0 |       0 |             0 |      1171
     1740 |     +0.0% |       0 |       0 |             0 |      1161
     1750 |     +0.0% |       0 |       0 |             0 |      1151
     1760 |     +0.0% |       0 |       0 |             0 |      1141
     1770 |     +0.0% |       0 |       0 |             0 |      1131
     1780 |     +0.0% |       0 |       0 |             0 |      1121
     1790 |     +0.0% |       0 |       0 |             0 |      1111
     1800 |     +0.0% |       0 |       0 |             0 |      1101
     1810 |     +0.0% |       0 |       0 |             0 |      1091
     1820 |     +0.0% |       0 |       0 |             0 |      1081
     1830 |     +0.0% |       0 |       0 |             0 |      1071
     1840 |     +0.0% |       0 |       0 |             0 |      1061
     1850 |     +0.0% |       0 |       0 |             0 |      1051
     1860 |     +0.0% |       0 |       0 |             0 |      1041
     1870 |     +0.0% |       0 |       0 |             0 |      1031
     1880 |     +0.0% |       0 |       0 |             0 |      1021
     1890 |     +0.0% |       0 |       0 |             0 |      1011
     1900 |     +0.0% |       0 |       0 |             0 |      1001
     1910 |     +0.0% |       0 |       0 |             0 |       991
     1920 |     +0.0% |       0 |       0 |             0 |       981
     1930 |     +0.0% |       0 |       0 |             0 |       971
     1940 |     +0.0% |       0 |       0 |             0 |       961
     1950 |     +0.0% |       0 |       0 |             0 |       951
     1960 |     +0.0% |       0 |       0 |             0 |       941
     1970 |     +0.0% |       0 |       0 |             0 |       931
     1980 |     +0.0% |       0 |       0 |             0 |       921
     1990 |     +0.0% |       0 |       0 |             0 |       911
     2000 |     +0.0% |       0 |       0 |             0 |       901
     2010 |     +0.0% |       0 |       0 |             0 |       891
     2020 |     +0.0% |       0 |       0 |             0 |       881
     2030 |     +0.0% |       0 |       0 |             0 |       871
     2040 |     +0.0% |       0 |       0 |             0 |       861
     2050 |     +0.0% |       0 |       0 |             0 |       851
     2060 |     +0.0% |       0 |       0 |             0 |       841
     2070 |     +0.0% |       0 |       0 |             0 |       831
     2080 |     +0.0% |       0 |       0 |             0 |       821
     2090 |     +0.0% |       0 |       0 |             0 |       811
     2100 |     +0.0% |       0 |       0 |             0 |       801
     2110 |     +0.0% |       0 |       0 |             0 |       791
     2120 |     +0.0% |       0 |       0 |             0 |       781
     2130 |     +0.0% |       0 |       0 |             0 |       771
     2140 |     +0.0% |       0 |       0 |             0 |       761
     2150 |     +0.0% |       0 |       0 |             0 |       751
     2160 |     +0.0% |       0 |       0 |             0 |       741
     2170 |     +0.0% |       0 |       0 |             0 |       731
     2180 |     +0.0% |       0 |       0 |             0 |       721
     2190 |     +0.0% |       0 |       0 |             0 |       711
     2200 |     +0.0% |       0 |       0 |             0 |       701
     2210 |     +0.0% |       0 |       0 |             0 |       691
     2220 |     +0.0% |       0 |       0 |             0 |       681
     2230 |     +0.0% |       0 |       0 |             0 |       671
     2240 |     +0.0% |       0 |       0 |             0 |       661
     2250 |     +0.0% |       0 |       0 |             0 |       651
     2260 |     +0.0% |       0 |       0 |             0 |       641
     2270 |     +0.0% |       0 |       0 |             0 |       631
     2280 |     +0.0% |       0 |       0 |             0 |       621
     2290 |     +0.0% |       0 |       0 |             0 |       611
     2300 |     +0.0% |       0 |       0 |             0 |       601
     2310 |     +0.0% |       0 |       0 |             0 |       591
     2320 |     +0.0% |       0 |       0 |             0 |       581
     2330 |     +0.0% |       0 |       0 |             0 |       571
     2340 |     +0.0% |       0 |       0 |             0 |       561
     2350 |     +0.0% |       0 |       0 |             0 |       551
     2360 |     +0.0% |       0 |       0 |             0 |       541
     2370 |     +0.0% |       0 |       0 |             0 |       531
     2380 |     +0.0% |       0 |       0 |             0 |       521
     2390 |     +0.0% |       0 |       0 |             0 |       511
     2400 |     +0.0% |       0 |       0 |             0 |       501
     2410 |     +0.0% |       0 |       0 |             0 |       491
     2420 |     +0.0% |       0 |       0 |             0 |       481
     2430 |     +0.0% |       0 |       0 |             0 |       471
     2440 |     +0.0% |       0 |       0 |             0 |       461
     2450 |     +0.0% |       0 |       0 |             0 |       451
     2460 |     +0.0% |       0 |       0 |             0 |       441
     2470 |     +0.0% |       0 |       0 |             0 |       431
     2480 |     +0.0% |       0 |       0 |             0 |       421
     2490 |     +0.0% |       0 |       0 |             0 |       411
     2500 |     +0.0% |       0 |       0 |             0 |       401
     2510 |     +0.0% |       0 |       0 |             0 |       391
     2520 |     +0.0% |       0 |       0 |             0 |       381
     2530 |     +0.0% |       0 |       0 |             0 |       371
     2540 |     +0.0% |       0 |       0 |             0 |       361
     2550 |     +0.0% |       0 |       0 |             0 |       351
     2560 |     +0.0% |       0 |       0 |             0 |       341
     2570 |     +0.0% |       0 |       0 |             0 |       331
     2580 |     +0.0% |       0 |       0 |             0 |       321
     2590 |     +0.0% |       0 |       0 |             0 |       311
     2600 |     +0.0% |       0 |       0 |             0 |       301
     2610 |     +0.0% |       0 |       0 |             0 |       291
     2620 |     +0.0% |       0 |       0 |             0 |       281
     2630 |     +0.0% |       0 |       0 |             0 |       271
     2640 |     +0.0% |       0 |       0 |             0 |       261
     2650 |     +0.0% |       0 |       0 |             0 |       251
     2660 |     +0.0% |       0 |       0 |             0 |       241
     2670 |     +0.0% |       0 |       0 |             0 |       231
     2680 |     +0.0% |       0 |       0 |             0 |       221
     2690 |     +0.0% |       0 |       0 |             0 |       211
     2700 |     +0.0% |       0 |       0 |             0 |       201
     2710 |     +0.0% |       0 |       0 |             0 |       191
     2720 |     +0.0% |       0 |       0 |             0 |       181
     2730 |     +0.0% |       0 |       0 |             0 |       171
     2740 |     +0.0% |       0 |       0 |             0 |       161
     2750 |     +0.0% |       0 |       0 |             0 |       151
     2760 |     +0.0% |       0 |       0 |             0 |       141
     2770 |     +0.0% |       0 |       0 |             0 |       131
     2780 |     +0.0% |       0 |       0 |             0 |       121
     2790 |     +0.0% |       0 |       0 |             0 |       111
     2800 |     +0.0% |       0 |       0 |             0 |       101
     2810 |     +0.0% |       0 |       0 |             0 |        91
     2820 |     +0.0% |       0 |       0 |             0 |        81
     2830 |     +0.0% |       0 |       0 |             0 |        71
     2840 |     +0.0% |       0 |       0 |             0 |        61
     2850 |     +0.0% |       0 |       0 |             0 |        51
     2860 |     +0.0% |       0 |       0 |             0 |        41
     2870 |     +0.0% |       0 |       0 |             0 |        31
     2880 |     +0.0% |       0 |       0 |             0 |        21
     2890 |     +0.0% |       0 |       0 |             0 |        11
     2900 |     +0.0% |       0 |       0 |             0 |         1
    final |     +0.0% |       0 |       0 |             0 |         0
---------------------------------------------------------------------
global_route -start_incremental
detailed_placement
[INFO DPL-0006] Core area: 10208.02 um^2, Instances area: 3636.22 um^2, Utilization: 35.6%
[INFO DPL-0005] Diamond search max displacement: +/- 500 sites horizontally, +/- 100 rows vertically.
[INFO DPL-1101] Legalizing using diamond search.
Movements Summary
---------------------------------------
Total cells:                    2651
Diamond Move Success:           2651 (100.00%)
Diamond Move Failure:              0
Rip-up and replace Success:        0 (  0.00% of diamond failures)
Rip-up and replace Failure:        0
Total Placement Failures:          0
---------------------------------------
Placement Analysis
---------------------------------
total displacement          0.0 u
average displacement        0.0 u
max displacement            0.0 u
original HPWL           39364.7 u
legalized HPWL          39364.7 u
delta HPWL                    0 %

global_route -end_incremental -congestion_report_file ./reports/nangate45/s9234f/phase0c_f3e7b516a_s13_k1_R_47aa5c90_7f655d61/congestion_post_repair_design.rpt
Repair setup and hold violations...
estimate_parasitics -global_routing
repair_timing -setup_margin 0 -hold_margin 0 -repair_tns 100 -verbose
[INFO RSZ-0100] Repair move sequence: UnbufferMove SizeUpMove SwapPinsMove BufferMove CloneMove SplitLoadMove 
[INFO RSZ-0098] No setup violations found
[INFO RSZ-0046] Found 1 endpoints with hold violations.
Iteration | Resized | Buffers | Cloned Gates |   Area   |   WNS   |   TNS   | Endpoint
--------------------------------------------------------------------------------------
        0 |       0 |       0 |            0 |    +0.0% |  -0.000 |  -0.000 | U_g689/D
    final |       0 |       1 |            0 |    +0.0% |   0.001 |   0.000 | U_g11/D
--------------------------------------------------------------------------------------
[INFO RSZ-0032] Inserted 1 hold buffers.
global_route -start_incremental
detailed_placement
[INFO DPL-0006] Core area: 10208.02 um^2, Instances area: 3637.02 um^2, Utilization: 35.6%
[INFO DPL-0005] Diamond search max displacement: +/- 500 sites horizontally, +/- 100 rows vertically.
[INFO DPL-1101] Legalizing using diamond search.
Movements Summary
---------------------------------------
Total cells:                    2652
Diamond Move Success:           2652 (100.00%)
Diamond Move Failure:              0
Rip-up and replace Success:        0 (  0.00% of diamond failures)
Rip-up and replace Failure:        0
Total Placement Failures:          0
---------------------------------------
Placement Analysis
---------------------------------
total displacement          3.6 u
average displacement        0.0 u
max displacement            1.6 u
original HPWL           39364.9 u
legalized HPWL          39370.5 u
delta HPWL                    0 %

check_placement -verbose
global_route -end_incremental -congestion_report_file ./reports/nangate45/s9234f/phase0c_f3e7b516a_s13_k1_R_47aa5c90_7f655d61/congestion_post_repair_timing.rpt
estimate_parasitics -global_routing
global_route -start_incremental
global_route -end_incremental -congestion_report_file ./reports/nangate45/s9234f/phase0c_f3e7b516a_s13_k1_R_47aa5c90_7f655d61/congestion_post_recover_power.rpt
Repair antennas...
[WARNING GRT-0246] No diode with LEF class CORE ANTENNACELL found.
[INFO ANT-0002] Found 0 net violations.
[INFO ANT-0001] Found 0 pin violations.
Estimate parasitics...
estimate_parasitics -global_routing
Report metrics stage 5, global route...

==========================================================================
global route report_design_area
--------------------------------------------------------------------------
Design area 3637 um^2 36% utilization.
[INFO FLW-0007] clock clk period 10.000000
[INFO FLW-0008] Clock clk period 1.195
[INFO FLW-0009] Clock clk slack 8.742
write_sdc -no_timestamp ./results/nangate45/s9234f/phase0c_f3e7b516a_s13_k1_R_47aa5c90_7f655d61/updated_clks.sdc
[INFO FLW-0011] Path endpoint path count 903
write_db ./results/nangate45/s9234f/phase0c_f3e7b516a_s13_k1_R_47aa5c90_7f655d61/5_1_grt.odb
write_sdc -no_timestamp ./results/nangate45/s9234f/phase0c_f3e7b516a_s13_k1_R_47aa5c90_7f655d61/5_1_grt.sdc
Log                       Ext     Elapsed/s Peak Memory/MB sha1sum result [0:20)
5_1_grt                   .odb           13            312 e5de5d4699cca8271af6
5_1_grt                   .sdc                             ef79d21436d690ebafd1
/root/pact-deps/OpenROAD-flow-scripts/flow/scripts/flow.sh 5_2_route detail_route
Running detail_route.tcl, stage 5_2_route
read_liberty /root/pact-deps/OpenROAD-flow-scripts/flow/platforms/nangate45/lib/NangateOpenCellLibrary_typical.lib
read_db ./results/nangate45/s9234f/phase0c_f3e7b516a_s13_k1_R_47aa5c90_7f655d61/5_1_grt.odb
read_sdc ./results/nangate45/s9234f/phase0c_f3e7b516a_s13_k1_R_47aa5c90_7f655d61/5_1_grt.sdc
source /root/pact-deps/OpenROAD-flow-scripts/flow/platforms/nangate45/setRC.tcl
detailed_route -output_drc ./reports/nangate45/s9234f/phase0c_f3e7b516a_s13_k1_R_47aa5c90_7f655d61/5_route_drc.rpt -output_maze ./results/nangate45/s9234f/phase0c_f3e7b516a_s13_k1_R_47aa5c90_7f655d61/maze.log -droute_end_iter 64 -verbose 1 -drc_report_iter_step 5
[INFO DRT-0149] Reading tech and libs.

Units:                2000
Number of layers:     21
Number of macros:     135
Number of vias:       33
Number of viarulegen: 19

[INFO DRT-0150] Reading design.

Design:                   s9234f
Die area:                 ( 0 0 ) ( 206880 206880 )
Number of track patterns: 20
Number of DEF vias:       0
Number of components:     2796
Number of terminals:      81
Number of snets:          2
Number of nets:           2672

[INFO DRT-0167] List of default vias:
  Layer via2
    default via: via2_5
  Layer via3
    default via: via3_2
  Layer via4
    default via: via4_0
  Layer via5
    default via: via5_0
  Layer via6
    default via: via6_0
  Layer via7
    default via: via7_0
  Layer via8
    default via: via8_0
  Layer via9
    default via: via9_0
[INFO DRT-0162] Library cell analysis.
[INFO DRT-0163] Instance analysis.
[INFO DRT-0164] Number of unique instances = 49.
[INFO DRT-0168] Init region query.
[INFO DRT-0024]   Complete active.
[INFO DRT-0024]   Complete Fr_VIA.
[INFO DRT-0024]   Complete metal1.
[INFO DRT-0024]   Complete via1.
[INFO DRT-0024]   Complete metal2.
[INFO DRT-0024]   Complete via2.
[INFO DRT-0024]   Complete metal3.
[INFO DRT-0024]   Complete via3.
[INFO DRT-0024]   Complete metal4.
[INFO DRT-0024]   Complete via4.
[INFO DRT-0024]   Complete metal5.
[INFO DRT-0024]   Complete via5.
[INFO DRT-0024]   Complete metal6.
[INFO DRT-0024]   Complete via6.
[INFO DRT-0024]   Complete metal7.
[INFO DRT-0024]   Complete via7.
[INFO DRT-0024]   Complete metal8.
[INFO DRT-0024]   Complete via8.
[INFO DRT-0024]   Complete metal9.
[INFO DRT-0024]   Complete via9.
[INFO DRT-0024]   Complete metal10.
[INFO DRT-0033] active shape region query size = 0.
[INFO DRT-0033] FR_VIA shape region query size = 0.
[INFO DRT-0033] metal1 shape region query size = 42567.
[INFO DRT-0033] via1 shape region query size = 438.
[INFO DRT-0033] metal2 shape region query size = 292.
[INFO DRT-0033] via2 shape region query size = 438.
[INFO DRT-0033] metal3 shape region query size = 292.
[INFO DRT-0033] via3 shape region query size = 438.
[INFO DRT-0033] metal4 shape region query size = 164.
[INFO DRT-0033] via4 shape region query size = 140.
[INFO DRT-0033] metal5 shape region query size = 62.
[INFO DRT-0033] via5 shape region query size = 140.
[INFO DRT-0033] metal6 shape region query size = 73.
[INFO DRT-0033] via6 shape region query size = 56.
[INFO DRT-0033] metal7 shape region query size = 28.
[INFO DRT-0033] via7 shape region query size = 0.
[INFO DRT-0033] metal8 shape region query size = 0.
[INFO DRT-0033] via8 shape region query size = 0.
[INFO DRT-0033] metal9 shape region query size = 0.
[INFO DRT-0033] via9 shape region query size = 0.
[INFO DRT-0033] metal10 shape region query size = 0.
[INFO DRT-0165] Start pin access.
[INFO DRT-0078]   Complete 249 pins.
[INFO DRT-0081]   Complete 49 unique inst patterns.
[INFO DRT-0084]   Complete 1543 groups.
#scanned instances     = 2796
#unique  instances     = 49
#stdCellGenAp          = 1067
#stdCellValidPlanarAp  = 0
#stdCellValidViaAp     = 854
#stdCellPinNoAp        = 0
#stdCellPinCnt         = 8127
#instTermValidViaApCnt = 0
#macroGenAp            = 0
#macroValidPlanarAp    = 0
#macroValidViaAp       = 0
#macroNoAp             = 0
[INFO DRT-0166] Complete pin access.
[INFO DRT-0267] cpu time = 00:00:29, elapsed time = 00:00:07, memory = 266.58 (MB), peak = 266.22 (MB)

[INFO DRT-0157] Number of guides:     22813

[INFO DRT-0169] Post process guides.
[INFO DRT-0176] GCELLGRID X 0 DO 36 STEP 5700 ;
[INFO DRT-0177] GCELLGRID Y 0 DO 36 STEP 5700 ;
[INFO DRT-0028]   Complete active.
[INFO DRT-0028]   Complete Fr_VIA.
[INFO DRT-0028]   Complete metal1.
[INFO DRT-0028]   Complete via1.
[INFO DRT-0028]   Complete metal2.
[INFO DRT-0028]   Complete via2.
[INFO DRT-0028]   Complete metal3.
[INFO DRT-0028]   Complete via3.
[INFO DRT-0028]   Complete metal4.
[INFO DRT-0028]   Complete via4.
[INFO DRT-0028]   Complete metal5.
[INFO DRT-0028]   Complete via5.
[INFO DRT-0028]   Complete metal6.
[INFO DRT-0028]   Complete via6.
[INFO DRT-0028]   Complete metal7.
[INFO DRT-0028]   Complete via7.
[INFO DRT-0028]   Complete metal8.
[INFO DRT-0028]   Complete via8.
[INFO DRT-0028]   Complete metal9.
[INFO DRT-0028]   Complete via9.
[INFO DRT-0028]   Complete metal10.
[INFO DRT-0178] Init guide query.
[INFO DRT-0035]   Complete active (guide).
[INFO DRT-0035]   Complete Fr_VIA (guide).
[INFO DRT-0035]   Complete metal1 (guide).
[INFO DRT-0035]   Complete via1 (guide).
[INFO DRT-0035]   Complete metal2 (guide).
[INFO DRT-0035]   Complete via2 (guide).
[INFO DRT-0035]   Complete metal3 (guide).
[INFO DRT-0035]   Complete via3 (guide).
[INFO DRT-0035]   Complete metal4 (guide).
[INFO DRT-0035]   Complete via4 (guide).
[INFO DRT-0035]   Complete metal5 (guide).
[INFO DRT-0035]   Complete via5 (guide).
[INFO DRT-0035]   Complete metal6 (guide).
[INFO DRT-0035]   Complete via6 (guide).
[INFO DRT-0035]   Complete metal7 (guide).
[INFO DRT-0035]   Complete via7 (guide).
[INFO DRT-0035]   Complete metal8 (guide).
[INFO DRT-0035]   Complete via8 (guide).
[INFO DRT-0035]   Complete metal9 (guide).
[INFO DRT-0035]   Complete via9 (guide).
[INFO DRT-0035]   Complete metal10 (guide).
[INFO DRT-0036] active guide region query size = 0.
[INFO DRT-0036] FR_VIA guide region query size = 0.
[INFO DRT-0036] metal1 guide region query size = 7175.
[INFO DRT-0036] via1 guide region query size = 0.
[INFO DRT-0036] metal2 guide region query size = 6515.
[INFO DRT-0036] via2 guide region query size = 0.
[INFO DRT-0036] metal3 guide region query size = 3823.
[INFO DRT-0036] via3 guide region query size = 0.
[INFO DRT-0036] metal4 guide region query size = 894.
[INFO DRT-0036] via4 guide region query size = 0.
[INFO DRT-0036] metal5 guide region query size = 428.
[INFO DRT-0036] via5 guide region query size = 0.
[INFO DRT-0036] metal6 guide region query size = 154.
[INFO DRT-0036] via6 guide region query size = 0.
[INFO DRT-0036] metal7 guide region query size = 16.
[INFO DRT-0036] via7 guide region query size = 0.
[INFO DRT-0036] metal8 guide region query size = 5.
[INFO DRT-0036] via8 guide region query size = 0.
[INFO DRT-0036] metal9 guide region query size = 0.
[INFO DRT-0036] via9 guide region query size = 0.
[INFO DRT-0036] metal10 guide region query size = 0.
[INFO DRT-0179] Init gr pin query.
[INFO DRT-0267] cpu time = 00:00:00, elapsed time = 00:00:00, memory = 274.96 (MB), peak = 274.47 (MB)
[INFO DRT-0245] skipped writing guide updates to database.
[INFO DRT-0181] Start track assignment.
[INFO DRT-0184] Done with 7568 vertical wires in 1 frboxes and 11442 horizontal wires in 1 frboxes.
[INFO DRT-0186] Done with 2266 vertical wires in 1 frboxes and 2778 horizontal wires in 1 frboxes.
[INFO DRT-0182] Complete track assignment.
[INFO DRT-0267] cpu time = 00:00:02, elapsed time = 00:00:01, memory = 310.50 (MB), peak = 310.14 (MB)
[INFO DRT-0187] Start routing data preparation.
[INFO DRT-0267] cpu time = 00:00:00, elapsed time = 00:00:00, memory = 310.56 (MB), peak = 310.14 (MB)
[INFO DRT-0194] Start detail routing.
[INFO DRT-0195] Start 0th optimization iteration.
    Completing 10% with 0 violations.
    elapsed time = 00:00:00, memory = 377.01 (MB).
    Completing 20% with 0 violations.
    elapsed time = 00:00:04, memory = 381.47 (MB).
    Completing 30% with 102 violations.
    elapsed time = 00:00:05, memory = 417.14 (MB).
    Completing 40% with 102 violations.
    elapsed time = 00:00:06, memory = 447.66 (MB).
    Completing 50% with 102 violations.
    elapsed time = 00:00:09, memory = 395.17 (MB).
    Completing 60% with 186 violations.
    elapsed time = 00:00:10, memory = 443.16 (MB).
    Completing 70% with 186 violations.
    elapsed time = 00:00:14, memory = 446.60 (MB).
    Completing 80% with 285 violations.
    elapsed time = 00:00:16, memory = 457.16 (MB).
    Completing 90% with 285 violations.
    elapsed time = 00:00:17, memory = 457.16 (MB).
    Completing 100% with 364 violations.
    elapsed time = 00:00:20, memory = 464.13 (MB).
[INFO DRT-0199]   Number of violations = 569.
Viol/Layer      metal1 metal2   via2 metal3 metal4   via4 metal5
Cut Spacing          0      0      0      0      0      1      0
Metal Spacing        0     33      0      3      1      0      0
Recheck              1    123      0     72      7      0      2
Short                0    272      1     49      0      0      4
[INFO DRT-0267] cpu time = 00:00:58, elapsed time = 00:00:21, memory = 985.15 (MB), peak = 984.65 (MB)
Total wire length = 44574 um.
Total wire length on LAYER metal1 = 0 um.
Total wire length on LAYER metal2 = 14207 um.
Total wire length on LAYER metal3 = 17014 um.
Total wire length on LAYER metal4 = 5895 um.
Total wire length on LAYER metal5 = 4070 um.
Total wire length on LAYER metal6 = 2853 um.
Total wire length on LAYER metal7 = 306 um.
Total wire length on LAYER metal8 = 226 um.
Total wire length on LAYER metal9 = 0 um.
Total wire length on LAYER metal10 = 0 um.
Total number of vias = 18826.
Up-via summary (total 18826):

----------------
 active        0
 metal1     8175
 metal2     8642
 metal3     1184
 metal4      550
 metal5      243
 metal6       22
 metal7       10
 metal8        0
 metal9        0
----------------
       18826


[INFO DRT-0195] Start 1st optimization iteration.
    Completing 10% with 569 violations.
    elapsed time = 00:00:00, memory = 985.15 (MB).
    Completing 20% with 569 violations.
    elapsed time = 00:00:03, memory = 985.16 (MB).
    Completing 30% with 475 violations.
    elapsed time = 00:00:05, memory = 999.29 (MB).
    Completing 40% with 475 violations.
    elapsed time = 00:00:07, memory = 1011.65 (MB).
    Completing 50% with 475 violations.
    elapsed time = 00:00:11, memory = 985.78 (MB).
    Completing 60% with 385 violations.
    elapsed time = 00:00:12, memory = 985.78 (MB).
    Completing 70% with 385 violations.
    elapsed time = 00:00:15, memory = 987.38 (MB).
    Completing 80% with 296 violations.
    elapsed time = 00:00:17, memory = 1016.46 (MB).
    Completing 90% with 296 violations.
    elapsed time = 00:00:19, memory = 1016.47 (MB).
    Completing 100% with 193 violations.
    elapsed time = 00:00:20, memory = 991.02 (MB).
[INFO DRT-0199]   Number of violations = 193.
Viol/Layer        via1 metal2 metal3
Cut Spacing          1      0      0
Metal Spacing        0     45      0
Short                0    133     14
[INFO DRT-0267] cpu time = 00:00:54, elapsed time = 00:00:20, memory = 994.02 (MB), peak = 1018.33 (MB)
Total wire length = 44236 um.
Total wire length on LAYER metal1 = 0 um.
Total wire length on LAYER metal2 = 14045 um.
Total wire length on LAYER metal3 = 16877 um.
Total wire length on LAYER metal4 = 5927 um.
Total wire length on LAYER metal5 = 4039 um.
Total wire length on LAYER metal6 = 2818 um.
Total wire length on LAYER metal7 = 303 um.
Total wire length on LAYER metal8 = 224 um.
Total wire length on LAYER metal9 = 0 um.
Total wire length on LAYER metal10 = 0 um.
Total number of vias = 18634.
Up-via summary (total 18634):

----------------
 active        0
 metal1     8182
 metal2     8463
 metal3     1177
 metal4      547
 metal5      233
 metal6       22
 metal7       10
 metal8        0
 metal9        0
----------------
       18634


[INFO DRT-0195] Start 2nd optimization iteration.
    Completing 10% with 193 violations.
    elapsed time = 00:00:00, memory = 994.02 (MB).
    Completing 20% with 193 violations.
    elapsed time = 00:00:04, memory = 1004.31 (MB).
    Completing 30% with 188 violations.
    elapsed time = 00:00:06, memory = 1004.31 (MB).
    Completing 40% with 188 violations.
    elapsed time = 00:00:07, memory = 1004.31 (MB).
    Completing 50% with 188 violations.
    elapsed time = 00:00:09, memory = 1004.31 (MB).
    Completing 60% with 164 violations.
    elapsed time = 00:00:09, memory = 1004.31 (MB).
    Completing 70% with 164 violations.
    elapsed time = 00:00:12, memory = 1004.31 (MB).
    Completing 80% with 135 violations.
    elapsed time = 00:00:14, memory = 1004.31 (MB).
    Completing 90% with 135 violations.
    elapsed time = 00:00:16, memory = 1004.37 (MB).
    Completing 100% with 119 violations.
    elapsed time = 00:00:19, memory = 1004.37 (MB).
[INFO DRT-0199]   Number of violations = 119.
Viol/Layer      metal2 metal3
Metal Spacing       14      1
Short               94     10
[INFO DRT-0267] cpu time = 00:00:44, elapsed time = 00:00:19, memory = 1004.37 (MB), peak = 1032.09 (MB)
Total wire length = 44177 um.
Total wire length on LAYER metal1 = 0 um.
Total wire length on LAYER metal2 = 14006 um.
Total wire length on LAYER metal3 = 16901 um.
Total wire length on LAYER metal4 = 5871 um.
Total wire length on LAYER metal5 = 4037 um.
Total wire length on LAYER metal6 = 2829 um.
Total wire length on LAYER metal7 = 307 um.
Total wire length on LAYER metal8 = 224 um.
Total wire length on LAYER metal9 = 0 um.
Total wire length on LAYER metal10 = 0 um.
Total number of vias = 18647.
Up-via summary (total 18647):

----------------
 active        0
 metal1     8185
 metal2     8510
 metal3     1148
 metal4      539
 metal5      233
 metal6       22
 metal7       10
 metal8        0
 metal9        0
----------------
       18647


[INFO DRT-0195] Start 3rd optimization iteration.
    Completing 10% with 119 violations.
    elapsed time = 00:00:00, memory = 1004.37 (MB).
    Completing 20% with 119 violations.
    elapsed time = 00:00:02, memory = 1009.16 (MB).
    Completing 30% with 87 violations.
    elapsed time = 00:00:03, memory = 1009.16 (MB).
    Completing 40% with 87 violations.
    elapsed time = 00:00:03, memory = 1011.98 (MB).
    Completing 50% with 87 violations.
    elapsed time = 00:00:05, memory = 1011.98 (MB).
    Completing 60% with 44 violations.
    elapsed time = 00:00:05, memory = 1011.98 (MB).
    Completing 70% with 44 violations.
    elapsed time = 00:00:05, memory = 1011.98 (MB).
    Completing 80% with 23 violations.
    elapsed time = 00:00:05, memory = 1011.98 (MB).
    Completing 90% with 23 violations.
    elapsed time = 00:00:05, memory = 1011.98 (MB).
    Completing 100% with 3 violations.
    elapsed time = 00:00:07, memory = 1011.98 (MB).
[INFO DRT-0199]   Number of violations = 3.
Viol/Layer      metal2
Short                3
[INFO DRT-0267] cpu time = 00:00:19, elapsed time = 00:00:07, memory = 1011.98 (MB), peak = 1032.09 (MB)
Total wire length = 44183 um.
Total wire length on LAYER metal1 = 0 um.
Total wire length on LAYER metal2 = 13862 um.
Total wire length on LAYER metal3 = 16950 um.
Total wire length on LAYER metal4 = 5968 um.
Total wire length on LAYER metal5 = 4039 um.
Total wire length on LAYER metal6 = 2829 um.
Total wire length on LAYER metal7 = 307 um.
Total wire length on LAYER metal8 = 224 um.
Total wire length on LAYER metal9 = 0 um.
Total wire length on LAYER metal10 = 0 um.
Total number of vias = 18753.
Up-via summary (total 18753):

----------------
 active        0
 metal1     8184
 metal2     8578
 metal3     1187
 metal4      539
 metal5      233
 metal6       22
 metal7       10
 metal8        0
 metal9        0
----------------
       18753


[INFO DRT-0195] Start 4th guides tiles iteration.
    Completing 50% with 3 violations.
    elapsed time = 00:00:00, memory = 1011.98 (MB).
    Completing 100% with 0 violations.
    elapsed time = 00:00:00, memory = 1011.98 (MB).
[INFO DRT-0199]   Number of violations = 0.
[INFO DRT-0267] cpu time = 00:00:00, elapsed time = 00:00:00, memory = 1011.98 (MB), peak = 1032.09 (MB)
Total wire length = 44182 um.
Total wire length on LAYER metal1 = 0 um.
Total wire length on LAYER metal2 = 13863 um.
Total wire length on LAYER metal3 = 16950 um.
Total wire length on LAYER metal4 = 5968 um.
Total wire length on LAYER metal5 = 4039 um.
Total wire length on LAYER metal6 = 2829 um.
Total wire length on LAYER metal7 = 307 um.
Total wire length on LAYER metal8 = 224 um.
Total wire length on LAYER metal9 = 0 um.
Total wire length on LAYER metal10 = 0 um.
Total number of vias = 18749.
Up-via summary (total 18749):

----------------
 active        0
 metal1     8184
 metal2     8574
 metal3     1187
 metal4      539
 metal5      233
 metal6       22
 metal7       10
 metal8        0
 metal9        0
----------------
       18749


[INFO DRT-0198] Complete detail routing.
Total wire length = 44182 um.
Total wire length on LAYER metal1 = 0 um.
Total wire length on LAYER metal2 = 13863 um.
Total wire length on LAYER metal3 = 16950 um.
Total wire length on LAYER metal4 = 5968 um.
Total wire length on LAYER metal5 = 4039 um.
Total wire length on LAYER metal6 = 2829 um.
Total wire length on LAYER metal7 = 307 um.
Total wire length on LAYER metal8 = 224 um.
Total wire length on LAYER metal9 = 0 um.
Total wire length on LAYER metal10 = 0 um.
Total number of vias = 18749.
Up-via summary (total 18749):

----------------
 active        0
 metal1     8184
 metal2     8574
 metal3     1187
 metal4      539
 metal5      233
 metal6       22
 metal7       10
 metal8        0
 metal9        0
----------------
       18749


[INFO DRT-0267] cpu time = 00:02:57, elapsed time = 00:01:09, memory = 1012.04 (MB), peak = 1032.09 (MB)

[INFO DRT-0180] Post processing.
Took 80 seconds: detailed_route -output_drc ./reports/nangate45/s9234f/phase0c_f3e7b516a_s13_k1_R_47aa5c90_7f655d61/5_route_drc.rpt -output_maze ./results/nangate45/s9234f/phase0c_f3e7b516a_s13_k1_R_47aa5c90_7f655d61/maze.log -droute_end_iter 64 -verbose 1 -drc_report_iter_step 5
[WARNING GRT-0246] No diode with LEF class CORE ANTENNACELL found.
[INFO ANT-0002] Found 0 net violations.
[INFO ANT-0001] Found 0 pin violations.
[INFO ANT-0002] Found 0 net violations.
[INFO ANT-0001] Found 0 pin violations.
Design area 3637 um^2 36% utilization.
write_db ./results/nangate45/s9234f/phase0c_f3e7b516a_s13_k1_R_47aa5c90_7f655d61/5_2_route.odb
Log                       Ext     Elapsed/s Peak Memory/MB sha1sum result [0:20)
5_2_route                 .odb           86           1032 ea0a925096ec33ec3b9b
/root/pact-deps/OpenROAD-flow-scripts/flow/scripts/flow.sh 5_3_fillcell fillcell
Running fillcell.tcl, stage 5_3_fillcell
read_liberty /root/pact-deps/OpenROAD-flow-scripts/flow/platforms/nangate45/lib/NangateOpenCellLibrary_typical.lib
read_db ./results/nangate45/s9234f/phase0c_f3e7b516a_s13_k1_R_47aa5c90_7f655d61/5_2_route.odb
read_sdc ./results/nangate45/s9234f/phase0c_f3e7b516a_s13_k1_R_47aa5c90_7f655d61/5_1_grt.sdc
source /root/pact-deps/OpenROAD-flow-scripts/flow/platforms/nangate45/setRC.tcl
filler_placement "FILLCELL_X1 FILLCELL_X2 FILLCELL_X4 FILLCELL_X8 FILLCELL_X16 FILLCELL_X32"
[INFO DPL-0001] Placed 3397 filler instances.
Design area 3637 um^2 36% utilization.
write_db ./results/nangate45/s9234f/phase0c_f3e7b516a_s13_k1_R_47aa5c90_7f655d61/5_3_fillcell.odb
Log                       Ext     Elapsed/s Peak Memory/MB sha1sum result [0:20)
5_3_fillcell              .odb            0            120 aa2aa94b9e2ffcf07e43
cp ./results/nangate45/s9234f/phase0c_f3e7b516a_s13_k1_R_47aa5c90_7f655d61/5_3_fillcell.odb ./results/nangate45/s9234f/phase0c_f3e7b516a_s13_k1_R_47aa5c90_7f655d61/5_route.odb
cp ./results/nangate45/s9234f/phase0c_f3e7b516a_s13_k1_R_47aa5c90_7f655d61/5_1_grt.sdc ./results/nangate45/s9234f/phase0c_f3e7b516a_s13_k1_R_47aa5c90_7f655d61/5_route.sdc
