OpenROAD 26Q2-1164-g08f67ee5ec 
Features included (+) or not (-): +GPU +GUI +Python
This program is licensed under the BSD-3 license. See the LICENSE file for details.
Components of this program may be licensed under more restrictive licenses which must be honored.
[INFO ORD-0030] Using 4 thread(s).
read_liberty /root/pact-deps/OpenROAD-flow-scripts/flow/platforms/nangate45/lib/NangateOpenCellLibrary_typical.lib
read_db /mnt/c/Users/Abhinav/OneDrive/Desktop/PACT/PACT/results/phase2d_independent_gp/raw/orfs/results/nangate45/s15850/phase2c_s29_4a26c3278995/5_1_grt.odb
read_sdc /mnt/c/Users/Abhinav/OneDrive/Desktop/PACT/PACT/results/phase2d_independent_gp/raw/orfs/results/nangate45/s15850/phase2c_s29_4a26c3278995/5_1_grt.sdc
source /root/pact-deps/OpenROAD-flow-scripts/flow/platforms/nangate45/setRC.tcl
detailed_route -output_drc /mnt/c/Users/Abhinav/OneDrive/Desktop/PACT/PACT/results/phase2d_independent_gp/raw/orfs/reports/nangate45/s15850/phase2c_s29_4a26c3278995/5_route_drc.rpt -output_maze /mnt/c/Users/Abhinav/OneDrive/Desktop/PACT/PACT/results/phase2d_independent_gp/raw/orfs/results/nangate45/s15850/phase2c_s29_4a26c3278995/maze.log -droute_end_iter 64 -verbose 1 -drc_report_iter_step 5
[INFO DRT-0149] Reading tech and libs.

Units:                2000
Number of layers:     21
Number of macros:     135
Number of vias:       33
Number of viarulegen: 19

[INFO DRT-0150] Reading design.

Design:                   s15850
Die area:                 ( 0 0 ) ( 295060 295060 )
Number of track patterns: 20
Number of DEF vias:       0
Number of components:     5400
Number of terminals:      235
Number of snets:          2
Number of nets:           5149

[INFO DRT-0167] List of default vias:
  Layer via2
    default via: via2_5
  Layer via3
    default via: via3_2
  Layer via4
    default via: via4_0
  Layer via5
    default via: via5_0
  Layer via6
    default via: via6_0
  Layer via7
    default via: via7_0
  Layer via8
    default via: via8_0
  Layer via9
    default via: via9_0
[INFO DRT-0162] Library cell analysis.
[INFO DRT-0163] Instance analysis.
[INFO DRT-0164] Number of unique instances = 57.
[INFO DRT-0168] Init region query.
[INFO DRT-0024]   Complete active.
[INFO DRT-0024]   Complete Fr_VIA.
[INFO DRT-0024]   Complete metal1.
[INFO DRT-0024]   Complete via1.
[INFO DRT-0024]   Complete metal2.
[INFO DRT-0024]   Complete via2.
[INFO DRT-0024]   Complete metal3.
[INFO DRT-0024]   Complete via3.
[INFO DRT-0024]   Complete metal4.
[INFO DRT-0024]   Complete via4.
[INFO DRT-0024]   Complete metal5.
[INFO DRT-0024]   Complete via5.
[INFO DRT-0024]   Complete metal6.
[INFO DRT-0024]   Complete via6.
[INFO DRT-0024]   Complete metal7.
[INFO DRT-0024]   Complete via7.
[INFO DRT-0024]   Complete metal8.
[INFO DRT-0024]   Complete via8.
[INFO DRT-0024]   Complete metal9.
[INFO DRT-0024]   Complete via9.
[INFO DRT-0024]   Complete metal10.
[INFO DRT-0033] active shape region query size = 0.
[INFO DRT-0033] FR_VIA shape region query size = 0.
[INFO DRT-0033] metal1 shape region query size = 88274.
[INFO DRT-0033] via1 shape region query size = 936.
[INFO DRT-0033] metal2 shape region query size = 624.
[INFO DRT-0033] via2 shape region query size = 936.
[INFO DRT-0033] metal3 shape region query size = 624.
[INFO DRT-0033] via3 shape region query size = 936.
[INFO DRT-0033] metal4 shape region query size = 348.
[INFO DRT-0033] via4 shape region query size = 300.
[INFO DRT-0033] metal5 shape region query size = 227.
[INFO DRT-0033] via5 shape region query size = 300.
[INFO DRT-0033] metal6 shape region query size = 126.
[INFO DRT-0033] via6 shape region query size = 120.
[INFO DRT-0033] metal7 shape region query size = 50.
[INFO DRT-0033] via7 shape region query size = 0.
[INFO DRT-0033] metal8 shape region query size = 0.
[INFO DRT-0033] via8 shape region query size = 0.
[INFO DRT-0033] metal9 shape region query size = 0.
[INFO DRT-0033] via9 shape region query size = 0.
[INFO DRT-0033] metal10 shape region query size = 0.
[INFO DRT-0165] Start pin access.
[INFO DRT-0078]   Complete 292 pins.
[INFO DRT-0081]   Complete 57 unique inst patterns.
[INFO DRT-0084]   Complete 2757 groups.
#scanned instances     = 5400
#unique  instances     = 57
#stdCellGenAp          = 1307
#stdCellValidPlanarAp  = 0
#stdCellValidViaAp     = 1013
#stdCellPinNoAp        = 0
#stdCellPinCnt         = 15571
#instTermValidViaApCnt = 0
#macroGenAp            = 0
#macroValidPlanarAp    = 0
#macroValidViaAp       = 0
#macroNoAp             = 0
[INFO DRT-0166] Complete pin access.
[INFO DRT-0267] cpu time = 00:00:54, elapsed time = 00:00:14, memory = 283.50 (MB), peak = 283.39 (MB)

[INFO DRT-0157] Number of guides:     36844

[INFO DRT-0169] Post process guides.
[INFO DRT-0176] GCELLGRID X 0 DO 51 STEP 5700 ;
[INFO DRT-0177] GCELLGRID Y 0 DO 51 STEP 5700 ;
[INFO DRT-0028]   Complete active.
[INFO DRT-0028]   Complete Fr_VIA.
[INFO DRT-0028]   Complete metal1.
[INFO DRT-0028]   Complete via1.
[INFO DRT-0028]   Complete metal2.
[INFO DRT-0028]   Complete via2.
[INFO DRT-0028]   Complete metal3.
[INFO DRT-0028]   Complete via3.
[INFO DRT-0028]   Complete metal4.
[INFO DRT-0028]   Complete via4.
[INFO DRT-0028]   Complete metal5.
[INFO DRT-0028]   Complete via5.
[INFO DRT-0028]   Complete metal6.
[INFO DRT-0028]   Complete via6.
[INFO DRT-0028]   Complete metal7.
[INFO DRT-0028]   Complete via7.
[INFO DRT-0028]   Complete metal8.
[INFO DRT-0028]   Complete via8.
[INFO DRT-0028]   Complete metal9.
[INFO DRT-0028]   Complete via9.
[INFO DRT-0028]   Complete metal10.
[INFO DRT-0178] Init guide query.
[INFO DRT-0035]   Complete active (guide).
[INFO DRT-0035]   Complete Fr_VIA (guide).
[INFO DRT-0035]   Complete metal1 (guide).
[INFO DRT-0035]   Complete via1 (guide).
[INFO DRT-0035]   Complete metal2 (guide).
[INFO DRT-0035]   Complete via2 (guide).
[INFO DRT-0035]   Complete metal3 (guide).
[INFO DRT-0035]   Complete via3 (guide).
[INFO DRT-0035]   Complete metal4 (guide).
[INFO DRT-0035]   Complete via4 (guide).
[INFO DRT-0035]   Complete metal5 (guide).
[INFO DRT-0035]   Complete via5 (guide).
[INFO DRT-0035]   Complete metal6 (guide).
[INFO DRT-0035]   Complete via6 (guide).
[INFO DRT-0035]   Complete metal7 (guide).
[INFO DRT-0035]   Complete via7 (guide).
[INFO DRT-0035]   Complete metal8 (guide).
[INFO DRT-0035]   Complete via8 (guide).
[INFO DRT-0035]   Complete metal9 (guide).
[INFO DRT-0035]   Complete via9 (guide).
[INFO DRT-0035]   Complete metal10 (guide).
[INFO DRT-0036] active guide region query size = 0.
[INFO DRT-0036] FR_VIA guide region query size = 0.
[INFO DRT-0036] metal1 guide region query size = 12123.
[INFO DRT-0036] via1 guide region query size = 0.
[INFO DRT-0036] metal2 guide region query size = 9771.
[INFO DRT-0036] via2 guide region query size = 0.
[INFO DRT-0036] metal3 guide region query size = 5651.
[INFO DRT-0036] via3 guide region query size = 0.
[INFO DRT-0036] metal4 guide region query size = 1196.
[INFO DRT-0036] via4 guide region query size = 0.
[INFO DRT-0036] metal5 guide region query size = 552.
[INFO DRT-0036] via5 guide region query size = 0.
[INFO DRT-0036] metal6 guide region query size = 106.
[INFO DRT-0036] via6 guide region query size = 0.
[INFO DRT-0036] metal7 guide region query size = 1.
[INFO DRT-0036] via7 guide region query size = 0.
[INFO DRT-0036] metal8 guide region query size = 0.
[INFO DRT-0036] via8 guide region query size = 0.
[INFO DRT-0036] metal9 guide region query size = 0.
[INFO DRT-0036] via9 guide region query size = 0.
[INFO DRT-0036] metal10 guide region query size = 0.
[INFO DRT-0179] Init gr pin query.
[INFO DRT-0267] cpu time = 00:00:00, elapsed time = 00:00:00, memory = 297.25 (MB), peak = 296.91 (MB)
[INFO DRT-0245] skipped writing guide updates to database.
[INFO DRT-0181] Start track assignment.
[INFO DRT-0184] Done with 11073 vertical wires in 2 frboxes and 18327 horizontal wires in 2 frboxes.
[INFO DRT-0186] Done with 2597 vertical wires in 2 frboxes and 3247 horizontal wires in 2 frboxes.
[INFO DRT-0182] Complete track assignment.
[INFO DRT-0267] cpu time = 00:00:02, elapsed time = 00:00:02, memory = 399.65 (MB), peak = 399.20 (MB)
[INFO DRT-0187] Start routing data preparation.
[INFO DRT-0267] cpu time = 00:00:00, elapsed time = 00:00:00, memory = 399.71 (MB), peak = 399.33 (MB)
[INFO DRT-0194] Start detail routing.
[INFO DRT-0195] Start 0th optimization iteration.
    Completing 10% with 0 violations.
    elapsed time = 00:00:01, memory = 418.57 (MB).
    Completing 20% with 0 violations.
    elapsed time = 00:00:03, memory = 469.96 (MB).
    Completing 30% with 171 violations.
    elapsed time = 00:00:08, memory = 509.39 (MB).
    Completing 40% with 171 violations.
    elapsed time = 00:00:11, memory = 493.73 (MB).
    Completing 50% with 171 violations.
    elapsed time = 00:00:14, memory = 456.65 (MB).
    Completing 60% with 357 violations.
    elapsed time = 00:00:17, memory = 547.73 (MB).
    Completing 70% with 357 violations.
    elapsed time = 00:00:19, memory = 551.59 (MB).
    Completing 80% with 467 violations.
    elapsed time = 00:00:23, memory = 586.17 (MB).
    Completing 90% with 467 violations.
    elapsed time = 00:00:25, memory = 564.39 (MB).
    Completing 100% with 591 violations.
    elapsed time = 00:00:28, memory = 541.39 (MB).
[INFO DRT-0199]   Number of violations = 887.
Viol/Layer      metal1   via1 metal2   via2 metal3 metal4   via4 metal5
Cut Spacing          0      0      0      1      0      0      2      0
Metal Spacing        0      0     39      0      4      0      0      4
Recheck              2      0    163      0    109     14      0      8
Short                0      3    455      0     70     11      1      1
[INFO DRT-0267] cpu time = 00:01:40, elapsed time = 00:00:29, memory = 1022.27 (MB), peak = 1021.98 (MB)
Total wire length = 86325 um.
Total wire length on LAYER metal1 = 0 um.
Total wire length on LAYER metal2 = 25828 um.
Total wire length on LAYER metal3 = 33854 um.
Total wire length on LAYER metal4 = 15856 um.
Total wire length on LAYER metal5 = 8662 um.
Total wire length on LAYER metal6 = 2057 um.
Total wire length on LAYER metal7 = 66 um.
Total wire length on LAYER metal8 = 0 um.
Total wire length on LAYER metal9 = 0 um.
Total wire length on LAYER metal10 = 0 um.
Total number of vias = 31952.
Up-via summary (total 31952):

----------------
 active        0
 metal1    15660
 metal2    13747
 metal3     1630
 metal4      767
 metal5      146
 metal6        2
 metal7        0
 metal8        0
 metal9        0
----------------
       31952


[INFO DRT-0195] Start 1st optimization iteration.
    Completing 10% with 887 violations.
    elapsed time = 00:00:01, memory = 1082.11 (MB).
    Completing 20% with 887 violations.
    elapsed time = 00:00:04, memory = 1026.31 (MB).
    Completing 30% with 719 violations.
    elapsed time = 00:00:06, memory = 1030.16 (MB).
    Completing 40% with 719 violations.
    elapsed time = 00:00:09, memory = 1059.66 (MB).
    Completing 50% with 719 violations.
    elapsed time = 00:00:12, memory = 1030.16 (MB).
    Completing 60% with 549 violations.
    elapsed time = 00:00:15, memory = 1035.76 (MB).
    Completing 70% with 549 violations.
    elapsed time = 00:00:18, memory = 1035.76 (MB).
    Completing 80% with 390 violations.
    elapsed time = 00:00:21, memory = 1036.86 (MB).
    Completing 90% with 390 violations.
    elapsed time = 00:00:23, memory = 1037.74 (MB).
    Completing 100% with 214 violations.
    elapsed time = 00:00:26, memory = 1037.74 (MB).
[INFO DRT-0199]   Number of violations = 214.
Viol/Layer      metal2 metal3
Metal Spacing       40      1
Short              156     17
[INFO DRT-0267] cpu time = 00:01:35, elapsed time = 00:00:27, memory = 1040.74 (MB), peak = 1082.11 (MB)
Total wire length = 85918 um.
Total wire length on LAYER metal1 = 0 um.
Total wire length on LAYER metal2 = 25634 um.
Total wire length on LAYER metal3 = 33705 um.
Total wire length on LAYER metal4 = 15838 um.
Total wire length on LAYER metal5 = 8627 um.
Total wire length on LAYER metal6 = 2046 um.
Total wire length on LAYER metal7 = 66 um.
Total wire length on LAYER metal8 = 0 um.
Total wire length on LAYER metal9 = 0 um.
Total wire length on LAYER metal10 = 0 um.
Total number of vias = 31667.
Up-via summary (total 31667):

----------------
 active        0
 metal1    15655
 metal2    13506
 metal3     1614
 metal4      746
 metal5      144
 metal6        2
 metal7        0
 metal8        0
 metal9        0
----------------
       31667


[INFO DRT-0195] Start 2nd optimization iteration.
    Completing 10% with 214 violations.
    elapsed time = 00:00:01, memory = 1040.74 (MB).
    Completing 20% with 214 violations.
    elapsed time = 00:00:04, memory = 1041.25 (MB).
    Completing 30% with 190 violations.
    elapsed time = 00:00:06, memory = 1041.25 (MB).
    Completing 40% with 190 violations.
    elapsed time = 00:00:08, memory = 1041.25 (MB).
    Completing 50% with 190 violations.
    elapsed time = 00:00:09, memory = 1041.25 (MB).
    Completing 60% with 182 violations.
    elapsed time = 00:00:13, memory = 1041.25 (MB).
    Completing 70% with 182 violations.
    elapsed time = 00:00:15, memory = 1041.25 (MB).
    Completing 80% with 162 violations.
    elapsed time = 00:00:18, memory = 1043.07 (MB).
    Completing 90% with 162 violations.
    elapsed time = 00:00:20, memory = 1043.07 (MB).
    Completing 100% with 170 violations.
    elapsed time = 00:00:24, memory = 1043.07 (MB).
[INFO DRT-0199]   Number of violations = 170.
Viol/Layer      metal2 metal3
Metal Spacing       30      3
Short              120     17
[INFO DRT-0267] cpu time = 00:01:23, elapsed time = 00:00:25, memory = 1046.07 (MB), peak = 1082.11 (MB)
Total wire length = 85821 um.
Total wire length on LAYER metal1 = 0 um.
Total wire length on LAYER metal2 = 25615 um.
Total wire length on LAYER metal3 = 33667 um.
Total wire length on LAYER metal4 = 15819 um.
Total wire length on LAYER metal5 = 8608 um.
Total wire length on LAYER metal6 = 2044 um.
Total wire length on LAYER metal7 = 65 um.
Total wire length on LAYER metal8 = 0 um.
Total wire length on LAYER metal9 = 0 um.
Total wire length on LAYER metal10 = 0 um.
Total number of vias = 31579.
Up-via summary (total 31579):

----------------
 active        0
 metal1    15654
 metal2    13421
 metal3     1606
 metal4      751
 metal5      145
 metal6        2
 metal7        0
 metal8        0
 metal9        0
----------------
       31579


[INFO DRT-0195] Start 3rd optimization iteration.
    Completing 10% with 170 violations.
    elapsed time = 00:00:01, memory = 1046.07 (MB).
    Completing 20% with 170 violations.
    elapsed time = 00:00:02, memory = 1046.07 (MB).
    Completing 30% with 133 violations.
    elapsed time = 00:00:03, memory = 1046.07 (MB).
    Completing 40% with 133 violations.
    elapsed time = 00:00:04, memory = 1046.07 (MB).
    Completing 50% with 133 violations.
    elapsed time = 00:00:06, memory = 1046.07 (MB).
    Completing 60% with 76 violations.
    elapsed time = 00:00:08, memory = 1046.07 (MB).
    Completing 70% with 76 violations.
    elapsed time = 00:00:08, memory = 1046.07 (MB).
    Completing 80% with 36 violations.
    elapsed time = 00:00:10, memory = 1046.07 (MB).
    Completing 90% with 36 violations.
    elapsed time = 00:00:11, memory = 1046.07 (MB).
    Completing 100% with 0 violations.
    elapsed time = 00:00:12, memory = 1046.07 (MB).
[INFO DRT-0199]   Number of violations = 0.
[INFO DRT-0267] cpu time = 00:00:41, elapsed time = 00:00:12, memory = 1046.07 (MB), peak = 1082.11 (MB)
Total wire length = 85821 um.
Total wire length on LAYER metal1 = 0 um.
Total wire length on LAYER metal2 = 25354 um.
Total wire length on LAYER metal3 = 33713 um.
Total wire length on LAYER metal4 = 16034 um.
Total wire length on LAYER metal5 = 8608 um.
Total wire length on LAYER metal6 = 2044 um.
Total wire length on LAYER metal7 = 65 um.
Total wire length on LAYER metal8 = 0 um.
Total wire length on LAYER metal9 = 0 um.
Total wire length on LAYER metal10 = 0 um.
Total number of vias = 31771.
Up-via summary (total 31771):

----------------
 active        0
 metal1    15655
 metal2    13557
 metal3     1661
 metal4      751
 metal5      145
 metal6        2
 metal7        0
 metal8        0
 metal9        0
----------------
       31771


[INFO DRT-0198] Complete detail routing.
Total wire length = 85821 um.
Total wire length on LAYER metal1 = 0 um.
Total wire length on LAYER metal2 = 25354 um.
Total wire length on LAYER metal3 = 33713 um.
Total wire length on LAYER metal4 = 16034 um.
Total wire length on LAYER metal5 = 8608 um.
Total wire length on LAYER metal6 = 2044 um.
Total wire length on LAYER metal7 = 65 um.
Total wire length on LAYER metal8 = 0 um.
Total wire length on LAYER metal9 = 0 um.
Total wire length on LAYER metal10 = 0 um.
Total number of vias = 31771.
Up-via summary (total 31771):

----------------
 active        0
 metal1    15655
 metal2    13557
 metal3     1661
 metal4      751
 metal5      145
 metal6        2
 metal7        0
 metal8        0
 metal9        0
----------------
       31771


[INFO DRT-0267] cpu time = 00:05:20, elapsed time = 00:01:35, memory = 1046.13 (MB), peak = 1082.11 (MB)

[INFO DRT-0180] Post processing.
Took 113 seconds: detailed_route -output_drc /mnt/c/Users/Abhinav/OneDrive/Desktop/PACT/PACT/results/phase2d_independent_gp/raw/orfs/reports/nangate45/s15850/phase2c_s29_4a26c3278995/5_route_drc.rpt -output_maze /mnt/c/Users/Abhinav/OneDrive/Desktop/PACT/PACT/results/phase2d_independent_gp/raw/orfs/results/nangate45/s15850/phase2c_s29_4a26c3278995/maze.log -droute_end_iter 64 -verbose 1 -drc_report_iter_step 5
[WARNING GRT-0246] No diode with LEF class CORE ANTENNACELL found.
[INFO ANT-0002] Found 0 net violations.
[INFO ANT-0001] Found 0 pin violations.
[INFO ANT-0002] Found 0 net violations.
[INFO ANT-0001] Found 0 pin violations.
Design area 7620 um^2 36% utilization.
write_db /mnt/c/Users/Abhinav/OneDrive/Desktop/PACT/PACT/results/phase2d_independent_gp/raw/orfs/results/nangate45/s15850/phase2c_s29_4a26c3278995/5_2_route.odb
Elapsed time: 1:59.09[h:]min:sec. CPU time: user 384.09 sys 2.60 (324%). Peak memory: 1108076KB.
Log                       Ext     Elapsed/s Peak Memory/MB sha1sum result [0:20)
5_2_route                 .odb          119           1082 f24aa0de1b7c63fc8fb3
