OpenROAD 26Q2-1164-g08f67ee5ec 
Features included (+) or not (-): +GPU +GUI +Python
This program is licensed under the BSD-3 license. See the LICENSE file for details.
Components of this program may be licensed under more restrictive licenses which must be honored.
[INFO ORD-0030] Using 4 thread(s).
read_liberty /root/pact-deps/OpenROAD-flow-scripts/flow/platforms/nangate45/lib/NangateOpenCellLibrary_typical.lib
read_db /mnt/c/Users/Abhinav/OneDrive/Desktop/PACT/PACT/results/phase2d_independent_gp/raw/orfs/results/nangate45/s15850/phase2c_s29_6dc9a5e67277/5_1_grt.odb
read_sdc /mnt/c/Users/Abhinav/OneDrive/Desktop/PACT/PACT/results/phase2d_independent_gp/raw/orfs/results/nangate45/s15850/phase2c_s29_6dc9a5e67277/5_1_grt.sdc
source /root/pact-deps/OpenROAD-flow-scripts/flow/platforms/nangate45/setRC.tcl
detailed_route -output_drc /mnt/c/Users/Abhinav/OneDrive/Desktop/PACT/PACT/results/phase2d_independent_gp/raw/orfs/reports/nangate45/s15850/phase2c_s29_6dc9a5e67277/5_route_drc.rpt -output_maze /mnt/c/Users/Abhinav/OneDrive/Desktop/PACT/PACT/results/phase2d_independent_gp/raw/orfs/results/nangate45/s15850/phase2c_s29_6dc9a5e67277/maze.log -droute_end_iter 64 -verbose 1 -drc_report_iter_step 5
[INFO DRT-0149] Reading tech and libs.

Units:                2000
Number of layers:     21
Number of macros:     135
Number of vias:       33
Number of viarulegen: 19

[INFO DRT-0150] Reading design.

Design:                   s15850
Die area:                 ( 0 0 ) ( 295060 295060 )
Number of track patterns: 20
Number of DEF vias:       0
Number of components:     5399
Number of terminals:      235
Number of snets:          2
Number of nets:           5148

[INFO DRT-0167] List of default vias:
  Layer via2
    default via: via2_5
  Layer via3
    default via: via3_2
  Layer via4
    default via: via4_0
  Layer via5
    default via: via5_0
  Layer via6
    default via: via6_0
  Layer via7
    default via: via7_0
  Layer via8
    default via: via8_0
  Layer via9
    default via: via9_0
[INFO DRT-0162] Library cell analysis.
[INFO DRT-0163] Instance analysis.
[INFO DRT-0164] Number of unique instances = 57.
[INFO DRT-0168] Init region query.
[INFO DRT-0024]   Complete active.
[INFO DRT-0024]   Complete Fr_VIA.
[INFO DRT-0024]   Complete metal1.
[INFO DRT-0024]   Complete via1.
[INFO DRT-0024]   Complete metal2.
[INFO DRT-0024]   Complete via2.
[INFO DRT-0024]   Complete metal3.
[INFO DRT-0024]   Complete via3.
[INFO DRT-0024]   Complete metal4.
[INFO DRT-0024]   Complete via4.
[INFO DRT-0024]   Complete metal5.
[INFO DRT-0024]   Complete via5.
[INFO DRT-0024]   Complete metal6.
[INFO DRT-0024]   Complete via6.
[INFO DRT-0024]   Complete metal7.
[INFO DRT-0024]   Complete via7.
[INFO DRT-0024]   Complete metal8.
[INFO DRT-0024]   Complete via8.
[INFO DRT-0024]   Complete metal9.
[INFO DRT-0024]   Complete via9.
[INFO DRT-0024]   Complete metal10.
[INFO DRT-0033] active shape region query size = 0.
[INFO DRT-0033] FR_VIA shape region query size = 0.
[INFO DRT-0033] metal1 shape region query size = 88263.
[INFO DRT-0033] via1 shape region query size = 936.
[INFO DRT-0033] metal2 shape region query size = 624.
[INFO DRT-0033] via2 shape region query size = 936.
[INFO DRT-0033] metal3 shape region query size = 624.
[INFO DRT-0033] via3 shape region query size = 936.
[INFO DRT-0033] metal4 shape region query size = 348.
[INFO DRT-0033] via4 shape region query size = 300.
[INFO DRT-0033] metal5 shape region query size = 227.
[INFO DRT-0033] via5 shape region query size = 300.
[INFO DRT-0033] metal6 shape region query size = 126.
[INFO DRT-0033] via6 shape region query size = 120.
[INFO DRT-0033] metal7 shape region query size = 50.
[INFO DRT-0033] via7 shape region query size = 0.
[INFO DRT-0033] metal8 shape region query size = 0.
[INFO DRT-0033] via8 shape region query size = 0.
[INFO DRT-0033] metal9 shape region query size = 0.
[INFO DRT-0033] via9 shape region query size = 0.
[INFO DRT-0033] metal10 shape region query size = 0.
[INFO DRT-0165] Start pin access.
[INFO DRT-0078]   Complete 292 pins.
[INFO DRT-0081]   Complete 57 unique inst patterns.
[INFO DRT-0084]   Complete 2757 groups.
#scanned instances     = 5399
#unique  instances     = 57
#stdCellGenAp          = 1307
#stdCellValidPlanarAp  = 0
#stdCellValidViaAp     = 1013
#stdCellPinNoAp        = 0
#stdCellPinCnt         = 15569
#instTermValidViaApCnt = 0
#macroGenAp            = 0
#macroValidPlanarAp    = 0
#macroValidViaAp       = 0
#macroNoAp             = 0
[INFO DRT-0166] Complete pin access.
[INFO DRT-0267] cpu time = 00:00:55, elapsed time = 00:00:13, memory = 283.41 (MB), peak = 283.15 (MB)

[INFO DRT-0157] Number of guides:     35457

[INFO DRT-0169] Post process guides.
[INFO DRT-0176] GCELLGRID X 0 DO 51 STEP 5700 ;
[INFO DRT-0177] GCELLGRID Y 0 DO 51 STEP 5700 ;
[INFO DRT-0028]   Complete active.
[INFO DRT-0028]   Complete Fr_VIA.
[INFO DRT-0028]   Complete metal1.
[INFO DRT-0028]   Complete via1.
[INFO DRT-0028]   Complete metal2.
[INFO DRT-0028]   Complete via2.
[INFO DRT-0028]   Complete metal3.
[INFO DRT-0028]   Complete via3.
[INFO DRT-0028]   Complete metal4.
[INFO DRT-0028]   Complete via4.
[INFO DRT-0028]   Complete metal5.
[INFO DRT-0028]   Complete via5.
[INFO DRT-0028]   Complete metal6.
[INFO DRT-0028]   Complete via6.
[INFO DRT-0028]   Complete metal7.
[INFO DRT-0028]   Complete via7.
[INFO DRT-0028]   Complete metal8.
[INFO DRT-0028]   Complete via8.
[INFO DRT-0028]   Complete metal9.
[INFO DRT-0028]   Complete via9.
[INFO DRT-0028]   Complete metal10.
[INFO DRT-0178] Init guide query.
[INFO DRT-0035]   Complete active (guide).
[INFO DRT-0035]   Complete Fr_VIA (guide).
[INFO DRT-0035]   Complete metal1 (guide).
[INFO DRT-0035]   Complete via1 (guide).
[INFO DRT-0035]   Complete metal2 (guide).
[INFO DRT-0035]   Complete via2 (guide).
[INFO DRT-0035]   Complete metal3 (guide).
[INFO DRT-0035]   Complete via3 (guide).
[INFO DRT-0035]   Complete metal4 (guide).
[INFO DRT-0035]   Complete via4 (guide).
[INFO DRT-0035]   Complete metal5 (guide).
[INFO DRT-0035]   Complete via5 (guide).
[INFO DRT-0035]   Complete metal6 (guide).
[INFO DRT-0035]   Complete via6 (guide).
[INFO DRT-0035]   Complete metal7 (guide).
[INFO DRT-0035]   Complete via7 (guide).
[INFO DRT-0035]   Complete metal8 (guide).
[INFO DRT-0035]   Complete via8 (guide).
[INFO DRT-0035]   Complete metal9 (guide).
[INFO DRT-0035]   Complete via9 (guide).
[INFO DRT-0035]   Complete metal10 (guide).
[INFO DRT-0036] active guide region query size = 0.
[INFO DRT-0036] FR_VIA guide region query size = 0.
[INFO DRT-0036] metal1 guide region query size = 12114.
[INFO DRT-0036] via1 guide region query size = 0.
[INFO DRT-0036] metal2 guide region query size = 9633.
[INFO DRT-0036] via2 guide region query size = 0.
[INFO DRT-0036] metal3 guide region query size = 5337.
[INFO DRT-0036] via3 guide region query size = 0.
[INFO DRT-0036] metal4 guide region query size = 919.
[INFO DRT-0036] via4 guide region query size = 0.
[INFO DRT-0036] metal5 guide region query size = 454.
[INFO DRT-0036] via5 guide region query size = 0.
[INFO DRT-0036] metal6 guide region query size = 93.
[INFO DRT-0036] via6 guide region query size = 0.
[INFO DRT-0036] metal7 guide region query size = 1.
[INFO DRT-0036] via7 guide region query size = 0.
[INFO DRT-0036] metal8 guide region query size = 0.
[INFO DRT-0036] via8 guide region query size = 0.
[INFO DRT-0036] metal9 guide region query size = 0.
[INFO DRT-0036] via9 guide region query size = 0.
[INFO DRT-0036] metal10 guide region query size = 0.
[INFO DRT-0179] Init gr pin query.
[INFO DRT-0267] cpu time = 00:00:00, elapsed time = 00:00:00, memory = 296.76 (MB), peak = 296.34 (MB)
[INFO DRT-0245] skipped writing guide updates to database.
[INFO DRT-0181] Start track assignment.
[INFO DRT-0184] Done with 10645 vertical wires in 2 frboxes and 17906 horizontal wires in 2 frboxes.
[INFO DRT-0186] Done with 2426 vertical wires in 2 frboxes and 3170 horizontal wires in 2 frboxes.
[INFO DRT-0182] Complete track assignment.
[INFO DRT-0267] cpu time = 00:00:02, elapsed time = 00:00:02, memory = 357.57 (MB), peak = 357.02 (MB)
[INFO DRT-0187] Start routing data preparation.
[INFO DRT-0267] cpu time = 00:00:00, elapsed time = 00:00:00, memory = 357.63 (MB), peak = 357.15 (MB)
[INFO DRT-0194] Start detail routing.
[INFO DRT-0195] Start 0th optimization iteration.
    Completing 10% with 0 violations.
    elapsed time = 00:00:01, memory = 432.42 (MB).
    Completing 20% with 0 violations.
    elapsed time = 00:00:04, memory = 454.10 (MB).
    Completing 30% with 114 violations.
    elapsed time = 00:00:07, memory = 505.99 (MB).
    Completing 40% with 114 violations.
    elapsed time = 00:00:09, memory = 489.47 (MB).
    Completing 50% with 114 violations.
    elapsed time = 00:00:12, memory = 469.87 (MB).
    Completing 60% with 262 violations.
    elapsed time = 00:00:16, memory = 539.30 (MB).
    Completing 70% with 262 violations.
    elapsed time = 00:00:17, memory = 537.16 (MB).
    Completing 80% with 396 violations.
    elapsed time = 00:00:20, memory = 550.58 (MB).
    Completing 90% with 396 violations.
    elapsed time = 00:00:22, memory = 524.63 (MB).
    Completing 100% with 494 violations.
    elapsed time = 00:00:25, memory = 527.57 (MB).
[INFO DRT-0199]   Number of violations = 756.
Viol/Layer      metal1   via1 metal2 metal3 metal4   via4 metal5 metal7
Cut Spacing          0      0      0      0      0      3      0      0
Metal Spacing        0      0     30      5      1      0      0      0
Recheck              3      0    144     97      7      0      8      3
Short                0      1    389     63      0      0      2      0
[INFO DRT-0267] cpu time = 00:01:31, elapsed time = 00:00:26, memory = 1017.73 (MB), peak = 1017.34 (MB)
Total wire length = 67751 um.
Total wire length on LAYER metal1 = 0 um.
Total wire length on LAYER metal2 = 24317 um.
Total wire length on LAYER metal3 = 28712 um.
Total wire length on LAYER metal4 = 9307 um.
Total wire length on LAYER metal5 = 4446 um.
Total wire length on LAYER metal6 = 896 um.
Total wire length on LAYER metal7 = 71 um.
Total wire length on LAYER metal8 = 0 um.
Total wire length on LAYER metal9 = 0 um.
Total wire length on LAYER metal10 = 0 um.
Total number of vias = 31015.
Up-via summary (total 31015):

----------------
 active        0
 metal1    15651
 metal2    13415
 metal3     1240
 metal4      589
 metal5      118
 metal6        2
 metal7        0
 metal8        0
 metal9        0
----------------
       31015


[INFO DRT-0195] Start 1st optimization iteration.
    Completing 10% with 756 violations.
    elapsed time = 00:00:01, memory = 1047.31 (MB).
    Completing 20% with 756 violations.
    elapsed time = 00:00:04, memory = 1023.84 (MB).
    Completing 30% with 612 violations.
    elapsed time = 00:00:06, memory = 1025.36 (MB).
    Completing 40% with 612 violations.
    elapsed time = 00:00:08, memory = 1025.36 (MB).
    Completing 50% with 612 violations.
    elapsed time = 00:00:11, memory = 1025.36 (MB).
    Completing 60% with 476 violations.
    elapsed time = 00:00:15, memory = 1025.36 (MB).
    Completing 70% with 476 violations.
    elapsed time = 00:00:17, memory = 1026.99 (MB).
    Completing 80% with 335 violations.
    elapsed time = 00:00:20, memory = 1027.25 (MB).
    Completing 90% with 335 violations.
    elapsed time = 00:00:22, memory = 1029.50 (MB).
    Completing 100% with 174 violations.
    elapsed time = 00:00:23, memory = 1029.50 (MB).
[INFO DRT-0199]   Number of violations = 174.
Viol/Layer      metal2   via2 metal3
Cut Spacing          0      1      0
Metal Spacing       29      0      1
Short              134      0      9
[INFO DRT-0267] cpu time = 00:01:27, elapsed time = 00:00:24, memory = 1032.50 (MB), peak = 1046.84 (MB)
Total wire length = 67371 um.
Total wire length on LAYER metal1 = 0 um.
Total wire length on LAYER metal2 = 24112 um.
Total wire length on LAYER metal3 = 28588 um.
Total wire length on LAYER metal4 = 9293 um.
Total wire length on LAYER metal5 = 4407 um.
Total wire length on LAYER metal6 = 892 um.
Total wire length on LAYER metal7 = 76 um.
Total wire length on LAYER metal8 = 0 um.
Total wire length on LAYER metal9 = 0 um.
Total wire length on LAYER metal10 = 0 um.
Total number of vias = 30673.
Up-via summary (total 30673):

----------------
 active        0
 metal1    15646
 metal2    13081
 metal3     1239
 metal4      587
 metal5      118
 metal6        2
 metal7        0
 metal8        0
 metal9        0
----------------
       30673


[INFO DRT-0195] Start 2nd optimization iteration.
    Completing 10% with 174 violations.
    elapsed time = 00:00:00, memory = 1032.50 (MB).
    Completing 20% with 174 violations.
    elapsed time = 00:00:03, memory = 1032.50 (MB).
    Completing 30% with 163 violations.
    elapsed time = 00:00:05, memory = 1032.50 (MB).
    Completing 40% with 163 violations.
    elapsed time = 00:00:07, memory = 1032.50 (MB).
    Completing 50% with 163 violations.
    elapsed time = 00:00:09, memory = 1032.61 (MB).
    Completing 60% with 155 violations.
    elapsed time = 00:00:11, memory = 1032.62 (MB).
    Completing 70% with 155 violations.
    elapsed time = 00:00:13, memory = 1032.62 (MB).
    Completing 80% with 121 violations.
    elapsed time = 00:00:18, memory = 1059.29 (MB).
    Completing 90% with 121 violations.
    elapsed time = 00:00:19, memory = 1033.26 (MB).
    Completing 100% with 127 violations.
    elapsed time = 00:00:21, memory = 1033.26 (MB).
[INFO DRT-0199]   Number of violations = 127.
Viol/Layer      metal2 metal3 metal4
Metal Spacing       21      3      0
Short               95      7      1
[INFO DRT-0267] cpu time = 00:01:12, elapsed time = 00:00:21, memory = 1036.26 (MB), peak = 1059.05 (MB)
Total wire length = 67345 um.
Total wire length on LAYER metal1 = 0 um.
Total wire length on LAYER metal2 = 24113 um.
Total wire length on LAYER metal3 = 28553 um.
Total wire length on LAYER metal4 = 9298 um.
Total wire length on LAYER metal5 = 4407 um.
Total wire length on LAYER metal6 = 896 um.
Total wire length on LAYER metal7 = 76 um.
Total wire length on LAYER metal8 = 0 um.
Total wire length on LAYER metal9 = 0 um.
Total wire length on LAYER metal10 = 0 um.
Total number of vias = 30631.
Up-via summary (total 30631):

----------------
 active        0
 metal1    15651
 metal2    13033
 metal3     1238
 metal4      587
 metal5      120
 metal6        2
 metal7        0
 metal8        0
 metal9        0
----------------
       30631


[INFO DRT-0195] Start 3rd optimization iteration.
    Completing 10% with 127 violations.
    elapsed time = 00:00:00, memory = 1036.26 (MB).
    Completing 20% with 127 violations.
    elapsed time = 00:00:01, memory = 1036.26 (MB).
    Completing 30% with 97 violations.
    elapsed time = 00:00:03, memory = 1036.26 (MB).
    Completing 40% with 97 violations.
    elapsed time = 00:00:04, memory = 1036.26 (MB).
    Completing 50% with 97 violations.
    elapsed time = 00:00:05, memory = 1036.26 (MB).
    Completing 60% with 49 violations.
    elapsed time = 00:00:05, memory = 1036.26 (MB).
    Completing 70% with 49 violations.
    elapsed time = 00:00:06, memory = 1036.26 (MB).
    Completing 80% with 30 violations.
    elapsed time = 00:00:08, memory = 1036.96 (MB).
    Completing 90% with 30 violations.
    elapsed time = 00:00:08, memory = 1040.20 (MB).
    Completing 100% with 0 violations.
    elapsed time = 00:00:08, memory = 1040.20 (MB).
[INFO DRT-0199]   Number of violations = 0.
[INFO DRT-0267] cpu time = 00:00:29, elapsed time = 00:00:08, memory = 1040.20 (MB), peak = 1059.05 (MB)
Total wire length = 67348 um.
Total wire length on LAYER metal1 = 0 um.
Total wire length on LAYER metal2 = 23864 um.
Total wire length on LAYER metal3 = 28588 um.
Total wire length on LAYER metal4 = 9515 um.
Total wire length on LAYER metal5 = 4407 um.
Total wire length on LAYER metal6 = 896 um.
Total wire length on LAYER metal7 = 76 um.
Total wire length on LAYER metal8 = 0 um.
Total wire length on LAYER metal9 = 0 um.
Total wire length on LAYER metal10 = 0 um.
Total number of vias = 30778.
Up-via summary (total 30778):

----------------
 active        0
 metal1    15650
 metal2    13107
 metal3     1312
 metal4      587
 metal5      120
 metal6        2
 metal7        0
 metal8        0
 metal9        0
----------------
       30778


[INFO DRT-0198] Complete detail routing.
Total wire length = 67348 um.
Total wire length on LAYER metal1 = 0 um.
Total wire length on LAYER metal2 = 23864 um.
Total wire length on LAYER metal3 = 28588 um.
Total wire length on LAYER metal4 = 9515 um.
Total wire length on LAYER metal5 = 4407 um.
Total wire length on LAYER metal6 = 896 um.
Total wire length on LAYER metal7 = 76 um.
Total wire length on LAYER metal8 = 0 um.
Total wire length on LAYER metal9 = 0 um.
Total wire length on LAYER metal10 = 0 um.
Total number of vias = 30778.
Up-via summary (total 30778):

----------------
 active        0
 metal1    15650
 metal2    13107
 metal3     1312
 metal4      587
 metal5      120
 metal6        2
 metal7        0
 metal8        0
 metal9        0
----------------
       30778


[INFO DRT-0267] cpu time = 00:04:41, elapsed time = 00:01:20, memory = 1040.27 (MB), peak = 1059.05 (MB)

[INFO DRT-0180] Post processing.
Took 97 seconds: detailed_route -output_drc /mnt/c/Users/Abhinav/OneDrive/Desktop/PACT/PACT/results/phase2d_independent_gp/raw/orfs/reports/nangate45/s15850/phase2c_s29_6dc9a5e67277/5_route_drc.rpt -output_maze /mnt/c/Users/Abhinav/OneDrive/Desktop/PACT/PACT/results/phase2d_independent_gp/raw/orfs/results/nangate45/s15850/phase2c_s29_6dc9a5e67277/maze.log -droute_end_iter 64 -verbose 1 -drc_report_iter_step 5
[WARNING GRT-0246] No diode with LEF class CORE ANTENNACELL found.
[INFO ANT-0002] Found 0 net violations.
[INFO ANT-0001] Found 0 pin violations.
[INFO ANT-0002] Found 0 net violations.
[INFO ANT-0001] Found 0 pin violations.
Design area 7619 um^2 36% utilization.
write_db /mnt/c/Users/Abhinav/OneDrive/Desktop/PACT/PACT/results/phase2d_independent_gp/raw/orfs/results/nangate45/s15850/phase2c_s29_6dc9a5e67277/5_2_route.odb
Elapsed time: 1:44.94[h:]min:sec. CPU time: user 345.87 sys 2.67 (332%). Peak memory: 1084472KB.
Log                       Ext     Elapsed/s Peak Memory/MB sha1sum result [0:20)
5_2_route                 .odb          104           1059 8597f1715ee89fba410d
