OpenROAD 26Q2-1164-g08f67ee5ec 
Features included (+) or not (-): +GPU +GUI +Python
This program is licensed under the BSD-3 license. See the LICENSE file for details.
Components of this program may be licensed under more restrictive licenses which must be honored.
BENCHMARK_COMMAND read_sdc /root/pact-deps/OpenROAD-flow-scripts/flow/results/nangate45/s5378/phase0b_s11_B0/3_place.sdc
BENCHMARK_COMMAND set_dft_config -max_chains 2 -max_length 90 -clock_mixing no_mix -scan_enable_name_pattern test_se -scan_in_name_pattern test_si_{} -scan_out_name_pattern test_so_{}
BENCHMARK_COMMAND report_dft_config
DFT Config:
***************************
DFT Config Report:

Scan Architect Config:
- Max Length: 90
- Max Chains: 2
- Clock Mixing: No Mix
Scan Stitch Config:
- Scan Enable Name Pattern: 'test_se'
- Scan In Name Pattern: 'test_si_{}'
- Scan Out Name Pattern: 'test_so_{}'
***************************
BENCHMARK_COMMAND report_dft_plan -verbose
Signal 11 received
Stack trace:
 0# 0x0000000000DD092A in openroad
 1# 0x0000000000045330 in /lib/x86_64-linux-gnu/libc.so.6
 2# sta::dbNetwork::name[abi:cxx11](sta::Port const*) const in openroad
 3# sta::Network::portName[abi:cxx11](sta::Pin const*) const in openroad
 4# sta::Network::pathNameCmp(sta::Pin const*, sta::Pin const*) const in openroad
 5# 0x00000000010AC431 in openroad
 6# sta::Levelize::sortedRootsWithFanout() in openroad
 7# sta::Levelize::findBackEdges() in openroad
 8# sta::Levelize::findLevels() in openroad
 9# sta::Sta::delayCalcPreamble() in openroad
10# sta::Sta::searchPreamble() in openroad
11# dft::utils::GetClock(sta::dbSta*, odb::dbITerm*) in openroad
12# 0x0000000002DCAE1A in openroad
13# dft::ScanCellFactory(odb::dbInst*, sta::dbSta*, utl::Logger*) in openroad
14# dft::CollectScanCells(odb::dbBlock*, sta::dbSta*, utl::Logger*, std::vector<std::unique_ptr<dft::ScanCell, std::default_delete<dft::ScanCell> >, std::allocator<std::unique_ptr<dft::ScanCell, std::default_delete<dft::ScanCell> > > >&) in openroad
15# dft::CollectScanCells(odb::dbDatabase*, sta::dbSta*, utl::Logger*) in openroad
16# dft::Dft::scanArchitect() in openroad
17# dft::Dft::reportDftPlan(bool) in openroad
18# 0x000000000159CE49 in openroad
19# TclNRRunCallbacks in /lib/x86_64-linux-gnu/libtcl8.6.so
20# 0x000000000003F6BC in /lib/x86_64-linux-gnu/libtcl8.6.so
21# Tcl_EvalEx in /lib/x86_64-linux-gnu/libtcl8.6.so
22# Tcl_Eval in /lib/x86_64-linux-gnu/libtcl8.6.so
23# ord::Design::evalTclString(std::__cxx11::basic_string<char, std::char_traits<char>, std::allocator<char> > const&) in openroad
24# 0x0000000002340602 in openroad
25# 0x00000000001DF498 in /lib/x86_64-linux-gnu/libpython3.12.so.1.0
26# _PyObject_MakeTpCall in /lib/x86_64-linux-gnu/libpython3.12.so.1.0
27# _PyEval_EvalFrameDefault in /lib/x86_64-linux-gnu/libpython3.12.so.1.0
28# PyEval_EvalCode in /lib/x86_64-linux-gnu/libpython3.12.so.1.0
29# 0x00000000002FB228 in /lib/x86_64-linux-gnu/libpython3.12.so.1.0
30# 0x00000000002FB34C in /lib/x86_64-linux-gnu/libpython3.12.so.1.0
31# _PyRun_SimpleFileObject in /lib/x86_64-linux-gnu/libpython3.12.so.1.0
32# _PyRun_AnyFileObject in /lib/x86_64-linux-gnu/libpython3.12.so.1.0
33# 0x0000000000325EC1 in /lib/x86_64-linux-gnu/libpython3.12.so.1.0
34# Py_RunMain in /lib/x86_64-linux-gnu/libpython3.12.so.1.0
35# main in openroad
36# 0x000000000002A1CA in /lib/x86_64-linux-gnu/libc.so.6
37# __libc_start_main in /lib/x86_64-linux-gnu/libc.so.6
38# _start in openroad
