OpenROAD 26Q2-1164-g08f67ee5ec 
Features included (+) or not (-): +GPU +GUI +Python
This program is licensed under the BSD-3 license. See the LICENSE file for details.
Components of this program may be licensed under more restrictive licenses which must be honored.
[INFO ORD-0030] Using 4 thread(s).
mkdir -p ./objects/nangate45/s9234f/phase0c_f3e7b516a_s11_k4_J50_ff36b5aa_7f655d61
/root/pact-deps/OpenROAD-flow-scripts/flow/scripts/flow.sh 4_1_cts cts
Running cts.tcl, stage 4_1_cts
read_liberty /root/pact-deps/OpenROAD-flow-scripts/flow/platforms/nangate45/lib/NangateOpenCellLibrary_typical.lib
read_db ./results/nangate45/s9234f/phase0c_f3e7b516a_s11_k4_J50_ff36b5aa_7f655d61/3_place.odb
read_sdc ./results/nangate45/s9234f/phase0c_f3e7b516a_s11_k4_J50_ff36b5aa_7f655d61/3_place.sdc
source /root/pact-deps/OpenROAD-flow-scripts/flow/platforms/nangate45/setRC.tcl
clock_tree_synthesis -sink_clustering_enable -repair_clock_nets
[INFO CTS-0050] Root buffer is CLKBUF_X3.
[INFO CTS-0051] Sink buffer is CLKBUF_X3.
[INFO CTS-0052] The following clock buffers will be used for CTS:
                    CLKBUF_X3
[INFO CTS-0049] Characterization buffer is CLKBUF_X3.
[INFO CTS-0007] Net "CK" found for clock "clk".
[INFO CTS-0010]  Clock net "CK" has 211 sinks.
[INFO CTS-0008] TritonCTS found 1 clock nets.
[INFO CTS-0097] Characterization used 1 buffer(s) types.
[INFO CTS-0201] 0 blockages from hard placement blockages and placed macros will be used.
[INFO CTS-0027] Generating H-Tree topology for net CK.
[INFO CTS-0028]  Total number of sinks: 211.
[INFO CTS-0090]  Sinks will be clustered based on buffer max cap.
[INFO CTS-0030]  Number of static layers: 0.
[INFO CTS-0020]  Wire segment unit: 14000  dbu (7 um).
[INFO CTS-0206] Best clustering solution was found from max clustering size of 8 and max clustering diameter of 39.
[INFO CTS-0019]  Total number of sinks after clustering: 33.
[INFO CTS-0024]  Normalized sink region: [(2.74219, 1.7898), (12.9744, 13.2029)].
[INFO CTS-0025]     Width:  10.2322.
[INFO CTS-0026]     Height: 11.4131.
 Level 1
    Direction: Vertical
    Sinks per sub-region: 17
    Sub-region size: 10.2322 X 5.7065
[INFO CTS-0034]     Segment length (rounded): 2.
 Level 2
    Direction: Horizontal
    Sinks per sub-region: 9
    Sub-region size: 5.1161 X 5.7065
[INFO CTS-0034]     Segment length (rounded): 2.
[INFO CTS-0032]  Stop criterion found. Max number of sinks is 15.
[INFO CTS-0035]  Number of sinks covered: 33.
[INFO CTS-0018]     Created 38 clock buffers.
[INFO CTS-0012]     Minimum number of buffers in the clock path: 3.
[INFO CTS-0013]     Maximum number of buffers in the clock path: 3.
[INFO CTS-0015]     Created 38 clock nets.
[INFO CTS-0016]     Fanout distribution for the current clock = 5:7, 6:10, 7:14, 8:4, 9:1, 10:1..
[INFO CTS-0017]     Max level of the clock tree: 2.
[INFO CTS-0098] Clock net "CK"
[INFO CTS-0099]  Sinks 242
[INFO CTS-0100]  Leaf buffers 33
[INFO CTS-0101]  Average sink wire length 139.06 um
[INFO CTS-0102]  Path depth 2 - 3
[INFO CTS-0207]  Dummy loads inserted 31
estimate_parasitics -placement
detailed_placement
[INFO DPL-0006] Core area: 10208.02 um^2, Instances area: 3604.57 um^2, Utilization: 35.3%
[INFO DPL-0005] Diamond search max displacement: +/- 500 sites horizontally, +/- 100 rows vertically.
[INFO DPL-1101] Legalizing using diamond search.
Movements Summary
---------------------------------------
Total cells:                    2613
Diamond Move Success:           2613 (100.00%)
Diamond Move Failure:              0
Rip-up and replace Success:        0 (  0.00% of diamond failures)
Rip-up and replace Failure:        0
Total Placement Failures:          0
---------------------------------------
Placement Analysis
---------------------------------
total displacement         89.6 u
average displacement        0.0 u
max displacement            2.6 u
original HPWL           33700.4 u
legalized HPWL          33735.2 u
delta HPWL                    0 %

estimate_parasitics -placement
repair_timing -setup_margin 0 -hold_margin 0 -repair_tns 100 -verbose
[INFO RSZ-0100] Repair move sequence: UnbufferMove SizeUpMove SwapPinsMove BufferMove CloneMove SplitLoadMove 
[INFO RSZ-0098] No setup violations found
[INFO RSZ-0046] Found 58 endpoints with hold violations.
Iteration | Resized | Buffers | Cloned Gates |   Area   |   WNS   |   TNS   | Endpoint
--------------------------------------------------------------------------------------
        0 |       0 |       0 |            0 |    +0.0% |  -0.093 |  -1.888 | U_g666/D
       10 |       0 |      18 |            0 |    +0.4% |  -0.078 |  -1.323 | U_g687/D
       20 |       0 |      32 |            0 |    +0.7% |  -0.040 |  -0.315 | U_g666/D
       30 |       0 |      32 |            0 |    +0.7% |  -0.040 |  -0.315 | U_g666/D
       40 |       0 |      32 |            0 |    +0.7% |  -0.040 |  -0.315 | U_g666/D
       50 |       0 |      35 |            0 |    +0.8% |  -0.040 |  -0.243 | U_g666/D
       60 |       0 |      38 |            0 |    +0.8% |  -0.030 |  -0.194 | U_g698/D
    final |       0 |      50 |            0 |    +1.1% |   0.000 |   0.000 | U_g11/D
--------------------------------------------------------------------------------------
[INFO RSZ-0032] Inserted 50 hold buffers.
detailed_placement
[INFO DPL-0006] Core area: 10208.02 um^2, Instances area: 3644.47 um^2, Utilization: 35.7%
[INFO DPL-0005] Diamond search max displacement: +/- 500 sites horizontally, +/- 100 rows vertically.
[INFO DPL-1101] Legalizing using diamond search.
Movements Summary
---------------------------------------
Total cells:                    2663
Diamond Move Success:           2663 (100.00%)
Diamond Move Failure:              0
Rip-up and replace Success:        0 (  0.00% of diamond failures)
Rip-up and replace Failure:        0
Total Placement Failures:          0
---------------------------------------
Placement Analysis
---------------------------------
total displacement         82.3 u
average displacement        0.0 u
max displacement            3.0 u
original HPWL           33802.6 u
legalized HPWL          33865.2 u
delta HPWL                    0 %

estimate_parasitics -placement
Report metrics stage 4, cts final...

==========================================================================
cts final report_design_area
--------------------------------------------------------------------------
Design area 3644 um^2 36% utilization.
write_db ./results/nangate45/s9234f/phase0c_f3e7b516a_s11_k4_J50_ff36b5aa_7f655d61/4_1_cts.odb
write_sdc -no_timestamp ./results/nangate45/s9234f/phase0c_f3e7b516a_s11_k4_J50_ff36b5aa_7f655d61/4_cts.sdc
Log                       Ext     Elapsed/s Peak Memory/MB sha1sum result [0:20)
4_1_cts                   .odb            4            159 8008f17f89a7fc07aca7
cp ./results/nangate45/s9234f/phase0c_f3e7b516a_s11_k4_J50_ff36b5aa_7f655d61/4_1_cts.odb ./results/nangate45/s9234f/phase0c_f3e7b516a_s11_k4_J50_ff36b5aa_7f655d61/4_cts.odb
/root/pact-deps/OpenROAD-flow-scripts/flow/scripts/flow.sh 5_1_grt global_route
Running global_route.tcl, stage 5_1_grt
read_liberty /root/pact-deps/OpenROAD-flow-scripts/flow/platforms/nangate45/lib/NangateOpenCellLibrary_typical.lib
read_db ./results/nangate45/s9234f/phase0c_f3e7b516a_s11_k4_J50_ff36b5aa_7f655d61/4_cts.odb
read_sdc ./results/nangate45/s9234f/phase0c_f3e7b516a_s11_k4_J50_ff36b5aa_7f655d61/4_cts.sdc
source /root/pact-deps/OpenROAD-flow-scripts/flow/platforms/nangate45/setRC.tcl
pin_access
[INFO DRT-0149] Reading tech and libs.

Units:                2000
Number of layers:     21
Number of macros:     135
Number of vias:       33
Number of viarulegen: 19

[INFO DRT-0150] Reading design.

Design:                   s9234f
Die area:                 ( 0 0 ) ( 206880 206880 )
Number of track patterns: 20
Number of DEF vias:       0
Number of components:     2807
Number of terminals:      87
Number of snets:          2
Number of nets:           2674

[INFO DRT-0167] List of default vias:
  Layer via2
    default via: via2_5
  Layer via3
    default via: via3_2
  Layer via4
    default via: via4_0
  Layer via5
    default via: via5_0
  Layer via6
    default via: via6_0
  Layer via7
    default via: via7_0
  Layer via8
    default via: via8_0
  Layer via9
    default via: via9_0
[INFO DRT-0162] Library cell analysis.
[INFO DRT-0163] Instance analysis.
[INFO DRT-0164] Number of unique instances = 47.
[INFO DRT-0168] Init region query.
[INFO DRT-0024]   Complete active.
[INFO DRT-0024]   Complete Fr_VIA.
[INFO DRT-0024]   Complete metal1.
[INFO DRT-0024]   Complete via1.
[INFO DRT-0024]   Complete metal2.
[INFO DRT-0024]   Complete via2.
[INFO DRT-0024]   Complete metal3.
[INFO DRT-0024]   Complete via3.
[INFO DRT-0024]   Complete metal4.
[INFO DRT-0024]   Complete via4.
[INFO DRT-0024]   Complete metal5.
[INFO DRT-0024]   Complete via5.
[INFO DRT-0024]   Complete metal6.
[INFO DRT-0024]   Complete via6.
[INFO DRT-0024]   Complete metal7.
[INFO DRT-0024]   Complete via7.
[INFO DRT-0024]   Complete metal8.
[INFO DRT-0024]   Complete via8.
[INFO DRT-0024]   Complete metal9.
[INFO DRT-0024]   Complete via9.
[INFO DRT-0024]   Complete metal10.
[INFO DRT-0033] active shape region query size = 0.
[INFO DRT-0033] FR_VIA shape region query size = 0.
[INFO DRT-0033] metal1 shape region query size = 42667.
[INFO DRT-0033] via1 shape region query size = 438.
[INFO DRT-0033] metal2 shape region query size = 292.
[INFO DRT-0033] via2 shape region query size = 438.
[INFO DRT-0033] metal3 shape region query size = 292.
[INFO DRT-0033] via3 shape region query size = 438.
[INFO DRT-0033] metal4 shape region query size = 164.
[INFO DRT-0033] via4 shape region query size = 140.
[INFO DRT-0033] metal5 shape region query size = 68.
[INFO DRT-0033] via5 shape region query size = 140.
[INFO DRT-0033] metal6 shape region query size = 73.
[INFO DRT-0033] via6 shape region query size = 56.
[INFO DRT-0033] metal7 shape region query size = 28.
[INFO DRT-0033] via7 shape region query size = 0.
[INFO DRT-0033] metal8 shape region query size = 0.
[INFO DRT-0033] via8 shape region query size = 0.
[INFO DRT-0033] metal9 shape region query size = 0.
[INFO DRT-0033] via9 shape region query size = 0.
[INFO DRT-0033] metal10 shape region query size = 0.
[INFO DRT-0165] Start pin access.
[INFO DRT-0078]   Complete 240 pins.
[INFO DRT-0081]   Complete 47 unique inst patterns.
[INFO DRT-0084]   Complete 1551 groups.
#scanned instances     = 2807
#unique  instances     = 47
#stdCellGenAp          = 1027
#stdCellValidPlanarAp  = 0
#stdCellValidViaAp     = 825
#stdCellPinNoAp        = 0
#stdCellPinCnt         = 8137
#instTermValidViaApCnt = 0
#macroGenAp            = 0
#macroValidPlanarAp    = 0
#macroValidViaAp       = 0
#macroNoAp             = 0
[INFO DRT-0166] Complete pin access.
[INFO DRT-0267] cpu time = 00:00:29, elapsed time = 00:00:06, memory = 119.27 (MB), peak = 118.98 (MB)
Took 7 seconds: pin_access
set_global_routing_random -seed 11
global_route -congestion_report_file ./reports/nangate45/s9234f/phase0c_f3e7b516a_s11_k4_J50_ff36b5aa_7f655d61/congestion.rpt -congestion_iterations 30 -congestion_report_iter_step 5 -verbose
[INFO GRT-0020] Min routing layer: metal2
[INFO GRT-0021] Max routing layer: metal10
[INFO GRT-0022] Global adjustment: 0%
[INFO GRT-0023] Grid origin: (0, 0)
[INFO GRT-0088] Layer metal1  Track-Pitch = 0.1400  line-2-Via Pitch: 0.1350
[INFO GRT-0088] Layer metal2  Track-Pitch = 0.1900  line-2-Via Pitch: 0.1400
[INFO GRT-0088] Layer metal3  Track-Pitch = 0.1400  line-2-Via Pitch: 0.1400
[INFO GRT-0088] Layer metal4  Track-Pitch = 0.2800  line-2-Via Pitch: 0.2800
[INFO GRT-0088] Layer metal5  Track-Pitch = 0.2800  line-2-Via Pitch: 0.2800
[INFO GRT-0088] Layer metal6  Track-Pitch = 0.2800  line-2-Via Pitch: 0.2800
[INFO GRT-0088] Layer metal7  Track-Pitch = 0.8000  line-2-Via Pitch: 0.8000
[INFO GRT-0088] Layer metal8  Track-Pitch = 0.8000  line-2-Via Pitch: 0.8000
[INFO GRT-0088] Layer metal9  Track-Pitch = 1.6000  line-2-Via Pitch: 1.6000
[INFO GRT-0088] Layer metal10 Track-Pitch = 1.6000  line-2-Via Pitch: 1.6000
[INFO GRT-0003] Macros: 0
[INFO GRT-0004] Blockages: 0
[INFO GRT-0019] Found 39 clock nets.
[INFO GRT-0001] Minimum degree: 2
[INFO GRT-0002] Maximum degree: 63

[INFO GRT-0053] Routing resources analysis:
          Routing      Original      Derated      Resource
Layer     Direction    Resources     Resources    Reduction (%)
---------------------------------------------------------------
metal1     Horizontal          0             0          0.00%
metal2     Vertical        18585          8750          52.92%
metal3     Horizontal      25711         12607          50.97%
metal4     Vertical        12600          8890          29.44%
metal5     Horizontal      12839          9040          29.59%
metal6     Vertical        12882          9077          29.54%
metal7     Horizontal       3920          2800          28.57%
metal8     Vertical         4480          3220          28.12%
metal9     Horizontal       2240          1260          43.75%
metal10    Vertical         2240          1260          43.75%
---------------------------------------------------------------

[INFO GRT-0197] Via related to pin nodes: 15531
[INFO GRT-0198] Via related Steiner nodes: 348
[INFO GRT-0199] Via filling finished.
[INFO GRT-0111] Final number of vias: 20221
[INFO GRT-0112] Final usage 3D: 73824

[INFO GRT-0096] Final congestion report:
Layer         Resource        Demand        Usage (%)    Max H / Max V / Total Overflow
---------------------------------------------------------------------------------------
metal1               0             0            0.00%             0 /  0 /  0
metal2            8750          4749           54.27%             0 /  0 /  0
metal3           12607          5462           43.33%             0 /  0 /  0
metal4            8890          1664           18.72%             0 /  0 /  0
metal5            9040           961           10.63%             0 /  0 /  0
metal6            9077           300            3.31%             0 /  0 /  0
metal7            2800            25            0.89%             0 /  0 /  0
metal8            3220             0            0.00%             0 /  0 /  0
metal9            1260             0            0.00%             0 /  0 /  0
metal10           1260             0            0.00%             0 /  0 /  0
---------------------------------------------------------------------------------------
Total            56904         13161           23.13%             0 /  0 /  0

[INFO GRT-0018] Total wirelength: 57256 um
[INFO GRT-0014] Routed nets: 2674
[INFO GRT-0303] Global routing runtime = 00:00:00
estimate_parasitics -global_routing
Perform buffer insertion and gate resizing...
repair_design -verbose
Iteration |   Area    | Resized | Buffers | Nets repaired | Remaining
---------------------------------------------------------------------
        0 |     +0.0% |       0 |       0 |             0 |      2916
       10 |     +0.0% |       0 |       0 |             0 |      2906
       20 |     +0.0% |       0 |       0 |             0 |      2896
       30 |     +0.0% |       0 |       0 |             0 |      2886
       40 |     +0.0% |       0 |       0 |             0 |      2876
       50 |     +0.0% |       0 |       0 |             0 |      2866
       60 |     +0.0% |       0 |       0 |             0 |      2856
       70 |     +0.0% |       0 |       0 |             0 |      2846
       80 |     +0.0% |       0 |       0 |             0 |      2836
       90 |     +0.0% |       0 |       0 |             0 |      2826
      100 |     +0.0% |       0 |       0 |             0 |      2816
      110 |     +0.0% |       0 |       0 |             0 |      2806
      120 |     +0.0% |       0 |       0 |             0 |      2796
      130 |     +0.0% |       0 |       0 |             0 |      2786
      140 |     +0.0% |       0 |       0 |             0 |      2776
      150 |     +0.0% |       0 |       0 |             0 |      2766
      160 |     +0.0% |       0 |       0 |             0 |      2756
      170 |     +0.0% |       0 |       0 |             0 |      2746
      180 |     +0.0% |       0 |       0 |             0 |      2736
      190 |     +0.0% |       0 |       0 |             0 |      2726
      200 |     +0.0% |       0 |       0 |             0 |      2716
      210 |     +0.0% |       0 |       0 |             0 |      2706
      220 |     +0.0% |       0 |       0 |             0 |      2696
      230 |     +0.0% |       0 |       0 |             0 |      2686
      240 |     +0.0% |       0 |       0 |             0 |      2676
      250 |     +0.0% |       0 |       0 |             0 |      2666
      260 |     +0.0% |       0 |       0 |             0 |      2656
      270 |     +0.0% |       0 |       0 |             0 |      2646
      280 |     +0.0% |       0 |       0 |             0 |      2636
      290 |     +0.0% |       0 |       0 |             0 |      2626
      300 |     +0.0% |       0 |       0 |             0 |      2616
      310 |     +0.0% |       0 |       0 |             0 |      2606
      320 |     +0.0% |       0 |       0 |             0 |      2596
      330 |     +0.0% |       0 |       0 |             0 |      2586
      340 |     +0.0% |       0 |       0 |             0 |      2576
      350 |     +0.0% |       0 |       0 |             0 |      2566
      360 |     +0.0% |       0 |       0 |             0 |      2556
      370 |     +0.0% |       0 |       0 |             0 |      2546
      380 |     +0.0% |       0 |       0 |             0 |      2536
      390 |     +0.0% |       0 |       0 |             0 |      2526
      400 |     +0.0% |       0 |       0 |             0 |      2516
      410 |     +0.0% |       0 |       0 |             0 |      2506
      420 |     +0.0% |       0 |       0 |             0 |      2496
      430 |     +0.0% |       0 |       0 |             0 |      2486
      440 |     +0.0% |       0 |       0 |             0 |      2476
      450 |     +0.0% |       0 |       0 |             0 |      2466
      460 |     +0.0% |       0 |       0 |             0 |      2456
      470 |     +0.0% |       0 |       0 |             0 |      2446
      480 |     +0.0% |       0 |       0 |             0 |      2436
      490 |     +0.0% |       0 |       0 |             0 |      2426
      500 |     +0.0% |       0 |       0 |             0 |      2416
      510 |     +0.0% |       0 |       0 |             0 |      2406
      520 |     +0.0% |       0 |       0 |             0 |      2396
      530 |     +0.0% |       0 |       0 |             0 |      2386
      540 |     +0.0% |       0 |       0 |             0 |      2376
      550 |     +0.0% |       0 |       0 |             0 |      2366
      560 |     +0.0% |       0 |       0 |             0 |      2356
      570 |     +0.0% |       0 |       0 |             0 |      2346
      580 |     +0.0% |       0 |       0 |             0 |      2336
      590 |     +0.0% |       0 |       0 |             0 |      2326
      600 |     +0.0% |       0 |       0 |             0 |      2316
      610 |     +0.0% |       0 |       0 |             0 |      2306
      620 |     +0.0% |       0 |       0 |             0 |      2296
      630 |     +0.0% |       0 |       0 |             0 |      2286
      640 |     +0.0% |       0 |       0 |             0 |      2276
      650 |     +0.0% |       0 |       0 |             0 |      2266
      660 |     +0.0% |       0 |       0 |             0 |      2256
      670 |     +0.0% |       0 |       0 |             0 |      2246
      680 |     +0.0% |       0 |       0 |             0 |      2236
      690 |     +0.0% |       0 |       0 |             0 |      2226
      700 |     +0.0% |       0 |       0 |             0 |      2216
      710 |     +0.0% |       0 |       0 |             0 |      2206
      720 |     +0.0% |       0 |       0 |             0 |      2196
      730 |     +0.0% |       0 |       0 |             0 |      2186
      740 |     +0.0% |       0 |       0 |             0 |      2176
      750 |     +0.0% |       0 |       0 |             0 |      2166
      760 |     +0.0% |       0 |       0 |             0 |      2156
      770 |     +0.0% |       0 |       0 |             0 |      2146
      780 |     +0.0% |       0 |       0 |             0 |      2136
      790 |     +0.0% |       0 |       0 |             0 |      2126
      800 |     +0.0% |       0 |       0 |             0 |      2116
      810 |     +0.0% |       0 |       0 |             0 |      2106
      820 |     +0.0% |       0 |       0 |             0 |      2096
      830 |     +0.0% |       0 |       0 |             0 |      2086
      840 |     +0.0% |       0 |       0 |             0 |      2076
      850 |     +0.0% |       0 |       0 |             0 |      2066
      860 |     +0.0% |       0 |       0 |             0 |      2056
      870 |     +0.0% |       0 |       0 |             0 |      2046
      880 |     +0.0% |       0 |       0 |             0 |      2036
      890 |     +0.0% |       0 |       0 |             0 |      2026
      900 |     +0.0% |       0 |       0 |             0 |      2016
      910 |     +0.0% |       0 |       0 |             0 |      2006
      920 |     +0.0% |       0 |       0 |             0 |      1996
      930 |     +0.0% |       0 |       0 |             0 |      1986
      940 |     +0.0% |       0 |       0 |             0 |      1976
      950 |     +0.0% |       0 |       0 |             0 |      1966
      960 |     +0.0% |       0 |       0 |             0 |      1956
      970 |     +0.0% |       0 |       0 |             0 |      1946
      980 |     +0.0% |       0 |       0 |             0 |      1936
      990 |     +0.0% |       0 |       0 |             0 |      1926
     1000 |     +0.0% |       0 |       0 |             0 |      1916
     1010 |     +0.0% |       0 |       0 |             0 |      1906
     1020 |     +0.0% |       0 |       0 |             0 |      1896
     1030 |     +0.0% |       0 |       0 |             0 |      1886
     1040 |     +0.0% |       0 |       0 |             0 |      1876
     1050 |     +0.0% |       0 |       0 |             0 |      1866
     1060 |     +0.0% |       0 |       0 |             0 |      1856
     1070 |     +0.0% |       0 |       0 |             0 |      1846
     1080 |     +0.0% |       0 |       0 |             0 |      1836
     1090 |     +0.0% |       0 |       0 |             0 |      1826
     1100 |     +0.0% |       0 |       0 |             0 |      1816
     1110 |     +0.0% |       0 |       0 |             0 |      1806
     1120 |     +0.0% |       0 |       0 |             0 |      1796
     1130 |     +0.0% |       0 |       0 |             0 |      1786
     1140 |     +0.0% |       0 |       0 |             0 |      1776
     1150 |     +0.0% |       0 |       0 |             0 |      1766
     1160 |     +0.0% |       0 |       0 |             0 |      1756
     1170 |     +0.0% |       0 |       0 |             0 |      1746
     1180 |     +0.0% |       0 |       0 |             0 |      1736
     1190 |     +0.0% |       0 |       0 |             0 |      1726
     1200 |     +0.0% |       0 |       0 |             0 |      1716
     1210 |     +0.0% |       0 |       0 |             0 |      1706
     1220 |     +0.0% |       0 |       0 |             0 |      1696
     1230 |     +0.0% |       0 |       0 |             0 |      1686
     1240 |     +0.0% |       0 |       0 |             0 |      1676
     1250 |     +0.0% |       0 |       0 |             0 |      1666
     1260 |     +0.0% |       0 |       0 |             0 |      1656
     1270 |     +0.0% |       0 |       0 |             0 |      1646
     1280 |     +0.0% |       0 |       0 |             0 |      1636
     1290 |     +0.0% |       0 |       0 |             0 |      1626
     1300 |     +0.0% |       0 |       0 |             0 |      1616
     1310 |     +0.0% |       0 |       0 |             0 |      1606
     1320 |     +0.0% |       0 |       0 |             0 |      1596
     1330 |     +0.0% |       0 |       0 |             0 |      1586
     1340 |     +0.0% |       0 |       0 |             0 |      1576
     1350 |     +0.0% |       0 |       0 |             0 |      1566
     1360 |     +0.0% |       0 |       0 |             0 |      1556
     1370 |     +0.0% |       0 |       0 |             0 |      1546
     1380 |     +0.0% |       0 |       0 |             0 |      1536
     1390 |     +0.0% |       0 |       0 |             0 |      1526
     1400 |     +0.0% |       0 |       0 |             0 |      1516
     1410 |     +0.0% |       0 |       0 |             0 |      1506
     1420 |     +0.0% |       0 |       0 |             0 |      1496
     1430 |     +0.0% |       0 |       0 |             0 |      1486
     1440 |     +0.0% |       0 |       0 |             0 |      1476
     1450 |     +0.0% |       0 |       0 |             0 |      1466
     1460 |     +0.0% |       0 |       0 |             0 |      1456
     1470 |     +0.0% |       0 |       0 |             0 |      1446
     1480 |     +0.0% |       0 |       0 |             0 |      1436
     1490 |     +0.0% |       0 |       0 |             0 |      1426
     1500 |     +0.0% |       0 |       0 |             0 |      1416
     1510 |     +0.0% |       0 |       0 |             0 |      1406
     1520 |     +0.0% |       0 |       0 |             0 |      1396
     1530 |     +0.0% |       0 |       0 |             0 |      1386
     1540 |     +0.0% |       0 |       0 |             0 |      1376
     1550 |     +0.0% |       0 |       0 |             0 |      1366
     1560 |     +0.0% |       0 |       0 |             0 |      1356
     1570 |     +0.0% |       0 |       0 |             0 |      1346
     1580 |     +0.0% |       0 |       0 |             0 |      1336
     1590 |     +0.0% |       0 |       0 |             0 |      1326
     1600 |     +0.0% |       0 |       0 |             0 |      1316
     1610 |     +0.0% |       0 |       0 |             0 |      1306
     1620 |     +0.0% |       0 |       0 |             0 |      1296
     1630 |     +0.0% |       0 |       0 |             0 |      1286
     1640 |     +0.0% |       0 |       0 |             0 |      1276
     1650 |     +0.0% |       0 |       0 |             0 |      1266
     1660 |     +0.0% |       0 |       0 |             0 |      1256
     1670 |     +0.0% |       0 |       0 |             0 |      1246
     1680 |     +0.0% |       0 |       0 |             0 |      1236
     1690 |     +0.0% |       0 |       0 |             0 |      1226
     1700 |     +0.0% |       0 |       0 |             0 |      1216
     1710 |     +0.0% |       0 |       0 |             0 |      1206
     1720 |     +0.0% |       0 |       0 |             0 |      1196
     1730 |     +0.0% |       0 |       0 |             0 |      1186
     1740 |     +0.0% |       0 |       0 |             0 |      1176
     1750 |     +0.0% |       0 |       0 |             0 |      1166
     1760 |     +0.0% |       0 |       0 |             0 |      1156
     1770 |     +0.0% |       0 |       0 |             0 |      1146
     1780 |     +0.0% |       0 |       0 |             0 |      1136
     1790 |     +0.0% |       0 |       0 |             0 |      1126
     1800 |     +0.0% |       0 |       0 |             0 |      1116
     1810 |     +0.0% |       0 |       0 |             0 |      1106
     1820 |     +0.0% |       0 |       0 |             0 |      1096
     1830 |     +0.0% |       0 |       0 |             0 |      1086
     1840 |     +0.0% |       0 |       0 |             0 |      1076
     1850 |     +0.0% |       0 |       0 |             0 |      1066
     1860 |     +0.0% |       0 |       0 |             0 |      1056
     1870 |     +0.0% |       0 |       0 |             0 |      1046
     1880 |     +0.0% |       0 |       0 |             0 |      1036
     1890 |     +0.0% |       0 |       0 |             0 |      1026
     1900 |     +0.0% |       0 |       0 |             0 |      1016
     1910 |     +0.0% |       0 |       0 |             0 |      1006
     1920 |     +0.0% |       0 |       0 |             0 |       996
     1930 |     +0.0% |       0 |       0 |             0 |       986
     1940 |     +0.0% |       0 |       0 |             0 |       976
     1950 |     +0.0% |       0 |       0 |             0 |       966
     1960 |     +0.0% |       0 |       0 |             0 |       956
     1970 |     +0.0% |       0 |       0 |             0 |       946
     1980 |     +0.0% |       0 |       0 |             0 |       936
     1990 |     +0.0% |       0 |       0 |             0 |       926
     2000 |     +0.0% |       0 |       0 |             0 |       916
     2010 |     +0.0% |       0 |       0 |             0 |       906
     2020 |     +0.0% |       0 |       0 |             0 |       896
     2030 |     +0.0% |       0 |       0 |             0 |       886
     2040 |     +0.0% |       0 |       0 |             0 |       876
     2050 |     +0.0% |       0 |       0 |             0 |       866
     2060 |     +0.0% |       0 |       0 |             0 |       856
     2070 |     +0.0% |       0 |       0 |             0 |       846
     2080 |     +0.0% |       0 |       0 |             0 |       836
     2090 |     +0.0% |       0 |       0 |             0 |       826
     2100 |     +0.0% |       0 |       0 |             0 |       816
     2110 |     +0.0% |       0 |       0 |             0 |       806
     2120 |     +0.0% |       0 |       0 |             0 |       796
     2130 |     +0.0% |       0 |       0 |             0 |       786
     2140 |     +0.0% |       0 |       0 |             0 |       776
     2150 |     +0.0% |       0 |       0 |             0 |       766
     2160 |     +0.0% |       0 |       0 |             0 |       756
     2170 |     +0.0% |       0 |       0 |             0 |       746
     2180 |     +0.0% |       0 |       0 |             0 |       736
     2190 |     +0.0% |       0 |       0 |             0 |       726
     2200 |     +0.0% |       0 |       0 |             0 |       716
     2210 |     +0.0% |       0 |       0 |             0 |       706
     2220 |     +0.0% |       0 |       0 |             0 |       696
     2230 |     +0.0% |       0 |       0 |             0 |       686
     2240 |     +0.0% |       0 |       0 |             0 |       676
     2250 |     +0.0% |       0 |       0 |             0 |       666
     2260 |     +0.0% |       0 |       0 |             0 |       656
     2270 |     +0.0% |       0 |       0 |             0 |       646
     2280 |     +0.0% |       0 |       0 |             0 |       636
     2290 |     +0.0% |       0 |       0 |             0 |       626
     2300 |     +0.0% |       0 |       0 |             0 |       616
     2310 |     +0.0% |       0 |       0 |             0 |       606
     2320 |     +0.0% |       0 |       0 |             0 |       596
     2330 |     +0.0% |       0 |       0 |             0 |       586
     2340 |     +0.0% |       0 |       0 |             0 |       576
     2350 |     +0.0% |       0 |       0 |             0 |       566
     2360 |     +0.0% |       0 |       0 |             0 |       556
     2370 |     +0.0% |       0 |       0 |             0 |       546
     2380 |     +0.0% |       0 |       0 |             0 |       536
     2390 |     +0.0% |       0 |       0 |             0 |       526
     2400 |     +0.0% |       0 |       0 |             0 |       516
     2410 |     +0.0% |       0 |       0 |             0 |       506
     2420 |     +0.0% |       0 |       0 |             0 |       496
     2430 |     +0.0% |       0 |       0 |             0 |       486
     2440 |     +0.0% |       0 |       0 |             0 |       476
     2450 |     +0.0% |       0 |       0 |             0 |       466
     2460 |     +0.0% |       0 |       0 |             0 |       456
     2470 |     +0.0% |       0 |       0 |             0 |       446
     2480 |     +0.0% |       0 |       0 |             0 |       436
     2490 |     +0.0% |       0 |       0 |             0 |       426
     2500 |     +0.0% |       0 |       0 |             0 |       416
     2510 |     +0.0% |       0 |       0 |             0 |       406
     2520 |     +0.0% |       0 |       0 |             0 |       396
     2530 |     +0.0% |       0 |       0 |             0 |       386
     2540 |     +0.0% |       0 |       0 |             0 |       376
     2550 |     +0.0% |       0 |       0 |             0 |       366
     2560 |     +0.0% |       0 |       0 |             0 |       356
     2570 |     +0.0% |       0 |       0 |             0 |       346
     2580 |     +0.0% |       0 |       0 |             0 |       336
     2590 |     +0.0% |       0 |       0 |             0 |       326
     2600 |     +0.0% |       0 |       0 |             0 |       316
     2610 |     +0.0% |       0 |       0 |             0 |       306
     2620 |     +0.0% |       0 |       0 |             0 |       296
     2630 |     +0.0% |       0 |       0 |             0 |       286
     2640 |     +0.0% |       0 |       0 |             0 |       276
     2650 |     +0.0% |       0 |       0 |             0 |       266
     2660 |     +0.0% |       0 |       0 |             0 |       256
     2670 |     +0.0% |       0 |       0 |             0 |       246
     2680 |     +0.0% |       0 |       0 |             0 |       236
     2690 |     +0.0% |       0 |       0 |             0 |       226
     2700 |     +0.0% |       0 |       0 |             0 |       216
     2710 |     +0.0% |       0 |       0 |             0 |       206
     2720 |     +0.0% |       0 |       0 |             0 |       196
     2730 |     +0.0% |       0 |       0 |             0 |       186
     2740 |     +0.0% |       0 |       0 |             0 |       176
     2750 |     +0.0% |       0 |       0 |             0 |       166
     2760 |     +0.0% |       0 |       0 |             0 |       156
     2770 |     +0.0% |       0 |       0 |             0 |       146
     2780 |     +0.0% |       0 |       0 |             0 |       136
     2790 |     +0.0% |       0 |       0 |             0 |       126
     2800 |     +0.0% |       0 |       0 |             0 |       116
     2810 |     +0.0% |       0 |       0 |             0 |       106
     2820 |     +0.0% |       0 |       0 |             0 |        96
     2830 |     +0.0% |       0 |       0 |             0 |        86
     2840 |     +0.0% |       0 |       0 |             0 |        76
     2850 |     +0.0% |       0 |       0 |             0 |        66
     2860 |     +0.0% |       0 |       0 |             0 |        56
     2870 |     +0.0% |       0 |       0 |             0 |        46
     2880 |     +0.0% |       0 |       0 |             0 |        36
     2890 |     +0.0% |       0 |       0 |             0 |        26
     2900 |     +0.0% |       0 |       0 |             0 |        16
     2910 |     +0.0% |       0 |       0 |             0 |         6
    final |     +0.0% |       0 |       0 |             0 |         0
---------------------------------------------------------------------
global_route -start_incremental
detailed_placement
[INFO DPL-0006] Core area: 10208.02 um^2, Instances area: 3644.47 um^2, Utilization: 35.7%
[INFO DPL-0005] Diamond search max displacement: +/- 500 sites horizontally, +/- 100 rows vertically.
[INFO DPL-1101] Legalizing using diamond search.
Movements Summary
---------------------------------------
Total cells:                    2663
Diamond Move Success:           2663 (100.00%)
Diamond Move Failure:              0
Rip-up and replace Success:        0 (  0.00% of diamond failures)
Rip-up and replace Failure:        0
Total Placement Failures:          0
---------------------------------------
Placement Analysis
---------------------------------
total displacement          0.0 u
average displacement        0.0 u
max displacement            0.0 u
original HPWL           33865.2 u
legalized HPWL          33865.2 u
delta HPWL                    0 %

global_route -end_incremental -congestion_report_file ./reports/nangate45/s9234f/phase0c_f3e7b516a_s11_k4_J50_ff36b5aa_7f655d61/congestion_post_repair_design.rpt
Repair setup and hold violations...
estimate_parasitics -global_routing
repair_timing -setup_margin 0 -hold_margin 0 -repair_tns 100 -verbose
[INFO RSZ-0100] Repair move sequence: UnbufferMove SizeUpMove SwapPinsMove BufferMove CloneMove SplitLoadMove 
[INFO RSZ-0098] No setup violations found
[INFO RSZ-0033] No hold violations found.
global_route -start_incremental
detailed_placement
[INFO DPL-0006] Core area: 10208.02 um^2, Instances area: 3644.47 um^2, Utilization: 35.7%
[INFO DPL-0005] Diamond search max displacement: +/- 500 sites horizontally, +/- 100 rows vertically.
[INFO DPL-1101] Legalizing using diamond search.
Movements Summary
---------------------------------------
Total cells:                    2663
Diamond Move Success:           2663 (100.00%)
Diamond Move Failure:              0
Rip-up and replace Success:        0 (  0.00% of diamond failures)
Rip-up and replace Failure:        0
Total Placement Failures:          0
---------------------------------------
Placement Analysis
---------------------------------
total displacement          0.0 u
average displacement        0.0 u
max displacement            0.0 u
original HPWL           33865.2 u
legalized HPWL          33865.2 u
delta HPWL                    0 %

check_placement -verbose
global_route -end_incremental -congestion_report_file ./reports/nangate45/s9234f/phase0c_f3e7b516a_s11_k4_J50_ff36b5aa_7f655d61/congestion_post_repair_timing.rpt
estimate_parasitics -global_routing
global_route -start_incremental
global_route -end_incremental -congestion_report_file ./reports/nangate45/s9234f/phase0c_f3e7b516a_s11_k4_J50_ff36b5aa_7f655d61/congestion_post_recover_power.rpt
Repair antennas...
[WARNING GRT-0246] No diode with LEF class CORE ANTENNACELL found.
[INFO ANT-0002] Found 0 net violations.
[INFO ANT-0001] Found 0 pin violations.
Estimate parasitics...
estimate_parasitics -global_routing
Report metrics stage 5, global route...

==========================================================================
global route report_design_area
--------------------------------------------------------------------------
Design area 3644 um^2 36% utilization.
[INFO FLW-0007] clock clk period 10.000000
[INFO FLW-0008] Clock clk period 1.194
[INFO FLW-0009] Clock clk slack 8.743
write_sdc -no_timestamp ./results/nangate45/s9234f/phase0c_f3e7b516a_s11_k4_J50_ff36b5aa_7f655d61/updated_clks.sdc
[INFO FLW-0011] Path endpoint path count 918
write_db ./results/nangate45/s9234f/phase0c_f3e7b516a_s11_k4_J50_ff36b5aa_7f655d61/5_1_grt.odb
write_sdc -no_timestamp ./results/nangate45/s9234f/phase0c_f3e7b516a_s11_k4_J50_ff36b5aa_7f655d61/5_1_grt.sdc
Log                       Ext     Elapsed/s Peak Memory/MB sha1sum result [0:20)
5_1_grt                   .odb           12            308 fada43e51550875e3a30
5_1_grt                   .sdc                             ef79d21436d690ebafd1
/root/pact-deps/OpenROAD-flow-scripts/flow/scripts/flow.sh 5_2_route detail_route
Running detail_route.tcl, stage 5_2_route
read_liberty /root/pact-deps/OpenROAD-flow-scripts/flow/platforms/nangate45/lib/NangateOpenCellLibrary_typical.lib
read_db ./results/nangate45/s9234f/phase0c_f3e7b516a_s11_k4_J50_ff36b5aa_7f655d61/5_1_grt.odb
read_sdc ./results/nangate45/s9234f/phase0c_f3e7b516a_s11_k4_J50_ff36b5aa_7f655d61/5_1_grt.sdc
source /root/pact-deps/OpenROAD-flow-scripts/flow/platforms/nangate45/setRC.tcl
detailed_route -output_drc ./reports/nangate45/s9234f/phase0c_f3e7b516a_s11_k4_J50_ff36b5aa_7f655d61/5_route_drc.rpt -output_maze ./results/nangate45/s9234f/phase0c_f3e7b516a_s11_k4_J50_ff36b5aa_7f655d61/maze.log -droute_end_iter 64 -verbose 1 -drc_report_iter_step 5
[INFO DRT-0149] Reading tech and libs.

Units:                2000
Number of layers:     21
Number of macros:     135
Number of vias:       33
Number of viarulegen: 19

[INFO DRT-0150] Reading design.

Design:                   s9234f
Die area:                 ( 0 0 ) ( 206880 206880 )
Number of track patterns: 20
Number of DEF vias:       0
Number of components:     2807
Number of terminals:      87
Number of snets:          2
Number of nets:           2674

[INFO DRT-0167] List of default vias:
  Layer via2
    default via: via2_5
  Layer via3
    default via: via3_2
  Layer via4
    default via: via4_0
  Layer via5
    default via: via5_0
  Layer via6
    default via: via6_0
  Layer via7
    default via: via7_0
  Layer via8
    default via: via8_0
  Layer via9
    default via: via9_0
[INFO DRT-0162] Library cell analysis.
[INFO DRT-0163] Instance analysis.
[INFO DRT-0164] Number of unique instances = 47.
[INFO DRT-0168] Init region query.
[INFO DRT-0024]   Complete active.
[INFO DRT-0024]   Complete Fr_VIA.
[INFO DRT-0024]   Complete metal1.
[INFO DRT-0024]   Complete via1.
[INFO DRT-0024]   Complete metal2.
[INFO DRT-0024]   Complete via2.
[INFO DRT-0024]   Complete metal3.
[INFO DRT-0024]   Complete via3.
[INFO DRT-0024]   Complete metal4.
[INFO DRT-0024]   Complete via4.
[INFO DRT-0024]   Complete metal5.
[INFO DRT-0024]   Complete via5.
[INFO DRT-0024]   Complete metal6.
[INFO DRT-0024]   Complete via6.
[INFO DRT-0024]   Complete metal7.
[INFO DRT-0024]   Complete via7.
[INFO DRT-0024]   Complete metal8.
[INFO DRT-0024]   Complete via8.
[INFO DRT-0024]   Complete metal9.
[INFO DRT-0024]   Complete via9.
[INFO DRT-0024]   Complete metal10.
[INFO DRT-0033] active shape region query size = 0.
[INFO DRT-0033] FR_VIA shape region query size = 0.
[INFO DRT-0033] metal1 shape region query size = 42667.
[INFO DRT-0033] via1 shape region query size = 438.
[INFO DRT-0033] metal2 shape region query size = 292.
[INFO DRT-0033] via2 shape region query size = 438.
[INFO DRT-0033] metal3 shape region query size = 292.
[INFO DRT-0033] via3 shape region query size = 438.
[INFO DRT-0033] metal4 shape region query size = 164.
[INFO DRT-0033] via4 shape region query size = 140.
[INFO DRT-0033] metal5 shape region query size = 68.
[INFO DRT-0033] via5 shape region query size = 140.
[INFO DRT-0033] metal6 shape region query size = 73.
[INFO DRT-0033] via6 shape region query size = 56.
[INFO DRT-0033] metal7 shape region query size = 28.
[INFO DRT-0033] via7 shape region query size = 0.
[INFO DRT-0033] metal8 shape region query size = 0.
[INFO DRT-0033] via8 shape region query size = 0.
[INFO DRT-0033] metal9 shape region query size = 0.
[INFO DRT-0033] via9 shape region query size = 0.
[INFO DRT-0033] metal10 shape region query size = 0.
[INFO DRT-0165] Start pin access.
[INFO DRT-0078]   Complete 240 pins.
[INFO DRT-0081]   Complete 47 unique inst patterns.
[INFO DRT-0084]   Complete 1551 groups.
#scanned instances     = 2807
#unique  instances     = 47
#stdCellGenAp          = 1027
#stdCellValidPlanarAp  = 0
#stdCellValidViaAp     = 825
#stdCellPinNoAp        = 0
#stdCellPinCnt         = 8137
#instTermValidViaApCnt = 0
#macroGenAp            = 0
#macroValidPlanarAp    = 0
#macroValidViaAp       = 0
#macroNoAp             = 0
[INFO DRT-0166] Complete pin access.
[INFO DRT-0267] cpu time = 00:00:29, elapsed time = 00:00:07, memory = 266.83 (MB), peak = 266.62 (MB)

[INFO DRT-0157] Number of guides:     22122

[INFO DRT-0169] Post process guides.
[INFO DRT-0176] GCELLGRID X 0 DO 36 STEP 5700 ;
[INFO DRT-0177] GCELLGRID Y 0 DO 36 STEP 5700 ;
[INFO DRT-0028]   Complete active.
[INFO DRT-0028]   Complete Fr_VIA.
[INFO DRT-0028]   Complete metal1.
[INFO DRT-0028]   Complete via1.
[INFO DRT-0028]   Complete metal2.
[INFO DRT-0028]   Complete via2.
[INFO DRT-0028]   Complete metal3.
[INFO DRT-0028]   Complete via3.
[INFO DRT-0028]   Complete metal4.
[INFO DRT-0028]   Complete via4.
[INFO DRT-0028]   Complete metal5.
[INFO DRT-0028]   Complete via5.
[INFO DRT-0028]   Complete metal6.
[INFO DRT-0028]   Complete via6.
[INFO DRT-0028]   Complete metal7.
[INFO DRT-0028]   Complete via7.
[INFO DRT-0028]   Complete metal8.
[INFO DRT-0028]   Complete via8.
[INFO DRT-0028]   Complete metal9.
[INFO DRT-0028]   Complete via9.
[INFO DRT-0028]   Complete metal10.
[INFO DRT-0178] Init guide query.
[INFO DRT-0035]   Complete active (guide).
[INFO DRT-0035]   Complete Fr_VIA (guide).
[INFO DRT-0035]   Complete metal1 (guide).
[INFO DRT-0035]   Complete via1 (guide).
[INFO DRT-0035]   Complete metal2 (guide).
[INFO DRT-0035]   Complete via2 (guide).
[INFO DRT-0035]   Complete metal3 (guide).
[INFO DRT-0035]   Complete via3 (guide).
[INFO DRT-0035]   Complete metal4 (guide).
[INFO DRT-0035]   Complete via4 (guide).
[INFO DRT-0035]   Complete metal5 (guide).
[INFO DRT-0035]   Complete via5 (guide).
[INFO DRT-0035]   Complete metal6 (guide).
[INFO DRT-0035]   Complete via6 (guide).
[INFO DRT-0035]   Complete metal7 (guide).
[INFO DRT-0035]   Complete via7 (guide).
[INFO DRT-0035]   Complete metal8 (guide).
[INFO DRT-0035]   Complete via8 (guide).
[INFO DRT-0035]   Complete metal9 (guide).
[INFO DRT-0035]   Complete via9 (guide).
[INFO DRT-0035]   Complete metal10 (guide).
[INFO DRT-0036] active guide region query size = 0.
[INFO DRT-0036] FR_VIA guide region query size = 0.
[INFO DRT-0036] metal1 guide region query size = 7171.
[INFO DRT-0036] via1 guide region query size = 0.
[INFO DRT-0036] metal2 guide region query size = 6503.
[INFO DRT-0036] via2 guide region query size = 0.
[INFO DRT-0036] metal3 guide region query size = 3714.
[INFO DRT-0036] via3 guide region query size = 0.
[INFO DRT-0036] metal4 guide region query size = 699.
[INFO DRT-0036] via4 guide region query size = 0.
[INFO DRT-0036] metal5 guide region query size = 300.
[INFO DRT-0036] via5 guide region query size = 0.
[INFO DRT-0036] metal6 guide region query size = 87.
[INFO DRT-0036] via6 guide region query size = 0.
[INFO DRT-0036] metal7 guide region query size = 1.
[INFO DRT-0036] via7 guide region query size = 0.
[INFO DRT-0036] metal8 guide region query size = 0.
[INFO DRT-0036] via8 guide region query size = 0.
[INFO DRT-0036] metal9 guide region query size = 0.
[INFO DRT-0036] via9 guide region query size = 0.
[INFO DRT-0036] metal10 guide region query size = 0.
[INFO DRT-0179] Init gr pin query.
[INFO DRT-0267] cpu time = 00:00:00, elapsed time = 00:00:00, memory = 274.98 (MB), peak = 274.75 (MB)
[INFO DRT-0245] skipped writing guide updates to database.
[INFO DRT-0181] Start track assignment.
[INFO DRT-0184] Done with 7289 vertical wires in 1 frboxes and 11186 horizontal wires in 1 frboxes.
[INFO DRT-0186] Done with 2172 vertical wires in 1 frboxes and 2691 horizontal wires in 1 frboxes.
[INFO DRT-0182] Complete track assignment.
[INFO DRT-0267] cpu time = 00:00:01, elapsed time = 00:00:01, memory = 319.17 (MB), peak = 318.87 (MB)
[INFO DRT-0187] Start routing data preparation.
[INFO DRT-0267] cpu time = 00:00:00, elapsed time = 00:00:00, memory = 320.51 (MB), peak = 320.12 (MB)
[INFO DRT-0194] Start detail routing.
[INFO DRT-0195] Start 0th optimization iteration.
    Completing 10% with 0 violations.
    elapsed time = 00:00:00, memory = 363.00 (MB).
    Completing 20% with 0 violations.
    elapsed time = 00:00:04, memory = 372.11 (MB).
    Completing 30% with 100 violations.
    elapsed time = 00:00:04, memory = 411.14 (MB).
    Completing 40% with 100 violations.
    elapsed time = 00:00:06, memory = 436.16 (MB).
    Completing 50% with 100 violations.
    elapsed time = 00:00:10, memory = 401.53 (MB).
    Completing 60% with 184 violations.
    elapsed time = 00:00:12, memory = 435.85 (MB).
    Completing 70% with 184 violations.
    elapsed time = 00:00:15, memory = 447.90 (MB).
    Completing 80% with 324 violations.
    elapsed time = 00:00:17, memory = 490.52 (MB).
    Completing 90% with 324 violations.
    elapsed time = 00:00:17, memory = 492.61 (MB).
    Completing 100% with 378 violations.
    elapsed time = 00:00:21, memory = 468.11 (MB).
[INFO DRT-0199]   Number of violations = 556.
Viol/Layer        via1 metal2   via2 metal3 metal4   via4 metal5
Cut Spacing          0      0      1      0      0      1      0
Metal Spacing        0     31      0      1      1      0      1
Recheck              0     97      0     71      8      0      2
Short                1    287      1     46      1      0      6
[INFO DRT-0267] cpu time = 00:00:57, elapsed time = 00:00:22, memory = 981.10 (MB), peak = 980.93 (MB)
Total wire length = 38611 um.
Total wire length on LAYER metal1 = 0 um.
Total wire length on LAYER metal2 = 14322 um.
Total wire length on LAYER metal3 = 16345 um.
Total wire length on LAYER metal4 = 4525 um.
Total wire length on LAYER metal5 = 2481 um.
Total wire length on LAYER metal6 = 866 um.
Total wire length on LAYER metal7 = 70 um.
Total wire length on LAYER metal8 = 0 um.
Total wire length on LAYER metal9 = 0 um.
Total wire length on LAYER metal10 = 0 um.
Total number of vias = 18265.
Up-via summary (total 18265):

----------------
 active        0
 metal1     8192
 metal2     8616
 metal3      933
 metal4      398
 metal5      124
 metal6        2
 metal7        0
 metal8        0
 metal9        0
----------------
       18265


[INFO DRT-0195] Start 1st optimization iteration.
    Completing 10% with 556 violations.
    elapsed time = 00:00:00, memory = 1007.86 (MB).
    Completing 20% with 556 violations.
    elapsed time = 00:00:04, memory = 1011.51 (MB).
    Completing 30% with 490 violations.
    elapsed time = 00:00:06, memory = 985.43 (MB).
    Completing 40% with 490 violations.
    elapsed time = 00:00:08, memory = 988.18 (MB).
    Completing 50% with 490 violations.
    elapsed time = 00:00:10, memory = 988.18 (MB).
    Completing 60% with 357 violations.
    elapsed time = 00:00:11, memory = 990.93 (MB).
    Completing 70% with 357 violations.
    elapsed time = 00:00:13, memory = 990.93 (MB).
    Completing 80% with 227 violations.
    elapsed time = 00:00:17, memory = 992.55 (MB).
    Completing 90% with 227 violations.
    elapsed time = 00:00:17, memory = 1000.16 (MB).
    Completing 100% with 153 violations.
    elapsed time = 00:00:19, memory = 1000.16 (MB).
[INFO DRT-0199]   Number of violations = 153.
Viol/Layer        via1 metal2   via2 metal3 metal4
Cut Spacing          1      0      1      0      0
Metal Spacing        0     29      0      1      1
Short                0    110      0     10      0
[INFO DRT-0267] cpu time = 00:00:53, elapsed time = 00:00:19, memory = 1003.16 (MB), peak = 1011.30 (MB)
Total wire length = 38303 um.
Total wire length on LAYER metal1 = 0 um.
Total wire length on LAYER metal2 = 14134 um.
Total wire length on LAYER metal3 = 16227 um.
Total wire length on LAYER metal4 = 4558 um.
Total wire length on LAYER metal5 = 2453 um.
Total wire length on LAYER metal6 = 860 um.
Total wire length on LAYER metal7 = 68 um.
Total wire length on LAYER metal8 = 0 um.
Total wire length on LAYER metal9 = 0 um.
Total wire length on LAYER metal10 = 0 um.
Total number of vias = 18147.
Up-via summary (total 18147):

----------------
 active        0
 metal1     8188
 metal2     8497
 metal3      948
 metal4      393
 metal5      119
 metal6        2
 metal7        0
 metal8        0
 metal9        0
----------------
       18147


[INFO DRT-0195] Start 2nd optimization iteration.
    Completing 10% with 153 violations.
    elapsed time = 00:00:00, memory = 1003.16 (MB).
    Completing 20% with 153 violations.
    elapsed time = 00:00:01, memory = 1007.38 (MB).
    Completing 30% with 163 violations.
    elapsed time = 00:00:01, memory = 1007.38 (MB).
    Completing 40% with 163 violations.
    elapsed time = 00:00:02, memory = 1007.38 (MB).
    Completing 50% with 163 violations.
    elapsed time = 00:00:04, memory = 1007.38 (MB).
    Completing 60% with 124 violations.
    elapsed time = 00:00:04, memory = 1007.38 (MB).
    Completing 70% with 124 violations.
    elapsed time = 00:00:05, memory = 1007.38 (MB).
    Completing 80% with 91 violations.
    elapsed time = 00:00:09, memory = 1007.45 (MB).
    Completing 90% with 91 violations.
    elapsed time = 00:00:11, memory = 1007.45 (MB).
    Completing 100% with 80 violations.
    elapsed time = 00:00:13, memory = 1007.45 (MB).
[INFO DRT-0199]   Number of violations = 80.
Viol/Layer      metal2 metal3
Metal Spacing       12      0
Short               64      4
[INFO DRT-0267] cpu time = 00:00:35, elapsed time = 00:00:13, memory = 1007.45 (MB), peak = 1011.30 (MB)
Total wire length = 38287 um.
Total wire length on LAYER metal1 = 0 um.
Total wire length on LAYER metal2 = 14147 um.
Total wire length on LAYER metal3 = 16214 um.
Total wire length on LAYER metal4 = 4549 um.
Total wire length on LAYER metal5 = 2451 um.
Total wire length on LAYER metal6 = 854 um.
Total wire length on LAYER metal7 = 70 um.
Total wire length on LAYER metal8 = 0 um.
Total wire length on LAYER metal9 = 0 um.
Total wire length on LAYER metal10 = 0 um.
Total number of vias = 18037.
Up-via summary (total 18037):

----------------
 active        0
 metal1     8188
 metal2     8396
 metal3      940
 metal4      395
 metal5      116
 metal6        2
 metal7        0
 metal8        0
 metal9        0
----------------
       18037


[INFO DRT-0195] Start 3rd guides tiles iteration.
    Completing 10% with 80 violations.
    elapsed time = 00:00:00, memory = 1007.45 (MB).
    Completing 20% with 80 violations.
    elapsed time = 00:00:00, memory = 1007.45 (MB).
    Completing 30% with 80 violations.
    elapsed time = 00:00:00, memory = 1007.45 (MB).
    Completing 40% with 18 violations.
    elapsed time = 00:00:00, memory = 1007.45 (MB).
    Completing 50% with 18 violations.
    elapsed time = 00:00:00, memory = 1007.45 (MB).
    Completing 60% with 18 violations.
    elapsed time = 00:00:00, memory = 1007.45 (MB).
    Completing 70% with 18 violations.
    elapsed time = 00:00:02, memory = 1007.45 (MB).
    Completing 80% with 0 violations.
    elapsed time = 00:00:02, memory = 1007.45 (MB).
    Completing 90% with 0 violations.
    elapsed time = 00:00:02, memory = 1007.45 (MB).
    Completing 100% with 0 violations.
    elapsed time = 00:00:02, memory = 1007.45 (MB).
[INFO DRT-0199]   Number of violations = 0.
[INFO DRT-0267] cpu time = 00:00:03, elapsed time = 00:00:02, memory = 1007.45 (MB), peak = 1011.30 (MB)
Total wire length = 38279 um.
Total wire length on LAYER metal1 = 0 um.
Total wire length on LAYER metal2 = 14046 um.
Total wire length on LAYER metal3 = 16234 um.
Total wire length on LAYER metal4 = 4633 um.
Total wire length on LAYER metal5 = 2443 um.
Total wire length on LAYER metal6 = 851 um.
Total wire length on LAYER metal7 = 70 um.
Total wire length on LAYER metal8 = 0 um.
Total wire length on LAYER metal9 = 0 um.
Total wire length on LAYER metal10 = 0 um.
Total number of vias = 18101.
Up-via summary (total 18101):

----------------
 active        0
 metal1     8190
 metal2     8420
 metal3      979
 metal4      394
 metal5      116
 metal6        2
 metal7        0
 metal8        0
 metal9        0
----------------
       18101


[INFO DRT-0198] Complete detail routing.
Total wire length = 38279 um.
Total wire length on LAYER metal1 = 0 um.
Total wire length on LAYER metal2 = 14046 um.
Total wire length on LAYER metal3 = 16234 um.
Total wire length on LAYER metal4 = 4633 um.
Total wire length on LAYER metal5 = 2443 um.
Total wire length on LAYER metal6 = 851 um.
Total wire length on LAYER metal7 = 70 um.
Total wire length on LAYER metal8 = 0 um.
Total wire length on LAYER metal9 = 0 um.
Total wire length on LAYER metal10 = 0 um.
Total number of vias = 18101.
Up-via summary (total 18101):

----------------
 active        0
 metal1     8190
 metal2     8420
 metal3      979
 metal4      394
 metal5      116
 metal6        2
 metal7        0
 metal8        0
 metal9        0
----------------
       18101


[INFO DRT-0267] cpu time = 00:02:29, elapsed time = 00:00:58, memory = 1007.57 (MB), peak = 1011.30 (MB)

[INFO DRT-0180] Post processing.
Took 67 seconds: detailed_route -output_drc ./reports/nangate45/s9234f/phase0c_f3e7b516a_s11_k4_J50_ff36b5aa_7f655d61/5_route_drc.rpt -output_maze ./results/nangate45/s9234f/phase0c_f3e7b516a_s11_k4_J50_ff36b5aa_7f655d61/maze.log -droute_end_iter 64 -verbose 1 -drc_report_iter_step 5
[WARNING GRT-0246] No diode with LEF class CORE ANTENNACELL found.
[INFO ANT-0002] Found 0 net violations.
[INFO ANT-0001] Found 0 pin violations.
[INFO ANT-0002] Found 0 net violations.
[INFO ANT-0001] Found 0 pin violations.
Design area 3644 um^2 36% utilization.
write_db ./results/nangate45/s9234f/phase0c_f3e7b516a_s11_k4_J50_ff36b5aa_7f655d61/5_2_route.odb
Log                       Ext     Elapsed/s Peak Memory/MB sha1sum result [0:20)
5_2_route                 .odb           74           1011 c7ccd679dc205f37cecb
/root/pact-deps/OpenROAD-flow-scripts/flow/scripts/flow.sh 5_3_fillcell fillcell
Running fillcell.tcl, stage 5_3_fillcell
read_liberty /root/pact-deps/OpenROAD-flow-scripts/flow/platforms/nangate45/lib/NangateOpenCellLibrary_typical.lib
read_db ./results/nangate45/s9234f/phase0c_f3e7b516a_s11_k4_J50_ff36b5aa_7f655d61/5_2_route.odb
read_sdc ./results/nangate45/s9234f/phase0c_f3e7b516a_s11_k4_J50_ff36b5aa_7f655d61/5_1_grt.sdc
source /root/pact-deps/OpenROAD-flow-scripts/flow/platforms/nangate45/setRC.tcl
filler_placement "FILLCELL_X1 FILLCELL_X2 FILLCELL_X4 FILLCELL_X8 FILLCELL_X16 FILLCELL_X32"
[INFO DPL-0001] Placed 3425 filler instances.
Design area 3644 um^2 36% utilization.
write_db ./results/nangate45/s9234f/phase0c_f3e7b516a_s11_k4_J50_ff36b5aa_7f655d61/5_3_fillcell.odb
Log                       Ext     Elapsed/s Peak Memory/MB sha1sum result [0:20)
5_3_fillcell              .odb            0            120 865fa68c4bf45cf32f7e
cp ./results/nangate45/s9234f/phase0c_f3e7b516a_s11_k4_J50_ff36b5aa_7f655d61/5_3_fillcell.odb ./results/nangate45/s9234f/phase0c_f3e7b516a_s11_k4_J50_ff36b5aa_7f655d61/5_route.odb
cp ./results/nangate45/s9234f/phase0c_f3e7b516a_s11_k4_J50_ff36b5aa_7f655d61/5_1_grt.sdc ./results/nangate45/s9234f/phase0c_f3e7b516a_s11_k4_J50_ff36b5aa_7f655d61/5_route.sdc
