OpenROAD 26Q2-1164-g08f67ee5ec 
Features included (+) or not (-): +GPU +GUI +Python
This program is licensed under the BSD-3 license. See the LICENSE file for details.
Components of this program may be licensed under more restrictive licenses which must be honored.
[INFO ORD-0030] Using 4 thread(s).
read_liberty /root/pact-deps/OpenROAD-flow-scripts/flow/platforms/nangate45/lib/NangateOpenCellLibrary_typical.lib
read_db /mnt/c/Users/Abhinav/OneDrive/Desktop/PACT/PACT/results/phase2c_repair_multiseed/raw/orfs/results/nangate45/s9234f/phase2c_s13_10a7b0822f9f/5_1_grt.odb
read_sdc /mnt/c/Users/Abhinav/OneDrive/Desktop/PACT/PACT/results/phase2c_repair_multiseed/raw/orfs/results/nangate45/s9234f/phase2c_s13_10a7b0822f9f/5_1_grt.sdc
source /root/pact-deps/OpenROAD-flow-scripts/flow/platforms/nangate45/setRC.tcl
detailed_route -output_drc /mnt/c/Users/Abhinav/OneDrive/Desktop/PACT/PACT/results/phase2c_repair_multiseed/raw/orfs/reports/nangate45/s9234f/phase2c_s13_10a7b0822f9f/5_route_drc.rpt -output_maze /mnt/c/Users/Abhinav/OneDrive/Desktop/PACT/PACT/results/phase2c_repair_multiseed/raw/orfs/results/nangate45/s9234f/phase2c_s13_10a7b0822f9f/maze.log -droute_end_iter 64 -verbose 1 -drc_report_iter_step 5
[INFO DRT-0149] Reading tech and libs.

Units:                2000
Number of layers:     21
Number of macros:     135
Number of vias:       33
Number of viarulegen: 19

[INFO DRT-0150] Reading design.

Design:                   s9234f
Die area:                 ( 0 0 ) ( 206880 206880 )
Number of track patterns: 20
Number of DEF vias:       0
Number of components:     2795
Number of terminals:      83
Number of snets:          2
Number of nets:           2672

[INFO DRT-0167] List of default vias:
  Layer via2
    default via: via2_5
  Layer via3
    default via: via3_2
  Layer via4
    default via: via4_0
  Layer via5
    default via: via5_0
  Layer via6
    default via: via6_0
  Layer via7
    default via: via7_0
  Layer via8
    default via: via8_0
  Layer via9
    default via: via9_0
[INFO DRT-0162] Library cell analysis.
[INFO DRT-0163] Instance analysis.
[INFO DRT-0164] Number of unique instances = 49.
[INFO DRT-0168] Init region query.
[INFO DRT-0024]   Complete active.
[INFO DRT-0024]   Complete Fr_VIA.
[INFO DRT-0024]   Complete metal1.
[INFO DRT-0024]   Complete via1.
[INFO DRT-0024]   Complete metal2.
[INFO DRT-0024]   Complete via2.
[INFO DRT-0024]   Complete metal3.
[INFO DRT-0024]   Complete via3.
[INFO DRT-0024]   Complete metal4.
[INFO DRT-0024]   Complete via4.
[INFO DRT-0024]   Complete metal5.
[INFO DRT-0024]   Complete via5.
[INFO DRT-0024]   Complete metal6.
[INFO DRT-0024]   Complete via6.
[INFO DRT-0024]   Complete metal7.
[INFO DRT-0024]   Complete via7.
[INFO DRT-0024]   Complete metal8.
[INFO DRT-0024]   Complete via8.
[INFO DRT-0024]   Complete metal9.
[INFO DRT-0024]   Complete via9.
[INFO DRT-0024]   Complete metal10.
[INFO DRT-0033] active shape region query size = 0.
[INFO DRT-0033] FR_VIA shape region query size = 0.
[INFO DRT-0033] metal1 shape region query size = 42556.
[INFO DRT-0033] via1 shape region query size = 438.
[INFO DRT-0033] metal2 shape region query size = 292.
[INFO DRT-0033] via2 shape region query size = 438.
[INFO DRT-0033] metal3 shape region query size = 292.
[INFO DRT-0033] via3 shape region query size = 438.
[INFO DRT-0033] metal4 shape region query size = 164.
[INFO DRT-0033] via4 shape region query size = 140.
[INFO DRT-0033] metal5 shape region query size = 64.
[INFO DRT-0033] via5 shape region query size = 140.
[INFO DRT-0033] metal6 shape region query size = 73.
[INFO DRT-0033] via6 shape region query size = 56.
[INFO DRT-0033] metal7 shape region query size = 28.
[INFO DRT-0033] via7 shape region query size = 0.
[INFO DRT-0033] metal8 shape region query size = 0.
[INFO DRT-0033] via8 shape region query size = 0.
[INFO DRT-0033] metal9 shape region query size = 0.
[INFO DRT-0033] via9 shape region query size = 0.
[INFO DRT-0033] metal10 shape region query size = 0.
[INFO DRT-0165] Start pin access.
[INFO DRT-0078]   Complete 249 pins.
[INFO DRT-0081]   Complete 49 unique inst patterns.
[INFO DRT-0084]   Complete 1544 groups.
#scanned instances     = 2795
#unique  instances     = 49
#stdCellGenAp          = 1067
#stdCellValidPlanarAp  = 0
#stdCellValidViaAp     = 854
#stdCellPinNoAp        = 0
#stdCellPinCnt         = 8125
#instTermValidViaApCnt = 0
#macroGenAp            = 0
#macroValidPlanarAp    = 0
#macroValidViaAp       = 0
#macroNoAp             = 0
[INFO DRT-0166] Complete pin access.
[INFO DRT-0267] cpu time = 00:00:30, elapsed time = 00:00:15, memory = 266.79 (MB), peak = 266.28 (MB)

[INFO DRT-0157] Number of guides:     22298

[INFO DRT-0169] Post process guides.
[INFO DRT-0176] GCELLGRID X 0 DO 36 STEP 5700 ;
[INFO DRT-0177] GCELLGRID Y 0 DO 36 STEP 5700 ;
[INFO DRT-0028]   Complete active.
[INFO DRT-0028]   Complete Fr_VIA.
[INFO DRT-0028]   Complete metal1.
[INFO DRT-0028]   Complete via1.
[INFO DRT-0028]   Complete metal2.
[INFO DRT-0028]   Complete via2.
[INFO DRT-0028]   Complete metal3.
[INFO DRT-0028]   Complete via3.
[INFO DRT-0028]   Complete metal4.
[INFO DRT-0028]   Complete via4.
[INFO DRT-0028]   Complete metal5.
[INFO DRT-0028]   Complete via5.
[INFO DRT-0028]   Complete metal6.
[INFO DRT-0028]   Complete via6.
[INFO DRT-0028]   Complete metal7.
[INFO DRT-0028]   Complete via7.
[INFO DRT-0028]   Complete metal8.
[INFO DRT-0028]   Complete via8.
[INFO DRT-0028]   Complete metal9.
[INFO DRT-0028]   Complete via9.
[INFO DRT-0028]   Complete metal10.
[INFO DRT-0178] Init guide query.
[INFO DRT-0035]   Complete active (guide).
[INFO DRT-0035]   Complete Fr_VIA (guide).
[INFO DRT-0035]   Complete metal1 (guide).
[INFO DRT-0035]   Complete via1 (guide).
[INFO DRT-0035]   Complete metal2 (guide).
[INFO DRT-0035]   Complete via2 (guide).
[INFO DRT-0035]   Complete metal3 (guide).
[INFO DRT-0035]   Complete via3 (guide).
[INFO DRT-0035]   Complete metal4 (guide).
[INFO DRT-0035]   Complete via4 (guide).
[INFO DRT-0035]   Complete metal5 (guide).
[INFO DRT-0035]   Complete via5 (guide).
[INFO DRT-0035]   Complete metal6 (guide).
[INFO DRT-0035]   Complete via6 (guide).
[INFO DRT-0035]   Complete metal7 (guide).
[INFO DRT-0035]   Complete via7 (guide).
[INFO DRT-0035]   Complete metal8 (guide).
[INFO DRT-0035]   Complete via8 (guide).
[INFO DRT-0035]   Complete metal9 (guide).
[INFO DRT-0035]   Complete via9 (guide).
[INFO DRT-0035]   Complete metal10 (guide).
[INFO DRT-0036] active guide region query size = 0.
[INFO DRT-0036] FR_VIA guide region query size = 0.
[INFO DRT-0036] metal1 guide region query size = 7167.
[INFO DRT-0036] via1 guide region query size = 0.
[INFO DRT-0036] metal2 guide region query size = 6508.
[INFO DRT-0036] via2 guide region query size = 0.
[INFO DRT-0036] metal3 guide region query size = 3724.
[INFO DRT-0036] via3 guide region query size = 0.
[INFO DRT-0036] metal4 guide region query size = 730.
[INFO DRT-0036] via4 guide region query size = 0.
[INFO DRT-0036] metal5 guide region query size = 313.
[INFO DRT-0036] via5 guide region query size = 0.
[INFO DRT-0036] metal6 guide region query size = 95.
[INFO DRT-0036] via6 guide region query size = 0.
[INFO DRT-0036] metal7 guide region query size = 1.
[INFO DRT-0036] via7 guide region query size = 0.
[INFO DRT-0036] metal8 guide region query size = 0.
[INFO DRT-0036] via8 guide region query size = 0.
[INFO DRT-0036] metal9 guide region query size = 0.
[INFO DRT-0036] via9 guide region query size = 0.
[INFO DRT-0036] metal10 guide region query size = 0.
[INFO DRT-0179] Init gr pin query.
[INFO DRT-0267] cpu time = 00:00:00, elapsed time = 00:00:00, memory = 274.95 (MB), peak = 274.41 (MB)
[INFO DRT-0245] skipped writing guide updates to database.
[INFO DRT-0181] Start track assignment.
[INFO DRT-0184] Done with 7333 vertical wires in 1 frboxes and 11205 horizontal wires in 1 frboxes.
[INFO DRT-0186] Done with 2230 vertical wires in 1 frboxes and 2782 horizontal wires in 1 frboxes.
[INFO DRT-0182] Complete track assignment.
[INFO DRT-0267] cpu time = 00:00:02, elapsed time = 00:00:02, memory = 327.33 (MB), peak = 326.99 (MB)
[INFO DRT-0187] Start routing data preparation.
[INFO DRT-0267] cpu time = 00:00:00, elapsed time = 00:00:00, memory = 327.33 (MB), peak = 326.99 (MB)
[INFO DRT-0194] Start detail routing.
[INFO DRT-0195] Start 0th optimization iteration.
    Completing 10% with 0 violations.
    elapsed time = 00:00:02, memory = 375.29 (MB).
    Completing 20% with 0 violations.
    elapsed time = 00:00:04, memory = 375.18 (MB).
    Completing 30% with 94 violations.
    elapsed time = 00:00:06, memory = 412.15 (MB).
    Completing 40% with 94 violations.
    elapsed time = 00:00:08, memory = 444.00 (MB).
    Completing 50% with 94 violations.
    elapsed time = 00:00:11, memory = 395.90 (MB).
    Completing 60% with 185 violations.
    elapsed time = 00:00:14, memory = 429.57 (MB).
    Completing 70% with 185 violations.
    elapsed time = 00:00:20, memory = 441.55 (MB).
    Completing 80% with 304 violations.
    elapsed time = 00:00:31, memory = 447.60 (MB).
    Completing 90% with 304 violations.
    elapsed time = 00:00:31, memory = 447.60 (MB).
    Completing 100% with 387 violations.
    elapsed time = 00:00:34, memory = 447.61 (MB).
[INFO DRT-0199]   Number of violations = 549.
Viol/Layer      metal1 metal2   via2 metal3 metal4
Metal Spacing        0     33      0      4      1
Recheck              1    105      0     52      4
Short                0    307      3     39      0
[INFO DRT-0267] cpu time = 00:01:03, elapsed time = 00:00:36, memory = 963.70 (MB), peak = 963.39 (MB)
Total wire length = 38755 um.
Total wire length on LAYER metal1 = 0 um.
Total wire length on LAYER metal2 = 14196 um.
Total wire length on LAYER metal3 = 16470 um.
Total wire length on LAYER metal4 = 4252 um.
Total wire length on LAYER metal5 = 2586 um.
Total wire length on LAYER metal6 = 1185 um.
Total wire length on LAYER metal7 = 63 um.
Total wire length on LAYER metal8 = 0 um.
Total wire length on LAYER metal9 = 0 um.
Total wire length on LAYER metal10 = 0 um.
Total number of vias = 18383.
Up-via summary (total 18383):

----------------
 active        0
 metal1     8178
 metal2     8677
 metal3      978
 metal4      403
 metal5      145
 metal6        2
 metal7        0
 metal8        0
 metal9        0
----------------
       18383


[INFO DRT-0195] Start 1st optimization iteration.
    Completing 10% with 549 violations.
    elapsed time = 00:00:00, memory = 963.98 (MB).
    Completing 20% with 549 violations.
    elapsed time = 00:00:05, memory = 963.99 (MB).
    Completing 30% with 463 violations.
    elapsed time = 00:00:05, memory = 993.19 (MB).
    Completing 40% with 463 violations.
    elapsed time = 00:00:09, memory = 1008.47 (MB).
    Completing 50% with 463 violations.
    elapsed time = 00:00:13, memory = 963.99 (MB).
    Completing 60% with 343 violations.
    elapsed time = 00:00:15, memory = 993.98 (MB).
    Completing 70% with 343 violations.
    elapsed time = 00:00:18, memory = 993.98 (MB).
    Completing 80% with 240 violations.
    elapsed time = 00:00:24, memory = 970.71 (MB).
    Completing 90% with 240 violations.
    elapsed time = 00:00:27, memory = 972.02 (MB).
    Completing 100% with 143 violations.
    elapsed time = 00:00:29, memory = 972.50 (MB).
[INFO DRT-0199]   Number of violations = 143.
Viol/Layer        via1 metal2 metal3
Cut Spacing          1      0      0
Metal Spacing        0     28      0
Short                0    105      9
[INFO DRT-0267] cpu time = 00:00:56, elapsed time = 00:00:29, memory = 975.50 (MB), peak = 1008.14 (MB)
Total wire length = 38424 um.
Total wire length on LAYER metal1 = 0 um.
Total wire length on LAYER metal2 = 14032 um.
Total wire length on LAYER metal3 = 16374 um.
Total wire length on LAYER metal4 = 4237 um.
Total wire length on LAYER metal5 = 2559 um.
Total wire length on LAYER metal6 = 1157 um.
Total wire length on LAYER metal7 = 63 um.
Total wire length on LAYER metal8 = 0 um.
Total wire length on LAYER metal9 = 0 um.
Total wire length on LAYER metal10 = 0 um.
Total number of vias = 18263.
Up-via summary (total 18263):

----------------
 active        0
 metal1     8181
 metal2     8577
 metal3      968
 metal4      396
 metal5      139
 metal6        2
 metal7        0
 metal8        0
 metal9        0
----------------
       18263


[INFO DRT-0195] Start 2nd optimization iteration.
    Completing 10% with 143 violations.
    elapsed time = 00:00:00, memory = 975.50 (MB).
    Completing 20% with 143 violations.
    elapsed time = 00:00:02, memory = 980.18 (MB).
    Completing 30% with 150 violations.
    elapsed time = 00:00:06, memory = 981.50 (MB).
    Completing 40% with 150 violations.
    elapsed time = 00:00:07, memory = 981.50 (MB).
    Completing 50% with 150 violations.
    elapsed time = 00:00:14, memory = 987.18 (MB).
    Completing 60% with 143 violations.
    elapsed time = 00:00:16, memory = 987.18 (MB).
    Completing 70% with 143 violations.
    elapsed time = 00:00:17, memory = 987.19 (MB).
    Completing 80% with 121 violations.
    elapsed time = 00:00:19, memory = 987.25 (MB).
    Completing 90% with 121 violations.
    elapsed time = 00:00:23, memory = 987.25 (MB).
    Completing 100% with 114 violations.
    elapsed time = 00:00:27, memory = 987.25 (MB).
[INFO DRT-0199]   Number of violations = 114.
Viol/Layer      metal2 metal3
Metal Spacing       13      0
Short               94      7
[INFO DRT-0267] cpu time = 00:00:49, elapsed time = 00:00:27, memory = 987.25 (MB), peak = 1008.14 (MB)
Total wire length = 38355 um.
Total wire length on LAYER metal1 = 0 um.
Total wire length on LAYER metal2 = 13942 um.
Total wire length on LAYER metal3 = 16368 um.
Total wire length on LAYER metal4 = 4236 um.
Total wire length on LAYER metal5 = 2589 um.
Total wire length on LAYER metal6 = 1155 um.
Total wire length on LAYER metal7 = 63 um.
Total wire length on LAYER metal8 = 0 um.
Total wire length on LAYER metal9 = 0 um.
Total wire length on LAYER metal10 = 0 um.
Total number of vias = 18208.
Up-via summary (total 18208):

----------------
 active        0
 metal1     8184
 metal2     8506
 metal3      976
 metal4      403
 metal5      137
 metal6        2
 metal7        0
 metal8        0
 metal9        0
----------------
       18208


[INFO DRT-0195] Start 3rd optimization iteration.
    Completing 10% with 114 violations.
    elapsed time = 00:00:00, memory = 987.25 (MB).
    Completing 20% with 114 violations.
    elapsed time = 00:00:02, memory = 1005.46 (MB).
    Completing 30% with 78 violations.
    elapsed time = 00:00:04, memory = 1005.46 (MB).
    Completing 40% with 78 violations.
    elapsed time = 00:00:04, memory = 1005.46 (MB).
    Completing 50% with 78 violations.
    elapsed time = 00:00:06, memory = 1005.46 (MB).
    Completing 60% with 54 violations.
    elapsed time = 00:00:06, memory = 1005.46 (MB).
    Completing 70% with 54 violations.
    elapsed time = 00:00:07, memory = 1005.46 (MB).
    Completing 80% with 30 violations.
    elapsed time = 00:00:08, memory = 1005.46 (MB).
    Completing 90% with 30 violations.
    elapsed time = 00:00:08, memory = 1005.46 (MB).
    Completing 100% with 26 violations.
    elapsed time = 00:00:26, memory = 1005.46 (MB).
[INFO DRT-0199]   Number of violations = 26.
Viol/Layer      metal2 metal3
Metal Spacing        1      0
Short               20      5
[INFO DRT-0267] cpu time = 00:00:34, elapsed time = 00:00:26, memory = 1005.46 (MB), peak = 1008.14 (MB)
Total wire length = 38338 um.
Total wire length on LAYER metal1 = 0 um.
Total wire length on LAYER metal2 = 13773 um.
Total wire length on LAYER metal3 = 16386 um.
Total wire length on LAYER metal4 = 4369 um.
Total wire length on LAYER metal5 = 2589 um.
Total wire length on LAYER metal6 = 1155 um.
Total wire length on LAYER metal7 = 63 um.
Total wire length on LAYER metal8 = 0 um.
Total wire length on LAYER metal9 = 0 um.
Total wire length on LAYER metal10 = 0 um.
Total number of vias = 18279.
Up-via summary (total 18279):

----------------
 active        0
 metal1     8185
 metal2     8539
 metal3     1012
 metal4      403
 metal5      138
 metal6        2
 metal7        0
 metal8        0
 metal9        0
----------------
       18279


[INFO DRT-0195] Start 4th guides tiles iteration.
    Completing 10% with 26 violations.
    elapsed time = 00:00:00, memory = 1040.31 (MB).
    Completing 20% with 26 violations.
    elapsed time = 00:00:00, memory = 1040.31 (MB).
    Completing 30% with 26 violations.
    elapsed time = 00:00:02, memory = 1005.46 (MB).
    Completing 40% with 8 violations.
    elapsed time = 00:00:02, memory = 1005.46 (MB).
    Completing 50% with 8 violations.
    elapsed time = 00:00:02, memory = 1005.46 (MB).
    Completing 60% with 5 violations.
    elapsed time = 00:00:02, memory = 1005.46 (MB).
    Completing 70% with 5 violations.
    elapsed time = 00:00:03, memory = 1005.46 (MB).
    Completing 80% with 0 violations.
    elapsed time = 00:00:03, memory = 1005.46 (MB).
    Completing 90% with 0 violations.
    elapsed time = 00:00:03, memory = 1005.46 (MB).
    Completing 100% with 0 violations.
    elapsed time = 00:00:03, memory = 1005.46 (MB).
[INFO DRT-0199]   Number of violations = 0.
[INFO DRT-0267] cpu time = 00:00:04, elapsed time = 00:00:03, memory = 1005.46 (MB), peak = 1039.88 (MB)
Total wire length = 38342 um.
Total wire length on LAYER metal1 = 0 um.
Total wire length on LAYER metal2 = 13753 um.
Total wire length on LAYER metal3 = 16393 um.
Total wire length on LAYER metal4 = 4386 um.
Total wire length on LAYER metal5 = 2589 um.
Total wire length on LAYER metal6 = 1155 um.
Total wire length on LAYER metal7 = 63 um.
Total wire length on LAYER metal8 = 0 um.
Total wire length on LAYER metal9 = 0 um.
Total wire length on LAYER metal10 = 0 um.
Total number of vias = 18311.
Up-via summary (total 18311):

----------------
 active        0
 metal1     8185
 metal2     8563
 metal3     1020
 metal4      403
 metal5      138
 metal6        2
 metal7        0
 metal8        0
 metal9        0
----------------
       18311


[INFO DRT-0198] Complete detail routing.
Total wire length = 38342 um.
Total wire length on LAYER metal1 = 0 um.
Total wire length on LAYER metal2 = 13753 um.
Total wire length on LAYER metal3 = 16393 um.
Total wire length on LAYER metal4 = 4386 um.
Total wire length on LAYER metal5 = 2589 um.
Total wire length on LAYER metal6 = 1155 um.
Total wire length on LAYER metal7 = 63 um.
Total wire length on LAYER metal8 = 0 um.
Total wire length on LAYER metal9 = 0 um.
Total wire length on LAYER metal10 = 0 um.
Total number of vias = 18311.
Up-via summary (total 18311):

----------------
 active        0
 metal1     8185
 metal2     8563
 metal3     1020
 metal4      403
 metal5      138
 metal6        2
 metal7        0
 metal8        0
 metal9        0
----------------
       18311


[INFO DRT-0267] cpu time = 00:03:28, elapsed time = 00:02:03, memory = 1005.59 (MB), peak = 1039.88 (MB)

[INFO DRT-0180] Post processing.
Took 141 seconds: detailed_route -output_drc /mnt/c/Users/Abhinav/OneDrive/Desktop/PACT/PACT/results/phase2c_repair_multiseed/raw/orfs/reports/nangate45/s9234f/phase2c_s13_10a7b0822f9f/5_route_drc.rpt -output_maze /mnt/c/Users/Abhinav/OneDrive/Desktop/PACT/PACT/results/phase2c_repair_multiseed/raw/orfs/results/nangate45/s9234f/phase2c_s13_10a7b0822f9f/maze.log -droute_end_iter 64 -verbose 1 -drc_report_iter_step 5
[WARNING GRT-0246] No diode with LEF class CORE ANTENNACELL found.
[INFO ANT-0002] Found 0 net violations.
[INFO ANT-0001] Found 0 pin violations.
[INFO ANT-0002] Found 0 net violations.
[INFO ANT-0001] Found 0 pin violations.
Design area 3636 um^2 36% utilization.
write_db /mnt/c/Users/Abhinav/OneDrive/Desktop/PACT/PACT/results/phase2c_repair_multiseed/raw/orfs/results/nangate45/s9234f/phase2c_s13_10a7b0822f9f/5_2_route.odb
Elapsed time: 2:26.71[h:]min:sec. CPU time: user 243.86 sys 2.24 (167%). Peak memory: 1064832KB.
Log                       Ext     Elapsed/s Peak Memory/MB sha1sum result [0:20)
5_2_route                 .odb          146           1039 ccddb98a386eccb7625e
