OpenROAD 26Q2-1164-g08f67ee5ec 
Features included (+) or not (-): +GPU +GUI +Python
This program is licensed under the BSD-3 license. See the LICENSE file for details.
Components of this program may be licensed under more restrictive licenses which must be honored.
[INFO ORD-0030] Using 4 thread(s).
read_liberty /root/pact-deps/OpenROAD-flow-scripts/flow/platforms/nangate45/lib/NangateOpenCellLibrary_typical.lib
read_db /mnt/c/Users/Abhinav/OneDrive/Desktop/PACT/PACT/results/phase2c_repair_multiseed/raw/orfs/results/nangate45/s9234f/phase2c_s13_2845cbdad80d/5_1_grt.odb
read_sdc /mnt/c/Users/Abhinav/OneDrive/Desktop/PACT/PACT/results/phase2c_repair_multiseed/raw/orfs/results/nangate45/s9234f/phase2c_s13_2845cbdad80d/5_1_grt.sdc
source /root/pact-deps/OpenROAD-flow-scripts/flow/platforms/nangate45/setRC.tcl
detailed_route -output_drc /mnt/c/Users/Abhinav/OneDrive/Desktop/PACT/PACT/results/phase2c_repair_multiseed/raw/orfs/reports/nangate45/s9234f/phase2c_s13_2845cbdad80d/5_route_drc.rpt -output_maze /mnt/c/Users/Abhinav/OneDrive/Desktop/PACT/PACT/results/phase2c_repair_multiseed/raw/orfs/results/nangate45/s9234f/phase2c_s13_2845cbdad80d/maze.log -droute_end_iter 64 -verbose 1 -drc_report_iter_step 5
[INFO DRT-0149] Reading tech and libs.

Units:                2000
Number of layers:     21
Number of macros:     135
Number of vias:       33
Number of viarulegen: 19

[INFO DRT-0150] Reading design.

Design:                   s9234f
Die area:                 ( 0 0 ) ( 206880 206880 )
Number of track patterns: 20
Number of DEF vias:       0
Number of components:     2795
Number of terminals:      83
Number of snets:          2
Number of nets:           2672

[INFO DRT-0167] List of default vias:
  Layer via2
    default via: via2_5
  Layer via3
    default via: via3_2
  Layer via4
    default via: via4_0
  Layer via5
    default via: via5_0
  Layer via6
    default via: via6_0
  Layer via7
    default via: via7_0
  Layer via8
    default via: via8_0
  Layer via9
    default via: via9_0
[INFO DRT-0162] Library cell analysis.
[INFO DRT-0163] Instance analysis.
[INFO DRT-0164] Number of unique instances = 49.
[INFO DRT-0168] Init region query.
[INFO DRT-0024]   Complete active.
[INFO DRT-0024]   Complete Fr_VIA.
[INFO DRT-0024]   Complete metal1.
[INFO DRT-0024]   Complete via1.
[INFO DRT-0024]   Complete metal2.
[INFO DRT-0024]   Complete via2.
[INFO DRT-0024]   Complete metal3.
[INFO DRT-0024]   Complete via3.
[INFO DRT-0024]   Complete metal4.
[INFO DRT-0024]   Complete via4.
[INFO DRT-0024]   Complete metal5.
[INFO DRT-0024]   Complete via5.
[INFO DRT-0024]   Complete metal6.
[INFO DRT-0024]   Complete via6.
[INFO DRT-0024]   Complete metal7.
[INFO DRT-0024]   Complete via7.
[INFO DRT-0024]   Complete metal8.
[INFO DRT-0024]   Complete via8.
[INFO DRT-0024]   Complete metal9.
[INFO DRT-0024]   Complete via9.
[INFO DRT-0024]   Complete metal10.
[INFO DRT-0033] active shape region query size = 0.
[INFO DRT-0033] FR_VIA shape region query size = 0.
[INFO DRT-0033] metal1 shape region query size = 42556.
[INFO DRT-0033] via1 shape region query size = 438.
[INFO DRT-0033] metal2 shape region query size = 292.
[INFO DRT-0033] via2 shape region query size = 438.
[INFO DRT-0033] metal3 shape region query size = 292.
[INFO DRT-0033] via3 shape region query size = 438.
[INFO DRT-0033] metal4 shape region query size = 164.
[INFO DRT-0033] via4 shape region query size = 140.
[INFO DRT-0033] metal5 shape region query size = 64.
[INFO DRT-0033] via5 shape region query size = 140.
[INFO DRT-0033] metal6 shape region query size = 73.
[INFO DRT-0033] via6 shape region query size = 56.
[INFO DRT-0033] metal7 shape region query size = 28.
[INFO DRT-0033] via7 shape region query size = 0.
[INFO DRT-0033] metal8 shape region query size = 0.
[INFO DRT-0033] via8 shape region query size = 0.
[INFO DRT-0033] metal9 shape region query size = 0.
[INFO DRT-0033] via9 shape region query size = 0.
[INFO DRT-0033] metal10 shape region query size = 0.
[INFO DRT-0165] Start pin access.
[INFO DRT-0078]   Complete 249 pins.
[INFO DRT-0081]   Complete 49 unique inst patterns.
[INFO DRT-0084]   Complete 1544 groups.
#scanned instances     = 2795
#unique  instances     = 49
#stdCellGenAp          = 1067
#stdCellValidPlanarAp  = 0
#stdCellValidViaAp     = 854
#stdCellPinNoAp        = 0
#stdCellPinCnt         = 8125
#instTermValidViaApCnt = 0
#macroGenAp            = 0
#macroValidPlanarAp    = 0
#macroValidViaAp       = 0
#macroNoAp             = 0
[INFO DRT-0166] Complete pin access.
[INFO DRT-0267] cpu time = 00:00:30, elapsed time = 00:00:14, memory = 266.06 (MB), peak = 265.55 (MB)

[INFO DRT-0157] Number of guides:     22283

[INFO DRT-0169] Post process guides.
[INFO DRT-0176] GCELLGRID X 0 DO 36 STEP 5700 ;
[INFO DRT-0177] GCELLGRID Y 0 DO 36 STEP 5700 ;
[INFO DRT-0028]   Complete active.
[INFO DRT-0028]   Complete Fr_VIA.
[INFO DRT-0028]   Complete metal1.
[INFO DRT-0028]   Complete via1.
[INFO DRT-0028]   Complete metal2.
[INFO DRT-0028]   Complete via2.
[INFO DRT-0028]   Complete metal3.
[INFO DRT-0028]   Complete via3.
[INFO DRT-0028]   Complete metal4.
[INFO DRT-0028]   Complete via4.
[INFO DRT-0028]   Complete metal5.
[INFO DRT-0028]   Complete via5.
[INFO DRT-0028]   Complete metal6.
[INFO DRT-0028]   Complete via6.
[INFO DRT-0028]   Complete metal7.
[INFO DRT-0028]   Complete via7.
[INFO DRT-0028]   Complete metal8.
[INFO DRT-0028]   Complete via8.
[INFO DRT-0028]   Complete metal9.
[INFO DRT-0028]   Complete via9.
[INFO DRT-0028]   Complete metal10.
[INFO DRT-0178] Init guide query.
[INFO DRT-0035]   Complete active (guide).
[INFO DRT-0035]   Complete Fr_VIA (guide).
[INFO DRT-0035]   Complete metal1 (guide).
[INFO DRT-0035]   Complete via1 (guide).
[INFO DRT-0035]   Complete metal2 (guide).
[INFO DRT-0035]   Complete via2 (guide).
[INFO DRT-0035]   Complete metal3 (guide).
[INFO DRT-0035]   Complete via3 (guide).
[INFO DRT-0035]   Complete metal4 (guide).
[INFO DRT-0035]   Complete via4 (guide).
[INFO DRT-0035]   Complete metal5 (guide).
[INFO DRT-0035]   Complete via5 (guide).
[INFO DRT-0035]   Complete metal6 (guide).
[INFO DRT-0035]   Complete via6 (guide).
[INFO DRT-0035]   Complete metal7 (guide).
[INFO DRT-0035]   Complete via7 (guide).
[INFO DRT-0035]   Complete metal8 (guide).
[INFO DRT-0035]   Complete via8 (guide).
[INFO DRT-0035]   Complete metal9 (guide).
[INFO DRT-0035]   Complete via9 (guide).
[INFO DRT-0035]   Complete metal10 (guide).
[INFO DRT-0036] active guide region query size = 0.
[INFO DRT-0036] FR_VIA guide region query size = 0.
[INFO DRT-0036] metal1 guide region query size = 7167.
[INFO DRT-0036] via1 guide region query size = 0.
[INFO DRT-0036] metal2 guide region query size = 6495.
[INFO DRT-0036] via2 guide region query size = 0.
[INFO DRT-0036] metal3 guide region query size = 3726.
[INFO DRT-0036] via3 guide region query size = 0.
[INFO DRT-0036] metal4 guide region query size = 740.
[INFO DRT-0036] via4 guide region query size = 0.
[INFO DRT-0036] metal5 guide region query size = 316.
[INFO DRT-0036] via5 guide region query size = 0.
[INFO DRT-0036] metal6 guide region query size = 94.
[INFO DRT-0036] via6 guide region query size = 0.
[INFO DRT-0036] metal7 guide region query size = 0.
[INFO DRT-0036] via7 guide region query size = 0.
[INFO DRT-0036] metal8 guide region query size = 0.
[INFO DRT-0036] via8 guide region query size = 0.
[INFO DRT-0036] metal9 guide region query size = 0.
[INFO DRT-0036] via9 guide region query size = 0.
[INFO DRT-0036] metal10 guide region query size = 0.
[INFO DRT-0179] Init gr pin query.
[INFO DRT-0267] cpu time = 00:00:00, elapsed time = 00:00:00, memory = 274.25 (MB), peak = 273.68 (MB)
[INFO DRT-0245] skipped writing guide updates to database.
[INFO DRT-0181] Start track assignment.
[INFO DRT-0184] Done with 7329 vertical wires in 1 frboxes and 11209 horizontal wires in 1 frboxes.
[INFO DRT-0186] Done with 2219 vertical wires in 1 frboxes and 2759 horizontal wires in 1 frboxes.
[INFO DRT-0182] Complete track assignment.
[INFO DRT-0267] cpu time = 00:00:02, elapsed time = 00:00:02, memory = 302.30 (MB), peak = 301.80 (MB)
[INFO DRT-0187] Start routing data preparation.
[INFO DRT-0267] cpu time = 00:00:00, elapsed time = 00:00:00, memory = 302.36 (MB), peak = 301.93 (MB)
[INFO DRT-0194] Start detail routing.
[INFO DRT-0195] Start 0th optimization iteration.
    Completing 10% with 0 violations.
    elapsed time = 00:00:02, memory = 369.63 (MB).
    Completing 20% with 0 violations.
    elapsed time = 00:00:05, memory = 373.67 (MB).
    Completing 30% with 94 violations.
    elapsed time = 00:00:08, memory = 419.54 (MB).
    Completing 40% with 94 violations.
    elapsed time = 00:00:10, memory = 439.89 (MB).
    Completing 50% with 94 violations.
    elapsed time = 00:00:15, memory = 385.51 (MB).
    Completing 60% with 166 violations.
    elapsed time = 00:00:17, memory = 430.01 (MB).
    Completing 70% with 166 violations.
    elapsed time = 00:00:23, memory = 445.60 (MB).
    Completing 80% with 278 violations.
    elapsed time = 00:00:29, memory = 474.86 (MB).
    Completing 90% with 278 violations.
    elapsed time = 00:00:29, memory = 474.86 (MB).
    Completing 100% with 373 violations.
    elapsed time = 00:00:31, memory = 450.36 (MB).
[INFO DRT-0199]   Number of violations = 525.
Viol/Layer      metal1 metal2   via2 metal3 metal4 metal5
Cut Spacing          0      0      2      0      0      0
Metal Spacing        0     41      0      6      1      1
Recheck              2     85      0     57      6      2
Short                0    284      0     38      0      0
[INFO DRT-0267] cpu time = 00:01:01, elapsed time = 00:00:34, memory = 969.02 (MB), peak = 968.51 (MB)
Total wire length = 38745 um.
Total wire length on LAYER metal1 = 0 um.
Total wire length on LAYER metal2 = 14169 um.
Total wire length on LAYER metal3 = 16449 um.
Total wire length on LAYER metal4 = 4268 um.
Total wire length on LAYER metal5 = 2674 um.
Total wire length on LAYER metal6 = 1183 um.
Total wire length on LAYER metal7 = 0 um.
Total wire length on LAYER metal8 = 0 um.
Total wire length on LAYER metal9 = 0 um.
Total wire length on LAYER metal10 = 0 um.
Total number of vias = 18342.
Up-via summary (total 18342):

----------------
 active        0
 metal1     8178
 metal2     8622
 metal3      985
 metal4      414
 metal5      143
 metal6        0
 metal7        0
 metal8        0
 metal9        0
----------------
       18342


[INFO DRT-0195] Start 1st optimization iteration.
    Completing 10% with 525 violations.
    elapsed time = 00:00:00, memory = 969.08 (MB).
    Completing 20% with 525 violations.
    elapsed time = 00:00:04, memory = 988.66 (MB).
    Completing 30% with 471 violations.
    elapsed time = 00:00:05, memory = 988.66 (MB).
    Completing 40% with 471 violations.
    elapsed time = 00:00:08, memory = 991.24 (MB).
    Completing 50% with 471 violations.
    elapsed time = 00:00:12, memory = 996.22 (MB).
    Completing 60% with 359 violations.
    elapsed time = 00:00:14, memory = 996.22 (MB).
    Completing 70% with 359 violations.
    elapsed time = 00:00:17, memory = 996.22 (MB).
    Completing 80% with 221 violations.
    elapsed time = 00:00:21, memory = 1021.45 (MB).
    Completing 90% with 221 violations.
    elapsed time = 00:00:25, memory = 1021.45 (MB).
    Completing 100% with 130 violations.
    elapsed time = 00:00:26, memory = 996.29 (MB).
[INFO DRT-0199]   Number of violations = 130.
Viol/Layer      metal2 metal3
Metal Spacing       28      3
Short               91      8
[INFO DRT-0267] cpu time = 00:00:54, elapsed time = 00:00:26, memory = 999.29 (MB), peak = 1021.02 (MB)
Total wire length = 38406 um.
Total wire length on LAYER metal1 = 0 um.
Total wire length on LAYER metal2 = 14004 um.
Total wire length on LAYER metal3 = 16342 um.
Total wire length on LAYER metal4 = 4255 um.
Total wire length on LAYER metal5 = 2649 um.
Total wire length on LAYER metal6 = 1156 um.
Total wire length on LAYER metal7 = 0 um.
Total wire length on LAYER metal8 = 0 um.
Total wire length on LAYER metal9 = 0 um.
Total wire length on LAYER metal10 = 0 um.
Total number of vias = 18233.
Up-via summary (total 18233):

----------------
 active        0
 metal1     8180
 metal2     8529
 metal3      982
 metal4      407
 metal5      135
 metal6        0
 metal7        0
 metal8        0
 metal9        0
----------------
       18233


[INFO DRT-0195] Start 2nd optimization iteration.
    Completing 10% with 130 violations.
    elapsed time = 00:00:00, memory = 999.29 (MB).
    Completing 20% with 130 violations.
    elapsed time = 00:00:03, memory = 999.96 (MB).
    Completing 30% with 117 violations.
    elapsed time = 00:00:05, memory = 999.96 (MB).
    Completing 40% with 117 violations.
    elapsed time = 00:00:06, memory = 999.96 (MB).
    Completing 50% with 117 violations.
    elapsed time = 00:00:13, memory = 1000.89 (MB).
    Completing 60% with 121 violations.
    elapsed time = 00:00:16, memory = 1000.89 (MB).
    Completing 70% with 121 violations.
    elapsed time = 00:00:18, memory = 1000.89 (MB).
    Completing 80% with 109 violations.
    elapsed time = 00:00:20, memory = 1000.89 (MB).
    Completing 90% with 109 violations.
    elapsed time = 00:00:20, memory = 1000.89 (MB).
    Completing 100% with 121 violations.
    elapsed time = 00:00:28, memory = 1000.89 (MB).
[INFO DRT-0199]   Number of violations = 121.
Viol/Layer      metal2 metal3
Metal Spacing       18      1
Short               96      6
[INFO DRT-0267] cpu time = 00:00:46, elapsed time = 00:00:28, memory = 1000.89 (MB), peak = 1021.02 (MB)
Total wire length = 38360 um.
Total wire length on LAYER metal1 = 0 um.
Total wire length on LAYER metal2 = 13973 um.
Total wire length on LAYER metal3 = 16366 um.
Total wire length on LAYER metal4 = 4211 um.
Total wire length on LAYER metal5 = 2660 um.
Total wire length on LAYER metal6 = 1148 um.
Total wire length on LAYER metal7 = 0 um.
Total wire length on LAYER metal8 = 0 um.
Total wire length on LAYER metal9 = 0 um.
Total wire length on LAYER metal10 = 0 um.
Total number of vias = 18160.
Up-via summary (total 18160):

----------------
 active        0
 metal1     8183
 metal2     8462
 metal3      972
 metal4      409
 metal5      134
 metal6        0
 metal7        0
 metal8        0
 metal9        0
----------------
       18160


[INFO DRT-0195] Start 3rd optimization iteration.
    Completing 10% with 121 violations.
    elapsed time = 00:00:00, memory = 1000.89 (MB).
    Completing 20% with 121 violations.
    elapsed time = 00:00:02, memory = 1000.89 (MB).
    Completing 30% with 82 violations.
    elapsed time = 00:00:03, memory = 1017.96 (MB).
    Completing 40% with 82 violations.
    elapsed time = 00:00:03, memory = 1017.96 (MB).
    Completing 50% with 82 violations.
    elapsed time = 00:00:05, memory = 1000.89 (MB).
    Completing 60% with 63 violations.
    elapsed time = 00:00:05, memory = 1000.89 (MB).
    Completing 70% with 63 violations.
    elapsed time = 00:00:07, memory = 1000.97 (MB).
    Completing 80% with 29 violations.
    elapsed time = 00:00:09, memory = 1000.97 (MB).
    Completing 90% with 29 violations.
    elapsed time = 00:00:09, memory = 1000.97 (MB).
    Completing 100% with 2 violations.
    elapsed time = 00:00:10, memory = 1000.97 (MB).
[INFO DRT-0199]   Number of violations = 2.
Viol/Layer      metal2
Short                2
[INFO DRT-0267] cpu time = 00:00:19, elapsed time = 00:00:10, memory = 1000.97 (MB), peak = 1027.39 (MB)
Total wire length = 38377 um.
Total wire length on LAYER metal1 = 0 um.
Total wire length on LAYER metal2 = 13843 um.
Total wire length on LAYER metal3 = 16421 um.
Total wire length on LAYER metal4 = 4291 um.
Total wire length on LAYER metal5 = 2669 um.
Total wire length on LAYER metal6 = 1151 um.
Total wire length on LAYER metal7 = 0 um.
Total wire length on LAYER metal8 = 0 um.
Total wire length on LAYER metal9 = 0 um.
Total wire length on LAYER metal10 = 0 um.
Total number of vias = 18295.
Up-via summary (total 18295):

----------------
 active        0
 metal1     8183
 metal2     8562
 metal3     1005
 metal4      410
 metal5      135
 metal6        0
 metal7        0
 metal8        0
 metal9        0
----------------
       18295


[INFO DRT-0195] Start 4th guides tiles iteration.
    Completing 50% with 2 violations.
    elapsed time = 00:00:00, memory = 1000.97 (MB).
    Completing 100% with 0 violations.
    elapsed time = 00:00:00, memory = 1000.97 (MB).
[INFO DRT-0199]   Number of violations = 0.
[INFO DRT-0267] cpu time = 00:00:00, elapsed time = 00:00:00, memory = 1000.97 (MB), peak = 1027.39 (MB)
Total wire length = 38377 um.
Total wire length on LAYER metal1 = 0 um.
Total wire length on LAYER metal2 = 13843 um.
Total wire length on LAYER metal3 = 16421 um.
Total wire length on LAYER metal4 = 4291 um.
Total wire length on LAYER metal5 = 2669 um.
Total wire length on LAYER metal6 = 1151 um.
Total wire length on LAYER metal7 = 0 um.
Total wire length on LAYER metal8 = 0 um.
Total wire length on LAYER metal9 = 0 um.
Total wire length on LAYER metal10 = 0 um.
Total number of vias = 18295.
Up-via summary (total 18295):

----------------
 active        0
 metal1     8183
 metal2     8562
 metal3     1005
 metal4      410
 metal5      135
 metal6        0
 metal7        0
 metal8        0
 metal9        0
----------------
       18295


[INFO DRT-0198] Complete detail routing.
Total wire length = 38377 um.
Total wire length on LAYER metal1 = 0 um.
Total wire length on LAYER metal2 = 13843 um.
Total wire length on LAYER metal3 = 16421 um.
Total wire length on LAYER metal4 = 4291 um.
Total wire length on LAYER metal5 = 2669 um.
Total wire length on LAYER metal6 = 1151 um.
Total wire length on LAYER metal7 = 0 um.
Total wire length on LAYER metal8 = 0 um.
Total wire length on LAYER metal9 = 0 um.
Total wire length on LAYER metal10 = 0 um.
Total number of vias = 18295.
Up-via summary (total 18295):

----------------
 active        0
 metal1     8183
 metal2     8562
 metal3     1005
 metal4      410
 metal5      135
 metal6        0
 metal7        0
 metal8        0
 metal9        0
----------------
       18295


[INFO DRT-0267] cpu time = 00:03:02, elapsed time = 00:01:40, memory = 1001.04 (MB), peak = 1027.39 (MB)

[INFO DRT-0180] Post processing.
Took 118 seconds: detailed_route -output_drc /mnt/c/Users/Abhinav/OneDrive/Desktop/PACT/PACT/results/phase2c_repair_multiseed/raw/orfs/reports/nangate45/s9234f/phase2c_s13_2845cbdad80d/5_route_drc.rpt -output_maze /mnt/c/Users/Abhinav/OneDrive/Desktop/PACT/PACT/results/phase2c_repair_multiseed/raw/orfs/results/nangate45/s9234f/phase2c_s13_2845cbdad80d/maze.log -droute_end_iter 64 -verbose 1 -drc_report_iter_step 5
[WARNING GRT-0246] No diode with LEF class CORE ANTENNACELL found.
[INFO ANT-0002] Found 0 net violations.
[INFO ANT-0001] Found 0 pin violations.
[INFO ANT-0002] Found 0 net violations.
[INFO ANT-0001] Found 0 pin violations.
Design area 3636 um^2 36% utilization.
write_db /mnt/c/Users/Abhinav/OneDrive/Desktop/PACT/PACT/results/phase2c_repair_multiseed/raw/orfs/results/nangate45/s9234f/phase2c_s13_2845cbdad80d/5_2_route.odb
Elapsed time: 2:02.45[h:]min:sec. CPU time: user 214.83 sys 6.15 (180%). Peak memory: 1052048KB.
Log                       Ext     Elapsed/s Peak Memory/MB sha1sum result [0:20)
5_2_route                 .odb          122           1027 c4b5b9b61c7b5ff79429
