-- The C compiler identification is GNU 13.3.0
-- The CXX compiler identification is GNU 13.3.0
-- Detecting C compiler ABI info
-- Detecting C compiler ABI info - done
-- Check for working C compiler: /usr/bin/cc - skipped
-- Detecting C compile features
-- Detecting C compile features - done
-- Detecting CXX compiler ABI info
-- Detecting CXX compiler ABI info - done
-- Check for working CXX compiler: /usr/bin/c++ - skipped
-- Detecting CXX compile features
-- Detecting CXX compile features - done
-- OpenROAD version: 6fff875551fe13a2aae3a22f871a6ca7f8d5c1cf
-- System name: Linux
-- Compiler: GNU 13.3.0
-- Build type: Release
-- Install prefix: /mnt/d/PACT_EXPERIMENTS/tmp/pact_oss_20261003/B2_openroad_10176/install
-- C++ Standard: 20
-- C++ Standard Required: ON
-- C++ Extensions: OFF
-- LTO/IPO is disabled
-- Performing Test C_COMPILER_SUPPORTS__-Wno-array-bounds
-- Performing Test C_COMPILER_SUPPORTS__-Wno-array-bounds - Success
-- Performing Test CXX_COMPILER_SUPPORTS__-Wno-array-bounds
-- Performing Test CXX_COMPILER_SUPPORTS__-Wno-array-bounds - Success
-- Performing Test C_COMPILER_SUPPORTS__-Wno-nonnull
-- Performing Test C_COMPILER_SUPPORTS__-Wno-nonnull - Success
-- Performing Test CXX_COMPILER_SUPPORTS__-Wno-nonnull
-- Performing Test CXX_COMPILER_SUPPORTS__-Wno-nonnull - Success
-- Performing Test C_COMPILER_SUPPORTS__-Wno-maybe-uninitialized
-- Performing Test C_COMPILER_SUPPORTS__-Wno-maybe-uninitialized - Success
-- Performing Test CXX_COMPILER_SUPPORTS__-Wno-maybe-uninitialized
-- Performing Test CXX_COMPILER_SUPPORTS__-Wno-maybe-uninitialized - Success
-- Performing Test C_COMPILER_SUPPORTS__-Wno-format-overflow
-- Performing Test C_COMPILER_SUPPORTS__-Wno-format-overflow - Success
-- Performing Test CXX_COMPILER_SUPPORTS__-Wno-format-overflow
-- Performing Test CXX_COMPILER_SUPPORTS__-Wno-format-overflow - Success
-- Performing Test C_COMPILER_SUPPORTS__-Wno-unused-variable
-- Performing Test C_COMPILER_SUPPORTS__-Wno-unused-variable - Success
-- Performing Test CXX_COMPILER_SUPPORTS__-Wno-unused-variable
-- Performing Test CXX_COMPILER_SUPPORTS__-Wno-unused-variable - Success
-- Performing Test C_COMPILER_SUPPORTS__-Wno-unused-function
-- Performing Test C_COMPILER_SUPPORTS__-Wno-unused-function - Success
-- Performing Test CXX_COMPILER_SUPPORTS__-Wno-unused-function
-- Performing Test CXX_COMPILER_SUPPORTS__-Wno-unused-function - Success
-- Performing Test C_COMPILER_SUPPORTS__-Wno-write-strings
-- Performing Test C_COMPILER_SUPPORTS__-Wno-write-strings - Success
-- Performing Test CXX_COMPILER_SUPPORTS__-Wno-write-strings
-- Performing Test CXX_COMPILER_SUPPORTS__-Wno-write-strings - Success
-- Performing Test C_COMPILER_SUPPORTS__-Wno-sign-compare
-- Performing Test C_COMPILER_SUPPORTS__-Wno-sign-compare - Success
-- Performing Test CXX_COMPILER_SUPPORTS__-Wno-sign-compare
-- Performing Test CXX_COMPILER_SUPPORTS__-Wno-sign-compare - Success
-- Performing Test C_COMPILER_SUPPORTS__-Wno-deprecated
-- Performing Test C_COMPILER_SUPPORTS__-Wno-deprecated - Success
-- Performing Test CXX_COMPILER_SUPPORTS__-Wno-deprecated
-- Performing Test CXX_COMPILER_SUPPORTS__-Wno-deprecated - Success
-- Performing Test C_COMPILER_SUPPORTS__-Wno-c++11-narrowing
-- Performing Test C_COMPILER_SUPPORTS__-Wno-c++11-narrowing - Failed
-- Performing Test CXX_COMPILER_SUPPORTS__-Wno-c++11-narrowing
-- Performing Test CXX_COMPILER_SUPPORTS__-Wno-c++11-narrowing - Failed
-- Performing Test C_COMPILER_SUPPORTS__-Wno-register
-- Performing Test C_COMPILER_SUPPORTS__-Wno-register - Failed
-- Performing Test CXX_COMPILER_SUPPORTS__-Wno-register
-- Performing Test CXX_COMPILER_SUPPORTS__-Wno-register - Success
-- Performing Test C_COMPILER_SUPPORTS__-Wno-format
-- Performing Test C_COMPILER_SUPPORTS__-Wno-format - Success
-- Performing Test CXX_COMPILER_SUPPORTS__-Wno-format
-- Performing Test CXX_COMPILER_SUPPORTS__-Wno-format - Success
-- Performing Test C_COMPILER_SUPPORTS__-Wno-reserved-user-defined-literal
-- Performing Test C_COMPILER_SUPPORTS__-Wno-reserved-user-defined-literal - Failed
-- Performing Test CXX_COMPILER_SUPPORTS__-Wno-reserved-user-defined-literal
-- Performing Test CXX_COMPILER_SUPPORTS__-Wno-reserved-user-defined-literal - Failed
-- Performing Test C_COMPILER_SUPPORTS__-Wno-alloc-size-larger-than
-- Performing Test C_COMPILER_SUPPORTS__-Wno-alloc-size-larger-than - Success
-- Performing Test CXX_COMPILER_SUPPORTS__-Wno-alloc-size-larger-than
-- Performing Test CXX_COMPILER_SUPPORTS__-Wno-alloc-size-larger-than - Success
-- Performing Test C_COMPILER_SUPPORTS__-Wno-attributes
-- Performing Test C_COMPILER_SUPPORTS__-Wno-attributes - Success
-- Performing Test CXX_COMPILER_SUPPORTS__-Wno-attributes
-- Performing Test CXX_COMPILER_SUPPORTS__-Wno-attributes - Success
-- Performing Test C_COMPILER_SUPPORTS__-Wno-aggressive-loop-optimizations
-- Performing Test C_COMPILER_SUPPORTS__-Wno-aggressive-loop-optimizations - Success
-- Performing Test CXX_COMPILER_SUPPORTS__-Wno-aggressive-loop-optimizations
-- Performing Test CXX_COMPILER_SUPPORTS__-Wno-aggressive-loop-optimizations - Success
-- Performing Test C_COMPILER_SUPPORTS__-Wno-stringop-overflow
-- Performing Test C_COMPILER_SUPPORTS__-Wno-stringop-overflow - Success
-- Performing Test CXX_COMPILER_SUPPORTS__-Wno-stringop-overflow
-- Performing Test CXX_COMPILER_SUPPORTS__-Wno-stringop-overflow - Success
-- Performing Test C_COMPILER_SUPPORTS__-Wno-changes-meaning
-- Performing Test C_COMPILER_SUPPORTS__-Wno-changes-meaning - Failed
-- Performing Test CXX_COMPILER_SUPPORTS__-Wno-changes-meaning
-- Performing Test CXX_COMPILER_SUPPORTS__-Wno-changes-meaning - Success
-- Performing Test C_COMPILER_SUPPORTS__-fpermissive
-- Performing Test C_COMPILER_SUPPORTS__-fpermissive - Failed
-- Performing Test CXX_COMPILER_SUPPORTS__-fpermissive
-- Performing Test CXX_COMPILER_SUPPORTS__-fpermissive - Success
-- Performing Test C_COMPILER_SUPPORTS__-x
-- Performing Test C_COMPILER_SUPPORTS__-x - Failed
-- Performing Test CXX_COMPILER_SUPPORTS__-x
-- Performing Test CXX_COMPILER_SUPPORTS__-x - Failed
-- Performing Test C_COMPILER_SUPPORTS__c++
-- Performing Test C_COMPILER_SUPPORTS__c++ - Failed
-- Performing Test CXX_COMPILER_SUPPORTS__c++
-- Performing Test CXX_COMPILER_SUPPORTS__c++ - Failed
-- Performing Test C_COMPILER_SUPPORTS__-std=c++17
-- Performing Test C_COMPILER_SUPPORTS__-std=c++17 - Failed
-- Performing Test CXX_COMPILER_SUPPORTS__-std=c++17
-- Performing Test CXX_COMPILER_SUPPORTS__-std=c++17 - Success
-- Performing Test C_COMPILER_SUPPORTS__-fno-exceptions
-- Performing Test C_COMPILER_SUPPORTS__-fno-exceptions - Success
-- Performing Test CXX_COMPILER_SUPPORTS__-fno-exceptions
-- Performing Test CXX_COMPILER_SUPPORTS__-fno-exceptions - Success
-- Performing Test C_COMPILER_SUPPORTS__-Wno-unused-but-set-variable
-- Performing Test C_COMPILER_SUPPORTS__-Wno-unused-but-set-variable - Success
-- Performing Test CXX_COMPILER_SUPPORTS__-Wno-unused-but-set-variable
-- Performing Test CXX_COMPILER_SUPPORTS__-Wno-unused-but-set-variable - Success
-- slang version: 10.0.0+0
-- Found Python: /usr/bin/python3 (found version "3.12.3") found components: Interpreter 
-- Build STATIC library as: svlang
-- {fmt} version: 12.1.0
-- Build type: Release
-- Using remote fmt library
-- Using vendored boost_unordered header
-- Performing Test CMAKE_HAVE_LIBC_PTHREAD
-- Performing Test CMAKE_HAVE_LIBC_PTHREAD - Success
-- Found Threads: TRUE  
-- Performing Test COMPILER_HAS_HIDDEN_VISIBILITY
-- Performing Test COMPILER_HAS_HIDDEN_VISIBILITY - Success
-- Performing Test COMPILER_HAS_HIDDEN_INLINE_VISIBILITY
-- Performing Test COMPILER_HAS_HIDDEN_INLINE_VISIBILITY - Success
-- Performing Test COMPILER_HAS_DEPRECATED_ATTR
-- Performing Test COMPILER_HAS_DEPRECATED_ATTR - Success
fatal: not a git repository (or any parent up to mount point /mnt)
Stopping at filesystem boundary (GIT_DISCOVERY_ACROSS_FILESYSTEM not set).
CMake Warning at third-party/slang-elab/cmake/GitRevision.cmake:15 (message):
  Command "git -C
  /mnt/d/PACT_EXPERIMENTS/tmp/pact_oss_20261003/B2_openroad_10176/build_source/third-party/slang-elab
  rev-parse HEAD" failed; VCS information will be unavailable
Call Stack (most recent call first):
  third-party/slang-elab/src/CMakeLists.txt:6 (git_rev_parse)


-- Got YOSYS_SLANG_REVISION: UNKNOWN
fatal: not a git repository (or any parent up to mount point /mnt)
Stopping at filesystem boundary (GIT_DISCOVERY_ACROSS_FILESYSTEM not set).
CMake Warning at third-party/slang-elab/cmake/GitRevision.cmake:15 (message):
  Command "git -C
  /mnt/d/PACT_EXPERIMENTS/tmp/pact_oss_20261003/B2_openroad_10176/build_source/third-party/slang-elab/third_party/slang
  rev-parse HEAD" failed; VCS information will be unavailable
Call Stack (most recent call first):
  third-party/slang-elab/src/CMakeLists.txt:7 (git_rev_parse)


-- Got SLANG_REVISION: UNKNOWN
-- TCL library: /usr/lib/x86_64-linux-gnu/libtcl8.6.so
-- TCL header: TCL_HEADER-NOTFOUND
CMake Error at /usr/share/cmake-3.28/Modules/FindPackageHandleStandardArgs.cmake:230 (message):
  Could NOT find SWIG (missing: SWIG_EXECUTABLE SWIG_DIR) (Required is at
  least version "4.3")
Call Stack (most recent call first):
  /usr/share/cmake-3.28/Modules/FindPackageHandleStandardArgs.cmake:600 (_FPHSA_FAILURE_MESSAGE)
  /usr/share/cmake-3.28/Modules/FindSWIG.cmake:153 (find_package_handle_standard_args)
  src/CMakeLists.txt:124 (find_package)


-- Configuring incomplete, errors occurred!
